2025-12-28 19:58:06 INFO  === START tests.pScore_shouldMatchExpected.pScore_shouldMatchExpectedFor_11111111[Exp#1 [f1=1, f2=1, f3=1, f4=1, f5=1, f6=1, f7=1, f8=1]] ===
2025-12-28 19:58:23 ERROR === FAIL  tests.pScore_shouldMatchExpected.pScore_shouldMatchExpectedFor_11111111[Exp#1 [f1=1, f2=1, f3=1, f4=1, f5=1, f6=1, f7=1, f8=1]] ===
org.openqa.selenium.TimeoutException: Expected condition failed: waiting for element to be clickable: By.id: dropdown-f1 (tried for 10 second(s) with 500 milliseconds interval)
Build info: version: '4.39.0', revision: '126f156aee'
System info: os.name: 'Windows 11', os.arch: 'amd64', os.version: '10.0', java.version: '23.0.1'
Driver info: org.openqa.selenium.chrome.ChromeDriver
Capabilities {acceptInsecureCerts: false, browserName: chrome, browserVersion: 143.0.7499.170, chrome: {chromedriverVersion: 143.0.7499.169 (164b20aab62..., userDataDir: C:\Users\igor1\AppData\Loca...}, fedcm:accounts: true, goog:chromeOptions: {debuggerAddress: localhost:58168}, goog:processID: 22884, networkConnectionEnabled: false, pageLoadStrategy: normal, platformName: windows, proxy: Proxy(), se:cdp: ws://localhost:58168/devtoo..., se:cdpVersion: 143.0.7499.170, setWindowRect: true, strictFileInteractability: false, timeouts: {implicit: 0, pageLoad: 300000, script: 30000}, unhandledPromptBehavior: dismiss and notify, webauthn:extension:credBlob: true, webauthn:extension:largeBlob: true, webauthn:extension:minPinLength: true, webauthn:extension:prf: true, webauthn:virtualAuthenticators: true}
Session ID: efb33ace3b410cc31d7e7100a37abe2f
	at org.openqa.selenium.support.ui.WebDriverWait.timeoutException(WebDriverWait.java:84) ~[selenium-support-4.39.0.jar:?]
	at org.openqa.selenium.support.ui.FluentWait.until(FluentWait.java:228) ~[selenium-support-4.39.0.jar:?]
	at pages.GiftFormPage.selectLevel(GiftFormPage.java:54) ~[test-classes/:?]
	at pages.GiftFormPage.fillAll(GiftFormPage.java:66) ~[test-classes/:?]
	at tests.BaseTest.goToResults(BaseTest.java:59) ~[test-classes/:?]
	at tests.pScore_shouldMatchExpected.pScore_shouldMatchExpectedFor_11111111(pScore_shouldMatchExpected.java:29) ~[test-classes/:?]
	at jdk.internal.reflect.DirectMethodHandleAccessor.invoke(DirectMethodHandleAccessor.java:103) ~[?:?]
	at java.lang.reflect.Method.invoke(Method.java:580) ~[?:?]
	at org.junit.runners.model.FrameworkMethod$1.runReflectiveCall(FrameworkMethod.java:59) ~[junit-4.13.jar:4.13]
	at org.junit.internal.runners.model.ReflectiveCallable.run(ReflectiveCallable.java:12) ~[junit-4.13.jar:4.13]
	at org.junit.runners.model.FrameworkMethod.invokeExplosively(FrameworkMethod.java:56) ~[junit-4.13.jar:4.13]
	at org.junit.internal.runners.statements.InvokeMethod.evaluate(InvokeMethod.java:17) ~[junit-4.13.jar:4.13]
	at org.junit.internal.runners.statements.RunBefores.evaluate(RunBefores.java:26) ~[junit-4.13.jar:4.13]
	at org.junit.internal.runners.statements.RunAfters.evaluate(RunAfters.java:27) ~[junit-4.13.jar:4.13]
	at org.junit.rules.TestWatcher$1.evaluate(TestWatcher.java:61) [junit-4.13.jar:4.13]
	at org.junit.runners.ParentRunner$3.evaluate(ParentRunner.java:306) [junit-4.13.jar:4.13]
	at org.junit.runners.BlockJUnit4ClassRunner$1.evaluate(BlockJUnit4ClassRunner.java:100) [junit-4.13.jar:4.13]
	at org.junit.runners.ParentRunner.runLeaf(ParentRunner.java:366) [junit-4.13.jar:4.13]
	at org.junit.runners.BlockJUnit4ClassRunner.runChild(BlockJUnit4ClassRunner.java:103) [junit-4.13.jar:4.13]
	at org.junit.runners.BlockJUnit4ClassRunner.runChild(BlockJUnit4ClassRunner.java:63) [junit-4.13.jar:4.13]
	at org.junit.runners.ParentRunner$4.run(ParentRunner.java:331) [junit-4.13.jar:4.13]
	at org.junit.runners.ParentRunner$1.schedule(ParentRunner.java:79) [junit-4.13.jar:4.13]
	at org.junit.runners.ParentRunner.runChildren(ParentRunner.java:329) [junit-4.13.jar:4.13]
	at org.junit.runners.ParentRunner.access$100(ParentRunner.java:66) [junit-4.13.jar:4.13]
	at org.junit.runners.ParentRunner$2.evaluate(ParentRunner.java:293) [junit-4.13.jar:4.13]
	at org.junit.runners.ParentRunner.run(ParentRunner.java:413) [junit-4.13.jar:4.13]
	at org.junit.runners.Suite.runChild(Suite.java:128) [junit-4.13.jar:4.13]
	at org.junit.runners.Suite.runChild(Suite.java:27) [junit-4.13.jar:4.13]
	at org.junit.runners.ParentRunner$4.run(ParentRunner.java:331) [junit-4.13.jar:4.13]
	at org.junit.runners.ParentRunner$1.schedule(ParentRunner.java:79) [junit-4.13.jar:4.13]
	at org.junit.runners.ParentRunner.runChildren(ParentRunner.java:329) [junit-4.13.jar:4.13]
	at org.junit.runners.ParentRunner.access$100(ParentRunner.java:66) [junit-4.13.jar:4.13]
	at org.junit.runners.ParentRunner$2.evaluate(ParentRunner.java:293) [junit-4.13.jar:4.13]
	at org.junit.runners.ParentRunner$3.evaluate(ParentRunner.java:306) [junit-4.13.jar:4.13]
	at org.junit.runners.ParentRunner.run(ParentRunner.java:413) [junit-4.13.jar:4.13]
	at org.eclipse.jdt.internal.junit4.runner.JUnit4TestReference.run(JUnit4TestReference.java:93) [.cp/:?]
	at org.eclipse.jdt.internal.junit.runner.TestExecution.run(TestExecution.java:40) [.cp/:?]
	at org.eclipse.jdt.internal.junit.runner.RemoteTestRunner.runTests(RemoteTestRunner.java:530) [.cp/:?]
	at org.eclipse.jdt.internal.junit.runner.RemoteTestRunner.runTests(RemoteTestRunner.java:758) [.cp/:?]
	at org.eclipse.jdt.internal.junit.runner.RemoteTestRunner.run(RemoteTestRunner.java:453) [.cp/:?]
	at org.eclipse.jdt.internal.junit.runner.RemoteTestRunner.main(RemoteTestRunner.java:211) [.cp/:?]
2025-12-28 19:58:23 INFO  === END   tests.pScore_shouldMatchExpected.pScore_shouldMatchExpectedFor_11111111[Exp#1 [f1=1, f2=1, f3=1, f4=1, f5=1, f6=1, f7=1, f8=1]] ===
2025-12-28 19:58:23 INFO  === START tests.pScore_shouldMatchExpected.pScore_shouldMatchExpectedFor_11111111[Exp#2 [f1=1, f2=1, f3=2, f4=2, f5=2, f6=2, f7=2, f8=2]] ===
2025-12-28 19:58:38 ERROR === FAIL  tests.pScore_shouldMatchExpected.pScore_shouldMatchExpectedFor_11111111[Exp#2 [f1=1, f2=1, f3=2, f4=2, f5=2, f6=2, f7=2, f8=2]] ===
org.openqa.selenium.TimeoutException: Expected condition failed: waiting for element to be clickable: By.id: dropdown-f1 (tried for 10 second(s) with 500 milliseconds interval)
Build info: version: '4.39.0', revision: '126f156aee'
System info: os.name: 'Windows 11', os.arch: 'amd64', os.version: '10.0', java.version: '23.0.1'
Driver info: org.openqa.selenium.chrome.ChromeDriver
Capabilities {acceptInsecureCerts: false, browserName: chrome, browserVersion: 143.0.7499.170, chrome: {chromedriverVersion: 143.0.7499.169 (164b20aab62..., userDataDir: C:\Users\igor1\AppData\Loca...}, fedcm:accounts: true, goog:chromeOptions: {debuggerAddress: localhost:59871}, goog:processID: 28652, networkConnectionEnabled: false, pageLoadStrategy: normal, platformName: windows, proxy: Proxy(), se:cdp: ws://localhost:59871/devtoo..., se:cdpVersion: 143.0.7499.170, setWindowRect: true, strictFileInteractability: false, timeouts: {implicit: 0, pageLoad: 300000, script: 30000}, unhandledPromptBehavior: dismiss and notify, webauthn:extension:credBlob: true, webauthn:extension:largeBlob: true, webauthn:extension:minPinLength: true, webauthn:extension:prf: true, webauthn:virtualAuthenticators: true}
Session ID: 3ac6db407ed16259fcfc6e22189450b8
	at org.openqa.selenium.support.ui.WebDriverWait.timeoutException(WebDriverWait.java:84) ~[selenium-support-4.39.0.jar:?]
	at org.openqa.selenium.support.ui.FluentWait.until(FluentWait.java:228) ~[selenium-support-4.39.0.jar:?]
	at pages.GiftFormPage.selectLevel(GiftFormPage.java:54) ~[test-classes/:?]
	at pages.GiftFormPage.fillAll(GiftFormPage.java:66) ~[test-classes/:?]
	at tests.BaseTest.goToResults(BaseTest.java:59) ~[test-classes/:?]
	at tests.pScore_shouldMatchExpected.pScore_shouldMatchExpectedFor_11111111(pScore_shouldMatchExpected.java:29) ~[test-classes/:?]
	at jdk.internal.reflect.DirectMethodHandleAccessor.invoke(DirectMethodHandleAccessor.java:103) ~[?:?]
	at java.lang.reflect.Method.invoke(Method.java:580) ~[?:?]
	at org.junit.runners.model.FrameworkMethod$1.runReflectiveCall(FrameworkMethod.java:59) ~[junit-4.13.jar:4.13]
	at org.junit.internal.runners.model.ReflectiveCallable.run(ReflectiveCallable.java:12) ~[junit-4.13.jar:4.13]
	at org.junit.runners.model.FrameworkMethod.invokeExplosively(FrameworkMethod.java:56) ~[junit-4.13.jar:4.13]
	at org.junit.internal.runners.statements.InvokeMethod.evaluate(InvokeMethod.java:17) ~[junit-4.13.jar:4.13]
	at org.junit.internal.runners.statements.RunBefores.evaluate(RunBefores.java:26) ~[junit-4.13.jar:4.13]
	at org.junit.internal.runners.statements.RunAfters.evaluate(RunAfters.java:27) ~[junit-4.13.jar:4.13]
	at org.junit.rules.TestWatcher$1.evaluate(TestWatcher.java:61) [junit-4.13.jar:4.13]
	at org.junit.runners.ParentRunner$3.evaluate(ParentRunner.java:306) [junit-4.13.jar:4.13]
	at org.junit.runners.BlockJUnit4ClassRunner$1.evaluate(BlockJUnit4ClassRunner.java:100) [junit-4.13.jar:4.13]
	at org.junit.runners.ParentRunner.runLeaf(ParentRunner.java:366) [junit-4.13.jar:4.13]
	at org.junit.runners.BlockJUnit4ClassRunner.runChild(BlockJUnit4ClassRunner.java:103) [junit-4.13.jar:4.13]
	at org.junit.runners.BlockJUnit4ClassRunner.runChild(BlockJUnit4ClassRunner.java:63) [junit-4.13.jar:4.13]
	at org.junit.runners.ParentRunner$4.run(ParentRunner.java:331) [junit-4.13.jar:4.13]
	at org.junit.runners.ParentRunner$1.schedule(ParentRunner.java:79) [junit-4.13.jar:4.13]
	at org.junit.runners.ParentRunner.runChildren(ParentRunner.java:329) [junit-4.13.jar:4.13]
	at org.junit.runners.ParentRunner.access$100(ParentRunner.java:66) [junit-4.13.jar:4.13]
	at org.junit.runners.ParentRunner$2.evaluate(ParentRunner.java:293) [junit-4.13.jar:4.13]
	at org.junit.runners.ParentRunner.run(ParentRunner.java:413) [junit-4.13.jar:4.13]
	at org.junit.runners.Suite.runChild(Suite.java:128) [junit-4.13.jar:4.13]
	at org.junit.runners.Suite.runChild(Suite.java:27) [junit-4.13.jar:4.13]
	at org.junit.runners.ParentRunner$4.run(ParentRunner.java:331) [junit-4.13.jar:4.13]
	at org.junit.runners.ParentRunner$1.schedule(ParentRunner.java:79) [junit-4.13.jar:4.13]
	at org.junit.runners.ParentRunner.runChildren(ParentRunner.java:329) [junit-4.13.jar:4.13]
	at org.junit.runners.ParentRunner.access$100(ParentRunner.java:66) [junit-4.13.jar:4.13]
	at org.junit.runners.ParentRunner$2.evaluate(ParentRunner.java:293) [junit-4.13.jar:4.13]
	at org.junit.runners.ParentRunner$3.evaluate(ParentRunner.java:306) [junit-4.13.jar:4.13]
	at org.junit.runners.ParentRunner.run(ParentRunner.java:413) [junit-4.13.jar:4.13]
	at org.eclipse.jdt.internal.junit4.runner.JUnit4TestReference.run(JUnit4TestReference.java:93) [.cp/:?]
	at org.eclipse.jdt.internal.junit.runner.TestExecution.run(TestExecution.java:40) [.cp/:?]
	at org.eclipse.jdt.internal.junit.runner.RemoteTestRunner.runTests(RemoteTestRunner.java:530) [.cp/:?]
	at org.eclipse.jdt.internal.junit.runner.RemoteTestRunner.runTests(RemoteTestRunner.java:758) [.cp/:?]
	at org.eclipse.jdt.internal.junit.runner.RemoteTestRunner.run(RemoteTestRunner.java:453) [.cp/:?]
	at org.eclipse.jdt.internal.junit.runner.RemoteTestRunner.main(RemoteTestRunner.java:211) [.cp/:?]
2025-12-28 19:58:38 INFO  === END   tests.pScore_shouldMatchExpected.pScore_shouldMatchExpectedFor_11111111[Exp#2 [f1=1, f2=1, f3=2, f4=2, f5=2, f6=2, f7=2, f8=2]] ===
2025-12-28 19:58:38 INFO  === START tests.pScore_shouldMatchExpected.pScore_shouldMatchExpectedFor_11111111[Exp#3 [f1=1, f2=1, f3=3, f4=3, f5=3, f6=3, f7=3, f8=3]] ===
2025-12-28 19:58:41 ERROR === FAIL  tests.pScore_shouldMatchExpected.pScore_shouldMatchExpectedFor_11111111[Exp#3 [f1=1, f2=1, f3=3, f4=3, f5=3, f6=3, f7=3, f8=3]] ===
org.openqa.selenium.NoSuchSessionException: invalid session id: session deleted as the browser has closed the connection
from disconnected: not connected to DevTools
  (Session info: chrome=143.0.7499.170)
Build info: version: '4.39.0', revision: '126f156aee'
System info: os.name: 'Windows 11', os.arch: 'amd64', os.version: '10.0', java.version: '23.0.1'
Driver info: org.openqa.selenium.chrome.ChromeDriver
Command: [9f4e0d4f7f7c052dcff92a7c28c36106, findElement {using=id, value=dropdown-f1}]
Capabilities {acceptInsecureCerts: false, browserName: chrome, browserVersion: 143.0.7499.170, chrome: {chromedriverVersion: 143.0.7499.169 (164b20aab62..., userDataDir: C:\Users\igor1\AppData\Loca...}, fedcm:accounts: true, goog:chromeOptions: {debuggerAddress: localhost:60888}, goog:processID: 8188, networkConnectionEnabled: false, pageLoadStrategy: normal, platformName: windows, proxy: Proxy(), se:cdp: ws://localhost:60888/devtoo..., se:cdpVersion: 143.0.7499.170, setWindowRect: true, strictFileInteractability: false, timeouts: {implicit: 0, pageLoad: 300000, script: 30000}, unhandledPromptBehavior: dismiss and notify, webauthn:extension:credBlob: true, webauthn:extension:largeBlob: true, webauthn:extension:minPinLength: true, webauthn:extension:prf: true, webauthn:virtualAuthenticators: true}
Session ID: 9f4e0d4f7f7c052dcff92a7c28c36106
	at jdk.internal.reflect.DirectConstructorHandleAccessor.newInstance(DirectConstructorHandleAccessor.java:62) ~[?:?]
	at java.lang.reflect.Constructor.newInstanceWithCaller(Constructor.java:501) ~[?:?]
	at java.lang.reflect.Constructor.newInstance(Constructor.java:485) ~[?:?]
	at org.openqa.selenium.remote.ErrorCodec.decode(ErrorCodec.java:167) ~[selenium-remote-driver-4.39.0.jar:?]
	at org.openqa.selenium.remote.codec.w3c.W3CHttpResponseCodec.decode(W3CHttpResponseCodec.java:142) ~[selenium-remote-driver-4.39.0.jar:?]
	at org.openqa.selenium.remote.codec.w3c.W3CHttpResponseCodec.decode(W3CHttpResponseCodec.java:49) ~[selenium-remote-driver-4.39.0.jar:?]
	at org.openqa.selenium.remote.HttpCommandExecutor.execute(HttpCommandExecutor.java:215) ~[selenium-remote-driver-4.39.0.jar:?]
	at org.openqa.selenium.remote.service.DriverCommandExecutor.invokeExecute(DriverCommandExecutor.java:216) ~[selenium-remote-driver-4.39.0.jar:?]
	at org.openqa.selenium.remote.service.DriverCommandExecutor.execute(DriverCommandExecutor.java:174) ~[selenium-remote-driver-4.39.0.jar:?]
	at org.openqa.selenium.remote.RemoteWebDriver.execute(RemoteWebDriver.java:561) ~[selenium-remote-driver-4.39.0.jar:?]
	at org.openqa.selenium.remote.ElementLocation$ElementFinder$2.findElement(ElementLocation.java:166) ~[selenium-remote-driver-4.39.0.jar:?]
	at org.openqa.selenium.remote.ElementLocation.findElement(ElementLocation.java:60) ~[selenium-remote-driver-4.39.0.jar:?]
	at org.openqa.selenium.remote.RemoteWebDriver.findElement(RemoteWebDriver.java:384) ~[selenium-remote-driver-4.39.0.jar:?]
	at org.openqa.selenium.remote.RemoteWebDriver.findElement(RemoteWebDriver.java:378) ~[selenium-remote-driver-4.39.0.jar:?]
	at org.openqa.selenium.support.ui.ExpectedConditions$7.apply(ExpectedConditions.java:198) ~[selenium-support-4.39.0.jar:?]
	at org.openqa.selenium.support.ui.ExpectedConditions$7.apply(ExpectedConditions.java:194) ~[selenium-support-4.39.0.jar:?]
	at org.openqa.selenium.support.ui.ExpectedConditions$22.apply(ExpectedConditions.java:632) ~[selenium-support-4.39.0.jar:?]
	at org.openqa.selenium.support.ui.ExpectedConditions$22.apply(ExpectedConditions.java:629) ~[selenium-support-4.39.0.jar:?]
	at org.openqa.selenium.support.ui.FluentWait.until(FluentWait.java:203) ~[selenium-support-4.39.0.jar:?]
	at pages.GiftFormPage.selectLevel(GiftFormPage.java:54) ~[test-classes/:?]
	at pages.GiftFormPage.fillAll(GiftFormPage.java:66) ~[test-classes/:?]
	at tests.BaseTest.goToResults(BaseTest.java:59) ~[test-classes/:?]
	at tests.pScore_shouldMatchExpected.pScore_shouldMatchExpectedFor_11111111(pScore_shouldMatchExpected.java:29) ~[test-classes/:?]
	at jdk.internal.reflect.DirectMethodHandleAccessor.invoke(DirectMethodHandleAccessor.java:103) ~[?:?]
	at java.lang.reflect.Method.invoke(Method.java:580) ~[?:?]
	at org.junit.runners.model.FrameworkMethod$1.runReflectiveCall(FrameworkMethod.java:59) ~[junit-4.13.jar:4.13]
	at org.junit.internal.runners.model.ReflectiveCallable.run(ReflectiveCallable.java:12) ~[junit-4.13.jar:4.13]
	at org.junit.runners.model.FrameworkMethod.invokeExplosively(FrameworkMethod.java:56) ~[junit-4.13.jar:4.13]
	at org.junit.internal.runners.statements.InvokeMethod.evaluate(InvokeMethod.java:17) ~[junit-4.13.jar:4.13]
	at org.junit.internal.runners.statements.RunBefores.evaluate(RunBefores.java:26) ~[junit-4.13.jar:4.13]
	at org.junit.internal.runners.statements.RunAfters.evaluate(RunAfters.java:27) ~[junit-4.13.jar:4.13]
	at org.junit.rules.TestWatcher$1.evaluate(TestWatcher.java:61) [junit-4.13.jar:4.13]
	at org.junit.runners.ParentRunner$3.evaluate(ParentRunner.java:306) [junit-4.13.jar:4.13]
	at org.junit.runners.BlockJUnit4ClassRunner$1.evaluate(BlockJUnit4ClassRunner.java:100) [junit-4.13.jar:4.13]
	at org.junit.runners.ParentRunner.runLeaf(ParentRunner.java:366) [junit-4.13.jar:4.13]
	at org.junit.runners.BlockJUnit4ClassRunner.runChild(BlockJUnit4ClassRunner.java:103) [junit-4.13.jar:4.13]
	at org.junit.runners.BlockJUnit4ClassRunner.runChild(BlockJUnit4ClassRunner.java:63) [junit-4.13.jar:4.13]
	at org.junit.runners.ParentRunner$4.run(ParentRunner.java:331) [junit-4.13.jar:4.13]
	at org.junit.runners.ParentRunner$1.schedule(ParentRunner.java:79) [junit-4.13.jar:4.13]
	at org.junit.runners.ParentRunner.runChildren(ParentRunner.java:329) [junit-4.13.jar:4.13]
	at org.junit.runners.ParentRunner.access$100(ParentRunner.java:66) [junit-4.13.jar:4.13]
	at org.junit.runners.ParentRunner$2.evaluate(ParentRunner.java:293) [junit-4.13.jar:4.13]
	at org.junit.runners.ParentRunner.run(ParentRunner.java:413) [junit-4.13.jar:4.13]
	at org.junit.runners.Suite.runChild(Suite.java:128) [junit-4.13.jar:4.13]
	at org.junit.runners.Suite.runChild(Suite.java:27) [junit-4.13.jar:4.13]
	at org.junit.runners.ParentRunner$4.run(ParentRunner.java:331) [junit-4.13.jar:4.13]
	at org.junit.runners.ParentRunner$1.schedule(ParentRunner.java:79) [junit-4.13.jar:4.13]
	at org.junit.runners.ParentRunner.runChildren(ParentRunner.java:329) [junit-4.13.jar:4.13]
	at org.junit.runners.ParentRunner.access$100(ParentRunner.java:66) [junit-4.13.jar:4.13]
	at org.junit.runners.ParentRunner$2.evaluate(ParentRunner.java:293) [junit-4.13.jar:4.13]
	at org.junit.runners.ParentRunner$3.evaluate(ParentRunner.java:306) [junit-4.13.jar:4.13]
	at org.junit.runners.ParentRunner.run(ParentRunner.java:413) [junit-4.13.jar:4.13]
	at org.eclipse.jdt.internal.junit4.runner.JUnit4TestReference.run(JUnit4TestReference.java:93) [.cp/:?]
	at org.eclipse.jdt.internal.junit.runner.TestExecution.run(TestExecution.java:40) [.cp/:?]
	at org.eclipse.jdt.internal.junit.runner.RemoteTestRunner.runTests(RemoteTestRunner.java:530) [.cp/:?]
	at org.eclipse.jdt.internal.junit.runner.RemoteTestRunner.runTests(RemoteTestRunner.java:758) [.cp/:?]
	at org.eclipse.jdt.internal.junit.runner.RemoteTestRunner.run(RemoteTestRunner.java:453) [.cp/:?]
	at org.eclipse.jdt.internal.junit.runner.RemoteTestRunner.main(RemoteTestRunner.java:211) [.cp/:?]
2025-12-28 19:58:41 INFO  === END   tests.pScore_shouldMatchExpected.pScore_shouldMatchExpectedFor_11111111[Exp#3 [f1=1, f2=1, f3=3, f4=3, f5=3, f6=3, f7=3, f8=3]] ===
2025-12-28 19:58:41 INFO  === START tests.pScore_shouldMatchExpected.pScore_shouldMatchExpectedFor_11111111[Exp#4 [f1=1, f2=2, f3=1, f4=1, f5=2, f6=2, f7=3, f8=3]] ===
2025-12-28 19:58:45 ERROR === FAIL  tests.pScore_shouldMatchExpected.pScore_shouldMatchExpectedFor_11111111[Exp#4 [f1=1, f2=2, f3=1, f4=1, f5=2, f6=2, f7=3, f8=3]] ===
org.openqa.selenium.NoSuchSessionException: invalid session id: session deleted as the browser has closed the connection
from disconnected: not connected to DevTools
  (Session info: chrome=143.0.7499.170)
Build info: version: '4.39.0', revision: '126f156aee'
System info: os.name: 'Windows 11', os.arch: 'amd64', os.version: '10.0', java.version: '23.0.1'
Driver info: org.openqa.selenium.chrome.ChromeDriver
Command: [6cb80f764e53e638b3487fe00a88cf1b, findElement {using=id, value=dropdown-f1}]
Capabilities {acceptInsecureCerts: false, browserName: chrome, browserVersion: 143.0.7499.170, chrome: {chromedriverVersion: 143.0.7499.169 (164b20aab62..., userDataDir: C:\Users\igor1\AppData\Loca...}, fedcm:accounts: true, goog:chromeOptions: {debuggerAddress: localhost:65516}, goog:processID: 25136, networkConnectionEnabled: false, pageLoadStrategy: normal, platformName: windows, proxy: Proxy(), se:cdp: ws://localhost:65516/devtoo..., se:cdpVersion: 143.0.7499.170, setWindowRect: true, strictFileInteractability: false, timeouts: {implicit: 0, pageLoad: 300000, script: 30000}, unhandledPromptBehavior: dismiss and notify, webauthn:extension:credBlob: true, webauthn:extension:largeBlob: true, webauthn:extension:minPinLength: true, webauthn:extension:prf: true, webauthn:virtualAuthenticators: true}
Session ID: 6cb80f764e53e638b3487fe00a88cf1b
	at jdk.internal.reflect.DirectConstructorHandleAccessor.newInstance(DirectConstructorHandleAccessor.java:62) ~[?:?]
	at java.lang.reflect.Constructor.newInstanceWithCaller(Constructor.java:501) ~[?:?]
	at java.lang.reflect.Constructor.newInstance(Constructor.java:485) ~[?:?]
	at org.openqa.selenium.remote.ErrorCodec.decode(ErrorCodec.java:167) ~[selenium-remote-driver-4.39.0.jar:?]
	at org.openqa.selenium.remote.codec.w3c.W3CHttpResponseCodec.decode(W3CHttpResponseCodec.java:142) ~[selenium-remote-driver-4.39.0.jar:?]
	at org.openqa.selenium.remote.codec.w3c.W3CHttpResponseCodec.decode(W3CHttpResponseCodec.java:49) ~[selenium-remote-driver-4.39.0.jar:?]
	at org.openqa.selenium.remote.HttpCommandExecutor.execute(HttpCommandExecutor.java:215) ~[selenium-remote-driver-4.39.0.jar:?]
	at org.openqa.selenium.remote.service.DriverCommandExecutor.invokeExecute(DriverCommandExecutor.java:216) ~[selenium-remote-driver-4.39.0.jar:?]
	at org.openqa.selenium.remote.service.DriverCommandExecutor.execute(DriverCommandExecutor.java:174) ~[selenium-remote-driver-4.39.0.jar:?]
	at org.openqa.selenium.remote.RemoteWebDriver.execute(RemoteWebDriver.java:561) ~[selenium-remote-driver-4.39.0.jar:?]
	at org.openqa.selenium.remote.ElementLocation$ElementFinder$2.findElement(ElementLocation.java:166) ~[selenium-remote-driver-4.39.0.jar:?]
	at org.openqa.selenium.remote.ElementLocation.findElement(ElementLocation.java:60) ~[selenium-remote-driver-4.39.0.jar:?]
	at org.openqa.selenium.remote.RemoteWebDriver.findElement(RemoteWebDriver.java:384) ~[selenium-remote-driver-4.39.0.jar:?]
	at org.openqa.selenium.remote.RemoteWebDriver.findElement(RemoteWebDriver.java:378) ~[selenium-remote-driver-4.39.0.jar:?]
	at org.openqa.selenium.support.ui.ExpectedConditions$7.apply(ExpectedConditions.java:198) ~[selenium-support-4.39.0.jar:?]
	at org.openqa.selenium.support.ui.ExpectedConditions$7.apply(ExpectedConditions.java:194) ~[selenium-support-4.39.0.jar:?]
	at org.openqa.selenium.support.ui.ExpectedConditions$22.apply(ExpectedConditions.java:632) ~[selenium-support-4.39.0.jar:?]
	at org.openqa.selenium.support.ui.ExpectedConditions$22.apply(ExpectedConditions.java:629) ~[selenium-support-4.39.0.jar:?]
	at org.openqa.selenium.support.ui.FluentWait.until(FluentWait.java:203) ~[selenium-support-4.39.0.jar:?]
	at pages.GiftFormPage.selectLevel(GiftFormPage.java:54) ~[test-classes/:?]
	at pages.GiftFormPage.fillAll(GiftFormPage.java:66) ~[test-classes/:?]
	at tests.BaseTest.goToResults(BaseTest.java:59) ~[test-classes/:?]
	at tests.pScore_shouldMatchExpected.pScore_shouldMatchExpectedFor_11111111(pScore_shouldMatchExpected.java:29) ~[test-classes/:?]
	at jdk.internal.reflect.DirectMethodHandleAccessor.invoke(DirectMethodHandleAccessor.java:103) ~[?:?]
	at java.lang.reflect.Method.invoke(Method.java:580) ~[?:?]
	at org.junit.runners.model.FrameworkMethod$1.runReflectiveCall(FrameworkMethod.java:59) ~[junit-4.13.jar:4.13]
	at org.junit.internal.runners.model.ReflectiveCallable.run(ReflectiveCallable.java:12) ~[junit-4.13.jar:4.13]
	at org.junit.runners.model.FrameworkMethod.invokeExplosively(FrameworkMethod.java:56) ~[junit-4.13.jar:4.13]
	at org.junit.internal.runners.statements.InvokeMethod.evaluate(InvokeMethod.java:17) ~[junit-4.13.jar:4.13]
	at org.junit.internal.runners.statements.RunBefores.evaluate(RunBefores.java:26) ~[junit-4.13.jar:4.13]
	at org.junit.internal.runners.statements.RunAfters.evaluate(RunAfters.java:27) ~[junit-4.13.jar:4.13]
	at org.junit.rules.TestWatcher$1.evaluate(TestWatcher.java:61) [junit-4.13.jar:4.13]
	at org.junit.runners.ParentRunner$3.evaluate(ParentRunner.java:306) [junit-4.13.jar:4.13]
	at org.junit.runners.BlockJUnit4ClassRunner$1.evaluate(BlockJUnit4ClassRunner.java:100) [junit-4.13.jar:4.13]
	at org.junit.runners.ParentRunner.runLeaf(ParentRunner.java:366) [junit-4.13.jar:4.13]
	at org.junit.runners.BlockJUnit4ClassRunner.runChild(BlockJUnit4ClassRunner.java:103) [junit-4.13.jar:4.13]
	at org.junit.runners.BlockJUnit4ClassRunner.runChild(BlockJUnit4ClassRunner.java:63) [junit-4.13.jar:4.13]
	at org.junit.runners.ParentRunner$4.run(ParentRunner.java:331) [junit-4.13.jar:4.13]
	at org.junit.runners.ParentRunner$1.schedule(ParentRunner.java:79) [junit-4.13.jar:4.13]
	at org.junit.runners.ParentRunner.runChildren(ParentRunner.java:329) [junit-4.13.jar:4.13]
	at org.junit.runners.ParentRunner.access$100(ParentRunner.java:66) [junit-4.13.jar:4.13]
	at org.junit.runners.ParentRunner$2.evaluate(ParentRunner.java:293) [junit-4.13.jar:4.13]
	at org.junit.runners.ParentRunner.run(ParentRunner.java:413) [junit-4.13.jar:4.13]
	at org.junit.runners.Suite.runChild(Suite.java:128) [junit-4.13.jar:4.13]
	at org.junit.runners.Suite.runChild(Suite.java:27) [junit-4.13.jar:4.13]
	at org.junit.runners.ParentRunner$4.run(ParentRunner.java:331) [junit-4.13.jar:4.13]
	at org.junit.runners.ParentRunner$1.schedule(ParentRunner.java:79) [junit-4.13.jar:4.13]
	at org.junit.runners.ParentRunner.runChildren(ParentRunner.java:329) [junit-4.13.jar:4.13]
	at org.junit.runners.ParentRunner.access$100(ParentRunner.java:66) [junit-4.13.jar:4.13]
	at org.junit.runners.ParentRunner$2.evaluate(ParentRunner.java:293) [junit-4.13.jar:4.13]
	at org.junit.runners.ParentRunner$3.evaluate(ParentRunner.java:306) [junit-4.13.jar:4.13]
	at org.junit.runners.ParentRunner.run(ParentRunner.java:413) [junit-4.13.jar:4.13]
	at org.eclipse.jdt.internal.junit4.runner.JUnit4TestReference.run(JUnit4TestReference.java:93) [.cp/:?]
	at org.eclipse.jdt.internal.junit.runner.TestExecution.run(TestExecution.java:40) [.cp/:?]
	at org.eclipse.jdt.internal.junit.runner.RemoteTestRunner.runTests(RemoteTestRunner.java:530) [.cp/:?]
	at org.eclipse.jdt.internal.junit.runner.RemoteTestRunner.runTests(RemoteTestRunner.java:758) [.cp/:?]
	at org.eclipse.jdt.internal.junit.runner.RemoteTestRunner.run(RemoteTestRunner.java:453) [.cp/:?]
	at org.eclipse.jdt.internal.junit.runner.RemoteTestRunner.main(RemoteTestRunner.java:211) [.cp/:?]
2025-12-28 19:58:45 INFO  === END   tests.pScore_shouldMatchExpected.pScore_shouldMatchExpectedFor_11111111[Exp#4 [f1=1, f2=2, f3=1, f4=1, f5=2, f6=2, f7=3, f8=3]] ===
2025-12-28 19:58:45 INFO  === START tests.pScore_shouldMatchExpected.pScore_shouldMatchExpectedFor_11111111[Exp#5 [f1=1, f2=2, f3=2, f4=2, f5=3, f6=3, f7=1, f8=1]] ===
2025-12-28 19:58:47 ERROR === FAIL  tests.pScore_shouldMatchExpected.pScore_shouldMatchExpectedFor_11111111[Exp#5 [f1=1, f2=2, f3=2, f4=2, f5=3, f6=3, f7=1, f8=1]] ===
org.openqa.selenium.WebDriverException: unknown error: JavaScript code failed
from unknown command: 'Runtime.evaluate' wasn't found
  (Session info: chrome=143.0.7499.170)
Build info: version: '4.39.0', revision: '126f156aee'
System info: os.name: 'Windows 11', os.arch: 'amd64', os.version: '10.0', java.version: '23.0.1'
Driver info: org.openqa.selenium.chrome.ChromeDriver
Command: [b2337589b9381c3552d05e19f65c31af, maximizeCurrentWindow {}]
Capabilities {acceptInsecureCerts: false, browserName: chrome, browserVersion: 143.0.7499.170, chrome: {chromedriverVersion: 143.0.7499.169 (164b20aab62..., userDataDir: C:\Users\igor1\AppData\Loca...}, fedcm:accounts: true, goog:chromeOptions: {debuggerAddress: localhost:63358}, goog:processID: 25440, networkConnectionEnabled: false, pageLoadStrategy: normal, platformName: windows, proxy: Proxy(), se:cdp: ws://localhost:63358/devtoo..., se:cdpVersion: 143.0.7499.170, setWindowRect: true, strictFileInteractability: false, timeouts: {implicit: 0, pageLoad: 300000, script: 30000}, unhandledPromptBehavior: dismiss and notify, webauthn:extension:credBlob: true, webauthn:extension:largeBlob: true, webauthn:extension:minPinLength: true, webauthn:extension:prf: true, webauthn:virtualAuthenticators: true}
Session ID: b2337589b9381c3552d05e19f65c31af
	at jdk.internal.reflect.DirectConstructorHandleAccessor.newInstance(DirectConstructorHandleAccessor.java:62) ~[?:?]
	at java.lang.reflect.Constructor.newInstanceWithCaller(Constructor.java:501) ~[?:?]
	at java.lang.reflect.Constructor.newInstance(Constructor.java:485) ~[?:?]
	at org.openqa.selenium.remote.ErrorCodec.decode(ErrorCodec.java:167) ~[selenium-remote-driver-4.39.0.jar:?]
	at org.openqa.selenium.remote.codec.w3c.W3CHttpResponseCodec.decode(W3CHttpResponseCodec.java:142) ~[selenium-remote-driver-4.39.0.jar:?]
	at org.openqa.selenium.remote.codec.w3c.W3CHttpResponseCodec.decode(W3CHttpResponseCodec.java:49) ~[selenium-remote-driver-4.39.0.jar:?]
	at org.openqa.selenium.remote.HttpCommandExecutor.execute(HttpCommandExecutor.java:215) ~[selenium-remote-driver-4.39.0.jar:?]
	at org.openqa.selenium.remote.service.DriverCommandExecutor.invokeExecute(DriverCommandExecutor.java:216) ~[selenium-remote-driver-4.39.0.jar:?]
	at org.openqa.selenium.remote.service.DriverCommandExecutor.execute(DriverCommandExecutor.java:174) ~[selenium-remote-driver-4.39.0.jar:?]
	at org.openqa.selenium.remote.RemoteWebDriver.execute(RemoteWebDriver.java:561) ~[selenium-remote-driver-4.39.0.jar:?]
	at org.openqa.selenium.remote.RemoteWebDriver.execute(RemoteWebDriver.java:638) ~[selenium-remote-driver-4.39.0.jar:?]
	at org.openqa.selenium.remote.RemoteWebDriver.execute(RemoteWebDriver.java:642) ~[selenium-remote-driver-4.39.0.jar:?]
	at org.openqa.selenium.remote.RemoteWebDriver$RemoteWebDriverOptions$RemoteWindow.maximize(RemoteWebDriver.java:1098) ~[selenium-remote-driver-4.39.0.jar:?]
	at tests.BaseTest.setUp(BaseTest.java:42) ~[test-classes/:?]
	at jdk.internal.reflect.DirectMethodHandleAccessor.invoke(DirectMethodHandleAccessor.java:103) ~[?:?]
	at java.lang.reflect.Method.invoke(Method.java:580) ~[?:?]
	at org.junit.runners.model.FrameworkMethod$1.runReflectiveCall(FrameworkMethod.java:59) ~[junit-4.13.jar:4.13]
	at org.junit.internal.runners.model.ReflectiveCallable.run(ReflectiveCallable.java:12) ~[junit-4.13.jar:4.13]
	at org.junit.runners.model.FrameworkMethod.invokeExplosively(FrameworkMethod.java:56) ~[junit-4.13.jar:4.13]
	at org.junit.internal.runners.statements.RunBefores.invokeMethod(RunBefores.java:33) ~[junit-4.13.jar:4.13]
	at org.junit.internal.runners.statements.RunBefores.evaluate(RunBefores.java:24) ~[junit-4.13.jar:4.13]
	at org.junit.internal.runners.statements.RunAfters.evaluate(RunAfters.java:27) ~[junit-4.13.jar:4.13]
	at org.junit.rules.TestWatcher$1.evaluate(TestWatcher.java:61) [junit-4.13.jar:4.13]
	at org.junit.runners.ParentRunner$3.evaluate(ParentRunner.java:306) [junit-4.13.jar:4.13]
	at org.junit.runners.BlockJUnit4ClassRunner$1.evaluate(BlockJUnit4ClassRunner.java:100) [junit-4.13.jar:4.13]
	at org.junit.runners.ParentRunner.runLeaf(ParentRunner.java:366) [junit-4.13.jar:4.13]
	at org.junit.runners.BlockJUnit4ClassRunner.runChild(BlockJUnit4ClassRunner.java:103) [junit-4.13.jar:4.13]
	at org.junit.runners.BlockJUnit4ClassRunner.runChild(BlockJUnit4ClassRunner.java:63) [junit-4.13.jar:4.13]
	at org.junit.runners.ParentRunner$4.run(ParentRunner.java:331) [junit-4.13.jar:4.13]
	at org.junit.runners.ParentRunner$1.schedule(ParentRunner.java:79) [junit-4.13.jar:4.13]
	at org.junit.runners.ParentRunner.runChildren(ParentRunner.java:329) [junit-4.13.jar:4.13]
	at org.junit.runners.ParentRunner.access$100(ParentRunner.java:66) [junit-4.13.jar:4.13]
	at org.junit.runners.ParentRunner$2.evaluate(ParentRunner.java:293) [junit-4.13.jar:4.13]
	at org.junit.runners.ParentRunner.run(ParentRunner.java:413) [junit-4.13.jar:4.13]
	at org.junit.runners.Suite.runChild(Suite.java:128) [junit-4.13.jar:4.13]
	at org.junit.runners.Suite.runChild(Suite.java:27) [junit-4.13.jar:4.13]
	at org.junit.runners.ParentRunner$4.run(ParentRunner.java:331) [junit-4.13.jar:4.13]
	at org.junit.runners.ParentRunner$1.schedule(ParentRunner.java:79) [junit-4.13.jar:4.13]
	at org.junit.runners.ParentRunner.runChildren(ParentRunner.java:329) [junit-4.13.jar:4.13]
	at org.junit.runners.ParentRunner.access$100(ParentRunner.java:66) [junit-4.13.jar:4.13]
	at org.junit.runners.ParentRunner$2.evaluate(ParentRunner.java:293) [junit-4.13.jar:4.13]
	at org.junit.runners.ParentRunner$3.evaluate(ParentRunner.java:306) [junit-4.13.jar:4.13]
	at org.junit.runners.ParentRunner.run(ParentRunner.java:413) [junit-4.13.jar:4.13]
	at org.eclipse.jdt.internal.junit4.runner.JUnit4TestReference.run(JUnit4TestReference.java:93) [.cp/:?]
	at org.eclipse.jdt.internal.junit.runner.TestExecution.run(TestExecution.java:40) [.cp/:?]
	at org.eclipse.jdt.internal.junit.runner.RemoteTestRunner.runTests(RemoteTestRunner.java:530) [.cp/:?]
	at org.eclipse.jdt.internal.junit.runner.RemoteTestRunner.runTests(RemoteTestRunner.java:758) [.cp/:?]
	at org.eclipse.jdt.internal.junit.runner.RemoteTestRunner.run(RemoteTestRunner.java:453) [.cp/:?]
	at org.eclipse.jdt.internal.junit.runner.RemoteTestRunner.main(RemoteTestRunner.java:211) [.cp/:?]
2025-12-28 19:58:47 INFO  === END   tests.pScore_shouldMatchExpected.pScore_shouldMatchExpectedFor_11111111[Exp#5 [f1=1, f2=2, f3=2, f4=2, f5=3, f6=3, f7=1, f8=1]] ===
2025-12-28 19:58:47 INFO  === START tests.pScore_shouldMatchExpected.pScore_shouldMatchExpectedFor_11111111[Exp#6 [f1=1, f2=2, f3=3, f4=3, f5=1, f6=1, f7=2, f8=2]] ===
2025-12-28 19:58:52 ERROR === FAIL  tests.pScore_shouldMatchExpected.pScore_shouldMatchExpectedFor_11111111[Exp#6 [f1=1, f2=2, f3=3, f4=3, f5=1, f6=1, f7=2, f8=2]] ===
org.openqa.selenium.NoSuchSessionException: invalid session id: session deleted as the browser has closed the connection
from disconnected: not connected to DevTools
  (Session info: chrome=143.0.7499.170)
Build info: version: '4.39.0', revision: '126f156aee'
System info: os.name: 'Windows 11', os.arch: 'amd64', os.version: '10.0', java.version: '23.0.1'
Driver info: org.openqa.selenium.chrome.ChromeDriver
Command: [b9bf1b1ae8d33f2d2e02f4bf2391b004, findElement {using=id, value=dropdown-f1}]
Capabilities {acceptInsecureCerts: false, browserName: chrome, browserVersion: 143.0.7499.170, chrome: {chromedriverVersion: 143.0.7499.169 (164b20aab62..., userDataDir: C:\Users\igor1\AppData\Loca...}, fedcm:accounts: true, goog:chromeOptions: {debuggerAddress: localhost:49865}, goog:processID: 2576, networkConnectionEnabled: false, pageLoadStrategy: normal, platformName: windows, proxy: Proxy(), se:cdp: ws://localhost:49865/devtoo..., se:cdpVersion: 143.0.7499.170, setWindowRect: true, strictFileInteractability: false, timeouts: {implicit: 0, pageLoad: 300000, script: 30000}, unhandledPromptBehavior: dismiss and notify, webauthn:extension:credBlob: true, webauthn:extension:largeBlob: true, webauthn:extension:minPinLength: true, webauthn:extension:prf: true, webauthn:virtualAuthenticators: true}
Session ID: b9bf1b1ae8d33f2d2e02f4bf2391b004
	at jdk.internal.reflect.DirectConstructorHandleAccessor.newInstance(DirectConstructorHandleAccessor.java:62) ~[?:?]
	at java.lang.reflect.Constructor.newInstanceWithCaller(Constructor.java:501) ~[?:?]
	at java.lang.reflect.Constructor.newInstance(Constructor.java:485) ~[?:?]
	at org.openqa.selenium.remote.ErrorCodec.decode(ErrorCodec.java:167) ~[selenium-remote-driver-4.39.0.jar:?]
	at org.openqa.selenium.remote.codec.w3c.W3CHttpResponseCodec.decode(W3CHttpResponseCodec.java:142) ~[selenium-remote-driver-4.39.0.jar:?]
	at org.openqa.selenium.remote.codec.w3c.W3CHttpResponseCodec.decode(W3CHttpResponseCodec.java:49) ~[selenium-remote-driver-4.39.0.jar:?]
	at org.openqa.selenium.remote.HttpCommandExecutor.execute(HttpCommandExecutor.java:215) ~[selenium-remote-driver-4.39.0.jar:?]
	at org.openqa.selenium.remote.service.DriverCommandExecutor.invokeExecute(DriverCommandExecutor.java:216) ~[selenium-remote-driver-4.39.0.jar:?]
	at org.openqa.selenium.remote.service.DriverCommandExecutor.execute(DriverCommandExecutor.java:174) ~[selenium-remote-driver-4.39.0.jar:?]
	at org.openqa.selenium.remote.RemoteWebDriver.execute(RemoteWebDriver.java:561) ~[selenium-remote-driver-4.39.0.jar:?]
	at org.openqa.selenium.remote.ElementLocation$ElementFinder$2.findElement(ElementLocation.java:166) ~[selenium-remote-driver-4.39.0.jar:?]
	at org.openqa.selenium.remote.ElementLocation.findElement(ElementLocation.java:60) ~[selenium-remote-driver-4.39.0.jar:?]
	at org.openqa.selenium.remote.RemoteWebDriver.findElement(RemoteWebDriver.java:384) ~[selenium-remote-driver-4.39.0.jar:?]
	at org.openqa.selenium.remote.RemoteWebDriver.findElement(RemoteWebDriver.java:378) ~[selenium-remote-driver-4.39.0.jar:?]
	at org.openqa.selenium.support.ui.ExpectedConditions$7.apply(ExpectedConditions.java:198) ~[selenium-support-4.39.0.jar:?]
	at org.openqa.selenium.support.ui.ExpectedConditions$7.apply(ExpectedConditions.java:194) ~[selenium-support-4.39.0.jar:?]
	at org.openqa.selenium.support.ui.ExpectedConditions$22.apply(ExpectedConditions.java:632) ~[selenium-support-4.39.0.jar:?]
	at org.openqa.selenium.support.ui.ExpectedConditions$22.apply(ExpectedConditions.java:629) ~[selenium-support-4.39.0.jar:?]
	at org.openqa.selenium.support.ui.FluentWait.until(FluentWait.java:203) ~[selenium-support-4.39.0.jar:?]
	at pages.GiftFormPage.selectLevel(GiftFormPage.java:54) ~[test-classes/:?]
	at pages.GiftFormPage.fillAll(GiftFormPage.java:66) ~[test-classes/:?]
	at tests.BaseTest.goToResults(BaseTest.java:59) ~[test-classes/:?]
	at tests.pScore_shouldMatchExpected.pScore_shouldMatchExpectedFor_11111111(pScore_shouldMatchExpected.java:29) ~[test-classes/:?]
	at jdk.internal.reflect.DirectMethodHandleAccessor.invoke(DirectMethodHandleAccessor.java:103) ~[?:?]
	at java.lang.reflect.Method.invoke(Method.java:580) ~[?:?]
	at org.junit.runners.model.FrameworkMethod$1.runReflectiveCall(FrameworkMethod.java:59) ~[junit-4.13.jar:4.13]
	at org.junit.internal.runners.model.ReflectiveCallable.run(ReflectiveCallable.java:12) ~[junit-4.13.jar:4.13]
	at org.junit.runners.model.FrameworkMethod.invokeExplosively(FrameworkMethod.java:56) ~[junit-4.13.jar:4.13]
	at org.junit.internal.runners.statements.InvokeMethod.evaluate(InvokeMethod.java:17) ~[junit-4.13.jar:4.13]
	at org.junit.internal.runners.statements.RunBefores.evaluate(RunBefores.java:26) ~[junit-4.13.jar:4.13]
	at org.junit.internal.runners.statements.RunAfters.evaluate(RunAfters.java:27) ~[junit-4.13.jar:4.13]
	at org.junit.rules.TestWatcher$1.evaluate(TestWatcher.java:61) [junit-4.13.jar:4.13]
	at org.junit.runners.ParentRunner$3.evaluate(ParentRunner.java:306) [junit-4.13.jar:4.13]
	at org.junit.runners.BlockJUnit4ClassRunner$1.evaluate(BlockJUnit4ClassRunner.java:100) [junit-4.13.jar:4.13]
	at org.junit.runners.ParentRunner.runLeaf(ParentRunner.java:366) [junit-4.13.jar:4.13]
	at org.junit.runners.BlockJUnit4ClassRunner.runChild(BlockJUnit4ClassRunner.java:103) [junit-4.13.jar:4.13]
	at org.junit.runners.BlockJUnit4ClassRunner.runChild(BlockJUnit4ClassRunner.java:63) [junit-4.13.jar:4.13]
	at org.junit.runners.ParentRunner$4.run(ParentRunner.java:331) [junit-4.13.jar:4.13]
	at org.junit.runners.ParentRunner$1.schedule(ParentRunner.java:79) [junit-4.13.jar:4.13]
	at org.junit.runners.ParentRunner.runChildren(ParentRunner.java:329) [junit-4.13.jar:4.13]
	at org.junit.runners.ParentRunner.access$100(ParentRunner.java:66) [junit-4.13.jar:4.13]
	at org.junit.runners.ParentRunner$2.evaluate(ParentRunner.java:293) [junit-4.13.jar:4.13]
	at org.junit.runners.ParentRunner.run(ParentRunner.java:413) [junit-4.13.jar:4.13]
	at org.junit.runners.Suite.runChild(Suite.java:128) [junit-4.13.jar:4.13]
	at org.junit.runners.Suite.runChild(Suite.java:27) [junit-4.13.jar:4.13]
	at org.junit.runners.ParentRunner$4.run(ParentRunner.java:331) [junit-4.13.jar:4.13]
	at org.junit.runners.ParentRunner$1.schedule(ParentRunner.java:79) [junit-4.13.jar:4.13]
	at org.junit.runners.ParentRunner.runChildren(ParentRunner.java:329) [junit-4.13.jar:4.13]
	at org.junit.runners.ParentRunner.access$100(ParentRunner.java:66) [junit-4.13.jar:4.13]
	at org.junit.runners.ParentRunner$2.evaluate(ParentRunner.java:293) [junit-4.13.jar:4.13]
	at org.junit.runners.ParentRunner$3.evaluate(ParentRunner.java:306) [junit-4.13.jar:4.13]
	at org.junit.runners.ParentRunner.run(ParentRunner.java:413) [junit-4.13.jar:4.13]
	at org.eclipse.jdt.internal.junit4.runner.JUnit4TestReference.run(JUnit4TestReference.java:93) [.cp/:?]
	at org.eclipse.jdt.internal.junit.runner.TestExecution.run(TestExecution.java:40) [.cp/:?]
	at org.eclipse.jdt.internal.junit.runner.RemoteTestRunner.runTests(RemoteTestRunner.java:530) [.cp/:?]
	at org.eclipse.jdt.internal.junit.runner.RemoteTestRunner.runTests(RemoteTestRunner.java:758) [.cp/:?]
	at org.eclipse.jdt.internal.junit.runner.RemoteTestRunner.run(RemoteTestRunner.java:453) [.cp/:?]
	at org.eclipse.jdt.internal.junit.runner.RemoteTestRunner.main(RemoteTestRunner.java:211) [.cp/:?]
2025-12-28 19:58:52 INFO  === END   tests.pScore_shouldMatchExpected.pScore_shouldMatchExpectedFor_11111111[Exp#6 [f1=1, f2=2, f3=3, f4=3, f5=1, f6=1, f7=2, f8=2]] ===
2025-12-28 20:01:28 INFO  === START tests.SmokeTests.openFillSubmit_shouldShowResultsAndCards[Exp#1 [f1=1, f2=1, f3=1, f4=1, f5=1, f6=1, f7=1, f8=1]] ===
2025-12-28 20:01:31 INFO  STEP: Navigate to results using Exp#1 [f1=1, f2=1, f3=1, f4=1, f5=1, f6=1, f7=1, f8=1]
2025-12-28 20:01:43 ERROR === FAIL  tests.SmokeTests.openFillSubmit_shouldShowResultsAndCards[Exp#1 [f1=1, f2=1, f3=1, f4=1, f5=1, f6=1, f7=1, f8=1]] ===
org.openqa.selenium.TimeoutException: Expected condition failed: waiting for element to be clickable: By.id: dropdown-f1 (tried for 10 second(s) with 500 milliseconds interval)
Build info: version: '4.39.0', revision: '126f156aee'
System info: os.name: 'Windows 11', os.arch: 'amd64', os.version: '10.0', java.version: '23.0.1'
Driver info: org.openqa.selenium.chrome.ChromeDriver
Capabilities {acceptInsecureCerts: false, browserName: chrome, browserVersion: 143.0.7499.170, chrome: {chromedriverVersion: 143.0.7499.169 (164b20aab62..., userDataDir: C:\Users\igor1\AppData\Loca...}, fedcm:accounts: true, goog:chromeOptions: {debuggerAddress: localhost:52512}, goog:processID: 3084, networkConnectionEnabled: false, pageLoadStrategy: normal, platformName: windows, proxy: Proxy(), se:cdp: ws://localhost:52512/devtoo..., se:cdpVersion: 143.0.7499.170, setWindowRect: true, strictFileInteractability: false, timeouts: {implicit: 0, pageLoad: 300000, script: 30000}, unhandledPromptBehavior: dismiss and notify, webauthn:extension:credBlob: true, webauthn:extension:largeBlob: true, webauthn:extension:minPinLength: true, webauthn:extension:prf: true, webauthn:virtualAuthenticators: true}
Session ID: 33fb5221d089da36d72ec1d26f29670f
	at org.openqa.selenium.support.ui.WebDriverWait.timeoutException(WebDriverWait.java:84) ~[selenium-support-4.39.0.jar:?]
	at org.openqa.selenium.support.ui.FluentWait.until(FluentWait.java:228) ~[selenium-support-4.39.0.jar:?]
	at pages.GiftFormPage.selectLevel(GiftFormPage.java:54) ~[test-classes/:?]
	at pages.GiftFormPage.fillAll(GiftFormPage.java:66) ~[test-classes/:?]
	at tests.BaseTest.goToResults(BaseTest.java:59) ~[test-classes/:?]
	at tests.SmokeTests.openFillSubmit_shouldShowResultsAndCards(SmokeTests.java:27) ~[test-classes/:?]
	at jdk.internal.reflect.DirectMethodHandleAccessor.invoke(DirectMethodHandleAccessor.java:103) ~[?:?]
	at java.lang.reflect.Method.invoke(Method.java:580) ~[?:?]
	at org.junit.runners.model.FrameworkMethod$1.runReflectiveCall(FrameworkMethod.java:59) ~[junit-4.13.jar:4.13]
	at org.junit.internal.runners.model.ReflectiveCallable.run(ReflectiveCallable.java:12) ~[junit-4.13.jar:4.13]
	at org.junit.runners.model.FrameworkMethod.invokeExplosively(FrameworkMethod.java:56) ~[junit-4.13.jar:4.13]
	at org.junit.internal.runners.statements.InvokeMethod.evaluate(InvokeMethod.java:17) ~[junit-4.13.jar:4.13]
	at org.junit.internal.runners.statements.RunBefores.evaluate(RunBefores.java:26) ~[junit-4.13.jar:4.13]
	at org.junit.internal.runners.statements.RunAfters.evaluate(RunAfters.java:27) ~[junit-4.13.jar:4.13]
	at org.junit.rules.TestWatcher$1.evaluate(TestWatcher.java:61) [junit-4.13.jar:4.13]
	at org.junit.runners.ParentRunner$3.evaluate(ParentRunner.java:306) [junit-4.13.jar:4.13]
	at org.junit.runners.BlockJUnit4ClassRunner$1.evaluate(BlockJUnit4ClassRunner.java:100) [junit-4.13.jar:4.13]
	at org.junit.runners.ParentRunner.runLeaf(ParentRunner.java:366) [junit-4.13.jar:4.13]
	at org.junit.runners.BlockJUnit4ClassRunner.runChild(BlockJUnit4ClassRunner.java:103) [junit-4.13.jar:4.13]
	at org.junit.runners.BlockJUnit4ClassRunner.runChild(BlockJUnit4ClassRunner.java:63) [junit-4.13.jar:4.13]
	at org.junit.runners.ParentRunner$4.run(ParentRunner.java:331) [junit-4.13.jar:4.13]
	at org.junit.runners.ParentRunner$1.schedule(ParentRunner.java:79) [junit-4.13.jar:4.13]
	at org.junit.runners.ParentRunner.runChildren(ParentRunner.java:329) [junit-4.13.jar:4.13]
	at org.junit.runners.ParentRunner.access$100(ParentRunner.java:66) [junit-4.13.jar:4.13]
	at org.junit.runners.ParentRunner$2.evaluate(ParentRunner.java:293) [junit-4.13.jar:4.13]
	at org.junit.runners.ParentRunner.run(ParentRunner.java:413) [junit-4.13.jar:4.13]
	at org.junit.runners.Suite.runChild(Suite.java:128) [junit-4.13.jar:4.13]
	at org.junit.runners.Suite.runChild(Suite.java:27) [junit-4.13.jar:4.13]
	at org.junit.runners.ParentRunner$4.run(ParentRunner.java:331) [junit-4.13.jar:4.13]
	at org.junit.runners.ParentRunner$1.schedule(ParentRunner.java:79) [junit-4.13.jar:4.13]
	at org.junit.runners.ParentRunner.runChildren(ParentRunner.java:329) [junit-4.13.jar:4.13]
	at org.junit.runners.ParentRunner.access$100(ParentRunner.java:66) [junit-4.13.jar:4.13]
	at org.junit.runners.ParentRunner$2.evaluate(ParentRunner.java:293) [junit-4.13.jar:4.13]
	at org.junit.runners.ParentRunner$3.evaluate(ParentRunner.java:306) [junit-4.13.jar:4.13]
	at org.junit.runners.ParentRunner.run(ParentRunner.java:413) [junit-4.13.jar:4.13]
	at org.eclipse.jdt.internal.junit4.runner.JUnit4TestReference.run(JUnit4TestReference.java:93) [.cp/:?]
	at org.eclipse.jdt.internal.junit.runner.TestExecution.run(TestExecution.java:40) [.cp/:?]
	at org.eclipse.jdt.internal.junit.runner.RemoteTestRunner.runTests(RemoteTestRunner.java:530) [.cp/:?]
	at org.eclipse.jdt.internal.junit.runner.RemoteTestRunner.runTests(RemoteTestRunner.java:758) [.cp/:?]
	at org.eclipse.jdt.internal.junit.runner.RemoteTestRunner.run(RemoteTestRunner.java:453) [.cp/:?]
	at org.eclipse.jdt.internal.junit.runner.RemoteTestRunner.main(RemoteTestRunner.java:211) [.cp/:?]
2025-12-28 20:01:43 INFO  === END   tests.SmokeTests.openFillSubmit_shouldShowResultsAndCards[Exp#1 [f1=1, f2=1, f3=1, f4=1, f5=1, f6=1, f7=1, f8=1]] ===
2025-12-28 20:01:43 INFO  === START tests.SmokeTests.openFillSubmit_shouldShowResultsAndCards[Exp#2 [f1=1, f2=1, f3=2, f4=2, f5=2, f6=2, f7=2, f8=2]] ===
2025-12-28 20:01:45 INFO  STEP: Navigate to results using Exp#2 [f1=1, f2=1, f3=2, f4=2, f5=2, f6=2, f7=2, f8=2]
2025-12-28 20:01:55 INFO  STEP: Verify results grid is visible
2025-12-28 20:01:55 INFO  STEP PASS: Results grid should be visible
2025-12-28 20:01:55 ERROR === FAIL  tests.SmokeTests.openFillSubmit_shouldShowResultsAndCards[Exp#2 [f1=1, f2=1, f3=2, f4=2, f5=2, f6=2, f7=2, f8=2]] ===
org.openqa.selenium.NoSuchSessionException: invalid session id: session deleted as the browser has closed the connection
from disconnected: Unable to receive message from renderer
  (Session info: chrome=143.0.7499.170)
Build info: version: '4.39.0', revision: '126f156aee'
System info: os.name: 'Windows 11', os.arch: 'amd64', os.version: '10.0', java.version: '23.0.1'
Driver info: org.openqa.selenium.chrome.ChromeDriver
Command: [67ebd2a75b8126a7fd01cc8a1ca1f60c, getElementText {id=f.C1A256337B5A418A28F0A6FA54C1BFE6.d.2E3BBF41956479D5C3E3DBB15BABDAB5.e.88}]
Capabilities {acceptInsecureCerts: false, browserName: chrome, browserVersion: 143.0.7499.170, chrome: {chromedriverVersion: 143.0.7499.169 (164b20aab62..., userDataDir: C:\Users\igor1\AppData\Loca...}, fedcm:accounts: true, goog:chromeOptions: {debuggerAddress: localhost:53704}, goog:processID: 27848, networkConnectionEnabled: false, pageLoadStrategy: normal, platformName: windows, proxy: Proxy(), se:cdp: ws://localhost:53704/devtoo..., se:cdpVersion: 143.0.7499.170, setWindowRect: true, strictFileInteractability: false, timeouts: {implicit: 0, pageLoad: 300000, script: 30000}, unhandledPromptBehavior: dismiss and notify, webauthn:extension:credBlob: true, webauthn:extension:largeBlob: true, webauthn:extension:minPinLength: true, webauthn:extension:prf: true, webauthn:virtualAuthenticators: true}
Element: [[ChromeDriver: chrome on windows (67ebd2a75b8126a7fd01cc8a1ca1f60c)] -> xpath: //p[contains(normalize-space(.), 'Score:')]]
Session ID: 67ebd2a75b8126a7fd01cc8a1ca1f60c
	at jdk.internal.reflect.DirectConstructorHandleAccessor.newInstance(DirectConstructorHandleAccessor.java:62) ~[?:?]
	at java.lang.reflect.Constructor.newInstanceWithCaller(Constructor.java:501) ~[?:?]
	at java.lang.reflect.Constructor.newInstance(Constructor.java:485) ~[?:?]
	at org.openqa.selenium.remote.ErrorCodec.decode(ErrorCodec.java:167) ~[selenium-remote-driver-4.39.0.jar:?]
	at org.openqa.selenium.remote.codec.w3c.W3CHttpResponseCodec.decode(W3CHttpResponseCodec.java:142) ~[selenium-remote-driver-4.39.0.jar:?]
	at org.openqa.selenium.remote.codec.w3c.W3CHttpResponseCodec.decode(W3CHttpResponseCodec.java:49) ~[selenium-remote-driver-4.39.0.jar:?]
	at org.openqa.selenium.remote.HttpCommandExecutor.execute(HttpCommandExecutor.java:215) ~[selenium-remote-driver-4.39.0.jar:?]
	at org.openqa.selenium.remote.service.DriverCommandExecutor.invokeExecute(DriverCommandExecutor.java:216) ~[selenium-remote-driver-4.39.0.jar:?]
	at org.openqa.selenium.remote.service.DriverCommandExecutor.execute(DriverCommandExecutor.java:174) ~[selenium-remote-driver-4.39.0.jar:?]
	at org.openqa.selenium.remote.RemoteWebDriver.execute(RemoteWebDriver.java:561) ~[selenium-remote-driver-4.39.0.jar:?]
	at org.openqa.selenium.remote.RemoteWebElement.execute(RemoteWebElement.java:223) ~[selenium-remote-driver-4.39.0.jar:?]
	at org.openqa.selenium.remote.RemoteWebElement.getText(RemoteWebElement.java:191) ~[selenium-remote-driver-4.39.0.jar:?]
	at pages.FindMyGiftResultsPage.getScoreValue(FindMyGiftResultsPage.java:21) ~[test-classes/:?]
	at tests.SmokeTests.openFillSubmit_shouldShowResultsAndCards(SmokeTests.java:33) ~[test-classes/:?]
	at jdk.internal.reflect.DirectMethodHandleAccessor.invoke(DirectMethodHandleAccessor.java:103) ~[?:?]
	at java.lang.reflect.Method.invoke(Method.java:580) ~[?:?]
	at org.junit.runners.model.FrameworkMethod$1.runReflectiveCall(FrameworkMethod.java:59) ~[junit-4.13.jar:4.13]
	at org.junit.internal.runners.model.ReflectiveCallable.run(ReflectiveCallable.java:12) ~[junit-4.13.jar:4.13]
	at org.junit.runners.model.FrameworkMethod.invokeExplosively(FrameworkMethod.java:56) ~[junit-4.13.jar:4.13]
	at org.junit.internal.runners.statements.InvokeMethod.evaluate(InvokeMethod.java:17) ~[junit-4.13.jar:4.13]
	at org.junit.internal.runners.statements.RunBefores.evaluate(RunBefores.java:26) ~[junit-4.13.jar:4.13]
	at org.junit.internal.runners.statements.RunAfters.evaluate(RunAfters.java:27) ~[junit-4.13.jar:4.13]
	at org.junit.rules.TestWatcher$1.evaluate(TestWatcher.java:61) [junit-4.13.jar:4.13]
	at org.junit.runners.ParentRunner$3.evaluate(ParentRunner.java:306) [junit-4.13.jar:4.13]
	at org.junit.runners.BlockJUnit4ClassRunner$1.evaluate(BlockJUnit4ClassRunner.java:100) [junit-4.13.jar:4.13]
	at org.junit.runners.ParentRunner.runLeaf(ParentRunner.java:366) [junit-4.13.jar:4.13]
	at org.junit.runners.BlockJUnit4ClassRunner.runChild(BlockJUnit4ClassRunner.java:103) [junit-4.13.jar:4.13]
	at org.junit.runners.BlockJUnit4ClassRunner.runChild(BlockJUnit4ClassRunner.java:63) [junit-4.13.jar:4.13]
	at org.junit.runners.ParentRunner$4.run(ParentRunner.java:331) [junit-4.13.jar:4.13]
	at org.junit.runners.ParentRunner$1.schedule(ParentRunner.java:79) [junit-4.13.jar:4.13]
	at org.junit.runners.ParentRunner.runChildren(ParentRunner.java:329) [junit-4.13.jar:4.13]
	at org.junit.runners.ParentRunner.access$100(ParentRunner.java:66) [junit-4.13.jar:4.13]
	at org.junit.runners.ParentRunner$2.evaluate(ParentRunner.java:293) [junit-4.13.jar:4.13]
	at org.junit.runners.ParentRunner.run(ParentRunner.java:413) [junit-4.13.jar:4.13]
	at org.junit.runners.Suite.runChild(Suite.java:128) [junit-4.13.jar:4.13]
	at org.junit.runners.Suite.runChild(Suite.java:27) [junit-4.13.jar:4.13]
	at org.junit.runners.ParentRunner$4.run(ParentRunner.java:331) [junit-4.13.jar:4.13]
	at org.junit.runners.ParentRunner$1.schedule(ParentRunner.java:79) [junit-4.13.jar:4.13]
	at org.junit.runners.ParentRunner.runChildren(ParentRunner.java:329) [junit-4.13.jar:4.13]
	at org.junit.runners.ParentRunner.access$100(ParentRunner.java:66) [junit-4.13.jar:4.13]
	at org.junit.runners.ParentRunner$2.evaluate(ParentRunner.java:293) [junit-4.13.jar:4.13]
	at org.junit.runners.ParentRunner$3.evaluate(ParentRunner.java:306) [junit-4.13.jar:4.13]
	at org.junit.runners.ParentRunner.run(ParentRunner.java:413) [junit-4.13.jar:4.13]
	at org.eclipse.jdt.internal.junit4.runner.JUnit4TestReference.run(JUnit4TestReference.java:93) [.cp/:?]
	at org.eclipse.jdt.internal.junit.runner.TestExecution.run(TestExecution.java:40) [.cp/:?]
	at org.eclipse.jdt.internal.junit.runner.RemoteTestRunner.runTests(RemoteTestRunner.java:530) [.cp/:?]
	at org.eclipse.jdt.internal.junit.runner.RemoteTestRunner.runTests(RemoteTestRunner.java:758) [.cp/:?]
	at org.eclipse.jdt.internal.junit.runner.RemoteTestRunner.run(RemoteTestRunner.java:453) [.cp/:?]
	at org.eclipse.jdt.internal.junit.runner.RemoteTestRunner.main(RemoteTestRunner.java:211) [.cp/:?]
2025-12-28 20:01:55 INFO  === END   tests.SmokeTests.openFillSubmit_shouldShowResultsAndCards[Exp#2 [f1=1, f2=1, f3=2, f4=2, f5=2, f6=2, f7=2, f8=2]] ===
2025-12-28 20:02:31 INFO  === START tests.SmokeTests.openFillSubmit_shouldShowResultsAndCards[Exp#1 [f1=1, f2=1, f3=1, f4=1, f5=1, f6=1, f7=1, f8=1]] ===
2025-12-28 20:02:33 INFO  STEP: Navigate to results using Exp#1 [f1=1, f2=1, f3=1, f4=1, f5=1, f6=1, f7=1, f8=1]
2025-12-28 20:02:45 ERROR === FAIL  tests.SmokeTests.openFillSubmit_shouldShowResultsAndCards[Exp#1 [f1=1, f2=1, f3=1, f4=1, f5=1, f6=1, f7=1, f8=1]] ===
org.openqa.selenium.TimeoutException: Expected condition failed: waiting for element to be clickable: By.id: dropdown-f1 (tried for 10 second(s) with 500 milliseconds interval)
	at org.openqa.selenium.support.ui.WebDriverWait.timeoutException(WebDriverWait.java:84) ~[selenium-support-4.39.0.jar:?]
	at org.openqa.selenium.support.ui.FluentWait.until(FluentWait.java:228) ~[selenium-support-4.39.0.jar:?]
	at pages.GiftFormPage.selectLevel(GiftFormPage.java:54) ~[test-classes/:?]
	at pages.GiftFormPage.fillAll(GiftFormPage.java:66) ~[test-classes/:?]
	at tests.BaseTest.goToResults(BaseTest.java:59) ~[test-classes/:?]
	at tests.SmokeTests.openFillSubmit_shouldShowResultsAndCards(SmokeTests.java:27) ~[test-classes/:?]
	at jdk.internal.reflect.DirectMethodHandleAccessor.invoke(DirectMethodHandleAccessor.java:103) ~[?:?]
	at java.lang.reflect.Method.invoke(Method.java:580) ~[?:?]
	at org.junit.runners.model.FrameworkMethod$1.runReflectiveCall(FrameworkMethod.java:59) ~[junit-4.13.jar:4.13]
	at org.junit.internal.runners.model.ReflectiveCallable.run(ReflectiveCallable.java:12) ~[junit-4.13.jar:4.13]
	at org.junit.runners.model.FrameworkMethod.invokeExplosively(FrameworkMethod.java:56) ~[junit-4.13.jar:4.13]
	at org.junit.internal.runners.statements.InvokeMethod.evaluate(InvokeMethod.java:17) ~[junit-4.13.jar:4.13]
	at org.junit.internal.runners.statements.RunBefores.evaluate(RunBefores.java:26) ~[junit-4.13.jar:4.13]
	at org.junit.internal.runners.statements.RunAfters.evaluate(RunAfters.java:27) ~[junit-4.13.jar:4.13]
	at org.junit.rules.TestWatcher$1.evaluate(TestWatcher.java:61) [junit-4.13.jar:4.13]
	at org.junit.runners.ParentRunner$3.evaluate(ParentRunner.java:306) [junit-4.13.jar:4.13]
	at org.junit.runners.BlockJUnit4ClassRunner$1.evaluate(BlockJUnit4ClassRunner.java:100) [junit-4.13.jar:4.13]
	at org.junit.runners.ParentRunner.runLeaf(ParentRunner.java:366) [junit-4.13.jar:4.13]
	at org.junit.runners.BlockJUnit4ClassRunner.runChild(BlockJUnit4ClassRunner.java:103) [junit-4.13.jar:4.13]
	at org.junit.runners.BlockJUnit4ClassRunner.runChild(BlockJUnit4ClassRunner.java:63) [junit-4.13.jar:4.13]
	at org.junit.runners.ParentRunner$4.run(ParentRunner.java:331) [junit-4.13.jar:4.13]
	at org.junit.runners.ParentRunner$1.schedule(ParentRunner.java:79) [junit-4.13.jar:4.13]
	at org.junit.runners.ParentRunner.runChildren(ParentRunner.java:329) [junit-4.13.jar:4.13]
	at org.junit.runners.ParentRunner.access$100(ParentRunner.java:66) [junit-4.13.jar:4.13]
	at org.junit.runners.ParentRunner$2.evaluate(ParentRunner.java:293) [junit-4.13.jar:4.13]
	at org.junit.runners.ParentRunner.run(ParentRunner.java:413) [junit-4.13.jar:4.13]
	at org.junit.runners.Suite.runChild(Suite.java:128) [junit-4.13.jar:4.13]
	at org.junit.runners.Suite.runChild(Suite.java:27) [junit-4.13.jar:4.13]
	at org.junit.runners.ParentRunner$4.run(ParentRunner.java:331) [junit-4.13.jar:4.13]
	at org.junit.runners.ParentRunner$1.schedule(ParentRunner.java:79) [junit-4.13.jar:4.13]
	at org.junit.runners.ParentRunner.runChildren(ParentRunner.java:329) [junit-4.13.jar:4.13]
	at org.junit.runners.ParentRunner.access$100(ParentRunner.java:66) [junit-4.13.jar:4.13]
	at org.junit.runners.ParentRunner$2.evaluate(ParentRunner.java:293) [junit-4.13.jar:4.13]
	at org.junit.runners.ParentRunner$3.evaluate(ParentRunner.java:306) [junit-4.13.jar:4.13]
	at org.junit.runners.ParentRunner.run(ParentRunner.java:413) [junit-4.13.jar:4.13]
	at org.eclipse.jdt.internal.junit4.runner.JUnit4TestReference.run(JUnit4TestReference.java:93) [.cp/:?]
	at org.eclipse.jdt.internal.junit.runner.TestExecution.run(TestExecution.java:40) [.cp/:?]
	at org.eclipse.jdt.internal.junit.runner.RemoteTestRunner.runTests(RemoteTestRunner.java:530) [.cp/:?]
	at org.eclipse.jdt.internal.junit.runner.RemoteTestRunner.runTests(RemoteTestRunner.java:758) [.cp/:?]
	at org.eclipse.jdt.internal.junit.runner.RemoteTestRunner.run(RemoteTestRunner.java:453) [.cp/:?]
	at org.eclipse.jdt.internal.junit.runner.RemoteTestRunner.main(RemoteTestRunner.java:211) [.cp/:?]
Caused by: org.openqa.selenium.NoSuchWindowException: no such window: target window already closed
from unknown error: web view not found
  (Session info: chrome=143.0.7499.170)
Build info: version: '4.39.0', revision: '126f156aee'
System info: os.name: 'Windows 11', os.arch: 'amd64', os.version: '10.0', java.version: '23.0.1'
Driver info: org.openqa.selenium.chrome.ChromeDriver
Command: [a8e6176b1b6fbb24a37a39f1e6249a3a, findElement {using=id, value=dropdown-f1}]
Capabilities {acceptInsecureCerts: false, browserName: chrome, browserVersion: 143.0.7499.170, chrome: {chromedriverVersion: 143.0.7499.169 (164b20aab62..., userDataDir: C:\Users\igor1\AppData\Loca...}, fedcm:accounts: true, goog:chromeOptions: {debuggerAddress: localhost:63343}, goog:processID: 14688, networkConnectionEnabled: false, pageLoadStrategy: normal, platformName: windows, proxy: Proxy(), se:cdp: ws://localhost:63343/devtoo..., se:cdpVersion: 143.0.7499.170, setWindowRect: true, strictFileInteractability: false, timeouts: {implicit: 0, pageLoad: 300000, script: 30000}, unhandledPromptBehavior: dismiss and notify, webauthn:extension:credBlob: true, webauthn:extension:largeBlob: true, webauthn:extension:minPinLength: true, webauthn:extension:prf: true, webauthn:virtualAuthenticators: true}
Session ID: a8e6176b1b6fbb24a37a39f1e6249a3a
	at jdk.internal.reflect.DirectConstructorHandleAccessor.newInstance(DirectConstructorHandleAccessor.java:62) ~[?:?]
	at java.lang.reflect.Constructor.newInstanceWithCaller(Constructor.java:501) ~[?:?]
	at java.lang.reflect.Constructor.newInstance(Constructor.java:485) ~[?:?]
	at org.openqa.selenium.remote.ErrorCodec.decode(ErrorCodec.java:167) ~[selenium-remote-driver-4.39.0.jar:?]
	at org.openqa.selenium.remote.codec.w3c.W3CHttpResponseCodec.decode(W3CHttpResponseCodec.java:142) ~[selenium-remote-driver-4.39.0.jar:?]
	at org.openqa.selenium.remote.codec.w3c.W3CHttpResponseCodec.decode(W3CHttpResponseCodec.java:49) ~[selenium-remote-driver-4.39.0.jar:?]
	at org.openqa.selenium.remote.HttpCommandExecutor.execute(HttpCommandExecutor.java:215) ~[selenium-remote-driver-4.39.0.jar:?]
	at org.openqa.selenium.remote.service.DriverCommandExecutor.invokeExecute(DriverCommandExecutor.java:216) ~[selenium-remote-driver-4.39.0.jar:?]
	at org.openqa.selenium.remote.service.DriverCommandExecutor.execute(DriverCommandExecutor.java:174) ~[selenium-remote-driver-4.39.0.jar:?]
	at org.openqa.selenium.remote.RemoteWebDriver.execute(RemoteWebDriver.java:561) ~[selenium-remote-driver-4.39.0.jar:?]
	at org.openqa.selenium.remote.ElementLocation$ElementFinder$2.findElement(ElementLocation.java:166) ~[selenium-remote-driver-4.39.0.jar:?]
	at org.openqa.selenium.remote.ElementLocation.findElement(ElementLocation.java:60) ~[selenium-remote-driver-4.39.0.jar:?]
	at org.openqa.selenium.remote.RemoteWebDriver.findElement(RemoteWebDriver.java:384) ~[selenium-remote-driver-4.39.0.jar:?]
	at org.openqa.selenium.remote.RemoteWebDriver.findElement(RemoteWebDriver.java:378) ~[selenium-remote-driver-4.39.0.jar:?]
	at org.openqa.selenium.support.ui.ExpectedConditions$7.apply(ExpectedConditions.java:198) ~[selenium-support-4.39.0.jar:?]
	at org.openqa.selenium.support.ui.ExpectedConditions$7.apply(ExpectedConditions.java:194) ~[selenium-support-4.39.0.jar:?]
	at org.openqa.selenium.support.ui.ExpectedConditions$22.apply(ExpectedConditions.java:632) ~[selenium-support-4.39.0.jar:?]
	at org.openqa.selenium.support.ui.ExpectedConditions$22.apply(ExpectedConditions.java:629) ~[selenium-support-4.39.0.jar:?]
	at org.openqa.selenium.support.ui.FluentWait.until(FluentWait.java:203) ~[selenium-support-4.39.0.jar:?]
	... 39 more
2025-12-28 20:02:45 INFO  === END   tests.SmokeTests.openFillSubmit_shouldShowResultsAndCards[Exp#1 [f1=1, f2=1, f3=1, f4=1, f5=1, f6=1, f7=1, f8=1]] ===
2025-12-28 20:02:45 INFO  === START tests.SmokeTests.openFillSubmit_shouldShowResultsAndCards[Exp#2 [f1=1, f2=1, f3=2, f4=2, f5=2, f6=2, f7=2, f8=2]] ===
2025-12-28 20:02:46 INFO  STEP: Navigate to results using Exp#2 [f1=1, f2=1, f3=2, f4=2, f5=2, f6=2, f7=2, f8=2]
2025-12-28 20:02:58 ERROR === FAIL  tests.SmokeTests.openFillSubmit_shouldShowResultsAndCards[Exp#2 [f1=1, f2=1, f3=2, f4=2, f5=2, f6=2, f7=2, f8=2]] ===
org.openqa.selenium.TimeoutException: Expected condition failed: waiting for element to be clickable: By.id: dropdown-f1 (tried for 10 second(s) with 500 milliseconds interval)
Build info: version: '4.39.0', revision: '126f156aee'
System info: os.name: 'Windows 11', os.arch: 'amd64', os.version: '10.0', java.version: '23.0.1'
Driver info: org.openqa.selenium.chrome.ChromeDriver
Capabilities {acceptInsecureCerts: false, browserName: chrome, browserVersion: 143.0.7499.170, chrome: {chromedriverVersion: 143.0.7499.169 (164b20aab62..., userDataDir: C:\Users\igor1\AppData\Loca...}, fedcm:accounts: true, goog:chromeOptions: {debuggerAddress: localhost:61943}, goog:processID: 5736, networkConnectionEnabled: false, pageLoadStrategy: normal, platformName: windows, proxy: Proxy(), se:cdp: ws://localhost:61943/devtoo..., se:cdpVersion: 143.0.7499.170, setWindowRect: true, strictFileInteractability: false, timeouts: {implicit: 0, pageLoad: 300000, script: 30000}, unhandledPromptBehavior: dismiss and notify, webauthn:extension:credBlob: true, webauthn:extension:largeBlob: true, webauthn:extension:minPinLength: true, webauthn:extension:prf: true, webauthn:virtualAuthenticators: true}
Session ID: cb2564b6637cc5c5ab213a830ddacca8
	at org.openqa.selenium.support.ui.WebDriverWait.timeoutException(WebDriverWait.java:84) ~[selenium-support-4.39.0.jar:?]
	at org.openqa.selenium.support.ui.FluentWait.until(FluentWait.java:228) ~[selenium-support-4.39.0.jar:?]
	at pages.GiftFormPage.selectLevel(GiftFormPage.java:54) ~[test-classes/:?]
	at pages.GiftFormPage.fillAll(GiftFormPage.java:66) ~[test-classes/:?]
	at tests.BaseTest.goToResults(BaseTest.java:59) ~[test-classes/:?]
	at tests.SmokeTests.openFillSubmit_shouldShowResultsAndCards(SmokeTests.java:27) ~[test-classes/:?]
	at jdk.internal.reflect.DirectMethodHandleAccessor.invoke(DirectMethodHandleAccessor.java:103) ~[?:?]
	at java.lang.reflect.Method.invoke(Method.java:580) ~[?:?]
	at org.junit.runners.model.FrameworkMethod$1.runReflectiveCall(FrameworkMethod.java:59) ~[junit-4.13.jar:4.13]
	at org.junit.internal.runners.model.ReflectiveCallable.run(ReflectiveCallable.java:12) ~[junit-4.13.jar:4.13]
	at org.junit.runners.model.FrameworkMethod.invokeExplosively(FrameworkMethod.java:56) ~[junit-4.13.jar:4.13]
	at org.junit.internal.runners.statements.InvokeMethod.evaluate(InvokeMethod.java:17) ~[junit-4.13.jar:4.13]
	at org.junit.internal.runners.statements.RunBefores.evaluate(RunBefores.java:26) ~[junit-4.13.jar:4.13]
	at org.junit.internal.runners.statements.RunAfters.evaluate(RunAfters.java:27) ~[junit-4.13.jar:4.13]
	at org.junit.rules.TestWatcher$1.evaluate(TestWatcher.java:61) [junit-4.13.jar:4.13]
	at org.junit.runners.ParentRunner$3.evaluate(ParentRunner.java:306) [junit-4.13.jar:4.13]
	at org.junit.runners.BlockJUnit4ClassRunner$1.evaluate(BlockJUnit4ClassRunner.java:100) [junit-4.13.jar:4.13]
	at org.junit.runners.ParentRunner.runLeaf(ParentRunner.java:366) [junit-4.13.jar:4.13]
	at org.junit.runners.BlockJUnit4ClassRunner.runChild(BlockJUnit4ClassRunner.java:103) [junit-4.13.jar:4.13]
	at org.junit.runners.BlockJUnit4ClassRunner.runChild(BlockJUnit4ClassRunner.java:63) [junit-4.13.jar:4.13]
	at org.junit.runners.ParentRunner$4.run(ParentRunner.java:331) [junit-4.13.jar:4.13]
	at org.junit.runners.ParentRunner$1.schedule(ParentRunner.java:79) [junit-4.13.jar:4.13]
	at org.junit.runners.ParentRunner.runChildren(ParentRunner.java:329) [junit-4.13.jar:4.13]
	at org.junit.runners.ParentRunner.access$100(ParentRunner.java:66) [junit-4.13.jar:4.13]
	at org.junit.runners.ParentRunner$2.evaluate(ParentRunner.java:293) [junit-4.13.jar:4.13]
	at org.junit.runners.ParentRunner.run(ParentRunner.java:413) [junit-4.13.jar:4.13]
	at org.junit.runners.Suite.runChild(Suite.java:128) [junit-4.13.jar:4.13]
	at org.junit.runners.Suite.runChild(Suite.java:27) [junit-4.13.jar:4.13]
	at org.junit.runners.ParentRunner$4.run(ParentRunner.java:331) [junit-4.13.jar:4.13]
	at org.junit.runners.ParentRunner$1.schedule(ParentRunner.java:79) [junit-4.13.jar:4.13]
	at org.junit.runners.ParentRunner.runChildren(ParentRunner.java:329) [junit-4.13.jar:4.13]
	at org.junit.runners.ParentRunner.access$100(ParentRunner.java:66) [junit-4.13.jar:4.13]
	at org.junit.runners.ParentRunner$2.evaluate(ParentRunner.java:293) [junit-4.13.jar:4.13]
	at org.junit.runners.ParentRunner$3.evaluate(ParentRunner.java:306) [junit-4.13.jar:4.13]
	at org.junit.runners.ParentRunner.run(ParentRunner.java:413) [junit-4.13.jar:4.13]
	at org.eclipse.jdt.internal.junit4.runner.JUnit4TestReference.run(JUnit4TestReference.java:93) [.cp/:?]
	at org.eclipse.jdt.internal.junit.runner.TestExecution.run(TestExecution.java:40) [.cp/:?]
	at org.eclipse.jdt.internal.junit.runner.RemoteTestRunner.runTests(RemoteTestRunner.java:530) [.cp/:?]
	at org.eclipse.jdt.internal.junit.runner.RemoteTestRunner.runTests(RemoteTestRunner.java:758) [.cp/:?]
	at org.eclipse.jdt.internal.junit.runner.RemoteTestRunner.run(RemoteTestRunner.java:453) [.cp/:?]
	at org.eclipse.jdt.internal.junit.runner.RemoteTestRunner.main(RemoteTestRunner.java:211) [.cp/:?]
2025-12-28 20:02:58 INFO  === END   tests.SmokeTests.openFillSubmit_shouldShowResultsAndCards[Exp#2 [f1=1, f2=1, f3=2, f4=2, f5=2, f6=2, f7=2, f8=2]] ===
2025-12-28 20:05:07 INFO  === START tests.SmokeTests.openFillSubmit_shouldShowResultsAndCards[Exp#1 [f1=1, f2=1, f3=1, f4=1, f5=1, f6=1, f7=1, f8=1]] ===
2025-12-28 20:05:10 INFO  STEP: Navigate to results using Exp#1 [f1=1, f2=1, f3=1, f4=1, f5=1, f6=1, f7=1, f8=1]
2025-12-28 20:05:16 INFO  STEP: Verify results grid is visible
2025-12-28 20:05:16 INFO  STEP PASS: Results grid should be visible
2025-12-28 20:05:16 INFO  STEP: Expected p=9.3, actual p=9.3
2025-12-28 20:05:16 INFO  STEP: Verify cards count (actual=5)
2025-12-28 20:05:16 INFO  STEP PASS: Expected 5 product cards
2025-12-28 20:05:16 INFO  === PASS  tests.SmokeTests.openFillSubmit_shouldShowResultsAndCards[Exp#1 [f1=1, f2=1, f3=1, f4=1, f5=1, f6=1, f7=1, f8=1]] ===
2025-12-28 20:05:16 INFO  === END   tests.SmokeTests.openFillSubmit_shouldShowResultsAndCards[Exp#1 [f1=1, f2=1, f3=1, f4=1, f5=1, f6=1, f7=1, f8=1]] ===
2025-12-28 20:05:16 INFO  === START tests.SmokeTests.openFillSubmit_shouldShowResultsAndCards[Exp#2 [f1=1, f2=1, f3=2, f4=2, f5=2, f6=2, f7=2, f8=2]] ===
2025-12-28 20:05:18 INFO  STEP: Navigate to results using Exp#2 [f1=1, f2=1, f3=2, f4=2, f5=2, f6=2, f7=2, f8=2]
2025-12-28 20:05:25 INFO  STEP: Verify results grid is visible
2025-12-28 20:05:25 INFO  STEP PASS: Results grid should be visible
2025-12-28 20:05:26 INFO  STEP: Expected p=9.3, actual p=16.4
2025-12-28 20:05:26 INFO  STEP: Verify cards count (actual=5)
2025-12-28 20:05:26 INFO  STEP PASS: Expected 5 product cards
2025-12-28 20:05:26 INFO  === PASS  tests.SmokeTests.openFillSubmit_shouldShowResultsAndCards[Exp#2 [f1=1, f2=1, f3=2, f4=2, f5=2, f6=2, f7=2, f8=2]] ===
2025-12-28 20:05:26 INFO  === END   tests.SmokeTests.openFillSubmit_shouldShowResultsAndCards[Exp#2 [f1=1, f2=1, f3=2, f4=2, f5=2, f6=2, f7=2, f8=2]] ===
2025-12-28 20:21:03 INFO  === START tests.SmokeTests.openFillSubmit_shouldShowResultsAndCards[Exp#1 [f1=1, f2=1, f3=1, f4=1, f5=1, f6=1, f7=1, f8=1]] ===
2025-12-28 20:21:06 INFO  STEP: Navigate to results using Exp#1 [f1=1, f2=1, f3=1, f4=1, f5=1, f6=1, f7=1, f8=1]
2025-12-28 20:21:15 INFO  STEP: Verify results grid is visible
2025-12-28 20:21:15 INFO  STEP PASS: Results grid should be visible
2025-12-28 20:21:15 INFO  STEP: Expected p=9.3, actual p=9.3
2025-12-28 20:21:15 INFO  STEP: Verify cards count (actual=5)
2025-12-28 20:21:15 INFO  STEP PASS: Expected 5 product cards
2025-12-28 20:21:15 INFO  === PASS  tests.SmokeTests.openFillSubmit_shouldShowResultsAndCards[Exp#1 [f1=1, f2=1, f3=1, f4=1, f5=1, f6=1, f7=1, f8=1]] ===
2025-12-28 20:21:15 INFO  === END   tests.SmokeTests.openFillSubmit_shouldShowResultsAndCards[Exp#1 [f1=1, f2=1, f3=1, f4=1, f5=1, f6=1, f7=1, f8=1]] ===
2025-12-28 20:21:15 INFO  === START tests.SmokeTests.openFillSubmit_shouldShowResultsAndCards[Exp#2 [f1=1, f2=1, f3=2, f4=2, f5=2, f6=2, f7=2, f8=2]] ===
2025-12-28 20:21:17 INFO  STEP: Navigate to results using Exp#2 [f1=1, f2=1, f3=2, f4=2, f5=2, f6=2, f7=2, f8=2]
2025-12-28 21:22:16 INFO  === START tests.ScoreTests.score_shouldMatchExpectedOracle[Exp#1 [f1=1, f2=1, f3=1, f4=1, f5=1, f6=1, f7=1, f8=1]] ===
2025-12-28 21:22:26 INFO  STEP PASS: Results should be visible
2025-12-28 21:22:26 INFO  STEP: Expected p=11.3, actual p=9.3
2025-12-28 21:22:26 ERROR STEP FAIL: P score should be same as expected
2025-12-28 21:22:26 ERROR === FAIL  tests.ScoreTests.score_shouldMatchExpectedOracle[Exp#1 [f1=1, f2=1, f3=1, f4=1, f5=1, f6=1, f7=1, f8=1]] ===
java.lang.AssertionError: P score should be same as expected
	at org.junit.Assert.fail(Assert.java:89) ~[junit-4.13.jar:4.13]
	at org.junit.Assert.assertTrue(Assert.java:42) ~[junit-4.13.jar:4.13]
	at tests.BaseTest.checkTrue(BaseTest.java:79) ~[test-classes/:?]
	at tests.ScoreTests.score_shouldMatchExpectedOracle(ScoreTests.java:37) ~[test-classes/:?]
	at jdk.internal.reflect.DirectMethodHandleAccessor.invoke(DirectMethodHandleAccessor.java:103) ~[?:?]
	at java.lang.reflect.Method.invoke(Method.java:580) ~[?:?]
	at org.junit.runners.model.FrameworkMethod$1.runReflectiveCall(FrameworkMethod.java:59) ~[junit-4.13.jar:4.13]
	at org.junit.internal.runners.model.ReflectiveCallable.run(ReflectiveCallable.java:12) ~[junit-4.13.jar:4.13]
	at org.junit.runners.model.FrameworkMethod.invokeExplosively(FrameworkMethod.java:56) ~[junit-4.13.jar:4.13]
	at org.junit.internal.runners.statements.InvokeMethod.evaluate(InvokeMethod.java:17) ~[junit-4.13.jar:4.13]
	at org.junit.internal.runners.statements.RunBefores.evaluate(RunBefores.java:26) ~[junit-4.13.jar:4.13]
	at org.junit.internal.runners.statements.RunAfters.evaluate(RunAfters.java:27) ~[junit-4.13.jar:4.13]
	at org.junit.rules.TestWatcher$1.evaluate(TestWatcher.java:61) [junit-4.13.jar:4.13]
	at org.junit.runners.ParentRunner$3.evaluate(ParentRunner.java:306) [junit-4.13.jar:4.13]
	at org.junit.runners.BlockJUnit4ClassRunner$1.evaluate(BlockJUnit4ClassRunner.java:100) [junit-4.13.jar:4.13]
	at org.junit.runners.ParentRunner.runLeaf(ParentRunner.java:366) [junit-4.13.jar:4.13]
	at org.junit.runners.BlockJUnit4ClassRunner.runChild(BlockJUnit4ClassRunner.java:103) [junit-4.13.jar:4.13]
	at org.junit.runners.BlockJUnit4ClassRunner.runChild(BlockJUnit4ClassRunner.java:63) [junit-4.13.jar:4.13]
	at org.junit.runners.ParentRunner$4.run(ParentRunner.java:331) [junit-4.13.jar:4.13]
	at org.junit.runners.ParentRunner$1.schedule(ParentRunner.java:79) [junit-4.13.jar:4.13]
	at org.junit.runners.ParentRunner.runChildren(ParentRunner.java:329) [junit-4.13.jar:4.13]
	at org.junit.runners.ParentRunner.access$100(ParentRunner.java:66) [junit-4.13.jar:4.13]
	at org.junit.runners.ParentRunner$2.evaluate(ParentRunner.java:293) [junit-4.13.jar:4.13]
	at org.junit.runners.ParentRunner.run(ParentRunner.java:413) [junit-4.13.jar:4.13]
	at org.junit.runners.Suite.runChild(Suite.java:128) [junit-4.13.jar:4.13]
	at org.junit.runners.Suite.runChild(Suite.java:27) [junit-4.13.jar:4.13]
	at org.junit.runners.ParentRunner$4.run(ParentRunner.java:331) [junit-4.13.jar:4.13]
	at org.junit.runners.ParentRunner$1.schedule(ParentRunner.java:79) [junit-4.13.jar:4.13]
	at org.junit.runners.ParentRunner.runChildren(ParentRunner.java:329) [junit-4.13.jar:4.13]
	at org.junit.runners.ParentRunner.access$100(ParentRunner.java:66) [junit-4.13.jar:4.13]
	at org.junit.runners.ParentRunner$2.evaluate(ParentRunner.java:293) [junit-4.13.jar:4.13]
	at org.junit.runners.ParentRunner$3.evaluate(ParentRunner.java:306) [junit-4.13.jar:4.13]
	at org.junit.runners.ParentRunner.run(ParentRunner.java:413) [junit-4.13.jar:4.13]
	at org.eclipse.jdt.internal.junit4.runner.JUnit4TestReference.run(JUnit4TestReference.java:93) [.cp/:?]
	at org.eclipse.jdt.internal.junit.runner.TestExecution.run(TestExecution.java:40) [.cp/:?]
	at org.eclipse.jdt.internal.junit.runner.RemoteTestRunner.runTests(RemoteTestRunner.java:530) [.cp/:?]
	at org.eclipse.jdt.internal.junit.runner.RemoteTestRunner.runTests(RemoteTestRunner.java:758) [.cp/:?]
	at org.eclipse.jdt.internal.junit.runner.RemoteTestRunner.run(RemoteTestRunner.java:453) [.cp/:?]
	at org.eclipse.jdt.internal.junit.runner.RemoteTestRunner.main(RemoteTestRunner.java:211) [.cp/:?]
2025-12-28 21:22:26 INFO  === END   tests.ScoreTests.score_shouldMatchExpectedOracle[Exp#1 [f1=1, f2=1, f3=1, f4=1, f5=1, f6=1, f7=1, f8=1]] ===
2025-12-28 21:22:26 INFO  === START tests.ScoreTests.score_shouldMatchExpectedOracle[Exp#2 [f1=1, f2=1, f3=2, f4=2, f5=2, f6=2, f7=2, f8=2]] ===
2025-12-28 21:22:36 INFO  STEP PASS: Results should be visible
2025-12-28 21:22:36 INFO  STEP: Expected p=20.8, actual p=16.4
2025-12-28 21:22:36 ERROR STEP FAIL: P score should be same as expected
2025-12-28 21:22:36 ERROR === FAIL  tests.ScoreTests.score_shouldMatchExpectedOracle[Exp#2 [f1=1, f2=1, f3=2, f4=2, f5=2, f6=2, f7=2, f8=2]] ===
java.lang.AssertionError: P score should be same as expected
	at org.junit.Assert.fail(Assert.java:89) ~[junit-4.13.jar:4.13]
	at org.junit.Assert.assertTrue(Assert.java:42) ~[junit-4.13.jar:4.13]
	at tests.BaseTest.checkTrue(BaseTest.java:79) ~[test-classes/:?]
	at tests.ScoreTests.score_shouldMatchExpectedOracle(ScoreTests.java:37) ~[test-classes/:?]
	at jdk.internal.reflect.DirectMethodHandleAccessor.invoke(DirectMethodHandleAccessor.java:103) ~[?:?]
	at java.lang.reflect.Method.invoke(Method.java:580) ~[?:?]
	at org.junit.runners.model.FrameworkMethod$1.runReflectiveCall(FrameworkMethod.java:59) ~[junit-4.13.jar:4.13]
	at org.junit.internal.runners.model.ReflectiveCallable.run(ReflectiveCallable.java:12) ~[junit-4.13.jar:4.13]
	at org.junit.runners.model.FrameworkMethod.invokeExplosively(FrameworkMethod.java:56) ~[junit-4.13.jar:4.13]
	at org.junit.internal.runners.statements.InvokeMethod.evaluate(InvokeMethod.java:17) ~[junit-4.13.jar:4.13]
	at org.junit.internal.runners.statements.RunBefores.evaluate(RunBefores.java:26) ~[junit-4.13.jar:4.13]
	at org.junit.internal.runners.statements.RunAfters.evaluate(RunAfters.java:27) ~[junit-4.13.jar:4.13]
	at org.junit.rules.TestWatcher$1.evaluate(TestWatcher.java:61) [junit-4.13.jar:4.13]
	at org.junit.runners.ParentRunner$3.evaluate(ParentRunner.java:306) [junit-4.13.jar:4.13]
	at org.junit.runners.BlockJUnit4ClassRunner$1.evaluate(BlockJUnit4ClassRunner.java:100) [junit-4.13.jar:4.13]
	at org.junit.runners.ParentRunner.runLeaf(ParentRunner.java:366) [junit-4.13.jar:4.13]
	at org.junit.runners.BlockJUnit4ClassRunner.runChild(BlockJUnit4ClassRunner.java:103) [junit-4.13.jar:4.13]
	at org.junit.runners.BlockJUnit4ClassRunner.runChild(BlockJUnit4ClassRunner.java:63) [junit-4.13.jar:4.13]
	at org.junit.runners.ParentRunner$4.run(ParentRunner.java:331) [junit-4.13.jar:4.13]
	at org.junit.runners.ParentRunner$1.schedule(ParentRunner.java:79) [junit-4.13.jar:4.13]
	at org.junit.runners.ParentRunner.runChildren(ParentRunner.java:329) [junit-4.13.jar:4.13]
	at org.junit.runners.ParentRunner.access$100(ParentRunner.java:66) [junit-4.13.jar:4.13]
	at org.junit.runners.ParentRunner$2.evaluate(ParentRunner.java:293) [junit-4.13.jar:4.13]
	at org.junit.runners.ParentRunner.run(ParentRunner.java:413) [junit-4.13.jar:4.13]
	at org.junit.runners.Suite.runChild(Suite.java:128) [junit-4.13.jar:4.13]
	at org.junit.runners.Suite.runChild(Suite.java:27) [junit-4.13.jar:4.13]
	at org.junit.runners.ParentRunner$4.run(ParentRunner.java:331) [junit-4.13.jar:4.13]
	at org.junit.runners.ParentRunner$1.schedule(ParentRunner.java:79) [junit-4.13.jar:4.13]
	at org.junit.runners.ParentRunner.runChildren(ParentRunner.java:329) [junit-4.13.jar:4.13]
	at org.junit.runners.ParentRunner.access$100(ParentRunner.java:66) [junit-4.13.jar:4.13]
	at org.junit.runners.ParentRunner$2.evaluate(ParentRunner.java:293) [junit-4.13.jar:4.13]
	at org.junit.runners.ParentRunner$3.evaluate(ParentRunner.java:306) [junit-4.13.jar:4.13]
	at org.junit.runners.ParentRunner.run(ParentRunner.java:413) [junit-4.13.jar:4.13]
	at org.eclipse.jdt.internal.junit4.runner.JUnit4TestReference.run(JUnit4TestReference.java:93) [.cp/:?]
	at org.eclipse.jdt.internal.junit.runner.TestExecution.run(TestExecution.java:40) [.cp/:?]
	at org.eclipse.jdt.internal.junit.runner.RemoteTestRunner.runTests(RemoteTestRunner.java:530) [.cp/:?]
	at org.eclipse.jdt.internal.junit.runner.RemoteTestRunner.runTests(RemoteTestRunner.java:758) [.cp/:?]
	at org.eclipse.jdt.internal.junit.runner.RemoteTestRunner.run(RemoteTestRunner.java:453) [.cp/:?]
	at org.eclipse.jdt.internal.junit.runner.RemoteTestRunner.main(RemoteTestRunner.java:211) [.cp/:?]
2025-12-28 21:22:36 INFO  === END   tests.ScoreTests.score_shouldMatchExpectedOracle[Exp#2 [f1=1, f2=1, f3=2, f4=2, f5=2, f6=2, f7=2, f8=2]] ===
2025-12-28 21:22:36 INFO  === START tests.ScoreTests.score_shouldMatchExpectedOracle[Exp#3 [f1=1, f2=1, f3=3, f4=3, f5=3, f6=3, f7=3, f8=3]] ===
2025-12-28 21:22:42 INFO  STEP PASS: Results should be visible
2025-12-28 21:22:42 INFO  STEP: Expected p=30.3, actual p=23.5
2025-12-28 21:22:42 ERROR STEP FAIL: P score should be same as expected
2025-12-28 21:22:42 ERROR === FAIL  tests.ScoreTests.score_shouldMatchExpectedOracle[Exp#3 [f1=1, f2=1, f3=3, f4=3, f5=3, f6=3, f7=3, f8=3]] ===
java.lang.AssertionError: P score should be same as expected
	at org.junit.Assert.fail(Assert.java:89) ~[junit-4.13.jar:4.13]
	at org.junit.Assert.assertTrue(Assert.java:42) ~[junit-4.13.jar:4.13]
	at tests.BaseTest.checkTrue(BaseTest.java:79) ~[test-classes/:?]
	at tests.ScoreTests.score_shouldMatchExpectedOracle(ScoreTests.java:37) ~[test-classes/:?]
	at jdk.internal.reflect.DirectMethodHandleAccessor.invoke(DirectMethodHandleAccessor.java:103) ~[?:?]
	at java.lang.reflect.Method.invoke(Method.java:580) ~[?:?]
	at org.junit.runners.model.FrameworkMethod$1.runReflectiveCall(FrameworkMethod.java:59) ~[junit-4.13.jar:4.13]
	at org.junit.internal.runners.model.ReflectiveCallable.run(ReflectiveCallable.java:12) ~[junit-4.13.jar:4.13]
	at org.junit.runners.model.FrameworkMethod.invokeExplosively(FrameworkMethod.java:56) ~[junit-4.13.jar:4.13]
	at org.junit.internal.runners.statements.InvokeMethod.evaluate(InvokeMethod.java:17) ~[junit-4.13.jar:4.13]
	at org.junit.internal.runners.statements.RunBefores.evaluate(RunBefores.java:26) ~[junit-4.13.jar:4.13]
	at org.junit.internal.runners.statements.RunAfters.evaluate(RunAfters.java:27) ~[junit-4.13.jar:4.13]
	at org.junit.rules.TestWatcher$1.evaluate(TestWatcher.java:61) [junit-4.13.jar:4.13]
	at org.junit.runners.ParentRunner$3.evaluate(ParentRunner.java:306) [junit-4.13.jar:4.13]
	at org.junit.runners.BlockJUnit4ClassRunner$1.evaluate(BlockJUnit4ClassRunner.java:100) [junit-4.13.jar:4.13]
	at org.junit.runners.ParentRunner.runLeaf(ParentRunner.java:366) [junit-4.13.jar:4.13]
	at org.junit.runners.BlockJUnit4ClassRunner.runChild(BlockJUnit4ClassRunner.java:103) [junit-4.13.jar:4.13]
	at org.junit.runners.BlockJUnit4ClassRunner.runChild(BlockJUnit4ClassRunner.java:63) [junit-4.13.jar:4.13]
	at org.junit.runners.ParentRunner$4.run(ParentRunner.java:331) [junit-4.13.jar:4.13]
	at org.junit.runners.ParentRunner$1.schedule(ParentRunner.java:79) [junit-4.13.jar:4.13]
	at org.junit.runners.ParentRunner.runChildren(ParentRunner.java:329) [junit-4.13.jar:4.13]
	at org.junit.runners.ParentRunner.access$100(ParentRunner.java:66) [junit-4.13.jar:4.13]
	at org.junit.runners.ParentRunner$2.evaluate(ParentRunner.java:293) [junit-4.13.jar:4.13]
	at org.junit.runners.ParentRunner.run(ParentRunner.java:413) [junit-4.13.jar:4.13]
	at org.junit.runners.Suite.runChild(Suite.java:128) [junit-4.13.jar:4.13]
	at org.junit.runners.Suite.runChild(Suite.java:27) [junit-4.13.jar:4.13]
	at org.junit.runners.ParentRunner$4.run(ParentRunner.java:331) [junit-4.13.jar:4.13]
	at org.junit.runners.ParentRunner$1.schedule(ParentRunner.java:79) [junit-4.13.jar:4.13]
	at org.junit.runners.ParentRunner.runChildren(ParentRunner.java:329) [junit-4.13.jar:4.13]
	at org.junit.runners.ParentRunner.access$100(ParentRunner.java:66) [junit-4.13.jar:4.13]
	at org.junit.runners.ParentRunner$2.evaluate(ParentRunner.java:293) [junit-4.13.jar:4.13]
	at org.junit.runners.ParentRunner$3.evaluate(ParentRunner.java:306) [junit-4.13.jar:4.13]
	at org.junit.runners.ParentRunner.run(ParentRunner.java:413) [junit-4.13.jar:4.13]
	at org.eclipse.jdt.internal.junit4.runner.JUnit4TestReference.run(JUnit4TestReference.java:93) [.cp/:?]
	at org.eclipse.jdt.internal.junit.runner.TestExecution.run(TestExecution.java:40) [.cp/:?]
	at org.eclipse.jdt.internal.junit.runner.RemoteTestRunner.runTests(RemoteTestRunner.java:530) [.cp/:?]
	at org.eclipse.jdt.internal.junit.runner.RemoteTestRunner.runTests(RemoteTestRunner.java:758) [.cp/:?]
	at org.eclipse.jdt.internal.junit.runner.RemoteTestRunner.run(RemoteTestRunner.java:453) [.cp/:?]
	at org.eclipse.jdt.internal.junit.runner.RemoteTestRunner.main(RemoteTestRunner.java:211) [.cp/:?]
2025-12-28 21:22:42 INFO  === END   tests.ScoreTests.score_shouldMatchExpectedOracle[Exp#3 [f1=1, f2=1, f3=3, f4=3, f5=3, f6=3, f7=3, f8=3]] ===
2025-12-28 21:22:42 INFO  === START tests.ScoreTests.score_shouldMatchExpectedOracle[Exp#4 [f1=1, f2=2, f3=1, f4=1, f5=2, f6=2, f7=3, f8=3]] ===
2025-12-28 21:22:48 INFO  STEP PASS: Results should be visible
2025-12-28 21:22:48 INFO  STEP: Expected p=22.5, actual p=17.3
2025-12-28 21:22:48 ERROR STEP FAIL: P score should be same as expected
2025-12-28 21:22:48 ERROR === FAIL  tests.ScoreTests.score_shouldMatchExpectedOracle[Exp#4 [f1=1, f2=2, f3=1, f4=1, f5=2, f6=2, f7=3, f8=3]] ===
java.lang.AssertionError: P score should be same as expected
	at org.junit.Assert.fail(Assert.java:89) ~[junit-4.13.jar:4.13]
	at org.junit.Assert.assertTrue(Assert.java:42) ~[junit-4.13.jar:4.13]
	at tests.BaseTest.checkTrue(BaseTest.java:79) ~[test-classes/:?]
	at tests.ScoreTests.score_shouldMatchExpectedOracle(ScoreTests.java:37) ~[test-classes/:?]
	at jdk.internal.reflect.DirectMethodHandleAccessor.invoke(DirectMethodHandleAccessor.java:103) ~[?:?]
	at java.lang.reflect.Method.invoke(Method.java:580) ~[?:?]
	at org.junit.runners.model.FrameworkMethod$1.runReflectiveCall(FrameworkMethod.java:59) ~[junit-4.13.jar:4.13]
	at org.junit.internal.runners.model.ReflectiveCallable.run(ReflectiveCallable.java:12) ~[junit-4.13.jar:4.13]
	at org.junit.runners.model.FrameworkMethod.invokeExplosively(FrameworkMethod.java:56) ~[junit-4.13.jar:4.13]
	at org.junit.internal.runners.statements.InvokeMethod.evaluate(InvokeMethod.java:17) ~[junit-4.13.jar:4.13]
	at org.junit.internal.runners.statements.RunBefores.evaluate(RunBefores.java:26) ~[junit-4.13.jar:4.13]
	at org.junit.internal.runners.statements.RunAfters.evaluate(RunAfters.java:27) ~[junit-4.13.jar:4.13]
	at org.junit.rules.TestWatcher$1.evaluate(TestWatcher.java:61) [junit-4.13.jar:4.13]
	at org.junit.runners.ParentRunner$3.evaluate(ParentRunner.java:306) [junit-4.13.jar:4.13]
	at org.junit.runners.BlockJUnit4ClassRunner$1.evaluate(BlockJUnit4ClassRunner.java:100) [junit-4.13.jar:4.13]
	at org.junit.runners.ParentRunner.runLeaf(ParentRunner.java:366) [junit-4.13.jar:4.13]
	at org.junit.runners.BlockJUnit4ClassRunner.runChild(BlockJUnit4ClassRunner.java:103) [junit-4.13.jar:4.13]
	at org.junit.runners.BlockJUnit4ClassRunner.runChild(BlockJUnit4ClassRunner.java:63) [junit-4.13.jar:4.13]
	at org.junit.runners.ParentRunner$4.run(ParentRunner.java:331) [junit-4.13.jar:4.13]
	at org.junit.runners.ParentRunner$1.schedule(ParentRunner.java:79) [junit-4.13.jar:4.13]
	at org.junit.runners.ParentRunner.runChildren(ParentRunner.java:329) [junit-4.13.jar:4.13]
	at org.junit.runners.ParentRunner.access$100(ParentRunner.java:66) [junit-4.13.jar:4.13]
	at org.junit.runners.ParentRunner$2.evaluate(ParentRunner.java:293) [junit-4.13.jar:4.13]
	at org.junit.runners.ParentRunner.run(ParentRunner.java:413) [junit-4.13.jar:4.13]
	at org.junit.runners.Suite.runChild(Suite.java:128) [junit-4.13.jar:4.13]
	at org.junit.runners.Suite.runChild(Suite.java:27) [junit-4.13.jar:4.13]
	at org.junit.runners.ParentRunner$4.run(ParentRunner.java:331) [junit-4.13.jar:4.13]
	at org.junit.runners.ParentRunner$1.schedule(ParentRunner.java:79) [junit-4.13.jar:4.13]
	at org.junit.runners.ParentRunner.runChildren(ParentRunner.java:329) [junit-4.13.jar:4.13]
	at org.junit.runners.ParentRunner.access$100(ParentRunner.java:66) [junit-4.13.jar:4.13]
	at org.junit.runners.ParentRunner$2.evaluate(ParentRunner.java:293) [junit-4.13.jar:4.13]
	at org.junit.runners.ParentRunner$3.evaluate(ParentRunner.java:306) [junit-4.13.jar:4.13]
	at org.junit.runners.ParentRunner.run(ParentRunner.java:413) [junit-4.13.jar:4.13]
	at org.eclipse.jdt.internal.junit4.runner.JUnit4TestReference.run(JUnit4TestReference.java:93) [.cp/:?]
	at org.eclipse.jdt.internal.junit.runner.TestExecution.run(TestExecution.java:40) [.cp/:?]
	at org.eclipse.jdt.internal.junit.runner.RemoteTestRunner.runTests(RemoteTestRunner.java:530) [.cp/:?]
	at org.eclipse.jdt.internal.junit.runner.RemoteTestRunner.runTests(RemoteTestRunner.java:758) [.cp/:?]
	at org.eclipse.jdt.internal.junit.runner.RemoteTestRunner.run(RemoteTestRunner.java:453) [.cp/:?]
	at org.eclipse.jdt.internal.junit.runner.RemoteTestRunner.main(RemoteTestRunner.java:211) [.cp/:?]
2025-12-28 21:22:48 INFO  === END   tests.ScoreTests.score_shouldMatchExpectedOracle[Exp#4 [f1=1, f2=2, f3=1, f4=1, f5=2, f6=2, f7=3, f8=3]] ===
2025-12-28 21:24:20 INFO  === START tests.ScoreTests.score_shouldMatchExpectedOracle[Exp#1 [f1=1, f2=1, f3=1, f4=1, f5=1, f6=1, f7=1, f8=1]] ===
2025-12-28 21:24:29 INFO  STEP PASS: Results should be visible
2025-12-28 21:24:29 INFO  STEP: Expected p = 9.3, actual p = 9.3
2025-12-28 21:24:29 INFO  STEP PASS: P score should be same as expected
2025-12-28 21:24:29 INFO  === PASS  tests.ScoreTests.score_shouldMatchExpectedOracle[Exp#1 [f1=1, f2=1, f3=1, f4=1, f5=1, f6=1, f7=1, f8=1]] ===
2025-12-28 21:24:29 INFO  === END   tests.ScoreTests.score_shouldMatchExpectedOracle[Exp#1 [f1=1, f2=1, f3=1, f4=1, f5=1, f6=1, f7=1, f8=1]] ===
2025-12-28 21:24:29 INFO  === START tests.ScoreTests.score_shouldMatchExpectedOracle[Exp#2 [f1=1, f2=1, f3=2, f4=2, f5=2, f6=2, f7=2, f8=2]] ===
2025-12-28 21:24:35 INFO  STEP PASS: Results should be visible
2025-12-28 21:24:35 INFO  STEP: Expected p = 16.4, actual p = 16.4
2025-12-28 21:24:35 INFO  STEP PASS: P score should be same as expected
2025-12-28 21:24:35 INFO  === PASS  tests.ScoreTests.score_shouldMatchExpectedOracle[Exp#2 [f1=1, f2=1, f3=2, f4=2, f5=2, f6=2, f7=2, f8=2]] ===
2025-12-28 21:24:35 INFO  === END   tests.ScoreTests.score_shouldMatchExpectedOracle[Exp#2 [f1=1, f2=1, f3=2, f4=2, f5=2, f6=2, f7=2, f8=2]] ===
2025-12-28 21:24:35 INFO  === START tests.ScoreTests.score_shouldMatchExpectedOracle[Exp#3 [f1=1, f2=1, f3=3, f4=3, f5=3, f6=3, f7=3, f8=3]] ===
2025-12-28 21:24:43 INFO  STEP PASS: Results should be visible
2025-12-28 21:24:43 INFO  STEP: Expected p = 23.5, actual p = 23.5
2025-12-28 21:24:43 INFO  STEP PASS: P score should be same as expected
2025-12-28 21:24:43 INFO  === PASS  tests.ScoreTests.score_shouldMatchExpectedOracle[Exp#3 [f1=1, f2=1, f3=3, f4=3, f5=3, f6=3, f7=3, f8=3]] ===
2025-12-28 21:24:43 INFO  === END   tests.ScoreTests.score_shouldMatchExpectedOracle[Exp#3 [f1=1, f2=1, f3=3, f4=3, f5=3, f6=3, f7=3, f8=3]] ===
2025-12-28 21:24:43 INFO  === START tests.ScoreTests.score_shouldMatchExpectedOracle[Exp#4 [f1=1, f2=2, f3=1, f4=1, f5=2, f6=2, f7=3, f8=3]] ===
2025-12-28 21:24:49 INFO  STEP PASS: Results should be visible
2025-12-28 21:24:49 INFO  STEP: Expected p = 17.3, actual p = 17.3
2025-12-28 21:24:49 INFO  STEP PASS: P score should be same as expected
2025-12-28 21:24:49 INFO  === PASS  tests.ScoreTests.score_shouldMatchExpectedOracle[Exp#4 [f1=1, f2=2, f3=1, f4=1, f5=2, f6=2, f7=3, f8=3]] ===
2025-12-28 21:24:49 INFO  === END   tests.ScoreTests.score_shouldMatchExpectedOracle[Exp#4 [f1=1, f2=2, f3=1, f4=1, f5=2, f6=2, f7=3, f8=3]] ===
2025-12-28 21:24:49 INFO  === START tests.ScoreTests.score_shouldMatchExpectedOracle[Exp#5 [f1=1, f2=2, f3=2, f4=2, f5=3, f6=3, f7=1, f8=1]] ===
2025-12-28 21:24:57 INFO  STEP PASS: Results should be visible
2025-12-28 21:24:57 INFO  STEP: Expected p = 16.9, actual p = 16.9
2025-12-28 21:24:57 INFO  STEP PASS: P score should be same as expected
2025-12-28 21:24:57 INFO  === PASS  tests.ScoreTests.score_shouldMatchExpectedOracle[Exp#5 [f1=1, f2=2, f3=2, f4=2, f5=3, f6=3, f7=1, f8=1]] ===
2025-12-28 21:24:57 INFO  === END   tests.ScoreTests.score_shouldMatchExpectedOracle[Exp#5 [f1=1, f2=2, f3=2, f4=2, f5=3, f6=3, f7=1, f8=1]] ===
2025-12-28 21:24:57 INFO  === START tests.ScoreTests.score_shouldMatchExpectedOracle[Exp#6 [f1=1, f2=2, f3=3, f4=3, f5=1, f6=1, f7=2, f8=2]] ===
2025-12-28 21:25:03 INFO  STEP PASS: Results should be visible
2025-12-28 21:25:03 INFO  STEP: Expected p = 18.6, actual p = 18.6
2025-12-28 21:25:03 INFO  STEP PASS: P score should be same as expected
2025-12-28 21:25:03 INFO  === PASS  tests.ScoreTests.score_shouldMatchExpectedOracle[Exp#6 [f1=1, f2=2, f3=3, f4=3, f5=1, f6=1, f7=2, f8=2]] ===
2025-12-28 21:25:03 INFO  === END   tests.ScoreTests.score_shouldMatchExpectedOracle[Exp#6 [f1=1, f2=2, f3=3, f4=3, f5=1, f6=1, f7=2, f8=2]] ===
2025-12-28 21:25:03 INFO  === START tests.ScoreTests.score_shouldMatchExpectedOracle[Exp#7 [f1=1, f2=3, f3=1, f4=2, f5=1, f6=3, f7=2, f8=3]] ===
2025-12-28 21:25:09 INFO  STEP PASS: Results should be visible
2025-12-28 21:25:09 INFO  STEP: Expected p = 18.7, actual p = 18.7
2025-12-28 21:25:09 INFO  STEP PASS: P score should be same as expected
2025-12-28 21:25:09 INFO  === PASS  tests.ScoreTests.score_shouldMatchExpectedOracle[Exp#7 [f1=1, f2=3, f3=1, f4=2, f5=1, f6=3, f7=2, f8=3]] ===
2025-12-28 21:25:09 INFO  === END   tests.ScoreTests.score_shouldMatchExpectedOracle[Exp#7 [f1=1, f2=3, f3=1, f4=2, f5=1, f6=3, f7=2, f8=3]] ===
2025-12-28 21:25:09 INFO  === START tests.ScoreTests.score_shouldMatchExpectedOracle[Exp#8 [f1=1, f2=3, f3=2, f4=3, f5=2, f6=1, f7=3, f8=1]] ===
2025-12-28 21:25:14 INFO  STEP PASS: Results should be visible
2025-12-28 21:25:14 INFO  STEP: Expected p = 19.2, actual p = 19.2
2025-12-28 21:25:14 INFO  STEP PASS: P score should be same as expected
2025-12-28 21:25:14 INFO  === PASS  tests.ScoreTests.score_shouldMatchExpectedOracle[Exp#8 [f1=1, f2=3, f3=2, f4=3, f5=2, f6=1, f7=3, f8=1]] ===
2025-12-28 21:25:14 INFO  === END   tests.ScoreTests.score_shouldMatchExpectedOracle[Exp#8 [f1=1, f2=3, f3=2, f4=3, f5=2, f6=1, f7=3, f8=1]] ===
2025-12-28 21:25:14 INFO  === START tests.ScoreTests.score_shouldMatchExpectedOracle[Exp#9 [f1=1, f2=3, f3=3, f4=1, f5=3, f6=2, f7=1, f8=2]] ===
2025-12-28 21:25:20 INFO  STEP PASS: Results should be visible
2025-12-28 21:25:20 INFO  STEP: Expected p = 18.5, actual p = 18.5
2025-12-28 21:25:20 INFO  STEP PASS: P score should be same as expected
2025-12-28 21:25:20 INFO  === PASS  tests.ScoreTests.score_shouldMatchExpectedOracle[Exp#9 [f1=1, f2=3, f3=3, f4=1, f5=3, f6=2, f7=1, f8=2]] ===
2025-12-28 21:25:20 INFO  === END   tests.ScoreTests.score_shouldMatchExpectedOracle[Exp#9 [f1=1, f2=3, f3=3, f4=1, f5=3, f6=2, f7=1, f8=2]] ===
2025-12-28 21:25:20 INFO  === START tests.ScoreTests.score_shouldMatchExpectedOracle[Exp#10 [f1=2, f2=1, f3=1, f4=3, f5=3, f6=2, f7=2, f8=1]] ===
2025-12-28 21:25:27 INFO  STEP PASS: Results should be visible
2025-12-28 21:25:27 INFO  STEP: Expected p = 17.2, actual p = 17.2
2025-12-28 21:25:27 INFO  STEP PASS: P score should be same as expected
2025-12-28 21:25:27 INFO  === PASS  tests.ScoreTests.score_shouldMatchExpectedOracle[Exp#10 [f1=2, f2=1, f3=1, f4=3, f5=3, f6=2, f7=2, f8=1]] ===
2025-12-28 21:25:27 INFO  === END   tests.ScoreTests.score_shouldMatchExpectedOracle[Exp#10 [f1=2, f2=1, f3=1, f4=3, f5=3, f6=2, f7=2, f8=1]] ===
2025-12-28 21:25:27 INFO  === START tests.ScoreTests.score_shouldMatchExpectedOracle[Exp#11 [f1=2, f2=1, f3=2, f4=1, f5=1, f6=3, f7=3, f8=2]] ===
2025-12-28 21:25:34 INFO  STEP PASS: Results should be visible
2025-12-28 21:25:34 INFO  STEP: Expected p = 16.8, actual p = 16.8
2025-12-28 21:25:34 INFO  STEP PASS: P score should be same as expected
2025-12-28 21:25:35 INFO  === PASS  tests.ScoreTests.score_shouldMatchExpectedOracle[Exp#11 [f1=2, f2=1, f3=2, f4=1, f5=1, f6=3, f7=3, f8=2]] ===
2025-12-28 21:25:35 INFO  === END   tests.ScoreTests.score_shouldMatchExpectedOracle[Exp#11 [f1=2, f2=1, f3=2, f4=1, f5=1, f6=3, f7=3, f8=2]] ===
2025-12-28 21:25:35 INFO  === START tests.ScoreTests.score_shouldMatchExpectedOracle[Exp#12 [f1=2, f2=1, f3=3, f4=2, f5=2, f6=1, f7=1, f8=3]] ===
2025-12-28 21:25:40 INFO  STEP PASS: Results should be visible
2025-12-28 21:25:40 INFO  STEP: Expected p = 18.2, actual p = 18.2
2025-12-28 21:25:40 INFO  STEP PASS: P score should be same as expected
2025-12-28 21:25:40 INFO  === PASS  tests.ScoreTests.score_shouldMatchExpectedOracle[Exp#12 [f1=2, f2=1, f3=3, f4=2, f5=2, f6=1, f7=1, f8=3]] ===
2025-12-28 21:25:40 INFO  === END   tests.ScoreTests.score_shouldMatchExpectedOracle[Exp#12 [f1=2, f2=1, f3=3, f4=2, f5=2, f6=1, f7=1, f8=3]] ===
2025-12-28 21:25:40 INFO  === START tests.ScoreTests.score_shouldMatchExpectedOracle[Exp#13 [f1=2, f2=2, f3=1, f4=2, f5=3, f6=1, f7=3, f8=2]] ===
2025-12-28 21:25:46 INFO  STEP PASS: Results should be visible
2025-12-28 21:25:46 INFO  STEP: Expected p = 18.6, actual p = 18.6
2025-12-28 21:25:46 INFO  STEP PASS: P score should be same as expected
2025-12-28 21:25:46 INFO  === PASS  tests.ScoreTests.score_shouldMatchExpectedOracle[Exp#13 [f1=2, f2=2, f3=1, f4=2, f5=3, f6=1, f7=3, f8=2]] ===
2025-12-28 21:25:46 INFO  === END   tests.ScoreTests.score_shouldMatchExpectedOracle[Exp#13 [f1=2, f2=2, f3=1, f4=2, f5=3, f6=1, f7=3, f8=2]] ===
2025-12-28 21:25:46 INFO  === START tests.ScoreTests.score_shouldMatchExpectedOracle[Exp#14 [f1=2, f2=2, f3=2, f4=3, f5=1, f6=2, f7=1, f8=3]] ===
2025-12-28 21:25:51 INFO  STEP PASS: Results should be visible
2025-12-28 21:25:52 INFO  STEP: Expected p = 19.4, actual p = 19.4
2025-12-28 21:25:52 INFO  STEP PASS: P score should be same as expected
2025-12-28 21:25:52 INFO  === PASS  tests.ScoreTests.score_shouldMatchExpectedOracle[Exp#14 [f1=2, f2=2, f3=2, f4=3, f5=1, f6=2, f7=1, f8=3]] ===
2025-12-28 21:25:52 INFO  === END   tests.ScoreTests.score_shouldMatchExpectedOracle[Exp#14 [f1=2, f2=2, f3=2, f4=3, f5=1, f6=2, f7=1, f8=3]] ===
2025-12-28 21:25:52 INFO  === START tests.ScoreTests.score_shouldMatchExpectedOracle[Exp#15 [f1=2, f2=2, f3=3, f4=1, f5=2, f6=3, f7=2, f8=1]] ===
2025-12-28 21:26:01 INFO  STEP PASS: Results should be visible
2025-12-28 21:26:01 INFO  STEP: Expected p = 17.8, actual p = 17.8
2025-12-28 21:26:01 INFO  STEP PASS: P score should be same as expected
2025-12-28 21:26:01 INFO  === PASS  tests.ScoreTests.score_shouldMatchExpectedOracle[Exp#15 [f1=2, f2=2, f3=3, f4=1, f5=2, f6=3, f7=2, f8=1]] ===
2025-12-28 21:26:01 INFO  === END   tests.ScoreTests.score_shouldMatchExpectedOracle[Exp#15 [f1=2, f2=2, f3=3, f4=1, f5=2, f6=3, f7=2, f8=1]] ===
2025-12-28 21:26:01 INFO  === START tests.ScoreTests.score_shouldMatchExpectedOracle[Exp#16 [f1=2, f2=3, f3=1, f4=3, f5=2, f6=3, f7=1, f8=2]] ===
2025-12-28 21:26:07 INFO  STEP PASS: Results should be visible
2025-12-28 21:26:07 INFO  STEP: Expected p = 19.7, actual p = 19.7
2025-12-28 21:26:07 INFO  STEP PASS: P score should be same as expected
2025-12-28 21:26:07 INFO  === PASS  tests.ScoreTests.score_shouldMatchExpectedOracle[Exp#16 [f1=2, f2=3, f3=1, f4=3, f5=2, f6=3, f7=1, f8=2]] ===
2025-12-28 21:26:07 INFO  === END   tests.ScoreTests.score_shouldMatchExpectedOracle[Exp#16 [f1=2, f2=3, f3=1, f4=3, f5=2, f6=3, f7=1, f8=2]] ===
2025-12-28 21:26:07 INFO  === START tests.ScoreTests.score_shouldMatchExpectedOracle[Exp#17 [f1=2, f2=3, f3=2, f4=1, f5=3, f6=1, f7=2, f8=3]] ===
2025-12-28 21:26:13 INFO  STEP PASS: Results should be visible
2025-12-28 21:26:13 INFO  STEP: Expected p = 19.9, actual p = 19.9
2025-12-28 21:26:13 INFO  STEP PASS: P score should be same as expected
2025-12-28 21:26:13 INFO  === PASS  tests.ScoreTests.score_shouldMatchExpectedOracle[Exp#17 [f1=2, f2=3, f3=2, f4=1, f5=3, f6=1, f7=2, f8=3]] ===
2025-12-28 21:26:13 INFO  === END   tests.ScoreTests.score_shouldMatchExpectedOracle[Exp#17 [f1=2, f2=3, f3=2, f4=1, f5=3, f6=1, f7=2, f8=3]] ===
2025-12-28 21:26:13 INFO  === START tests.ScoreTests.score_shouldMatchExpectedOracle[Exp#18 [f1=2, f2=3, f3=3, f4=2, f5=1, f6=2, f7=3, f8=1]] ===
2025-12-28 21:26:19 INFO  STEP PASS: Results should be visible
2025-12-28 21:26:19 INFO  STEP: Expected p = 19.8, actual p = 19.8
2025-12-28 21:26:19 INFO  STEP PASS: P score should be same as expected
2025-12-28 21:26:19 INFO  === PASS  tests.ScoreTests.score_shouldMatchExpectedOracle[Exp#18 [f1=2, f2=3, f3=3, f4=2, f5=1, f6=2, f7=3, f8=1]] ===
2025-12-28 21:26:19 INFO  === END   tests.ScoreTests.score_shouldMatchExpectedOracle[Exp#18 [f1=2, f2=3, f3=3, f4=2, f5=1, f6=2, f7=3, f8=1]] ===
2025-12-28 21:31:31 INFO  === START tests.CategoryTests.categoryTitle_shouldMatchExpectedByScore[Exp#1 [f1=1, f2=1, f3=1, f4=1, f5=1, f6=1, f7=1, f8=1]] ===
2025-12-28 21:31:38 INFO  STEP: Expected category=sunglasses, actual title=Sunglasses
2025-12-28 21:31:38 INFO  STEP PASS: Category title should match expected category
2025-12-28 21:31:38 INFO  === PASS  tests.CategoryTests.categoryTitle_shouldMatchExpectedByScore[Exp#1 [f1=1, f2=1, f3=1, f4=1, f5=1, f6=1, f7=1, f8=1]] ===
2025-12-28 21:31:38 INFO  === END   tests.CategoryTests.categoryTitle_shouldMatchExpectedByScore[Exp#1 [f1=1, f2=1, f3=1, f4=1, f5=1, f6=1, f7=1, f8=1]] ===
2025-12-28 21:31:38 INFO  === START tests.CategoryTests.categoryTitle_shouldMatchExpectedByScore[Exp#2 [f1=1, f2=1, f3=2, f4=2, f5=2, f6=2, f7=2, f8=2]] ===
2025-12-28 21:31:45 INFO  STEP: Expected category=kitchen-accessories, actual title=Kitchen Accessories
2025-12-28 21:31:45 ERROR STEP FAIL: Category title should match expected category
2025-12-28 21:31:45 ERROR === FAIL  tests.CategoryTests.categoryTitle_shouldMatchExpectedByScore[Exp#2 [f1=1, f2=1, f3=2, f4=2, f5=2, f6=2, f7=2, f8=2]] ===
java.lang.AssertionError: Category title should match expected category
	at org.junit.Assert.fail(Assert.java:89) ~[junit-4.13.jar:4.13]
	at org.junit.Assert.assertTrue(Assert.java:42) ~[junit-4.13.jar:4.13]
	at tests.BaseTest.checkTrue(BaseTest.java:79) ~[test-classes/:?]
	at tests.CategoryTests.categoryTitle_shouldMatchExpectedByScore(CategoryTests.java:36) ~[test-classes/:?]
	at jdk.internal.reflect.DirectMethodHandleAccessor.invoke(DirectMethodHandleAccessor.java:103) ~[?:?]
	at java.lang.reflect.Method.invoke(Method.java:580) ~[?:?]
	at org.junit.runners.model.FrameworkMethod$1.runReflectiveCall(FrameworkMethod.java:59) ~[junit-4.13.jar:4.13]
	at org.junit.internal.runners.model.ReflectiveCallable.run(ReflectiveCallable.java:12) ~[junit-4.13.jar:4.13]
	at org.junit.runners.model.FrameworkMethod.invokeExplosively(FrameworkMethod.java:56) ~[junit-4.13.jar:4.13]
	at org.junit.internal.runners.statements.InvokeMethod.evaluate(InvokeMethod.java:17) ~[junit-4.13.jar:4.13]
	at org.junit.internal.runners.statements.RunBefores.evaluate(RunBefores.java:26) ~[junit-4.13.jar:4.13]
	at org.junit.internal.runners.statements.RunAfters.evaluate(RunAfters.java:27) ~[junit-4.13.jar:4.13]
	at org.junit.rules.TestWatcher$1.evaluate(TestWatcher.java:61) [junit-4.13.jar:4.13]
	at org.junit.runners.ParentRunner$3.evaluate(ParentRunner.java:306) [junit-4.13.jar:4.13]
	at org.junit.runners.BlockJUnit4ClassRunner$1.evaluate(BlockJUnit4ClassRunner.java:100) [junit-4.13.jar:4.13]
	at org.junit.runners.ParentRunner.runLeaf(ParentRunner.java:366) [junit-4.13.jar:4.13]
	at org.junit.runners.BlockJUnit4ClassRunner.runChild(BlockJUnit4ClassRunner.java:103) [junit-4.13.jar:4.13]
	at org.junit.runners.BlockJUnit4ClassRunner.runChild(BlockJUnit4ClassRunner.java:63) [junit-4.13.jar:4.13]
	at org.junit.runners.ParentRunner$4.run(ParentRunner.java:331) [junit-4.13.jar:4.13]
	at org.junit.runners.ParentRunner$1.schedule(ParentRunner.java:79) [junit-4.13.jar:4.13]
	at org.junit.runners.ParentRunner.runChildren(ParentRunner.java:329) [junit-4.13.jar:4.13]
	at org.junit.runners.ParentRunner.access$100(ParentRunner.java:66) [junit-4.13.jar:4.13]
	at org.junit.runners.ParentRunner$2.evaluate(ParentRunner.java:293) [junit-4.13.jar:4.13]
	at org.junit.runners.ParentRunner.run(ParentRunner.java:413) [junit-4.13.jar:4.13]
	at org.junit.runners.Suite.runChild(Suite.java:128) [junit-4.13.jar:4.13]
	at org.junit.runners.Suite.runChild(Suite.java:27) [junit-4.13.jar:4.13]
	at org.junit.runners.ParentRunner$4.run(ParentRunner.java:331) [junit-4.13.jar:4.13]
	at org.junit.runners.ParentRunner$1.schedule(ParentRunner.java:79) [junit-4.13.jar:4.13]
	at org.junit.runners.ParentRunner.runChildren(ParentRunner.java:329) [junit-4.13.jar:4.13]
	at org.junit.runners.ParentRunner.access$100(ParentRunner.java:66) [junit-4.13.jar:4.13]
	at org.junit.runners.ParentRunner$2.evaluate(ParentRunner.java:293) [junit-4.13.jar:4.13]
	at org.junit.runners.ParentRunner$3.evaluate(ParentRunner.java:306) [junit-4.13.jar:4.13]
	at org.junit.runners.ParentRunner.run(ParentRunner.java:413) [junit-4.13.jar:4.13]
	at org.eclipse.jdt.internal.junit4.runner.JUnit4TestReference.run(JUnit4TestReference.java:93) [.cp/:?]
	at org.eclipse.jdt.internal.junit.runner.TestExecution.run(TestExecution.java:40) [.cp/:?]
	at org.eclipse.jdt.internal.junit.runner.RemoteTestRunner.runTests(RemoteTestRunner.java:530) [.cp/:?]
	at org.eclipse.jdt.internal.junit.runner.RemoteTestRunner.runTests(RemoteTestRunner.java:758) [.cp/:?]
	at org.eclipse.jdt.internal.junit.runner.RemoteTestRunner.run(RemoteTestRunner.java:453) [.cp/:?]
	at org.eclipse.jdt.internal.junit.runner.RemoteTestRunner.main(RemoteTestRunner.java:211) [.cp/:?]
2025-12-28 21:31:45 INFO  === END   tests.CategoryTests.categoryTitle_shouldMatchExpectedByScore[Exp#2 [f1=1, f2=1, f3=2, f4=2, f5=2, f6=2, f7=2, f8=2]] ===
2025-12-28 21:31:45 INFO  === START tests.CategoryTests.categoryTitle_shouldMatchExpectedByScore[Exp#3 [f1=1, f2=1, f3=3, f4=3, f5=3, f6=3, f7=3, f8=3]] ===
2025-12-28 21:31:51 INFO  STEP: Expected category=tablets, actual title=Tablets
2025-12-28 21:31:51 INFO  STEP PASS: Category title should match expected category
2025-12-28 21:31:51 INFO  === PASS  tests.CategoryTests.categoryTitle_shouldMatchExpectedByScore[Exp#3 [f1=1, f2=1, f3=3, f4=3, f5=3, f6=3, f7=3, f8=3]] ===
2025-12-28 21:31:51 INFO  === END   tests.CategoryTests.categoryTitle_shouldMatchExpectedByScore[Exp#3 [f1=1, f2=1, f3=3, f4=3, f5=3, f6=3, f7=3, f8=3]] ===
2025-12-28 21:31:51 INFO  === START tests.CategoryTests.categoryTitle_shouldMatchExpectedByScore[Exp#4 [f1=1, f2=2, f3=1, f4=1, f5=2, f6=2, f7=3, f8=3]] ===
2025-12-28 21:31:57 INFO  STEP: Expected category=home-decoration, actual title=Home Decoration
2025-12-28 21:31:57 ERROR STEP FAIL: Category title should match expected category
2025-12-28 21:31:57 ERROR === FAIL  tests.CategoryTests.categoryTitle_shouldMatchExpectedByScore[Exp#4 [f1=1, f2=2, f3=1, f4=1, f5=2, f6=2, f7=3, f8=3]] ===
java.lang.AssertionError: Category title should match expected category
	at org.junit.Assert.fail(Assert.java:89) ~[junit-4.13.jar:4.13]
	at org.junit.Assert.assertTrue(Assert.java:42) ~[junit-4.13.jar:4.13]
	at tests.BaseTest.checkTrue(BaseTest.java:79) ~[test-classes/:?]
	at tests.CategoryTests.categoryTitle_shouldMatchExpectedByScore(CategoryTests.java:36) ~[test-classes/:?]
	at jdk.internal.reflect.DirectMethodHandleAccessor.invoke(DirectMethodHandleAccessor.java:103) ~[?:?]
	at java.lang.reflect.Method.invoke(Method.java:580) ~[?:?]
	at org.junit.runners.model.FrameworkMethod$1.runReflectiveCall(FrameworkMethod.java:59) ~[junit-4.13.jar:4.13]
	at org.junit.internal.runners.model.ReflectiveCallable.run(ReflectiveCallable.java:12) ~[junit-4.13.jar:4.13]
	at org.junit.runners.model.FrameworkMethod.invokeExplosively(FrameworkMethod.java:56) ~[junit-4.13.jar:4.13]
	at org.junit.internal.runners.statements.InvokeMethod.evaluate(InvokeMethod.java:17) ~[junit-4.13.jar:4.13]
	at org.junit.internal.runners.statements.RunBefores.evaluate(RunBefores.java:26) ~[junit-4.13.jar:4.13]
	at org.junit.internal.runners.statements.RunAfters.evaluate(RunAfters.java:27) ~[junit-4.13.jar:4.13]
	at org.junit.rules.TestWatcher$1.evaluate(TestWatcher.java:61) [junit-4.13.jar:4.13]
	at org.junit.runners.ParentRunner$3.evaluate(ParentRunner.java:306) [junit-4.13.jar:4.13]
	at org.junit.runners.BlockJUnit4ClassRunner$1.evaluate(BlockJUnit4ClassRunner.java:100) [junit-4.13.jar:4.13]
	at org.junit.runners.ParentRunner.runLeaf(ParentRunner.java:366) [junit-4.13.jar:4.13]
	at org.junit.runners.BlockJUnit4ClassRunner.runChild(BlockJUnit4ClassRunner.java:103) [junit-4.13.jar:4.13]
	at org.junit.runners.BlockJUnit4ClassRunner.runChild(BlockJUnit4ClassRunner.java:63) [junit-4.13.jar:4.13]
	at org.junit.runners.ParentRunner$4.run(ParentRunner.java:331) [junit-4.13.jar:4.13]
	at org.junit.runners.ParentRunner$1.schedule(ParentRunner.java:79) [junit-4.13.jar:4.13]
	at org.junit.runners.ParentRunner.runChildren(ParentRunner.java:329) [junit-4.13.jar:4.13]
	at org.junit.runners.ParentRunner.access$100(ParentRunner.java:66) [junit-4.13.jar:4.13]
	at org.junit.runners.ParentRunner$2.evaluate(ParentRunner.java:293) [junit-4.13.jar:4.13]
	at org.junit.runners.ParentRunner.run(ParentRunner.java:413) [junit-4.13.jar:4.13]
	at org.junit.runners.Suite.runChild(Suite.java:128) [junit-4.13.jar:4.13]
	at org.junit.runners.Suite.runChild(Suite.java:27) [junit-4.13.jar:4.13]
	at org.junit.runners.ParentRunner$4.run(ParentRunner.java:331) [junit-4.13.jar:4.13]
	at org.junit.runners.ParentRunner$1.schedule(ParentRunner.java:79) [junit-4.13.jar:4.13]
	at org.junit.runners.ParentRunner.runChildren(ParentRunner.java:329) [junit-4.13.jar:4.13]
	at org.junit.runners.ParentRunner.access$100(ParentRunner.java:66) [junit-4.13.jar:4.13]
	at org.junit.runners.ParentRunner$2.evaluate(ParentRunner.java:293) [junit-4.13.jar:4.13]
	at org.junit.runners.ParentRunner$3.evaluate(ParentRunner.java:306) [junit-4.13.jar:4.13]
	at org.junit.runners.ParentRunner.run(ParentRunner.java:413) [junit-4.13.jar:4.13]
	at org.eclipse.jdt.internal.junit4.runner.JUnit4TestReference.run(JUnit4TestReference.java:93) [.cp/:?]
	at org.eclipse.jdt.internal.junit.runner.TestExecution.run(TestExecution.java:40) [.cp/:?]
	at org.eclipse.jdt.internal.junit.runner.RemoteTestRunner.runTests(RemoteTestRunner.java:530) [.cp/:?]
	at org.eclipse.jdt.internal.junit.runner.RemoteTestRunner.runTests(RemoteTestRunner.java:758) [.cp/:?]
	at org.eclipse.jdt.internal.junit.runner.RemoteTestRunner.run(RemoteTestRunner.java:453) [.cp/:?]
	at org.eclipse.jdt.internal.junit.runner.RemoteTestRunner.main(RemoteTestRunner.java:211) [.cp/:?]
2025-12-28 21:31:57 INFO  === END   tests.CategoryTests.categoryTitle_shouldMatchExpectedByScore[Exp#4 [f1=1, f2=2, f3=1, f4=1, f5=2, f6=2, f7=3, f8=3]] ===
2025-12-28 21:31:57 INFO  === START tests.CategoryTests.categoryTitle_shouldMatchExpectedByScore[Exp#5 [f1=1, f2=2, f3=2, f4=2, f5=3, f6=3, f7=1, f8=1]] ===
2025-12-28 21:32:03 INFO  STEP: Expected category=kitchen-accessories, actual title=Kitchen Accessories
2025-12-28 21:32:03 ERROR STEP FAIL: Category title should match expected category
2025-12-28 21:32:03 ERROR === FAIL  tests.CategoryTests.categoryTitle_shouldMatchExpectedByScore[Exp#5 [f1=1, f2=2, f3=2, f4=2, f5=3, f6=3, f7=1, f8=1]] ===
java.lang.AssertionError: Category title should match expected category
	at org.junit.Assert.fail(Assert.java:89) ~[junit-4.13.jar:4.13]
	at org.junit.Assert.assertTrue(Assert.java:42) ~[junit-4.13.jar:4.13]
	at tests.BaseTest.checkTrue(BaseTest.java:79) ~[test-classes/:?]
	at tests.CategoryTests.categoryTitle_shouldMatchExpectedByScore(CategoryTests.java:36) ~[test-classes/:?]
	at jdk.internal.reflect.DirectMethodHandleAccessor.invoke(DirectMethodHandleAccessor.java:103) ~[?:?]
	at java.lang.reflect.Method.invoke(Method.java:580) ~[?:?]
	at org.junit.runners.model.FrameworkMethod$1.runReflectiveCall(FrameworkMethod.java:59) ~[junit-4.13.jar:4.13]
	at org.junit.internal.runners.model.ReflectiveCallable.run(ReflectiveCallable.java:12) ~[junit-4.13.jar:4.13]
	at org.junit.runners.model.FrameworkMethod.invokeExplosively(FrameworkMethod.java:56) ~[junit-4.13.jar:4.13]
	at org.junit.internal.runners.statements.InvokeMethod.evaluate(InvokeMethod.java:17) ~[junit-4.13.jar:4.13]
	at org.junit.internal.runners.statements.RunBefores.evaluate(RunBefores.java:26) ~[junit-4.13.jar:4.13]
	at org.junit.internal.runners.statements.RunAfters.evaluate(RunAfters.java:27) ~[junit-4.13.jar:4.13]
	at org.junit.rules.TestWatcher$1.evaluate(TestWatcher.java:61) [junit-4.13.jar:4.13]
	at org.junit.runners.ParentRunner$3.evaluate(ParentRunner.java:306) [junit-4.13.jar:4.13]
	at org.junit.runners.BlockJUnit4ClassRunner$1.evaluate(BlockJUnit4ClassRunner.java:100) [junit-4.13.jar:4.13]
	at org.junit.runners.ParentRunner.runLeaf(ParentRunner.java:366) [junit-4.13.jar:4.13]
	at org.junit.runners.BlockJUnit4ClassRunner.runChild(BlockJUnit4ClassRunner.java:103) [junit-4.13.jar:4.13]
	at org.junit.runners.BlockJUnit4ClassRunner.runChild(BlockJUnit4ClassRunner.java:63) [junit-4.13.jar:4.13]
	at org.junit.runners.ParentRunner$4.run(ParentRunner.java:331) [junit-4.13.jar:4.13]
	at org.junit.runners.ParentRunner$1.schedule(ParentRunner.java:79) [junit-4.13.jar:4.13]
	at org.junit.runners.ParentRunner.runChildren(ParentRunner.java:329) [junit-4.13.jar:4.13]
	at org.junit.runners.ParentRunner.access$100(ParentRunner.java:66) [junit-4.13.jar:4.13]
	at org.junit.runners.ParentRunner$2.evaluate(ParentRunner.java:293) [junit-4.13.jar:4.13]
	at org.junit.runners.ParentRunner.run(ParentRunner.java:413) [junit-4.13.jar:4.13]
	at org.junit.runners.Suite.runChild(Suite.java:128) [junit-4.13.jar:4.13]
	at org.junit.runners.Suite.runChild(Suite.java:27) [junit-4.13.jar:4.13]
	at org.junit.runners.ParentRunner$4.run(ParentRunner.java:331) [junit-4.13.jar:4.13]
	at org.junit.runners.ParentRunner$1.schedule(ParentRunner.java:79) [junit-4.13.jar:4.13]
	at org.junit.runners.ParentRunner.runChildren(ParentRunner.java:329) [junit-4.13.jar:4.13]
	at org.junit.runners.ParentRunner.access$100(ParentRunner.java:66) [junit-4.13.jar:4.13]
	at org.junit.runners.ParentRunner$2.evaluate(ParentRunner.java:293) [junit-4.13.jar:4.13]
	at org.junit.runners.ParentRunner$3.evaluate(ParentRunner.java:306) [junit-4.13.jar:4.13]
	at org.junit.runners.ParentRunner.run(ParentRunner.java:413) [junit-4.13.jar:4.13]
	at org.eclipse.jdt.internal.junit4.runner.JUnit4TestReference.run(JUnit4TestReference.java:93) [.cp/:?]
	at org.eclipse.jdt.internal.junit.runner.TestExecution.run(TestExecution.java:40) [.cp/:?]
	at org.eclipse.jdt.internal.junit.runner.RemoteTestRunner.runTests(RemoteTestRunner.java:530) [.cp/:?]
	at org.eclipse.jdt.internal.junit.runner.RemoteTestRunner.runTests(RemoteTestRunner.java:758) [.cp/:?]
	at org.eclipse.jdt.internal.junit.runner.RemoteTestRunner.run(RemoteTestRunner.java:453) [.cp/:?]
	at org.eclipse.jdt.internal.junit.runner.RemoteTestRunner.main(RemoteTestRunner.java:211) [.cp/:?]
2025-12-28 21:32:03 INFO  === END   tests.CategoryTests.categoryTitle_shouldMatchExpectedByScore[Exp#5 [f1=1, f2=2, f3=2, f4=2, f5=3, f6=3, f7=1, f8=1]] ===
2025-12-28 21:32:03 INFO  === START tests.CategoryTests.categoryTitle_shouldMatchExpectedByScore[Exp#6 [f1=1, f2=2, f3=3, f4=3, f5=1, f6=1, f7=2, f8=2]] ===
2025-12-28 21:32:09 INFO  STEP: Expected category=sports-accessories, actual title=Sports Accessories
2025-12-28 21:32:09 ERROR STEP FAIL: Category title should match expected category
2025-12-28 21:32:09 ERROR === FAIL  tests.CategoryTests.categoryTitle_shouldMatchExpectedByScore[Exp#6 [f1=1, f2=2, f3=3, f4=3, f5=1, f6=1, f7=2, f8=2]] ===
java.lang.AssertionError: Category title should match expected category
	at org.junit.Assert.fail(Assert.java:89) ~[junit-4.13.jar:4.13]
	at org.junit.Assert.assertTrue(Assert.java:42) ~[junit-4.13.jar:4.13]
	at tests.BaseTest.checkTrue(BaseTest.java:79) ~[test-classes/:?]
	at tests.CategoryTests.categoryTitle_shouldMatchExpectedByScore(CategoryTests.java:36) ~[test-classes/:?]
	at jdk.internal.reflect.DirectMethodHandleAccessor.invoke(DirectMethodHandleAccessor.java:103) ~[?:?]
	at java.lang.reflect.Method.invoke(Method.java:580) ~[?:?]
	at org.junit.runners.model.FrameworkMethod$1.runReflectiveCall(FrameworkMethod.java:59) ~[junit-4.13.jar:4.13]
	at org.junit.internal.runners.model.ReflectiveCallable.run(ReflectiveCallable.java:12) ~[junit-4.13.jar:4.13]
	at org.junit.runners.model.FrameworkMethod.invokeExplosively(FrameworkMethod.java:56) ~[junit-4.13.jar:4.13]
	at org.junit.internal.runners.statements.InvokeMethod.evaluate(InvokeMethod.java:17) ~[junit-4.13.jar:4.13]
	at org.junit.internal.runners.statements.RunBefores.evaluate(RunBefores.java:26) ~[junit-4.13.jar:4.13]
	at org.junit.internal.runners.statements.RunAfters.evaluate(RunAfters.java:27) ~[junit-4.13.jar:4.13]
	at org.junit.rules.TestWatcher$1.evaluate(TestWatcher.java:61) [junit-4.13.jar:4.13]
	at org.junit.runners.ParentRunner$3.evaluate(ParentRunner.java:306) [junit-4.13.jar:4.13]
	at org.junit.runners.BlockJUnit4ClassRunner$1.evaluate(BlockJUnit4ClassRunner.java:100) [junit-4.13.jar:4.13]
	at org.junit.runners.ParentRunner.runLeaf(ParentRunner.java:366) [junit-4.13.jar:4.13]
	at org.junit.runners.BlockJUnit4ClassRunner.runChild(BlockJUnit4ClassRunner.java:103) [junit-4.13.jar:4.13]
	at org.junit.runners.BlockJUnit4ClassRunner.runChild(BlockJUnit4ClassRunner.java:63) [junit-4.13.jar:4.13]
	at org.junit.runners.ParentRunner$4.run(ParentRunner.java:331) [junit-4.13.jar:4.13]
	at org.junit.runners.ParentRunner$1.schedule(ParentRunner.java:79) [junit-4.13.jar:4.13]
	at org.junit.runners.ParentRunner.runChildren(ParentRunner.java:329) [junit-4.13.jar:4.13]
	at org.junit.runners.ParentRunner.access$100(ParentRunner.java:66) [junit-4.13.jar:4.13]
	at org.junit.runners.ParentRunner$2.evaluate(ParentRunner.java:293) [junit-4.13.jar:4.13]
	at org.junit.runners.ParentRunner.run(ParentRunner.java:413) [junit-4.13.jar:4.13]
	at org.junit.runners.Suite.runChild(Suite.java:128) [junit-4.13.jar:4.13]
	at org.junit.runners.Suite.runChild(Suite.java:27) [junit-4.13.jar:4.13]
	at org.junit.runners.ParentRunner$4.run(ParentRunner.java:331) [junit-4.13.jar:4.13]
	at org.junit.runners.ParentRunner$1.schedule(ParentRunner.java:79) [junit-4.13.jar:4.13]
	at org.junit.runners.ParentRunner.runChildren(ParentRunner.java:329) [junit-4.13.jar:4.13]
	at org.junit.runners.ParentRunner.access$100(ParentRunner.java:66) [junit-4.13.jar:4.13]
	at org.junit.runners.ParentRunner$2.evaluate(ParentRunner.java:293) [junit-4.13.jar:4.13]
	at org.junit.runners.ParentRunner$3.evaluate(ParentRunner.java:306) [junit-4.13.jar:4.13]
	at org.junit.runners.ParentRunner.run(ParentRunner.java:413) [junit-4.13.jar:4.13]
	at org.eclipse.jdt.internal.junit4.runner.JUnit4TestReference.run(JUnit4TestReference.java:93) [.cp/:?]
	at org.eclipse.jdt.internal.junit.runner.TestExecution.run(TestExecution.java:40) [.cp/:?]
	at org.eclipse.jdt.internal.junit.runner.RemoteTestRunner.runTests(RemoteTestRunner.java:530) [.cp/:?]
	at org.eclipse.jdt.internal.junit.runner.RemoteTestRunner.runTests(RemoteTestRunner.java:758) [.cp/:?]
	at org.eclipse.jdt.internal.junit.runner.RemoteTestRunner.run(RemoteTestRunner.java:453) [.cp/:?]
	at org.eclipse.jdt.internal.junit.runner.RemoteTestRunner.main(RemoteTestRunner.java:211) [.cp/:?]
2025-12-28 21:32:09 INFO  === END   tests.CategoryTests.categoryTitle_shouldMatchExpectedByScore[Exp#6 [f1=1, f2=2, f3=3, f4=3, f5=1, f6=1, f7=2, f8=2]] ===
2025-12-28 21:33:27 INFO  === START tests.CategoryTests.categoryTitle_shouldMatchExpectedByScore[Exp#1 [f1=1, f2=1, f3=1, f4=1, f5=1, f6=1, f7=1, f8=1]] ===
2025-12-28 21:33:35 INFO  STEP: Expected category=Sunglasses, actual title=Sunglasses
2025-12-28 21:33:35 INFO  STEP PASS: Category title should match expected category
2025-12-28 21:33:35 INFO  === PASS  tests.CategoryTests.categoryTitle_shouldMatchExpectedByScore[Exp#1 [f1=1, f2=1, f3=1, f4=1, f5=1, f6=1, f7=1, f8=1]] ===
2025-12-28 21:33:35 INFO  === END   tests.CategoryTests.categoryTitle_shouldMatchExpectedByScore[Exp#1 [f1=1, f2=1, f3=1, f4=1, f5=1, f6=1, f7=1, f8=1]] ===
2025-12-28 21:33:35 INFO  === START tests.CategoryTests.categoryTitle_shouldMatchExpectedByScore[Exp#2 [f1=1, f2=1, f3=2, f4=2, f5=2, f6=2, f7=2, f8=2]] ===
2025-12-28 21:33:42 INFO  STEP: Expected category=Kitchen Accessories, actual title=Kitchen Accessories
2025-12-28 21:33:42 INFO  STEP PASS: Category title should match expected category
2025-12-28 21:33:43 INFO  === PASS  tests.CategoryTests.categoryTitle_shouldMatchExpectedByScore[Exp#2 [f1=1, f2=1, f3=2, f4=2, f5=2, f6=2, f7=2, f8=2]] ===
2025-12-28 21:33:43 INFO  === END   tests.CategoryTests.categoryTitle_shouldMatchExpectedByScore[Exp#2 [f1=1, f2=1, f3=2, f4=2, f5=2, f6=2, f7=2, f8=2]] ===
2025-12-28 21:33:43 INFO  === START tests.CategoryTests.categoryTitle_shouldMatchExpectedByScore[Exp#3 [f1=1, f2=1, f3=3, f4=3, f5=3, f6=3, f7=3, f8=3]] ===
2025-12-28 21:33:48 INFO  STEP: Expected category=Tablets, actual title=Tablets
2025-12-28 21:33:48 INFO  STEP PASS: Category title should match expected category
2025-12-28 21:33:49 INFO  === PASS  tests.CategoryTests.categoryTitle_shouldMatchExpectedByScore[Exp#3 [f1=1, f2=1, f3=3, f4=3, f5=3, f6=3, f7=3, f8=3]] ===
2025-12-28 21:33:49 INFO  === END   tests.CategoryTests.categoryTitle_shouldMatchExpectedByScore[Exp#3 [f1=1, f2=1, f3=3, f4=3, f5=3, f6=3, f7=3, f8=3]] ===
2025-12-28 21:33:49 INFO  === START tests.CategoryTests.categoryTitle_shouldMatchExpectedByScore[Exp#4 [f1=1, f2=2, f3=1, f4=1, f5=2, f6=2, f7=3, f8=3]] ===
2025-12-28 21:33:54 INFO  STEP: Expected category=Home Decoration, actual title=Home Decoration
2025-12-28 21:33:54 INFO  STEP PASS: Category title should match expected category
2025-12-28 21:33:55 INFO  === PASS  tests.CategoryTests.categoryTitle_shouldMatchExpectedByScore[Exp#4 [f1=1, f2=2, f3=1, f4=1, f5=2, f6=2, f7=3, f8=3]] ===
2025-12-28 21:33:55 INFO  === END   tests.CategoryTests.categoryTitle_shouldMatchExpectedByScore[Exp#4 [f1=1, f2=2, f3=1, f4=1, f5=2, f6=2, f7=3, f8=3]] ===
2025-12-28 21:33:55 INFO  === START tests.CategoryTests.categoryTitle_shouldMatchExpectedByScore[Exp#5 [f1=1, f2=2, f3=2, f4=2, f5=3, f6=3, f7=1, f8=1]] ===
2025-12-28 21:34:01 INFO  STEP: Expected category=Kitchen Accessories, actual title=Kitchen Accessories
2025-12-28 21:34:01 INFO  STEP PASS: Category title should match expected category
2025-12-28 21:34:01 INFO  === PASS  tests.CategoryTests.categoryTitle_shouldMatchExpectedByScore[Exp#5 [f1=1, f2=2, f3=2, f4=2, f5=3, f6=3, f7=1, f8=1]] ===
2025-12-28 21:34:01 INFO  === END   tests.CategoryTests.categoryTitle_shouldMatchExpectedByScore[Exp#5 [f1=1, f2=2, f3=2, f4=2, f5=3, f6=3, f7=1, f8=1]] ===
2025-12-28 21:34:01 INFO  === START tests.CategoryTests.categoryTitle_shouldMatchExpectedByScore[Exp#6 [f1=1, f2=2, f3=3, f4=3, f5=1, f6=1, f7=2, f8=2]] ===
2025-12-28 21:34:06 INFO  STEP: Expected category=Sports Accessories, actual title=Sports Accessories
2025-12-28 21:34:06 INFO  STEP PASS: Category title should match expected category
2025-12-28 21:34:07 INFO  === PASS  tests.CategoryTests.categoryTitle_shouldMatchExpectedByScore[Exp#6 [f1=1, f2=2, f3=3, f4=3, f5=1, f6=1, f7=2, f8=2]] ===
2025-12-28 21:34:07 INFO  === END   tests.CategoryTests.categoryTitle_shouldMatchExpectedByScore[Exp#6 [f1=1, f2=2, f3=3, f4=3, f5=1, f6=1, f7=2, f8=2]] ===
2025-12-28 21:34:07 INFO  === START tests.CategoryTests.categoryTitle_shouldMatchExpectedByScore[Exp#7 [f1=1, f2=3, f3=1, f4=2, f5=1, f6=3, f7=2, f8=3]] ===
2025-12-28 21:34:12 INFO  STEP: Expected category=Sports Accessories, actual title=Sports Accessories
2025-12-28 21:34:12 INFO  STEP PASS: Category title should match expected category
2025-12-28 21:34:12 INFO  === PASS  tests.CategoryTests.categoryTitle_shouldMatchExpectedByScore[Exp#7 [f1=1, f2=3, f3=1, f4=2, f5=1, f6=3, f7=2, f8=3]] ===
2025-12-28 21:34:12 INFO  === END   tests.CategoryTests.categoryTitle_shouldMatchExpectedByScore[Exp#7 [f1=1, f2=3, f3=1, f4=2, f5=1, f6=3, f7=2, f8=3]] ===
2025-12-28 21:34:12 INFO  === START tests.CategoryTests.categoryTitle_shouldMatchExpectedByScore[Exp#8 [f1=1, f2=3, f3=2, f4=3, f5=2, f6=1, f7=3, f8=1]] ===
2025-12-28 21:34:18 INFO  STEP: Expected category=Smartphones, actual title=Smartphones
2025-12-28 21:34:18 INFO  STEP PASS: Category title should match expected category
2025-12-28 21:34:18 INFO  === PASS  tests.CategoryTests.categoryTitle_shouldMatchExpectedByScore[Exp#8 [f1=1, f2=3, f3=2, f4=3, f5=2, f6=1, f7=3, f8=1]] ===
2025-12-28 21:34:18 INFO  === END   tests.CategoryTests.categoryTitle_shouldMatchExpectedByScore[Exp#8 [f1=1, f2=3, f3=2, f4=3, f5=2, f6=1, f7=3, f8=1]] ===
2025-12-28 21:34:18 INFO  === START tests.CategoryTests.categoryTitle_shouldMatchExpectedByScore[Exp#9 [f1=1, f2=3, f3=3, f4=1, f5=3, f6=2, f7=1, f8=2]] ===
2025-12-28 21:34:25 INFO  STEP: Expected category=Sports Accessories, actual title=Sports Accessories
2025-12-28 21:34:25 INFO  STEP PASS: Category title should match expected category
2025-12-28 21:34:25 INFO  === PASS  tests.CategoryTests.categoryTitle_shouldMatchExpectedByScore[Exp#9 [f1=1, f2=3, f3=3, f4=1, f5=3, f6=2, f7=1, f8=2]] ===
2025-12-28 21:34:25 INFO  === END   tests.CategoryTests.categoryTitle_shouldMatchExpectedByScore[Exp#9 [f1=1, f2=3, f3=3, f4=1, f5=3, f6=2, f7=1, f8=2]] ===
2025-12-28 21:34:25 INFO  === START tests.CategoryTests.categoryTitle_shouldMatchExpectedByScore[Exp#10 [f1=2, f2=1, f3=1, f4=3, f5=3, f6=2, f7=2, f8=1]] ===
2025-12-28 21:34:31 INFO  STEP: Expected category=Kitchen Accessories, actual title=Kitchen Accessories
2025-12-28 21:34:31 INFO  STEP PASS: Category title should match expected category
2025-12-28 21:34:31 INFO  === PASS  tests.CategoryTests.categoryTitle_shouldMatchExpectedByScore[Exp#10 [f1=2, f2=1, f3=1, f4=3, f5=3, f6=2, f7=2, f8=1]] ===
2025-12-28 21:34:31 INFO  === END   tests.CategoryTests.categoryTitle_shouldMatchExpectedByScore[Exp#10 [f1=2, f2=1, f3=1, f4=3, f5=3, f6=2, f7=2, f8=1]] ===
2025-12-28 21:34:31 INFO  === START tests.CategoryTests.categoryTitle_shouldMatchExpectedByScore[Exp#11 [f1=2, f2=1, f3=2, f4=1, f5=1, f6=3, f7=3, f8=2]] ===
2025-12-28 21:34:37 INFO  STEP: Expected category=Kitchen Accessories, actual title=Kitchen Accessories
2025-12-28 21:34:37 INFO  STEP PASS: Category title should match expected category
2025-12-28 21:34:37 INFO  === PASS  tests.CategoryTests.categoryTitle_shouldMatchExpectedByScore[Exp#11 [f1=2, f2=1, f3=2, f4=1, f5=1, f6=3, f7=3, f8=2]] ===
2025-12-28 21:34:37 INFO  === END   tests.CategoryTests.categoryTitle_shouldMatchExpectedByScore[Exp#11 [f1=2, f2=1, f3=2, f4=1, f5=1, f6=3, f7=3, f8=2]] ===
2025-12-28 21:34:37 INFO  === START tests.CategoryTests.categoryTitle_shouldMatchExpectedByScore[Exp#12 [f1=2, f2=1, f3=3, f4=2, f5=2, f6=1, f7=1, f8=3]] ===
2025-12-28 21:34:44 INFO  STEP: Expected category=Sports Accessories, actual title=Sports Accessories
2025-12-28 21:34:44 INFO  STEP PASS: Category title should match expected category
2025-12-28 21:34:44 INFO  === PASS  tests.CategoryTests.categoryTitle_shouldMatchExpectedByScore[Exp#12 [f1=2, f2=1, f3=3, f4=2, f5=2, f6=1, f7=1, f8=3]] ===
2025-12-28 21:34:44 INFO  === END   tests.CategoryTests.categoryTitle_shouldMatchExpectedByScore[Exp#12 [f1=2, f2=1, f3=3, f4=2, f5=2, f6=1, f7=1, f8=3]] ===
2025-12-28 21:34:44 INFO  === START tests.CategoryTests.categoryTitle_shouldMatchExpectedByScore[Exp#13 [f1=2, f2=2, f3=1, f4=2, f5=3, f6=1, f7=3, f8=2]] ===
2025-12-28 21:34:50 INFO  STEP: Expected category=Sports Accessories, actual title=Sports Accessories
2025-12-28 21:34:50 INFO  STEP PASS: Category title should match expected category
2025-12-28 21:34:50 INFO  === PASS  tests.CategoryTests.categoryTitle_shouldMatchExpectedByScore[Exp#13 [f1=2, f2=2, f3=1, f4=2, f5=3, f6=1, f7=3, f8=2]] ===
2025-12-28 21:34:50 INFO  === END   tests.CategoryTests.categoryTitle_shouldMatchExpectedByScore[Exp#13 [f1=2, f2=2, f3=1, f4=2, f5=3, f6=1, f7=3, f8=2]] ===
2025-12-28 21:34:50 INFO  === START tests.CategoryTests.categoryTitle_shouldMatchExpectedByScore[Exp#14 [f1=2, f2=2, f3=2, f4=3, f5=1, f6=2, f7=1, f8=3]] ===
2025-12-28 21:34:56 INFO  STEP: Expected category=Smartphones, actual title=Smartphones
2025-12-28 21:34:56 INFO  STEP PASS: Category title should match expected category
2025-12-28 21:34:56 INFO  === PASS  tests.CategoryTests.categoryTitle_shouldMatchExpectedByScore[Exp#14 [f1=2, f2=2, f3=2, f4=3, f5=1, f6=2, f7=1, f8=3]] ===
2025-12-28 21:34:56 INFO  === END   tests.CategoryTests.categoryTitle_shouldMatchExpectedByScore[Exp#14 [f1=2, f2=2, f3=2, f4=3, f5=1, f6=2, f7=1, f8=3]] ===
2025-12-28 21:34:56 INFO  === START tests.CategoryTests.categoryTitle_shouldMatchExpectedByScore[Exp#15 [f1=2, f2=2, f3=3, f4=1, f5=2, f6=3, f7=2, f8=1]] ===
2025-12-28 21:35:02 INFO  STEP: Expected category=Home Decoration, actual title=Motorcycles
2025-12-28 21:35:02 ERROR STEP FAIL: Category title should match expected category
2025-12-28 21:35:02 ERROR === FAIL  tests.CategoryTests.categoryTitle_shouldMatchExpectedByScore[Exp#15 [f1=2, f2=2, f3=3, f4=1, f5=2, f6=3, f7=2, f8=1]] ===
java.lang.AssertionError: Category title should match expected category
	at org.junit.Assert.fail(Assert.java:89) ~[junit-4.13.jar:4.13]
	at org.junit.Assert.assertTrue(Assert.java:42) ~[junit-4.13.jar:4.13]
	at tests.BaseTest.checkTrue(BaseTest.java:79) ~[test-classes/:?]
	at tests.CategoryTests.categoryTitle_shouldMatchExpectedByScore(CategoryTests.java:36) ~[test-classes/:?]
	at jdk.internal.reflect.DirectMethodHandleAccessor.invoke(DirectMethodHandleAccessor.java:103) ~[?:?]
	at java.lang.reflect.Method.invoke(Method.java:580) ~[?:?]
	at org.junit.runners.model.FrameworkMethod$1.runReflectiveCall(FrameworkMethod.java:59) ~[junit-4.13.jar:4.13]
	at org.junit.internal.runners.model.ReflectiveCallable.run(ReflectiveCallable.java:12) ~[junit-4.13.jar:4.13]
	at org.junit.runners.model.FrameworkMethod.invokeExplosively(FrameworkMethod.java:56) ~[junit-4.13.jar:4.13]
	at org.junit.internal.runners.statements.InvokeMethod.evaluate(InvokeMethod.java:17) ~[junit-4.13.jar:4.13]
	at org.junit.internal.runners.statements.RunBefores.evaluate(RunBefores.java:26) ~[junit-4.13.jar:4.13]
	at org.junit.internal.runners.statements.RunAfters.evaluate(RunAfters.java:27) ~[junit-4.13.jar:4.13]
	at org.junit.rules.TestWatcher$1.evaluate(TestWatcher.java:61) [junit-4.13.jar:4.13]
	at org.junit.runners.ParentRunner$3.evaluate(ParentRunner.java:306) [junit-4.13.jar:4.13]
	at org.junit.runners.BlockJUnit4ClassRunner$1.evaluate(BlockJUnit4ClassRunner.java:100) [junit-4.13.jar:4.13]
	at org.junit.runners.ParentRunner.runLeaf(ParentRunner.java:366) [junit-4.13.jar:4.13]
	at org.junit.runners.BlockJUnit4ClassRunner.runChild(BlockJUnit4ClassRunner.java:103) [junit-4.13.jar:4.13]
	at org.junit.runners.BlockJUnit4ClassRunner.runChild(BlockJUnit4ClassRunner.java:63) [junit-4.13.jar:4.13]
	at org.junit.runners.ParentRunner$4.run(ParentRunner.java:331) [junit-4.13.jar:4.13]
	at org.junit.runners.ParentRunner$1.schedule(ParentRunner.java:79) [junit-4.13.jar:4.13]
	at org.junit.runners.ParentRunner.runChildren(ParentRunner.java:329) [junit-4.13.jar:4.13]
	at org.junit.runners.ParentRunner.access$100(ParentRunner.java:66) [junit-4.13.jar:4.13]
	at org.junit.runners.ParentRunner$2.evaluate(ParentRunner.java:293) [junit-4.13.jar:4.13]
	at org.junit.runners.ParentRunner.run(ParentRunner.java:413) [junit-4.13.jar:4.13]
	at org.junit.runners.Suite.runChild(Suite.java:128) [junit-4.13.jar:4.13]
	at org.junit.runners.Suite.runChild(Suite.java:27) [junit-4.13.jar:4.13]
	at org.junit.runners.ParentRunner$4.run(ParentRunner.java:331) [junit-4.13.jar:4.13]
	at org.junit.runners.ParentRunner$1.schedule(ParentRunner.java:79) [junit-4.13.jar:4.13]
	at org.junit.runners.ParentRunner.runChildren(ParentRunner.java:329) [junit-4.13.jar:4.13]
	at org.junit.runners.ParentRunner.access$100(ParentRunner.java:66) [junit-4.13.jar:4.13]
	at org.junit.runners.ParentRunner$2.evaluate(ParentRunner.java:293) [junit-4.13.jar:4.13]
	at org.junit.runners.ParentRunner$3.evaluate(ParentRunner.java:306) [junit-4.13.jar:4.13]
	at org.junit.runners.ParentRunner.run(ParentRunner.java:413) [junit-4.13.jar:4.13]
	at org.eclipse.jdt.internal.junit4.runner.JUnit4TestReference.run(JUnit4TestReference.java:93) [.cp/:?]
	at org.eclipse.jdt.internal.junit.runner.TestExecution.run(TestExecution.java:40) [.cp/:?]
	at org.eclipse.jdt.internal.junit.runner.RemoteTestRunner.runTests(RemoteTestRunner.java:530) [.cp/:?]
	at org.eclipse.jdt.internal.junit.runner.RemoteTestRunner.runTests(RemoteTestRunner.java:758) [.cp/:?]
	at org.eclipse.jdt.internal.junit.runner.RemoteTestRunner.run(RemoteTestRunner.java:453) [.cp/:?]
	at org.eclipse.jdt.internal.junit.runner.RemoteTestRunner.main(RemoteTestRunner.java:211) [.cp/:?]
2025-12-28 21:35:02 INFO  === END   tests.CategoryTests.categoryTitle_shouldMatchExpectedByScore[Exp#15 [f1=2, f2=2, f3=3, f4=1, f5=2, f6=3, f7=2, f8=1]] ===
2025-12-28 21:35:02 INFO  === START tests.CategoryTests.categoryTitle_shouldMatchExpectedByScore[Exp#16 [f1=2, f2=3, f3=1, f4=3, f5=2, f6=3, f7=1, f8=2]] ===
2025-12-28 21:35:09 INFO  STEP: Expected category=Smartphones, actual title=Smartphones
2025-12-28 21:35:09 INFO  STEP PASS: Category title should match expected category
2025-12-28 21:35:09 INFO  === PASS  tests.CategoryTests.categoryTitle_shouldMatchExpectedByScore[Exp#16 [f1=2, f2=3, f3=1, f4=3, f5=2, f6=3, f7=1, f8=2]] ===
2025-12-28 21:35:09 INFO  === END   tests.CategoryTests.categoryTitle_shouldMatchExpectedByScore[Exp#16 [f1=2, f2=3, f3=1, f4=3, f5=2, f6=3, f7=1, f8=2]] ===
2025-12-28 21:35:09 INFO  === START tests.CategoryTests.categoryTitle_shouldMatchExpectedByScore[Exp#17 [f1=2, f2=3, f3=2, f4=1, f5=3, f6=1, f7=2, f8=3]] ===
2025-12-28 21:35:15 INFO  STEP: Expected category=Tablets, actual title=Tablets
2025-12-28 21:35:15 INFO  STEP PASS: Category title should match expected category
2025-12-28 21:35:15 INFO  === PASS  tests.CategoryTests.categoryTitle_shouldMatchExpectedByScore[Exp#17 [f1=2, f2=3, f3=2, f4=1, f5=3, f6=1, f7=2, f8=3]] ===
2025-12-28 21:35:15 INFO  === END   tests.CategoryTests.categoryTitle_shouldMatchExpectedByScore[Exp#17 [f1=2, f2=3, f3=2, f4=1, f5=3, f6=1, f7=2, f8=3]] ===
2025-12-28 21:35:15 INFO  === START tests.CategoryTests.categoryTitle_shouldMatchExpectedByScore[Exp#18 [f1=2, f2=3, f3=3, f4=2, f5=1, f6=2, f7=3, f8=1]] ===
2025-12-28 21:35:20 INFO  STEP: Expected category=Smartphones, actual title=Smartphones
2025-12-28 21:35:20 INFO  STEP PASS: Category title should match expected category
2025-12-28 21:35:21 INFO  === PASS  tests.CategoryTests.categoryTitle_shouldMatchExpectedByScore[Exp#18 [f1=2, f2=3, f3=3, f4=2, f5=1, f6=2, f7=3, f8=1]] ===
2025-12-28 21:35:21 INFO  === END   tests.CategoryTests.categoryTitle_shouldMatchExpectedByScore[Exp#18 [f1=2, f2=3, f3=3, f4=2, f5=1, f6=2, f7=3, f8=1]] ===
2025-12-28 21:35:21 INFO  === START tests.CategoryTests.categoryTitle_shouldMatchExpectedByScore[Exp#19 [f1=2, f2=3, f3=3, f4=2, f5=1, f6=1, f7=1, f8=2]] ===
2025-12-28 21:35:26 INFO  STEP: Expected category=Home Decoration, actual title=Home Decoration
2025-12-28 21:35:26 INFO  STEP PASS: Category title should match expected category
2025-12-28 21:35:26 INFO  === PASS  tests.CategoryTests.categoryTitle_shouldMatchExpectedByScore[Exp#19 [f1=2, f2=3, f3=3, f4=2, f5=1, f6=1, f7=1, f8=2]] ===
2025-12-28 21:35:26 INFO  === END   tests.CategoryTests.categoryTitle_shouldMatchExpectedByScore[Exp#19 [f1=2, f2=3, f3=3, f4=2, f5=1, f6=1, f7=1, f8=2]] ===
2025-12-28 21:35:26 INFO  === START tests.CategoryTests.categoryTitle_shouldMatchExpectedByScore[Exp#20 [f1=2, f2=3, f3=3, f4=3, f5=3, f6=3, f7=3, f8=3]] ===
2025-12-28 21:35:31 INFO  STEP: Expected category=Tablets, actual title=Tablets
2025-12-28 21:35:31 INFO  STEP PASS: Category title should match expected category
2025-12-28 21:35:32 INFO  === PASS  tests.CategoryTests.categoryTitle_shouldMatchExpectedByScore[Exp#20 [f1=2, f2=3, f3=3, f4=3, f5=3, f6=3, f7=3, f8=3]] ===
2025-12-28 21:35:32 INFO  === END   tests.CategoryTests.categoryTitle_shouldMatchExpectedByScore[Exp#20 [f1=2, f2=3, f3=3, f4=3, f5=3, f6=3, f7=3, f8=3]] ===
2025-12-28 21:45:26 INFO  === START tests.SmokeTests.openFillSubmit[Exp#1 [f1=1, f2=1, f3=1, f4=1, f5=1, f6=1, f7=1, f8=1]] ===
2025-12-28 21:45:28 INFO  STEP: Navigate to results using Exp#1 [f1=1, f2=1, f3=1, f4=1, f5=1, f6=1, f7=1, f8=1]
2025-12-28 21:45:34 INFO  STEP: Verify cards count (actual = 5)
2025-12-28 21:45:34 INFO  STEP PASS: Expected 5 product cards
2025-12-28 21:45:35 INFO  === PASS  tests.SmokeTests.openFillSubmit[Exp#1 [f1=1, f2=1, f3=1, f4=1, f5=1, f6=1, f7=1, f8=1]] ===
2025-12-28 21:45:35 INFO  === END   tests.SmokeTests.openFillSubmit[Exp#1 [f1=1, f2=1, f3=1, f4=1, f5=1, f6=1, f7=1, f8=1]] ===
2025-12-28 21:45:35 INFO  === START tests.SmokeTests.openFillSubmit_shouldShowResultsAndCards[Exp#1 [f1=1, f2=1, f3=1, f4=1, f5=1, f6=1, f7=1, f8=1]] ===
2025-12-28 21:45:36 INFO  STEP: Navigate to results using Exp#1 [f1=1, f2=1, f3=1, f4=1, f5=1, f6=1, f7=1, f8=1]
2025-12-28 21:45:41 INFO  STEP: Verify results grid is visible
2025-12-28 21:45:41 INFO  STEP PASS: Results grid should be visible
2025-12-28 21:45:42 INFO  === PASS  tests.SmokeTests.openFillSubmit_shouldShowResultsAndCards[Exp#1 [f1=1, f2=1, f3=1, f4=1, f5=1, f6=1, f7=1, f8=1]] ===
2025-12-28 21:45:42 INFO  === END   tests.SmokeTests.openFillSubmit_shouldShowResultsAndCards[Exp#1 [f1=1, f2=1, f3=1, f4=1, f5=1, f6=1, f7=1, f8=1]] ===
2025-12-28 21:45:42 INFO  === START tests.SmokeTests.openFillSubmit[Exp#2 [f1=1, f2=1, f3=2, f4=2, f5=2, f6=2, f7=2, f8=2]] ===
2025-12-28 21:45:43 INFO  STEP: Navigate to results using Exp#2 [f1=1, f2=1, f3=2, f4=2, f5=2, f6=2, f7=2, f8=2]
2025-12-28 21:45:47 INFO  STEP: Verify cards count (actual = 5)
2025-12-28 21:45:47 INFO  STEP PASS: Expected 5 product cards
2025-12-28 21:45:48 INFO  === PASS  tests.SmokeTests.openFillSubmit[Exp#2 [f1=1, f2=1, f3=2, f4=2, f5=2, f6=2, f7=2, f8=2]] ===
2025-12-28 21:45:48 INFO  === END   tests.SmokeTests.openFillSubmit[Exp#2 [f1=1, f2=1, f3=2, f4=2, f5=2, f6=2, f7=2, f8=2]] ===
2025-12-28 21:45:48 INFO  === START tests.SmokeTests.openFillSubmit_shouldShowResultsAndCards[Exp#2 [f1=1, f2=1, f3=2, f4=2, f5=2, f6=2, f7=2, f8=2]] ===
2025-12-28 21:45:49 INFO  STEP: Navigate to results using Exp#2 [f1=1, f2=1, f3=2, f4=2, f5=2, f6=2, f7=2, f8=2]
2025-12-28 21:45:53 INFO  STEP: Verify results grid is visible
2025-12-28 21:45:53 INFO  STEP PASS: Results grid should be visible
2025-12-28 21:45:53 INFO  === PASS  tests.SmokeTests.openFillSubmit_shouldShowResultsAndCards[Exp#2 [f1=1, f2=1, f3=2, f4=2, f5=2, f6=2, f7=2, f8=2]] ===
2025-12-28 21:45:53 INFO  === END   tests.SmokeTests.openFillSubmit_shouldShowResultsAndCards[Exp#2 [f1=1, f2=1, f3=2, f4=2, f5=2, f6=2, f7=2, f8=2]] ===
2025-12-28 21:45:53 INFO  === START tests.SmokeTests.openFillSubmit[Exp#3 [f1=1, f2=1, f3=3, f4=3, f5=3, f6=3, f7=3, f8=3]] ===
2025-12-28 21:45:54 INFO  STEP: Navigate to results using Exp#3 [f1=1, f2=1, f3=3, f4=3, f5=3, f6=3, f7=3, f8=3]
2025-12-28 21:46:01 INFO  STEP: Verify cards count (actual = 4)
2025-12-28 21:46:01 ERROR STEP FAIL: Expected 5 product cards
2025-12-28 21:46:01 ERROR === FAIL  tests.SmokeTests.openFillSubmit[Exp#3 [f1=1, f2=1, f3=3, f4=3, f5=3, f6=3, f7=3, f8=3]] ===
java.lang.AssertionError: Expected 5 product cards
	at org.junit.Assert.fail(Assert.java:89) ~[junit-4.13.jar:4.13]
	at org.junit.Assert.assertTrue(Assert.java:42) ~[junit-4.13.jar:4.13]
	at tests.BaseTest.checkTrue(BaseTest.java:79) ~[test-classes/:?]
	at tests.SmokeTests.openFillSubmit(SmokeTests.java:44) ~[test-classes/:?]
	at jdk.internal.reflect.DirectMethodHandleAccessor.invoke(DirectMethodHandleAccessor.java:103) ~[?:?]
	at java.lang.reflect.Method.invoke(Method.java:580) ~[?:?]
	at org.junit.runners.model.FrameworkMethod$1.runReflectiveCall(FrameworkMethod.java:59) ~[junit-4.13.jar:4.13]
	at org.junit.internal.runners.model.ReflectiveCallable.run(ReflectiveCallable.java:12) ~[junit-4.13.jar:4.13]
	at org.junit.runners.model.FrameworkMethod.invokeExplosively(FrameworkMethod.java:56) ~[junit-4.13.jar:4.13]
	at org.junit.internal.runners.statements.InvokeMethod.evaluate(InvokeMethod.java:17) ~[junit-4.13.jar:4.13]
	at org.junit.internal.runners.statements.RunBefores.evaluate(RunBefores.java:26) ~[junit-4.13.jar:4.13]
	at org.junit.internal.runners.statements.RunAfters.evaluate(RunAfters.java:27) ~[junit-4.13.jar:4.13]
	at org.junit.rules.TestWatcher$1.evaluate(TestWatcher.java:61) [junit-4.13.jar:4.13]
	at org.junit.runners.ParentRunner$3.evaluate(ParentRunner.java:306) [junit-4.13.jar:4.13]
	at org.junit.runners.BlockJUnit4ClassRunner$1.evaluate(BlockJUnit4ClassRunner.java:100) [junit-4.13.jar:4.13]
	at org.junit.runners.ParentRunner.runLeaf(ParentRunner.java:366) [junit-4.13.jar:4.13]
	at org.junit.runners.BlockJUnit4ClassRunner.runChild(BlockJUnit4ClassRunner.java:103) [junit-4.13.jar:4.13]
	at org.junit.runners.BlockJUnit4ClassRunner.runChild(BlockJUnit4ClassRunner.java:63) [junit-4.13.jar:4.13]
	at org.junit.runners.ParentRunner$4.run(ParentRunner.java:331) [junit-4.13.jar:4.13]
	at org.junit.runners.ParentRunner$1.schedule(ParentRunner.java:79) [junit-4.13.jar:4.13]
	at org.junit.runners.ParentRunner.runChildren(ParentRunner.java:329) [junit-4.13.jar:4.13]
	at org.junit.runners.ParentRunner.access$100(ParentRunner.java:66) [junit-4.13.jar:4.13]
	at org.junit.runners.ParentRunner$2.evaluate(ParentRunner.java:293) [junit-4.13.jar:4.13]
	at org.junit.runners.ParentRunner.run(ParentRunner.java:413) [junit-4.13.jar:4.13]
	at org.junit.runners.Suite.runChild(Suite.java:128) [junit-4.13.jar:4.13]
	at org.junit.runners.Suite.runChild(Suite.java:27) [junit-4.13.jar:4.13]
	at org.junit.runners.ParentRunner$4.run(ParentRunner.java:331) [junit-4.13.jar:4.13]
	at org.junit.runners.ParentRunner$1.schedule(ParentRunner.java:79) [junit-4.13.jar:4.13]
	at org.junit.runners.ParentRunner.runChildren(ParentRunner.java:329) [junit-4.13.jar:4.13]
	at org.junit.runners.ParentRunner.access$100(ParentRunner.java:66) [junit-4.13.jar:4.13]
	at org.junit.runners.ParentRunner$2.evaluate(ParentRunner.java:293) [junit-4.13.jar:4.13]
	at org.junit.runners.ParentRunner$3.evaluate(ParentRunner.java:306) [junit-4.13.jar:4.13]
	at org.junit.runners.ParentRunner.run(ParentRunner.java:413) [junit-4.13.jar:4.13]
	at org.eclipse.jdt.internal.junit4.runner.JUnit4TestReference.run(JUnit4TestReference.java:93) [.cp/:?]
	at org.eclipse.jdt.internal.junit.runner.TestExecution.run(TestExecution.java:40) [.cp/:?]
	at org.eclipse.jdt.internal.junit.runner.RemoteTestRunner.runTests(RemoteTestRunner.java:530) [.cp/:?]
	at org.eclipse.jdt.internal.junit.runner.RemoteTestRunner.runTests(RemoteTestRunner.java:758) [.cp/:?]
	at org.eclipse.jdt.internal.junit.runner.RemoteTestRunner.run(RemoteTestRunner.java:453) [.cp/:?]
	at org.eclipse.jdt.internal.junit.runner.RemoteTestRunner.main(RemoteTestRunner.java:211) [.cp/:?]
2025-12-28 21:46:01 INFO  === END   tests.SmokeTests.openFillSubmit[Exp#3 [f1=1, f2=1, f3=3, f4=3, f5=3, f6=3, f7=3, f8=3]] ===
2025-12-28 21:46:01 INFO  === START tests.SmokeTests.openFillSubmit_shouldShowResultsAndCards[Exp#3 [f1=1, f2=1, f3=3, f4=3, f5=3, f6=3, f7=3, f8=3]] ===
2025-12-28 21:46:02 INFO  STEP: Navigate to results using Exp#3 [f1=1, f2=1, f3=3, f4=3, f5=3, f6=3, f7=3, f8=3]
2025-12-28 21:46:08 INFO  STEP: Verify results grid is visible
2025-12-28 21:46:08 INFO  STEP PASS: Results grid should be visible
2025-12-28 21:46:08 INFO  === PASS  tests.SmokeTests.openFillSubmit_shouldShowResultsAndCards[Exp#3 [f1=1, f2=1, f3=3, f4=3, f5=3, f6=3, f7=3, f8=3]] ===
2025-12-28 21:46:08 INFO  === END   tests.SmokeTests.openFillSubmit_shouldShowResultsAndCards[Exp#3 [f1=1, f2=1, f3=3, f4=3, f5=3, f6=3, f7=3, f8=3]] ===
2025-12-28 21:46:08 INFO  === START tests.SmokeTests.openFillSubmit[Exp#4 [f1=1, f2=2, f3=1, f4=1, f5=2, f6=2, f7=3, f8=3]] ===
2025-12-28 21:46:10 INFO  STEP: Navigate to results using Exp#4 [f1=1, f2=2, f3=1, f4=1, f5=2, f6=2, f7=3, f8=3]
2025-12-28 21:46:14 INFO  STEP: Verify cards count (actual = 5)
2025-12-28 21:46:14 INFO  STEP PASS: Expected 5 product cards
2025-12-28 21:46:14 INFO  === PASS  tests.SmokeTests.openFillSubmit[Exp#4 [f1=1, f2=2, f3=1, f4=1, f5=2, f6=2, f7=3, f8=3]] ===
2025-12-28 21:46:14 INFO  === END   tests.SmokeTests.openFillSubmit[Exp#4 [f1=1, f2=2, f3=1, f4=1, f5=2, f6=2, f7=3, f8=3]] ===
2025-12-28 21:46:14 INFO  === START tests.SmokeTests.openFillSubmit_shouldShowResultsAndCards[Exp#4 [f1=1, f2=2, f3=1, f4=1, f5=2, f6=2, f7=3, f8=3]] ===
2025-12-28 21:46:15 INFO  STEP: Navigate to results using Exp#4 [f1=1, f2=2, f3=1, f4=1, f5=2, f6=2, f7=3, f8=3]
2025-12-28 21:46:20 INFO  STEP: Verify results grid is visible
2025-12-28 21:46:20 INFO  STEP PASS: Results grid should be visible
2025-12-28 21:46:20 INFO  === PASS  tests.SmokeTests.openFillSubmit_shouldShowResultsAndCards[Exp#4 [f1=1, f2=2, f3=1, f4=1, f5=2, f6=2, f7=3, f8=3]] ===
2025-12-28 21:46:20 INFO  === END   tests.SmokeTests.openFillSubmit_shouldShowResultsAndCards[Exp#4 [f1=1, f2=2, f3=1, f4=1, f5=2, f6=2, f7=3, f8=3]] ===
2025-12-28 21:46:20 INFO  === START tests.SmokeTests.openFillSubmit[Exp#5 [f1=1, f2=2, f3=2, f4=2, f5=3, f6=3, f7=1, f8=1]] ===
2025-12-28 21:46:21 INFO  STEP: Navigate to results using Exp#5 [f1=1, f2=2, f3=2, f4=2, f5=3, f6=3, f7=1, f8=1]
2025-12-28 21:46:26 INFO  STEP: Verify cards count (actual = 5)
2025-12-28 21:46:26 INFO  STEP PASS: Expected 5 product cards
2025-12-28 21:46:26 INFO  === PASS  tests.SmokeTests.openFillSubmit[Exp#5 [f1=1, f2=2, f3=2, f4=2, f5=3, f6=3, f7=1, f8=1]] ===
2025-12-28 21:46:26 INFO  === END   tests.SmokeTests.openFillSubmit[Exp#5 [f1=1, f2=2, f3=2, f4=2, f5=3, f6=3, f7=1, f8=1]] ===
2025-12-28 21:46:26 INFO  === START tests.SmokeTests.openFillSubmit_shouldShowResultsAndCards[Exp#5 [f1=1, f2=2, f3=2, f4=2, f5=3, f6=3, f7=1, f8=1]] ===
2025-12-28 21:46:27 INFO  STEP: Navigate to results using Exp#5 [f1=1, f2=2, f3=2, f4=2, f5=3, f6=3, f7=1, f8=1]
2025-12-28 21:46:31 INFO  STEP: Verify results grid is visible
2025-12-28 21:46:31 INFO  STEP PASS: Results grid should be visible
2025-12-28 21:46:32 INFO  === PASS  tests.SmokeTests.openFillSubmit_shouldShowResultsAndCards[Exp#5 [f1=1, f2=2, f3=2, f4=2, f5=3, f6=3, f7=1, f8=1]] ===
2025-12-28 21:46:32 INFO  === END   tests.SmokeTests.openFillSubmit_shouldShowResultsAndCards[Exp#5 [f1=1, f2=2, f3=2, f4=2, f5=3, f6=3, f7=1, f8=1]] ===
2025-12-28 21:46:32 INFO  === START tests.SmokeTests.openFillSubmit[Exp#6 [f1=1, f2=2, f3=3, f4=3, f5=1, f6=1, f7=2, f8=2]] ===
2025-12-28 21:46:33 INFO  STEP: Navigate to results using Exp#6 [f1=1, f2=2, f3=3, f4=3, f5=1, f6=1, f7=2, f8=2]
2025-12-28 21:46:37 INFO  STEP: Verify cards count (actual = 5)
2025-12-28 21:46:37 INFO  STEP PASS: Expected 5 product cards
2025-12-28 21:46:37 INFO  === PASS  tests.SmokeTests.openFillSubmit[Exp#6 [f1=1, f2=2, f3=3, f4=3, f5=1, f6=1, f7=2, f8=2]] ===
2025-12-28 21:46:37 INFO  === END   tests.SmokeTests.openFillSubmit[Exp#6 [f1=1, f2=2, f3=3, f4=3, f5=1, f6=1, f7=2, f8=2]] ===
2025-12-28 21:50:15 INFO  === START tests.SmokeTests.openFillSubmit[Exp#1 [f1=1, f2=1, f3=1, f4=1, f5=1, f6=1, f7=1, f8=1]] ===
2025-12-28 21:50:17 INFO  STEP: Navigate to results using Exp#1 [f1=1, f2=1, f3=1, f4=1, f5=1, f6=1, f7=1, f8=1]
2025-12-28 21:50:24 INFO  STEP: Verify cards count (actual = 5)
2025-12-28 21:50:24 INFO  STEP PASS: Expected 5 product cards
2025-12-28 21:50:25 INFO  === PASS  tests.SmokeTests.openFillSubmit[Exp#1 [f1=1, f2=1, f3=1, f4=1, f5=1, f6=1, f7=1, f8=1]] ===
2025-12-28 21:50:25 INFO  === END   tests.SmokeTests.openFillSubmit[Exp#1 [f1=1, f2=1, f3=1, f4=1, f5=1, f6=1, f7=1, f8=1]] ===
2025-12-28 21:50:25 INFO  === START tests.SmokeTests.openFillSubmit[Exp#2 [f1=1, f2=1, f3=2, f4=2, f5=2, f6=2, f7=2, f8=2]] ===
2025-12-28 21:50:26 INFO  STEP: Navigate to results using Exp#2 [f1=1, f2=1, f3=2, f4=2, f5=2, f6=2, f7=2, f8=2]
2025-12-28 21:50:31 INFO  STEP: Verify cards count (actual = 5)
2025-12-28 21:50:31 INFO  STEP PASS: Expected 5 product cards
2025-12-28 21:50:31 INFO  === PASS  tests.SmokeTests.openFillSubmit[Exp#2 [f1=1, f2=1, f3=2, f4=2, f5=2, f6=2, f7=2, f8=2]] ===
2025-12-28 21:50:31 INFO  === END   tests.SmokeTests.openFillSubmit[Exp#2 [f1=1, f2=1, f3=2, f4=2, f5=2, f6=2, f7=2, f8=2]] ===
2025-12-28 21:50:31 INFO  === START tests.SmokeTests.openFillSubmit[Exp#3 [f1=1, f2=1, f3=3, f4=3, f5=3, f6=3, f7=3, f8=3]] ===
2025-12-28 21:50:32 INFO  STEP: Navigate to results using Exp#3 [f1=1, f2=1, f3=3, f4=3, f5=3, f6=3, f7=3, f8=3]
2025-12-28 21:50:37 INFO  STEP: Verify cards count (actual = 4)
2025-12-28 21:50:37 ERROR STEP FAIL: Expected 5 product cards
2025-12-28 21:50:37 ERROR === FAIL  tests.SmokeTests.openFillSubmit[Exp#3 [f1=1, f2=1, f3=3, f4=3, f5=3, f6=3, f7=3, f8=3]] ===
java.lang.AssertionError: Expected 5 product cards
	at org.junit.Assert.fail(Assert.java:89) ~[junit-4.13.jar:4.13]
	at org.junit.Assert.assertTrue(Assert.java:42) ~[junit-4.13.jar:4.13]
	at tests.BaseTest.checkTrue(BaseTest.java:79) ~[test-classes/:?]
	at tests.SmokeTests.openFillSubmit(SmokeTests.java:40) ~[test-classes/:?]
	at jdk.internal.reflect.DirectMethodHandleAccessor.invoke(DirectMethodHandleAccessor.java:103) ~[?:?]
	at java.lang.reflect.Method.invoke(Method.java:580) ~[?:?]
	at org.junit.runners.model.FrameworkMethod$1.runReflectiveCall(FrameworkMethod.java:59) ~[junit-4.13.jar:4.13]
	at org.junit.internal.runners.model.ReflectiveCallable.run(ReflectiveCallable.java:12) ~[junit-4.13.jar:4.13]
	at org.junit.runners.model.FrameworkMethod.invokeExplosively(FrameworkMethod.java:56) ~[junit-4.13.jar:4.13]
	at org.junit.internal.runners.statements.InvokeMethod.evaluate(InvokeMethod.java:17) ~[junit-4.13.jar:4.13]
	at org.junit.internal.runners.statements.RunBefores.evaluate(RunBefores.java:26) ~[junit-4.13.jar:4.13]
	at org.junit.internal.runners.statements.RunAfters.evaluate(RunAfters.java:27) ~[junit-4.13.jar:4.13]
	at org.junit.rules.TestWatcher$1.evaluate(TestWatcher.java:61) [junit-4.13.jar:4.13]
	at org.junit.runners.ParentRunner$3.evaluate(ParentRunner.java:306) [junit-4.13.jar:4.13]
	at org.junit.runners.BlockJUnit4ClassRunner$1.evaluate(BlockJUnit4ClassRunner.java:100) [junit-4.13.jar:4.13]
	at org.junit.runners.ParentRunner.runLeaf(ParentRunner.java:366) [junit-4.13.jar:4.13]
	at org.junit.runners.BlockJUnit4ClassRunner.runChild(BlockJUnit4ClassRunner.java:103) [junit-4.13.jar:4.13]
	at org.junit.runners.BlockJUnit4ClassRunner.runChild(BlockJUnit4ClassRunner.java:63) [junit-4.13.jar:4.13]
	at org.junit.runners.ParentRunner$4.run(ParentRunner.java:331) [junit-4.13.jar:4.13]
	at org.junit.runners.ParentRunner$1.schedule(ParentRunner.java:79) [junit-4.13.jar:4.13]
	at org.junit.runners.ParentRunner.runChildren(ParentRunner.java:329) [junit-4.13.jar:4.13]
	at org.junit.runners.ParentRunner.access$100(ParentRunner.java:66) [junit-4.13.jar:4.13]
	at org.junit.runners.ParentRunner$2.evaluate(ParentRunner.java:293) [junit-4.13.jar:4.13]
	at org.junit.runners.ParentRunner.run(ParentRunner.java:413) [junit-4.13.jar:4.13]
	at org.junit.runners.Suite.runChild(Suite.java:128) [junit-4.13.jar:4.13]
	at org.junit.runners.Suite.runChild(Suite.java:27) [junit-4.13.jar:4.13]
	at org.junit.runners.ParentRunner$4.run(ParentRunner.java:331) [junit-4.13.jar:4.13]
	at org.junit.runners.ParentRunner$1.schedule(ParentRunner.java:79) [junit-4.13.jar:4.13]
	at org.junit.runners.ParentRunner.runChildren(ParentRunner.java:329) [junit-4.13.jar:4.13]
	at org.junit.runners.ParentRunner.access$100(ParentRunner.java:66) [junit-4.13.jar:4.13]
	at org.junit.runners.ParentRunner$2.evaluate(ParentRunner.java:293) [junit-4.13.jar:4.13]
	at org.junit.runners.ParentRunner$3.evaluate(ParentRunner.java:306) [junit-4.13.jar:4.13]
	at org.junit.runners.ParentRunner.run(ParentRunner.java:413) [junit-4.13.jar:4.13]
	at org.eclipse.jdt.internal.junit4.runner.JUnit4TestReference.run(JUnit4TestReference.java:93) [.cp/:?]
	at org.eclipse.jdt.internal.junit.runner.TestExecution.run(TestExecution.java:40) [.cp/:?]
	at org.eclipse.jdt.internal.junit.runner.RemoteTestRunner.runTests(RemoteTestRunner.java:530) [.cp/:?]
	at org.eclipse.jdt.internal.junit.runner.RemoteTestRunner.runTests(RemoteTestRunner.java:758) [.cp/:?]
	at org.eclipse.jdt.internal.junit.runner.RemoteTestRunner.run(RemoteTestRunner.java:453) [.cp/:?]
	at org.eclipse.jdt.internal.junit.runner.RemoteTestRunner.main(RemoteTestRunner.java:211) [.cp/:?]
2025-12-28 21:50:37 INFO  === END   tests.SmokeTests.openFillSubmit[Exp#3 [f1=1, f2=1, f3=3, f4=3, f5=3, f6=3, f7=3, f8=3]] ===
2025-12-28 21:50:37 INFO  === START tests.SmokeTests.openFillSubmit[Exp#4 [f1=1, f2=2, f3=1, f4=1, f5=2, f6=2, f7=3, f8=3]] ===
2025-12-28 21:50:38 INFO  STEP: Navigate to results using Exp#4 [f1=1, f2=2, f3=1, f4=1, f5=2, f6=2, f7=3, f8=3]
2025-12-28 21:50:43 INFO  STEP: Verify cards count (actual = 5)
2025-12-28 21:50:43 INFO  STEP PASS: Expected 5 product cards
2025-12-28 21:50:43 INFO  === PASS  tests.SmokeTests.openFillSubmit[Exp#4 [f1=1, f2=2, f3=1, f4=1, f5=2, f6=2, f7=3, f8=3]] ===
2025-12-28 21:50:43 INFO  === END   tests.SmokeTests.openFillSubmit[Exp#4 [f1=1, f2=2, f3=1, f4=1, f5=2, f6=2, f7=3, f8=3]] ===
2025-12-28 21:51:00 INFO  === START tests.SmokeTests.openFillSubmit[Exp#1 [f1=1, f2=1, f3=1, f4=1, f5=1, f6=1, f7=1, f8=1]] ===
2025-12-28 21:51:02 INFO  STEP: Navigate to results using Exp#1 [f1=1, f2=1, f3=1, f4=1, f5=1, f6=1, f7=1, f8=1]
2025-12-28 21:51:07 INFO  STEP: Verify cards count (actual = 5)
2025-12-28 21:51:07 INFO  STEP PASS: Expected 5 product cards
2025-12-28 21:51:07 INFO  === PASS  tests.SmokeTests.openFillSubmit[Exp#1 [f1=1, f2=1, f3=1, f4=1, f5=1, f6=1, f7=1, f8=1]] ===
2025-12-28 21:51:07 INFO  === END   tests.SmokeTests.openFillSubmit[Exp#1 [f1=1, f2=1, f3=1, f4=1, f5=1, f6=1, f7=1, f8=1]] ===
2025-12-28 21:51:07 INFO  === START tests.SmokeTests.openFillSubmit_shouldShowResultsAndCards[Exp#1 [f1=1, f2=1, f3=1, f4=1, f5=1, f6=1, f7=1, f8=1]] ===
2025-12-28 21:51:08 INFO  STEP: Navigate to results using Exp#1 [f1=1, f2=1, f3=1, f4=1, f5=1, f6=1, f7=1, f8=1]
2025-12-28 21:51:13 INFO  STEP: Verify results grid is visible
2025-12-28 21:51:13 INFO  STEP PASS: Results grid should be visible
2025-12-28 21:51:14 INFO  === PASS  tests.SmokeTests.openFillSubmit_shouldShowResultsAndCards[Exp#1 [f1=1, f2=1, f3=1, f4=1, f5=1, f6=1, f7=1, f8=1]] ===
2025-12-28 21:51:14 INFO  === END   tests.SmokeTests.openFillSubmit_shouldShowResultsAndCards[Exp#1 [f1=1, f2=1, f3=1, f4=1, f5=1, f6=1, f7=1, f8=1]] ===
2025-12-28 21:51:14 INFO  === START tests.SmokeTests.openFillSubmit[Exp#2 [f1=1, f2=1, f3=2, f4=2, f5=2, f6=2, f7=2, f8=2]] ===
2025-12-28 21:51:15 INFO  STEP: Navigate to results using Exp#2 [f1=1, f2=1, f3=2, f4=2, f5=2, f6=2, f7=2, f8=2]
2025-12-28 21:51:19 INFO  STEP: Verify cards count (actual = 5)
2025-12-28 21:51:19 INFO  STEP PASS: Expected 5 product cards
2025-12-28 21:51:20 INFO  === PASS  tests.SmokeTests.openFillSubmit[Exp#2 [f1=1, f2=1, f3=2, f4=2, f5=2, f6=2, f7=2, f8=2]] ===
2025-12-28 21:51:20 INFO  === END   tests.SmokeTests.openFillSubmit[Exp#2 [f1=1, f2=1, f3=2, f4=2, f5=2, f6=2, f7=2, f8=2]] ===
2025-12-28 21:52:18 INFO  === START tests.SmokeTests.openFillSubmit[Exp#1 [f1=1, f2=1, f3=1, f4=1, f5=1, f6=1, f7=1, f8=1]] ===
2025-12-28 21:52:25 INFO  STEP: Navigate to results using Exp#1 [f1=1, f2=1, f3=1, f4=1, f5=1, f6=1, f7=1, f8=1]
2025-12-28 21:52:29 INFO  STEP: Verify cards count (actual = 5)
2025-12-28 21:52:29 INFO  STEP PASS: Expected 5 product cards
2025-12-28 21:52:29 INFO  === PASS  tests.SmokeTests.openFillSubmit[Exp#1 [f1=1, f2=1, f3=1, f4=1, f5=1, f6=1, f7=1, f8=1]] ===
2025-12-28 21:52:29 INFO  === END   tests.SmokeTests.openFillSubmit[Exp#1 [f1=1, f2=1, f3=1, f4=1, f5=1, f6=1, f7=1, f8=1]] ===
2025-12-28 21:52:29 INFO  === START tests.SmokeTests.openFillSubmit_shouldShowResultsAndCards[Exp#1 [f1=1, f2=1, f3=1, f4=1, f5=1, f6=1, f7=1, f8=1]] ===
2025-12-28 21:52:35 INFO  STEP: Navigate to results using Exp#1 [f1=1, f2=1, f3=1, f4=1, f5=1, f6=1, f7=1, f8=1]
2025-12-28 21:52:38 INFO  STEP: Verify results grid is visible
2025-12-28 21:52:38 INFO  STEP PASS: Results grid should be visible
2025-12-28 21:52:38 INFO  === PASS  tests.SmokeTests.openFillSubmit_shouldShowResultsAndCards[Exp#1 [f1=1, f2=1, f3=1, f4=1, f5=1, f6=1, f7=1, f8=1]] ===
2025-12-28 21:52:38 INFO  === END   tests.SmokeTests.openFillSubmit_shouldShowResultsAndCards[Exp#1 [f1=1, f2=1, f3=1, f4=1, f5=1, f6=1, f7=1, f8=1]] ===
2025-12-28 21:52:38 INFO  === START tests.SmokeTests.openFillSubmit[Exp#2 [f1=1, f2=1, f3=2, f4=2, f5=2, f6=2, f7=2, f8=2]] ===
2025-12-28 21:52:45 INFO  STEP: Navigate to results using Exp#2 [f1=1, f2=1, f3=2, f4=2, f5=2, f6=2, f7=2, f8=2]
2025-12-28 21:52:48 INFO  STEP: Verify cards count (actual = 5)
2025-12-28 21:52:48 INFO  STEP PASS: Expected 5 product cards
2025-12-28 21:52:48 INFO  === PASS  tests.SmokeTests.openFillSubmit[Exp#2 [f1=1, f2=1, f3=2, f4=2, f5=2, f6=2, f7=2, f8=2]] ===
2025-12-28 21:52:48 INFO  === END   tests.SmokeTests.openFillSubmit[Exp#2 [f1=1, f2=1, f3=2, f4=2, f5=2, f6=2, f7=2, f8=2]] ===
2025-12-28 21:52:48 INFO  === START tests.SmokeTests.openFillSubmit_shouldShowResultsAndCards[Exp#2 [f1=1, f2=1, f3=2, f4=2, f5=2, f6=2, f7=2, f8=2]] ===
2025-12-28 21:52:54 INFO  STEP: Navigate to results using Exp#2 [f1=1, f2=1, f3=2, f4=2, f5=2, f6=2, f7=2, f8=2]
2025-12-28 21:52:57 INFO  STEP: Verify results grid is visible
2025-12-28 21:52:57 INFO  STEP PASS: Results grid should be visible
2025-12-28 21:52:57 INFO  === PASS  tests.SmokeTests.openFillSubmit_shouldShowResultsAndCards[Exp#2 [f1=1, f2=1, f3=2, f4=2, f5=2, f6=2, f7=2, f8=2]] ===
2025-12-28 21:52:57 INFO  === END   tests.SmokeTests.openFillSubmit_shouldShowResultsAndCards[Exp#2 [f1=1, f2=1, f3=2, f4=2, f5=2, f6=2, f7=2, f8=2]] ===
2025-12-28 21:54:28 INFO  === START tests.SmokeTests.afterSubmit_shouldShowExactly5ProductCards[Exp#1 [f1=1, f2=1, f3=1, f4=1, f5=1, f6=1, f7=1, f8=1]] ===
2025-12-28 21:54:38 INFO  STEP: Verify cards count (actual = 5)
2025-12-28 21:54:38 INFO  STEP PASS: Expected 5 product cards
2025-12-28 21:54:38 INFO  === PASS  tests.SmokeTests.afterSubmit_shouldShowExactly5ProductCards[Exp#1 [f1=1, f2=1, f3=1, f4=1, f5=1, f6=1, f7=1, f8=1]] ===
2025-12-28 21:54:38 INFO  === END   tests.SmokeTests.afterSubmit_shouldShowExactly5ProductCards[Exp#1 [f1=1, f2=1, f3=1, f4=1, f5=1, f6=1, f7=1, f8=1]] ===
2025-12-28 21:54:38 INFO  === START tests.SmokeTests.openFillSubmit_shouldShowResultsAndCards[Exp#1 [f1=1, f2=1, f3=1, f4=1, f5=1, f6=1, f7=1, f8=1]] ===
2025-12-28 21:54:47 INFO  STEP: Verify results grid is visible
2025-12-28 21:54:47 INFO  STEP PASS: Results grid should be visible
2025-12-28 21:54:47 INFO  === PASS  tests.SmokeTests.openFillSubmit_shouldShowResultsAndCards[Exp#1 [f1=1, f2=1, f3=1, f4=1, f5=1, f6=1, f7=1, f8=1]] ===
2025-12-28 21:54:47 INFO  === END   tests.SmokeTests.openFillSubmit_shouldShowResultsAndCards[Exp#1 [f1=1, f2=1, f3=1, f4=1, f5=1, f6=1, f7=1, f8=1]] ===
2025-12-28 21:54:47 INFO  === START tests.SmokeTests.afterSubmit_shouldShowExactly5ProductCards[Exp#2 [f1=1, f2=1, f3=2, f4=2, f5=2, f6=2, f7=2, f8=2]] ===
2025-12-28 21:54:57 INFO  STEP: Verify cards count (actual = 5)
2025-12-28 21:54:57 INFO  STEP PASS: Expected 5 product cards
2025-12-28 21:54:57 INFO  === PASS  tests.SmokeTests.afterSubmit_shouldShowExactly5ProductCards[Exp#2 [f1=1, f2=1, f3=2, f4=2, f5=2, f6=2, f7=2, f8=2]] ===
2025-12-28 21:54:57 INFO  === END   tests.SmokeTests.afterSubmit_shouldShowExactly5ProductCards[Exp#2 [f1=1, f2=1, f3=2, f4=2, f5=2, f6=2, f7=2, f8=2]] ===
2025-12-28 21:54:59 INFO  === START tests.SmokeTests.afterSubmit_shouldShowExactly5ProductCards[Exp#1 [f1=1, f2=1, f3=1, f4=1, f5=1, f6=1, f7=1, f8=1]] ===
2025-12-28 21:55:05 INFO  STEP: Verify cards count (actual = 5)
2025-12-28 21:55:05 INFO  STEP PASS: Expected 5 product cards
2025-12-28 21:55:05 INFO  === PASS  tests.SmokeTests.afterSubmit_shouldShowExactly5ProductCards[Exp#1 [f1=1, f2=1, f3=1, f4=1, f5=1, f6=1, f7=1, f8=1]] ===
2025-12-28 21:55:05 INFO  === END   tests.SmokeTests.afterSubmit_shouldShowExactly5ProductCards[Exp#1 [f1=1, f2=1, f3=1, f4=1, f5=1, f6=1, f7=1, f8=1]] ===
2025-12-28 21:55:05 INFO  === START tests.SmokeTests.openFillSubmit_shouldShowResultsAndCards[Exp#1 [f1=1, f2=1, f3=1, f4=1, f5=1, f6=1, f7=1, f8=1]] ===
2025-12-28 21:55:11 INFO  STEP: Verify results grid is visible
2025-12-28 21:55:11 INFO  STEP PASS: Results grid should be visible
2025-12-28 21:55:12 INFO  === PASS  tests.SmokeTests.openFillSubmit_shouldShowResultsAndCards[Exp#1 [f1=1, f2=1, f3=1, f4=1, f5=1, f6=1, f7=1, f8=1]] ===
2025-12-28 21:55:12 INFO  === END   tests.SmokeTests.openFillSubmit_shouldShowResultsAndCards[Exp#1 [f1=1, f2=1, f3=1, f4=1, f5=1, f6=1, f7=1, f8=1]] ===
2025-12-28 21:55:12 INFO  === START tests.SmokeTests.afterSubmit_shouldShowExactly5ProductCards[Exp#2 [f1=1, f2=1, f3=2, f4=2, f5=2, f6=2, f7=2, f8=2]] ===
2025-12-28 21:55:22 INFO  STEP: Verify cards count (actual = 5)
2025-12-28 21:55:22 INFO  STEP PASS: Expected 5 product cards
2025-12-28 21:55:22 INFO  === PASS  tests.SmokeTests.afterSubmit_shouldShowExactly5ProductCards[Exp#2 [f1=1, f2=1, f3=2, f4=2, f5=2, f6=2, f7=2, f8=2]] ===
2025-12-28 21:55:22 INFO  === END   tests.SmokeTests.afterSubmit_shouldShowExactly5ProductCards[Exp#2 [f1=1, f2=1, f3=2, f4=2, f5=2, f6=2, f7=2, f8=2]] ===
2025-12-28 21:55:22 INFO  === START tests.SmokeTests.openFillSubmit_shouldShowResultsAndCards[Exp#2 [f1=1, f2=1, f3=2, f4=2, f5=2, f6=2, f7=2, f8=2]] ===
2025-12-28 21:55:28 INFO  STEP: Verify results grid is visible
2025-12-28 21:55:28 INFO  STEP PASS: Results grid should be visible
2025-12-28 21:55:28 INFO  === PASS  tests.SmokeTests.openFillSubmit_shouldShowResultsAndCards[Exp#2 [f1=1, f2=1, f3=2, f4=2, f5=2, f6=2, f7=2, f8=2]] ===
2025-12-28 21:55:28 INFO  === END   tests.SmokeTests.openFillSubmit_shouldShowResultsAndCards[Exp#2 [f1=1, f2=1, f3=2, f4=2, f5=2, f6=2, f7=2, f8=2]] ===
2025-12-28 21:55:28 INFO  === START tests.SmokeTests.afterSubmit_shouldShowExactly5ProductCards[Exp#3 [f1=1, f2=1, f3=3, f4=3, f5=3, f6=3, f7=3, f8=3]] ===
2025-12-28 21:55:43 INFO  === START tests.SmokeTests.afterSubmit_shouldShowExactly5ProductCards[Exp#1 [f1=1, f2=1, f3=1, f4=1, f5=1, f6=1, f7=1, f8=1]] ===
2025-12-28 21:55:50 INFO  STEP: Verify cards count (actual = 5)
2025-12-28 21:55:50 INFO  STEP PASS: Expected 5 product cards
2025-12-28 21:55:50 INFO  === PASS  tests.SmokeTests.afterSubmit_shouldShowExactly5ProductCards[Exp#1 [f1=1, f2=1, f3=1, f4=1, f5=1, f6=1, f7=1, f8=1]] ===
2025-12-28 21:55:50 INFO  === END   tests.SmokeTests.afterSubmit_shouldShowExactly5ProductCards[Exp#1 [f1=1, f2=1, f3=1, f4=1, f5=1, f6=1, f7=1, f8=1]] ===
2025-12-28 21:55:50 INFO  === START tests.SmokeTests.openFillSubmit_shouldShowResultsAndCards[Exp#1 [f1=1, f2=1, f3=1, f4=1, f5=1, f6=1, f7=1, f8=1]] ===
2025-12-28 21:55:57 INFO  STEP: Verify results grid is visible
2025-12-28 21:55:57 INFO  STEP PASS: Results grid should be visible
2025-12-28 21:55:57 INFO  === PASS  tests.SmokeTests.openFillSubmit_shouldShowResultsAndCards[Exp#1 [f1=1, f2=1, f3=1, f4=1, f5=1, f6=1, f7=1, f8=1]] ===
2025-12-28 21:55:57 INFO  === END   tests.SmokeTests.openFillSubmit_shouldShowResultsAndCards[Exp#1 [f1=1, f2=1, f3=1, f4=1, f5=1, f6=1, f7=1, f8=1]] ===
2025-12-28 21:55:57 INFO  === START tests.SmokeTests.afterSubmit_shouldShowExactly5ProductCards[Exp#2 [f1=1, f2=1, f3=2, f4=2, f5=2, f6=2, f7=2, f8=2]] ===
2025-12-28 21:56:03 INFO  STEP: Verify cards count (actual = 5)
2025-12-28 21:56:03 INFO  STEP PASS: Expected 5 product cards
2025-12-28 21:56:03 INFO  === PASS  tests.SmokeTests.afterSubmit_shouldShowExactly5ProductCards[Exp#2 [f1=1, f2=1, f3=2, f4=2, f5=2, f6=2, f7=2, f8=2]] ===
2025-12-28 21:56:03 INFO  === END   tests.SmokeTests.afterSubmit_shouldShowExactly5ProductCards[Exp#2 [f1=1, f2=1, f3=2, f4=2, f5=2, f6=2, f7=2, f8=2]] ===
2025-12-28 22:23:31 INFO  === START tests.LastUpdateTests.lastUpdate_shouldMatchCurrent[Exp#1 [f1=1, f2=1, f3=1, f4=1, f5=1, f6=1, f7=1, f8=1]] ===
2025-12-28 22:23:41 INFO  STEP PASS: Results should be visible
2025-12-28 22:23:41 INFO  STEP: Expected time = 22:23, actual time = 22:23
2025-12-28 22:23:41 INFO  STEP PASS: Last update time should be same as current time
2025-12-28 22:23:41 INFO  STEP: Expected date = 28/12/2025, actual date = 28/12/2026
2025-12-28 22:23:41 ERROR STEP FAIL: Last update should be same as current date
2025-12-28 22:23:42 ERROR === FAIL  tests.LastUpdateTests.lastUpdate_shouldMatchCurrent[Exp#1 [f1=1, f2=1, f3=1, f4=1, f5=1, f6=1, f7=1, f8=1]] ===
java.lang.AssertionError: Last update should be same as current date
	at org.junit.Assert.fail(Assert.java:89) ~[junit-4.13.jar:4.13]
	at org.junit.Assert.assertTrue(Assert.java:42) ~[junit-4.13.jar:4.13]
	at tests.BaseTest.checkTrue(BaseTest.java:79) ~[test-classes/:?]
	at tests.LastUpdateTests.lastUpdate_shouldMatchCurrent(LastUpdateTests.java:47) ~[test-classes/:?]
	at jdk.internal.reflect.DirectMethodHandleAccessor.invoke(DirectMethodHandleAccessor.java:103) ~[?:?]
	at java.lang.reflect.Method.invoke(Method.java:580) ~[?:?]
	at org.junit.runners.model.FrameworkMethod$1.runReflectiveCall(FrameworkMethod.java:59) ~[junit-4.13.jar:4.13]
	at org.junit.internal.runners.model.ReflectiveCallable.run(ReflectiveCallable.java:12) ~[junit-4.13.jar:4.13]
	at org.junit.runners.model.FrameworkMethod.invokeExplosively(FrameworkMethod.java:56) ~[junit-4.13.jar:4.13]
	at org.junit.internal.runners.statements.InvokeMethod.evaluate(InvokeMethod.java:17) ~[junit-4.13.jar:4.13]
	at org.junit.internal.runners.statements.RunBefores.evaluate(RunBefores.java:26) ~[junit-4.13.jar:4.13]
	at org.junit.internal.runners.statements.RunAfters.evaluate(RunAfters.java:27) ~[junit-4.13.jar:4.13]
	at org.junit.rules.TestWatcher$1.evaluate(TestWatcher.java:61) [junit-4.13.jar:4.13]
	at org.junit.runners.ParentRunner$3.evaluate(ParentRunner.java:306) [junit-4.13.jar:4.13]
	at org.junit.runners.BlockJUnit4ClassRunner$1.evaluate(BlockJUnit4ClassRunner.java:100) [junit-4.13.jar:4.13]
	at org.junit.runners.ParentRunner.runLeaf(ParentRunner.java:366) [junit-4.13.jar:4.13]
	at org.junit.runners.BlockJUnit4ClassRunner.runChild(BlockJUnit4ClassRunner.java:103) [junit-4.13.jar:4.13]
	at org.junit.runners.BlockJUnit4ClassRunner.runChild(BlockJUnit4ClassRunner.java:63) [junit-4.13.jar:4.13]
	at org.junit.runners.ParentRunner$4.run(ParentRunner.java:331) [junit-4.13.jar:4.13]
	at org.junit.runners.ParentRunner$1.schedule(ParentRunner.java:79) [junit-4.13.jar:4.13]
	at org.junit.runners.ParentRunner.runChildren(ParentRunner.java:329) [junit-4.13.jar:4.13]
	at org.junit.runners.ParentRunner.access$100(ParentRunner.java:66) [junit-4.13.jar:4.13]
	at org.junit.runners.ParentRunner$2.evaluate(ParentRunner.java:293) [junit-4.13.jar:4.13]
	at org.junit.runners.ParentRunner.run(ParentRunner.java:413) [junit-4.13.jar:4.13]
	at org.junit.runners.Suite.runChild(Suite.java:128) [junit-4.13.jar:4.13]
	at org.junit.runners.Suite.runChild(Suite.java:27) [junit-4.13.jar:4.13]
	at org.junit.runners.ParentRunner$4.run(ParentRunner.java:331) [junit-4.13.jar:4.13]
	at org.junit.runners.ParentRunner$1.schedule(ParentRunner.java:79) [junit-4.13.jar:4.13]
	at org.junit.runners.ParentRunner.runChildren(ParentRunner.java:329) [junit-4.13.jar:4.13]
	at org.junit.runners.ParentRunner.access$100(ParentRunner.java:66) [junit-4.13.jar:4.13]
	at org.junit.runners.ParentRunner$2.evaluate(ParentRunner.java:293) [junit-4.13.jar:4.13]
	at org.junit.runners.ParentRunner$3.evaluate(ParentRunner.java:306) [junit-4.13.jar:4.13]
	at org.junit.runners.ParentRunner.run(ParentRunner.java:413) [junit-4.13.jar:4.13]
	at org.eclipse.jdt.internal.junit4.runner.JUnit4TestReference.run(JUnit4TestReference.java:93) [.cp/:?]
	at org.eclipse.jdt.internal.junit.runner.TestExecution.run(TestExecution.java:40) [.cp/:?]
	at org.eclipse.jdt.internal.junit.runner.RemoteTestRunner.runTests(RemoteTestRunner.java:530) [.cp/:?]
	at org.eclipse.jdt.internal.junit.runner.RemoteTestRunner.runTests(RemoteTestRunner.java:758) [.cp/:?]
	at org.eclipse.jdt.internal.junit.runner.RemoteTestRunner.run(RemoteTestRunner.java:453) [.cp/:?]
	at org.eclipse.jdt.internal.junit.runner.RemoteTestRunner.main(RemoteTestRunner.java:211) [.cp/:?]
2025-12-28 22:23:42 INFO  === END   tests.LastUpdateTests.lastUpdate_shouldMatchCurrent[Exp#1 [f1=1, f2=1, f3=1, f4=1, f5=1, f6=1, f7=1, f8=1]] ===
2025-12-28 22:23:42 INFO  === START tests.LastUpdateTests.lastUpdate_shouldMatchCurrent[Exp#2 [f1=1, f2=1, f3=2, f4=2, f5=2, f6=2, f7=2, f8=2]] ===
2025-12-28 22:23:49 INFO  STEP PASS: Results should be visible
2025-12-28 22:23:49 INFO  STEP: Expected time = 22:23, actual time = 22:23
2025-12-28 22:23:49 INFO  STEP PASS: Last update time should be same as current time
2025-12-28 22:23:49 INFO  STEP: Expected date = 28/12/2025, actual date = 28/12/2026
2025-12-28 22:23:49 ERROR STEP FAIL: Last update should be same as current date
2025-12-28 22:23:49 ERROR === FAIL  tests.LastUpdateTests.lastUpdate_shouldMatchCurrent[Exp#2 [f1=1, f2=1, f3=2, f4=2, f5=2, f6=2, f7=2, f8=2]] ===
java.lang.AssertionError: Last update should be same as current date
	at org.junit.Assert.fail(Assert.java:89) ~[junit-4.13.jar:4.13]
	at org.junit.Assert.assertTrue(Assert.java:42) ~[junit-4.13.jar:4.13]
	at tests.BaseTest.checkTrue(BaseTest.java:79) ~[test-classes/:?]
	at tests.LastUpdateTests.lastUpdate_shouldMatchCurrent(LastUpdateTests.java:47) ~[test-classes/:?]
	at jdk.internal.reflect.DirectMethodHandleAccessor.invoke(DirectMethodHandleAccessor.java:103) ~[?:?]
	at java.lang.reflect.Method.invoke(Method.java:580) ~[?:?]
	at org.junit.runners.model.FrameworkMethod$1.runReflectiveCall(FrameworkMethod.java:59) ~[junit-4.13.jar:4.13]
	at org.junit.internal.runners.model.ReflectiveCallable.run(ReflectiveCallable.java:12) ~[junit-4.13.jar:4.13]
	at org.junit.runners.model.FrameworkMethod.invokeExplosively(FrameworkMethod.java:56) ~[junit-4.13.jar:4.13]
	at org.junit.internal.runners.statements.InvokeMethod.evaluate(InvokeMethod.java:17) ~[junit-4.13.jar:4.13]
	at org.junit.internal.runners.statements.RunBefores.evaluate(RunBefores.java:26) ~[junit-4.13.jar:4.13]
	at org.junit.internal.runners.statements.RunAfters.evaluate(RunAfters.java:27) ~[junit-4.13.jar:4.13]
	at org.junit.rules.TestWatcher$1.evaluate(TestWatcher.java:61) [junit-4.13.jar:4.13]
	at org.junit.runners.ParentRunner$3.evaluate(ParentRunner.java:306) [junit-4.13.jar:4.13]
	at org.junit.runners.BlockJUnit4ClassRunner$1.evaluate(BlockJUnit4ClassRunner.java:100) [junit-4.13.jar:4.13]
	at org.junit.runners.ParentRunner.runLeaf(ParentRunner.java:366) [junit-4.13.jar:4.13]
	at org.junit.runners.BlockJUnit4ClassRunner.runChild(BlockJUnit4ClassRunner.java:103) [junit-4.13.jar:4.13]
	at org.junit.runners.BlockJUnit4ClassRunner.runChild(BlockJUnit4ClassRunner.java:63) [junit-4.13.jar:4.13]
	at org.junit.runners.ParentRunner$4.run(ParentRunner.java:331) [junit-4.13.jar:4.13]
	at org.junit.runners.ParentRunner$1.schedule(ParentRunner.java:79) [junit-4.13.jar:4.13]
	at org.junit.runners.ParentRunner.runChildren(ParentRunner.java:329) [junit-4.13.jar:4.13]
	at org.junit.runners.ParentRunner.access$100(ParentRunner.java:66) [junit-4.13.jar:4.13]
	at org.junit.runners.ParentRunner$2.evaluate(ParentRunner.java:293) [junit-4.13.jar:4.13]
	at org.junit.runners.ParentRunner.run(ParentRunner.java:413) [junit-4.13.jar:4.13]
	at org.junit.runners.Suite.runChild(Suite.java:128) [junit-4.13.jar:4.13]
	at org.junit.runners.Suite.runChild(Suite.java:27) [junit-4.13.jar:4.13]
	at org.junit.runners.ParentRunner$4.run(ParentRunner.java:331) [junit-4.13.jar:4.13]
	at org.junit.runners.ParentRunner$1.schedule(ParentRunner.java:79) [junit-4.13.jar:4.13]
	at org.junit.runners.ParentRunner.runChildren(ParentRunner.java:329) [junit-4.13.jar:4.13]
	at org.junit.runners.ParentRunner.access$100(ParentRunner.java:66) [junit-4.13.jar:4.13]
	at org.junit.runners.ParentRunner$2.evaluate(ParentRunner.java:293) [junit-4.13.jar:4.13]
	at org.junit.runners.ParentRunner$3.evaluate(ParentRunner.java:306) [junit-4.13.jar:4.13]
	at org.junit.runners.ParentRunner.run(ParentRunner.java:413) [junit-4.13.jar:4.13]
	at org.eclipse.jdt.internal.junit4.runner.JUnit4TestReference.run(JUnit4TestReference.java:93) [.cp/:?]
	at org.eclipse.jdt.internal.junit.runner.TestExecution.run(TestExecution.java:40) [.cp/:?]
	at org.eclipse.jdt.internal.junit.runner.RemoteTestRunner.runTests(RemoteTestRunner.java:530) [.cp/:?]
	at org.eclipse.jdt.internal.junit.runner.RemoteTestRunner.runTests(RemoteTestRunner.java:758) [.cp/:?]
	at org.eclipse.jdt.internal.junit.runner.RemoteTestRunner.run(RemoteTestRunner.java:453) [.cp/:?]
	at org.eclipse.jdt.internal.junit.runner.RemoteTestRunner.main(RemoteTestRunner.java:211) [.cp/:?]
2025-12-28 22:23:49 INFO  === END   tests.LastUpdateTests.lastUpdate_shouldMatchCurrent[Exp#2 [f1=1, f2=1, f3=2, f4=2, f5=2, f6=2, f7=2, f8=2]] ===
2025-12-28 22:23:49 INFO  === START tests.LastUpdateTests.lastUpdate_shouldMatchCurrent[Exp#3 [f1=1, f2=1, f3=3, f4=3, f5=3, f6=3, f7=3, f8=3]] ===
2025-12-28 22:23:55 INFO  STEP PASS: Results should be visible
2025-12-28 22:23:55 INFO  STEP: Expected time = 22:23, actual time = 22:23
2025-12-28 22:23:55 INFO  STEP PASS: Last update time should be same as current time
2025-12-28 22:23:55 INFO  STEP: Expected date = 28/12/2025, actual date = 28/12/2026
2025-12-28 22:23:55 ERROR STEP FAIL: Last update should be same as current date
2025-12-28 22:23:55 ERROR === FAIL  tests.LastUpdateTests.lastUpdate_shouldMatchCurrent[Exp#3 [f1=1, f2=1, f3=3, f4=3, f5=3, f6=3, f7=3, f8=3]] ===
java.lang.AssertionError: Last update should be same as current date
	at org.junit.Assert.fail(Assert.java:89) ~[junit-4.13.jar:4.13]
	at org.junit.Assert.assertTrue(Assert.java:42) ~[junit-4.13.jar:4.13]
	at tests.BaseTest.checkTrue(BaseTest.java:79) ~[test-classes/:?]
	at tests.LastUpdateTests.lastUpdate_shouldMatchCurrent(LastUpdateTests.java:47) ~[test-classes/:?]
	at jdk.internal.reflect.DirectMethodHandleAccessor.invoke(DirectMethodHandleAccessor.java:103) ~[?:?]
	at java.lang.reflect.Method.invoke(Method.java:580) ~[?:?]
	at org.junit.runners.model.FrameworkMethod$1.runReflectiveCall(FrameworkMethod.java:59) ~[junit-4.13.jar:4.13]
	at org.junit.internal.runners.model.ReflectiveCallable.run(ReflectiveCallable.java:12) ~[junit-4.13.jar:4.13]
	at org.junit.runners.model.FrameworkMethod.invokeExplosively(FrameworkMethod.java:56) ~[junit-4.13.jar:4.13]
	at org.junit.internal.runners.statements.InvokeMethod.evaluate(InvokeMethod.java:17) ~[junit-4.13.jar:4.13]
	at org.junit.internal.runners.statements.RunBefores.evaluate(RunBefores.java:26) ~[junit-4.13.jar:4.13]
	at org.junit.internal.runners.statements.RunAfters.evaluate(RunAfters.java:27) ~[junit-4.13.jar:4.13]
	at org.junit.rules.TestWatcher$1.evaluate(TestWatcher.java:61) [junit-4.13.jar:4.13]
	at org.junit.runners.ParentRunner$3.evaluate(ParentRunner.java:306) [junit-4.13.jar:4.13]
	at org.junit.runners.BlockJUnit4ClassRunner$1.evaluate(BlockJUnit4ClassRunner.java:100) [junit-4.13.jar:4.13]
	at org.junit.runners.ParentRunner.runLeaf(ParentRunner.java:366) [junit-4.13.jar:4.13]
	at org.junit.runners.BlockJUnit4ClassRunner.runChild(BlockJUnit4ClassRunner.java:103) [junit-4.13.jar:4.13]
	at org.junit.runners.BlockJUnit4ClassRunner.runChild(BlockJUnit4ClassRunner.java:63) [junit-4.13.jar:4.13]
	at org.junit.runners.ParentRunner$4.run(ParentRunner.java:331) [junit-4.13.jar:4.13]
	at org.junit.runners.ParentRunner$1.schedule(ParentRunner.java:79) [junit-4.13.jar:4.13]
	at org.junit.runners.ParentRunner.runChildren(ParentRunner.java:329) [junit-4.13.jar:4.13]
	at org.junit.runners.ParentRunner.access$100(ParentRunner.java:66) [junit-4.13.jar:4.13]
	at org.junit.runners.ParentRunner$2.evaluate(ParentRunner.java:293) [junit-4.13.jar:4.13]
	at org.junit.runners.ParentRunner.run(ParentRunner.java:413) [junit-4.13.jar:4.13]
	at org.junit.runners.Suite.runChild(Suite.java:128) [junit-4.13.jar:4.13]
	at org.junit.runners.Suite.runChild(Suite.java:27) [junit-4.13.jar:4.13]
	at org.junit.runners.ParentRunner$4.run(ParentRunner.java:331) [junit-4.13.jar:4.13]
	at org.junit.runners.ParentRunner$1.schedule(ParentRunner.java:79) [junit-4.13.jar:4.13]
	at org.junit.runners.ParentRunner.runChildren(ParentRunner.java:329) [junit-4.13.jar:4.13]
	at org.junit.runners.ParentRunner.access$100(ParentRunner.java:66) [junit-4.13.jar:4.13]
	at org.junit.runners.ParentRunner$2.evaluate(ParentRunner.java:293) [junit-4.13.jar:4.13]
	at org.junit.runners.ParentRunner$3.evaluate(ParentRunner.java:306) [junit-4.13.jar:4.13]
	at org.junit.runners.ParentRunner.run(ParentRunner.java:413) [junit-4.13.jar:4.13]
	at org.eclipse.jdt.internal.junit4.runner.JUnit4TestReference.run(JUnit4TestReference.java:93) [.cp/:?]
	at org.eclipse.jdt.internal.junit.runner.TestExecution.run(TestExecution.java:40) [.cp/:?]
	at org.eclipse.jdt.internal.junit.runner.RemoteTestRunner.runTests(RemoteTestRunner.java:530) [.cp/:?]
	at org.eclipse.jdt.internal.junit.runner.RemoteTestRunner.runTests(RemoteTestRunner.java:758) [.cp/:?]
	at org.eclipse.jdt.internal.junit.runner.RemoteTestRunner.run(RemoteTestRunner.java:453) [.cp/:?]
	at org.eclipse.jdt.internal.junit.runner.RemoteTestRunner.main(RemoteTestRunner.java:211) [.cp/:?]
2025-12-28 22:23:55 INFO  === END   tests.LastUpdateTests.lastUpdate_shouldMatchCurrent[Exp#3 [f1=1, f2=1, f3=3, f4=3, f5=3, f6=3, f7=3, f8=3]] ===
2025-12-28 22:23:55 INFO  === START tests.LastUpdateTests.lastUpdate_shouldMatchCurrent[Exp#4 [f1=1, f2=2, f3=1, f4=1, f5=2, f6=2, f7=3, f8=3]] ===
2025-12-28 22:24:01 INFO  STEP PASS: Results should be visible
2025-12-28 22:24:01 INFO  STEP: Expected time = 22:24, actual time = 22:24
2025-12-28 22:24:01 INFO  STEP PASS: Last update time should be same as current time
2025-12-28 22:24:01 INFO  STEP: Expected date = 28/12/2025, actual date = 28/12/2026
2025-12-28 22:24:01 ERROR STEP FAIL: Last update should be same as current date
2025-12-28 22:24:01 ERROR === FAIL  tests.LastUpdateTests.lastUpdate_shouldMatchCurrent[Exp#4 [f1=1, f2=2, f3=1, f4=1, f5=2, f6=2, f7=3, f8=3]] ===
java.lang.AssertionError: Last update should be same as current date
	at org.junit.Assert.fail(Assert.java:89) ~[junit-4.13.jar:4.13]
	at org.junit.Assert.assertTrue(Assert.java:42) ~[junit-4.13.jar:4.13]
	at tests.BaseTest.checkTrue(BaseTest.java:79) ~[test-classes/:?]
	at tests.LastUpdateTests.lastUpdate_shouldMatchCurrent(LastUpdateTests.java:47) ~[test-classes/:?]
	at jdk.internal.reflect.DirectMethodHandleAccessor.invoke(DirectMethodHandleAccessor.java:103) ~[?:?]
	at java.lang.reflect.Method.invoke(Method.java:580) ~[?:?]
	at org.junit.runners.model.FrameworkMethod$1.runReflectiveCall(FrameworkMethod.java:59) ~[junit-4.13.jar:4.13]
	at org.junit.internal.runners.model.ReflectiveCallable.run(ReflectiveCallable.java:12) ~[junit-4.13.jar:4.13]
	at org.junit.runners.model.FrameworkMethod.invokeExplosively(FrameworkMethod.java:56) ~[junit-4.13.jar:4.13]
	at org.junit.internal.runners.statements.InvokeMethod.evaluate(InvokeMethod.java:17) ~[junit-4.13.jar:4.13]
	at org.junit.internal.runners.statements.RunBefores.evaluate(RunBefores.java:26) ~[junit-4.13.jar:4.13]
	at org.junit.internal.runners.statements.RunAfters.evaluate(RunAfters.java:27) ~[junit-4.13.jar:4.13]
	at org.junit.rules.TestWatcher$1.evaluate(TestWatcher.java:61) [junit-4.13.jar:4.13]
	at org.junit.runners.ParentRunner$3.evaluate(ParentRunner.java:306) [junit-4.13.jar:4.13]
	at org.junit.runners.BlockJUnit4ClassRunner$1.evaluate(BlockJUnit4ClassRunner.java:100) [junit-4.13.jar:4.13]
	at org.junit.runners.ParentRunner.runLeaf(ParentRunner.java:366) [junit-4.13.jar:4.13]
	at org.junit.runners.BlockJUnit4ClassRunner.runChild(BlockJUnit4ClassRunner.java:103) [junit-4.13.jar:4.13]
	at org.junit.runners.BlockJUnit4ClassRunner.runChild(BlockJUnit4ClassRunner.java:63) [junit-4.13.jar:4.13]
	at org.junit.runners.ParentRunner$4.run(ParentRunner.java:331) [junit-4.13.jar:4.13]
	at org.junit.runners.ParentRunner$1.schedule(ParentRunner.java:79) [junit-4.13.jar:4.13]
	at org.junit.runners.ParentRunner.runChildren(ParentRunner.java:329) [junit-4.13.jar:4.13]
	at org.junit.runners.ParentRunner.access$100(ParentRunner.java:66) [junit-4.13.jar:4.13]
	at org.junit.runners.ParentRunner$2.evaluate(ParentRunner.java:293) [junit-4.13.jar:4.13]
	at org.junit.runners.ParentRunner.run(ParentRunner.java:413) [junit-4.13.jar:4.13]
	at org.junit.runners.Suite.runChild(Suite.java:128) [junit-4.13.jar:4.13]
	at org.junit.runners.Suite.runChild(Suite.java:27) [junit-4.13.jar:4.13]
	at org.junit.runners.ParentRunner$4.run(ParentRunner.java:331) [junit-4.13.jar:4.13]
	at org.junit.runners.ParentRunner$1.schedule(ParentRunner.java:79) [junit-4.13.jar:4.13]
	at org.junit.runners.ParentRunner.runChildren(ParentRunner.java:329) [junit-4.13.jar:4.13]
	at org.junit.runners.ParentRunner.access$100(ParentRunner.java:66) [junit-4.13.jar:4.13]
	at org.junit.runners.ParentRunner$2.evaluate(ParentRunner.java:293) [junit-4.13.jar:4.13]
	at org.junit.runners.ParentRunner$3.evaluate(ParentRunner.java:306) [junit-4.13.jar:4.13]
	at org.junit.runners.ParentRunner.run(ParentRunner.java:413) [junit-4.13.jar:4.13]
	at org.eclipse.jdt.internal.junit4.runner.JUnit4TestReference.run(JUnit4TestReference.java:93) [.cp/:?]
	at org.eclipse.jdt.internal.junit.runner.TestExecution.run(TestExecution.java:40) [.cp/:?]
	at org.eclipse.jdt.internal.junit.runner.RemoteTestRunner.runTests(RemoteTestRunner.java:530) [.cp/:?]
	at org.eclipse.jdt.internal.junit.runner.RemoteTestRunner.runTests(RemoteTestRunner.java:758) [.cp/:?]
	at org.eclipse.jdt.internal.junit.runner.RemoteTestRunner.run(RemoteTestRunner.java:453) [.cp/:?]
	at org.eclipse.jdt.internal.junit.runner.RemoteTestRunner.main(RemoteTestRunner.java:211) [.cp/:?]
2025-12-28 22:24:01 INFO  === END   tests.LastUpdateTests.lastUpdate_shouldMatchCurrent[Exp#4 [f1=1, f2=2, f3=1, f4=1, f5=2, f6=2, f7=3, f8=3]] ===
2025-12-28 22:24:01 INFO  === START tests.LastUpdateTests.lastUpdate_shouldMatchCurrent[Exp#5 [f1=1, f2=2, f3=2, f4=2, f5=3, f6=3, f7=1, f8=1]] ===
2025-12-28 22:24:04 INFO  === START tests.LastUpdateTests.lastUpdate_shouldMatchCurrent[Exp#1 [f1=1, f2=1, f3=1, f4=1, f5=1, f6=1, f7=1, f8=1]] ===
2025-12-28 22:24:09 INFO  STEP PASS: Results should be visible
2025-12-28 22:24:09 INFO  STEP: Expected time = 22:24, actual time = 22:24
2025-12-28 22:24:09 INFO  STEP PASS: Last update time should be same as current time
2025-12-28 22:24:09 INFO  STEP: Expected date = 28/12/2025, actual date = 28/12/2026
2025-12-28 22:24:09 ERROR STEP FAIL: Last update should be same as current date
2025-12-28 22:24:09 ERROR === FAIL  tests.LastUpdateTests.lastUpdate_shouldMatchCurrent[Exp#5 [f1=1, f2=2, f3=2, f4=2, f5=3, f6=3, f7=1, f8=1]] ===
java.lang.AssertionError: Last update should be same as current date
	at org.junit.Assert.fail(Assert.java:89) ~[junit-4.13.jar:4.13]
	at org.junit.Assert.assertTrue(Assert.java:42) ~[junit-4.13.jar:4.13]
	at tests.BaseTest.checkTrue(BaseTest.java:79) ~[test-classes/:?]
	at tests.LastUpdateTests.lastUpdate_shouldMatchCurrent(LastUpdateTests.java:47) ~[test-classes/:?]
	at jdk.internal.reflect.DirectMethodHandleAccessor.invoke(DirectMethodHandleAccessor.java:103) ~[?:?]
	at java.lang.reflect.Method.invoke(Method.java:580) ~[?:?]
	at org.junit.runners.model.FrameworkMethod$1.runReflectiveCall(FrameworkMethod.java:59) ~[junit-4.13.jar:4.13]
	at org.junit.internal.runners.model.ReflectiveCallable.run(ReflectiveCallable.java:12) ~[junit-4.13.jar:4.13]
	at org.junit.runners.model.FrameworkMethod.invokeExplosively(FrameworkMethod.java:56) ~[junit-4.13.jar:4.13]
	at org.junit.internal.runners.statements.InvokeMethod.evaluate(InvokeMethod.java:17) ~[junit-4.13.jar:4.13]
	at org.junit.internal.runners.statements.RunBefores.evaluate(RunBefores.java:26) ~[junit-4.13.jar:4.13]
	at org.junit.internal.runners.statements.RunAfters.evaluate(RunAfters.java:27) ~[junit-4.13.jar:4.13]
	at org.junit.rules.TestWatcher$1.evaluate(TestWatcher.java:61) [junit-4.13.jar:4.13]
	at org.junit.runners.ParentRunner$3.evaluate(ParentRunner.java:306) [junit-4.13.jar:4.13]
	at org.junit.runners.BlockJUnit4ClassRunner$1.evaluate(BlockJUnit4ClassRunner.java:100) [junit-4.13.jar:4.13]
	at org.junit.runners.ParentRunner.runLeaf(ParentRunner.java:366) [junit-4.13.jar:4.13]
	at org.junit.runners.BlockJUnit4ClassRunner.runChild(BlockJUnit4ClassRunner.java:103) [junit-4.13.jar:4.13]
	at org.junit.runners.BlockJUnit4ClassRunner.runChild(BlockJUnit4ClassRunner.java:63) [junit-4.13.jar:4.13]
	at org.junit.runners.ParentRunner$4.run(ParentRunner.java:331) [junit-4.13.jar:4.13]
	at org.junit.runners.ParentRunner$1.schedule(ParentRunner.java:79) [junit-4.13.jar:4.13]
	at org.junit.runners.ParentRunner.runChildren(ParentRunner.java:329) [junit-4.13.jar:4.13]
	at org.junit.runners.ParentRunner.access$100(ParentRunner.java:66) [junit-4.13.jar:4.13]
	at org.junit.runners.ParentRunner$2.evaluate(ParentRunner.java:293) [junit-4.13.jar:4.13]
	at org.junit.runners.ParentRunner.run(ParentRunner.java:413) [junit-4.13.jar:4.13]
	at org.junit.runners.Suite.runChild(Suite.java:128) [junit-4.13.jar:4.13]
	at org.junit.runners.Suite.runChild(Suite.java:27) [junit-4.13.jar:4.13]
	at org.junit.runners.ParentRunner$4.run(ParentRunner.java:331) [junit-4.13.jar:4.13]
	at org.junit.runners.ParentRunner$1.schedule(ParentRunner.java:79) [junit-4.13.jar:4.13]
	at org.junit.runners.ParentRunner.runChildren(ParentRunner.java:329) [junit-4.13.jar:4.13]
	at org.junit.runners.ParentRunner.access$100(ParentRunner.java:66) [junit-4.13.jar:4.13]
	at org.junit.runners.ParentRunner$2.evaluate(ParentRunner.java:293) [junit-4.13.jar:4.13]
	at org.junit.runners.ParentRunner$3.evaluate(ParentRunner.java:306) [junit-4.13.jar:4.13]
	at org.junit.runners.ParentRunner.run(ParentRunner.java:413) [junit-4.13.jar:4.13]
	at org.eclipse.jdt.internal.junit4.runner.JUnit4TestReference.run(JUnit4TestReference.java:93) [.cp/:?]
	at org.eclipse.jdt.internal.junit.runner.TestExecution.run(TestExecution.java:40) [.cp/:?]
	at org.eclipse.jdt.internal.junit.runner.RemoteTestRunner.runTests(RemoteTestRunner.java:530) [.cp/:?]
	at org.eclipse.jdt.internal.junit.runner.RemoteTestRunner.runTests(RemoteTestRunner.java:758) [.cp/:?]
	at org.eclipse.jdt.internal.junit.runner.RemoteTestRunner.run(RemoteTestRunner.java:453) [.cp/:?]
	at org.eclipse.jdt.internal.junit.runner.RemoteTestRunner.main(RemoteTestRunner.java:211) [.cp/:?]
2025-12-28 22:24:09 INFO  === END   tests.LastUpdateTests.lastUpdate_shouldMatchCurrent[Exp#5 [f1=1, f2=2, f3=2, f4=2, f5=3, f6=3, f7=1, f8=1]] ===
2025-12-28 22:24:09 INFO  === START tests.LastUpdateTests.lastUpdate_shouldMatchCurrent[Exp#6 [f1=1, f2=2, f3=3, f4=3, f5=1, f6=1, f7=2, f8=2]] ===
2025-12-28 22:24:12 INFO  STEP PASS: Results should be visible
2025-12-28 22:24:12 INFO  STEP: Expected time = 22:24, actual time = 22:24
2025-12-28 22:24:12 INFO  STEP PASS: Last update time should be same as current time
2025-12-28 22:24:12 INFO  STEP: Expected date = 28/12/2025, actual date = 28/12/2026
2025-12-28 22:24:12 ERROR STEP FAIL: Last update should be same as current date
2025-12-28 22:24:12 ERROR === FAIL  tests.LastUpdateTests.lastUpdate_shouldMatchCurrent[Exp#1 [f1=1, f2=1, f3=1, f4=1, f5=1, f6=1, f7=1, f8=1]] ===
java.lang.AssertionError: Last update should be same as current date
	at org.junit.Assert.fail(Assert.java:89) ~[junit-4.13.jar:4.13]
	at org.junit.Assert.assertTrue(Assert.java:42) ~[junit-4.13.jar:4.13]
	at tests.BaseTest.checkTrue(BaseTest.java:79) ~[test-classes/:?]
	at tests.LastUpdateTests.lastUpdate_shouldMatchCurrent(LastUpdateTests.java:47) ~[test-classes/:?]
	at jdk.internal.reflect.DirectMethodHandleAccessor.invoke(DirectMethodHandleAccessor.java:103) ~[?:?]
	at java.lang.reflect.Method.invoke(Method.java:580) ~[?:?]
	at org.junit.runners.model.FrameworkMethod$1.runReflectiveCall(FrameworkMethod.java:59) ~[junit-4.13.jar:4.13]
	at org.junit.internal.runners.model.ReflectiveCallable.run(ReflectiveCallable.java:12) ~[junit-4.13.jar:4.13]
	at org.junit.runners.model.FrameworkMethod.invokeExplosively(FrameworkMethod.java:56) ~[junit-4.13.jar:4.13]
	at org.junit.internal.runners.statements.InvokeMethod.evaluate(InvokeMethod.java:17) ~[junit-4.13.jar:4.13]
	at org.junit.internal.runners.statements.RunBefores.evaluate(RunBefores.java:26) ~[junit-4.13.jar:4.13]
	at org.junit.internal.runners.statements.RunAfters.evaluate(RunAfters.java:27) ~[junit-4.13.jar:4.13]
	at org.junit.rules.TestWatcher$1.evaluate(TestWatcher.java:61) [junit-4.13.jar:4.13]
	at org.junit.runners.ParentRunner$3.evaluate(ParentRunner.java:306) [junit-4.13.jar:4.13]
	at org.junit.runners.BlockJUnit4ClassRunner$1.evaluate(BlockJUnit4ClassRunner.java:100) [junit-4.13.jar:4.13]
	at org.junit.runners.ParentRunner.runLeaf(ParentRunner.java:366) [junit-4.13.jar:4.13]
	at org.junit.runners.BlockJUnit4ClassRunner.runChild(BlockJUnit4ClassRunner.java:103) [junit-4.13.jar:4.13]
	at org.junit.runners.BlockJUnit4ClassRunner.runChild(BlockJUnit4ClassRunner.java:63) [junit-4.13.jar:4.13]
	at org.junit.runners.ParentRunner$4.run(ParentRunner.java:331) [junit-4.13.jar:4.13]
	at org.junit.runners.ParentRunner$1.schedule(ParentRunner.java:79) [junit-4.13.jar:4.13]
	at org.junit.runners.ParentRunner.runChildren(ParentRunner.java:329) [junit-4.13.jar:4.13]
	at org.junit.runners.ParentRunner.access$100(ParentRunner.java:66) [junit-4.13.jar:4.13]
	at org.junit.runners.ParentRunner$2.evaluate(ParentRunner.java:293) [junit-4.13.jar:4.13]
	at org.junit.runners.ParentRunner.run(ParentRunner.java:413) [junit-4.13.jar:4.13]
	at org.junit.runners.Suite.runChild(Suite.java:128) [junit-4.13.jar:4.13]
	at org.junit.runners.Suite.runChild(Suite.java:27) [junit-4.13.jar:4.13]
	at org.junit.runners.ParentRunner$4.run(ParentRunner.java:331) [junit-4.13.jar:4.13]
	at org.junit.runners.ParentRunner$1.schedule(ParentRunner.java:79) [junit-4.13.jar:4.13]
	at org.junit.runners.ParentRunner.runChildren(ParentRunner.java:329) [junit-4.13.jar:4.13]
	at org.junit.runners.ParentRunner.access$100(ParentRunner.java:66) [junit-4.13.jar:4.13]
	at org.junit.runners.ParentRunner$2.evaluate(ParentRunner.java:293) [junit-4.13.jar:4.13]
	at org.junit.runners.ParentRunner$3.evaluate(ParentRunner.java:306) [junit-4.13.jar:4.13]
	at org.junit.runners.ParentRunner.run(ParentRunner.java:413) [junit-4.13.jar:4.13]
	at org.eclipse.jdt.internal.junit4.runner.JUnit4TestReference.run(JUnit4TestReference.java:93) [.cp/:?]
	at org.eclipse.jdt.internal.junit.runner.TestExecution.run(TestExecution.java:40) [.cp/:?]
	at org.eclipse.jdt.internal.junit.runner.RemoteTestRunner.runTests(RemoteTestRunner.java:530) [.cp/:?]
	at org.eclipse.jdt.internal.junit.runner.RemoteTestRunner.runTests(RemoteTestRunner.java:758) [.cp/:?]
	at org.eclipse.jdt.internal.junit.runner.RemoteTestRunner.run(RemoteTestRunner.java:453) [.cp/:?]
	at org.eclipse.jdt.internal.junit.runner.RemoteTestRunner.main(RemoteTestRunner.java:211) [.cp/:?]
2025-12-28 22:24:12 INFO  === END   tests.LastUpdateTests.lastUpdate_shouldMatchCurrent[Exp#1 [f1=1, f2=1, f3=1, f4=1, f5=1, f6=1, f7=1, f8=1]] ===
2025-12-28 22:24:12 INFO  === START tests.LastUpdateTests.lastUpdate_shouldMatchCurrent[Exp#2 [f1=1, f2=1, f3=2, f4=2, f5=2, f6=2, f7=2, f8=2]] ===
2025-12-28 22:24:16 INFO  STEP PASS: Results should be visible
2025-12-28 22:24:16 INFO  STEP: Expected time = 22:24, actual time = 22:24
2025-12-28 22:24:16 INFO  STEP PASS: Last update time should be same as current time
2025-12-28 22:24:16 INFO  STEP: Expected date = 28/12/2025, actual date = 28/12/2026
2025-12-28 22:24:16 ERROR STEP FAIL: Last update should be same as current date
2025-12-28 22:24:16 ERROR === FAIL  tests.LastUpdateTests.lastUpdate_shouldMatchCurrent[Exp#6 [f1=1, f2=2, f3=3, f4=3, f5=1, f6=1, f7=2, f8=2]] ===
java.lang.AssertionError: Last update should be same as current date
	at org.junit.Assert.fail(Assert.java:89) ~[junit-4.13.jar:4.13]
	at org.junit.Assert.assertTrue(Assert.java:42) ~[junit-4.13.jar:4.13]
	at tests.BaseTest.checkTrue(BaseTest.java:79) ~[test-classes/:?]
	at tests.LastUpdateTests.lastUpdate_shouldMatchCurrent(LastUpdateTests.java:47) ~[test-classes/:?]
	at jdk.internal.reflect.DirectMethodHandleAccessor.invoke(DirectMethodHandleAccessor.java:103) ~[?:?]
	at java.lang.reflect.Method.invoke(Method.java:580) ~[?:?]
	at org.junit.runners.model.FrameworkMethod$1.runReflectiveCall(FrameworkMethod.java:59) ~[junit-4.13.jar:4.13]
	at org.junit.internal.runners.model.ReflectiveCallable.run(ReflectiveCallable.java:12) ~[junit-4.13.jar:4.13]
	at org.junit.runners.model.FrameworkMethod.invokeExplosively(FrameworkMethod.java:56) ~[junit-4.13.jar:4.13]
	at org.junit.internal.runners.statements.InvokeMethod.evaluate(InvokeMethod.java:17) ~[junit-4.13.jar:4.13]
	at org.junit.internal.runners.statements.RunBefores.evaluate(RunBefores.java:26) ~[junit-4.13.jar:4.13]
	at org.junit.internal.runners.statements.RunAfters.evaluate(RunAfters.java:27) ~[junit-4.13.jar:4.13]
	at org.junit.rules.TestWatcher$1.evaluate(TestWatcher.java:61) [junit-4.13.jar:4.13]
	at org.junit.runners.ParentRunner$3.evaluate(ParentRunner.java:306) [junit-4.13.jar:4.13]
	at org.junit.runners.BlockJUnit4ClassRunner$1.evaluate(BlockJUnit4ClassRunner.java:100) [junit-4.13.jar:4.13]
	at org.junit.runners.ParentRunner.runLeaf(ParentRunner.java:366) [junit-4.13.jar:4.13]
	at org.junit.runners.BlockJUnit4ClassRunner.runChild(BlockJUnit4ClassRunner.java:103) [junit-4.13.jar:4.13]
	at org.junit.runners.BlockJUnit4ClassRunner.runChild(BlockJUnit4ClassRunner.java:63) [junit-4.13.jar:4.13]
	at org.junit.runners.ParentRunner$4.run(ParentRunner.java:331) [junit-4.13.jar:4.13]
	at org.junit.runners.ParentRunner$1.schedule(ParentRunner.java:79) [junit-4.13.jar:4.13]
	at org.junit.runners.ParentRunner.runChildren(ParentRunner.java:329) [junit-4.13.jar:4.13]
	at org.junit.runners.ParentRunner.access$100(ParentRunner.java:66) [junit-4.13.jar:4.13]
	at org.junit.runners.ParentRunner$2.evaluate(ParentRunner.java:293) [junit-4.13.jar:4.13]
	at org.junit.runners.ParentRunner.run(ParentRunner.java:413) [junit-4.13.jar:4.13]
	at org.junit.runners.Suite.runChild(Suite.java:128) [junit-4.13.jar:4.13]
	at org.junit.runners.Suite.runChild(Suite.java:27) [junit-4.13.jar:4.13]
	at org.junit.runners.ParentRunner$4.run(ParentRunner.java:331) [junit-4.13.jar:4.13]
	at org.junit.runners.ParentRunner$1.schedule(ParentRunner.java:79) [junit-4.13.jar:4.13]
	at org.junit.runners.ParentRunner.runChildren(ParentRunner.java:329) [junit-4.13.jar:4.13]
	at org.junit.runners.ParentRunner.access$100(ParentRunner.java:66) [junit-4.13.jar:4.13]
	at org.junit.runners.ParentRunner$2.evaluate(ParentRunner.java:293) [junit-4.13.jar:4.13]
	at org.junit.runners.ParentRunner$3.evaluate(ParentRunner.java:306) [junit-4.13.jar:4.13]
	at org.junit.runners.ParentRunner.run(ParentRunner.java:413) [junit-4.13.jar:4.13]
	at org.eclipse.jdt.internal.junit4.runner.JUnit4TestReference.run(JUnit4TestReference.java:93) [.cp/:?]
	at org.eclipse.jdt.internal.junit.runner.TestExecution.run(TestExecution.java:40) [.cp/:?]
	at org.eclipse.jdt.internal.junit.runner.RemoteTestRunner.runTests(RemoteTestRunner.java:530) [.cp/:?]
	at org.eclipse.jdt.internal.junit.runner.RemoteTestRunner.runTests(RemoteTestRunner.java:758) [.cp/:?]
	at org.eclipse.jdt.internal.junit.runner.RemoteTestRunner.run(RemoteTestRunner.java:453) [.cp/:?]
	at org.eclipse.jdt.internal.junit.runner.RemoteTestRunner.main(RemoteTestRunner.java:211) [.cp/:?]
2025-12-28 22:24:16 INFO  === END   tests.LastUpdateTests.lastUpdate_shouldMatchCurrent[Exp#6 [f1=1, f2=2, f3=3, f4=3, f5=1, f6=1, f7=2, f8=2]] ===
2025-12-28 22:24:16 INFO  === START tests.LastUpdateTests.lastUpdate_shouldMatchCurrent[Exp#7 [f1=1, f2=3, f3=1, f4=2, f5=1, f6=3, f7=2, f8=3]] ===
2025-12-28 22:24:19 INFO  STEP PASS: Results should be visible
2025-12-28 22:24:19 INFO  STEP: Expected time = 22:24, actual time = 22:24
2025-12-28 22:24:19 INFO  STEP PASS: Last update time should be same as current time
2025-12-28 22:24:19 INFO  STEP: Expected date = 28/12/2025, actual date = 28/12/2026
2025-12-28 22:24:19 ERROR STEP FAIL: Last update should be same as current date
2025-12-28 22:24:19 ERROR === FAIL  tests.LastUpdateTests.lastUpdate_shouldMatchCurrent[Exp#2 [f1=1, f2=1, f3=2, f4=2, f5=2, f6=2, f7=2, f8=2]] ===
java.lang.AssertionError: Last update should be same as current date
	at org.junit.Assert.fail(Assert.java:89) ~[junit-4.13.jar:4.13]
	at org.junit.Assert.assertTrue(Assert.java:42) ~[junit-4.13.jar:4.13]
	at tests.BaseTest.checkTrue(BaseTest.java:79) ~[test-classes/:?]
	at tests.LastUpdateTests.lastUpdate_shouldMatchCurrent(LastUpdateTests.java:47) ~[test-classes/:?]
	at jdk.internal.reflect.DirectMethodHandleAccessor.invoke(DirectMethodHandleAccessor.java:103) ~[?:?]
	at java.lang.reflect.Method.invoke(Method.java:580) ~[?:?]
	at org.junit.runners.model.FrameworkMethod$1.runReflectiveCall(FrameworkMethod.java:59) ~[junit-4.13.jar:4.13]
	at org.junit.internal.runners.model.ReflectiveCallable.run(ReflectiveCallable.java:12) ~[junit-4.13.jar:4.13]
	at org.junit.runners.model.FrameworkMethod.invokeExplosively(FrameworkMethod.java:56) ~[junit-4.13.jar:4.13]
	at org.junit.internal.runners.statements.InvokeMethod.evaluate(InvokeMethod.java:17) ~[junit-4.13.jar:4.13]
	at org.junit.internal.runners.statements.RunBefores.evaluate(RunBefores.java:26) ~[junit-4.13.jar:4.13]
	at org.junit.internal.runners.statements.RunAfters.evaluate(RunAfters.java:27) ~[junit-4.13.jar:4.13]
	at org.junit.rules.TestWatcher$1.evaluate(TestWatcher.java:61) [junit-4.13.jar:4.13]
	at org.junit.runners.ParentRunner$3.evaluate(ParentRunner.java:306) [junit-4.13.jar:4.13]
	at org.junit.runners.BlockJUnit4ClassRunner$1.evaluate(BlockJUnit4ClassRunner.java:100) [junit-4.13.jar:4.13]
	at org.junit.runners.ParentRunner.runLeaf(ParentRunner.java:366) [junit-4.13.jar:4.13]
	at org.junit.runners.BlockJUnit4ClassRunner.runChild(BlockJUnit4ClassRunner.java:103) [junit-4.13.jar:4.13]
	at org.junit.runners.BlockJUnit4ClassRunner.runChild(BlockJUnit4ClassRunner.java:63) [junit-4.13.jar:4.13]
	at org.junit.runners.ParentRunner$4.run(ParentRunner.java:331) [junit-4.13.jar:4.13]
	at org.junit.runners.ParentRunner$1.schedule(ParentRunner.java:79) [junit-4.13.jar:4.13]
	at org.junit.runners.ParentRunner.runChildren(ParentRunner.java:329) [junit-4.13.jar:4.13]
	at org.junit.runners.ParentRunner.access$100(ParentRunner.java:66) [junit-4.13.jar:4.13]
	at org.junit.runners.ParentRunner$2.evaluate(ParentRunner.java:293) [junit-4.13.jar:4.13]
	at org.junit.runners.ParentRunner.run(ParentRunner.java:413) [junit-4.13.jar:4.13]
	at org.junit.runners.Suite.runChild(Suite.java:128) [junit-4.13.jar:4.13]
	at org.junit.runners.Suite.runChild(Suite.java:27) [junit-4.13.jar:4.13]
	at org.junit.runners.ParentRunner$4.run(ParentRunner.java:331) [junit-4.13.jar:4.13]
	at org.junit.runners.ParentRunner$1.schedule(ParentRunner.java:79) [junit-4.13.jar:4.13]
	at org.junit.runners.ParentRunner.runChildren(ParentRunner.java:329) [junit-4.13.jar:4.13]
	at org.junit.runners.ParentRunner.access$100(ParentRunner.java:66) [junit-4.13.jar:4.13]
	at org.junit.runners.ParentRunner$2.evaluate(ParentRunner.java:293) [junit-4.13.jar:4.13]
	at org.junit.runners.ParentRunner$3.evaluate(ParentRunner.java:306) [junit-4.13.jar:4.13]
	at org.junit.runners.ParentRunner.run(ParentRunner.java:413) [junit-4.13.jar:4.13]
	at org.eclipse.jdt.internal.junit4.runner.JUnit4TestReference.run(JUnit4TestReference.java:93) [.cp/:?]
	at org.eclipse.jdt.internal.junit.runner.TestExecution.run(TestExecution.java:40) [.cp/:?]
	at org.eclipse.jdt.internal.junit.runner.RemoteTestRunner.runTests(RemoteTestRunner.java:530) [.cp/:?]
	at org.eclipse.jdt.internal.junit.runner.RemoteTestRunner.runTests(RemoteTestRunner.java:758) [.cp/:?]
	at org.eclipse.jdt.internal.junit.runner.RemoteTestRunner.run(RemoteTestRunner.java:453) [.cp/:?]
	at org.eclipse.jdt.internal.junit.runner.RemoteTestRunner.main(RemoteTestRunner.java:211) [.cp/:?]
2025-12-28 22:24:19 INFO  === END   tests.LastUpdateTests.lastUpdate_shouldMatchCurrent[Exp#2 [f1=1, f2=1, f3=2, f4=2, f5=2, f6=2, f7=2, f8=2]] ===
2025-12-28 22:24:19 INFO  === START tests.LastUpdateTests.lastUpdate_shouldMatchCurrent[Exp#3 [f1=1, f2=1, f3=3, f4=3, f5=3, f6=3, f7=3, f8=3]] ===
2025-12-28 22:24:23 INFO  STEP PASS: Results should be visible
2025-12-28 22:24:23 INFO  STEP: Expected time = 22:24, actual time = 22:24
2025-12-28 22:24:23 INFO  STEP PASS: Last update time should be same as current time
2025-12-28 22:24:23 INFO  STEP: Expected date = 28/12/2025, actual date = 28/12/2026
2025-12-28 22:24:23 ERROR STEP FAIL: Last update should be same as current date
2025-12-28 22:24:23 ERROR === FAIL  tests.LastUpdateTests.lastUpdate_shouldMatchCurrent[Exp#7 [f1=1, f2=3, f3=1, f4=2, f5=1, f6=3, f7=2, f8=3]] ===
java.lang.AssertionError: Last update should be same as current date
	at org.junit.Assert.fail(Assert.java:89) ~[junit-4.13.jar:4.13]
	at org.junit.Assert.assertTrue(Assert.java:42) ~[junit-4.13.jar:4.13]
	at tests.BaseTest.checkTrue(BaseTest.java:79) ~[test-classes/:?]
	at tests.LastUpdateTests.lastUpdate_shouldMatchCurrent(LastUpdateTests.java:47) ~[test-classes/:?]
	at jdk.internal.reflect.DirectMethodHandleAccessor.invoke(DirectMethodHandleAccessor.java:103) ~[?:?]
	at java.lang.reflect.Method.invoke(Method.java:580) ~[?:?]
	at org.junit.runners.model.FrameworkMethod$1.runReflectiveCall(FrameworkMethod.java:59) ~[junit-4.13.jar:4.13]
	at org.junit.internal.runners.model.ReflectiveCallable.run(ReflectiveCallable.java:12) ~[junit-4.13.jar:4.13]
	at org.junit.runners.model.FrameworkMethod.invokeExplosively(FrameworkMethod.java:56) ~[junit-4.13.jar:4.13]
	at org.junit.internal.runners.statements.InvokeMethod.evaluate(InvokeMethod.java:17) ~[junit-4.13.jar:4.13]
	at org.junit.internal.runners.statements.RunBefores.evaluate(RunBefores.java:26) ~[junit-4.13.jar:4.13]
	at org.junit.internal.runners.statements.RunAfters.evaluate(RunAfters.java:27) ~[junit-4.13.jar:4.13]
	at org.junit.rules.TestWatcher$1.evaluate(TestWatcher.java:61) [junit-4.13.jar:4.13]
	at org.junit.runners.ParentRunner$3.evaluate(ParentRunner.java:306) [junit-4.13.jar:4.13]
	at org.junit.runners.BlockJUnit4ClassRunner$1.evaluate(BlockJUnit4ClassRunner.java:100) [junit-4.13.jar:4.13]
	at org.junit.runners.ParentRunner.runLeaf(ParentRunner.java:366) [junit-4.13.jar:4.13]
	at org.junit.runners.BlockJUnit4ClassRunner.runChild(BlockJUnit4ClassRunner.java:103) [junit-4.13.jar:4.13]
	at org.junit.runners.BlockJUnit4ClassRunner.runChild(BlockJUnit4ClassRunner.java:63) [junit-4.13.jar:4.13]
	at org.junit.runners.ParentRunner$4.run(ParentRunner.java:331) [junit-4.13.jar:4.13]
	at org.junit.runners.ParentRunner$1.schedule(ParentRunner.java:79) [junit-4.13.jar:4.13]
	at org.junit.runners.ParentRunner.runChildren(ParentRunner.java:329) [junit-4.13.jar:4.13]
	at org.junit.runners.ParentRunner.access$100(ParentRunner.java:66) [junit-4.13.jar:4.13]
	at org.junit.runners.ParentRunner$2.evaluate(ParentRunner.java:293) [junit-4.13.jar:4.13]
	at org.junit.runners.ParentRunner.run(ParentRunner.java:413) [junit-4.13.jar:4.13]
	at org.junit.runners.Suite.runChild(Suite.java:128) [junit-4.13.jar:4.13]
	at org.junit.runners.Suite.runChild(Suite.java:27) [junit-4.13.jar:4.13]
	at org.junit.runners.ParentRunner$4.run(ParentRunner.java:331) [junit-4.13.jar:4.13]
	at org.junit.runners.ParentRunner$1.schedule(ParentRunner.java:79) [junit-4.13.jar:4.13]
	at org.junit.runners.ParentRunner.runChildren(ParentRunner.java:329) [junit-4.13.jar:4.13]
	at org.junit.runners.ParentRunner.access$100(ParentRunner.java:66) [junit-4.13.jar:4.13]
	at org.junit.runners.ParentRunner$2.evaluate(ParentRunner.java:293) [junit-4.13.jar:4.13]
	at org.junit.runners.ParentRunner$3.evaluate(ParentRunner.java:306) [junit-4.13.jar:4.13]
	at org.junit.runners.ParentRunner.run(ParentRunner.java:413) [junit-4.13.jar:4.13]
	at org.eclipse.jdt.internal.junit4.runner.JUnit4TestReference.run(JUnit4TestReference.java:93) [.cp/:?]
	at org.eclipse.jdt.internal.junit.runner.TestExecution.run(TestExecution.java:40) [.cp/:?]
	at org.eclipse.jdt.internal.junit.runner.RemoteTestRunner.runTests(RemoteTestRunner.java:530) [.cp/:?]
	at org.eclipse.jdt.internal.junit.runner.RemoteTestRunner.runTests(RemoteTestRunner.java:758) [.cp/:?]
	at org.eclipse.jdt.internal.junit.runner.RemoteTestRunner.run(RemoteTestRunner.java:453) [.cp/:?]
	at org.eclipse.jdt.internal.junit.runner.RemoteTestRunner.main(RemoteTestRunner.java:211) [.cp/:?]
2025-12-28 22:24:23 INFO  === END   tests.LastUpdateTests.lastUpdate_shouldMatchCurrent[Exp#7 [f1=1, f2=3, f3=1, f4=2, f5=1, f6=3, f7=2, f8=3]] ===
2025-12-28 22:24:23 INFO  === START tests.LastUpdateTests.lastUpdate_shouldMatchCurrent[Exp#8 [f1=1, f2=3, f3=2, f4=3, f5=2, f6=1, f7=3, f8=1]] ===
2025-12-28 22:24:26 INFO  STEP PASS: Results should be visible
2025-12-28 22:24:26 INFO  STEP: Expected time = 22:24, actual time = 22:24
2025-12-28 22:24:26 INFO  STEP PASS: Last update time should be same as current time
2025-12-28 22:24:26 INFO  STEP: Expected date = 28/12/2025, actual date = 28/12/2026
2025-12-28 22:24:26 ERROR STEP FAIL: Last update should be same as current date
2025-12-28 22:24:26 ERROR === FAIL  tests.LastUpdateTests.lastUpdate_shouldMatchCurrent[Exp#3 [f1=1, f2=1, f3=3, f4=3, f5=3, f6=3, f7=3, f8=3]] ===
java.lang.AssertionError: Last update should be same as current date
	at org.junit.Assert.fail(Assert.java:89) ~[junit-4.13.jar:4.13]
	at org.junit.Assert.assertTrue(Assert.java:42) ~[junit-4.13.jar:4.13]
	at tests.BaseTest.checkTrue(BaseTest.java:79) ~[test-classes/:?]
	at tests.LastUpdateTests.lastUpdate_shouldMatchCurrent(LastUpdateTests.java:47) ~[test-classes/:?]
	at jdk.internal.reflect.DirectMethodHandleAccessor.invoke(DirectMethodHandleAccessor.java:103) ~[?:?]
	at java.lang.reflect.Method.invoke(Method.java:580) ~[?:?]
	at org.junit.runners.model.FrameworkMethod$1.runReflectiveCall(FrameworkMethod.java:59) ~[junit-4.13.jar:4.13]
	at org.junit.internal.runners.model.ReflectiveCallable.run(ReflectiveCallable.java:12) ~[junit-4.13.jar:4.13]
	at org.junit.runners.model.FrameworkMethod.invokeExplosively(FrameworkMethod.java:56) ~[junit-4.13.jar:4.13]
	at org.junit.internal.runners.statements.InvokeMethod.evaluate(InvokeMethod.java:17) ~[junit-4.13.jar:4.13]
	at org.junit.internal.runners.statements.RunBefores.evaluate(RunBefores.java:26) ~[junit-4.13.jar:4.13]
	at org.junit.internal.runners.statements.RunAfters.evaluate(RunAfters.java:27) ~[junit-4.13.jar:4.13]
	at org.junit.rules.TestWatcher$1.evaluate(TestWatcher.java:61) [junit-4.13.jar:4.13]
	at org.junit.runners.ParentRunner$3.evaluate(ParentRunner.java:306) [junit-4.13.jar:4.13]
	at org.junit.runners.BlockJUnit4ClassRunner$1.evaluate(BlockJUnit4ClassRunner.java:100) [junit-4.13.jar:4.13]
	at org.junit.runners.ParentRunner.runLeaf(ParentRunner.java:366) [junit-4.13.jar:4.13]
	at org.junit.runners.BlockJUnit4ClassRunner.runChild(BlockJUnit4ClassRunner.java:103) [junit-4.13.jar:4.13]
	at org.junit.runners.BlockJUnit4ClassRunner.runChild(BlockJUnit4ClassRunner.java:63) [junit-4.13.jar:4.13]
	at org.junit.runners.ParentRunner$4.run(ParentRunner.java:331) [junit-4.13.jar:4.13]
	at org.junit.runners.ParentRunner$1.schedule(ParentRunner.java:79) [junit-4.13.jar:4.13]
	at org.junit.runners.ParentRunner.runChildren(ParentRunner.java:329) [junit-4.13.jar:4.13]
	at org.junit.runners.ParentRunner.access$100(ParentRunner.java:66) [junit-4.13.jar:4.13]
	at org.junit.runners.ParentRunner$2.evaluate(ParentRunner.java:293) [junit-4.13.jar:4.13]
	at org.junit.runners.ParentRunner.run(ParentRunner.java:413) [junit-4.13.jar:4.13]
	at org.junit.runners.Suite.runChild(Suite.java:128) [junit-4.13.jar:4.13]
	at org.junit.runners.Suite.runChild(Suite.java:27) [junit-4.13.jar:4.13]
	at org.junit.runners.ParentRunner$4.run(ParentRunner.java:331) [junit-4.13.jar:4.13]
	at org.junit.runners.ParentRunner$1.schedule(ParentRunner.java:79) [junit-4.13.jar:4.13]
	at org.junit.runners.ParentRunner.runChildren(ParentRunner.java:329) [junit-4.13.jar:4.13]
	at org.junit.runners.ParentRunner.access$100(ParentRunner.java:66) [junit-4.13.jar:4.13]
	at org.junit.runners.ParentRunner$2.evaluate(ParentRunner.java:293) [junit-4.13.jar:4.13]
	at org.junit.runners.ParentRunner$3.evaluate(ParentRunner.java:306) [junit-4.13.jar:4.13]
	at org.junit.runners.ParentRunner.run(ParentRunner.java:413) [junit-4.13.jar:4.13]
	at org.eclipse.jdt.internal.junit4.runner.JUnit4TestReference.run(JUnit4TestReference.java:93) [.cp/:?]
	at org.eclipse.jdt.internal.junit.runner.TestExecution.run(TestExecution.java:40) [.cp/:?]
	at org.eclipse.jdt.internal.junit.runner.RemoteTestRunner.runTests(RemoteTestRunner.java:530) [.cp/:?]
	at org.eclipse.jdt.internal.junit.runner.RemoteTestRunner.runTests(RemoteTestRunner.java:758) [.cp/:?]
	at org.eclipse.jdt.internal.junit.runner.RemoteTestRunner.run(RemoteTestRunner.java:453) [.cp/:?]
	at org.eclipse.jdt.internal.junit.runner.RemoteTestRunner.main(RemoteTestRunner.java:211) [.cp/:?]
2025-12-28 22:24:26 INFO  === END   tests.LastUpdateTests.lastUpdate_shouldMatchCurrent[Exp#3 [f1=1, f2=1, f3=3, f4=3, f5=3, f6=3, f7=3, f8=3]] ===
2025-12-28 22:24:26 INFO  === START tests.LastUpdateTests.lastUpdate_shouldMatchCurrent[Exp#4 [f1=1, f2=2, f3=1, f4=1, f5=2, f6=2, f7=3, f8=3]] ===
2025-12-28 22:24:31 INFO  STEP PASS: Results should be visible
2025-12-28 22:24:31 INFO  STEP: Expected time = 22:24, actual time = 22:24
2025-12-28 22:24:31 INFO  STEP PASS: Last update time should be same as current time
2025-12-28 22:24:31 INFO  STEP: Expected date = 28/12/2025, actual date = 28/12/2026
2025-12-28 22:24:31 ERROR STEP FAIL: Last update should be same as current date
2025-12-28 22:24:31 ERROR === FAIL  tests.LastUpdateTests.lastUpdate_shouldMatchCurrent[Exp#8 [f1=1, f2=3, f3=2, f4=3, f5=2, f6=1, f7=3, f8=1]] ===
java.lang.AssertionError: Last update should be same as current date
	at org.junit.Assert.fail(Assert.java:89) ~[junit-4.13.jar:4.13]
	at org.junit.Assert.assertTrue(Assert.java:42) ~[junit-4.13.jar:4.13]
	at tests.BaseTest.checkTrue(BaseTest.java:79) ~[test-classes/:?]
	at tests.LastUpdateTests.lastUpdate_shouldMatchCurrent(LastUpdateTests.java:47) ~[test-classes/:?]
	at jdk.internal.reflect.DirectMethodHandleAccessor.invoke(DirectMethodHandleAccessor.java:103) ~[?:?]
	at java.lang.reflect.Method.invoke(Method.java:580) ~[?:?]
	at org.junit.runners.model.FrameworkMethod$1.runReflectiveCall(FrameworkMethod.java:59) ~[junit-4.13.jar:4.13]
	at org.junit.internal.runners.model.ReflectiveCallable.run(ReflectiveCallable.java:12) ~[junit-4.13.jar:4.13]
	at org.junit.runners.model.FrameworkMethod.invokeExplosively(FrameworkMethod.java:56) ~[junit-4.13.jar:4.13]
	at org.junit.internal.runners.statements.InvokeMethod.evaluate(InvokeMethod.java:17) ~[junit-4.13.jar:4.13]
	at org.junit.internal.runners.statements.RunBefores.evaluate(RunBefores.java:26) ~[junit-4.13.jar:4.13]
	at org.junit.internal.runners.statements.RunAfters.evaluate(RunAfters.java:27) ~[junit-4.13.jar:4.13]
	at org.junit.rules.TestWatcher$1.evaluate(TestWatcher.java:61) [junit-4.13.jar:4.13]
	at org.junit.runners.ParentRunner$3.evaluate(ParentRunner.java:306) [junit-4.13.jar:4.13]
	at org.junit.runners.BlockJUnit4ClassRunner$1.evaluate(BlockJUnit4ClassRunner.java:100) [junit-4.13.jar:4.13]
	at org.junit.runners.ParentRunner.runLeaf(ParentRunner.java:366) [junit-4.13.jar:4.13]
	at org.junit.runners.BlockJUnit4ClassRunner.runChild(BlockJUnit4ClassRunner.java:103) [junit-4.13.jar:4.13]
	at org.junit.runners.BlockJUnit4ClassRunner.runChild(BlockJUnit4ClassRunner.java:63) [junit-4.13.jar:4.13]
	at org.junit.runners.ParentRunner$4.run(ParentRunner.java:331) [junit-4.13.jar:4.13]
	at org.junit.runners.ParentRunner$1.schedule(ParentRunner.java:79) [junit-4.13.jar:4.13]
	at org.junit.runners.ParentRunner.runChildren(ParentRunner.java:329) [junit-4.13.jar:4.13]
	at org.junit.runners.ParentRunner.access$100(ParentRunner.java:66) [junit-4.13.jar:4.13]
	at org.junit.runners.ParentRunner$2.evaluate(ParentRunner.java:293) [junit-4.13.jar:4.13]
	at org.junit.runners.ParentRunner.run(ParentRunner.java:413) [junit-4.13.jar:4.13]
	at org.junit.runners.Suite.runChild(Suite.java:128) [junit-4.13.jar:4.13]
	at org.junit.runners.Suite.runChild(Suite.java:27) [junit-4.13.jar:4.13]
	at org.junit.runners.ParentRunner$4.run(ParentRunner.java:331) [junit-4.13.jar:4.13]
	at org.junit.runners.ParentRunner$1.schedule(ParentRunner.java:79) [junit-4.13.jar:4.13]
	at org.junit.runners.ParentRunner.runChildren(ParentRunner.java:329) [junit-4.13.jar:4.13]
	at org.junit.runners.ParentRunner.access$100(ParentRunner.java:66) [junit-4.13.jar:4.13]
	at org.junit.runners.ParentRunner$2.evaluate(ParentRunner.java:293) [junit-4.13.jar:4.13]
	at org.junit.runners.ParentRunner$3.evaluate(ParentRunner.java:306) [junit-4.13.jar:4.13]
	at org.junit.runners.ParentRunner.run(ParentRunner.java:413) [junit-4.13.jar:4.13]
	at org.eclipse.jdt.internal.junit4.runner.JUnit4TestReference.run(JUnit4TestReference.java:93) [.cp/:?]
	at org.eclipse.jdt.internal.junit.runner.TestExecution.run(TestExecution.java:40) [.cp/:?]
	at org.eclipse.jdt.internal.junit.runner.RemoteTestRunner.runTests(RemoteTestRunner.java:530) [.cp/:?]
	at org.eclipse.jdt.internal.junit.runner.RemoteTestRunner.runTests(RemoteTestRunner.java:758) [.cp/:?]
	at org.eclipse.jdt.internal.junit.runner.RemoteTestRunner.run(RemoteTestRunner.java:453) [.cp/:?]
	at org.eclipse.jdt.internal.junit.runner.RemoteTestRunner.main(RemoteTestRunner.java:211) [.cp/:?]
2025-12-28 22:24:31 INFO  === END   tests.LastUpdateTests.lastUpdate_shouldMatchCurrent[Exp#8 [f1=1, f2=3, f3=2, f4=3, f5=2, f6=1, f7=3, f8=1]] ===
2025-12-28 22:24:31 INFO  === START tests.LastUpdateTests.lastUpdate_shouldMatchCurrent[Exp#9 [f1=1, f2=3, f3=3, f4=1, f5=3, f6=2, f7=1, f8=2]] ===
2025-12-28 22:24:32 INFO  STEP PASS: Results should be visible
2025-12-28 22:24:32 INFO  STEP: Expected time = 22:24, actual time = 22:24
2025-12-28 22:24:32 INFO  STEP PASS: Last update time should be same as current time
2025-12-28 22:24:32 INFO  STEP: Expected date = 28/12/2025, actual date = 28/12/2026
2025-12-28 22:24:32 ERROR STEP FAIL: Last update should be same as current date
2025-12-28 22:24:33 ERROR === FAIL  tests.LastUpdateTests.lastUpdate_shouldMatchCurrent[Exp#4 [f1=1, f2=2, f3=1, f4=1, f5=2, f6=2, f7=3, f8=3]] ===
java.lang.AssertionError: Last update should be same as current date
	at org.junit.Assert.fail(Assert.java:89) ~[junit-4.13.jar:4.13]
	at org.junit.Assert.assertTrue(Assert.java:42) ~[junit-4.13.jar:4.13]
	at tests.BaseTest.checkTrue(BaseTest.java:79) ~[test-classes/:?]
	at tests.LastUpdateTests.lastUpdate_shouldMatchCurrent(LastUpdateTests.java:47) ~[test-classes/:?]
	at jdk.internal.reflect.DirectMethodHandleAccessor.invoke(DirectMethodHandleAccessor.java:103) ~[?:?]
	at java.lang.reflect.Method.invoke(Method.java:580) ~[?:?]
	at org.junit.runners.model.FrameworkMethod$1.runReflectiveCall(FrameworkMethod.java:59) ~[junit-4.13.jar:4.13]
	at org.junit.internal.runners.model.ReflectiveCallable.run(ReflectiveCallable.java:12) ~[junit-4.13.jar:4.13]
	at org.junit.runners.model.FrameworkMethod.invokeExplosively(FrameworkMethod.java:56) ~[junit-4.13.jar:4.13]
	at org.junit.internal.runners.statements.InvokeMethod.evaluate(InvokeMethod.java:17) ~[junit-4.13.jar:4.13]
	at org.junit.internal.runners.statements.RunBefores.evaluate(RunBefores.java:26) ~[junit-4.13.jar:4.13]
	at org.junit.internal.runners.statements.RunAfters.evaluate(RunAfters.java:27) ~[junit-4.13.jar:4.13]
	at org.junit.rules.TestWatcher$1.evaluate(TestWatcher.java:61) [junit-4.13.jar:4.13]
	at org.junit.runners.ParentRunner$3.evaluate(ParentRunner.java:306) [junit-4.13.jar:4.13]
	at org.junit.runners.BlockJUnit4ClassRunner$1.evaluate(BlockJUnit4ClassRunner.java:100) [junit-4.13.jar:4.13]
	at org.junit.runners.ParentRunner.runLeaf(ParentRunner.java:366) [junit-4.13.jar:4.13]
	at org.junit.runners.BlockJUnit4ClassRunner.runChild(BlockJUnit4ClassRunner.java:103) [junit-4.13.jar:4.13]
	at org.junit.runners.BlockJUnit4ClassRunner.runChild(BlockJUnit4ClassRunner.java:63) [junit-4.13.jar:4.13]
	at org.junit.runners.ParentRunner$4.run(ParentRunner.java:331) [junit-4.13.jar:4.13]
	at org.junit.runners.ParentRunner$1.schedule(ParentRunner.java:79) [junit-4.13.jar:4.13]
	at org.junit.runners.ParentRunner.runChildren(ParentRunner.java:329) [junit-4.13.jar:4.13]
	at org.junit.runners.ParentRunner.access$100(ParentRunner.java:66) [junit-4.13.jar:4.13]
	at org.junit.runners.ParentRunner$2.evaluate(ParentRunner.java:293) [junit-4.13.jar:4.13]
	at org.junit.runners.ParentRunner.run(ParentRunner.java:413) [junit-4.13.jar:4.13]
	at org.junit.runners.Suite.runChild(Suite.java:128) [junit-4.13.jar:4.13]
	at org.junit.runners.Suite.runChild(Suite.java:27) [junit-4.13.jar:4.13]
	at org.junit.runners.ParentRunner$4.run(ParentRunner.java:331) [junit-4.13.jar:4.13]
	at org.junit.runners.ParentRunner$1.schedule(ParentRunner.java:79) [junit-4.13.jar:4.13]
	at org.junit.runners.ParentRunner.runChildren(ParentRunner.java:329) [junit-4.13.jar:4.13]
	at org.junit.runners.ParentRunner.access$100(ParentRunner.java:66) [junit-4.13.jar:4.13]
	at org.junit.runners.ParentRunner$2.evaluate(ParentRunner.java:293) [junit-4.13.jar:4.13]
	at org.junit.runners.ParentRunner$3.evaluate(ParentRunner.java:306) [junit-4.13.jar:4.13]
	at org.junit.runners.ParentRunner.run(ParentRunner.java:413) [junit-4.13.jar:4.13]
	at org.eclipse.jdt.internal.junit4.runner.JUnit4TestReference.run(JUnit4TestReference.java:93) [.cp/:?]
	at org.eclipse.jdt.internal.junit.runner.TestExecution.run(TestExecution.java:40) [.cp/:?]
	at org.eclipse.jdt.internal.junit.runner.RemoteTestRunner.runTests(RemoteTestRunner.java:530) [.cp/:?]
	at org.eclipse.jdt.internal.junit.runner.RemoteTestRunner.runTests(RemoteTestRunner.java:758) [.cp/:?]
	at org.eclipse.jdt.internal.junit.runner.RemoteTestRunner.run(RemoteTestRunner.java:453) [.cp/:?]
	at org.eclipse.jdt.internal.junit.runner.RemoteTestRunner.main(RemoteTestRunner.java:211) [.cp/:?]
2025-12-28 22:24:33 INFO  === END   tests.LastUpdateTests.lastUpdate_shouldMatchCurrent[Exp#4 [f1=1, f2=2, f3=1, f4=1, f5=2, f6=2, f7=3, f8=3]] ===
2025-12-28 22:24:33 INFO  === START tests.LastUpdateTests.lastUpdate_shouldMatchCurrent[Exp#5 [f1=1, f2=2, f3=2, f4=2, f5=3, f6=3, f7=1, f8=1]] ===
2025-12-28 22:24:38 INFO  STEP PASS: Results should be visible
2025-12-28 22:24:38 INFO  STEP: Expected time = 22:24, actual time = 22:24
2025-12-28 22:24:38 INFO  STEP PASS: Last update time should be same as current time
2025-12-28 22:24:38 INFO  STEP: Expected date = 28/12/2025, actual date = 28/12/2026
2025-12-28 22:24:38 ERROR STEP FAIL: Last update should be same as current date
2025-12-28 22:24:38 ERROR === FAIL  tests.LastUpdateTests.lastUpdate_shouldMatchCurrent[Exp#9 [f1=1, f2=3, f3=3, f4=1, f5=3, f6=2, f7=1, f8=2]] ===
java.lang.AssertionError: Last update should be same as current date
	at org.junit.Assert.fail(Assert.java:89) ~[junit-4.13.jar:4.13]
	at org.junit.Assert.assertTrue(Assert.java:42) ~[junit-4.13.jar:4.13]
	at tests.BaseTest.checkTrue(BaseTest.java:79) ~[test-classes/:?]
	at tests.LastUpdateTests.lastUpdate_shouldMatchCurrent(LastUpdateTests.java:47) ~[test-classes/:?]
	at jdk.internal.reflect.DirectMethodHandleAccessor.invoke(DirectMethodHandleAccessor.java:103) ~[?:?]
	at java.lang.reflect.Method.invoke(Method.java:580) ~[?:?]
	at org.junit.runners.model.FrameworkMethod$1.runReflectiveCall(FrameworkMethod.java:59) ~[junit-4.13.jar:4.13]
	at org.junit.internal.runners.model.ReflectiveCallable.run(ReflectiveCallable.java:12) ~[junit-4.13.jar:4.13]
	at org.junit.runners.model.FrameworkMethod.invokeExplosively(FrameworkMethod.java:56) ~[junit-4.13.jar:4.13]
	at org.junit.internal.runners.statements.InvokeMethod.evaluate(InvokeMethod.java:17) ~[junit-4.13.jar:4.13]
	at org.junit.internal.runners.statements.RunBefores.evaluate(RunBefores.java:26) ~[junit-4.13.jar:4.13]
	at org.junit.internal.runners.statements.RunAfters.evaluate(RunAfters.java:27) ~[junit-4.13.jar:4.13]
	at org.junit.rules.TestWatcher$1.evaluate(TestWatcher.java:61) [junit-4.13.jar:4.13]
	at org.junit.runners.ParentRunner$3.evaluate(ParentRunner.java:306) [junit-4.13.jar:4.13]
	at org.junit.runners.BlockJUnit4ClassRunner$1.evaluate(BlockJUnit4ClassRunner.java:100) [junit-4.13.jar:4.13]
	at org.junit.runners.ParentRunner.runLeaf(ParentRunner.java:366) [junit-4.13.jar:4.13]
	at org.junit.runners.BlockJUnit4ClassRunner.runChild(BlockJUnit4ClassRunner.java:103) [junit-4.13.jar:4.13]
	at org.junit.runners.BlockJUnit4ClassRunner.runChild(BlockJUnit4ClassRunner.java:63) [junit-4.13.jar:4.13]
	at org.junit.runners.ParentRunner$4.run(ParentRunner.java:331) [junit-4.13.jar:4.13]
	at org.junit.runners.ParentRunner$1.schedule(ParentRunner.java:79) [junit-4.13.jar:4.13]
	at org.junit.runners.ParentRunner.runChildren(ParentRunner.java:329) [junit-4.13.jar:4.13]
	at org.junit.runners.ParentRunner.access$100(ParentRunner.java:66) [junit-4.13.jar:4.13]
	at org.junit.runners.ParentRunner$2.evaluate(ParentRunner.java:293) [junit-4.13.jar:4.13]
	at org.junit.runners.ParentRunner.run(ParentRunner.java:413) [junit-4.13.jar:4.13]
	at org.junit.runners.Suite.runChild(Suite.java:128) [junit-4.13.jar:4.13]
	at org.junit.runners.Suite.runChild(Suite.java:27) [junit-4.13.jar:4.13]
	at org.junit.runners.ParentRunner$4.run(ParentRunner.java:331) [junit-4.13.jar:4.13]
	at org.junit.runners.ParentRunner$1.schedule(ParentRunner.java:79) [junit-4.13.jar:4.13]
	at org.junit.runners.ParentRunner.runChildren(ParentRunner.java:329) [junit-4.13.jar:4.13]
	at org.junit.runners.ParentRunner.access$100(ParentRunner.java:66) [junit-4.13.jar:4.13]
	at org.junit.runners.ParentRunner$2.evaluate(ParentRunner.java:293) [junit-4.13.jar:4.13]
	at org.junit.runners.ParentRunner$3.evaluate(ParentRunner.java:306) [junit-4.13.jar:4.13]
	at org.junit.runners.ParentRunner.run(ParentRunner.java:413) [junit-4.13.jar:4.13]
	at org.eclipse.jdt.internal.junit4.runner.JUnit4TestReference.run(JUnit4TestReference.java:93) [.cp/:?]
	at org.eclipse.jdt.internal.junit.runner.TestExecution.run(TestExecution.java:40) [.cp/:?]
	at org.eclipse.jdt.internal.junit.runner.RemoteTestRunner.runTests(RemoteTestRunner.java:530) [.cp/:?]
	at org.eclipse.jdt.internal.junit.runner.RemoteTestRunner.runTests(RemoteTestRunner.java:758) [.cp/:?]
	at org.eclipse.jdt.internal.junit.runner.RemoteTestRunner.run(RemoteTestRunner.java:453) [.cp/:?]
	at org.eclipse.jdt.internal.junit.runner.RemoteTestRunner.main(RemoteTestRunner.java:211) [.cp/:?]
2025-12-28 22:24:38 INFO  === END   tests.LastUpdateTests.lastUpdate_shouldMatchCurrent[Exp#9 [f1=1, f2=3, f3=3, f4=1, f5=3, f6=2, f7=1, f8=2]] ===
2025-12-28 22:24:38 INFO  === START tests.LastUpdateTests.lastUpdate_shouldMatchCurrent[Exp#10 [f1=2, f2=1, f3=1, f4=3, f5=3, f6=2, f7=2, f8=1]] ===
2025-12-28 22:24:39 INFO  STEP PASS: Results should be visible
2025-12-28 22:24:39 INFO  STEP: Expected time = 22:24, actual time = 22:24
2025-12-28 22:24:39 INFO  STEP PASS: Last update time should be same as current time
2025-12-28 22:24:39 INFO  STEP: Expected date = 28/12/2025, actual date = 28/12/2026
2025-12-28 22:24:39 ERROR STEP FAIL: Last update should be same as current date
2025-12-28 22:24:39 ERROR === FAIL  tests.LastUpdateTests.lastUpdate_shouldMatchCurrent[Exp#5 [f1=1, f2=2, f3=2, f4=2, f5=3, f6=3, f7=1, f8=1]] ===
java.lang.AssertionError: Last update should be same as current date
	at org.junit.Assert.fail(Assert.java:89) ~[junit-4.13.jar:4.13]
	at org.junit.Assert.assertTrue(Assert.java:42) ~[junit-4.13.jar:4.13]
	at tests.BaseTest.checkTrue(BaseTest.java:79) ~[test-classes/:?]
	at tests.LastUpdateTests.lastUpdate_shouldMatchCurrent(LastUpdateTests.java:47) ~[test-classes/:?]
	at jdk.internal.reflect.DirectMethodHandleAccessor.invoke(DirectMethodHandleAccessor.java:103) ~[?:?]
	at java.lang.reflect.Method.invoke(Method.java:580) ~[?:?]
	at org.junit.runners.model.FrameworkMethod$1.runReflectiveCall(FrameworkMethod.java:59) ~[junit-4.13.jar:4.13]
	at org.junit.internal.runners.model.ReflectiveCallable.run(ReflectiveCallable.java:12) ~[junit-4.13.jar:4.13]
	at org.junit.runners.model.FrameworkMethod.invokeExplosively(FrameworkMethod.java:56) ~[junit-4.13.jar:4.13]
	at org.junit.internal.runners.statements.InvokeMethod.evaluate(InvokeMethod.java:17) ~[junit-4.13.jar:4.13]
	at org.junit.internal.runners.statements.RunBefores.evaluate(RunBefores.java:26) ~[junit-4.13.jar:4.13]
	at org.junit.internal.runners.statements.RunAfters.evaluate(RunAfters.java:27) ~[junit-4.13.jar:4.13]
	at org.junit.rules.TestWatcher$1.evaluate(TestWatcher.java:61) [junit-4.13.jar:4.13]
	at org.junit.runners.ParentRunner$3.evaluate(ParentRunner.java:306) [junit-4.13.jar:4.13]
	at org.junit.runners.BlockJUnit4ClassRunner$1.evaluate(BlockJUnit4ClassRunner.java:100) [junit-4.13.jar:4.13]
	at org.junit.runners.ParentRunner.runLeaf(ParentRunner.java:366) [junit-4.13.jar:4.13]
	at org.junit.runners.BlockJUnit4ClassRunner.runChild(BlockJUnit4ClassRunner.java:103) [junit-4.13.jar:4.13]
	at org.junit.runners.BlockJUnit4ClassRunner.runChild(BlockJUnit4ClassRunner.java:63) [junit-4.13.jar:4.13]
	at org.junit.runners.ParentRunner$4.run(ParentRunner.java:331) [junit-4.13.jar:4.13]
	at org.junit.runners.ParentRunner$1.schedule(ParentRunner.java:79) [junit-4.13.jar:4.13]
	at org.junit.runners.ParentRunner.runChildren(ParentRunner.java:329) [junit-4.13.jar:4.13]
	at org.junit.runners.ParentRunner.access$100(ParentRunner.java:66) [junit-4.13.jar:4.13]
	at org.junit.runners.ParentRunner$2.evaluate(ParentRunner.java:293) [junit-4.13.jar:4.13]
	at org.junit.runners.ParentRunner.run(ParentRunner.java:413) [junit-4.13.jar:4.13]
	at org.junit.runners.Suite.runChild(Suite.java:128) [junit-4.13.jar:4.13]
	at org.junit.runners.Suite.runChild(Suite.java:27) [junit-4.13.jar:4.13]
	at org.junit.runners.ParentRunner$4.run(ParentRunner.java:331) [junit-4.13.jar:4.13]
	at org.junit.runners.ParentRunner$1.schedule(ParentRunner.java:79) [junit-4.13.jar:4.13]
	at org.junit.runners.ParentRunner.runChildren(ParentRunner.java:329) [junit-4.13.jar:4.13]
	at org.junit.runners.ParentRunner.access$100(ParentRunner.java:66) [junit-4.13.jar:4.13]
	at org.junit.runners.ParentRunner$2.evaluate(ParentRunner.java:293) [junit-4.13.jar:4.13]
	at org.junit.runners.ParentRunner$3.evaluate(ParentRunner.java:306) [junit-4.13.jar:4.13]
	at org.junit.runners.ParentRunner.run(ParentRunner.java:413) [junit-4.13.jar:4.13]
	at org.eclipse.jdt.internal.junit4.runner.JUnit4TestReference.run(JUnit4TestReference.java:93) [.cp/:?]
	at org.eclipse.jdt.internal.junit.runner.TestExecution.run(TestExecution.java:40) [.cp/:?]
	at org.eclipse.jdt.internal.junit.runner.RemoteTestRunner.runTests(RemoteTestRunner.java:530) [.cp/:?]
	at org.eclipse.jdt.internal.junit.runner.RemoteTestRunner.runTests(RemoteTestRunner.java:758) [.cp/:?]
	at org.eclipse.jdt.internal.junit.runner.RemoteTestRunner.run(RemoteTestRunner.java:453) [.cp/:?]
	at org.eclipse.jdt.internal.junit.runner.RemoteTestRunner.main(RemoteTestRunner.java:211) [.cp/:?]
2025-12-28 22:24:39 INFO  === END   tests.LastUpdateTests.lastUpdate_shouldMatchCurrent[Exp#5 [f1=1, f2=2, f3=2, f4=2, f5=3, f6=3, f7=1, f8=1]] ===
2025-12-28 22:24:39 INFO  === START tests.LastUpdateTests.lastUpdate_shouldMatchCurrent[Exp#6 [f1=1, f2=2, f3=3, f4=3, f5=1, f6=1, f7=2, f8=2]] ===
2025-12-28 22:24:46 INFO  STEP PASS: Results should be visible
2025-12-28 22:24:46 INFO  STEP: Expected time = 22:24, actual time = 22:24
2025-12-28 22:24:46 INFO  STEP PASS: Last update time should be same as current time
2025-12-28 22:24:46 INFO  STEP: Expected date = 28/12/2025, actual date = 28/12/2026
2025-12-28 22:24:46 ERROR STEP FAIL: Last update should be same as current date
2025-12-28 22:24:46 INFO  STEP PASS: Results should be visible
2025-12-28 22:24:46 INFO  STEP: Expected time = 22:24, actual time = 22:24
2025-12-28 22:24:46 INFO  STEP PASS: Last update time should be same as current time
2025-12-28 22:24:46 INFO  STEP: Expected date = 28/12/2025, actual date = 28/12/2026
2025-12-28 22:24:46 ERROR STEP FAIL: Last update should be same as current date
2025-12-28 22:24:46 ERROR === FAIL  tests.LastUpdateTests.lastUpdate_shouldMatchCurrent[Exp#6 [f1=1, f2=2, f3=3, f4=3, f5=1, f6=1, f7=2, f8=2]] ===
java.lang.AssertionError: Last update should be same as current date
	at org.junit.Assert.fail(Assert.java:89) ~[junit-4.13.jar:4.13]
	at org.junit.Assert.assertTrue(Assert.java:42) ~[junit-4.13.jar:4.13]
	at tests.BaseTest.checkTrue(BaseTest.java:79) ~[test-classes/:?]
	at tests.LastUpdateTests.lastUpdate_shouldMatchCurrent(LastUpdateTests.java:47) ~[test-classes/:?]
	at jdk.internal.reflect.DirectMethodHandleAccessor.invoke(DirectMethodHandleAccessor.java:103) ~[?:?]
	at java.lang.reflect.Method.invoke(Method.java:580) ~[?:?]
	at org.junit.runners.model.FrameworkMethod$1.runReflectiveCall(FrameworkMethod.java:59) ~[junit-4.13.jar:4.13]
	at org.junit.internal.runners.model.ReflectiveCallable.run(ReflectiveCallable.java:12) ~[junit-4.13.jar:4.13]
	at org.junit.runners.model.FrameworkMethod.invokeExplosively(FrameworkMethod.java:56) ~[junit-4.13.jar:4.13]
	at org.junit.internal.runners.statements.InvokeMethod.evaluate(InvokeMethod.java:17) ~[junit-4.13.jar:4.13]
	at org.junit.internal.runners.statements.RunBefores.evaluate(RunBefores.java:26) ~[junit-4.13.jar:4.13]
	at org.junit.internal.runners.statements.RunAfters.evaluate(RunAfters.java:27) ~[junit-4.13.jar:4.13]
	at org.junit.rules.TestWatcher$1.evaluate(TestWatcher.java:61) [junit-4.13.jar:4.13]
	at org.junit.runners.ParentRunner$3.evaluate(ParentRunner.java:306) [junit-4.13.jar:4.13]
	at org.junit.runners.BlockJUnit4ClassRunner$1.evaluate(BlockJUnit4ClassRunner.java:100) [junit-4.13.jar:4.13]
	at org.junit.runners.ParentRunner.runLeaf(ParentRunner.java:366) [junit-4.13.jar:4.13]
	at org.junit.runners.BlockJUnit4ClassRunner.runChild(BlockJUnit4ClassRunner.java:103) [junit-4.13.jar:4.13]
	at org.junit.runners.BlockJUnit4ClassRunner.runChild(BlockJUnit4ClassRunner.java:63) [junit-4.13.jar:4.13]
	at org.junit.runners.ParentRunner$4.run(ParentRunner.java:331) [junit-4.13.jar:4.13]
	at org.junit.runners.ParentRunner$1.schedule(ParentRunner.java:79) [junit-4.13.jar:4.13]
	at org.junit.runners.ParentRunner.runChildren(ParentRunner.java:329) [junit-4.13.jar:4.13]
	at org.junit.runners.ParentRunner.access$100(ParentRunner.java:66) [junit-4.13.jar:4.13]
	at org.junit.runners.ParentRunner$2.evaluate(ParentRunner.java:293) [junit-4.13.jar:4.13]
	at org.junit.runners.ParentRunner.run(ParentRunner.java:413) [junit-4.13.jar:4.13]
	at org.junit.runners.Suite.runChild(Suite.java:128) [junit-4.13.jar:4.13]
	at org.junit.runners.Suite.runChild(Suite.java:27) [junit-4.13.jar:4.13]
	at org.junit.runners.ParentRunner$4.run(ParentRunner.java:331) [junit-4.13.jar:4.13]
	at org.junit.runners.ParentRunner$1.schedule(ParentRunner.java:79) [junit-4.13.jar:4.13]
	at org.junit.runners.ParentRunner.runChildren(ParentRunner.java:329) [junit-4.13.jar:4.13]
	at org.junit.runners.ParentRunner.access$100(ParentRunner.java:66) [junit-4.13.jar:4.13]
	at org.junit.runners.ParentRunner$2.evaluate(ParentRunner.java:293) [junit-4.13.jar:4.13]
	at org.junit.runners.ParentRunner$3.evaluate(ParentRunner.java:306) [junit-4.13.jar:4.13]
	at org.junit.runners.ParentRunner.run(ParentRunner.java:413) [junit-4.13.jar:4.13]
	at org.eclipse.jdt.internal.junit4.runner.JUnit4TestReference.run(JUnit4TestReference.java:93) [.cp/:?]
	at org.eclipse.jdt.internal.junit.runner.TestExecution.run(TestExecution.java:40) [.cp/:?]
	at org.eclipse.jdt.internal.junit.runner.RemoteTestRunner.runTests(RemoteTestRunner.java:530) [.cp/:?]
	at org.eclipse.jdt.internal.junit.runner.RemoteTestRunner.runTests(RemoteTestRunner.java:758) [.cp/:?]
	at org.eclipse.jdt.internal.junit.runner.RemoteTestRunner.run(RemoteTestRunner.java:453) [.cp/:?]
	at org.eclipse.jdt.internal.junit.runner.RemoteTestRunner.main(RemoteTestRunner.java:211) [.cp/:?]
2025-12-28 22:24:46 INFO  === END   tests.LastUpdateTests.lastUpdate_shouldMatchCurrent[Exp#6 [f1=1, f2=2, f3=3, f4=3, f5=1, f6=1, f7=2, f8=2]] ===
2025-12-28 22:24:46 INFO  === START tests.LastUpdateTests.lastUpdate_shouldMatchCurrent[Exp#7 [f1=1, f2=3, f3=1, f4=2, f5=1, f6=3, f7=2, f8=3]] ===
2025-12-28 22:24:46 ERROR === FAIL  tests.LastUpdateTests.lastUpdate_shouldMatchCurrent[Exp#10 [f1=2, f2=1, f3=1, f4=3, f5=3, f6=2, f7=2, f8=1]] ===
java.lang.AssertionError: Last update should be same as current date
	at org.junit.Assert.fail(Assert.java:89) ~[junit-4.13.jar:4.13]
	at org.junit.Assert.assertTrue(Assert.java:42) ~[junit-4.13.jar:4.13]
	at tests.BaseTest.checkTrue(BaseTest.java:79) ~[test-classes/:?]
	at tests.LastUpdateTests.lastUpdate_shouldMatchCurrent(LastUpdateTests.java:47) ~[test-classes/:?]
	at jdk.internal.reflect.DirectMethodHandleAccessor.invoke(DirectMethodHandleAccessor.java:103) ~[?:?]
	at java.lang.reflect.Method.invoke(Method.java:580) ~[?:?]
	at org.junit.runners.model.FrameworkMethod$1.runReflectiveCall(FrameworkMethod.java:59) ~[junit-4.13.jar:4.13]
	at org.junit.internal.runners.model.ReflectiveCallable.run(ReflectiveCallable.java:12) ~[junit-4.13.jar:4.13]
	at org.junit.runners.model.FrameworkMethod.invokeExplosively(FrameworkMethod.java:56) ~[junit-4.13.jar:4.13]
	at org.junit.internal.runners.statements.InvokeMethod.evaluate(InvokeMethod.java:17) ~[junit-4.13.jar:4.13]
	at org.junit.internal.runners.statements.RunBefores.evaluate(RunBefores.java:26) ~[junit-4.13.jar:4.13]
	at org.junit.internal.runners.statements.RunAfters.evaluate(RunAfters.java:27) ~[junit-4.13.jar:4.13]
	at org.junit.rules.TestWatcher$1.evaluate(TestWatcher.java:61) [junit-4.13.jar:4.13]
	at org.junit.runners.ParentRunner$3.evaluate(ParentRunner.java:306) [junit-4.13.jar:4.13]
	at org.junit.runners.BlockJUnit4ClassRunner$1.evaluate(BlockJUnit4ClassRunner.java:100) [junit-4.13.jar:4.13]
	at org.junit.runners.ParentRunner.runLeaf(ParentRunner.java:366) [junit-4.13.jar:4.13]
	at org.junit.runners.BlockJUnit4ClassRunner.runChild(BlockJUnit4ClassRunner.java:103) [junit-4.13.jar:4.13]
	at org.junit.runners.BlockJUnit4ClassRunner.runChild(BlockJUnit4ClassRunner.java:63) [junit-4.13.jar:4.13]
	at org.junit.runners.ParentRunner$4.run(ParentRunner.java:331) [junit-4.13.jar:4.13]
	at org.junit.runners.ParentRunner$1.schedule(ParentRunner.java:79) [junit-4.13.jar:4.13]
	at org.junit.runners.ParentRunner.runChildren(ParentRunner.java:329) [junit-4.13.jar:4.13]
	at org.junit.runners.ParentRunner.access$100(ParentRunner.java:66) [junit-4.13.jar:4.13]
	at org.junit.runners.ParentRunner$2.evaluate(ParentRunner.java:293) [junit-4.13.jar:4.13]
	at org.junit.runners.ParentRunner.run(ParentRunner.java:413) [junit-4.13.jar:4.13]
	at org.junit.runners.Suite.runChild(Suite.java:128) [junit-4.13.jar:4.13]
	at org.junit.runners.Suite.runChild(Suite.java:27) [junit-4.13.jar:4.13]
	at org.junit.runners.ParentRunner$4.run(ParentRunner.java:331) [junit-4.13.jar:4.13]
	at org.junit.runners.ParentRunner$1.schedule(ParentRunner.java:79) [junit-4.13.jar:4.13]
	at org.junit.runners.ParentRunner.runChildren(ParentRunner.java:329) [junit-4.13.jar:4.13]
	at org.junit.runners.ParentRunner.access$100(ParentRunner.java:66) [junit-4.13.jar:4.13]
	at org.junit.runners.ParentRunner$2.evaluate(ParentRunner.java:293) [junit-4.13.jar:4.13]
	at org.junit.runners.ParentRunner$3.evaluate(ParentRunner.java:306) [junit-4.13.jar:4.13]
	at org.junit.runners.ParentRunner.run(ParentRunner.java:413) [junit-4.13.jar:4.13]
	at org.eclipse.jdt.internal.junit4.runner.JUnit4TestReference.run(JUnit4TestReference.java:93) [.cp/:?]
	at org.eclipse.jdt.internal.junit.runner.TestExecution.run(TestExecution.java:40) [.cp/:?]
	at org.eclipse.jdt.internal.junit.runner.RemoteTestRunner.runTests(RemoteTestRunner.java:530) [.cp/:?]
	at org.eclipse.jdt.internal.junit.runner.RemoteTestRunner.runTests(RemoteTestRunner.java:758) [.cp/:?]
	at org.eclipse.jdt.internal.junit.runner.RemoteTestRunner.run(RemoteTestRunner.java:453) [.cp/:?]
	at org.eclipse.jdt.internal.junit.runner.RemoteTestRunner.main(RemoteTestRunner.java:211) [.cp/:?]
2025-12-28 22:24:46 INFO  === END   tests.LastUpdateTests.lastUpdate_shouldMatchCurrent[Exp#10 [f1=2, f2=1, f3=1, f4=3, f5=3, f6=2, f7=2, f8=1]] ===
2025-12-28 22:24:46 INFO  === START tests.LastUpdateTests.lastUpdate_shouldMatchCurrent[Exp#11 [f1=2, f2=1, f3=2, f4=1, f5=1, f6=3, f7=3, f8=2]] ===
2025-12-28 22:24:53 INFO  STEP PASS: Results should be visible
2025-12-28 22:24:53 INFO  STEP: Expected time = 22:24, actual time = 22:24
2025-12-28 22:24:53 INFO  STEP PASS: Last update time should be same as current time
2025-12-28 22:24:53 INFO  STEP: Expected date = 28/12/2025, actual date = 28/12/2026
2025-12-28 22:24:53 ERROR STEP FAIL: Last update should be same as current date
2025-12-28 22:24:53 ERROR === FAIL  tests.LastUpdateTests.lastUpdate_shouldMatchCurrent[Exp#11 [f1=2, f2=1, f3=2, f4=1, f5=1, f6=3, f7=3, f8=2]] ===
java.lang.AssertionError: Last update should be same as current date
	at org.junit.Assert.fail(Assert.java:89) ~[junit-4.13.jar:4.13]
	at org.junit.Assert.assertTrue(Assert.java:42) ~[junit-4.13.jar:4.13]
	at tests.BaseTest.checkTrue(BaseTest.java:79) ~[test-classes/:?]
	at tests.LastUpdateTests.lastUpdate_shouldMatchCurrent(LastUpdateTests.java:47) ~[test-classes/:?]
	at jdk.internal.reflect.DirectMethodHandleAccessor.invoke(DirectMethodHandleAccessor.java:103) ~[?:?]
	at java.lang.reflect.Method.invoke(Method.java:580) ~[?:?]
	at org.junit.runners.model.FrameworkMethod$1.runReflectiveCall(FrameworkMethod.java:59) ~[junit-4.13.jar:4.13]
	at org.junit.internal.runners.model.ReflectiveCallable.run(ReflectiveCallable.java:12) ~[junit-4.13.jar:4.13]
	at org.junit.runners.model.FrameworkMethod.invokeExplosively(FrameworkMethod.java:56) ~[junit-4.13.jar:4.13]
	at org.junit.internal.runners.statements.InvokeMethod.evaluate(InvokeMethod.java:17) ~[junit-4.13.jar:4.13]
	at org.junit.internal.runners.statements.RunBefores.evaluate(RunBefores.java:26) ~[junit-4.13.jar:4.13]
	at org.junit.internal.runners.statements.RunAfters.evaluate(RunAfters.java:27) ~[junit-4.13.jar:4.13]
	at org.junit.rules.TestWatcher$1.evaluate(TestWatcher.java:61) [junit-4.13.jar:4.13]
	at org.junit.runners.ParentRunner$3.evaluate(ParentRunner.java:306) [junit-4.13.jar:4.13]
	at org.junit.runners.BlockJUnit4ClassRunner$1.evaluate(BlockJUnit4ClassRunner.java:100) [junit-4.13.jar:4.13]
	at org.junit.runners.ParentRunner.runLeaf(ParentRunner.java:366) [junit-4.13.jar:4.13]
	at org.junit.runners.BlockJUnit4ClassRunner.runChild(BlockJUnit4ClassRunner.java:103) [junit-4.13.jar:4.13]
	at org.junit.runners.BlockJUnit4ClassRunner.runChild(BlockJUnit4ClassRunner.java:63) [junit-4.13.jar:4.13]
	at org.junit.runners.ParentRunner$4.run(ParentRunner.java:331) [junit-4.13.jar:4.13]
	at org.junit.runners.ParentRunner$1.schedule(ParentRunner.java:79) [junit-4.13.jar:4.13]
	at org.junit.runners.ParentRunner.runChildren(ParentRunner.java:329) [junit-4.13.jar:4.13]
	at org.junit.runners.ParentRunner.access$100(ParentRunner.java:66) [junit-4.13.jar:4.13]
	at org.junit.runners.ParentRunner$2.evaluate(ParentRunner.java:293) [junit-4.13.jar:4.13]
	at org.junit.runners.ParentRunner.run(ParentRunner.java:413) [junit-4.13.jar:4.13]
	at org.junit.runners.Suite.runChild(Suite.java:128) [junit-4.13.jar:4.13]
	at org.junit.runners.Suite.runChild(Suite.java:27) [junit-4.13.jar:4.13]
	at org.junit.runners.ParentRunner$4.run(ParentRunner.java:331) [junit-4.13.jar:4.13]
	at org.junit.runners.ParentRunner$1.schedule(ParentRunner.java:79) [junit-4.13.jar:4.13]
	at org.junit.runners.ParentRunner.runChildren(ParentRunner.java:329) [junit-4.13.jar:4.13]
	at org.junit.runners.ParentRunner.access$100(ParentRunner.java:66) [junit-4.13.jar:4.13]
	at org.junit.runners.ParentRunner$2.evaluate(ParentRunner.java:293) [junit-4.13.jar:4.13]
	at org.junit.runners.ParentRunner$3.evaluate(ParentRunner.java:306) [junit-4.13.jar:4.13]
	at org.junit.runners.ParentRunner.run(ParentRunner.java:413) [junit-4.13.jar:4.13]
	at org.eclipse.jdt.internal.junit4.runner.JUnit4TestReference.run(JUnit4TestReference.java:93) [.cp/:?]
	at org.eclipse.jdt.internal.junit.runner.TestExecution.run(TestExecution.java:40) [.cp/:?]
	at org.eclipse.jdt.internal.junit.runner.RemoteTestRunner.runTests(RemoteTestRunner.java:530) [.cp/:?]
	at org.eclipse.jdt.internal.junit.runner.RemoteTestRunner.runTests(RemoteTestRunner.java:758) [.cp/:?]
	at org.eclipse.jdt.internal.junit.runner.RemoteTestRunner.run(RemoteTestRunner.java:453) [.cp/:?]
	at org.eclipse.jdt.internal.junit.runner.RemoteTestRunner.main(RemoteTestRunner.java:211) [.cp/:?]
2025-12-28 22:24:53 INFO  === END   tests.LastUpdateTests.lastUpdate_shouldMatchCurrent[Exp#11 [f1=2, f2=1, f3=2, f4=1, f5=1, f6=3, f7=3, f8=2]] ===
2025-12-28 22:24:53 INFO  === START tests.LastUpdateTests.lastUpdate_shouldMatchCurrent[Exp#12 [f1=2, f2=1, f3=3, f4=2, f5=2, f6=1, f7=1, f8=3]] ===
2025-12-28 22:24:54 INFO  STEP PASS: Results should be visible
2025-12-28 22:24:54 INFO  STEP: Expected time = 22:24, actual time = 22:24
2025-12-28 22:24:54 INFO  STEP PASS: Last update time should be same as current time
2025-12-28 22:24:54 INFO  STEP: Expected date = 28/12/2025, actual date = 28/12/2026
2025-12-28 22:24:54 ERROR STEP FAIL: Last update should be same as current date
2025-12-28 22:24:54 ERROR === FAIL  tests.LastUpdateTests.lastUpdate_shouldMatchCurrent[Exp#7 [f1=1, f2=3, f3=1, f4=2, f5=1, f6=3, f7=2, f8=3]] ===
java.lang.AssertionError: Last update should be same as current date
	at org.junit.Assert.fail(Assert.java:89) ~[junit-4.13.jar:4.13]
	at org.junit.Assert.assertTrue(Assert.java:42) ~[junit-4.13.jar:4.13]
	at tests.BaseTest.checkTrue(BaseTest.java:79) ~[test-classes/:?]
	at tests.LastUpdateTests.lastUpdate_shouldMatchCurrent(LastUpdateTests.java:47) ~[test-classes/:?]
	at jdk.internal.reflect.DirectMethodHandleAccessor.invoke(DirectMethodHandleAccessor.java:103) ~[?:?]
	at java.lang.reflect.Method.invoke(Method.java:580) ~[?:?]
	at org.junit.runners.model.FrameworkMethod$1.runReflectiveCall(FrameworkMethod.java:59) ~[junit-4.13.jar:4.13]
	at org.junit.internal.runners.model.ReflectiveCallable.run(ReflectiveCallable.java:12) ~[junit-4.13.jar:4.13]
	at org.junit.runners.model.FrameworkMethod.invokeExplosively(FrameworkMethod.java:56) ~[junit-4.13.jar:4.13]
	at org.junit.internal.runners.statements.InvokeMethod.evaluate(InvokeMethod.java:17) ~[junit-4.13.jar:4.13]
	at org.junit.internal.runners.statements.RunBefores.evaluate(RunBefores.java:26) ~[junit-4.13.jar:4.13]
	at org.junit.internal.runners.statements.RunAfters.evaluate(RunAfters.java:27) ~[junit-4.13.jar:4.13]
	at org.junit.rules.TestWatcher$1.evaluate(TestWatcher.java:61) [junit-4.13.jar:4.13]
	at org.junit.runners.ParentRunner$3.evaluate(ParentRunner.java:306) [junit-4.13.jar:4.13]
	at org.junit.runners.BlockJUnit4ClassRunner$1.evaluate(BlockJUnit4ClassRunner.java:100) [junit-4.13.jar:4.13]
	at org.junit.runners.ParentRunner.runLeaf(ParentRunner.java:366) [junit-4.13.jar:4.13]
	at org.junit.runners.BlockJUnit4ClassRunner.runChild(BlockJUnit4ClassRunner.java:103) [junit-4.13.jar:4.13]
	at org.junit.runners.BlockJUnit4ClassRunner.runChild(BlockJUnit4ClassRunner.java:63) [junit-4.13.jar:4.13]
	at org.junit.runners.ParentRunner$4.run(ParentRunner.java:331) [junit-4.13.jar:4.13]
	at org.junit.runners.ParentRunner$1.schedule(ParentRunner.java:79) [junit-4.13.jar:4.13]
	at org.junit.runners.ParentRunner.runChildren(ParentRunner.java:329) [junit-4.13.jar:4.13]
	at org.junit.runners.ParentRunner.access$100(ParentRunner.java:66) [junit-4.13.jar:4.13]
	at org.junit.runners.ParentRunner$2.evaluate(ParentRunner.java:293) [junit-4.13.jar:4.13]
	at org.junit.runners.ParentRunner.run(ParentRunner.java:413) [junit-4.13.jar:4.13]
	at org.junit.runners.Suite.runChild(Suite.java:128) [junit-4.13.jar:4.13]
	at org.junit.runners.Suite.runChild(Suite.java:27) [junit-4.13.jar:4.13]
	at org.junit.runners.ParentRunner$4.run(ParentRunner.java:331) [junit-4.13.jar:4.13]
	at org.junit.runners.ParentRunner$1.schedule(ParentRunner.java:79) [junit-4.13.jar:4.13]
	at org.junit.runners.ParentRunner.runChildren(ParentRunner.java:329) [junit-4.13.jar:4.13]
	at org.junit.runners.ParentRunner.access$100(ParentRunner.java:66) [junit-4.13.jar:4.13]
	at org.junit.runners.ParentRunner$2.evaluate(ParentRunner.java:293) [junit-4.13.jar:4.13]
	at org.junit.runners.ParentRunner$3.evaluate(ParentRunner.java:306) [junit-4.13.jar:4.13]
	at org.junit.runners.ParentRunner.run(ParentRunner.java:413) [junit-4.13.jar:4.13]
	at org.eclipse.jdt.internal.junit4.runner.JUnit4TestReference.run(JUnit4TestReference.java:93) [.cp/:?]
	at org.eclipse.jdt.internal.junit.runner.TestExecution.run(TestExecution.java:40) [.cp/:?]
	at org.eclipse.jdt.internal.junit.runner.RemoteTestRunner.runTests(RemoteTestRunner.java:530) [.cp/:?]
	at org.eclipse.jdt.internal.junit.runner.RemoteTestRunner.runTests(RemoteTestRunner.java:758) [.cp/:?]
	at org.eclipse.jdt.internal.junit.runner.RemoteTestRunner.run(RemoteTestRunner.java:453) [.cp/:?]
	at org.eclipse.jdt.internal.junit.runner.RemoteTestRunner.main(RemoteTestRunner.java:211) [.cp/:?]
2025-12-28 22:24:54 INFO  === END   tests.LastUpdateTests.lastUpdate_shouldMatchCurrent[Exp#7 [f1=1, f2=3, f3=1, f4=2, f5=1, f6=3, f7=2, f8=3]] ===
2025-12-28 22:24:54 INFO  === START tests.LastUpdateTests.lastUpdate_shouldMatchCurrent[Exp#8 [f1=1, f2=3, f3=2, f4=3, f5=2, f6=1, f7=3, f8=1]] ===
2025-12-28 22:25:01 INFO  STEP PASS: Results should be visible
2025-12-28 22:25:01 INFO  STEP: Expected time = 22:25, actual time = 22:25
2025-12-28 22:25:01 INFO  STEP PASS: Last update time should be same as current time
2025-12-28 22:25:01 INFO  STEP: Expected date = 28/12/2025, actual date = 28/12/2026
2025-12-28 22:25:01 ERROR STEP FAIL: Last update should be same as current date
2025-12-28 22:25:01 INFO  STEP PASS: Results should be visible
2025-12-28 22:25:01 INFO  STEP: Expected time = 22:25, actual time = 22:25
2025-12-28 22:25:01 INFO  STEP PASS: Last update time should be same as current time
2025-12-28 22:25:01 INFO  STEP: Expected date = 28/12/2025, actual date = 28/12/2026
2025-12-28 22:25:01 ERROR STEP FAIL: Last update should be same as current date
2025-12-28 22:25:01 ERROR === FAIL  tests.LastUpdateTests.lastUpdate_shouldMatchCurrent[Exp#8 [f1=1, f2=3, f3=2, f4=3, f5=2, f6=1, f7=3, f8=1]] ===
java.lang.AssertionError: Last update should be same as current date
	at org.junit.Assert.fail(Assert.java:89) ~[junit-4.13.jar:4.13]
	at org.junit.Assert.assertTrue(Assert.java:42) ~[junit-4.13.jar:4.13]
	at tests.BaseTest.checkTrue(BaseTest.java:79) ~[test-classes/:?]
	at tests.LastUpdateTests.lastUpdate_shouldMatchCurrent(LastUpdateTests.java:47) ~[test-classes/:?]
	at jdk.internal.reflect.DirectMethodHandleAccessor.invoke(DirectMethodHandleAccessor.java:103) ~[?:?]
	at java.lang.reflect.Method.invoke(Method.java:580) ~[?:?]
	at org.junit.runners.model.FrameworkMethod$1.runReflectiveCall(FrameworkMethod.java:59) ~[junit-4.13.jar:4.13]
	at org.junit.internal.runners.model.ReflectiveCallable.run(ReflectiveCallable.java:12) ~[junit-4.13.jar:4.13]
	at org.junit.runners.model.FrameworkMethod.invokeExplosively(FrameworkMethod.java:56) ~[junit-4.13.jar:4.13]
	at org.junit.internal.runners.statements.InvokeMethod.evaluate(InvokeMethod.java:17) ~[junit-4.13.jar:4.13]
	at org.junit.internal.runners.statements.RunBefores.evaluate(RunBefores.java:26) ~[junit-4.13.jar:4.13]
	at org.junit.internal.runners.statements.RunAfters.evaluate(RunAfters.java:27) ~[junit-4.13.jar:4.13]
	at org.junit.rules.TestWatcher$1.evaluate(TestWatcher.java:61) [junit-4.13.jar:4.13]
	at org.junit.runners.ParentRunner$3.evaluate(ParentRunner.java:306) [junit-4.13.jar:4.13]
	at org.junit.runners.BlockJUnit4ClassRunner$1.evaluate(BlockJUnit4ClassRunner.java:100) [junit-4.13.jar:4.13]
	at org.junit.runners.ParentRunner.runLeaf(ParentRunner.java:366) [junit-4.13.jar:4.13]
	at org.junit.runners.BlockJUnit4ClassRunner.runChild(BlockJUnit4ClassRunner.java:103) [junit-4.13.jar:4.13]
	at org.junit.runners.BlockJUnit4ClassRunner.runChild(BlockJUnit4ClassRunner.java:63) [junit-4.13.jar:4.13]
	at org.junit.runners.ParentRunner$4.run(ParentRunner.java:331) [junit-4.13.jar:4.13]
	at org.junit.runners.ParentRunner$1.schedule(ParentRunner.java:79) [junit-4.13.jar:4.13]
	at org.junit.runners.ParentRunner.runChildren(ParentRunner.java:329) [junit-4.13.jar:4.13]
	at org.junit.runners.ParentRunner.access$100(ParentRunner.java:66) [junit-4.13.jar:4.13]
	at org.junit.runners.ParentRunner$2.evaluate(ParentRunner.java:293) [junit-4.13.jar:4.13]
	at org.junit.runners.ParentRunner.run(ParentRunner.java:413) [junit-4.13.jar:4.13]
	at org.junit.runners.Suite.runChild(Suite.java:128) [junit-4.13.jar:4.13]
	at org.junit.runners.Suite.runChild(Suite.java:27) [junit-4.13.jar:4.13]
	at org.junit.runners.ParentRunner$4.run(ParentRunner.java:331) [junit-4.13.jar:4.13]
	at org.junit.runners.ParentRunner$1.schedule(ParentRunner.java:79) [junit-4.13.jar:4.13]
	at org.junit.runners.ParentRunner.runChildren(ParentRunner.java:329) [junit-4.13.jar:4.13]
	at org.junit.runners.ParentRunner.access$100(ParentRunner.java:66) [junit-4.13.jar:4.13]
	at org.junit.runners.ParentRunner$2.evaluate(ParentRunner.java:293) [junit-4.13.jar:4.13]
	at org.junit.runners.ParentRunner$3.evaluate(ParentRunner.java:306) [junit-4.13.jar:4.13]
	at org.junit.runners.ParentRunner.run(ParentRunner.java:413) [junit-4.13.jar:4.13]
	at org.eclipse.jdt.internal.junit4.runner.JUnit4TestReference.run(JUnit4TestReference.java:93) [.cp/:?]
	at org.eclipse.jdt.internal.junit.runner.TestExecution.run(TestExecution.java:40) [.cp/:?]
	at org.eclipse.jdt.internal.junit.runner.RemoteTestRunner.runTests(RemoteTestRunner.java:530) [.cp/:?]
	at org.eclipse.jdt.internal.junit.runner.RemoteTestRunner.runTests(RemoteTestRunner.java:758) [.cp/:?]
	at org.eclipse.jdt.internal.junit.runner.RemoteTestRunner.run(RemoteTestRunner.java:453) [.cp/:?]
	at org.eclipse.jdt.internal.junit.runner.RemoteTestRunner.main(RemoteTestRunner.java:211) [.cp/:?]
2025-12-28 22:25:01 INFO  === END   tests.LastUpdateTests.lastUpdate_shouldMatchCurrent[Exp#8 [f1=1, f2=3, f3=2, f4=3, f5=2, f6=1, f7=3, f8=1]] ===
2025-12-28 22:25:01 INFO  === START tests.LastUpdateTests.lastUpdate_shouldMatchCurrent[Exp#9 [f1=1, f2=3, f3=3, f4=1, f5=3, f6=2, f7=1, f8=2]] ===
2025-12-28 22:25:02 ERROR === FAIL  tests.LastUpdateTests.lastUpdate_shouldMatchCurrent[Exp#12 [f1=2, f2=1, f3=3, f4=2, f5=2, f6=1, f7=1, f8=3]] ===
java.lang.AssertionError: Last update should be same as current date
	at org.junit.Assert.fail(Assert.java:89) ~[junit-4.13.jar:4.13]
	at org.junit.Assert.assertTrue(Assert.java:42) ~[junit-4.13.jar:4.13]
	at tests.BaseTest.checkTrue(BaseTest.java:79) ~[test-classes/:?]
	at tests.LastUpdateTests.lastUpdate_shouldMatchCurrent(LastUpdateTests.java:47) ~[test-classes/:?]
	at jdk.internal.reflect.DirectMethodHandleAccessor.invoke(DirectMethodHandleAccessor.java:103) ~[?:?]
	at java.lang.reflect.Method.invoke(Method.java:580) ~[?:?]
	at org.junit.runners.model.FrameworkMethod$1.runReflectiveCall(FrameworkMethod.java:59) ~[junit-4.13.jar:4.13]
	at org.junit.internal.runners.model.ReflectiveCallable.run(ReflectiveCallable.java:12) ~[junit-4.13.jar:4.13]
	at org.junit.runners.model.FrameworkMethod.invokeExplosively(FrameworkMethod.java:56) ~[junit-4.13.jar:4.13]
	at org.junit.internal.runners.statements.InvokeMethod.evaluate(InvokeMethod.java:17) ~[junit-4.13.jar:4.13]
	at org.junit.internal.runners.statements.RunBefores.evaluate(RunBefores.java:26) ~[junit-4.13.jar:4.13]
	at org.junit.internal.runners.statements.RunAfters.evaluate(RunAfters.java:27) ~[junit-4.13.jar:4.13]
	at org.junit.rules.TestWatcher$1.evaluate(TestWatcher.java:61) [junit-4.13.jar:4.13]
	at org.junit.runners.ParentRunner$3.evaluate(ParentRunner.java:306) [junit-4.13.jar:4.13]
	at org.junit.runners.BlockJUnit4ClassRunner$1.evaluate(BlockJUnit4ClassRunner.java:100) [junit-4.13.jar:4.13]
	at org.junit.runners.ParentRunner.runLeaf(ParentRunner.java:366) [junit-4.13.jar:4.13]
	at org.junit.runners.BlockJUnit4ClassRunner.runChild(BlockJUnit4ClassRunner.java:103) [junit-4.13.jar:4.13]
	at org.junit.runners.BlockJUnit4ClassRunner.runChild(BlockJUnit4ClassRunner.java:63) [junit-4.13.jar:4.13]
	at org.junit.runners.ParentRunner$4.run(ParentRunner.java:331) [junit-4.13.jar:4.13]
	at org.junit.runners.ParentRunner$1.schedule(ParentRunner.java:79) [junit-4.13.jar:4.13]
	at org.junit.runners.ParentRunner.runChildren(ParentRunner.java:329) [junit-4.13.jar:4.13]
	at org.junit.runners.ParentRunner.access$100(ParentRunner.java:66) [junit-4.13.jar:4.13]
	at org.junit.runners.ParentRunner$2.evaluate(ParentRunner.java:293) [junit-4.13.jar:4.13]
	at org.junit.runners.ParentRunner.run(ParentRunner.java:413) [junit-4.13.jar:4.13]
	at org.junit.runners.Suite.runChild(Suite.java:128) [junit-4.13.jar:4.13]
	at org.junit.runners.Suite.runChild(Suite.java:27) [junit-4.13.jar:4.13]
	at org.junit.runners.ParentRunner$4.run(ParentRunner.java:331) [junit-4.13.jar:4.13]
	at org.junit.runners.ParentRunner$1.schedule(ParentRunner.java:79) [junit-4.13.jar:4.13]
	at org.junit.runners.ParentRunner.runChildren(ParentRunner.java:329) [junit-4.13.jar:4.13]
	at org.junit.runners.ParentRunner.access$100(ParentRunner.java:66) [junit-4.13.jar:4.13]
	at org.junit.runners.ParentRunner$2.evaluate(ParentRunner.java:293) [junit-4.13.jar:4.13]
	at org.junit.runners.ParentRunner$3.evaluate(ParentRunner.java:306) [junit-4.13.jar:4.13]
	at org.junit.runners.ParentRunner.run(ParentRunner.java:413) [junit-4.13.jar:4.13]
	at org.eclipse.jdt.internal.junit4.runner.JUnit4TestReference.run(JUnit4TestReference.java:93) [.cp/:?]
	at org.eclipse.jdt.internal.junit.runner.TestExecution.run(TestExecution.java:40) [.cp/:?]
	at org.eclipse.jdt.internal.junit.runner.RemoteTestRunner.runTests(RemoteTestRunner.java:530) [.cp/:?]
	at org.eclipse.jdt.internal.junit.runner.RemoteTestRunner.runTests(RemoteTestRunner.java:758) [.cp/:?]
	at org.eclipse.jdt.internal.junit.runner.RemoteTestRunner.run(RemoteTestRunner.java:453) [.cp/:?]
	at org.eclipse.jdt.internal.junit.runner.RemoteTestRunner.main(RemoteTestRunner.java:211) [.cp/:?]
2025-12-28 22:25:02 INFO  === END   tests.LastUpdateTests.lastUpdate_shouldMatchCurrent[Exp#12 [f1=2, f2=1, f3=3, f4=2, f5=2, f6=1, f7=1, f8=3]] ===
2025-12-28 22:25:02 INFO  === START tests.LastUpdateTests.lastUpdate_shouldMatchCurrent[Exp#13 [f1=2, f2=2, f3=1, f4=2, f5=3, f6=1, f7=3, f8=2]] ===
2025-12-28 22:25:09 INFO  STEP PASS: Results should be visible
2025-12-28 22:25:09 INFO  STEP: Expected time = 22:25, actual time = 22:25
2025-12-28 22:25:09 INFO  STEP PASS: Last update time should be same as current time
2025-12-28 22:25:09 INFO  STEP: Expected date = 28/12/2025, actual date = 28/12/2026
2025-12-28 22:25:09 ERROR STEP FAIL: Last update should be same as current date
2025-12-28 22:25:09 ERROR === FAIL  tests.LastUpdateTests.lastUpdate_shouldMatchCurrent[Exp#13 [f1=2, f2=2, f3=1, f4=2, f5=3, f6=1, f7=3, f8=2]] ===
java.lang.AssertionError: Last update should be same as current date
	at org.junit.Assert.fail(Assert.java:89) ~[junit-4.13.jar:4.13]
	at org.junit.Assert.assertTrue(Assert.java:42) ~[junit-4.13.jar:4.13]
	at tests.BaseTest.checkTrue(BaseTest.java:79) ~[test-classes/:?]
	at tests.LastUpdateTests.lastUpdate_shouldMatchCurrent(LastUpdateTests.java:47) ~[test-classes/:?]
	at jdk.internal.reflect.DirectMethodHandleAccessor.invoke(DirectMethodHandleAccessor.java:103) ~[?:?]
	at java.lang.reflect.Method.invoke(Method.java:580) ~[?:?]
	at org.junit.runners.model.FrameworkMethod$1.runReflectiveCall(FrameworkMethod.java:59) ~[junit-4.13.jar:4.13]
	at org.junit.internal.runners.model.ReflectiveCallable.run(ReflectiveCallable.java:12) ~[junit-4.13.jar:4.13]
	at org.junit.runners.model.FrameworkMethod.invokeExplosively(FrameworkMethod.java:56) ~[junit-4.13.jar:4.13]
	at org.junit.internal.runners.statements.InvokeMethod.evaluate(InvokeMethod.java:17) ~[junit-4.13.jar:4.13]
	at org.junit.internal.runners.statements.RunBefores.evaluate(RunBefores.java:26) ~[junit-4.13.jar:4.13]
	at org.junit.internal.runners.statements.RunAfters.evaluate(RunAfters.java:27) ~[junit-4.13.jar:4.13]
	at org.junit.rules.TestWatcher$1.evaluate(TestWatcher.java:61) [junit-4.13.jar:4.13]
	at org.junit.runners.ParentRunner$3.evaluate(ParentRunner.java:306) [junit-4.13.jar:4.13]
	at org.junit.runners.BlockJUnit4ClassRunner$1.evaluate(BlockJUnit4ClassRunner.java:100) [junit-4.13.jar:4.13]
	at org.junit.runners.ParentRunner.runLeaf(ParentRunner.java:366) [junit-4.13.jar:4.13]
	at org.junit.runners.BlockJUnit4ClassRunner.runChild(BlockJUnit4ClassRunner.java:103) [junit-4.13.jar:4.13]
	at org.junit.runners.BlockJUnit4ClassRunner.runChild(BlockJUnit4ClassRunner.java:63) [junit-4.13.jar:4.13]
	at org.junit.runners.ParentRunner$4.run(ParentRunner.java:331) [junit-4.13.jar:4.13]
	at org.junit.runners.ParentRunner$1.schedule(ParentRunner.java:79) [junit-4.13.jar:4.13]
	at org.junit.runners.ParentRunner.runChildren(ParentRunner.java:329) [junit-4.13.jar:4.13]
	at org.junit.runners.ParentRunner.access$100(ParentRunner.java:66) [junit-4.13.jar:4.13]
	at org.junit.runners.ParentRunner$2.evaluate(ParentRunner.java:293) [junit-4.13.jar:4.13]
	at org.junit.runners.ParentRunner.run(ParentRunner.java:413) [junit-4.13.jar:4.13]
	at org.junit.runners.Suite.runChild(Suite.java:128) [junit-4.13.jar:4.13]
	at org.junit.runners.Suite.runChild(Suite.java:27) [junit-4.13.jar:4.13]
	at org.junit.runners.ParentRunner$4.run(ParentRunner.java:331) [junit-4.13.jar:4.13]
	at org.junit.runners.ParentRunner$1.schedule(ParentRunner.java:79) [junit-4.13.jar:4.13]
	at org.junit.runners.ParentRunner.runChildren(ParentRunner.java:329) [junit-4.13.jar:4.13]
	at org.junit.runners.ParentRunner.access$100(ParentRunner.java:66) [junit-4.13.jar:4.13]
	at org.junit.runners.ParentRunner$2.evaluate(ParentRunner.java:293) [junit-4.13.jar:4.13]
	at org.junit.runners.ParentRunner$3.evaluate(ParentRunner.java:306) [junit-4.13.jar:4.13]
	at org.junit.runners.ParentRunner.run(ParentRunner.java:413) [junit-4.13.jar:4.13]
	at org.eclipse.jdt.internal.junit4.runner.JUnit4TestReference.run(JUnit4TestReference.java:93) [.cp/:?]
	at org.eclipse.jdt.internal.junit.runner.TestExecution.run(TestExecution.java:40) [.cp/:?]
	at org.eclipse.jdt.internal.junit.runner.RemoteTestRunner.runTests(RemoteTestRunner.java:530) [.cp/:?]
	at org.eclipse.jdt.internal.junit.runner.RemoteTestRunner.runTests(RemoteTestRunner.java:758) [.cp/:?]
	at org.eclipse.jdt.internal.junit.runner.RemoteTestRunner.run(RemoteTestRunner.java:453) [.cp/:?]
	at org.eclipse.jdt.internal.junit.runner.RemoteTestRunner.main(RemoteTestRunner.java:211) [.cp/:?]
2025-12-28 22:25:09 INFO  === END   tests.LastUpdateTests.lastUpdate_shouldMatchCurrent[Exp#13 [f1=2, f2=2, f3=1, f4=2, f5=3, f6=1, f7=3, f8=2]] ===
2025-12-28 22:25:09 INFO  === START tests.LastUpdateTests.lastUpdate_shouldMatchCurrent[Exp#14 [f1=2, f2=2, f3=2, f4=3, f5=1, f6=2, f7=1, f8=3]] ===
2025-12-28 22:25:12 INFO  STEP PASS: Results should be visible
2025-12-28 22:25:12 INFO  STEP: Expected time = 22:25, actual time = 22:25
2025-12-28 22:25:12 INFO  STEP PASS: Last update time should be same as current time
2025-12-28 22:25:12 INFO  STEP: Expected date = 28/12/2025, actual date = 28/12/2026
2025-12-28 22:25:12 ERROR STEP FAIL: Last update should be same as current date
2025-12-28 22:25:12 ERROR === FAIL  tests.LastUpdateTests.lastUpdate_shouldMatchCurrent[Exp#9 [f1=1, f2=3, f3=3, f4=1, f5=3, f6=2, f7=1, f8=2]] ===
java.lang.AssertionError: Last update should be same as current date
	at org.junit.Assert.fail(Assert.java:89) ~[junit-4.13.jar:4.13]
	at org.junit.Assert.assertTrue(Assert.java:42) ~[junit-4.13.jar:4.13]
	at tests.BaseTest.checkTrue(BaseTest.java:79) ~[test-classes/:?]
	at tests.LastUpdateTests.lastUpdate_shouldMatchCurrent(LastUpdateTests.java:47) ~[test-classes/:?]
	at jdk.internal.reflect.DirectMethodHandleAccessor.invoke(DirectMethodHandleAccessor.java:103) ~[?:?]
	at java.lang.reflect.Method.invoke(Method.java:580) ~[?:?]
	at org.junit.runners.model.FrameworkMethod$1.runReflectiveCall(FrameworkMethod.java:59) ~[junit-4.13.jar:4.13]
	at org.junit.internal.runners.model.ReflectiveCallable.run(ReflectiveCallable.java:12) ~[junit-4.13.jar:4.13]
	at org.junit.runners.model.FrameworkMethod.invokeExplosively(FrameworkMethod.java:56) ~[junit-4.13.jar:4.13]
	at org.junit.internal.runners.statements.InvokeMethod.evaluate(InvokeMethod.java:17) ~[junit-4.13.jar:4.13]
	at org.junit.internal.runners.statements.RunBefores.evaluate(RunBefores.java:26) ~[junit-4.13.jar:4.13]
	at org.junit.internal.runners.statements.RunAfters.evaluate(RunAfters.java:27) ~[junit-4.13.jar:4.13]
	at org.junit.rules.TestWatcher$1.evaluate(TestWatcher.java:61) [junit-4.13.jar:4.13]
	at org.junit.runners.ParentRunner$3.evaluate(ParentRunner.java:306) [junit-4.13.jar:4.13]
	at org.junit.runners.BlockJUnit4ClassRunner$1.evaluate(BlockJUnit4ClassRunner.java:100) [junit-4.13.jar:4.13]
	at org.junit.runners.ParentRunner.runLeaf(ParentRunner.java:366) [junit-4.13.jar:4.13]
	at org.junit.runners.BlockJUnit4ClassRunner.runChild(BlockJUnit4ClassRunner.java:103) [junit-4.13.jar:4.13]
	at org.junit.runners.BlockJUnit4ClassRunner.runChild(BlockJUnit4ClassRunner.java:63) [junit-4.13.jar:4.13]
	at org.junit.runners.ParentRunner$4.run(ParentRunner.java:331) [junit-4.13.jar:4.13]
	at org.junit.runners.ParentRunner$1.schedule(ParentRunner.java:79) [junit-4.13.jar:4.13]
	at org.junit.runners.ParentRunner.runChildren(ParentRunner.java:329) [junit-4.13.jar:4.13]
	at org.junit.runners.ParentRunner.access$100(ParentRunner.java:66) [junit-4.13.jar:4.13]
	at org.junit.runners.ParentRunner$2.evaluate(ParentRunner.java:293) [junit-4.13.jar:4.13]
	at org.junit.runners.ParentRunner.run(ParentRunner.java:413) [junit-4.13.jar:4.13]
	at org.junit.runners.Suite.runChild(Suite.java:128) [junit-4.13.jar:4.13]
	at org.junit.runners.Suite.runChild(Suite.java:27) [junit-4.13.jar:4.13]
	at org.junit.runners.ParentRunner$4.run(ParentRunner.java:331) [junit-4.13.jar:4.13]
	at org.junit.runners.ParentRunner$1.schedule(ParentRunner.java:79) [junit-4.13.jar:4.13]
	at org.junit.runners.ParentRunner.runChildren(ParentRunner.java:329) [junit-4.13.jar:4.13]
	at org.junit.runners.ParentRunner.access$100(ParentRunner.java:66) [junit-4.13.jar:4.13]
	at org.junit.runners.ParentRunner$2.evaluate(ParentRunner.java:293) [junit-4.13.jar:4.13]
	at org.junit.runners.ParentRunner$3.evaluate(ParentRunner.java:306) [junit-4.13.jar:4.13]
	at org.junit.runners.ParentRunner.run(ParentRunner.java:413) [junit-4.13.jar:4.13]
	at org.eclipse.jdt.internal.junit4.runner.JUnit4TestReference.run(JUnit4TestReference.java:93) [.cp/:?]
	at org.eclipse.jdt.internal.junit.runner.TestExecution.run(TestExecution.java:40) [.cp/:?]
	at org.eclipse.jdt.internal.junit.runner.RemoteTestRunner.runTests(RemoteTestRunner.java:530) [.cp/:?]
	at org.eclipse.jdt.internal.junit.runner.RemoteTestRunner.runTests(RemoteTestRunner.java:758) [.cp/:?]
	at org.eclipse.jdt.internal.junit.runner.RemoteTestRunner.run(RemoteTestRunner.java:453) [.cp/:?]
	at org.eclipse.jdt.internal.junit.runner.RemoteTestRunner.main(RemoteTestRunner.java:211) [.cp/:?]
2025-12-28 22:25:12 INFO  === END   tests.LastUpdateTests.lastUpdate_shouldMatchCurrent[Exp#9 [f1=1, f2=3, f3=3, f4=1, f5=3, f6=2, f7=1, f8=2]] ===
2025-12-28 22:25:12 INFO  === START tests.LastUpdateTests.lastUpdate_shouldMatchCurrent[Exp#10 [f1=2, f2=1, f3=1, f4=3, f5=3, f6=2, f7=2, f8=1]] ===
2025-12-28 22:25:18 INFO  STEP PASS: Results should be visible
2025-12-28 22:25:18 INFO  STEP: Expected time = 22:25, actual time = 22:25
2025-12-28 22:25:18 INFO  STEP PASS: Last update time should be same as current time
2025-12-28 22:25:18 INFO  STEP: Expected date = 28/12/2025, actual date = 28/12/2026
2025-12-28 22:25:18 ERROR STEP FAIL: Last update should be same as current date
2025-12-28 22:25:18 ERROR === FAIL  tests.LastUpdateTests.lastUpdate_shouldMatchCurrent[Exp#14 [f1=2, f2=2, f3=2, f4=3, f5=1, f6=2, f7=1, f8=3]] ===
java.lang.AssertionError: Last update should be same as current date
	at org.junit.Assert.fail(Assert.java:89) ~[junit-4.13.jar:4.13]
	at org.junit.Assert.assertTrue(Assert.java:42) ~[junit-4.13.jar:4.13]
	at tests.BaseTest.checkTrue(BaseTest.java:79) ~[test-classes/:?]
	at tests.LastUpdateTests.lastUpdate_shouldMatchCurrent(LastUpdateTests.java:47) ~[test-classes/:?]
	at jdk.internal.reflect.DirectMethodHandleAccessor.invoke(DirectMethodHandleAccessor.java:103) ~[?:?]
	at java.lang.reflect.Method.invoke(Method.java:580) ~[?:?]
	at org.junit.runners.model.FrameworkMethod$1.runReflectiveCall(FrameworkMethod.java:59) ~[junit-4.13.jar:4.13]
	at org.junit.internal.runners.model.ReflectiveCallable.run(ReflectiveCallable.java:12) ~[junit-4.13.jar:4.13]
	at org.junit.runners.model.FrameworkMethod.invokeExplosively(FrameworkMethod.java:56) ~[junit-4.13.jar:4.13]
	at org.junit.internal.runners.statements.InvokeMethod.evaluate(InvokeMethod.java:17) ~[junit-4.13.jar:4.13]
	at org.junit.internal.runners.statements.RunBefores.evaluate(RunBefores.java:26) ~[junit-4.13.jar:4.13]
	at org.junit.internal.runners.statements.RunAfters.evaluate(RunAfters.java:27) ~[junit-4.13.jar:4.13]
	at org.junit.rules.TestWatcher$1.evaluate(TestWatcher.java:61) [junit-4.13.jar:4.13]
	at org.junit.runners.ParentRunner$3.evaluate(ParentRunner.java:306) [junit-4.13.jar:4.13]
	at org.junit.runners.BlockJUnit4ClassRunner$1.evaluate(BlockJUnit4ClassRunner.java:100) [junit-4.13.jar:4.13]
	at org.junit.runners.ParentRunner.runLeaf(ParentRunner.java:366) [junit-4.13.jar:4.13]
	at org.junit.runners.BlockJUnit4ClassRunner.runChild(BlockJUnit4ClassRunner.java:103) [junit-4.13.jar:4.13]
	at org.junit.runners.BlockJUnit4ClassRunner.runChild(BlockJUnit4ClassRunner.java:63) [junit-4.13.jar:4.13]
	at org.junit.runners.ParentRunner$4.run(ParentRunner.java:331) [junit-4.13.jar:4.13]
	at org.junit.runners.ParentRunner$1.schedule(ParentRunner.java:79) [junit-4.13.jar:4.13]
	at org.junit.runners.ParentRunner.runChildren(ParentRunner.java:329) [junit-4.13.jar:4.13]
	at org.junit.runners.ParentRunner.access$100(ParentRunner.java:66) [junit-4.13.jar:4.13]
	at org.junit.runners.ParentRunner$2.evaluate(ParentRunner.java:293) [junit-4.13.jar:4.13]
	at org.junit.runners.ParentRunner.run(ParentRunner.java:413) [junit-4.13.jar:4.13]
	at org.junit.runners.Suite.runChild(Suite.java:128) [junit-4.13.jar:4.13]
	at org.junit.runners.Suite.runChild(Suite.java:27) [junit-4.13.jar:4.13]
	at org.junit.runners.ParentRunner$4.run(ParentRunner.java:331) [junit-4.13.jar:4.13]
	at org.junit.runners.ParentRunner$1.schedule(ParentRunner.java:79) [junit-4.13.jar:4.13]
	at org.junit.runners.ParentRunner.runChildren(ParentRunner.java:329) [junit-4.13.jar:4.13]
	at org.junit.runners.ParentRunner.access$100(ParentRunner.java:66) [junit-4.13.jar:4.13]
	at org.junit.runners.ParentRunner$2.evaluate(ParentRunner.java:293) [junit-4.13.jar:4.13]
	at org.junit.runners.ParentRunner$3.evaluate(ParentRunner.java:306) [junit-4.13.jar:4.13]
	at org.junit.runners.ParentRunner.run(ParentRunner.java:413) [junit-4.13.jar:4.13]
	at org.eclipse.jdt.internal.junit4.runner.JUnit4TestReference.run(JUnit4TestReference.java:93) [.cp/:?]
	at org.eclipse.jdt.internal.junit.runner.TestExecution.run(TestExecution.java:40) [.cp/:?]
	at org.eclipse.jdt.internal.junit.runner.RemoteTestRunner.runTests(RemoteTestRunner.java:530) [.cp/:?]
	at org.eclipse.jdt.internal.junit.runner.RemoteTestRunner.runTests(RemoteTestRunner.java:758) [.cp/:?]
	at org.eclipse.jdt.internal.junit.runner.RemoteTestRunner.run(RemoteTestRunner.java:453) [.cp/:?]
	at org.eclipse.jdt.internal.junit.runner.RemoteTestRunner.main(RemoteTestRunner.java:211) [.cp/:?]
2025-12-28 22:25:18 INFO  === END   tests.LastUpdateTests.lastUpdate_shouldMatchCurrent[Exp#14 [f1=2, f2=2, f3=2, f4=3, f5=1, f6=2, f7=1, f8=3]] ===
2025-12-28 22:25:18 INFO  === START tests.LastUpdateTests.lastUpdate_shouldMatchCurrent[Exp#15 [f1=2, f2=2, f3=3, f4=1, f5=2, f6=3, f7=2, f8=1]] ===
2025-12-28 22:25:19 INFO  STEP PASS: Results should be visible
2025-12-28 22:25:19 INFO  STEP: Expected time = 22:25, actual time = 22:25
2025-12-28 22:25:19 INFO  STEP PASS: Last update time should be same as current time
2025-12-28 22:25:19 INFO  STEP: Expected date = 28/12/2025, actual date = 28/12/2026
2025-12-28 22:25:19 ERROR STEP FAIL: Last update should be same as current date
2025-12-28 22:25:19 ERROR === FAIL  tests.LastUpdateTests.lastUpdate_shouldMatchCurrent[Exp#10 [f1=2, f2=1, f3=1, f4=3, f5=3, f6=2, f7=2, f8=1]] ===
java.lang.AssertionError: Last update should be same as current date
	at org.junit.Assert.fail(Assert.java:89) ~[junit-4.13.jar:4.13]
	at org.junit.Assert.assertTrue(Assert.java:42) ~[junit-4.13.jar:4.13]
	at tests.BaseTest.checkTrue(BaseTest.java:79) ~[test-classes/:?]
	at tests.LastUpdateTests.lastUpdate_shouldMatchCurrent(LastUpdateTests.java:47) ~[test-classes/:?]
	at jdk.internal.reflect.DirectMethodHandleAccessor.invoke(DirectMethodHandleAccessor.java:103) ~[?:?]
	at java.lang.reflect.Method.invoke(Method.java:580) ~[?:?]
	at org.junit.runners.model.FrameworkMethod$1.runReflectiveCall(FrameworkMethod.java:59) ~[junit-4.13.jar:4.13]
	at org.junit.internal.runners.model.ReflectiveCallable.run(ReflectiveCallable.java:12) ~[junit-4.13.jar:4.13]
	at org.junit.runners.model.FrameworkMethod.invokeExplosively(FrameworkMethod.java:56) ~[junit-4.13.jar:4.13]
	at org.junit.internal.runners.statements.InvokeMethod.evaluate(InvokeMethod.java:17) ~[junit-4.13.jar:4.13]
	at org.junit.internal.runners.statements.RunBefores.evaluate(RunBefores.java:26) ~[junit-4.13.jar:4.13]
	at org.junit.internal.runners.statements.RunAfters.evaluate(RunAfters.java:27) ~[junit-4.13.jar:4.13]
	at org.junit.rules.TestWatcher$1.evaluate(TestWatcher.java:61) [junit-4.13.jar:4.13]
	at org.junit.runners.ParentRunner$3.evaluate(ParentRunner.java:306) [junit-4.13.jar:4.13]
	at org.junit.runners.BlockJUnit4ClassRunner$1.evaluate(BlockJUnit4ClassRunner.java:100) [junit-4.13.jar:4.13]
	at org.junit.runners.ParentRunner.runLeaf(ParentRunner.java:366) [junit-4.13.jar:4.13]
	at org.junit.runners.BlockJUnit4ClassRunner.runChild(BlockJUnit4ClassRunner.java:103) [junit-4.13.jar:4.13]
	at org.junit.runners.BlockJUnit4ClassRunner.runChild(BlockJUnit4ClassRunner.java:63) [junit-4.13.jar:4.13]
	at org.junit.runners.ParentRunner$4.run(ParentRunner.java:331) [junit-4.13.jar:4.13]
	at org.junit.runners.ParentRunner$1.schedule(ParentRunner.java:79) [junit-4.13.jar:4.13]
	at org.junit.runners.ParentRunner.runChildren(ParentRunner.java:329) [junit-4.13.jar:4.13]
	at org.junit.runners.ParentRunner.access$100(ParentRunner.java:66) [junit-4.13.jar:4.13]
	at org.junit.runners.ParentRunner$2.evaluate(ParentRunner.java:293) [junit-4.13.jar:4.13]
	at org.junit.runners.ParentRunner.run(ParentRunner.java:413) [junit-4.13.jar:4.13]
	at org.junit.runners.Suite.runChild(Suite.java:128) [junit-4.13.jar:4.13]
	at org.junit.runners.Suite.runChild(Suite.java:27) [junit-4.13.jar:4.13]
	at org.junit.runners.ParentRunner$4.run(ParentRunner.java:331) [junit-4.13.jar:4.13]
	at org.junit.runners.ParentRunner$1.schedule(ParentRunner.java:79) [junit-4.13.jar:4.13]
	at org.junit.runners.ParentRunner.runChildren(ParentRunner.java:329) [junit-4.13.jar:4.13]
	at org.junit.runners.ParentRunner.access$100(ParentRunner.java:66) [junit-4.13.jar:4.13]
	at org.junit.runners.ParentRunner$2.evaluate(ParentRunner.java:293) [junit-4.13.jar:4.13]
	at org.junit.runners.ParentRunner$3.evaluate(ParentRunner.java:306) [junit-4.13.jar:4.13]
	at org.junit.runners.ParentRunner.run(ParentRunner.java:413) [junit-4.13.jar:4.13]
	at org.eclipse.jdt.internal.junit4.runner.JUnit4TestReference.run(JUnit4TestReference.java:93) [.cp/:?]
	at org.eclipse.jdt.internal.junit.runner.TestExecution.run(TestExecution.java:40) [.cp/:?]
	at org.eclipse.jdt.internal.junit.runner.RemoteTestRunner.runTests(RemoteTestRunner.java:530) [.cp/:?]
	at org.eclipse.jdt.internal.junit.runner.RemoteTestRunner.runTests(RemoteTestRunner.java:758) [.cp/:?]
	at org.eclipse.jdt.internal.junit.runner.RemoteTestRunner.run(RemoteTestRunner.java:453) [.cp/:?]
	at org.eclipse.jdt.internal.junit.runner.RemoteTestRunner.main(RemoteTestRunner.java:211) [.cp/:?]
2025-12-28 22:25:19 INFO  === END   tests.LastUpdateTests.lastUpdate_shouldMatchCurrent[Exp#10 [f1=2, f2=1, f3=1, f4=3, f5=3, f6=2, f7=2, f8=1]] ===
2025-12-28 22:25:19 INFO  === START tests.LastUpdateTests.lastUpdate_shouldMatchCurrent[Exp#11 [f1=2, f2=1, f3=2, f4=1, f5=1, f6=3, f7=3, f8=2]] ===
2025-12-28 22:25:25 INFO  STEP PASS: Results should be visible
2025-12-28 22:25:25 INFO  STEP: Expected time = 22:25, actual time = 22:25
2025-12-28 22:25:25 INFO  STEP PASS: Last update time should be same as current time
2025-12-28 22:25:25 INFO  STEP: Expected date = 28/12/2025, actual date = 28/12/2026
2025-12-28 22:25:25 ERROR STEP FAIL: Last update should be same as current date
2025-12-28 22:25:26 ERROR === FAIL  tests.LastUpdateTests.lastUpdate_shouldMatchCurrent[Exp#15 [f1=2, f2=2, f3=3, f4=1, f5=2, f6=3, f7=2, f8=1]] ===
java.lang.AssertionError: Last update should be same as current date
	at org.junit.Assert.fail(Assert.java:89) ~[junit-4.13.jar:4.13]
	at org.junit.Assert.assertTrue(Assert.java:42) ~[junit-4.13.jar:4.13]
	at tests.BaseTest.checkTrue(BaseTest.java:79) ~[test-classes/:?]
	at tests.LastUpdateTests.lastUpdate_shouldMatchCurrent(LastUpdateTests.java:47) ~[test-classes/:?]
	at jdk.internal.reflect.DirectMethodHandleAccessor.invoke(DirectMethodHandleAccessor.java:103) ~[?:?]
	at java.lang.reflect.Method.invoke(Method.java:580) ~[?:?]
	at org.junit.runners.model.FrameworkMethod$1.runReflectiveCall(FrameworkMethod.java:59) ~[junit-4.13.jar:4.13]
	at org.junit.internal.runners.model.ReflectiveCallable.run(ReflectiveCallable.java:12) ~[junit-4.13.jar:4.13]
	at org.junit.runners.model.FrameworkMethod.invokeExplosively(FrameworkMethod.java:56) ~[junit-4.13.jar:4.13]
	at org.junit.internal.runners.statements.InvokeMethod.evaluate(InvokeMethod.java:17) ~[junit-4.13.jar:4.13]
	at org.junit.internal.runners.statements.RunBefores.evaluate(RunBefores.java:26) ~[junit-4.13.jar:4.13]
	at org.junit.internal.runners.statements.RunAfters.evaluate(RunAfters.java:27) ~[junit-4.13.jar:4.13]
	at org.junit.rules.TestWatcher$1.evaluate(TestWatcher.java:61) [junit-4.13.jar:4.13]
	at org.junit.runners.ParentRunner$3.evaluate(ParentRunner.java:306) [junit-4.13.jar:4.13]
	at org.junit.runners.BlockJUnit4ClassRunner$1.evaluate(BlockJUnit4ClassRunner.java:100) [junit-4.13.jar:4.13]
	at org.junit.runners.ParentRunner.runLeaf(ParentRunner.java:366) [junit-4.13.jar:4.13]
	at org.junit.runners.BlockJUnit4ClassRunner.runChild(BlockJUnit4ClassRunner.java:103) [junit-4.13.jar:4.13]
	at org.junit.runners.BlockJUnit4ClassRunner.runChild(BlockJUnit4ClassRunner.java:63) [junit-4.13.jar:4.13]
	at org.junit.runners.ParentRunner$4.run(ParentRunner.java:331) [junit-4.13.jar:4.13]
	at org.junit.runners.ParentRunner$1.schedule(ParentRunner.java:79) [junit-4.13.jar:4.13]
	at org.junit.runners.ParentRunner.runChildren(ParentRunner.java:329) [junit-4.13.jar:4.13]
	at org.junit.runners.ParentRunner.access$100(ParentRunner.java:66) [junit-4.13.jar:4.13]
	at org.junit.runners.ParentRunner$2.evaluate(ParentRunner.java:293) [junit-4.13.jar:4.13]
	at org.junit.runners.ParentRunner.run(ParentRunner.java:413) [junit-4.13.jar:4.13]
	at org.junit.runners.Suite.runChild(Suite.java:128) [junit-4.13.jar:4.13]
	at org.junit.runners.Suite.runChild(Suite.java:27) [junit-4.13.jar:4.13]
	at org.junit.runners.ParentRunner$4.run(ParentRunner.java:331) [junit-4.13.jar:4.13]
	at org.junit.runners.ParentRunner$1.schedule(ParentRunner.java:79) [junit-4.13.jar:4.13]
	at org.junit.runners.ParentRunner.runChildren(ParentRunner.java:329) [junit-4.13.jar:4.13]
	at org.junit.runners.ParentRunner.access$100(ParentRunner.java:66) [junit-4.13.jar:4.13]
	at org.junit.runners.ParentRunner$2.evaluate(ParentRunner.java:293) [junit-4.13.jar:4.13]
	at org.junit.runners.ParentRunner$3.evaluate(ParentRunner.java:306) [junit-4.13.jar:4.13]
	at org.junit.runners.ParentRunner.run(ParentRunner.java:413) [junit-4.13.jar:4.13]
	at org.eclipse.jdt.internal.junit4.runner.JUnit4TestReference.run(JUnit4TestReference.java:93) [.cp/:?]
	at org.eclipse.jdt.internal.junit.runner.TestExecution.run(TestExecution.java:40) [.cp/:?]
	at org.eclipse.jdt.internal.junit.runner.RemoteTestRunner.runTests(RemoteTestRunner.java:530) [.cp/:?]
	at org.eclipse.jdt.internal.junit.runner.RemoteTestRunner.runTests(RemoteTestRunner.java:758) [.cp/:?]
	at org.eclipse.jdt.internal.junit.runner.RemoteTestRunner.run(RemoteTestRunner.java:453) [.cp/:?]
	at org.eclipse.jdt.internal.junit.runner.RemoteTestRunner.main(RemoteTestRunner.java:211) [.cp/:?]
2025-12-28 22:25:26 INFO  === END   tests.LastUpdateTests.lastUpdate_shouldMatchCurrent[Exp#15 [f1=2, f2=2, f3=3, f4=1, f5=2, f6=3, f7=2, f8=1]] ===
2025-12-28 22:25:26 INFO  === START tests.LastUpdateTests.lastUpdate_shouldMatchCurrent[Exp#16 [f1=2, f2=3, f3=1, f4=3, f5=2, f6=3, f7=1, f8=2]] ===
2025-12-28 22:25:26 INFO  STEP PASS: Results should be visible
2025-12-28 22:25:26 INFO  STEP: Expected time = 22:25, actual time = 22:25
2025-12-28 22:25:26 INFO  STEP PASS: Last update time should be same as current time
2025-12-28 22:25:26 INFO  STEP: Expected date = 28/12/2025, actual date = 28/12/2026
2025-12-28 22:25:26 ERROR STEP FAIL: Last update should be same as current date
2025-12-28 22:25:26 ERROR === FAIL  tests.LastUpdateTests.lastUpdate_shouldMatchCurrent[Exp#11 [f1=2, f2=1, f3=2, f4=1, f5=1, f6=3, f7=3, f8=2]] ===
java.lang.AssertionError: Last update should be same as current date
	at org.junit.Assert.fail(Assert.java:89) ~[junit-4.13.jar:4.13]
	at org.junit.Assert.assertTrue(Assert.java:42) ~[junit-4.13.jar:4.13]
	at tests.BaseTest.checkTrue(BaseTest.java:79) ~[test-classes/:?]
	at tests.LastUpdateTests.lastUpdate_shouldMatchCurrent(LastUpdateTests.java:47) ~[test-classes/:?]
	at jdk.internal.reflect.DirectMethodHandleAccessor.invoke(DirectMethodHandleAccessor.java:103) ~[?:?]
	at java.lang.reflect.Method.invoke(Method.java:580) ~[?:?]
	at org.junit.runners.model.FrameworkMethod$1.runReflectiveCall(FrameworkMethod.java:59) ~[junit-4.13.jar:4.13]
	at org.junit.internal.runners.model.ReflectiveCallable.run(ReflectiveCallable.java:12) ~[junit-4.13.jar:4.13]
	at org.junit.runners.model.FrameworkMethod.invokeExplosively(FrameworkMethod.java:56) ~[junit-4.13.jar:4.13]
	at org.junit.internal.runners.statements.InvokeMethod.evaluate(InvokeMethod.java:17) ~[junit-4.13.jar:4.13]
	at org.junit.internal.runners.statements.RunBefores.evaluate(RunBefores.java:26) ~[junit-4.13.jar:4.13]
	at org.junit.internal.runners.statements.RunAfters.evaluate(RunAfters.java:27) ~[junit-4.13.jar:4.13]
	at org.junit.rules.TestWatcher$1.evaluate(TestWatcher.java:61) [junit-4.13.jar:4.13]
	at org.junit.runners.ParentRunner$3.evaluate(ParentRunner.java:306) [junit-4.13.jar:4.13]
	at org.junit.runners.BlockJUnit4ClassRunner$1.evaluate(BlockJUnit4ClassRunner.java:100) [junit-4.13.jar:4.13]
	at org.junit.runners.ParentRunner.runLeaf(ParentRunner.java:366) [junit-4.13.jar:4.13]
	at org.junit.runners.BlockJUnit4ClassRunner.runChild(BlockJUnit4ClassRunner.java:103) [junit-4.13.jar:4.13]
	at org.junit.runners.BlockJUnit4ClassRunner.runChild(BlockJUnit4ClassRunner.java:63) [junit-4.13.jar:4.13]
	at org.junit.runners.ParentRunner$4.run(ParentRunner.java:331) [junit-4.13.jar:4.13]
	at org.junit.runners.ParentRunner$1.schedule(ParentRunner.java:79) [junit-4.13.jar:4.13]
	at org.junit.runners.ParentRunner.runChildren(ParentRunner.java:329) [junit-4.13.jar:4.13]
	at org.junit.runners.ParentRunner.access$100(ParentRunner.java:66) [junit-4.13.jar:4.13]
	at org.junit.runners.ParentRunner$2.evaluate(ParentRunner.java:293) [junit-4.13.jar:4.13]
	at org.junit.runners.ParentRunner.run(ParentRunner.java:413) [junit-4.13.jar:4.13]
	at org.junit.runners.Suite.runChild(Suite.java:128) [junit-4.13.jar:4.13]
	at org.junit.runners.Suite.runChild(Suite.java:27) [junit-4.13.jar:4.13]
	at org.junit.runners.ParentRunner$4.run(ParentRunner.java:331) [junit-4.13.jar:4.13]
	at org.junit.runners.ParentRunner$1.schedule(ParentRunner.java:79) [junit-4.13.jar:4.13]
	at org.junit.runners.ParentRunner.runChildren(ParentRunner.java:329) [junit-4.13.jar:4.13]
	at org.junit.runners.ParentRunner.access$100(ParentRunner.java:66) [junit-4.13.jar:4.13]
	at org.junit.runners.ParentRunner$2.evaluate(ParentRunner.java:293) [junit-4.13.jar:4.13]
	at org.junit.runners.ParentRunner$3.evaluate(ParentRunner.java:306) [junit-4.13.jar:4.13]
	at org.junit.runners.ParentRunner.run(ParentRunner.java:413) [junit-4.13.jar:4.13]
	at org.eclipse.jdt.internal.junit4.runner.JUnit4TestReference.run(JUnit4TestReference.java:93) [.cp/:?]
	at org.eclipse.jdt.internal.junit.runner.TestExecution.run(TestExecution.java:40) [.cp/:?]
	at org.eclipse.jdt.internal.junit.runner.RemoteTestRunner.runTests(RemoteTestRunner.java:530) [.cp/:?]
	at org.eclipse.jdt.internal.junit.runner.RemoteTestRunner.runTests(RemoteTestRunner.java:758) [.cp/:?]
	at org.eclipse.jdt.internal.junit.runner.RemoteTestRunner.run(RemoteTestRunner.java:453) [.cp/:?]
	at org.eclipse.jdt.internal.junit.runner.RemoteTestRunner.main(RemoteTestRunner.java:211) [.cp/:?]
2025-12-28 22:25:26 INFO  === END   tests.LastUpdateTests.lastUpdate_shouldMatchCurrent[Exp#11 [f1=2, f2=1, f3=2, f4=1, f5=1, f6=3, f7=3, f8=2]] ===
2025-12-28 22:25:26 INFO  === START tests.LastUpdateTests.lastUpdate_shouldMatchCurrent[Exp#12 [f1=2, f2=1, f3=3, f4=2, f5=2, f6=1, f7=1, f8=3]] ===
2025-12-28 22:25:33 INFO  STEP PASS: Results should be visible
2025-12-28 22:25:33 INFO  STEP PASS: Results should be visible
2025-12-28 22:25:33 INFO  STEP: Expected time = 22:25, actual time = 22:25
2025-12-28 22:25:33 INFO  STEP PASS: Last update time should be same as current time
2025-12-28 22:25:33 INFO  STEP: Expected date = 28/12/2025, actual date = 28/12/2026
2025-12-28 22:25:33 ERROR STEP FAIL: Last update should be same as current date
2025-12-28 22:25:33 INFO  STEP: Expected time = 22:25, actual time = 22:25
2025-12-28 22:25:33 INFO  STEP PASS: Last update time should be same as current time
2025-12-28 22:25:33 INFO  STEP: Expected date = 28/12/2025, actual date = 28/12/2026
2025-12-28 22:25:33 ERROR STEP FAIL: Last update should be same as current date
2025-12-28 22:25:33 ERROR === FAIL  tests.LastUpdateTests.lastUpdate_shouldMatchCurrent[Exp#16 [f1=2, f2=3, f3=1, f4=3, f5=2, f6=3, f7=1, f8=2]] ===
java.lang.AssertionError: Last update should be same as current date
	at org.junit.Assert.fail(Assert.java:89) ~[junit-4.13.jar:4.13]
	at org.junit.Assert.assertTrue(Assert.java:42) ~[junit-4.13.jar:4.13]
	at tests.BaseTest.checkTrue(BaseTest.java:79) ~[test-classes/:?]
	at tests.LastUpdateTests.lastUpdate_shouldMatchCurrent(LastUpdateTests.java:47) ~[test-classes/:?]
	at jdk.internal.reflect.DirectMethodHandleAccessor.invoke(DirectMethodHandleAccessor.java:103) ~[?:?]
	at java.lang.reflect.Method.invoke(Method.java:580) ~[?:?]
	at org.junit.runners.model.FrameworkMethod$1.runReflectiveCall(FrameworkMethod.java:59) ~[junit-4.13.jar:4.13]
	at org.junit.internal.runners.model.ReflectiveCallable.run(ReflectiveCallable.java:12) ~[junit-4.13.jar:4.13]
	at org.junit.runners.model.FrameworkMethod.invokeExplosively(FrameworkMethod.java:56) ~[junit-4.13.jar:4.13]
	at org.junit.internal.runners.statements.InvokeMethod.evaluate(InvokeMethod.java:17) ~[junit-4.13.jar:4.13]
	at org.junit.internal.runners.statements.RunBefores.evaluate(RunBefores.java:26) ~[junit-4.13.jar:4.13]
	at org.junit.internal.runners.statements.RunAfters.evaluate(RunAfters.java:27) ~[junit-4.13.jar:4.13]
	at org.junit.rules.TestWatcher$1.evaluate(TestWatcher.java:61) [junit-4.13.jar:4.13]
	at org.junit.runners.ParentRunner$3.evaluate(ParentRunner.java:306) [junit-4.13.jar:4.13]
	at org.junit.runners.BlockJUnit4ClassRunner$1.evaluate(BlockJUnit4ClassRunner.java:100) [junit-4.13.jar:4.13]
	at org.junit.runners.ParentRunner.runLeaf(ParentRunner.java:366) [junit-4.13.jar:4.13]
	at org.junit.runners.BlockJUnit4ClassRunner.runChild(BlockJUnit4ClassRunner.java:103) [junit-4.13.jar:4.13]
	at org.junit.runners.BlockJUnit4ClassRunner.runChild(BlockJUnit4ClassRunner.java:63) [junit-4.13.jar:4.13]
	at org.junit.runners.ParentRunner$4.run(ParentRunner.java:331) [junit-4.13.jar:4.13]
	at org.junit.runners.ParentRunner$1.schedule(ParentRunner.java:79) [junit-4.13.jar:4.13]
	at org.junit.runners.ParentRunner.runChildren(ParentRunner.java:329) [junit-4.13.jar:4.13]
	at org.junit.runners.ParentRunner.access$100(ParentRunner.java:66) [junit-4.13.jar:4.13]
	at org.junit.runners.ParentRunner$2.evaluate(ParentRunner.java:293) [junit-4.13.jar:4.13]
	at org.junit.runners.ParentRunner.run(ParentRunner.java:413) [junit-4.13.jar:4.13]
	at org.junit.runners.Suite.runChild(Suite.java:128) [junit-4.13.jar:4.13]
	at org.junit.runners.Suite.runChild(Suite.java:27) [junit-4.13.jar:4.13]
	at org.junit.runners.ParentRunner$4.run(ParentRunner.java:331) [junit-4.13.jar:4.13]
	at org.junit.runners.ParentRunner$1.schedule(ParentRunner.java:79) [junit-4.13.jar:4.13]
	at org.junit.runners.ParentRunner.runChildren(ParentRunner.java:329) [junit-4.13.jar:4.13]
	at org.junit.runners.ParentRunner.access$100(ParentRunner.java:66) [junit-4.13.jar:4.13]
	at org.junit.runners.ParentRunner$2.evaluate(ParentRunner.java:293) [junit-4.13.jar:4.13]
	at org.junit.runners.ParentRunner$3.evaluate(ParentRunner.java:306) [junit-4.13.jar:4.13]
	at org.junit.runners.ParentRunner.run(ParentRunner.java:413) [junit-4.13.jar:4.13]
	at org.eclipse.jdt.internal.junit4.runner.JUnit4TestReference.run(JUnit4TestReference.java:93) [.cp/:?]
	at org.eclipse.jdt.internal.junit.runner.TestExecution.run(TestExecution.java:40) [.cp/:?]
	at org.eclipse.jdt.internal.junit.runner.RemoteTestRunner.runTests(RemoteTestRunner.java:530) [.cp/:?]
	at org.eclipse.jdt.internal.junit.runner.RemoteTestRunner.runTests(RemoteTestRunner.java:758) [.cp/:?]
	at org.eclipse.jdt.internal.junit.runner.RemoteTestRunner.run(RemoteTestRunner.java:453) [.cp/:?]
	at org.eclipse.jdt.internal.junit.runner.RemoteTestRunner.main(RemoteTestRunner.java:211) [.cp/:?]
2025-12-28 22:25:33 INFO  === END   tests.LastUpdateTests.lastUpdate_shouldMatchCurrent[Exp#16 [f1=2, f2=3, f3=1, f4=3, f5=2, f6=3, f7=1, f8=2]] ===
2025-12-28 22:25:33 INFO  === START tests.LastUpdateTests.lastUpdate_shouldMatchCurrent[Exp#17 [f1=2, f2=3, f3=2, f4=1, f5=3, f6=1, f7=2, f8=3]] ===
2025-12-28 22:25:33 ERROR === FAIL  tests.LastUpdateTests.lastUpdate_shouldMatchCurrent[Exp#12 [f1=2, f2=1, f3=3, f4=2, f5=2, f6=1, f7=1, f8=3]] ===
java.lang.AssertionError: Last update should be same as current date
	at org.junit.Assert.fail(Assert.java:89) ~[junit-4.13.jar:4.13]
	at org.junit.Assert.assertTrue(Assert.java:42) ~[junit-4.13.jar:4.13]
	at tests.BaseTest.checkTrue(BaseTest.java:79) ~[test-classes/:?]
	at tests.LastUpdateTests.lastUpdate_shouldMatchCurrent(LastUpdateTests.java:47) ~[test-classes/:?]
	at jdk.internal.reflect.DirectMethodHandleAccessor.invoke(DirectMethodHandleAccessor.java:103) ~[?:?]
	at java.lang.reflect.Method.invoke(Method.java:580) ~[?:?]
	at org.junit.runners.model.FrameworkMethod$1.runReflectiveCall(FrameworkMethod.java:59) ~[junit-4.13.jar:4.13]
	at org.junit.internal.runners.model.ReflectiveCallable.run(ReflectiveCallable.java:12) ~[junit-4.13.jar:4.13]
	at org.junit.runners.model.FrameworkMethod.invokeExplosively(FrameworkMethod.java:56) ~[junit-4.13.jar:4.13]
	at org.junit.internal.runners.statements.InvokeMethod.evaluate(InvokeMethod.java:17) ~[junit-4.13.jar:4.13]
	at org.junit.internal.runners.statements.RunBefores.evaluate(RunBefores.java:26) ~[junit-4.13.jar:4.13]
	at org.junit.internal.runners.statements.RunAfters.evaluate(RunAfters.java:27) ~[junit-4.13.jar:4.13]
	at org.junit.rules.TestWatcher$1.evaluate(TestWatcher.java:61) [junit-4.13.jar:4.13]
	at org.junit.runners.ParentRunner$3.evaluate(ParentRunner.java:306) [junit-4.13.jar:4.13]
	at org.junit.runners.BlockJUnit4ClassRunner$1.evaluate(BlockJUnit4ClassRunner.java:100) [junit-4.13.jar:4.13]
	at org.junit.runners.ParentRunner.runLeaf(ParentRunner.java:366) [junit-4.13.jar:4.13]
	at org.junit.runners.BlockJUnit4ClassRunner.runChild(BlockJUnit4ClassRunner.java:103) [junit-4.13.jar:4.13]
	at org.junit.runners.BlockJUnit4ClassRunner.runChild(BlockJUnit4ClassRunner.java:63) [junit-4.13.jar:4.13]
	at org.junit.runners.ParentRunner$4.run(ParentRunner.java:331) [junit-4.13.jar:4.13]
	at org.junit.runners.ParentRunner$1.schedule(ParentRunner.java:79) [junit-4.13.jar:4.13]
	at org.junit.runners.ParentRunner.runChildren(ParentRunner.java:329) [junit-4.13.jar:4.13]
	at org.junit.runners.ParentRunner.access$100(ParentRunner.java:66) [junit-4.13.jar:4.13]
	at org.junit.runners.ParentRunner$2.evaluate(ParentRunner.java:293) [junit-4.13.jar:4.13]
	at org.junit.runners.ParentRunner.run(ParentRunner.java:413) [junit-4.13.jar:4.13]
	at org.junit.runners.Suite.runChild(Suite.java:128) [junit-4.13.jar:4.13]
	at org.junit.runners.Suite.runChild(Suite.java:27) [junit-4.13.jar:4.13]
	at org.junit.runners.ParentRunner$4.run(ParentRunner.java:331) [junit-4.13.jar:4.13]
	at org.junit.runners.ParentRunner$1.schedule(ParentRunner.java:79) [junit-4.13.jar:4.13]
	at org.junit.runners.ParentRunner.runChildren(ParentRunner.java:329) [junit-4.13.jar:4.13]
	at org.junit.runners.ParentRunner.access$100(ParentRunner.java:66) [junit-4.13.jar:4.13]
	at org.junit.runners.ParentRunner$2.evaluate(ParentRunner.java:293) [junit-4.13.jar:4.13]
	at org.junit.runners.ParentRunner$3.evaluate(ParentRunner.java:306) [junit-4.13.jar:4.13]
	at org.junit.runners.ParentRunner.run(ParentRunner.java:413) [junit-4.13.jar:4.13]
	at org.eclipse.jdt.internal.junit4.runner.JUnit4TestReference.run(JUnit4TestReference.java:93) [.cp/:?]
	at org.eclipse.jdt.internal.junit.runner.TestExecution.run(TestExecution.java:40) [.cp/:?]
	at org.eclipse.jdt.internal.junit.runner.RemoteTestRunner.runTests(RemoteTestRunner.java:530) [.cp/:?]
	at org.eclipse.jdt.internal.junit.runner.RemoteTestRunner.runTests(RemoteTestRunner.java:758) [.cp/:?]
	at org.eclipse.jdt.internal.junit.runner.RemoteTestRunner.run(RemoteTestRunner.java:453) [.cp/:?]
	at org.eclipse.jdt.internal.junit.runner.RemoteTestRunner.main(RemoteTestRunner.java:211) [.cp/:?]
2025-12-28 22:25:33 INFO  === END   tests.LastUpdateTests.lastUpdate_shouldMatchCurrent[Exp#12 [f1=2, f2=1, f3=3, f4=2, f5=2, f6=1, f7=1, f8=3]] ===
2025-12-28 22:25:33 INFO  === START tests.LastUpdateTests.lastUpdate_shouldMatchCurrent[Exp#13 [f1=2, f2=2, f3=1, f4=2, f5=3, f6=1, f7=3, f8=2]] ===
2025-12-28 22:25:40 INFO  STEP PASS: Results should be visible
2025-12-28 22:25:40 INFO  STEP: Expected time = 22:25, actual time = 22:25
2025-12-28 22:25:40 INFO  STEP PASS: Last update time should be same as current time
2025-12-28 22:25:40 INFO  STEP: Expected date = 28/12/2025, actual date = 28/12/2026
2025-12-28 22:25:40 ERROR STEP FAIL: Last update should be same as current date
2025-12-28 22:25:40 INFO  STEP PASS: Results should be visible
2025-12-28 22:25:40 ERROR === FAIL  tests.LastUpdateTests.lastUpdate_shouldMatchCurrent[Exp#17 [f1=2, f2=3, f3=2, f4=1, f5=3, f6=1, f7=2, f8=3]] ===
java.lang.AssertionError: Last update should be same as current date
	at org.junit.Assert.fail(Assert.java:89) ~[junit-4.13.jar:4.13]
	at org.junit.Assert.assertTrue(Assert.java:42) ~[junit-4.13.jar:4.13]
	at tests.BaseTest.checkTrue(BaseTest.java:79) ~[test-classes/:?]
	at tests.LastUpdateTests.lastUpdate_shouldMatchCurrent(LastUpdateTests.java:47) ~[test-classes/:?]
	at jdk.internal.reflect.DirectMethodHandleAccessor.invoke(DirectMethodHandleAccessor.java:103) ~[?:?]
	at java.lang.reflect.Method.invoke(Method.java:580) ~[?:?]
	at org.junit.runners.model.FrameworkMethod$1.runReflectiveCall(FrameworkMethod.java:59) ~[junit-4.13.jar:4.13]
	at org.junit.internal.runners.model.ReflectiveCallable.run(ReflectiveCallable.java:12) ~[junit-4.13.jar:4.13]
	at org.junit.runners.model.FrameworkMethod.invokeExplosively(FrameworkMethod.java:56) ~[junit-4.13.jar:4.13]
	at org.junit.internal.runners.statements.InvokeMethod.evaluate(InvokeMethod.java:17) ~[junit-4.13.jar:4.13]
	at org.junit.internal.runners.statements.RunBefores.evaluate(RunBefores.java:26) ~[junit-4.13.jar:4.13]
	at org.junit.internal.runners.statements.RunAfters.evaluate(RunAfters.java:27) ~[junit-4.13.jar:4.13]
	at org.junit.rules.TestWatcher$1.evaluate(TestWatcher.java:61) [junit-4.13.jar:4.13]
	at org.junit.runners.ParentRunner$3.evaluate(ParentRunner.java:306) [junit-4.13.jar:4.13]
	at org.junit.runners.BlockJUnit4ClassRunner$1.evaluate(BlockJUnit4ClassRunner.java:100) [junit-4.13.jar:4.13]
	at org.junit.runners.ParentRunner.runLeaf(ParentRunner.java:366) [junit-4.13.jar:4.13]
	at org.junit.runners.BlockJUnit4ClassRunner.runChild(BlockJUnit4ClassRunner.java:103) [junit-4.13.jar:4.13]
	at org.junit.runners.BlockJUnit4ClassRunner.runChild(BlockJUnit4ClassRunner.java:63) [junit-4.13.jar:4.13]
	at org.junit.runners.ParentRunner$4.run(ParentRunner.java:331) [junit-4.13.jar:4.13]
	at org.junit.runners.ParentRunner$1.schedule(ParentRunner.java:79) [junit-4.13.jar:4.13]
	at org.junit.runners.ParentRunner.runChildren(ParentRunner.java:329) [junit-4.13.jar:4.13]
	at org.junit.runners.ParentRunner.access$100(ParentRunner.java:66) [junit-4.13.jar:4.13]
	at org.junit.runners.ParentRunner$2.evaluate(ParentRunner.java:293) [junit-4.13.jar:4.13]
	at org.junit.runners.ParentRunner.run(ParentRunner.java:413) [junit-4.13.jar:4.13]
	at org.junit.runners.Suite.runChild(Suite.java:128) [junit-4.13.jar:4.13]
	at org.junit.runners.Suite.runChild(Suite.java:27) [junit-4.13.jar:4.13]
	at org.junit.runners.ParentRunner$4.run(ParentRunner.java:331) [junit-4.13.jar:4.13]
	at org.junit.runners.ParentRunner$1.schedule(ParentRunner.java:79) [junit-4.13.jar:4.13]
	at org.junit.runners.ParentRunner.runChildren(ParentRunner.java:329) [junit-4.13.jar:4.13]
	at org.junit.runners.ParentRunner.access$100(ParentRunner.java:66) [junit-4.13.jar:4.13]
	at org.junit.runners.ParentRunner$2.evaluate(ParentRunner.java:293) [junit-4.13.jar:4.13]
	at org.junit.runners.ParentRunner$3.evaluate(ParentRunner.java:306) [junit-4.13.jar:4.13]
	at org.junit.runners.ParentRunner.run(ParentRunner.java:413) [junit-4.13.jar:4.13]
	at org.eclipse.jdt.internal.junit4.runner.JUnit4TestReference.run(JUnit4TestReference.java:93) [.cp/:?]
	at org.eclipse.jdt.internal.junit.runner.TestExecution.run(TestExecution.java:40) [.cp/:?]
	at org.eclipse.jdt.internal.junit.runner.RemoteTestRunner.runTests(RemoteTestRunner.java:530) [.cp/:?]
	at org.eclipse.jdt.internal.junit.runner.RemoteTestRunner.runTests(RemoteTestRunner.java:758) [.cp/:?]
	at org.eclipse.jdt.internal.junit.runner.RemoteTestRunner.run(RemoteTestRunner.java:453) [.cp/:?]
	at org.eclipse.jdt.internal.junit.runner.RemoteTestRunner.main(RemoteTestRunner.java:211) [.cp/:?]
2025-12-28 22:25:40 INFO  === END   tests.LastUpdateTests.lastUpdate_shouldMatchCurrent[Exp#17 [f1=2, f2=3, f3=2, f4=1, f5=3, f6=1, f7=2, f8=3]] ===
2025-12-28 22:25:40 INFO  === START tests.LastUpdateTests.lastUpdate_shouldMatchCurrent[Exp#18 [f1=2, f2=3, f3=3, f4=2, f5=1, f6=2, f7=3, f8=1]] ===
2025-12-28 22:25:40 INFO  STEP: Expected time = 22:25, actual time = 22:25
2025-12-28 22:25:40 INFO  STEP PASS: Last update time should be same as current time
2025-12-28 22:25:40 INFO  STEP: Expected date = 28/12/2025, actual date = 28/12/2026
2025-12-28 22:25:40 ERROR STEP FAIL: Last update should be same as current date
2025-12-28 22:25:41 ERROR === FAIL  tests.LastUpdateTests.lastUpdate_shouldMatchCurrent[Exp#13 [f1=2, f2=2, f3=1, f4=2, f5=3, f6=1, f7=3, f8=2]] ===
java.lang.AssertionError: Last update should be same as current date
	at org.junit.Assert.fail(Assert.java:89) ~[junit-4.13.jar:4.13]
	at org.junit.Assert.assertTrue(Assert.java:42) ~[junit-4.13.jar:4.13]
	at tests.BaseTest.checkTrue(BaseTest.java:79) ~[test-classes/:?]
	at tests.LastUpdateTests.lastUpdate_shouldMatchCurrent(LastUpdateTests.java:47) ~[test-classes/:?]
	at jdk.internal.reflect.DirectMethodHandleAccessor.invoke(DirectMethodHandleAccessor.java:103) ~[?:?]
	at java.lang.reflect.Method.invoke(Method.java:580) ~[?:?]
	at org.junit.runners.model.FrameworkMethod$1.runReflectiveCall(FrameworkMethod.java:59) ~[junit-4.13.jar:4.13]
	at org.junit.internal.runners.model.ReflectiveCallable.run(ReflectiveCallable.java:12) ~[junit-4.13.jar:4.13]
	at org.junit.runners.model.FrameworkMethod.invokeExplosively(FrameworkMethod.java:56) ~[junit-4.13.jar:4.13]
	at org.junit.internal.runners.statements.InvokeMethod.evaluate(InvokeMethod.java:17) ~[junit-4.13.jar:4.13]
	at org.junit.internal.runners.statements.RunBefores.evaluate(RunBefores.java:26) ~[junit-4.13.jar:4.13]
	at org.junit.internal.runners.statements.RunAfters.evaluate(RunAfters.java:27) ~[junit-4.13.jar:4.13]
	at org.junit.rules.TestWatcher$1.evaluate(TestWatcher.java:61) [junit-4.13.jar:4.13]
	at org.junit.runners.ParentRunner$3.evaluate(ParentRunner.java:306) [junit-4.13.jar:4.13]
	at org.junit.runners.BlockJUnit4ClassRunner$1.evaluate(BlockJUnit4ClassRunner.java:100) [junit-4.13.jar:4.13]
	at org.junit.runners.ParentRunner.runLeaf(ParentRunner.java:366) [junit-4.13.jar:4.13]
	at org.junit.runners.BlockJUnit4ClassRunner.runChild(BlockJUnit4ClassRunner.java:103) [junit-4.13.jar:4.13]
	at org.junit.runners.BlockJUnit4ClassRunner.runChild(BlockJUnit4ClassRunner.java:63) [junit-4.13.jar:4.13]
	at org.junit.runners.ParentRunner$4.run(ParentRunner.java:331) [junit-4.13.jar:4.13]
	at org.junit.runners.ParentRunner$1.schedule(ParentRunner.java:79) [junit-4.13.jar:4.13]
	at org.junit.runners.ParentRunner.runChildren(ParentRunner.java:329) [junit-4.13.jar:4.13]
	at org.junit.runners.ParentRunner.access$100(ParentRunner.java:66) [junit-4.13.jar:4.13]
	at org.junit.runners.ParentRunner$2.evaluate(ParentRunner.java:293) [junit-4.13.jar:4.13]
	at org.junit.runners.ParentRunner.run(ParentRunner.java:413) [junit-4.13.jar:4.13]
	at org.junit.runners.Suite.runChild(Suite.java:128) [junit-4.13.jar:4.13]
	at org.junit.runners.Suite.runChild(Suite.java:27) [junit-4.13.jar:4.13]
	at org.junit.runners.ParentRunner$4.run(ParentRunner.java:331) [junit-4.13.jar:4.13]
	at org.junit.runners.ParentRunner$1.schedule(ParentRunner.java:79) [junit-4.13.jar:4.13]
	at org.junit.runners.ParentRunner.runChildren(ParentRunner.java:329) [junit-4.13.jar:4.13]
	at org.junit.runners.ParentRunner.access$100(ParentRunner.java:66) [junit-4.13.jar:4.13]
	at org.junit.runners.ParentRunner$2.evaluate(ParentRunner.java:293) [junit-4.13.jar:4.13]
	at org.junit.runners.ParentRunner$3.evaluate(ParentRunner.java:306) [junit-4.13.jar:4.13]
	at org.junit.runners.ParentRunner.run(ParentRunner.java:413) [junit-4.13.jar:4.13]
	at org.eclipse.jdt.internal.junit4.runner.JUnit4TestReference.run(JUnit4TestReference.java:93) [.cp/:?]
	at org.eclipse.jdt.internal.junit.runner.TestExecution.run(TestExecution.java:40) [.cp/:?]
	at org.eclipse.jdt.internal.junit.runner.RemoteTestRunner.runTests(RemoteTestRunner.java:530) [.cp/:?]
	at org.eclipse.jdt.internal.junit.runner.RemoteTestRunner.runTests(RemoteTestRunner.java:758) [.cp/:?]
	at org.eclipse.jdt.internal.junit.runner.RemoteTestRunner.run(RemoteTestRunner.java:453) [.cp/:?]
	at org.eclipse.jdt.internal.junit.runner.RemoteTestRunner.main(RemoteTestRunner.java:211) [.cp/:?]
2025-12-28 22:25:41 INFO  === END   tests.LastUpdateTests.lastUpdate_shouldMatchCurrent[Exp#13 [f1=2, f2=2, f3=1, f4=2, f5=3, f6=1, f7=3, f8=2]] ===
2025-12-28 22:25:41 INFO  === START tests.LastUpdateTests.lastUpdate_shouldMatchCurrent[Exp#14 [f1=2, f2=2, f3=2, f4=3, f5=1, f6=2, f7=1, f8=3]] ===
2025-12-28 22:25:47 INFO  STEP PASS: Results should be visible
2025-12-28 22:25:47 INFO  STEP: Expected time = 22:25, actual time = 22:25
2025-12-28 22:25:47 INFO  STEP PASS: Last update time should be same as current time
2025-12-28 22:25:47 INFO  STEP: Expected date = 28/12/2025, actual date = 28/12/2026
2025-12-28 22:25:47 ERROR STEP FAIL: Last update should be same as current date
2025-12-28 22:25:47 ERROR === FAIL  tests.LastUpdateTests.lastUpdate_shouldMatchCurrent[Exp#18 [f1=2, f2=3, f3=3, f4=2, f5=1, f6=2, f7=3, f8=1]] ===
java.lang.AssertionError: Last update should be same as current date
	at org.junit.Assert.fail(Assert.java:89) ~[junit-4.13.jar:4.13]
	at org.junit.Assert.assertTrue(Assert.java:42) ~[junit-4.13.jar:4.13]
	at tests.BaseTest.checkTrue(BaseTest.java:79) ~[test-classes/:?]
	at tests.LastUpdateTests.lastUpdate_shouldMatchCurrent(LastUpdateTests.java:47) ~[test-classes/:?]
	at jdk.internal.reflect.DirectMethodHandleAccessor.invoke(DirectMethodHandleAccessor.java:103) ~[?:?]
	at java.lang.reflect.Method.invoke(Method.java:580) ~[?:?]
	at org.junit.runners.model.FrameworkMethod$1.runReflectiveCall(FrameworkMethod.java:59) ~[junit-4.13.jar:4.13]
	at org.junit.internal.runners.model.ReflectiveCallable.run(ReflectiveCallable.java:12) ~[junit-4.13.jar:4.13]
	at org.junit.runners.model.FrameworkMethod.invokeExplosively(FrameworkMethod.java:56) ~[junit-4.13.jar:4.13]
	at org.junit.internal.runners.statements.InvokeMethod.evaluate(InvokeMethod.java:17) ~[junit-4.13.jar:4.13]
	at org.junit.internal.runners.statements.RunBefores.evaluate(RunBefores.java:26) ~[junit-4.13.jar:4.13]
	at org.junit.internal.runners.statements.RunAfters.evaluate(RunAfters.java:27) ~[junit-4.13.jar:4.13]
	at org.junit.rules.TestWatcher$1.evaluate(TestWatcher.java:61) [junit-4.13.jar:4.13]
	at org.junit.runners.ParentRunner$3.evaluate(ParentRunner.java:306) [junit-4.13.jar:4.13]
	at org.junit.runners.BlockJUnit4ClassRunner$1.evaluate(BlockJUnit4ClassRunner.java:100) [junit-4.13.jar:4.13]
	at org.junit.runners.ParentRunner.runLeaf(ParentRunner.java:366) [junit-4.13.jar:4.13]
	at org.junit.runners.BlockJUnit4ClassRunner.runChild(BlockJUnit4ClassRunner.java:103) [junit-4.13.jar:4.13]
	at org.junit.runners.BlockJUnit4ClassRunner.runChild(BlockJUnit4ClassRunner.java:63) [junit-4.13.jar:4.13]
	at org.junit.runners.ParentRunner$4.run(ParentRunner.java:331) [junit-4.13.jar:4.13]
	at org.junit.runners.ParentRunner$1.schedule(ParentRunner.java:79) [junit-4.13.jar:4.13]
	at org.junit.runners.ParentRunner.runChildren(ParentRunner.java:329) [junit-4.13.jar:4.13]
	at org.junit.runners.ParentRunner.access$100(ParentRunner.java:66) [junit-4.13.jar:4.13]
	at org.junit.runners.ParentRunner$2.evaluate(ParentRunner.java:293) [junit-4.13.jar:4.13]
	at org.junit.runners.ParentRunner.run(ParentRunner.java:413) [junit-4.13.jar:4.13]
	at org.junit.runners.Suite.runChild(Suite.java:128) [junit-4.13.jar:4.13]
	at org.junit.runners.Suite.runChild(Suite.java:27) [junit-4.13.jar:4.13]
	at org.junit.runners.ParentRunner$4.run(ParentRunner.java:331) [junit-4.13.jar:4.13]
	at org.junit.runners.ParentRunner$1.schedule(ParentRunner.java:79) [junit-4.13.jar:4.13]
	at org.junit.runners.ParentRunner.runChildren(ParentRunner.java:329) [junit-4.13.jar:4.13]
	at org.junit.runners.ParentRunner.access$100(ParentRunner.java:66) [junit-4.13.jar:4.13]
	at org.junit.runners.ParentRunner$2.evaluate(ParentRunner.java:293) [junit-4.13.jar:4.13]
	at org.junit.runners.ParentRunner$3.evaluate(ParentRunner.java:306) [junit-4.13.jar:4.13]
	at org.junit.runners.ParentRunner.run(ParentRunner.java:413) [junit-4.13.jar:4.13]
	at org.eclipse.jdt.internal.junit4.runner.JUnit4TestReference.run(JUnit4TestReference.java:93) [.cp/:?]
	at org.eclipse.jdt.internal.junit.runner.TestExecution.run(TestExecution.java:40) [.cp/:?]
	at org.eclipse.jdt.internal.junit.runner.RemoteTestRunner.runTests(RemoteTestRunner.java:530) [.cp/:?]
	at org.eclipse.jdt.internal.junit.runner.RemoteTestRunner.runTests(RemoteTestRunner.java:758) [.cp/:?]
	at org.eclipse.jdt.internal.junit.runner.RemoteTestRunner.run(RemoteTestRunner.java:453) [.cp/:?]
	at org.eclipse.jdt.internal.junit.runner.RemoteTestRunner.main(RemoteTestRunner.java:211) [.cp/:?]
2025-12-28 22:25:48 INFO  === END   tests.LastUpdateTests.lastUpdate_shouldMatchCurrent[Exp#18 [f1=2, f2=3, f3=3, f4=2, f5=1, f6=2, f7=3, f8=1]] ===
2025-12-28 22:25:48 INFO  === START tests.LastUpdateTests.lastUpdate_shouldMatchCurrent[Exp#19 [f1=2, f2=3, f3=3, f4=2, f5=1, f6=1, f7=1, f8=2]] ===
2025-12-28 22:25:48 INFO  STEP PASS: Results should be visible
2025-12-28 22:25:48 INFO  STEP: Expected time = 22:25, actual time = 22:25
2025-12-28 22:25:48 INFO  STEP PASS: Last update time should be same as current time
2025-12-28 22:25:48 INFO  STEP: Expected date = 28/12/2025, actual date = 28/12/2026
2025-12-28 22:25:48 ERROR STEP FAIL: Last update should be same as current date
2025-12-28 22:25:48 ERROR === FAIL  tests.LastUpdateTests.lastUpdate_shouldMatchCurrent[Exp#14 [f1=2, f2=2, f3=2, f4=3, f5=1, f6=2, f7=1, f8=3]] ===
java.lang.AssertionError: Last update should be same as current date
	at org.junit.Assert.fail(Assert.java:89) ~[junit-4.13.jar:4.13]
	at org.junit.Assert.assertTrue(Assert.java:42) ~[junit-4.13.jar:4.13]
	at tests.BaseTest.checkTrue(BaseTest.java:79) ~[test-classes/:?]
	at tests.LastUpdateTests.lastUpdate_shouldMatchCurrent(LastUpdateTests.java:47) ~[test-classes/:?]
	at jdk.internal.reflect.DirectMethodHandleAccessor.invoke(DirectMethodHandleAccessor.java:103) ~[?:?]
	at java.lang.reflect.Method.invoke(Method.java:580) ~[?:?]
	at org.junit.runners.model.FrameworkMethod$1.runReflectiveCall(FrameworkMethod.java:59) ~[junit-4.13.jar:4.13]
	at org.junit.internal.runners.model.ReflectiveCallable.run(ReflectiveCallable.java:12) ~[junit-4.13.jar:4.13]
	at org.junit.runners.model.FrameworkMethod.invokeExplosively(FrameworkMethod.java:56) ~[junit-4.13.jar:4.13]
	at org.junit.internal.runners.statements.InvokeMethod.evaluate(InvokeMethod.java:17) ~[junit-4.13.jar:4.13]
	at org.junit.internal.runners.statements.RunBefores.evaluate(RunBefores.java:26) ~[junit-4.13.jar:4.13]
	at org.junit.internal.runners.statements.RunAfters.evaluate(RunAfters.java:27) ~[junit-4.13.jar:4.13]
	at org.junit.rules.TestWatcher$1.evaluate(TestWatcher.java:61) [junit-4.13.jar:4.13]
	at org.junit.runners.ParentRunner$3.evaluate(ParentRunner.java:306) [junit-4.13.jar:4.13]
	at org.junit.runners.BlockJUnit4ClassRunner$1.evaluate(BlockJUnit4ClassRunner.java:100) [junit-4.13.jar:4.13]
	at org.junit.runners.ParentRunner.runLeaf(ParentRunner.java:366) [junit-4.13.jar:4.13]
	at org.junit.runners.BlockJUnit4ClassRunner.runChild(BlockJUnit4ClassRunner.java:103) [junit-4.13.jar:4.13]
	at org.junit.runners.BlockJUnit4ClassRunner.runChild(BlockJUnit4ClassRunner.java:63) [junit-4.13.jar:4.13]
	at org.junit.runners.ParentRunner$4.run(ParentRunner.java:331) [junit-4.13.jar:4.13]
	at org.junit.runners.ParentRunner$1.schedule(ParentRunner.java:79) [junit-4.13.jar:4.13]
	at org.junit.runners.ParentRunner.runChildren(ParentRunner.java:329) [junit-4.13.jar:4.13]
	at org.junit.runners.ParentRunner.access$100(ParentRunner.java:66) [junit-4.13.jar:4.13]
	at org.junit.runners.ParentRunner$2.evaluate(ParentRunner.java:293) [junit-4.13.jar:4.13]
	at org.junit.runners.ParentRunner.run(ParentRunner.java:413) [junit-4.13.jar:4.13]
	at org.junit.runners.Suite.runChild(Suite.java:128) [junit-4.13.jar:4.13]
	at org.junit.runners.Suite.runChild(Suite.java:27) [junit-4.13.jar:4.13]
	at org.junit.runners.ParentRunner$4.run(ParentRunner.java:331) [junit-4.13.jar:4.13]
	at org.junit.runners.ParentRunner$1.schedule(ParentRunner.java:79) [junit-4.13.jar:4.13]
	at org.junit.runners.ParentRunner.runChildren(ParentRunner.java:329) [junit-4.13.jar:4.13]
	at org.junit.runners.ParentRunner.access$100(ParentRunner.java:66) [junit-4.13.jar:4.13]
	at org.junit.runners.ParentRunner$2.evaluate(ParentRunner.java:293) [junit-4.13.jar:4.13]
	at org.junit.runners.ParentRunner$3.evaluate(ParentRunner.java:306) [junit-4.13.jar:4.13]
	at org.junit.runners.ParentRunner.run(ParentRunner.java:413) [junit-4.13.jar:4.13]
	at org.eclipse.jdt.internal.junit4.runner.JUnit4TestReference.run(JUnit4TestReference.java:93) [.cp/:?]
	at org.eclipse.jdt.internal.junit.runner.TestExecution.run(TestExecution.java:40) [.cp/:?]
	at org.eclipse.jdt.internal.junit.runner.RemoteTestRunner.runTests(RemoteTestRunner.java:530) [.cp/:?]
	at org.eclipse.jdt.internal.junit.runner.RemoteTestRunner.runTests(RemoteTestRunner.java:758) [.cp/:?]
	at org.eclipse.jdt.internal.junit.runner.RemoteTestRunner.run(RemoteTestRunner.java:453) [.cp/:?]
	at org.eclipse.jdt.internal.junit.runner.RemoteTestRunner.main(RemoteTestRunner.java:211) [.cp/:?]
2025-12-28 22:25:48 INFO  === END   tests.LastUpdateTests.lastUpdate_shouldMatchCurrent[Exp#14 [f1=2, f2=2, f3=2, f4=3, f5=1, f6=2, f7=1, f8=3]] ===
2025-12-28 22:25:48 INFO  === START tests.LastUpdateTests.lastUpdate_shouldMatchCurrent[Exp#15 [f1=2, f2=2, f3=3, f4=1, f5=2, f6=3, f7=2, f8=1]] ===
2025-12-28 22:25:56 INFO  STEP PASS: Results should be visible
2025-12-28 22:25:56 INFO  STEP: Expected time = 22:25, actual time = 22:25
2025-12-28 22:25:56 INFO  STEP PASS: Last update time should be same as current time
2025-12-28 22:25:56 INFO  STEP: Expected date = 28/12/2025, actual date = 28/12/2026
2025-12-28 22:25:56 ERROR STEP FAIL: Last update should be same as current date
2025-12-28 22:25:57 ERROR === FAIL  tests.LastUpdateTests.lastUpdate_shouldMatchCurrent[Exp#19 [f1=2, f2=3, f3=3, f4=2, f5=1, f6=1, f7=1, f8=2]] ===
java.lang.AssertionError: Last update should be same as current date
	at org.junit.Assert.fail(Assert.java:89) ~[junit-4.13.jar:4.13]
	at org.junit.Assert.assertTrue(Assert.java:42) ~[junit-4.13.jar:4.13]
	at tests.BaseTest.checkTrue(BaseTest.java:79) ~[test-classes/:?]
	at tests.LastUpdateTests.lastUpdate_shouldMatchCurrent(LastUpdateTests.java:47) ~[test-classes/:?]
	at jdk.internal.reflect.DirectMethodHandleAccessor.invoke(DirectMethodHandleAccessor.java:103) ~[?:?]
	at java.lang.reflect.Method.invoke(Method.java:580) ~[?:?]
	at org.junit.runners.model.FrameworkMethod$1.runReflectiveCall(FrameworkMethod.java:59) ~[junit-4.13.jar:4.13]
	at org.junit.internal.runners.model.ReflectiveCallable.run(ReflectiveCallable.java:12) ~[junit-4.13.jar:4.13]
	at org.junit.runners.model.FrameworkMethod.invokeExplosively(FrameworkMethod.java:56) ~[junit-4.13.jar:4.13]
	at org.junit.internal.runners.statements.InvokeMethod.evaluate(InvokeMethod.java:17) ~[junit-4.13.jar:4.13]
	at org.junit.internal.runners.statements.RunBefores.evaluate(RunBefores.java:26) ~[junit-4.13.jar:4.13]
	at org.junit.internal.runners.statements.RunAfters.evaluate(RunAfters.java:27) ~[junit-4.13.jar:4.13]
	at org.junit.rules.TestWatcher$1.evaluate(TestWatcher.java:61) [junit-4.13.jar:4.13]
	at org.junit.runners.ParentRunner$3.evaluate(ParentRunner.java:306) [junit-4.13.jar:4.13]
	at org.junit.runners.BlockJUnit4ClassRunner$1.evaluate(BlockJUnit4ClassRunner.java:100) [junit-4.13.jar:4.13]
	at org.junit.runners.ParentRunner.runLeaf(ParentRunner.java:366) [junit-4.13.jar:4.13]
	at org.junit.runners.BlockJUnit4ClassRunner.runChild(BlockJUnit4ClassRunner.java:103) [junit-4.13.jar:4.13]
	at org.junit.runners.BlockJUnit4ClassRunner.runChild(BlockJUnit4ClassRunner.java:63) [junit-4.13.jar:4.13]
	at org.junit.runners.ParentRunner$4.run(ParentRunner.java:331) [junit-4.13.jar:4.13]
	at org.junit.runners.ParentRunner$1.schedule(ParentRunner.java:79) [junit-4.13.jar:4.13]
	at org.junit.runners.ParentRunner.runChildren(ParentRunner.java:329) [junit-4.13.jar:4.13]
	at org.junit.runners.ParentRunner.access$100(ParentRunner.java:66) [junit-4.13.jar:4.13]
	at org.junit.runners.ParentRunner$2.evaluate(ParentRunner.java:293) [junit-4.13.jar:4.13]
	at org.junit.runners.ParentRunner.run(ParentRunner.java:413) [junit-4.13.jar:4.13]
	at org.junit.runners.Suite.runChild(Suite.java:128) [junit-4.13.jar:4.13]
	at org.junit.runners.Suite.runChild(Suite.java:27) [junit-4.13.jar:4.13]
	at org.junit.runners.ParentRunner$4.run(ParentRunner.java:331) [junit-4.13.jar:4.13]
	at org.junit.runners.ParentRunner$1.schedule(ParentRunner.java:79) [junit-4.13.jar:4.13]
	at org.junit.runners.ParentRunner.runChildren(ParentRunner.java:329) [junit-4.13.jar:4.13]
	at org.junit.runners.ParentRunner.access$100(ParentRunner.java:66) [junit-4.13.jar:4.13]
	at org.junit.runners.ParentRunner$2.evaluate(ParentRunner.java:293) [junit-4.13.jar:4.13]
	at org.junit.runners.ParentRunner$3.evaluate(ParentRunner.java:306) [junit-4.13.jar:4.13]
	at org.junit.runners.ParentRunner.run(ParentRunner.java:413) [junit-4.13.jar:4.13]
	at org.eclipse.jdt.internal.junit4.runner.JUnit4TestReference.run(JUnit4TestReference.java:93) [.cp/:?]
	at org.eclipse.jdt.internal.junit.runner.TestExecution.run(TestExecution.java:40) [.cp/:?]
	at org.eclipse.jdt.internal.junit.runner.RemoteTestRunner.runTests(RemoteTestRunner.java:530) [.cp/:?]
	at org.eclipse.jdt.internal.junit.runner.RemoteTestRunner.runTests(RemoteTestRunner.java:758) [.cp/:?]
	at org.eclipse.jdt.internal.junit.runner.RemoteTestRunner.run(RemoteTestRunner.java:453) [.cp/:?]
	at org.eclipse.jdt.internal.junit.runner.RemoteTestRunner.main(RemoteTestRunner.java:211) [.cp/:?]
2025-12-28 22:25:57 INFO  === END   tests.LastUpdateTests.lastUpdate_shouldMatchCurrent[Exp#19 [f1=2, f2=3, f3=3, f4=2, f5=1, f6=1, f7=1, f8=2]] ===
2025-12-28 22:25:57 INFO  === START tests.LastUpdateTests.lastUpdate_shouldMatchCurrent[Exp#20 [f1=2, f2=3, f3=3, f4=3, f5=3, f6=3, f7=3, f8=3]] ===
2025-12-28 22:25:57 INFO  STEP PASS: Results should be visible
2025-12-28 22:25:57 INFO  STEP: Expected time = 22:25, actual time = 22:25
2025-12-28 22:25:57 INFO  STEP PASS: Last update time should be same as current time
2025-12-28 22:25:57 INFO  STEP: Expected date = 28/12/2025, actual date = 28/12/2026
2025-12-28 22:25:57 ERROR STEP FAIL: Last update should be same as current date
2025-12-28 22:25:58 ERROR === FAIL  tests.LastUpdateTests.lastUpdate_shouldMatchCurrent[Exp#15 [f1=2, f2=2, f3=3, f4=1, f5=2, f6=3, f7=2, f8=1]] ===
java.lang.AssertionError: Last update should be same as current date
	at org.junit.Assert.fail(Assert.java:89) ~[junit-4.13.jar:4.13]
	at org.junit.Assert.assertTrue(Assert.java:42) ~[junit-4.13.jar:4.13]
	at tests.BaseTest.checkTrue(BaseTest.java:79) ~[test-classes/:?]
	at tests.LastUpdateTests.lastUpdate_shouldMatchCurrent(LastUpdateTests.java:47) ~[test-classes/:?]
	at jdk.internal.reflect.DirectMethodHandleAccessor.invoke(DirectMethodHandleAccessor.java:103) ~[?:?]
	at java.lang.reflect.Method.invoke(Method.java:580) ~[?:?]
	at org.junit.runners.model.FrameworkMethod$1.runReflectiveCall(FrameworkMethod.java:59) ~[junit-4.13.jar:4.13]
	at org.junit.internal.runners.model.ReflectiveCallable.run(ReflectiveCallable.java:12) ~[junit-4.13.jar:4.13]
	at org.junit.runners.model.FrameworkMethod.invokeExplosively(FrameworkMethod.java:56) ~[junit-4.13.jar:4.13]
	at org.junit.internal.runners.statements.InvokeMethod.evaluate(InvokeMethod.java:17) ~[junit-4.13.jar:4.13]
	at org.junit.internal.runners.statements.RunBefores.evaluate(RunBefores.java:26) ~[junit-4.13.jar:4.13]
	at org.junit.internal.runners.statements.RunAfters.evaluate(RunAfters.java:27) ~[junit-4.13.jar:4.13]
	at org.junit.rules.TestWatcher$1.evaluate(TestWatcher.java:61) [junit-4.13.jar:4.13]
	at org.junit.runners.ParentRunner$3.evaluate(ParentRunner.java:306) [junit-4.13.jar:4.13]
	at org.junit.runners.BlockJUnit4ClassRunner$1.evaluate(BlockJUnit4ClassRunner.java:100) [junit-4.13.jar:4.13]
	at org.junit.runners.ParentRunner.runLeaf(ParentRunner.java:366) [junit-4.13.jar:4.13]
	at org.junit.runners.BlockJUnit4ClassRunner.runChild(BlockJUnit4ClassRunner.java:103) [junit-4.13.jar:4.13]
	at org.junit.runners.BlockJUnit4ClassRunner.runChild(BlockJUnit4ClassRunner.java:63) [junit-4.13.jar:4.13]
	at org.junit.runners.ParentRunner$4.run(ParentRunner.java:331) [junit-4.13.jar:4.13]
	at org.junit.runners.ParentRunner$1.schedule(ParentRunner.java:79) [junit-4.13.jar:4.13]
	at org.junit.runners.ParentRunner.runChildren(ParentRunner.java:329) [junit-4.13.jar:4.13]
	at org.junit.runners.ParentRunner.access$100(ParentRunner.java:66) [junit-4.13.jar:4.13]
	at org.junit.runners.ParentRunner$2.evaluate(ParentRunner.java:293) [junit-4.13.jar:4.13]
	at org.junit.runners.ParentRunner.run(ParentRunner.java:413) [junit-4.13.jar:4.13]
	at org.junit.runners.Suite.runChild(Suite.java:128) [junit-4.13.jar:4.13]
	at org.junit.runners.Suite.runChild(Suite.java:27) [junit-4.13.jar:4.13]
	at org.junit.runners.ParentRunner$4.run(ParentRunner.java:331) [junit-4.13.jar:4.13]
	at org.junit.runners.ParentRunner$1.schedule(ParentRunner.java:79) [junit-4.13.jar:4.13]
	at org.junit.runners.ParentRunner.runChildren(ParentRunner.java:329) [junit-4.13.jar:4.13]
	at org.junit.runners.ParentRunner.access$100(ParentRunner.java:66) [junit-4.13.jar:4.13]
	at org.junit.runners.ParentRunner$2.evaluate(ParentRunner.java:293) [junit-4.13.jar:4.13]
	at org.junit.runners.ParentRunner$3.evaluate(ParentRunner.java:306) [junit-4.13.jar:4.13]
	at org.junit.runners.ParentRunner.run(ParentRunner.java:413) [junit-4.13.jar:4.13]
	at org.eclipse.jdt.internal.junit4.runner.JUnit4TestReference.run(JUnit4TestReference.java:93) [.cp/:?]
	at org.eclipse.jdt.internal.junit.runner.TestExecution.run(TestExecution.java:40) [.cp/:?]
	at org.eclipse.jdt.internal.junit.runner.RemoteTestRunner.runTests(RemoteTestRunner.java:530) [.cp/:?]
	at org.eclipse.jdt.internal.junit.runner.RemoteTestRunner.runTests(RemoteTestRunner.java:758) [.cp/:?]
	at org.eclipse.jdt.internal.junit.runner.RemoteTestRunner.run(RemoteTestRunner.java:453) [.cp/:?]
	at org.eclipse.jdt.internal.junit.runner.RemoteTestRunner.main(RemoteTestRunner.java:211) [.cp/:?]
2025-12-28 22:25:58 INFO  === END   tests.LastUpdateTests.lastUpdate_shouldMatchCurrent[Exp#15 [f1=2, f2=2, f3=3, f4=1, f5=2, f6=3, f7=2, f8=1]] ===
2025-12-28 22:25:58 INFO  === START tests.LastUpdateTests.lastUpdate_shouldMatchCurrent[Exp#16 [f1=2, f2=3, f3=1, f4=3, f5=2, f6=3, f7=1, f8=2]] ===
2025-12-28 22:26:04 INFO  STEP PASS: Results should be visible
2025-12-28 22:26:04 INFO  STEP: Expected time = 22:26, actual time = 22:26
2025-12-28 22:26:04 INFO  STEP PASS: Last update time should be same as current time
2025-12-28 22:26:04 INFO  STEP: Expected date = 28/12/2025, actual date = 28/12/2026
2025-12-28 22:26:04 ERROR STEP FAIL: Last update should be same as current date
2025-12-28 22:26:04 ERROR === FAIL  tests.LastUpdateTests.lastUpdate_shouldMatchCurrent[Exp#16 [f1=2, f2=3, f3=1, f4=3, f5=2, f6=3, f7=1, f8=2]] ===
java.lang.AssertionError: Last update should be same as current date
	at org.junit.Assert.fail(Assert.java:89) ~[junit-4.13.jar:4.13]
	at org.junit.Assert.assertTrue(Assert.java:42) ~[junit-4.13.jar:4.13]
	at tests.BaseTest.checkTrue(BaseTest.java:79) ~[test-classes/:?]
	at tests.LastUpdateTests.lastUpdate_shouldMatchCurrent(LastUpdateTests.java:47) ~[test-classes/:?]
	at jdk.internal.reflect.DirectMethodHandleAccessor.invoke(DirectMethodHandleAccessor.java:103) ~[?:?]
	at java.lang.reflect.Method.invoke(Method.java:580) ~[?:?]
	at org.junit.runners.model.FrameworkMethod$1.runReflectiveCall(FrameworkMethod.java:59) ~[junit-4.13.jar:4.13]
	at org.junit.internal.runners.model.ReflectiveCallable.run(ReflectiveCallable.java:12) ~[junit-4.13.jar:4.13]
	at org.junit.runners.model.FrameworkMethod.invokeExplosively(FrameworkMethod.java:56) ~[junit-4.13.jar:4.13]
	at org.junit.internal.runners.statements.InvokeMethod.evaluate(InvokeMethod.java:17) ~[junit-4.13.jar:4.13]
	at org.junit.internal.runners.statements.RunBefores.evaluate(RunBefores.java:26) ~[junit-4.13.jar:4.13]
	at org.junit.internal.runners.statements.RunAfters.evaluate(RunAfters.java:27) ~[junit-4.13.jar:4.13]
	at org.junit.rules.TestWatcher$1.evaluate(TestWatcher.java:61) [junit-4.13.jar:4.13]
	at org.junit.runners.ParentRunner$3.evaluate(ParentRunner.java:306) [junit-4.13.jar:4.13]
	at org.junit.runners.BlockJUnit4ClassRunner$1.evaluate(BlockJUnit4ClassRunner.java:100) [junit-4.13.jar:4.13]
	at org.junit.runners.ParentRunner.runLeaf(ParentRunner.java:366) [junit-4.13.jar:4.13]
	at org.junit.runners.BlockJUnit4ClassRunner.runChild(BlockJUnit4ClassRunner.java:103) [junit-4.13.jar:4.13]
	at org.junit.runners.BlockJUnit4ClassRunner.runChild(BlockJUnit4ClassRunner.java:63) [junit-4.13.jar:4.13]
	at org.junit.runners.ParentRunner$4.run(ParentRunner.java:331) [junit-4.13.jar:4.13]
	at org.junit.runners.ParentRunner$1.schedule(ParentRunner.java:79) [junit-4.13.jar:4.13]
	at org.junit.runners.ParentRunner.runChildren(ParentRunner.java:329) [junit-4.13.jar:4.13]
	at org.junit.runners.ParentRunner.access$100(ParentRunner.java:66) [junit-4.13.jar:4.13]
	at org.junit.runners.ParentRunner$2.evaluate(ParentRunner.java:293) [junit-4.13.jar:4.13]
	at org.junit.runners.ParentRunner.run(ParentRunner.java:413) [junit-4.13.jar:4.13]
	at org.junit.runners.Suite.runChild(Suite.java:128) [junit-4.13.jar:4.13]
	at org.junit.runners.Suite.runChild(Suite.java:27) [junit-4.13.jar:4.13]
	at org.junit.runners.ParentRunner$4.run(ParentRunner.java:331) [junit-4.13.jar:4.13]
	at org.junit.runners.ParentRunner$1.schedule(ParentRunner.java:79) [junit-4.13.jar:4.13]
	at org.junit.runners.ParentRunner.runChildren(ParentRunner.java:329) [junit-4.13.jar:4.13]
	at org.junit.runners.ParentRunner.access$100(ParentRunner.java:66) [junit-4.13.jar:4.13]
	at org.junit.runners.ParentRunner$2.evaluate(ParentRunner.java:293) [junit-4.13.jar:4.13]
	at org.junit.runners.ParentRunner$3.evaluate(ParentRunner.java:306) [junit-4.13.jar:4.13]
	at org.junit.runners.ParentRunner.run(ParentRunner.java:413) [junit-4.13.jar:4.13]
	at org.eclipse.jdt.internal.junit4.runner.JUnit4TestReference.run(JUnit4TestReference.java:93) [.cp/:?]
	at org.eclipse.jdt.internal.junit.runner.TestExecution.run(TestExecution.java:40) [.cp/:?]
	at org.eclipse.jdt.internal.junit.runner.RemoteTestRunner.runTests(RemoteTestRunner.java:530) [.cp/:?]
	at org.eclipse.jdt.internal.junit.runner.RemoteTestRunner.runTests(RemoteTestRunner.java:758) [.cp/:?]
	at org.eclipse.jdt.internal.junit.runner.RemoteTestRunner.run(RemoteTestRunner.java:453) [.cp/:?]
	at org.eclipse.jdt.internal.junit.runner.RemoteTestRunner.main(RemoteTestRunner.java:211) [.cp/:?]
2025-12-28 22:26:04 INFO  === END   tests.LastUpdateTests.lastUpdate_shouldMatchCurrent[Exp#16 [f1=2, f2=3, f3=1, f4=3, f5=2, f6=3, f7=1, f8=2]] ===
2025-12-28 22:26:04 INFO  === START tests.LastUpdateTests.lastUpdate_shouldMatchCurrent[Exp#17 [f1=2, f2=3, f3=2, f4=1, f5=3, f6=1, f7=2, f8=3]] ===
2025-12-28 22:26:04 INFO  STEP PASS: Results should be visible
2025-12-28 22:26:04 INFO  STEP: Expected time = 22:26, actual time = 22:26
2025-12-28 22:26:04 INFO  STEP PASS: Last update time should be same as current time
2025-12-28 22:26:04 INFO  STEP: Expected date = 28/12/2025, actual date = 28/12/2026
2025-12-28 22:26:04 ERROR STEP FAIL: Last update should be same as current date
2025-12-28 22:26:05 ERROR === FAIL  tests.LastUpdateTests.lastUpdate_shouldMatchCurrent[Exp#20 [f1=2, f2=3, f3=3, f4=3, f5=3, f6=3, f7=3, f8=3]] ===
java.lang.AssertionError: Last update should be same as current date
	at org.junit.Assert.fail(Assert.java:89) ~[junit-4.13.jar:4.13]
	at org.junit.Assert.assertTrue(Assert.java:42) ~[junit-4.13.jar:4.13]
	at tests.BaseTest.checkTrue(BaseTest.java:79) ~[test-classes/:?]
	at tests.LastUpdateTests.lastUpdate_shouldMatchCurrent(LastUpdateTests.java:47) ~[test-classes/:?]
	at jdk.internal.reflect.DirectMethodHandleAccessor.invoke(DirectMethodHandleAccessor.java:103) ~[?:?]
	at java.lang.reflect.Method.invoke(Method.java:580) ~[?:?]
	at org.junit.runners.model.FrameworkMethod$1.runReflectiveCall(FrameworkMethod.java:59) ~[junit-4.13.jar:4.13]
	at org.junit.internal.runners.model.ReflectiveCallable.run(ReflectiveCallable.java:12) ~[junit-4.13.jar:4.13]
	at org.junit.runners.model.FrameworkMethod.invokeExplosively(FrameworkMethod.java:56) ~[junit-4.13.jar:4.13]
	at org.junit.internal.runners.statements.InvokeMethod.evaluate(InvokeMethod.java:17) ~[junit-4.13.jar:4.13]
	at org.junit.internal.runners.statements.RunBefores.evaluate(RunBefores.java:26) ~[junit-4.13.jar:4.13]
	at org.junit.internal.runners.statements.RunAfters.evaluate(RunAfters.java:27) ~[junit-4.13.jar:4.13]
	at org.junit.rules.TestWatcher$1.evaluate(TestWatcher.java:61) [junit-4.13.jar:4.13]
	at org.junit.runners.ParentRunner$3.evaluate(ParentRunner.java:306) [junit-4.13.jar:4.13]
	at org.junit.runners.BlockJUnit4ClassRunner$1.evaluate(BlockJUnit4ClassRunner.java:100) [junit-4.13.jar:4.13]
	at org.junit.runners.ParentRunner.runLeaf(ParentRunner.java:366) [junit-4.13.jar:4.13]
	at org.junit.runners.BlockJUnit4ClassRunner.runChild(BlockJUnit4ClassRunner.java:103) [junit-4.13.jar:4.13]
	at org.junit.runners.BlockJUnit4ClassRunner.runChild(BlockJUnit4ClassRunner.java:63) [junit-4.13.jar:4.13]
	at org.junit.runners.ParentRunner$4.run(ParentRunner.java:331) [junit-4.13.jar:4.13]
	at org.junit.runners.ParentRunner$1.schedule(ParentRunner.java:79) [junit-4.13.jar:4.13]
	at org.junit.runners.ParentRunner.runChildren(ParentRunner.java:329) [junit-4.13.jar:4.13]
	at org.junit.runners.ParentRunner.access$100(ParentRunner.java:66) [junit-4.13.jar:4.13]
	at org.junit.runners.ParentRunner$2.evaluate(ParentRunner.java:293) [junit-4.13.jar:4.13]
	at org.junit.runners.ParentRunner.run(ParentRunner.java:413) [junit-4.13.jar:4.13]
	at org.junit.runners.Suite.runChild(Suite.java:128) [junit-4.13.jar:4.13]
	at org.junit.runners.Suite.runChild(Suite.java:27) [junit-4.13.jar:4.13]
	at org.junit.runners.ParentRunner$4.run(ParentRunner.java:331) [junit-4.13.jar:4.13]
	at org.junit.runners.ParentRunner$1.schedule(ParentRunner.java:79) [junit-4.13.jar:4.13]
	at org.junit.runners.ParentRunner.runChildren(ParentRunner.java:329) [junit-4.13.jar:4.13]
	at org.junit.runners.ParentRunner.access$100(ParentRunner.java:66) [junit-4.13.jar:4.13]
	at org.junit.runners.ParentRunner$2.evaluate(ParentRunner.java:293) [junit-4.13.jar:4.13]
	at org.junit.runners.ParentRunner$3.evaluate(ParentRunner.java:306) [junit-4.13.jar:4.13]
	at org.junit.runners.ParentRunner.run(ParentRunner.java:413) [junit-4.13.jar:4.13]
	at org.eclipse.jdt.internal.junit4.runner.JUnit4TestReference.run(JUnit4TestReference.java:93) [.cp/:?]
	at org.eclipse.jdt.internal.junit.runner.TestExecution.run(TestExecution.java:40) [.cp/:?]
	at org.eclipse.jdt.internal.junit.runner.RemoteTestRunner.runTests(RemoteTestRunner.java:530) [.cp/:?]
	at org.eclipse.jdt.internal.junit.runner.RemoteTestRunner.runTests(RemoteTestRunner.java:758) [.cp/:?]
	at org.eclipse.jdt.internal.junit.runner.RemoteTestRunner.run(RemoteTestRunner.java:453) [.cp/:?]
	at org.eclipse.jdt.internal.junit.runner.RemoteTestRunner.main(RemoteTestRunner.java:211) [.cp/:?]
2025-12-28 22:26:05 INFO  === END   tests.LastUpdateTests.lastUpdate_shouldMatchCurrent[Exp#20 [f1=2, f2=3, f3=3, f4=3, f5=3, f6=3, f7=3, f8=3]] ===
2025-12-28 22:26:09 INFO  STEP PASS: Results should be visible
2025-12-28 22:26:10 INFO  STEP: Expected time = 22:26, actual time = 22:26
2025-12-28 22:26:10 INFO  STEP PASS: Last update time should be same as current time
2025-12-28 22:26:10 INFO  STEP: Expected date = 28/12/2025, actual date = 28/12/2026
2025-12-28 22:26:10 ERROR STEP FAIL: Last update should be same as current date
2025-12-28 22:26:10 ERROR === FAIL  tests.LastUpdateTests.lastUpdate_shouldMatchCurrent[Exp#17 [f1=2, f2=3, f3=2, f4=1, f5=3, f6=1, f7=2, f8=3]] ===
java.lang.AssertionError: Last update should be same as current date
	at org.junit.Assert.fail(Assert.java:89) ~[junit-4.13.jar:4.13]
	at org.junit.Assert.assertTrue(Assert.java:42) ~[junit-4.13.jar:4.13]
	at tests.BaseTest.checkTrue(BaseTest.java:79) ~[test-classes/:?]
	at tests.LastUpdateTests.lastUpdate_shouldMatchCurrent(LastUpdateTests.java:47) ~[test-classes/:?]
	at jdk.internal.reflect.DirectMethodHandleAccessor.invoke(DirectMethodHandleAccessor.java:103) ~[?:?]
	at java.lang.reflect.Method.invoke(Method.java:580) ~[?:?]
	at org.junit.runners.model.FrameworkMethod$1.runReflectiveCall(FrameworkMethod.java:59) ~[junit-4.13.jar:4.13]
	at org.junit.internal.runners.model.ReflectiveCallable.run(ReflectiveCallable.java:12) ~[junit-4.13.jar:4.13]
	at org.junit.runners.model.FrameworkMethod.invokeExplosively(FrameworkMethod.java:56) ~[junit-4.13.jar:4.13]
	at org.junit.internal.runners.statements.InvokeMethod.evaluate(InvokeMethod.java:17) ~[junit-4.13.jar:4.13]
	at org.junit.internal.runners.statements.RunBefores.evaluate(RunBefores.java:26) ~[junit-4.13.jar:4.13]
	at org.junit.internal.runners.statements.RunAfters.evaluate(RunAfters.java:27) ~[junit-4.13.jar:4.13]
	at org.junit.rules.TestWatcher$1.evaluate(TestWatcher.java:61) [junit-4.13.jar:4.13]
	at org.junit.runners.ParentRunner$3.evaluate(ParentRunner.java:306) [junit-4.13.jar:4.13]
	at org.junit.runners.BlockJUnit4ClassRunner$1.evaluate(BlockJUnit4ClassRunner.java:100) [junit-4.13.jar:4.13]
	at org.junit.runners.ParentRunner.runLeaf(ParentRunner.java:366) [junit-4.13.jar:4.13]
	at org.junit.runners.BlockJUnit4ClassRunner.runChild(BlockJUnit4ClassRunner.java:103) [junit-4.13.jar:4.13]
	at org.junit.runners.BlockJUnit4ClassRunner.runChild(BlockJUnit4ClassRunner.java:63) [junit-4.13.jar:4.13]
	at org.junit.runners.ParentRunner$4.run(ParentRunner.java:331) [junit-4.13.jar:4.13]
	at org.junit.runners.ParentRunner$1.schedule(ParentRunner.java:79) [junit-4.13.jar:4.13]
	at org.junit.runners.ParentRunner.runChildren(ParentRunner.java:329) [junit-4.13.jar:4.13]
	at org.junit.runners.ParentRunner.access$100(ParentRunner.java:66) [junit-4.13.jar:4.13]
	at org.junit.runners.ParentRunner$2.evaluate(ParentRunner.java:293) [junit-4.13.jar:4.13]
	at org.junit.runners.ParentRunner.run(ParentRunner.java:413) [junit-4.13.jar:4.13]
	at org.junit.runners.Suite.runChild(Suite.java:128) [junit-4.13.jar:4.13]
	at org.junit.runners.Suite.runChild(Suite.java:27) [junit-4.13.jar:4.13]
	at org.junit.runners.ParentRunner$4.run(ParentRunner.java:331) [junit-4.13.jar:4.13]
	at org.junit.runners.ParentRunner$1.schedule(ParentRunner.java:79) [junit-4.13.jar:4.13]
	at org.junit.runners.ParentRunner.runChildren(ParentRunner.java:329) [junit-4.13.jar:4.13]
	at org.junit.runners.ParentRunner.access$100(ParentRunner.java:66) [junit-4.13.jar:4.13]
	at org.junit.runners.ParentRunner$2.evaluate(ParentRunner.java:293) [junit-4.13.jar:4.13]
	at org.junit.runners.ParentRunner$3.evaluate(ParentRunner.java:306) [junit-4.13.jar:4.13]
	at org.junit.runners.ParentRunner.run(ParentRunner.java:413) [junit-4.13.jar:4.13]
	at org.eclipse.jdt.internal.junit4.runner.JUnit4TestReference.run(JUnit4TestReference.java:93) [.cp/:?]
	at org.eclipse.jdt.internal.junit.runner.TestExecution.run(TestExecution.java:40) [.cp/:?]
	at org.eclipse.jdt.internal.junit.runner.RemoteTestRunner.runTests(RemoteTestRunner.java:530) [.cp/:?]
	at org.eclipse.jdt.internal.junit.runner.RemoteTestRunner.runTests(RemoteTestRunner.java:758) [.cp/:?]
	at org.eclipse.jdt.internal.junit.runner.RemoteTestRunner.run(RemoteTestRunner.java:453) [.cp/:?]
	at org.eclipse.jdt.internal.junit.runner.RemoteTestRunner.main(RemoteTestRunner.java:211) [.cp/:?]
2025-12-28 22:26:10 INFO  === END   tests.LastUpdateTests.lastUpdate_shouldMatchCurrent[Exp#17 [f1=2, f2=3, f3=2, f4=1, f5=3, f6=1, f7=2, f8=3]] ===
2025-12-28 22:26:10 INFO  === START tests.LastUpdateTests.lastUpdate_shouldMatchCurrent[Exp#18 [f1=2, f2=3, f3=3, f4=2, f5=1, f6=2, f7=3, f8=1]] ===
2025-12-28 22:26:16 INFO  STEP PASS: Results should be visible
2025-12-28 22:26:16 INFO  STEP: Expected time = 22:26, actual time = 22:26
2025-12-28 22:26:16 INFO  STEP PASS: Last update time should be same as current time
2025-12-28 22:26:16 INFO  STEP: Expected date = 28/12/2025, actual date = 28/12/2026
2025-12-28 22:26:16 ERROR STEP FAIL: Last update should be same as current date
2025-12-28 22:26:16 ERROR === FAIL  tests.LastUpdateTests.lastUpdate_shouldMatchCurrent[Exp#18 [f1=2, f2=3, f3=3, f4=2, f5=1, f6=2, f7=3, f8=1]] ===
java.lang.AssertionError: Last update should be same as current date
	at org.junit.Assert.fail(Assert.java:89) ~[junit-4.13.jar:4.13]
	at org.junit.Assert.assertTrue(Assert.java:42) ~[junit-4.13.jar:4.13]
	at tests.BaseTest.checkTrue(BaseTest.java:79) ~[test-classes/:?]
	at tests.LastUpdateTests.lastUpdate_shouldMatchCurrent(LastUpdateTests.java:47) ~[test-classes/:?]
	at jdk.internal.reflect.DirectMethodHandleAccessor.invoke(DirectMethodHandleAccessor.java:103) ~[?:?]
	at java.lang.reflect.Method.invoke(Method.java:580) ~[?:?]
	at org.junit.runners.model.FrameworkMethod$1.runReflectiveCall(FrameworkMethod.java:59) ~[junit-4.13.jar:4.13]
	at org.junit.internal.runners.model.ReflectiveCallable.run(ReflectiveCallable.java:12) ~[junit-4.13.jar:4.13]
	at org.junit.runners.model.FrameworkMethod.invokeExplosively(FrameworkMethod.java:56) ~[junit-4.13.jar:4.13]
	at org.junit.internal.runners.statements.InvokeMethod.evaluate(InvokeMethod.java:17) ~[junit-4.13.jar:4.13]
	at org.junit.internal.runners.statements.RunBefores.evaluate(RunBefores.java:26) ~[junit-4.13.jar:4.13]
	at org.junit.internal.runners.statements.RunAfters.evaluate(RunAfters.java:27) ~[junit-4.13.jar:4.13]
	at org.junit.rules.TestWatcher$1.evaluate(TestWatcher.java:61) [junit-4.13.jar:4.13]
	at org.junit.runners.ParentRunner$3.evaluate(ParentRunner.java:306) [junit-4.13.jar:4.13]
	at org.junit.runners.BlockJUnit4ClassRunner$1.evaluate(BlockJUnit4ClassRunner.java:100) [junit-4.13.jar:4.13]
	at org.junit.runners.ParentRunner.runLeaf(ParentRunner.java:366) [junit-4.13.jar:4.13]
	at org.junit.runners.BlockJUnit4ClassRunner.runChild(BlockJUnit4ClassRunner.java:103) [junit-4.13.jar:4.13]
	at org.junit.runners.BlockJUnit4ClassRunner.runChild(BlockJUnit4ClassRunner.java:63) [junit-4.13.jar:4.13]
	at org.junit.runners.ParentRunner$4.run(ParentRunner.java:331) [junit-4.13.jar:4.13]
	at org.junit.runners.ParentRunner$1.schedule(ParentRunner.java:79) [junit-4.13.jar:4.13]
	at org.junit.runners.ParentRunner.runChildren(ParentRunner.java:329) [junit-4.13.jar:4.13]
	at org.junit.runners.ParentRunner.access$100(ParentRunner.java:66) [junit-4.13.jar:4.13]
	at org.junit.runners.ParentRunner$2.evaluate(ParentRunner.java:293) [junit-4.13.jar:4.13]
	at org.junit.runners.ParentRunner.run(ParentRunner.java:413) [junit-4.13.jar:4.13]
	at org.junit.runners.Suite.runChild(Suite.java:128) [junit-4.13.jar:4.13]
	at org.junit.runners.Suite.runChild(Suite.java:27) [junit-4.13.jar:4.13]
	at org.junit.runners.ParentRunner$4.run(ParentRunner.java:331) [junit-4.13.jar:4.13]
	at org.junit.runners.ParentRunner$1.schedule(ParentRunner.java:79) [junit-4.13.jar:4.13]
	at org.junit.runners.ParentRunner.runChildren(ParentRunner.java:329) [junit-4.13.jar:4.13]
	at org.junit.runners.ParentRunner.access$100(ParentRunner.java:66) [junit-4.13.jar:4.13]
	at org.junit.runners.ParentRunner$2.evaluate(ParentRunner.java:293) [junit-4.13.jar:4.13]
	at org.junit.runners.ParentRunner$3.evaluate(ParentRunner.java:306) [junit-4.13.jar:4.13]
	at org.junit.runners.ParentRunner.run(ParentRunner.java:413) [junit-4.13.jar:4.13]
	at org.eclipse.jdt.internal.junit4.runner.JUnit4TestReference.run(JUnit4TestReference.java:93) [.cp/:?]
	at org.eclipse.jdt.internal.junit.runner.TestExecution.run(TestExecution.java:40) [.cp/:?]
	at org.eclipse.jdt.internal.junit.runner.RemoteTestRunner.runTests(RemoteTestRunner.java:530) [.cp/:?]
	at org.eclipse.jdt.internal.junit.runner.RemoteTestRunner.runTests(RemoteTestRunner.java:758) [.cp/:?]
	at org.eclipse.jdt.internal.junit.runner.RemoteTestRunner.run(RemoteTestRunner.java:453) [.cp/:?]
	at org.eclipse.jdt.internal.junit.runner.RemoteTestRunner.main(RemoteTestRunner.java:211) [.cp/:?]
2025-12-28 22:26:16 INFO  === END   tests.LastUpdateTests.lastUpdate_shouldMatchCurrent[Exp#18 [f1=2, f2=3, f3=3, f4=2, f5=1, f6=2, f7=3, f8=1]] ===
2025-12-28 22:26:16 INFO  === START tests.LastUpdateTests.lastUpdate_shouldMatchCurrent[Exp#19 [f1=2, f2=3, f3=3, f4=2, f5=1, f6=1, f7=1, f8=2]] ===
2025-12-28 22:26:22 INFO  STEP PASS: Results should be visible
2025-12-28 22:26:22 INFO  STEP: Expected time = 22:26, actual time = 22:26
2025-12-28 22:26:22 INFO  STEP PASS: Last update time should be same as current time
2025-12-28 22:26:22 INFO  STEP: Expected date = 28/12/2025, actual date = 28/12/2026
2025-12-28 22:26:22 ERROR STEP FAIL: Last update should be same as current date
2025-12-28 22:26:22 ERROR === FAIL  tests.LastUpdateTests.lastUpdate_shouldMatchCurrent[Exp#19 [f1=2, f2=3, f3=3, f4=2, f5=1, f6=1, f7=1, f8=2]] ===
java.lang.AssertionError: Last update should be same as current date
	at org.junit.Assert.fail(Assert.java:89) ~[junit-4.13.jar:4.13]
	at org.junit.Assert.assertTrue(Assert.java:42) ~[junit-4.13.jar:4.13]
	at tests.BaseTest.checkTrue(BaseTest.java:79) ~[test-classes/:?]
	at tests.LastUpdateTests.lastUpdate_shouldMatchCurrent(LastUpdateTests.java:47) ~[test-classes/:?]
	at jdk.internal.reflect.DirectMethodHandleAccessor.invoke(DirectMethodHandleAccessor.java:103) ~[?:?]
	at java.lang.reflect.Method.invoke(Method.java:580) ~[?:?]
	at org.junit.runners.model.FrameworkMethod$1.runReflectiveCall(FrameworkMethod.java:59) ~[junit-4.13.jar:4.13]
	at org.junit.internal.runners.model.ReflectiveCallable.run(ReflectiveCallable.java:12) ~[junit-4.13.jar:4.13]
	at org.junit.runners.model.FrameworkMethod.invokeExplosively(FrameworkMethod.java:56) ~[junit-4.13.jar:4.13]
	at org.junit.internal.runners.statements.InvokeMethod.evaluate(InvokeMethod.java:17) ~[junit-4.13.jar:4.13]
	at org.junit.internal.runners.statements.RunBefores.evaluate(RunBefores.java:26) ~[junit-4.13.jar:4.13]
	at org.junit.internal.runners.statements.RunAfters.evaluate(RunAfters.java:27) ~[junit-4.13.jar:4.13]
	at org.junit.rules.TestWatcher$1.evaluate(TestWatcher.java:61) [junit-4.13.jar:4.13]
	at org.junit.runners.ParentRunner$3.evaluate(ParentRunner.java:306) [junit-4.13.jar:4.13]
	at org.junit.runners.BlockJUnit4ClassRunner$1.evaluate(BlockJUnit4ClassRunner.java:100) [junit-4.13.jar:4.13]
	at org.junit.runners.ParentRunner.runLeaf(ParentRunner.java:366) [junit-4.13.jar:4.13]
	at org.junit.runners.BlockJUnit4ClassRunner.runChild(BlockJUnit4ClassRunner.java:103) [junit-4.13.jar:4.13]
	at org.junit.runners.BlockJUnit4ClassRunner.runChild(BlockJUnit4ClassRunner.java:63) [junit-4.13.jar:4.13]
	at org.junit.runners.ParentRunner$4.run(ParentRunner.java:331) [junit-4.13.jar:4.13]
	at org.junit.runners.ParentRunner$1.schedule(ParentRunner.java:79) [junit-4.13.jar:4.13]
	at org.junit.runners.ParentRunner.runChildren(ParentRunner.java:329) [junit-4.13.jar:4.13]
	at org.junit.runners.ParentRunner.access$100(ParentRunner.java:66) [junit-4.13.jar:4.13]
	at org.junit.runners.ParentRunner$2.evaluate(ParentRunner.java:293) [junit-4.13.jar:4.13]
	at org.junit.runners.ParentRunner.run(ParentRunner.java:413) [junit-4.13.jar:4.13]
	at org.junit.runners.Suite.runChild(Suite.java:128) [junit-4.13.jar:4.13]
	at org.junit.runners.Suite.runChild(Suite.java:27) [junit-4.13.jar:4.13]
	at org.junit.runners.ParentRunner$4.run(ParentRunner.java:331) [junit-4.13.jar:4.13]
	at org.junit.runners.ParentRunner$1.schedule(ParentRunner.java:79) [junit-4.13.jar:4.13]
	at org.junit.runners.ParentRunner.runChildren(ParentRunner.java:329) [junit-4.13.jar:4.13]
	at org.junit.runners.ParentRunner.access$100(ParentRunner.java:66) [junit-4.13.jar:4.13]
	at org.junit.runners.ParentRunner$2.evaluate(ParentRunner.java:293) [junit-4.13.jar:4.13]
	at org.junit.runners.ParentRunner$3.evaluate(ParentRunner.java:306) [junit-4.13.jar:4.13]
	at org.junit.runners.ParentRunner.run(ParentRunner.java:413) [junit-4.13.jar:4.13]
	at org.eclipse.jdt.internal.junit4.runner.JUnit4TestReference.run(JUnit4TestReference.java:93) [.cp/:?]
	at org.eclipse.jdt.internal.junit.runner.TestExecution.run(TestExecution.java:40) [.cp/:?]
	at org.eclipse.jdt.internal.junit.runner.RemoteTestRunner.runTests(RemoteTestRunner.java:530) [.cp/:?]
	at org.eclipse.jdt.internal.junit.runner.RemoteTestRunner.runTests(RemoteTestRunner.java:758) [.cp/:?]
	at org.eclipse.jdt.internal.junit.runner.RemoteTestRunner.run(RemoteTestRunner.java:453) [.cp/:?]
	at org.eclipse.jdt.internal.junit.runner.RemoteTestRunner.main(RemoteTestRunner.java:211) [.cp/:?]
2025-12-28 22:26:22 INFO  === END   tests.LastUpdateTests.lastUpdate_shouldMatchCurrent[Exp#19 [f1=2, f2=3, f3=3, f4=2, f5=1, f6=1, f7=1, f8=2]] ===
2025-12-28 22:26:22 INFO  === START tests.LastUpdateTests.lastUpdate_shouldMatchCurrent[Exp#20 [f1=2, f2=3, f3=3, f4=3, f5=3, f6=3, f7=3, f8=3]] ===
2025-12-28 22:26:28 INFO  STEP PASS: Results should be visible
2025-12-28 22:26:28 INFO  STEP: Expected time = 22:26, actual time = 22:26
2025-12-28 22:26:28 INFO  STEP PASS: Last update time should be same as current time
2025-12-28 22:26:28 INFO  STEP: Expected date = 28/12/2025, actual date = 28/12/2026
2025-12-28 22:26:28 ERROR STEP FAIL: Last update should be same as current date
2025-12-28 22:26:28 ERROR === FAIL  tests.LastUpdateTests.lastUpdate_shouldMatchCurrent[Exp#20 [f1=2, f2=3, f3=3, f4=3, f5=3, f6=3, f7=3, f8=3]] ===
java.lang.AssertionError: Last update should be same as current date
	at org.junit.Assert.fail(Assert.java:89) ~[junit-4.13.jar:4.13]
	at org.junit.Assert.assertTrue(Assert.java:42) ~[junit-4.13.jar:4.13]
	at tests.BaseTest.checkTrue(BaseTest.java:79) ~[test-classes/:?]
	at tests.LastUpdateTests.lastUpdate_shouldMatchCurrent(LastUpdateTests.java:47) ~[test-classes/:?]
	at jdk.internal.reflect.DirectMethodHandleAccessor.invoke(DirectMethodHandleAccessor.java:103) ~[?:?]
	at java.lang.reflect.Method.invoke(Method.java:580) ~[?:?]
	at org.junit.runners.model.FrameworkMethod$1.runReflectiveCall(FrameworkMethod.java:59) ~[junit-4.13.jar:4.13]
	at org.junit.internal.runners.model.ReflectiveCallable.run(ReflectiveCallable.java:12) ~[junit-4.13.jar:4.13]
	at org.junit.runners.model.FrameworkMethod.invokeExplosively(FrameworkMethod.java:56) ~[junit-4.13.jar:4.13]
	at org.junit.internal.runners.statements.InvokeMethod.evaluate(InvokeMethod.java:17) ~[junit-4.13.jar:4.13]
	at org.junit.internal.runners.statements.RunBefores.evaluate(RunBefores.java:26) ~[junit-4.13.jar:4.13]
	at org.junit.internal.runners.statements.RunAfters.evaluate(RunAfters.java:27) ~[junit-4.13.jar:4.13]
	at org.junit.rules.TestWatcher$1.evaluate(TestWatcher.java:61) [junit-4.13.jar:4.13]
	at org.junit.runners.ParentRunner$3.evaluate(ParentRunner.java:306) [junit-4.13.jar:4.13]
	at org.junit.runners.BlockJUnit4ClassRunner$1.evaluate(BlockJUnit4ClassRunner.java:100) [junit-4.13.jar:4.13]
	at org.junit.runners.ParentRunner.runLeaf(ParentRunner.java:366) [junit-4.13.jar:4.13]
	at org.junit.runners.BlockJUnit4ClassRunner.runChild(BlockJUnit4ClassRunner.java:103) [junit-4.13.jar:4.13]
	at org.junit.runners.BlockJUnit4ClassRunner.runChild(BlockJUnit4ClassRunner.java:63) [junit-4.13.jar:4.13]
	at org.junit.runners.ParentRunner$4.run(ParentRunner.java:331) [junit-4.13.jar:4.13]
	at org.junit.runners.ParentRunner$1.schedule(ParentRunner.java:79) [junit-4.13.jar:4.13]
	at org.junit.runners.ParentRunner.runChildren(ParentRunner.java:329) [junit-4.13.jar:4.13]
	at org.junit.runners.ParentRunner.access$100(ParentRunner.java:66) [junit-4.13.jar:4.13]
	at org.junit.runners.ParentRunner$2.evaluate(ParentRunner.java:293) [junit-4.13.jar:4.13]
	at org.junit.runners.ParentRunner.run(ParentRunner.java:413) [junit-4.13.jar:4.13]
	at org.junit.runners.Suite.runChild(Suite.java:128) [junit-4.13.jar:4.13]
	at org.junit.runners.Suite.runChild(Suite.java:27) [junit-4.13.jar:4.13]
	at org.junit.runners.ParentRunner$4.run(ParentRunner.java:331) [junit-4.13.jar:4.13]
	at org.junit.runners.ParentRunner$1.schedule(ParentRunner.java:79) [junit-4.13.jar:4.13]
	at org.junit.runners.ParentRunner.runChildren(ParentRunner.java:329) [junit-4.13.jar:4.13]
	at org.junit.runners.ParentRunner.access$100(ParentRunner.java:66) [junit-4.13.jar:4.13]
	at org.junit.runners.ParentRunner$2.evaluate(ParentRunner.java:293) [junit-4.13.jar:4.13]
	at org.junit.runners.ParentRunner$3.evaluate(ParentRunner.java:306) [junit-4.13.jar:4.13]
	at org.junit.runners.ParentRunner.run(ParentRunner.java:413) [junit-4.13.jar:4.13]
	at org.eclipse.jdt.internal.junit4.runner.JUnit4TestReference.run(JUnit4TestReference.java:93) [.cp/:?]
	at org.eclipse.jdt.internal.junit.runner.TestExecution.run(TestExecution.java:40) [.cp/:?]
	at org.eclipse.jdt.internal.junit.runner.RemoteTestRunner.runTests(RemoteTestRunner.java:530) [.cp/:?]
	at org.eclipse.jdt.internal.junit.runner.RemoteTestRunner.runTests(RemoteTestRunner.java:758) [.cp/:?]
	at org.eclipse.jdt.internal.junit.runner.RemoteTestRunner.run(RemoteTestRunner.java:453) [.cp/:?]
	at org.eclipse.jdt.internal.junit.runner.RemoteTestRunner.main(RemoteTestRunner.java:211) [.cp/:?]
2025-12-28 22:26:28 INFO  === END   tests.LastUpdateTests.lastUpdate_shouldMatchCurrent[Exp#20 [f1=2, f2=3, f3=3, f4=3, f5=3, f6=3, f7=3, f8=3]] ===
2025-12-29 14:00:08 INFO  === START tests.ButtonValidationTest.testButtonDisabledUntilAllFieldsFilled[Exp#1 [f1=1, f2=1, f3=1, f4=1, f5=1, f6=1, f7=1, f8=1]] ===
2025-12-29 14:00:20 INFO  STEP PASS: Button should be disabled on page load
2025-12-29 14:00:20 INFO  STEP PASS: Button should be disabled after 1 fill
2025-12-29 14:00:21 INFO  STEP PASS: Button should be disabled after 2 fill
2025-12-29 14:00:21 INFO  STEP PASS: Button should be disabled after 3 fill
2025-12-29 14:00:21 INFO  STEP PASS: Button should be disabled after 4 fill
2025-12-29 14:00:21 INFO  STEP PASS: Button should be disabled after 5 fill
2025-12-29 14:00:22 INFO  STEP PASS: Button should be disabled after 6 fill
2025-12-29 14:00:22 INFO  STEP PASS: Button should be disabled after 7 fill
2025-12-29 14:00:22 INFO  STEP PASS: Button should be enabled after filling all 8 fields
2025-12-29 14:00:22 INFO  === PASS  tests.ButtonValidationTest.testButtonDisabledUntilAllFieldsFilled[Exp#1 [f1=1, f2=1, f3=1, f4=1, f5=1, f6=1, f7=1, f8=1]] ===
2025-12-29 14:00:22 INFO  === END   tests.ButtonValidationTest.testButtonDisabledUntilAllFieldsFilled[Exp#1 [f1=1, f2=1, f3=1, f4=1, f5=1, f6=1, f7=1, f8=1]] ===
2025-12-29 14:00:22 INFO  === START tests.ButtonValidationTest.testButtonDisabledUntilAllFieldsFilled[Exp#2 [f1=1, f2=1, f3=2, f4=2, f5=2, f6=2, f7=2, f8=2]] ===
2025-12-29 14:00:28 INFO  STEP PASS: Button should be disabled on page load
2025-12-29 14:00:28 INFO  STEP PASS: Button should be disabled after 1 fill
2025-12-29 14:00:29 INFO  STEP PASS: Button should be disabled after 2 fill
2025-12-29 14:00:29 INFO  STEP PASS: Button should be disabled after 3 fill
2025-12-29 14:00:29 INFO  STEP PASS: Button should be disabled after 4 fill
2025-12-29 14:00:29 INFO  STEP PASS: Button should be disabled after 5 fill
2025-12-29 14:00:30 INFO  STEP PASS: Button should be disabled after 6 fill
2025-12-29 14:00:30 INFO  STEP PASS: Button should be disabled after 7 fill
2025-12-29 14:00:30 INFO  STEP PASS: Button should be enabled after filling all 8 fields
2025-12-29 14:00:31 INFO  === PASS  tests.ButtonValidationTest.testButtonDisabledUntilAllFieldsFilled[Exp#2 [f1=1, f2=1, f3=2, f4=2, f5=2, f6=2, f7=2, f8=2]] ===
2025-12-29 14:00:31 INFO  === END   tests.ButtonValidationTest.testButtonDisabledUntilAllFieldsFilled[Exp#2 [f1=1, f2=1, f3=2, f4=2, f5=2, f6=2, f7=2, f8=2]] ===
2025-12-29 14:00:31 INFO  === START tests.ButtonValidationTest.testButtonDisabledUntilAllFieldsFilled[Exp#3 [f1=1, f2=1, f3=3, f4=3, f5=3, f6=3, f7=3, f8=3]] ===
2025-12-29 14:00:37 INFO  STEP PASS: Button should be disabled on page load
2025-12-29 14:00:37 INFO  STEP PASS: Button should be disabled after 1 fill
2025-12-29 14:00:37 INFO  STEP PASS: Button should be disabled after 2 fill
2025-12-29 14:00:38 INFO  STEP PASS: Button should be disabled after 3 fill
2025-12-29 14:00:38 INFO  STEP PASS: Button should be disabled after 4 fill
2025-12-29 14:00:38 INFO  STEP PASS: Button should be disabled after 5 fill
2025-12-29 14:00:38 INFO  STEP PASS: Button should be disabled after 6 fill
2025-12-29 14:00:39 INFO  STEP PASS: Button should be disabled after 7 fill
2025-12-29 14:00:39 INFO  STEP PASS: Button should be enabled after filling all 8 fields
2025-12-29 14:00:39 INFO  === PASS  tests.ButtonValidationTest.testButtonDisabledUntilAllFieldsFilled[Exp#3 [f1=1, f2=1, f3=3, f4=3, f5=3, f6=3, f7=3, f8=3]] ===
2025-12-29 14:00:39 INFO  === END   tests.ButtonValidationTest.testButtonDisabledUntilAllFieldsFilled[Exp#3 [f1=1, f2=1, f3=3, f4=3, f5=3, f6=3, f7=3, f8=3]] ===
2025-12-29 14:00:39 INFO  === START tests.ButtonValidationTest.testButtonDisabledUntilAllFieldsFilled[Exp#4 [f1=1, f2=2, f3=1, f4=1, f5=2, f6=2, f7=3, f8=3]] ===
2025-12-29 14:00:44 INFO  STEP PASS: Button should be disabled on page load
2025-12-29 14:00:44 INFO  STEP PASS: Button should be disabled after 1 fill
2025-12-29 14:00:45 INFO  STEP PASS: Button should be disabled after 2 fill
2025-12-29 14:00:45 INFO  STEP PASS: Button should be disabled after 3 fill
2025-12-29 14:00:45 INFO  STEP PASS: Button should be disabled after 4 fill
2025-12-29 14:00:45 INFO  STEP PASS: Button should be disabled after 5 fill
2025-12-29 14:00:46 INFO  STEP PASS: Button should be disabled after 6 fill
2025-12-29 14:00:46 INFO  STEP PASS: Button should be disabled after 7 fill
2025-12-29 14:00:46 INFO  STEP PASS: Button should be enabled after filling all 8 fields
2025-12-29 14:00:46 INFO  === PASS  tests.ButtonValidationTest.testButtonDisabledUntilAllFieldsFilled[Exp#4 [f1=1, f2=2, f3=1, f4=1, f5=2, f6=2, f7=3, f8=3]] ===
2025-12-29 14:00:46 INFO  === END   tests.ButtonValidationTest.testButtonDisabledUntilAllFieldsFilled[Exp#4 [f1=1, f2=2, f3=1, f4=1, f5=2, f6=2, f7=3, f8=3]] ===
2025-12-29 14:00:46 INFO  === START tests.ButtonValidationTest.testButtonDisabledUntilAllFieldsFilled[Exp#5 [f1=1, f2=2, f3=2, f4=2, f5=3, f6=3, f7=1, f8=1]] ===
2025-12-29 14:00:53 INFO  STEP PASS: Button should be disabled on page load
2025-12-29 14:00:53 INFO  STEP PASS: Button should be disabled after 1 fill
2025-12-29 14:00:53 INFO  STEP PASS: Button should be disabled after 2 fill
2025-12-29 14:00:53 INFO  STEP PASS: Button should be disabled after 3 fill
2025-12-29 14:00:54 INFO  STEP PASS: Button should be disabled after 4 fill
2025-12-29 14:00:54 INFO  STEP PASS: Button should be disabled after 5 fill
2025-12-29 14:00:54 INFO  STEP PASS: Button should be disabled after 6 fill
2025-12-29 14:00:54 INFO  STEP PASS: Button should be disabled after 7 fill
2025-12-29 14:00:55 INFO  STEP PASS: Button should be enabled after filling all 8 fields
2025-12-29 14:00:55 INFO  === PASS  tests.ButtonValidationTest.testButtonDisabledUntilAllFieldsFilled[Exp#5 [f1=1, f2=2, f3=2, f4=2, f5=3, f6=3, f7=1, f8=1]] ===
2025-12-29 14:00:55 INFO  === END   tests.ButtonValidationTest.testButtonDisabledUntilAllFieldsFilled[Exp#5 [f1=1, f2=2, f3=2, f4=2, f5=3, f6=3, f7=1, f8=1]] ===
2025-12-29 14:23:04 INFO  === START tests.ReviewsToggleTests.reviewsToggle_shouldToggleAndShowReviews[Exp#1 [f1=1, f2=1, f3=1, f4=1, f5=1, f6=1, f7=1, f8=1]] ===
2025-12-29 14:23:14 INFO  STEP: === CARD 1 ===
2025-12-29 14:23:14 INFO  STEP: Initial state: reviewsOpen=false, reviews=0
2025-12-29 14:23:14 INFO  STEP: Toggle Reviews
2025-12-29 14:23:14 INFO  STEP PASS: Card 1: Reviews state should toggle after click
2025-12-29 14:23:14 INFO  STEP: Verify reviews exist when Reviews is open
2025-12-29 14:23:15 INFO  STEP: Card 1: Reviews count after open: 4
2025-12-29 14:23:15 INFO  STEP PASS: Card 1: Expected at least 1 review when reviews are open
2025-12-29 14:23:15 INFO  STEP: Toggle Reviews again to return to initial state
2025-12-29 14:23:15 INFO  STEP PASS: Card 1: Reviews state should toggle back after second click
2025-12-29 14:23:15 INFO  STEP: 

2025-12-29 14:23:15 INFO  STEP: === CARD 2 ===
2025-12-29 14:23:15 INFO  STEP: Initial state: reviewsOpen=false, reviews=0
2025-12-29 14:23:15 INFO  STEP: Toggle Reviews
2025-12-29 14:23:15 INFO  STEP PASS: Card 2: Reviews state should toggle after click
2025-12-29 14:23:15 INFO  STEP: Verify reviews exist when Reviews is open
2025-12-29 14:23:15 INFO  STEP: Card 2: Reviews count after open: 4
2025-12-29 14:23:15 INFO  STEP PASS: Card 2: Expected at least 1 review when reviews are open
2025-12-29 14:23:15 INFO  STEP: Toggle Reviews again to return to initial state
2025-12-29 14:23:15 INFO  STEP PASS: Card 2: Reviews state should toggle back after second click
2025-12-29 14:23:15 INFO  STEP: 

2025-12-29 14:23:15 INFO  STEP: === CARD 3 ===
2025-12-29 14:23:16 INFO  STEP: Initial state: reviewsOpen=false, reviews=0
2025-12-29 14:23:16 INFO  STEP: Toggle Reviews
2025-12-29 14:23:16 INFO  STEP PASS: Card 3: Reviews state should toggle after click
2025-12-29 14:23:16 INFO  STEP: Verify reviews exist when Reviews is open
2025-12-29 14:23:16 INFO  STEP: Card 3: Reviews count after open: 4
2025-12-29 14:23:16 INFO  STEP PASS: Card 3: Expected at least 1 review when reviews are open
2025-12-29 14:23:16 INFO  STEP: Toggle Reviews again to return to initial state
2025-12-29 14:23:16 INFO  STEP PASS: Card 3: Reviews state should toggle back after second click
2025-12-29 14:23:16 INFO  STEP: 

2025-12-29 14:23:16 INFO  STEP: === CARD 4 ===
2025-12-29 14:23:16 INFO  STEP: Initial state: reviewsOpen=false, reviews=0
2025-12-29 14:23:16 INFO  STEP: Toggle Reviews
2025-12-29 14:23:17 INFO  STEP PASS: Card 4: Reviews state should toggle after click
2025-12-29 14:23:17 INFO  STEP: Verify reviews exist when Reviews is open
2025-12-29 14:23:17 INFO  STEP: Card 4: Reviews count after open: 4
2025-12-29 14:23:17 INFO  STEP PASS: Card 4: Expected at least 1 review when reviews are open
2025-12-29 14:23:17 INFO  STEP: Toggle Reviews again to return to initial state
2025-12-29 14:23:17 INFO  STEP PASS: Card 4: Reviews state should toggle back after second click
2025-12-29 14:23:17 INFO  STEP: 

2025-12-29 14:23:17 INFO  STEP: === CARD 5 ===
2025-12-29 14:23:17 INFO  STEP: Initial state: reviewsOpen=false, reviews=0
2025-12-29 14:23:17 INFO  STEP: Toggle Reviews
2025-12-29 14:23:17 INFO  STEP PASS: Card 5: Reviews state should toggle after click
2025-12-29 14:23:17 INFO  STEP: Verify reviews exist when Reviews is open
2025-12-29 14:23:18 INFO  STEP: Card 5: Reviews count after open: 4
2025-12-29 14:23:18 INFO  STEP PASS: Card 5: Expected at least 1 review when reviews are open
2025-12-29 14:23:18 INFO  STEP: Toggle Reviews again to return to initial state
2025-12-29 14:23:18 INFO  STEP PASS: Card 5: Reviews state should toggle back after second click
2025-12-29 14:23:18 INFO  STEP: 

2025-12-29 14:23:19 INFO  === PASS  tests.ReviewsToggleTests.reviewsToggle_shouldToggleAndShowReviews[Exp#1 [f1=1, f2=1, f3=1, f4=1, f5=1, f6=1, f7=1, f8=1]] ===
2025-12-29 14:23:19 INFO  === END   tests.ReviewsToggleTests.reviewsToggle_shouldToggleAndShowReviews[Exp#1 [f1=1, f2=1, f3=1, f4=1, f5=1, f6=1, f7=1, f8=1]] ===
2025-12-29 14:23:19 INFO  === START tests.ReviewsToggleTests.reviewsToggle_shouldToggleAndShowReviews[Exp#2 [f1=1, f2=1, f3=2, f4=2, f5=2, f6=2, f7=2, f8=2]] ===
2025-12-29 14:23:26 INFO  STEP: === CARD 1 ===
2025-12-29 14:23:26 INFO  STEP: Initial state: reviewsOpen=false, reviews=0
2025-12-29 14:23:26 INFO  STEP: Toggle Reviews
2025-12-29 14:23:26 INFO  STEP PASS: Card 1: Reviews state should toggle after click
2025-12-29 14:23:26 INFO  STEP: Verify reviews exist when Reviews is open
2025-12-29 14:23:26 INFO  STEP: Card 1: Reviews count after open: 4
2025-12-29 14:23:26 INFO  STEP PASS: Card 1: Expected at least 1 review when reviews are open
2025-12-29 14:23:26 INFO  STEP: Toggle Reviews again to return to initial state
2025-12-29 14:23:27 INFO  STEP PASS: Card 1: Reviews state should toggle back after second click
2025-12-29 14:23:27 INFO  STEP: 

2025-12-29 14:23:27 INFO  STEP: === CARD 2 ===
2025-12-29 14:23:27 INFO  STEP: Initial state: reviewsOpen=false, reviews=0
2025-12-29 14:23:27 INFO  STEP: Toggle Reviews
2025-12-29 14:23:27 INFO  STEP PASS: Card 2: Reviews state should toggle after click
2025-12-29 14:23:27 INFO  STEP: Verify reviews exist when Reviews is open
2025-12-29 14:23:27 INFO  STEP: Card 2: Reviews count after open: 4
2025-12-29 14:23:27 INFO  STEP PASS: Card 2: Expected at least 1 review when reviews are open
2025-12-29 14:23:27 INFO  STEP: Toggle Reviews again to return to initial state
2025-12-29 14:23:27 INFO  STEP PASS: Card 2: Reviews state should toggle back after second click
2025-12-29 14:23:27 INFO  STEP: 

2025-12-29 14:23:27 INFO  STEP: === CARD 3 ===
2025-12-29 14:23:27 INFO  STEP: Initial state: reviewsOpen=false, reviews=0
2025-12-29 14:23:27 INFO  STEP: Toggle Reviews
2025-12-29 14:23:27 INFO  STEP PASS: Card 3: Reviews state should toggle after click
2025-12-29 14:23:27 INFO  STEP: Verify reviews exist when Reviews is open
2025-12-29 14:23:28 INFO  STEP: Card 3: Reviews count after open: 4
2025-12-29 14:23:28 INFO  STEP PASS: Card 3: Expected at least 1 review when reviews are open
2025-12-29 14:23:28 INFO  STEP: Toggle Reviews again to return to initial state
2025-12-29 14:23:28 INFO  STEP PASS: Card 3: Reviews state should toggle back after second click
2025-12-29 14:23:28 INFO  STEP: 

2025-12-29 14:23:28 INFO  STEP: === CARD 4 ===
2025-12-29 14:23:28 INFO  STEP: Initial state: reviewsOpen=false, reviews=0
2025-12-29 14:23:28 INFO  STEP: Toggle Reviews
2025-12-29 14:23:28 INFO  STEP PASS: Card 4: Reviews state should toggle after click
2025-12-29 14:23:28 INFO  STEP: Verify reviews exist when Reviews is open
2025-12-29 14:23:28 INFO  STEP: Card 4: Reviews count after open: 4
2025-12-29 14:23:28 INFO  STEP PASS: Card 4: Expected at least 1 review when reviews are open
2025-12-29 14:23:28 INFO  STEP: Toggle Reviews again to return to initial state
2025-12-29 14:23:28 INFO  STEP PASS: Card 4: Reviews state should toggle back after second click
2025-12-29 14:23:28 INFO  STEP: 

2025-12-29 14:23:28 INFO  STEP: === CARD 5 ===
2025-12-29 14:23:29 INFO  STEP: Initial state: reviewsOpen=false, reviews=0
2025-12-29 14:23:29 INFO  STEP: Toggle Reviews
2025-12-29 14:23:29 INFO  STEP PASS: Card 5: Reviews state should toggle after click
2025-12-29 14:23:29 INFO  STEP: Verify reviews exist when Reviews is open
2025-12-29 14:23:29 INFO  STEP: Card 5: Reviews count after open: 4
2025-12-29 14:23:29 INFO  STEP PASS: Card 5: Expected at least 1 review when reviews are open
2025-12-29 14:23:29 INFO  STEP: Toggle Reviews again to return to initial state
2025-12-29 14:23:29 INFO  STEP PASS: Card 5: Reviews state should toggle back after second click
2025-12-29 14:23:29 INFO  STEP: 

2025-12-29 14:23:29 INFO  === PASS  tests.ReviewsToggleTests.reviewsToggle_shouldToggleAndShowReviews[Exp#2 [f1=1, f2=1, f3=2, f4=2, f5=2, f6=2, f7=2, f8=2]] ===
2025-12-29 14:23:29 INFO  === END   tests.ReviewsToggleTests.reviewsToggle_shouldToggleAndShowReviews[Exp#2 [f1=1, f2=1, f3=2, f4=2, f5=2, f6=2, f7=2, f8=2]] ===
2025-12-29 14:23:29 INFO  === START tests.ReviewsToggleTests.reviewsToggle_shouldToggleAndShowReviews[Exp#3 [f1=1, f2=1, f3=3, f4=3, f5=3, f6=3, f7=3, f8=3]] ===
2025-12-29 14:23:33 ERROR === FAIL  tests.ReviewsToggleTests.reviewsToggle_shouldToggleAndShowReviews[Exp#3 [f1=1, f2=1, f3=3, f4=3, f5=3, f6=3, f7=3, f8=3]] ===
org.openqa.selenium.NoSuchSessionException: invalid session id: session deleted as the browser has closed the connection
from disconnected: not connected to DevTools
  (Session info: chrome=143.0.7499.170)
Build info: version: '4.39.0', revision: '126f156aee'
System info: os.name: 'Windows 11', os.arch: 'amd64', os.version: '10.0', java.version: '23.0.1'
Driver info: org.openqa.selenium.chrome.ChromeDriver
Command: [803c5c31411e37ac5c5a3ee7c4a423b7, findElement {value=dropdown-f1, using=id}]
Capabilities {acceptInsecureCerts: false, browserName: chrome, browserVersion: 143.0.7499.170, chrome: {chromedriverVersion: 143.0.7499.169 (164b20aab62..., userDataDir: C:\Users\igor1\AppData\Loca...}, fedcm:accounts: true, goog:chromeOptions: {debuggerAddress: localhost:60656}, goog:processID: 2464, networkConnectionEnabled: false, pageLoadStrategy: normal, platformName: windows, proxy: Proxy(), se:cdp: ws://localhost:60656/devtoo..., se:cdpVersion: 143.0.7499.170, setWindowRect: true, strictFileInteractability: false, timeouts: {implicit: 0, pageLoad: 300000, script: 30000}, unhandledPromptBehavior: dismiss and notify, webauthn:extension:credBlob: true, webauthn:extension:largeBlob: true, webauthn:extension:minPinLength: true, webauthn:extension:prf: true, webauthn:virtualAuthenticators: true}
Session ID: 803c5c31411e37ac5c5a3ee7c4a423b7
	at jdk.internal.reflect.DirectConstructorHandleAccessor.newInstance(DirectConstructorHandleAccessor.java:62) ~[?:?]
	at java.lang.reflect.Constructor.newInstanceWithCaller(Constructor.java:501) ~[?:?]
	at java.lang.reflect.Constructor.newInstance(Constructor.java:485) ~[?:?]
	at org.openqa.selenium.remote.ErrorCodec.decode(ErrorCodec.java:167) ~[selenium-remote-driver-4.39.0.jar:?]
	at org.openqa.selenium.remote.codec.w3c.W3CHttpResponseCodec.decode(W3CHttpResponseCodec.java:142) ~[selenium-remote-driver-4.39.0.jar:?]
	at org.openqa.selenium.remote.codec.w3c.W3CHttpResponseCodec.decode(W3CHttpResponseCodec.java:49) ~[selenium-remote-driver-4.39.0.jar:?]
	at org.openqa.selenium.remote.HttpCommandExecutor.execute(HttpCommandExecutor.java:215) ~[selenium-remote-driver-4.39.0.jar:?]
	at org.openqa.selenium.remote.service.DriverCommandExecutor.invokeExecute(DriverCommandExecutor.java:216) ~[selenium-remote-driver-4.39.0.jar:?]
	at org.openqa.selenium.remote.service.DriverCommandExecutor.execute(DriverCommandExecutor.java:174) ~[selenium-remote-driver-4.39.0.jar:?]
	at org.openqa.selenium.remote.RemoteWebDriver.execute(RemoteWebDriver.java:561) ~[selenium-remote-driver-4.39.0.jar:?]
	at org.openqa.selenium.remote.ElementLocation$ElementFinder$2.findElement(ElementLocation.java:166) ~[selenium-remote-driver-4.39.0.jar:?]
	at org.openqa.selenium.remote.ElementLocation.findElement(ElementLocation.java:60) ~[selenium-remote-driver-4.39.0.jar:?]
	at org.openqa.selenium.remote.RemoteWebDriver.findElement(RemoteWebDriver.java:384) ~[selenium-remote-driver-4.39.0.jar:?]
	at org.openqa.selenium.remote.RemoteWebDriver.findElement(RemoteWebDriver.java:378) ~[selenium-remote-driver-4.39.0.jar:?]
	at org.openqa.selenium.support.ui.ExpectedConditions$7.apply(ExpectedConditions.java:198) ~[selenium-support-4.39.0.jar:?]
	at org.openqa.selenium.support.ui.ExpectedConditions$7.apply(ExpectedConditions.java:194) ~[selenium-support-4.39.0.jar:?]
	at org.openqa.selenium.support.ui.ExpectedConditions$22.apply(ExpectedConditions.java:632) ~[selenium-support-4.39.0.jar:?]
	at org.openqa.selenium.support.ui.ExpectedConditions$22.apply(ExpectedConditions.java:629) ~[selenium-support-4.39.0.jar:?]
	at org.openqa.selenium.support.ui.FluentWait.until(FluentWait.java:203) ~[selenium-support-4.39.0.jar:?]
	at pages.GiftFormPage.selectLevel(GiftFormPage.java:52) ~[test-classes/:?]
	at pages.GiftFormPage.fillAll(GiftFormPage.java:64) ~[test-classes/:?]
	at tests.BaseTest.goToResults(BaseTest.java:63) ~[test-classes/:?]
	at tests.ReviewsToggleTests.reviewsToggle_shouldToggleAndShowReviews(ReviewsToggleTests.java:29) ~[test-classes/:?]
	at jdk.internal.reflect.DirectMethodHandleAccessor.invoke(DirectMethodHandleAccessor.java:103) ~[?:?]
	at java.lang.reflect.Method.invoke(Method.java:580) ~[?:?]
	at org.junit.runners.model.FrameworkMethod$1.runReflectiveCall(FrameworkMethod.java:59) ~[junit-4.13.jar:4.13]
	at org.junit.internal.runners.model.ReflectiveCallable.run(ReflectiveCallable.java:12) ~[junit-4.13.jar:4.13]
	at org.junit.runners.model.FrameworkMethod.invokeExplosively(FrameworkMethod.java:56) ~[junit-4.13.jar:4.13]
	at org.junit.internal.runners.statements.InvokeMethod.evaluate(InvokeMethod.java:17) ~[junit-4.13.jar:4.13]
	at org.junit.internal.runners.statements.RunBefores.evaluate(RunBefores.java:26) ~[junit-4.13.jar:4.13]
	at org.junit.internal.runners.statements.RunAfters.evaluate(RunAfters.java:27) ~[junit-4.13.jar:4.13]
	at org.junit.rules.TestWatcher$1.evaluate(TestWatcher.java:61) [junit-4.13.jar:4.13]
	at org.junit.runners.ParentRunner$3.evaluate(ParentRunner.java:306) [junit-4.13.jar:4.13]
	at org.junit.runners.BlockJUnit4ClassRunner$1.evaluate(BlockJUnit4ClassRunner.java:100) [junit-4.13.jar:4.13]
	at org.junit.runners.ParentRunner.runLeaf(ParentRunner.java:366) [junit-4.13.jar:4.13]
	at org.junit.runners.BlockJUnit4ClassRunner.runChild(BlockJUnit4ClassRunner.java:103) [junit-4.13.jar:4.13]
	at org.junit.runners.BlockJUnit4ClassRunner.runChild(BlockJUnit4ClassRunner.java:63) [junit-4.13.jar:4.13]
	at org.junit.runners.ParentRunner$4.run(ParentRunner.java:331) [junit-4.13.jar:4.13]
	at org.junit.runners.ParentRunner$1.schedule(ParentRunner.java:79) [junit-4.13.jar:4.13]
	at org.junit.runners.ParentRunner.runChildren(ParentRunner.java:329) [junit-4.13.jar:4.13]
	at org.junit.runners.ParentRunner.access$100(ParentRunner.java:66) [junit-4.13.jar:4.13]
	at org.junit.runners.ParentRunner$2.evaluate(ParentRunner.java:293) [junit-4.13.jar:4.13]
	at org.junit.runners.ParentRunner.run(ParentRunner.java:413) [junit-4.13.jar:4.13]
	at org.junit.runners.Suite.runChild(Suite.java:128) [junit-4.13.jar:4.13]
	at org.junit.runners.Suite.runChild(Suite.java:27) [junit-4.13.jar:4.13]
	at org.junit.runners.ParentRunner$4.run(ParentRunner.java:331) [junit-4.13.jar:4.13]
	at org.junit.runners.ParentRunner$1.schedule(ParentRunner.java:79) [junit-4.13.jar:4.13]
	at org.junit.runners.ParentRunner.runChildren(ParentRunner.java:329) [junit-4.13.jar:4.13]
	at org.junit.runners.ParentRunner.access$100(ParentRunner.java:66) [junit-4.13.jar:4.13]
	at org.junit.runners.ParentRunner$2.evaluate(ParentRunner.java:293) [junit-4.13.jar:4.13]
	at org.junit.runners.ParentRunner$3.evaluate(ParentRunner.java:306) [junit-4.13.jar:4.13]
	at org.junit.runners.ParentRunner.run(ParentRunner.java:413) [junit-4.13.jar:4.13]
	at org.eclipse.jdt.internal.junit4.runner.JUnit4TestReference.run(JUnit4TestReference.java:93) [.cp/:?]
	at org.eclipse.jdt.internal.junit.runner.TestExecution.run(TestExecution.java:40) [.cp/:?]
	at org.eclipse.jdt.internal.junit.runner.RemoteTestRunner.runTests(RemoteTestRunner.java:530) [.cp/:?]
	at org.eclipse.jdt.internal.junit.runner.RemoteTestRunner.runTests(RemoteTestRunner.java:758) [.cp/:?]
	at org.eclipse.jdt.internal.junit.runner.RemoteTestRunner.run(RemoteTestRunner.java:453) [.cp/:?]
	at org.eclipse.jdt.internal.junit.runner.RemoteTestRunner.main(RemoteTestRunner.java:211) [.cp/:?]
2025-12-29 14:23:33 INFO  === END   tests.ReviewsToggleTests.reviewsToggle_shouldToggleAndShowReviews[Exp#3 [f1=1, f2=1, f3=3, f4=3, f5=3, f6=3, f7=3, f8=3]] ===
2025-12-29 14:23:33 INFO  === START tests.ReviewsToggleTests.reviewsToggle_shouldToggleAndShowReviews[Exp#4 [f1=1, f2=2, f3=1, f4=1, f5=2, f6=2, f7=3, f8=3]] ===
2025-12-29 14:23:40 INFO  STEP: === CARD 1 ===
2025-12-29 14:23:40 INFO  STEP: Initial state: reviewsOpen=false, reviews=0
2025-12-29 14:23:40 INFO  STEP: Toggle Reviews
2025-12-29 14:23:41 INFO  STEP PASS: Card 1: Reviews state should toggle after click
2025-12-29 14:23:41 INFO  STEP: Verify reviews exist when Reviews is open
2025-12-29 14:23:41 INFO  STEP: Card 1: Reviews count after open: 4
2025-12-29 14:23:41 INFO  STEP PASS: Card 1: Expected at least 1 review when reviews are open
2025-12-29 14:23:41 INFO  STEP: Toggle Reviews again to return to initial state
2025-12-29 14:23:41 INFO  STEP PASS: Card 1: Reviews state should toggle back after second click
2025-12-29 14:23:41 INFO  STEP: 

2025-12-29 14:23:41 INFO  STEP: === CARD 2 ===
2025-12-29 14:23:41 INFO  STEP: Initial state: reviewsOpen=false, reviews=0
2025-12-29 14:23:41 INFO  STEP: Toggle Reviews
2025-12-29 14:23:42 INFO  STEP PASS: Card 2: Reviews state should toggle after click
2025-12-29 14:23:42 INFO  STEP: Verify reviews exist when Reviews is open
2025-12-29 14:23:42 INFO  STEP: Card 2: Reviews count after open: 4
2025-12-29 14:23:42 INFO  STEP PASS: Card 2: Expected at least 1 review when reviews are open
2025-12-29 14:23:42 INFO  STEP: Toggle Reviews again to return to initial state
2025-12-29 14:23:42 INFO  STEP PASS: Card 2: Reviews state should toggle back after second click
2025-12-29 14:23:42 INFO  STEP: 

2025-12-29 14:23:42 INFO  STEP: === CARD 3 ===
2025-12-29 14:23:42 INFO  STEP: Initial state: reviewsOpen=false, reviews=0
2025-12-29 14:23:42 INFO  STEP: Toggle Reviews
2025-12-29 14:23:43 INFO  STEP PASS: Card 3: Reviews state should toggle after click
2025-12-29 14:23:43 INFO  STEP: Verify reviews exist when Reviews is open
2025-12-29 14:23:43 INFO  STEP: Card 3: Reviews count after open: 4
2025-12-29 14:23:43 INFO  STEP PASS: Card 3: Expected at least 1 review when reviews are open
2025-12-29 14:23:43 INFO  STEP: Toggle Reviews again to return to initial state
2025-12-29 14:23:43 INFO  STEP PASS: Card 3: Reviews state should toggle back after second click
2025-12-29 14:23:43 INFO  STEP: 

2025-12-29 14:23:43 INFO  STEP: === CARD 4 ===
2025-12-29 14:23:43 INFO  STEP: Initial state: reviewsOpen=false, reviews=0
2025-12-29 14:23:43 INFO  STEP: Toggle Reviews
2025-12-29 14:23:44 INFO  STEP PASS: Card 4: Reviews state should toggle after click
2025-12-29 14:23:44 INFO  STEP: Verify reviews exist when Reviews is open
2025-12-29 14:23:44 INFO  STEP: Card 4: Reviews count after open: 4
2025-12-29 14:23:44 INFO  STEP PASS: Card 4: Expected at least 1 review when reviews are open
2025-12-29 14:23:44 INFO  STEP: Toggle Reviews again to return to initial state
2025-12-29 14:23:44 INFO  STEP PASS: Card 4: Reviews state should toggle back after second click
2025-12-29 14:23:44 INFO  STEP: 

2025-12-29 14:23:44 INFO  STEP: === CARD 5 ===
2025-12-29 14:42:37 INFO  === START tests.ButtonValidationTest.testButtonDisabledUntilAllFieldsFilled[Exp#1 [f1=1, f2=1, f3=1, f4=1, f5=1, f6=1, f7=1, f8=1]] ===
2025-12-29 14:42:43 INFO  STEP PASS: Button should be disabled on page load
2025-12-29 14:42:44 INFO  STEP PASS: Button should be disabled after 1 fill
2025-12-29 14:42:44 INFO  STEP PASS: Button should be disabled after 2 fill
2025-12-29 14:42:44 INFO  STEP PASS: Button should be disabled after 3 fill
2025-12-29 14:42:44 INFO  STEP PASS: Button should be disabled after 4 fill
2025-12-29 14:42:45 INFO  STEP PASS: Button should be disabled after 5 fill
2025-12-29 14:42:45 INFO  STEP PASS: Button should be disabled after 6 fill
2025-12-29 14:42:45 INFO  STEP PASS: Button should be disabled after 7 fill
2025-12-29 14:42:45 INFO  STEP PASS: Button should be enabled after filling all 8 fields
2025-12-29 14:42:45 INFO  === PASS  tests.ButtonValidationTest.testButtonDisabledUntilAllFieldsFilled[Exp#1 [f1=1, f2=1, f3=1, f4=1, f5=1, f6=1, f7=1, f8=1]] ===
2025-12-29 14:42:45 INFO  === END   tests.ButtonValidationTest.testButtonDisabledUntilAllFieldsFilled[Exp#1 [f1=1, f2=1, f3=1, f4=1, f5=1, f6=1, f7=1, f8=1]] ===
2025-12-29 14:42:45 INFO  === START tests.ButtonValidationTest.testButtonDisabledUntilAllFieldsFilled[Exp#2 [f1=1, f2=1, f3=2, f4=2, f5=2, f6=2, f7=2, f8=2]] ===
2025-12-29 14:42:59 ERROR === FAIL  tests.ButtonValidationTest.testButtonDisabledUntilAllFieldsFilled[Exp#2 [f1=1, f2=1, f3=2, f4=2, f5=2, f6=2, f7=2, f8=2]] ===
org.openqa.selenium.NoSuchWindowException: no such window: target window already closed
from unknown error: web view not found
  (Session info: chrome=143.0.7499.170)
Build info: version: '4.39.0', revision: '126f156aee'
System info: os.name: 'Windows 11', os.arch: 'amd64', os.version: '10.0', java.version: '23.0.1'
Driver info: org.openqa.selenium.chrome.ChromeDriver
Command: [0883a007bf16018e52b96bcb91104764, getCurrentUrl {}]
Capabilities {acceptInsecureCerts: false, browserName: chrome, browserVersion: 143.0.7499.170, chrome: {chromedriverVersion: 143.0.7499.169 (164b20aab62..., userDataDir: C:\Users\igor1\AppData\Loca...}, fedcm:accounts: true, goog:chromeOptions: {debuggerAddress: localhost:49682}, goog:processID: 13596, networkConnectionEnabled: false, pageLoadStrategy: normal, platformName: windows, proxy: Proxy(), se:cdp: ws://localhost:49682/devtoo..., se:cdpVersion: 143.0.7499.170, setWindowRect: true, strictFileInteractability: false, timeouts: {implicit: 0, pageLoad: 300000, script: 30000}, unhandledPromptBehavior: dismiss and notify, webauthn:extension:credBlob: true, webauthn:extension:largeBlob: true, webauthn:extension:minPinLength: true, webauthn:extension:prf: true, webauthn:virtualAuthenticators: true}
Session ID: 0883a007bf16018e52b96bcb91104764
	at jdk.internal.reflect.DirectConstructorHandleAccessor.newInstance(DirectConstructorHandleAccessor.java:62) ~[?:?]
	at java.lang.reflect.Constructor.newInstanceWithCaller(Constructor.java:501) ~[?:?]
	at java.lang.reflect.Constructor.newInstance(Constructor.java:485) ~[?:?]
	at org.openqa.selenium.remote.ErrorCodec.decode(ErrorCodec.java:167) ~[selenium-remote-driver-4.39.0.jar:?]
	at org.openqa.selenium.remote.codec.w3c.W3CHttpResponseCodec.decode(W3CHttpResponseCodec.java:142) ~[selenium-remote-driver-4.39.0.jar:?]
	at org.openqa.selenium.remote.codec.w3c.W3CHttpResponseCodec.decode(W3CHttpResponseCodec.java:49) ~[selenium-remote-driver-4.39.0.jar:?]
	at org.openqa.selenium.remote.HttpCommandExecutor.execute(HttpCommandExecutor.java:215) ~[selenium-remote-driver-4.39.0.jar:?]
	at org.openqa.selenium.remote.service.DriverCommandExecutor.invokeExecute(DriverCommandExecutor.java:216) ~[selenium-remote-driver-4.39.0.jar:?]
	at org.openqa.selenium.remote.service.DriverCommandExecutor.execute(DriverCommandExecutor.java:174) ~[selenium-remote-driver-4.39.0.jar:?]
	at org.openqa.selenium.remote.RemoteWebDriver.execute(RemoteWebDriver.java:561) ~[selenium-remote-driver-4.39.0.jar:?]
	at org.openqa.selenium.remote.RemoteWebDriver.execute(RemoteWebDriver.java:638) ~[selenium-remote-driver-4.39.0.jar:?]
	at org.openqa.selenium.remote.RemoteWebDriver.execute(RemoteWebDriver.java:642) ~[selenium-remote-driver-4.39.0.jar:?]
	at org.openqa.selenium.remote.RemoteWebDriver.getCurrentUrl(RemoteWebDriver.java:341) ~[selenium-remote-driver-4.39.0.jar:?]
	at pages.GiftFormPage.waitUntilLoaded(GiftFormPage.java:42) ~[test-classes/:?]
	at tests.BaseTest.openInputPage(BaseTest.java:65) ~[test-classes/:?]
	at tests.ButtonValidationTest.testButtonDisabledUntilAllFieldsFilled(ButtonValidationTest.java:29) ~[test-classes/:?]
	at jdk.internal.reflect.DirectMethodHandleAccessor.invoke(DirectMethodHandleAccessor.java:103) ~[?:?]
	at java.lang.reflect.Method.invoke(Method.java:580) ~[?:?]
	at org.junit.runners.model.FrameworkMethod$1.runReflectiveCall(FrameworkMethod.java:59) ~[junit-4.13.jar:4.13]
	at org.junit.internal.runners.model.ReflectiveCallable.run(ReflectiveCallable.java:12) ~[junit-4.13.jar:4.13]
	at org.junit.runners.model.FrameworkMethod.invokeExplosively(FrameworkMethod.java:56) ~[junit-4.13.jar:4.13]
	at org.junit.internal.runners.statements.InvokeMethod.evaluate(InvokeMethod.java:17) ~[junit-4.13.jar:4.13]
	at org.junit.internal.runners.statements.RunBefores.evaluate(RunBefores.java:26) ~[junit-4.13.jar:4.13]
	at org.junit.internal.runners.statements.RunAfters.evaluate(RunAfters.java:27) ~[junit-4.13.jar:4.13]
	at org.junit.rules.TestWatcher$1.evaluate(TestWatcher.java:61) [junit-4.13.jar:4.13]
	at org.junit.runners.ParentRunner$3.evaluate(ParentRunner.java:306) [junit-4.13.jar:4.13]
	at org.junit.runners.BlockJUnit4ClassRunner$1.evaluate(BlockJUnit4ClassRunner.java:100) [junit-4.13.jar:4.13]
	at org.junit.runners.ParentRunner.runLeaf(ParentRunner.java:366) [junit-4.13.jar:4.13]
	at org.junit.runners.BlockJUnit4ClassRunner.runChild(BlockJUnit4ClassRunner.java:103) [junit-4.13.jar:4.13]
	at org.junit.runners.BlockJUnit4ClassRunner.runChild(BlockJUnit4ClassRunner.java:63) [junit-4.13.jar:4.13]
	at org.junit.runners.ParentRunner$4.run(ParentRunner.java:331) [junit-4.13.jar:4.13]
	at org.junit.runners.ParentRunner$1.schedule(ParentRunner.java:79) [junit-4.13.jar:4.13]
	at org.junit.runners.ParentRunner.runChildren(ParentRunner.java:329) [junit-4.13.jar:4.13]
	at org.junit.runners.ParentRunner.access$100(ParentRunner.java:66) [junit-4.13.jar:4.13]
	at org.junit.runners.ParentRunner$2.evaluate(ParentRunner.java:293) [junit-4.13.jar:4.13]
	at org.junit.runners.ParentRunner.run(ParentRunner.java:413) [junit-4.13.jar:4.13]
	at org.junit.runners.Suite.runChild(Suite.java:128) [junit-4.13.jar:4.13]
	at org.junit.runners.Suite.runChild(Suite.java:27) [junit-4.13.jar:4.13]
	at org.junit.runners.ParentRunner$4.run(ParentRunner.java:331) [junit-4.13.jar:4.13]
	at org.junit.runners.ParentRunner$1.schedule(ParentRunner.java:79) [junit-4.13.jar:4.13]
	at org.junit.runners.ParentRunner.runChildren(ParentRunner.java:329) [junit-4.13.jar:4.13]
	at org.junit.runners.ParentRunner.access$100(ParentRunner.java:66) [junit-4.13.jar:4.13]
	at org.junit.runners.ParentRunner$2.evaluate(ParentRunner.java:293) [junit-4.13.jar:4.13]
	at org.junit.runners.ParentRunner$3.evaluate(ParentRunner.java:306) [junit-4.13.jar:4.13]
	at org.junit.runners.ParentRunner.run(ParentRunner.java:413) [junit-4.13.jar:4.13]
	at org.eclipse.jdt.internal.junit4.runner.JUnit4TestReference.run(JUnit4TestReference.java:93) [.cp/:?]
	at org.eclipse.jdt.internal.junit.runner.TestExecution.run(TestExecution.java:40) [.cp/:?]
	at org.eclipse.jdt.internal.junit.runner.RemoteTestRunner.runTests(RemoteTestRunner.java:530) [.cp/:?]
	at org.eclipse.jdt.internal.junit.runner.RemoteTestRunner.runTests(RemoteTestRunner.java:758) [.cp/:?]
	at org.eclipse.jdt.internal.junit.runner.RemoteTestRunner.run(RemoteTestRunner.java:453) [.cp/:?]
	at org.eclipse.jdt.internal.junit.runner.RemoteTestRunner.main(RemoteTestRunner.java:211) [.cp/:?]
2025-12-29 14:42:59 INFO  === END   tests.ButtonValidationTest.testButtonDisabledUntilAllFieldsFilled[Exp#2 [f1=1, f2=1, f3=2, f4=2, f5=2, f6=2, f7=2, f8=2]] ===
2025-12-29 14:42:59 INFO  === START tests.ButtonValidationTest.testButtonDisabledUntilAllFieldsFilled[Exp#3 [f1=1, f2=1, f3=3, f4=3, f5=3, f6=3, f7=3, f8=3]] ===
2025-12-29 14:43:04 INFO  STEP PASS: Button should be disabled on page load
2025-12-29 14:43:04 INFO  STEP PASS: Button should be disabled after 1 fill
2025-12-29 14:43:35 INFO  === START tests.ButtonValidationTest.testButtonDisabledUntilAllFieldsFilled[Exp#1 [f1=1, f2=1, f3=1, f4=1, f5=1, f6=1, f7=1, f8=1]] ===
2025-12-29 14:43:41 INFO  STEP PASS: Button should be disabled on page load
2025-12-29 14:43:41 INFO  STEP PASS: Button should be disabled after 1 fill
2025-12-29 14:43:41 ERROR === FAIL  tests.ButtonValidationTest.testButtonDisabledUntilAllFieldsFilled[Exp#1 [f1=1, f2=1, f3=1, f4=1, f5=1, f6=1, f7=1, f8=1]] ===
java.lang.UnsupportedOperationException: You may not select a disabled option
	at org.openqa.selenium.support.ui.Select.assertOptionIsEnabled(Select.java:403) ~[selenium-support-4.39.0.jar:?]
	at org.openqa.selenium.support.ui.Select.setSelected(Select.java:328) ~[selenium-support-4.39.0.jar:?]
	at org.openqa.selenium.support.ui.Select.setSelectedByIndex(Select.java:314) ~[selenium-support-4.39.0.jar:?]
	at org.openqa.selenium.support.ui.Select.selectByIndex(Select.java:173) ~[selenium-support-4.39.0.jar:?]
	at pages.GiftFormPage.selectLevel(GiftFormPage.java:60) ~[test-classes/:?]
	at pages.GiftFormPage.fillAll(GiftFormPage.java:64) ~[test-classes/:?]
	at tests.ButtonValidationTest.testButtonDisabledUntilAllFieldsFilled(ButtonValidationTest.java:37) ~[test-classes/:?]
	at jdk.internal.reflect.DirectMethodHandleAccessor.invoke(DirectMethodHandleAccessor.java:103) ~[?:?]
	at java.lang.reflect.Method.invoke(Method.java:580) ~[?:?]
	at org.junit.runners.model.FrameworkMethod$1.runReflectiveCall(FrameworkMethod.java:59) ~[junit-4.13.jar:4.13]
	at org.junit.internal.runners.model.ReflectiveCallable.run(ReflectiveCallable.java:12) ~[junit-4.13.jar:4.13]
	at org.junit.runners.model.FrameworkMethod.invokeExplosively(FrameworkMethod.java:56) ~[junit-4.13.jar:4.13]
	at org.junit.internal.runners.statements.InvokeMethod.evaluate(InvokeMethod.java:17) ~[junit-4.13.jar:4.13]
	at org.junit.internal.runners.statements.RunBefores.evaluate(RunBefores.java:26) ~[junit-4.13.jar:4.13]
	at org.junit.internal.runners.statements.RunAfters.evaluate(RunAfters.java:27) ~[junit-4.13.jar:4.13]
	at org.junit.rules.TestWatcher$1.evaluate(TestWatcher.java:61) [junit-4.13.jar:4.13]
	at org.junit.runners.ParentRunner$3.evaluate(ParentRunner.java:306) [junit-4.13.jar:4.13]
	at org.junit.runners.BlockJUnit4ClassRunner$1.evaluate(BlockJUnit4ClassRunner.java:100) [junit-4.13.jar:4.13]
	at org.junit.runners.ParentRunner.runLeaf(ParentRunner.java:366) [junit-4.13.jar:4.13]
	at org.junit.runners.BlockJUnit4ClassRunner.runChild(BlockJUnit4ClassRunner.java:103) [junit-4.13.jar:4.13]
	at org.junit.runners.BlockJUnit4ClassRunner.runChild(BlockJUnit4ClassRunner.java:63) [junit-4.13.jar:4.13]
	at org.junit.runners.ParentRunner$4.run(ParentRunner.java:331) [junit-4.13.jar:4.13]
	at org.junit.runners.ParentRunner$1.schedule(ParentRunner.java:79) [junit-4.13.jar:4.13]
	at org.junit.runners.ParentRunner.runChildren(ParentRunner.java:329) [junit-4.13.jar:4.13]
	at org.junit.runners.ParentRunner.access$100(ParentRunner.java:66) [junit-4.13.jar:4.13]
	at org.junit.runners.ParentRunner$2.evaluate(ParentRunner.java:293) [junit-4.13.jar:4.13]
	at org.junit.runners.ParentRunner.run(ParentRunner.java:413) [junit-4.13.jar:4.13]
	at org.junit.runners.Suite.runChild(Suite.java:128) [junit-4.13.jar:4.13]
	at org.junit.runners.Suite.runChild(Suite.java:27) [junit-4.13.jar:4.13]
	at org.junit.runners.ParentRunner$4.run(ParentRunner.java:331) [junit-4.13.jar:4.13]
	at org.junit.runners.ParentRunner$1.schedule(ParentRunner.java:79) [junit-4.13.jar:4.13]
	at org.junit.runners.ParentRunner.runChildren(ParentRunner.java:329) [junit-4.13.jar:4.13]
	at org.junit.runners.ParentRunner.access$100(ParentRunner.java:66) [junit-4.13.jar:4.13]
	at org.junit.runners.ParentRunner$2.evaluate(ParentRunner.java:293) [junit-4.13.jar:4.13]
	at org.junit.runners.ParentRunner$3.evaluate(ParentRunner.java:306) [junit-4.13.jar:4.13]
	at org.junit.runners.ParentRunner.run(ParentRunner.java:413) [junit-4.13.jar:4.13]
	at org.eclipse.jdt.internal.junit4.runner.JUnit4TestReference.run(JUnit4TestReference.java:93) [.cp/:?]
	at org.eclipse.jdt.internal.junit.runner.TestExecution.run(TestExecution.java:40) [.cp/:?]
	at org.eclipse.jdt.internal.junit.runner.RemoteTestRunner.runTests(RemoteTestRunner.java:530) [.cp/:?]
	at org.eclipse.jdt.internal.junit.runner.RemoteTestRunner.runTests(RemoteTestRunner.java:758) [.cp/:?]
	at org.eclipse.jdt.internal.junit.runner.RemoteTestRunner.run(RemoteTestRunner.java:453) [.cp/:?]
	at org.eclipse.jdt.internal.junit.runner.RemoteTestRunner.main(RemoteTestRunner.java:211) [.cp/:?]
2025-12-29 14:43:41 INFO  === END   tests.ButtonValidationTest.testButtonDisabledUntilAllFieldsFilled[Exp#1 [f1=1, f2=1, f3=1, f4=1, f5=1, f6=1, f7=1, f8=1]] ===
2025-12-29 14:43:41 INFO  === START tests.ButtonValidationTest.testButtonDisabledUntilAllFieldsFilled[Exp#2 [f1=1, f2=1, f3=2, f4=2, f5=2, f6=2, f7=2, f8=2]] ===
2025-12-29 14:43:46 INFO  STEP PASS: Button should be disabled on page load
2025-12-29 14:43:47 INFO  STEP PASS: Button should be disabled after 1 fill
2025-12-29 14:43:47 ERROR === FAIL  tests.ButtonValidationTest.testButtonDisabledUntilAllFieldsFilled[Exp#2 [f1=1, f2=1, f3=2, f4=2, f5=2, f6=2, f7=2, f8=2]] ===
java.lang.UnsupportedOperationException: You may not select a disabled option
	at org.openqa.selenium.support.ui.Select.assertOptionIsEnabled(Select.java:403) ~[selenium-support-4.39.0.jar:?]
	at org.openqa.selenium.support.ui.Select.setSelected(Select.java:328) ~[selenium-support-4.39.0.jar:?]
	at org.openqa.selenium.support.ui.Select.setSelectedByIndex(Select.java:314) ~[selenium-support-4.39.0.jar:?]
	at org.openqa.selenium.support.ui.Select.selectByIndex(Select.java:173) ~[selenium-support-4.39.0.jar:?]
	at pages.GiftFormPage.selectLevel(GiftFormPage.java:60) ~[test-classes/:?]
	at pages.GiftFormPage.fillAll(GiftFormPage.java:64) ~[test-classes/:?]
	at tests.ButtonValidationTest.testButtonDisabledUntilAllFieldsFilled(ButtonValidationTest.java:37) ~[test-classes/:?]
	at jdk.internal.reflect.DirectMethodHandleAccessor.invoke(DirectMethodHandleAccessor.java:103) ~[?:?]
	at java.lang.reflect.Method.invoke(Method.java:580) ~[?:?]
	at org.junit.runners.model.FrameworkMethod$1.runReflectiveCall(FrameworkMethod.java:59) ~[junit-4.13.jar:4.13]
	at org.junit.internal.runners.model.ReflectiveCallable.run(ReflectiveCallable.java:12) ~[junit-4.13.jar:4.13]
	at org.junit.runners.model.FrameworkMethod.invokeExplosively(FrameworkMethod.java:56) ~[junit-4.13.jar:4.13]
	at org.junit.internal.runners.statements.InvokeMethod.evaluate(InvokeMethod.java:17) ~[junit-4.13.jar:4.13]
	at org.junit.internal.runners.statements.RunBefores.evaluate(RunBefores.java:26) ~[junit-4.13.jar:4.13]
	at org.junit.internal.runners.statements.RunAfters.evaluate(RunAfters.java:27) ~[junit-4.13.jar:4.13]
	at org.junit.rules.TestWatcher$1.evaluate(TestWatcher.java:61) [junit-4.13.jar:4.13]
	at org.junit.runners.ParentRunner$3.evaluate(ParentRunner.java:306) [junit-4.13.jar:4.13]
	at org.junit.runners.BlockJUnit4ClassRunner$1.evaluate(BlockJUnit4ClassRunner.java:100) [junit-4.13.jar:4.13]
	at org.junit.runners.ParentRunner.runLeaf(ParentRunner.java:366) [junit-4.13.jar:4.13]
	at org.junit.runners.BlockJUnit4ClassRunner.runChild(BlockJUnit4ClassRunner.java:103) [junit-4.13.jar:4.13]
	at org.junit.runners.BlockJUnit4ClassRunner.runChild(BlockJUnit4ClassRunner.java:63) [junit-4.13.jar:4.13]
	at org.junit.runners.ParentRunner$4.run(ParentRunner.java:331) [junit-4.13.jar:4.13]
	at org.junit.runners.ParentRunner$1.schedule(ParentRunner.java:79) [junit-4.13.jar:4.13]
	at org.junit.runners.ParentRunner.runChildren(ParentRunner.java:329) [junit-4.13.jar:4.13]
	at org.junit.runners.ParentRunner.access$100(ParentRunner.java:66) [junit-4.13.jar:4.13]
	at org.junit.runners.ParentRunner$2.evaluate(ParentRunner.java:293) [junit-4.13.jar:4.13]
	at org.junit.runners.ParentRunner.run(ParentRunner.java:413) [junit-4.13.jar:4.13]
	at org.junit.runners.Suite.runChild(Suite.java:128) [junit-4.13.jar:4.13]
	at org.junit.runners.Suite.runChild(Suite.java:27) [junit-4.13.jar:4.13]
	at org.junit.runners.ParentRunner$4.run(ParentRunner.java:331) [junit-4.13.jar:4.13]
	at org.junit.runners.ParentRunner$1.schedule(ParentRunner.java:79) [junit-4.13.jar:4.13]
	at org.junit.runners.ParentRunner.runChildren(ParentRunner.java:329) [junit-4.13.jar:4.13]
	at org.junit.runners.ParentRunner.access$100(ParentRunner.java:66) [junit-4.13.jar:4.13]
	at org.junit.runners.ParentRunner$2.evaluate(ParentRunner.java:293) [junit-4.13.jar:4.13]
	at org.junit.runners.ParentRunner$3.evaluate(ParentRunner.java:306) [junit-4.13.jar:4.13]
	at org.junit.runners.ParentRunner.run(ParentRunner.java:413) [junit-4.13.jar:4.13]
	at org.eclipse.jdt.internal.junit4.runner.JUnit4TestReference.run(JUnit4TestReference.java:93) [.cp/:?]
	at org.eclipse.jdt.internal.junit.runner.TestExecution.run(TestExecution.java:40) [.cp/:?]
	at org.eclipse.jdt.internal.junit.runner.RemoteTestRunner.runTests(RemoteTestRunner.java:530) [.cp/:?]
	at org.eclipse.jdt.internal.junit.runner.RemoteTestRunner.runTests(RemoteTestRunner.java:758) [.cp/:?]
	at org.eclipse.jdt.internal.junit.runner.RemoteTestRunner.run(RemoteTestRunner.java:453) [.cp/:?]
	at org.eclipse.jdt.internal.junit.runner.RemoteTestRunner.main(RemoteTestRunner.java:211) [.cp/:?]
2025-12-29 14:43:47 INFO  === END   tests.ButtonValidationTest.testButtonDisabledUntilAllFieldsFilled[Exp#2 [f1=1, f2=1, f3=2, f4=2, f5=2, f6=2, f7=2, f8=2]] ===
2025-12-29 14:43:47 INFO  === START tests.ButtonValidationTest.testButtonDisabledUntilAllFieldsFilled[Exp#3 [f1=1, f2=1, f3=3, f4=3, f5=3, f6=3, f7=3, f8=3]] ===
2025-12-29 14:43:51 INFO  STEP PASS: Button should be disabled on page load
2025-12-29 14:43:51 INFO  STEP PASS: Button should be disabled after 1 fill
2025-12-29 14:43:52 ERROR === FAIL  tests.ButtonValidationTest.testButtonDisabledUntilAllFieldsFilled[Exp#3 [f1=1, f2=1, f3=3, f4=3, f5=3, f6=3, f7=3, f8=3]] ===
java.lang.UnsupportedOperationException: You may not select a disabled option
	at org.openqa.selenium.support.ui.Select.assertOptionIsEnabled(Select.java:403) ~[selenium-support-4.39.0.jar:?]
	at org.openqa.selenium.support.ui.Select.setSelected(Select.java:328) ~[selenium-support-4.39.0.jar:?]
	at org.openqa.selenium.support.ui.Select.setSelectedByIndex(Select.java:314) ~[selenium-support-4.39.0.jar:?]
	at org.openqa.selenium.support.ui.Select.selectByIndex(Select.java:173) ~[selenium-support-4.39.0.jar:?]
	at pages.GiftFormPage.selectLevel(GiftFormPage.java:60) ~[test-classes/:?]
	at pages.GiftFormPage.fillAll(GiftFormPage.java:64) ~[test-classes/:?]
	at tests.ButtonValidationTest.testButtonDisabledUntilAllFieldsFilled(ButtonValidationTest.java:37) ~[test-classes/:?]
	at jdk.internal.reflect.DirectMethodHandleAccessor.invoke(DirectMethodHandleAccessor.java:103) ~[?:?]
	at java.lang.reflect.Method.invoke(Method.java:580) ~[?:?]
	at org.junit.runners.model.FrameworkMethod$1.runReflectiveCall(FrameworkMethod.java:59) ~[junit-4.13.jar:4.13]
	at org.junit.internal.runners.model.ReflectiveCallable.run(ReflectiveCallable.java:12) ~[junit-4.13.jar:4.13]
	at org.junit.runners.model.FrameworkMethod.invokeExplosively(FrameworkMethod.java:56) ~[junit-4.13.jar:4.13]
	at org.junit.internal.runners.statements.InvokeMethod.evaluate(InvokeMethod.java:17) ~[junit-4.13.jar:4.13]
	at org.junit.internal.runners.statements.RunBefores.evaluate(RunBefores.java:26) ~[junit-4.13.jar:4.13]
	at org.junit.internal.runners.statements.RunAfters.evaluate(RunAfters.java:27) ~[junit-4.13.jar:4.13]
	at org.junit.rules.TestWatcher$1.evaluate(TestWatcher.java:61) [junit-4.13.jar:4.13]
	at org.junit.runners.ParentRunner$3.evaluate(ParentRunner.java:306) [junit-4.13.jar:4.13]
	at org.junit.runners.BlockJUnit4ClassRunner$1.evaluate(BlockJUnit4ClassRunner.java:100) [junit-4.13.jar:4.13]
	at org.junit.runners.ParentRunner.runLeaf(ParentRunner.java:366) [junit-4.13.jar:4.13]
	at org.junit.runners.BlockJUnit4ClassRunner.runChild(BlockJUnit4ClassRunner.java:103) [junit-4.13.jar:4.13]
	at org.junit.runners.BlockJUnit4ClassRunner.runChild(BlockJUnit4ClassRunner.java:63) [junit-4.13.jar:4.13]
	at org.junit.runners.ParentRunner$4.run(ParentRunner.java:331) [junit-4.13.jar:4.13]
	at org.junit.runners.ParentRunner$1.schedule(ParentRunner.java:79) [junit-4.13.jar:4.13]
	at org.junit.runners.ParentRunner.runChildren(ParentRunner.java:329) [junit-4.13.jar:4.13]
	at org.junit.runners.ParentRunner.access$100(ParentRunner.java:66) [junit-4.13.jar:4.13]
	at org.junit.runners.ParentRunner$2.evaluate(ParentRunner.java:293) [junit-4.13.jar:4.13]
	at org.junit.runners.ParentRunner.run(ParentRunner.java:413) [junit-4.13.jar:4.13]
	at org.junit.runners.Suite.runChild(Suite.java:128) [junit-4.13.jar:4.13]
	at org.junit.runners.Suite.runChild(Suite.java:27) [junit-4.13.jar:4.13]
	at org.junit.runners.ParentRunner$4.run(ParentRunner.java:331) [junit-4.13.jar:4.13]
	at org.junit.runners.ParentRunner$1.schedule(ParentRunner.java:79) [junit-4.13.jar:4.13]
	at org.junit.runners.ParentRunner.runChildren(ParentRunner.java:329) [junit-4.13.jar:4.13]
	at org.junit.runners.ParentRunner.access$100(ParentRunner.java:66) [junit-4.13.jar:4.13]
	at org.junit.runners.ParentRunner$2.evaluate(ParentRunner.java:293) [junit-4.13.jar:4.13]
	at org.junit.runners.ParentRunner$3.evaluate(ParentRunner.java:306) [junit-4.13.jar:4.13]
	at org.junit.runners.ParentRunner.run(ParentRunner.java:413) [junit-4.13.jar:4.13]
	at org.eclipse.jdt.internal.junit4.runner.JUnit4TestReference.run(JUnit4TestReference.java:93) [.cp/:?]
	at org.eclipse.jdt.internal.junit.runner.TestExecution.run(TestExecution.java:40) [.cp/:?]
	at org.eclipse.jdt.internal.junit.runner.RemoteTestRunner.runTests(RemoteTestRunner.java:530) [.cp/:?]
	at org.eclipse.jdt.internal.junit.runner.RemoteTestRunner.runTests(RemoteTestRunner.java:758) [.cp/:?]
	at org.eclipse.jdt.internal.junit.runner.RemoteTestRunner.run(RemoteTestRunner.java:453) [.cp/:?]
	at org.eclipse.jdt.internal.junit.runner.RemoteTestRunner.main(RemoteTestRunner.java:211) [.cp/:?]
2025-12-29 14:43:52 INFO  === END   tests.ButtonValidationTest.testButtonDisabledUntilAllFieldsFilled[Exp#3 [f1=1, f2=1, f3=3, f4=3, f5=3, f6=3, f7=3, f8=3]] ===
2025-12-29 14:43:52 INFO  === START tests.ButtonValidationTest.testButtonDisabledUntilAllFieldsFilled[Exp#4 [f1=1, f2=2, f3=1, f4=1, f5=2, f6=2, f7=3, f8=3]] ===
2025-12-29 14:43:56 INFO  STEP PASS: Button should be disabled on page load
2025-12-29 14:43:56 INFO  STEP PASS: Button should be disabled after 1 fill
2025-12-29 14:43:57 ERROR === FAIL  tests.ButtonValidationTest.testButtonDisabledUntilAllFieldsFilled[Exp#4 [f1=1, f2=2, f3=1, f4=1, f5=2, f6=2, f7=3, f8=3]] ===
java.lang.UnsupportedOperationException: You may not select a disabled option
	at org.openqa.selenium.support.ui.Select.assertOptionIsEnabled(Select.java:403) ~[selenium-support-4.39.0.jar:?]
	at org.openqa.selenium.support.ui.Select.setSelected(Select.java:328) ~[selenium-support-4.39.0.jar:?]
	at org.openqa.selenium.support.ui.Select.setSelectedByIndex(Select.java:314) ~[selenium-support-4.39.0.jar:?]
	at org.openqa.selenium.support.ui.Select.selectByIndex(Select.java:173) ~[selenium-support-4.39.0.jar:?]
	at pages.GiftFormPage.selectLevel(GiftFormPage.java:60) ~[test-classes/:?]
	at pages.GiftFormPage.fillAll(GiftFormPage.java:64) ~[test-classes/:?]
	at tests.ButtonValidationTest.testButtonDisabledUntilAllFieldsFilled(ButtonValidationTest.java:37) ~[test-classes/:?]
	at jdk.internal.reflect.DirectMethodHandleAccessor.invoke(DirectMethodHandleAccessor.java:103) ~[?:?]
	at java.lang.reflect.Method.invoke(Method.java:580) ~[?:?]
	at org.junit.runners.model.FrameworkMethod$1.runReflectiveCall(FrameworkMethod.java:59) ~[junit-4.13.jar:4.13]
	at org.junit.internal.runners.model.ReflectiveCallable.run(ReflectiveCallable.java:12) ~[junit-4.13.jar:4.13]
	at org.junit.runners.model.FrameworkMethod.invokeExplosively(FrameworkMethod.java:56) ~[junit-4.13.jar:4.13]
	at org.junit.internal.runners.statements.InvokeMethod.evaluate(InvokeMethod.java:17) ~[junit-4.13.jar:4.13]
	at org.junit.internal.runners.statements.RunBefores.evaluate(RunBefores.java:26) ~[junit-4.13.jar:4.13]
	at org.junit.internal.runners.statements.RunAfters.evaluate(RunAfters.java:27) ~[junit-4.13.jar:4.13]
	at org.junit.rules.TestWatcher$1.evaluate(TestWatcher.java:61) [junit-4.13.jar:4.13]
	at org.junit.runners.ParentRunner$3.evaluate(ParentRunner.java:306) [junit-4.13.jar:4.13]
	at org.junit.runners.BlockJUnit4ClassRunner$1.evaluate(BlockJUnit4ClassRunner.java:100) [junit-4.13.jar:4.13]
	at org.junit.runners.ParentRunner.runLeaf(ParentRunner.java:366) [junit-4.13.jar:4.13]
	at org.junit.runners.BlockJUnit4ClassRunner.runChild(BlockJUnit4ClassRunner.java:103) [junit-4.13.jar:4.13]
	at org.junit.runners.BlockJUnit4ClassRunner.runChild(BlockJUnit4ClassRunner.java:63) [junit-4.13.jar:4.13]
	at org.junit.runners.ParentRunner$4.run(ParentRunner.java:331) [junit-4.13.jar:4.13]
	at org.junit.runners.ParentRunner$1.schedule(ParentRunner.java:79) [junit-4.13.jar:4.13]
	at org.junit.runners.ParentRunner.runChildren(ParentRunner.java:329) [junit-4.13.jar:4.13]
	at org.junit.runners.ParentRunner.access$100(ParentRunner.java:66) [junit-4.13.jar:4.13]
	at org.junit.runners.ParentRunner$2.evaluate(ParentRunner.java:293) [junit-4.13.jar:4.13]
	at org.junit.runners.ParentRunner.run(ParentRunner.java:413) [junit-4.13.jar:4.13]
	at org.junit.runners.Suite.runChild(Suite.java:128) [junit-4.13.jar:4.13]
	at org.junit.runners.Suite.runChild(Suite.java:27) [junit-4.13.jar:4.13]
	at org.junit.runners.ParentRunner$4.run(ParentRunner.java:331) [junit-4.13.jar:4.13]
	at org.junit.runners.ParentRunner$1.schedule(ParentRunner.java:79) [junit-4.13.jar:4.13]
	at org.junit.runners.ParentRunner.runChildren(ParentRunner.java:329) [junit-4.13.jar:4.13]
	at org.junit.runners.ParentRunner.access$100(ParentRunner.java:66) [junit-4.13.jar:4.13]
	at org.junit.runners.ParentRunner$2.evaluate(ParentRunner.java:293) [junit-4.13.jar:4.13]
	at org.junit.runners.ParentRunner$3.evaluate(ParentRunner.java:306) [junit-4.13.jar:4.13]
	at org.junit.runners.ParentRunner.run(ParentRunner.java:413) [junit-4.13.jar:4.13]
	at org.eclipse.jdt.internal.junit4.runner.JUnit4TestReference.run(JUnit4TestReference.java:93) [.cp/:?]
	at org.eclipse.jdt.internal.junit.runner.TestExecution.run(TestExecution.java:40) [.cp/:?]
	at org.eclipse.jdt.internal.junit.runner.RemoteTestRunner.runTests(RemoteTestRunner.java:530) [.cp/:?]
	at org.eclipse.jdt.internal.junit.runner.RemoteTestRunner.runTests(RemoteTestRunner.java:758) [.cp/:?]
	at org.eclipse.jdt.internal.junit.runner.RemoteTestRunner.run(RemoteTestRunner.java:453) [.cp/:?]
	at org.eclipse.jdt.internal.junit.runner.RemoteTestRunner.main(RemoteTestRunner.java:211) [.cp/:?]
2025-12-29 14:43:57 INFO  === END   tests.ButtonValidationTest.testButtonDisabledUntilAllFieldsFilled[Exp#4 [f1=1, f2=2, f3=1, f4=1, f5=2, f6=2, f7=3, f8=3]] ===
2025-12-29 14:43:57 INFO  === START tests.ButtonValidationTest.testButtonDisabledUntilAllFieldsFilled[Exp#5 [f1=1, f2=2, f3=2, f4=2, f5=3, f6=3, f7=1, f8=1]] ===
2025-12-29 14:44:00 ERROR === FAIL  tests.ButtonValidationTest.testButtonDisabledUntilAllFieldsFilled[Exp#5 [f1=1, f2=2, f3=2, f4=2, f5=3, f6=3, f7=1, f8=1]] ===
org.openqa.selenium.NoSuchSessionException: invalid session id: session deleted as the browser has closed the connection
from disconnected: not connected to DevTools
  (Session info: chrome=143.0.7499.170)
Build info: version: '4.39.0', revision: '126f156aee'
System info: os.name: 'Windows 11', os.arch: 'amd64', os.version: '10.0', java.version: '23.0.1'
Driver info: org.openqa.selenium.chrome.ChromeDriver
Command: [596857c1b8f37f73f0f6c87bf37ef988, findElement {value=dropdown-f1, using=id}]
Capabilities {acceptInsecureCerts: false, browserName: chrome, browserVersion: 143.0.7499.170, chrome: {chromedriverVersion: 143.0.7499.169 (164b20aab62..., userDataDir: C:\Users\igor1\AppData\Loca...}, fedcm:accounts: true, goog:chromeOptions: {debuggerAddress: localhost:60348}, goog:processID: 8184, networkConnectionEnabled: false, pageLoadStrategy: normal, platformName: windows, proxy: Proxy(), se:cdp: ws://localhost:60348/devtoo..., se:cdpVersion: 143.0.7499.170, setWindowRect: true, strictFileInteractability: false, timeouts: {implicit: 0, pageLoad: 300000, script: 30000}, unhandledPromptBehavior: dismiss and notify, webauthn:extension:credBlob: true, webauthn:extension:largeBlob: true, webauthn:extension:minPinLength: true, webauthn:extension:prf: true, webauthn:virtualAuthenticators: true}
Session ID: 596857c1b8f37f73f0f6c87bf37ef988
	at jdk.internal.reflect.DirectConstructorHandleAccessor.newInstance(DirectConstructorHandleAccessor.java:62) ~[?:?]
	at java.lang.reflect.Constructor.newInstanceWithCaller(Constructor.java:501) ~[?:?]
	at java.lang.reflect.Constructor.newInstance(Constructor.java:485) ~[?:?]
	at org.openqa.selenium.remote.ErrorCodec.decode(ErrorCodec.java:167) ~[selenium-remote-driver-4.39.0.jar:?]
	at org.openqa.selenium.remote.codec.w3c.W3CHttpResponseCodec.decode(W3CHttpResponseCodec.java:142) ~[selenium-remote-driver-4.39.0.jar:?]
	at org.openqa.selenium.remote.codec.w3c.W3CHttpResponseCodec.decode(W3CHttpResponseCodec.java:49) ~[selenium-remote-driver-4.39.0.jar:?]
	at org.openqa.selenium.remote.HttpCommandExecutor.execute(HttpCommandExecutor.java:215) ~[selenium-remote-driver-4.39.0.jar:?]
	at org.openqa.selenium.remote.service.DriverCommandExecutor.invokeExecute(DriverCommandExecutor.java:216) ~[selenium-remote-driver-4.39.0.jar:?]
	at org.openqa.selenium.remote.service.DriverCommandExecutor.execute(DriverCommandExecutor.java:174) ~[selenium-remote-driver-4.39.0.jar:?]
	at org.openqa.selenium.remote.RemoteWebDriver.execute(RemoteWebDriver.java:561) ~[selenium-remote-driver-4.39.0.jar:?]
	at org.openqa.selenium.remote.ElementLocation$ElementFinder$2.findElement(ElementLocation.java:166) ~[selenium-remote-driver-4.39.0.jar:?]
	at org.openqa.selenium.remote.ElementLocation.findElement(ElementLocation.java:60) ~[selenium-remote-driver-4.39.0.jar:?]
	at org.openqa.selenium.remote.RemoteWebDriver.findElement(RemoteWebDriver.java:384) ~[selenium-remote-driver-4.39.0.jar:?]
	at org.openqa.selenium.remote.RemoteWebDriver.findElement(RemoteWebDriver.java:378) ~[selenium-remote-driver-4.39.0.jar:?]
	at org.openqa.selenium.support.ui.ExpectedConditions$6.apply(ExpectedConditions.java:174) ~[selenium-support-4.39.0.jar:?]
	at org.openqa.selenium.support.ui.ExpectedConditions$6.apply(ExpectedConditions.java:171) ~[selenium-support-4.39.0.jar:?]
	at org.openqa.selenium.support.ui.FluentWait.until(FluentWait.java:203) ~[selenium-support-4.39.0.jar:?]
	at pages.GiftFormPage.waitUntilLoaded(GiftFormPage.java:38) ~[test-classes/:?]
	at tests.BaseTest.openInputPage(BaseTest.java:65) ~[test-classes/:?]
	at tests.ButtonValidationTest.testButtonDisabledUntilAllFieldsFilled(ButtonValidationTest.java:29) ~[test-classes/:?]
	at jdk.internal.reflect.DirectMethodHandleAccessor.invoke(DirectMethodHandleAccessor.java:103) ~[?:?]
	at java.lang.reflect.Method.invoke(Method.java:580) ~[?:?]
	at org.junit.runners.model.FrameworkMethod$1.runReflectiveCall(FrameworkMethod.java:59) ~[junit-4.13.jar:4.13]
	at org.junit.internal.runners.model.ReflectiveCallable.run(ReflectiveCallable.java:12) ~[junit-4.13.jar:4.13]
	at org.junit.runners.model.FrameworkMethod.invokeExplosively(FrameworkMethod.java:56) ~[junit-4.13.jar:4.13]
	at org.junit.internal.runners.statements.InvokeMethod.evaluate(InvokeMethod.java:17) ~[junit-4.13.jar:4.13]
	at org.junit.internal.runners.statements.RunBefores.evaluate(RunBefores.java:26) ~[junit-4.13.jar:4.13]
	at org.junit.internal.runners.statements.RunAfters.evaluate(RunAfters.java:27) ~[junit-4.13.jar:4.13]
	at org.junit.rules.TestWatcher$1.evaluate(TestWatcher.java:61) [junit-4.13.jar:4.13]
	at org.junit.runners.ParentRunner$3.evaluate(ParentRunner.java:306) [junit-4.13.jar:4.13]
	at org.junit.runners.BlockJUnit4ClassRunner$1.evaluate(BlockJUnit4ClassRunner.java:100) [junit-4.13.jar:4.13]
	at org.junit.runners.ParentRunner.runLeaf(ParentRunner.java:366) [junit-4.13.jar:4.13]
	at org.junit.runners.BlockJUnit4ClassRunner.runChild(BlockJUnit4ClassRunner.java:103) [junit-4.13.jar:4.13]
	at org.junit.runners.BlockJUnit4ClassRunner.runChild(BlockJUnit4ClassRunner.java:63) [junit-4.13.jar:4.13]
	at org.junit.runners.ParentRunner$4.run(ParentRunner.java:331) [junit-4.13.jar:4.13]
	at org.junit.runners.ParentRunner$1.schedule(ParentRunner.java:79) [junit-4.13.jar:4.13]
	at org.junit.runners.ParentRunner.runChildren(ParentRunner.java:329) [junit-4.13.jar:4.13]
	at org.junit.runners.ParentRunner.access$100(ParentRunner.java:66) [junit-4.13.jar:4.13]
	at org.junit.runners.ParentRunner$2.evaluate(ParentRunner.java:293) [junit-4.13.jar:4.13]
	at org.junit.runners.ParentRunner.run(ParentRunner.java:413) [junit-4.13.jar:4.13]
	at org.junit.runners.Suite.runChild(Suite.java:128) [junit-4.13.jar:4.13]
	at org.junit.runners.Suite.runChild(Suite.java:27) [junit-4.13.jar:4.13]
	at org.junit.runners.ParentRunner$4.run(ParentRunner.java:331) [junit-4.13.jar:4.13]
	at org.junit.runners.ParentRunner$1.schedule(ParentRunner.java:79) [junit-4.13.jar:4.13]
	at org.junit.runners.ParentRunner.runChildren(ParentRunner.java:329) [junit-4.13.jar:4.13]
	at org.junit.runners.ParentRunner.access$100(ParentRunner.java:66) [junit-4.13.jar:4.13]
	at org.junit.runners.ParentRunner$2.evaluate(ParentRunner.java:293) [junit-4.13.jar:4.13]
	at org.junit.runners.ParentRunner$3.evaluate(ParentRunner.java:306) [junit-4.13.jar:4.13]
	at org.junit.runners.ParentRunner.run(ParentRunner.java:413) [junit-4.13.jar:4.13]
	at org.eclipse.jdt.internal.junit4.runner.JUnit4TestReference.run(JUnit4TestReference.java:93) [.cp/:?]
	at org.eclipse.jdt.internal.junit.runner.TestExecution.run(TestExecution.java:40) [.cp/:?]
	at org.eclipse.jdt.internal.junit.runner.RemoteTestRunner.runTests(RemoteTestRunner.java:530) [.cp/:?]
	at org.eclipse.jdt.internal.junit.runner.RemoteTestRunner.runTests(RemoteTestRunner.java:758) [.cp/:?]
	at org.eclipse.jdt.internal.junit.runner.RemoteTestRunner.run(RemoteTestRunner.java:453) [.cp/:?]
	at org.eclipse.jdt.internal.junit.runner.RemoteTestRunner.main(RemoteTestRunner.java:211) [.cp/:?]
2025-12-29 14:44:00 INFO  === END   tests.ButtonValidationTest.testButtonDisabledUntilAllFieldsFilled[Exp#5 [f1=1, f2=2, f3=2, f4=2, f5=3, f6=3, f7=1, f8=1]] ===
2025-12-29 14:44:00 INFO  === START tests.ButtonValidationTest.testButtonDisabledUntilAllFieldsFilled[Exp#6 [f1=1, f2=2, f3=3, f4=3, f5=1, f6=1, f7=2, f8=2]] ===
2025-12-29 14:44:04 INFO  STEP PASS: Button should be disabled on page load
2025-12-29 15:02:53 INFO  === START tests.ButtonValidationTest.testButtonDisabledUntilAllFieldsFilled[Exp#1 [f1=0, f2=0, f3=0, f4=0, f5=0, f6=0, f7=0, f8=0]] ===
2025-12-29 15:03:03 ERROR === FAIL  tests.ButtonValidationTest.testButtonDisabledUntilAllFieldsFilled[Exp#1 [f1=0, f2=0, f3=0, f4=0, f5=0, f6=0, f7=0, f8=0]] ===
java.lang.UnsupportedOperationException: You may not select a disabled option
	at org.openqa.selenium.support.ui.Select.assertOptionIsEnabled(Select.java:403) ~[selenium-support-4.39.0.jar:?]
	at org.openqa.selenium.support.ui.Select.setSelected(Select.java:328) ~[selenium-support-4.39.0.jar:?]
	at org.openqa.selenium.support.ui.Select.setSelectedByIndex(Select.java:314) ~[selenium-support-4.39.0.jar:?]
	at org.openqa.selenium.support.ui.Select.selectByIndex(Select.java:173) ~[selenium-support-4.39.0.jar:?]
	at pages.GiftFormPage.selectLevel(GiftFormPage.java:60) ~[test-classes/:?]
	at pages.GiftFormPage.fillAll(GiftFormPage.java:64) ~[test-classes/:?]
	at tests.BaseTest.getInputPage(BaseTest.java:71) ~[test-classes/:?]
	at tests.ButtonValidationTest.testButtonDisabledUntilAllFieldsFilled(ButtonValidationTest.java:29) ~[test-classes/:?]
	at jdk.internal.reflect.DirectMethodHandleAccessor.invoke(DirectMethodHandleAccessor.java:103) ~[?:?]
	at java.lang.reflect.Method.invoke(Method.java:580) ~[?:?]
	at org.junit.runners.model.FrameworkMethod$1.runReflectiveCall(FrameworkMethod.java:59) ~[junit-4.13.jar:4.13]
	at org.junit.internal.runners.model.ReflectiveCallable.run(ReflectiveCallable.java:12) ~[junit-4.13.jar:4.13]
	at org.junit.runners.model.FrameworkMethod.invokeExplosively(FrameworkMethod.java:56) ~[junit-4.13.jar:4.13]
	at org.junit.internal.runners.statements.InvokeMethod.evaluate(InvokeMethod.java:17) ~[junit-4.13.jar:4.13]
	at org.junit.internal.runners.statements.RunBefores.evaluate(RunBefores.java:26) ~[junit-4.13.jar:4.13]
	at org.junit.internal.runners.statements.RunAfters.evaluate(RunAfters.java:27) ~[junit-4.13.jar:4.13]
	at org.junit.rules.TestWatcher$1.evaluate(TestWatcher.java:61) [junit-4.13.jar:4.13]
	at org.junit.runners.ParentRunner$3.evaluate(ParentRunner.java:306) [junit-4.13.jar:4.13]
	at org.junit.runners.BlockJUnit4ClassRunner$1.evaluate(BlockJUnit4ClassRunner.java:100) [junit-4.13.jar:4.13]
	at org.junit.runners.ParentRunner.runLeaf(ParentRunner.java:366) [junit-4.13.jar:4.13]
	at org.junit.runners.BlockJUnit4ClassRunner.runChild(BlockJUnit4ClassRunner.java:103) [junit-4.13.jar:4.13]
	at org.junit.runners.BlockJUnit4ClassRunner.runChild(BlockJUnit4ClassRunner.java:63) [junit-4.13.jar:4.13]
	at org.junit.runners.ParentRunner$4.run(ParentRunner.java:331) [junit-4.13.jar:4.13]
	at org.junit.runners.ParentRunner$1.schedule(ParentRunner.java:79) [junit-4.13.jar:4.13]
	at org.junit.runners.ParentRunner.runChildren(ParentRunner.java:329) [junit-4.13.jar:4.13]
	at org.junit.runners.ParentRunner.access$100(ParentRunner.java:66) [junit-4.13.jar:4.13]
	at org.junit.runners.ParentRunner$2.evaluate(ParentRunner.java:293) [junit-4.13.jar:4.13]
	at org.junit.runners.ParentRunner.run(ParentRunner.java:413) [junit-4.13.jar:4.13]
	at org.junit.runners.Suite.runChild(Suite.java:128) [junit-4.13.jar:4.13]
	at org.junit.runners.Suite.runChild(Suite.java:27) [junit-4.13.jar:4.13]
	at org.junit.runners.ParentRunner$4.run(ParentRunner.java:331) [junit-4.13.jar:4.13]
	at org.junit.runners.ParentRunner$1.schedule(ParentRunner.java:79) [junit-4.13.jar:4.13]
	at org.junit.runners.ParentRunner.runChildren(ParentRunner.java:329) [junit-4.13.jar:4.13]
	at org.junit.runners.ParentRunner.access$100(ParentRunner.java:66) [junit-4.13.jar:4.13]
	at org.junit.runners.ParentRunner$2.evaluate(ParentRunner.java:293) [junit-4.13.jar:4.13]
	at org.junit.runners.ParentRunner$3.evaluate(ParentRunner.java:306) [junit-4.13.jar:4.13]
	at org.junit.runners.ParentRunner.run(ParentRunner.java:413) [junit-4.13.jar:4.13]
	at org.eclipse.jdt.internal.junit4.runner.JUnit4TestReference.run(JUnit4TestReference.java:93) [.cp/:?]
	at org.eclipse.jdt.internal.junit.runner.TestExecution.run(TestExecution.java:40) [.cp/:?]
	at org.eclipse.jdt.internal.junit.runner.RemoteTestRunner.runTests(RemoteTestRunner.java:530) [.cp/:?]
	at org.eclipse.jdt.internal.junit.runner.RemoteTestRunner.runTests(RemoteTestRunner.java:758) [.cp/:?]
	at org.eclipse.jdt.internal.junit.runner.RemoteTestRunner.run(RemoteTestRunner.java:453) [.cp/:?]
	at org.eclipse.jdt.internal.junit.runner.RemoteTestRunner.main(RemoteTestRunner.java:211) [.cp/:?]
2025-12-29 15:03:03 INFO  === END   tests.ButtonValidationTest.testButtonDisabledUntilAllFieldsFilled[Exp#1 [f1=0, f2=0, f3=0, f4=0, f5=0, f6=0, f7=0, f8=0]] ===
2025-12-29 15:03:03 INFO  === START tests.ButtonValidationTest.testButtonDisabledUntilAllFieldsFilled[Exp#2 [f1=1, f2=0, f3=0, f4=0, f5=0, f6=0, f7=0, f8=0]] ===
2025-12-29 15:03:09 ERROR === FAIL  tests.ButtonValidationTest.testButtonDisabledUntilAllFieldsFilled[Exp#2 [f1=1, f2=0, f3=0, f4=0, f5=0, f6=0, f7=0, f8=0]] ===
java.lang.UnsupportedOperationException: You may not select a disabled option
	at org.openqa.selenium.support.ui.Select.assertOptionIsEnabled(Select.java:403) ~[selenium-support-4.39.0.jar:?]
	at org.openqa.selenium.support.ui.Select.setSelected(Select.java:328) ~[selenium-support-4.39.0.jar:?]
	at org.openqa.selenium.support.ui.Select.setSelectedByIndex(Select.java:314) ~[selenium-support-4.39.0.jar:?]
	at org.openqa.selenium.support.ui.Select.selectByIndex(Select.java:173) ~[selenium-support-4.39.0.jar:?]
	at pages.GiftFormPage.selectLevel(GiftFormPage.java:60) ~[test-classes/:?]
	at pages.GiftFormPage.fillAll(GiftFormPage.java:65) ~[test-classes/:?]
	at tests.BaseTest.getInputPage(BaseTest.java:71) ~[test-classes/:?]
	at tests.ButtonValidationTest.testButtonDisabledUntilAllFieldsFilled(ButtonValidationTest.java:29) ~[test-classes/:?]
	at jdk.internal.reflect.DirectMethodHandleAccessor.invoke(DirectMethodHandleAccessor.java:103) ~[?:?]
	at java.lang.reflect.Method.invoke(Method.java:580) ~[?:?]
	at org.junit.runners.model.FrameworkMethod$1.runReflectiveCall(FrameworkMethod.java:59) ~[junit-4.13.jar:4.13]
	at org.junit.internal.runners.model.ReflectiveCallable.run(ReflectiveCallable.java:12) ~[junit-4.13.jar:4.13]
	at org.junit.runners.model.FrameworkMethod.invokeExplosively(FrameworkMethod.java:56) ~[junit-4.13.jar:4.13]
	at org.junit.internal.runners.statements.InvokeMethod.evaluate(InvokeMethod.java:17) ~[junit-4.13.jar:4.13]
	at org.junit.internal.runners.statements.RunBefores.evaluate(RunBefores.java:26) ~[junit-4.13.jar:4.13]
	at org.junit.internal.runners.statements.RunAfters.evaluate(RunAfters.java:27) ~[junit-4.13.jar:4.13]
	at org.junit.rules.TestWatcher$1.evaluate(TestWatcher.java:61) [junit-4.13.jar:4.13]
	at org.junit.runners.ParentRunner$3.evaluate(ParentRunner.java:306) [junit-4.13.jar:4.13]
	at org.junit.runners.BlockJUnit4ClassRunner$1.evaluate(BlockJUnit4ClassRunner.java:100) [junit-4.13.jar:4.13]
	at org.junit.runners.ParentRunner.runLeaf(ParentRunner.java:366) [junit-4.13.jar:4.13]
	at org.junit.runners.BlockJUnit4ClassRunner.runChild(BlockJUnit4ClassRunner.java:103) [junit-4.13.jar:4.13]
	at org.junit.runners.BlockJUnit4ClassRunner.runChild(BlockJUnit4ClassRunner.java:63) [junit-4.13.jar:4.13]
	at org.junit.runners.ParentRunner$4.run(ParentRunner.java:331) [junit-4.13.jar:4.13]
	at org.junit.runners.ParentRunner$1.schedule(ParentRunner.java:79) [junit-4.13.jar:4.13]
	at org.junit.runners.ParentRunner.runChildren(ParentRunner.java:329) [junit-4.13.jar:4.13]
	at org.junit.runners.ParentRunner.access$100(ParentRunner.java:66) [junit-4.13.jar:4.13]
	at org.junit.runners.ParentRunner$2.evaluate(ParentRunner.java:293) [junit-4.13.jar:4.13]
	at org.junit.runners.ParentRunner.run(ParentRunner.java:413) [junit-4.13.jar:4.13]
	at org.junit.runners.Suite.runChild(Suite.java:128) [junit-4.13.jar:4.13]
	at org.junit.runners.Suite.runChild(Suite.java:27) [junit-4.13.jar:4.13]
	at org.junit.runners.ParentRunner$4.run(ParentRunner.java:331) [junit-4.13.jar:4.13]
	at org.junit.runners.ParentRunner$1.schedule(ParentRunner.java:79) [junit-4.13.jar:4.13]
	at org.junit.runners.ParentRunner.runChildren(ParentRunner.java:329) [junit-4.13.jar:4.13]
	at org.junit.runners.ParentRunner.access$100(ParentRunner.java:66) [junit-4.13.jar:4.13]
	at org.junit.runners.ParentRunner$2.evaluate(ParentRunner.java:293) [junit-4.13.jar:4.13]
	at org.junit.runners.ParentRunner$3.evaluate(ParentRunner.java:306) [junit-4.13.jar:4.13]
	at org.junit.runners.ParentRunner.run(ParentRunner.java:413) [junit-4.13.jar:4.13]
	at org.eclipse.jdt.internal.junit4.runner.JUnit4TestReference.run(JUnit4TestReference.java:93) [.cp/:?]
	at org.eclipse.jdt.internal.junit.runner.TestExecution.run(TestExecution.java:40) [.cp/:?]
	at org.eclipse.jdt.internal.junit.runner.RemoteTestRunner.runTests(RemoteTestRunner.java:530) [.cp/:?]
	at org.eclipse.jdt.internal.junit.runner.RemoteTestRunner.runTests(RemoteTestRunner.java:758) [.cp/:?]
	at org.eclipse.jdt.internal.junit.runner.RemoteTestRunner.run(RemoteTestRunner.java:453) [.cp/:?]
	at org.eclipse.jdt.internal.junit.runner.RemoteTestRunner.main(RemoteTestRunner.java:211) [.cp/:?]
2025-12-29 15:03:09 INFO  === END   tests.ButtonValidationTest.testButtonDisabledUntilAllFieldsFilled[Exp#2 [f1=1, f2=0, f3=0, f4=0, f5=0, f6=0, f7=0, f8=0]] ===
2025-12-29 15:03:09 INFO  === START tests.ButtonValidationTest.testButtonDisabledUntilAllFieldsFilled[Exp#3 [f1=0, f2=1, f3=0, f4=0, f5=0, f6=0, f7=0, f8=0]] ===
2025-12-29 15:03:13 ERROR === FAIL  tests.ButtonValidationTest.testButtonDisabledUntilAllFieldsFilled[Exp#3 [f1=0, f2=1, f3=0, f4=0, f5=0, f6=0, f7=0, f8=0]] ===
java.lang.UnsupportedOperationException: You may not select a disabled option
	at org.openqa.selenium.support.ui.Select.assertOptionIsEnabled(Select.java:403) ~[selenium-support-4.39.0.jar:?]
	at org.openqa.selenium.support.ui.Select.setSelected(Select.java:328) ~[selenium-support-4.39.0.jar:?]
	at org.openqa.selenium.support.ui.Select.setSelectedByIndex(Select.java:314) ~[selenium-support-4.39.0.jar:?]
	at org.openqa.selenium.support.ui.Select.selectByIndex(Select.java:173) ~[selenium-support-4.39.0.jar:?]
	at pages.GiftFormPage.selectLevel(GiftFormPage.java:60) ~[test-classes/:?]
	at pages.GiftFormPage.fillAll(GiftFormPage.java:64) ~[test-classes/:?]
	at tests.BaseTest.getInputPage(BaseTest.java:71) ~[test-classes/:?]
	at tests.ButtonValidationTest.testButtonDisabledUntilAllFieldsFilled(ButtonValidationTest.java:29) ~[test-classes/:?]
	at jdk.internal.reflect.DirectMethodHandleAccessor.invoke(DirectMethodHandleAccessor.java:103) ~[?:?]
	at java.lang.reflect.Method.invoke(Method.java:580) ~[?:?]
	at org.junit.runners.model.FrameworkMethod$1.runReflectiveCall(FrameworkMethod.java:59) ~[junit-4.13.jar:4.13]
	at org.junit.internal.runners.model.ReflectiveCallable.run(ReflectiveCallable.java:12) ~[junit-4.13.jar:4.13]
	at org.junit.runners.model.FrameworkMethod.invokeExplosively(FrameworkMethod.java:56) ~[junit-4.13.jar:4.13]
	at org.junit.internal.runners.statements.InvokeMethod.evaluate(InvokeMethod.java:17) ~[junit-4.13.jar:4.13]
	at org.junit.internal.runners.statements.RunBefores.evaluate(RunBefores.java:26) ~[junit-4.13.jar:4.13]
	at org.junit.internal.runners.statements.RunAfters.evaluate(RunAfters.java:27) ~[junit-4.13.jar:4.13]
	at org.junit.rules.TestWatcher$1.evaluate(TestWatcher.java:61) [junit-4.13.jar:4.13]
	at org.junit.runners.ParentRunner$3.evaluate(ParentRunner.java:306) [junit-4.13.jar:4.13]
	at org.junit.runners.BlockJUnit4ClassRunner$1.evaluate(BlockJUnit4ClassRunner.java:100) [junit-4.13.jar:4.13]
	at org.junit.runners.ParentRunner.runLeaf(ParentRunner.java:366) [junit-4.13.jar:4.13]
	at org.junit.runners.BlockJUnit4ClassRunner.runChild(BlockJUnit4ClassRunner.java:103) [junit-4.13.jar:4.13]
	at org.junit.runners.BlockJUnit4ClassRunner.runChild(BlockJUnit4ClassRunner.java:63) [junit-4.13.jar:4.13]
	at org.junit.runners.ParentRunner$4.run(ParentRunner.java:331) [junit-4.13.jar:4.13]
	at org.junit.runners.ParentRunner$1.schedule(ParentRunner.java:79) [junit-4.13.jar:4.13]
	at org.junit.runners.ParentRunner.runChildren(ParentRunner.java:329) [junit-4.13.jar:4.13]
	at org.junit.runners.ParentRunner.access$100(ParentRunner.java:66) [junit-4.13.jar:4.13]
	at org.junit.runners.ParentRunner$2.evaluate(ParentRunner.java:293) [junit-4.13.jar:4.13]
	at org.junit.runners.ParentRunner.run(ParentRunner.java:413) [junit-4.13.jar:4.13]
	at org.junit.runners.Suite.runChild(Suite.java:128) [junit-4.13.jar:4.13]
	at org.junit.runners.Suite.runChild(Suite.java:27) [junit-4.13.jar:4.13]
	at org.junit.runners.ParentRunner$4.run(ParentRunner.java:331) [junit-4.13.jar:4.13]
	at org.junit.runners.ParentRunner$1.schedule(ParentRunner.java:79) [junit-4.13.jar:4.13]
	at org.junit.runners.ParentRunner.runChildren(ParentRunner.java:329) [junit-4.13.jar:4.13]
	at org.junit.runners.ParentRunner.access$100(ParentRunner.java:66) [junit-4.13.jar:4.13]
	at org.junit.runners.ParentRunner$2.evaluate(ParentRunner.java:293) [junit-4.13.jar:4.13]
	at org.junit.runners.ParentRunner$3.evaluate(ParentRunner.java:306) [junit-4.13.jar:4.13]
	at org.junit.runners.ParentRunner.run(ParentRunner.java:413) [junit-4.13.jar:4.13]
	at org.eclipse.jdt.internal.junit4.runner.JUnit4TestReference.run(JUnit4TestReference.java:93) [.cp/:?]
	at org.eclipse.jdt.internal.junit.runner.TestExecution.run(TestExecution.java:40) [.cp/:?]
	at org.eclipse.jdt.internal.junit.runner.RemoteTestRunner.runTests(RemoteTestRunner.java:530) [.cp/:?]
	at org.eclipse.jdt.internal.junit.runner.RemoteTestRunner.runTests(RemoteTestRunner.java:758) [.cp/:?]
	at org.eclipse.jdt.internal.junit.runner.RemoteTestRunner.run(RemoteTestRunner.java:453) [.cp/:?]
	at org.eclipse.jdt.internal.junit.runner.RemoteTestRunner.main(RemoteTestRunner.java:211) [.cp/:?]
2025-12-29 15:03:13 INFO  === END   tests.ButtonValidationTest.testButtonDisabledUntilAllFieldsFilled[Exp#3 [f1=0, f2=1, f3=0, f4=0, f5=0, f6=0, f7=0, f8=0]] ===
2025-12-29 15:03:13 INFO  === START tests.ButtonValidationTest.testButtonDisabledUntilAllFieldsFilled[Exp#4 [f1=0, f2=0, f3=1, f4=0, f5=0, f6=0, f7=0, f8=0]] ===
2025-12-29 15:03:19 ERROR === FAIL  tests.ButtonValidationTest.testButtonDisabledUntilAllFieldsFilled[Exp#4 [f1=0, f2=0, f3=1, f4=0, f5=0, f6=0, f7=0, f8=0]] ===
java.lang.UnsupportedOperationException: You may not select a disabled option
	at org.openqa.selenium.support.ui.Select.assertOptionIsEnabled(Select.java:403) ~[selenium-support-4.39.0.jar:?]
	at org.openqa.selenium.support.ui.Select.setSelected(Select.java:328) ~[selenium-support-4.39.0.jar:?]
	at org.openqa.selenium.support.ui.Select.setSelectedByIndex(Select.java:314) ~[selenium-support-4.39.0.jar:?]
	at org.openqa.selenium.support.ui.Select.selectByIndex(Select.java:173) ~[selenium-support-4.39.0.jar:?]
	at pages.GiftFormPage.selectLevel(GiftFormPage.java:60) ~[test-classes/:?]
	at pages.GiftFormPage.fillAll(GiftFormPage.java:64) ~[test-classes/:?]
	at tests.BaseTest.getInputPage(BaseTest.java:71) ~[test-classes/:?]
	at tests.ButtonValidationTest.testButtonDisabledUntilAllFieldsFilled(ButtonValidationTest.java:29) ~[test-classes/:?]
	at jdk.internal.reflect.DirectMethodHandleAccessor.invoke(DirectMethodHandleAccessor.java:103) ~[?:?]
	at java.lang.reflect.Method.invoke(Method.java:580) ~[?:?]
	at org.junit.runners.model.FrameworkMethod$1.runReflectiveCall(FrameworkMethod.java:59) ~[junit-4.13.jar:4.13]
	at org.junit.internal.runners.model.ReflectiveCallable.run(ReflectiveCallable.java:12) ~[junit-4.13.jar:4.13]
	at org.junit.runners.model.FrameworkMethod.invokeExplosively(FrameworkMethod.java:56) ~[junit-4.13.jar:4.13]
	at org.junit.internal.runners.statements.InvokeMethod.evaluate(InvokeMethod.java:17) ~[junit-4.13.jar:4.13]
	at org.junit.internal.runners.statements.RunBefores.evaluate(RunBefores.java:26) ~[junit-4.13.jar:4.13]
	at org.junit.internal.runners.statements.RunAfters.evaluate(RunAfters.java:27) ~[junit-4.13.jar:4.13]
	at org.junit.rules.TestWatcher$1.evaluate(TestWatcher.java:61) [junit-4.13.jar:4.13]
	at org.junit.runners.ParentRunner$3.evaluate(ParentRunner.java:306) [junit-4.13.jar:4.13]
	at org.junit.runners.BlockJUnit4ClassRunner$1.evaluate(BlockJUnit4ClassRunner.java:100) [junit-4.13.jar:4.13]
	at org.junit.runners.ParentRunner.runLeaf(ParentRunner.java:366) [junit-4.13.jar:4.13]
	at org.junit.runners.BlockJUnit4ClassRunner.runChild(BlockJUnit4ClassRunner.java:103) [junit-4.13.jar:4.13]
	at org.junit.runners.BlockJUnit4ClassRunner.runChild(BlockJUnit4ClassRunner.java:63) [junit-4.13.jar:4.13]
	at org.junit.runners.ParentRunner$4.run(ParentRunner.java:331) [junit-4.13.jar:4.13]
	at org.junit.runners.ParentRunner$1.schedule(ParentRunner.java:79) [junit-4.13.jar:4.13]
	at org.junit.runners.ParentRunner.runChildren(ParentRunner.java:329) [junit-4.13.jar:4.13]
	at org.junit.runners.ParentRunner.access$100(ParentRunner.java:66) [junit-4.13.jar:4.13]
	at org.junit.runners.ParentRunner$2.evaluate(ParentRunner.java:293) [junit-4.13.jar:4.13]
	at org.junit.runners.ParentRunner.run(ParentRunner.java:413) [junit-4.13.jar:4.13]
	at org.junit.runners.Suite.runChild(Suite.java:128) [junit-4.13.jar:4.13]
	at org.junit.runners.Suite.runChild(Suite.java:27) [junit-4.13.jar:4.13]
	at org.junit.runners.ParentRunner$4.run(ParentRunner.java:331) [junit-4.13.jar:4.13]
	at org.junit.runners.ParentRunner$1.schedule(ParentRunner.java:79) [junit-4.13.jar:4.13]
	at org.junit.runners.ParentRunner.runChildren(ParentRunner.java:329) [junit-4.13.jar:4.13]
	at org.junit.runners.ParentRunner.access$100(ParentRunner.java:66) [junit-4.13.jar:4.13]
	at org.junit.runners.ParentRunner$2.evaluate(ParentRunner.java:293) [junit-4.13.jar:4.13]
	at org.junit.runners.ParentRunner$3.evaluate(ParentRunner.java:306) [junit-4.13.jar:4.13]
	at org.junit.runners.ParentRunner.run(ParentRunner.java:413) [junit-4.13.jar:4.13]
	at org.eclipse.jdt.internal.junit4.runner.JUnit4TestReference.run(JUnit4TestReference.java:93) [.cp/:?]
	at org.eclipse.jdt.internal.junit.runner.TestExecution.run(TestExecution.java:40) [.cp/:?]
	at org.eclipse.jdt.internal.junit.runner.RemoteTestRunner.runTests(RemoteTestRunner.java:530) [.cp/:?]
	at org.eclipse.jdt.internal.junit.runner.RemoteTestRunner.runTests(RemoteTestRunner.java:758) [.cp/:?]
	at org.eclipse.jdt.internal.junit.runner.RemoteTestRunner.run(RemoteTestRunner.java:453) [.cp/:?]
	at org.eclipse.jdt.internal.junit.runner.RemoteTestRunner.main(RemoteTestRunner.java:211) [.cp/:?]
2025-12-29 15:03:19 INFO  === END   tests.ButtonValidationTest.testButtonDisabledUntilAllFieldsFilled[Exp#4 [f1=0, f2=0, f3=1, f4=0, f5=0, f6=0, f7=0, f8=0]] ===
2025-12-29 15:03:19 INFO  === START tests.ButtonValidationTest.testButtonDisabledUntilAllFieldsFilled[Exp#5 [f1=0, f2=0, f3=0, f4=1, f5=0, f6=0, f7=0, f8=0]] ===
2025-12-29 15:03:23 ERROR === FAIL  tests.ButtonValidationTest.testButtonDisabledUntilAllFieldsFilled[Exp#5 [f1=0, f2=0, f3=0, f4=1, f5=0, f6=0, f7=0, f8=0]] ===
java.lang.UnsupportedOperationException: You may not select a disabled option
	at org.openqa.selenium.support.ui.Select.assertOptionIsEnabled(Select.java:403) ~[selenium-support-4.39.0.jar:?]
	at org.openqa.selenium.support.ui.Select.setSelected(Select.java:328) ~[selenium-support-4.39.0.jar:?]
	at org.openqa.selenium.support.ui.Select.setSelectedByIndex(Select.java:314) ~[selenium-support-4.39.0.jar:?]
	at org.openqa.selenium.support.ui.Select.selectByIndex(Select.java:173) ~[selenium-support-4.39.0.jar:?]
	at pages.GiftFormPage.selectLevel(GiftFormPage.java:60) ~[test-classes/:?]
	at pages.GiftFormPage.fillAll(GiftFormPage.java:64) ~[test-classes/:?]
	at tests.BaseTest.getInputPage(BaseTest.java:71) ~[test-classes/:?]
	at tests.ButtonValidationTest.testButtonDisabledUntilAllFieldsFilled(ButtonValidationTest.java:29) ~[test-classes/:?]
	at jdk.internal.reflect.DirectMethodHandleAccessor.invoke(DirectMethodHandleAccessor.java:103) ~[?:?]
	at java.lang.reflect.Method.invoke(Method.java:580) ~[?:?]
	at org.junit.runners.model.FrameworkMethod$1.runReflectiveCall(FrameworkMethod.java:59) ~[junit-4.13.jar:4.13]
	at org.junit.internal.runners.model.ReflectiveCallable.run(ReflectiveCallable.java:12) ~[junit-4.13.jar:4.13]
	at org.junit.runners.model.FrameworkMethod.invokeExplosively(FrameworkMethod.java:56) ~[junit-4.13.jar:4.13]
	at org.junit.internal.runners.statements.InvokeMethod.evaluate(InvokeMethod.java:17) ~[junit-4.13.jar:4.13]
	at org.junit.internal.runners.statements.RunBefores.evaluate(RunBefores.java:26) ~[junit-4.13.jar:4.13]
	at org.junit.internal.runners.statements.RunAfters.evaluate(RunAfters.java:27) ~[junit-4.13.jar:4.13]
	at org.junit.rules.TestWatcher$1.evaluate(TestWatcher.java:61) [junit-4.13.jar:4.13]
	at org.junit.runners.ParentRunner$3.evaluate(ParentRunner.java:306) [junit-4.13.jar:4.13]
	at org.junit.runners.BlockJUnit4ClassRunner$1.evaluate(BlockJUnit4ClassRunner.java:100) [junit-4.13.jar:4.13]
	at org.junit.runners.ParentRunner.runLeaf(ParentRunner.java:366) [junit-4.13.jar:4.13]
	at org.junit.runners.BlockJUnit4ClassRunner.runChild(BlockJUnit4ClassRunner.java:103) [junit-4.13.jar:4.13]
	at org.junit.runners.BlockJUnit4ClassRunner.runChild(BlockJUnit4ClassRunner.java:63) [junit-4.13.jar:4.13]
	at org.junit.runners.ParentRunner$4.run(ParentRunner.java:331) [junit-4.13.jar:4.13]
	at org.junit.runners.ParentRunner$1.schedule(ParentRunner.java:79) [junit-4.13.jar:4.13]
	at org.junit.runners.ParentRunner.runChildren(ParentRunner.java:329) [junit-4.13.jar:4.13]
	at org.junit.runners.ParentRunner.access$100(ParentRunner.java:66) [junit-4.13.jar:4.13]
	at org.junit.runners.ParentRunner$2.evaluate(ParentRunner.java:293) [junit-4.13.jar:4.13]
	at org.junit.runners.ParentRunner.run(ParentRunner.java:413) [junit-4.13.jar:4.13]
	at org.junit.runners.Suite.runChild(Suite.java:128) [junit-4.13.jar:4.13]
	at org.junit.runners.Suite.runChild(Suite.java:27) [junit-4.13.jar:4.13]
	at org.junit.runners.ParentRunner$4.run(ParentRunner.java:331) [junit-4.13.jar:4.13]
	at org.junit.runners.ParentRunner$1.schedule(ParentRunner.java:79) [junit-4.13.jar:4.13]
	at org.junit.runners.ParentRunner.runChildren(ParentRunner.java:329) [junit-4.13.jar:4.13]
	at org.junit.runners.ParentRunner.access$100(ParentRunner.java:66) [junit-4.13.jar:4.13]
	at org.junit.runners.ParentRunner$2.evaluate(ParentRunner.java:293) [junit-4.13.jar:4.13]
	at org.junit.runners.ParentRunner$3.evaluate(ParentRunner.java:306) [junit-4.13.jar:4.13]
	at org.junit.runners.ParentRunner.run(ParentRunner.java:413) [junit-4.13.jar:4.13]
	at org.eclipse.jdt.internal.junit4.runner.JUnit4TestReference.run(JUnit4TestReference.java:93) [.cp/:?]
	at org.eclipse.jdt.internal.junit.runner.TestExecution.run(TestExecution.java:40) [.cp/:?]
	at org.eclipse.jdt.internal.junit.runner.RemoteTestRunner.runTests(RemoteTestRunner.java:530) [.cp/:?]
	at org.eclipse.jdt.internal.junit.runner.RemoteTestRunner.runTests(RemoteTestRunner.java:758) [.cp/:?]
	at org.eclipse.jdt.internal.junit.runner.RemoteTestRunner.run(RemoteTestRunner.java:453) [.cp/:?]
	at org.eclipse.jdt.internal.junit.runner.RemoteTestRunner.main(RemoteTestRunner.java:211) [.cp/:?]
2025-12-29 15:03:24 INFO  === END   tests.ButtonValidationTest.testButtonDisabledUntilAllFieldsFilled[Exp#5 [f1=0, f2=0, f3=0, f4=1, f5=0, f6=0, f7=0, f8=0]] ===
2025-12-29 15:03:24 INFO  === START tests.ButtonValidationTest.testButtonDisabledUntilAllFieldsFilled[Exp#6 [f1=0, f2=0, f3=0, f4=0, f5=1, f6=0, f7=0, f8=0]] ===
2025-12-29 15:05:44 INFO  === START tests.ButtonValidationTest.testButtonDisabledUntilAllFieldsFilled[Exp#1 [f1=0, f2=0, f3=0, f4=0, f5=0, f6=0, f7=0, f8=0]] ===
2025-12-29 15:05:49 ERROR === FAIL  tests.ButtonValidationTest.testButtonDisabledUntilAllFieldsFilled[Exp#1 [f1=0, f2=0, f3=0, f4=0, f5=0, f6=0, f7=0, f8=0]] ===
java.lang.UnsupportedOperationException: You may not select a disabled option
	at org.openqa.selenium.support.ui.Select.assertOptionIsEnabled(Select.java:403) ~[selenium-support-4.39.0.jar:?]
	at org.openqa.selenium.support.ui.Select.setSelected(Select.java:328) ~[selenium-support-4.39.0.jar:?]
	at org.openqa.selenium.support.ui.Select.setSelectedByIndex(Select.java:314) ~[selenium-support-4.39.0.jar:?]
	at org.openqa.selenium.support.ui.Select.selectByIndex(Select.java:173) ~[selenium-support-4.39.0.jar:?]
	at pages.GiftFormPage.selectLevel(GiftFormPage.java:60) ~[test-classes/:?]
	at pages.GiftFormPage.fillAll(GiftFormPage.java:64) ~[test-classes/:?]
	at tests.BaseTest.getInputPage(BaseTest.java:71) ~[test-classes/:?]
	at tests.ButtonValidationTest.testButtonDisabledUntilAllFieldsFilled(ButtonValidationTest.java:29) ~[test-classes/:?]
	at jdk.internal.reflect.DirectMethodHandleAccessor.invoke(DirectMethodHandleAccessor.java:103) ~[?:?]
	at java.lang.reflect.Method.invoke(Method.java:580) ~[?:?]
	at org.junit.runners.model.FrameworkMethod$1.runReflectiveCall(FrameworkMethod.java:59) ~[junit-4.13.jar:4.13]
	at org.junit.internal.runners.model.ReflectiveCallable.run(ReflectiveCallable.java:12) ~[junit-4.13.jar:4.13]
	at org.junit.runners.model.FrameworkMethod.invokeExplosively(FrameworkMethod.java:56) ~[junit-4.13.jar:4.13]
	at org.junit.internal.runners.statements.InvokeMethod.evaluate(InvokeMethod.java:17) ~[junit-4.13.jar:4.13]
	at org.junit.internal.runners.statements.RunBefores.evaluate(RunBefores.java:26) ~[junit-4.13.jar:4.13]
	at org.junit.internal.runners.statements.RunAfters.evaluate(RunAfters.java:27) ~[junit-4.13.jar:4.13]
	at org.junit.rules.TestWatcher$1.evaluate(TestWatcher.java:61) [junit-4.13.jar:4.13]
	at org.junit.runners.ParentRunner$3.evaluate(ParentRunner.java:306) [junit-4.13.jar:4.13]
	at org.junit.runners.BlockJUnit4ClassRunner$1.evaluate(BlockJUnit4ClassRunner.java:100) [junit-4.13.jar:4.13]
	at org.junit.runners.ParentRunner.runLeaf(ParentRunner.java:366) [junit-4.13.jar:4.13]
	at org.junit.runners.BlockJUnit4ClassRunner.runChild(BlockJUnit4ClassRunner.java:103) [junit-4.13.jar:4.13]
	at org.junit.runners.BlockJUnit4ClassRunner.runChild(BlockJUnit4ClassRunner.java:63) [junit-4.13.jar:4.13]
	at org.junit.runners.ParentRunner$4.run(ParentRunner.java:331) [junit-4.13.jar:4.13]
	at org.junit.runners.ParentRunner$1.schedule(ParentRunner.java:79) [junit-4.13.jar:4.13]
	at org.junit.runners.ParentRunner.runChildren(ParentRunner.java:329) [junit-4.13.jar:4.13]
	at org.junit.runners.ParentRunner.access$100(ParentRunner.java:66) [junit-4.13.jar:4.13]
	at org.junit.runners.ParentRunner$2.evaluate(ParentRunner.java:293) [junit-4.13.jar:4.13]
	at org.junit.runners.ParentRunner.run(ParentRunner.java:413) [junit-4.13.jar:4.13]
	at org.junit.runners.Suite.runChild(Suite.java:128) [junit-4.13.jar:4.13]
	at org.junit.runners.Suite.runChild(Suite.java:27) [junit-4.13.jar:4.13]
	at org.junit.runners.ParentRunner$4.run(ParentRunner.java:331) [junit-4.13.jar:4.13]
	at org.junit.runners.ParentRunner$1.schedule(ParentRunner.java:79) [junit-4.13.jar:4.13]
	at org.junit.runners.ParentRunner.runChildren(ParentRunner.java:329) [junit-4.13.jar:4.13]
	at org.junit.runners.ParentRunner.access$100(ParentRunner.java:66) [junit-4.13.jar:4.13]
	at org.junit.runners.ParentRunner$2.evaluate(ParentRunner.java:293) [junit-4.13.jar:4.13]
	at org.junit.runners.ParentRunner$3.evaluate(ParentRunner.java:306) [junit-4.13.jar:4.13]
	at org.junit.runners.ParentRunner.run(ParentRunner.java:413) [junit-4.13.jar:4.13]
	at org.eclipse.jdt.internal.junit4.runner.JUnit4TestReference.run(JUnit4TestReference.java:93) [.cp/:?]
	at org.eclipse.jdt.internal.junit.runner.TestExecution.run(TestExecution.java:40) [.cp/:?]
	at org.eclipse.jdt.internal.junit.runner.RemoteTestRunner.runTests(RemoteTestRunner.java:530) [.cp/:?]
	at org.eclipse.jdt.internal.junit.runner.RemoteTestRunner.runTests(RemoteTestRunner.java:758) [.cp/:?]
	at org.eclipse.jdt.internal.junit.runner.RemoteTestRunner.run(RemoteTestRunner.java:453) [.cp/:?]
	at org.eclipse.jdt.internal.junit.runner.RemoteTestRunner.main(RemoteTestRunner.java:211) [.cp/:?]
2025-12-29 15:05:49 INFO  === END   tests.ButtonValidationTest.testButtonDisabledUntilAllFieldsFilled[Exp#1 [f1=0, f2=0, f3=0, f4=0, f5=0, f6=0, f7=0, f8=0]] ===
2025-12-29 15:05:49 INFO  === START tests.ButtonValidationTest.testButtonDisabledUntilAllFieldsFilled[Exp#2 [f1=1, f2=0, f3=0, f4=0, f5=0, f6=0, f7=0, f8=0]] ===
2025-12-29 15:05:54 ERROR === FAIL  tests.ButtonValidationTest.testButtonDisabledUntilAllFieldsFilled[Exp#2 [f1=1, f2=0, f3=0, f4=0, f5=0, f6=0, f7=0, f8=0]] ===
java.lang.UnsupportedOperationException: You may not select a disabled option
	at org.openqa.selenium.support.ui.Select.assertOptionIsEnabled(Select.java:403) ~[selenium-support-4.39.0.jar:?]
	at org.openqa.selenium.support.ui.Select.setSelected(Select.java:328) ~[selenium-support-4.39.0.jar:?]
	at org.openqa.selenium.support.ui.Select.setSelectedByIndex(Select.java:314) ~[selenium-support-4.39.0.jar:?]
	at org.openqa.selenium.support.ui.Select.selectByIndex(Select.java:173) ~[selenium-support-4.39.0.jar:?]
	at pages.GiftFormPage.selectLevel(GiftFormPage.java:60) ~[test-classes/:?]
	at pages.GiftFormPage.fillAll(GiftFormPage.java:65) ~[test-classes/:?]
	at tests.BaseTest.getInputPage(BaseTest.java:71) ~[test-classes/:?]
	at tests.ButtonValidationTest.testButtonDisabledUntilAllFieldsFilled(ButtonValidationTest.java:29) ~[test-classes/:?]
	at jdk.internal.reflect.DirectMethodHandleAccessor.invoke(DirectMethodHandleAccessor.java:103) ~[?:?]
	at java.lang.reflect.Method.invoke(Method.java:580) ~[?:?]
	at org.junit.runners.model.FrameworkMethod$1.runReflectiveCall(FrameworkMethod.java:59) ~[junit-4.13.jar:4.13]
	at org.junit.internal.runners.model.ReflectiveCallable.run(ReflectiveCallable.java:12) ~[junit-4.13.jar:4.13]
	at org.junit.runners.model.FrameworkMethod.invokeExplosively(FrameworkMethod.java:56) ~[junit-4.13.jar:4.13]
	at org.junit.internal.runners.statements.InvokeMethod.evaluate(InvokeMethod.java:17) ~[junit-4.13.jar:4.13]
	at org.junit.internal.runners.statements.RunBefores.evaluate(RunBefores.java:26) ~[junit-4.13.jar:4.13]
	at org.junit.internal.runners.statements.RunAfters.evaluate(RunAfters.java:27) ~[junit-4.13.jar:4.13]
	at org.junit.rules.TestWatcher$1.evaluate(TestWatcher.java:61) [junit-4.13.jar:4.13]
	at org.junit.runners.ParentRunner$3.evaluate(ParentRunner.java:306) [junit-4.13.jar:4.13]
	at org.junit.runners.BlockJUnit4ClassRunner$1.evaluate(BlockJUnit4ClassRunner.java:100) [junit-4.13.jar:4.13]
	at org.junit.runners.ParentRunner.runLeaf(ParentRunner.java:366) [junit-4.13.jar:4.13]
	at org.junit.runners.BlockJUnit4ClassRunner.runChild(BlockJUnit4ClassRunner.java:103) [junit-4.13.jar:4.13]
	at org.junit.runners.BlockJUnit4ClassRunner.runChild(BlockJUnit4ClassRunner.java:63) [junit-4.13.jar:4.13]
	at org.junit.runners.ParentRunner$4.run(ParentRunner.java:331) [junit-4.13.jar:4.13]
	at org.junit.runners.ParentRunner$1.schedule(ParentRunner.java:79) [junit-4.13.jar:4.13]
	at org.junit.runners.ParentRunner.runChildren(ParentRunner.java:329) [junit-4.13.jar:4.13]
	at org.junit.runners.ParentRunner.access$100(ParentRunner.java:66) [junit-4.13.jar:4.13]
	at org.junit.runners.ParentRunner$2.evaluate(ParentRunner.java:293) [junit-4.13.jar:4.13]
	at org.junit.runners.ParentRunner.run(ParentRunner.java:413) [junit-4.13.jar:4.13]
	at org.junit.runners.Suite.runChild(Suite.java:128) [junit-4.13.jar:4.13]
	at org.junit.runners.Suite.runChild(Suite.java:27) [junit-4.13.jar:4.13]
	at org.junit.runners.ParentRunner$4.run(ParentRunner.java:331) [junit-4.13.jar:4.13]
	at org.junit.runners.ParentRunner$1.schedule(ParentRunner.java:79) [junit-4.13.jar:4.13]
	at org.junit.runners.ParentRunner.runChildren(ParentRunner.java:329) [junit-4.13.jar:4.13]
	at org.junit.runners.ParentRunner.access$100(ParentRunner.java:66) [junit-4.13.jar:4.13]
	at org.junit.runners.ParentRunner$2.evaluate(ParentRunner.java:293) [junit-4.13.jar:4.13]
	at org.junit.runners.ParentRunner$3.evaluate(ParentRunner.java:306) [junit-4.13.jar:4.13]
	at org.junit.runners.ParentRunner.run(ParentRunner.java:413) [junit-4.13.jar:4.13]
	at org.eclipse.jdt.internal.junit4.runner.JUnit4TestReference.run(JUnit4TestReference.java:93) [.cp/:?]
	at org.eclipse.jdt.internal.junit.runner.TestExecution.run(TestExecution.java:40) [.cp/:?]
	at org.eclipse.jdt.internal.junit.runner.RemoteTestRunner.runTests(RemoteTestRunner.java:530) [.cp/:?]
	at org.eclipse.jdt.internal.junit.runner.RemoteTestRunner.runTests(RemoteTestRunner.java:758) [.cp/:?]
	at org.eclipse.jdt.internal.junit.runner.RemoteTestRunner.run(RemoteTestRunner.java:453) [.cp/:?]
	at org.eclipse.jdt.internal.junit.runner.RemoteTestRunner.main(RemoteTestRunner.java:211) [.cp/:?]
2025-12-29 15:05:54 INFO  === END   tests.ButtonValidationTest.testButtonDisabledUntilAllFieldsFilled[Exp#2 [f1=1, f2=0, f3=0, f4=0, f5=0, f6=0, f7=0, f8=0]] ===
2025-12-29 15:05:54 INFO  === START tests.ButtonValidationTest.testButtonDisabledUntilAllFieldsFilled[Exp#3 [f1=0, f2=1, f3=0, f4=0, f5=0, f6=0, f7=0, f8=0]] ===
2025-12-29 15:05:59 ERROR === FAIL  tests.ButtonValidationTest.testButtonDisabledUntilAllFieldsFilled[Exp#3 [f1=0, f2=1, f3=0, f4=0, f5=0, f6=0, f7=0, f8=0]] ===
java.lang.UnsupportedOperationException: You may not select a disabled option
	at org.openqa.selenium.support.ui.Select.assertOptionIsEnabled(Select.java:403) ~[selenium-support-4.39.0.jar:?]
	at org.openqa.selenium.support.ui.Select.setSelected(Select.java:328) ~[selenium-support-4.39.0.jar:?]
	at org.openqa.selenium.support.ui.Select.setSelectedByIndex(Select.java:314) ~[selenium-support-4.39.0.jar:?]
	at org.openqa.selenium.support.ui.Select.selectByIndex(Select.java:173) ~[selenium-support-4.39.0.jar:?]
	at pages.GiftFormPage.selectLevel(GiftFormPage.java:60) ~[test-classes/:?]
	at pages.GiftFormPage.fillAll(GiftFormPage.java:64) ~[test-classes/:?]
	at tests.BaseTest.getInputPage(BaseTest.java:71) ~[test-classes/:?]
	at tests.ButtonValidationTest.testButtonDisabledUntilAllFieldsFilled(ButtonValidationTest.java:29) ~[test-classes/:?]
	at jdk.internal.reflect.DirectMethodHandleAccessor.invoke(DirectMethodHandleAccessor.java:103) ~[?:?]
	at java.lang.reflect.Method.invoke(Method.java:580) ~[?:?]
	at org.junit.runners.model.FrameworkMethod$1.runReflectiveCall(FrameworkMethod.java:59) ~[junit-4.13.jar:4.13]
	at org.junit.internal.runners.model.ReflectiveCallable.run(ReflectiveCallable.java:12) ~[junit-4.13.jar:4.13]
	at org.junit.runners.model.FrameworkMethod.invokeExplosively(FrameworkMethod.java:56) ~[junit-4.13.jar:4.13]
	at org.junit.internal.runners.statements.InvokeMethod.evaluate(InvokeMethod.java:17) ~[junit-4.13.jar:4.13]
	at org.junit.internal.runners.statements.RunBefores.evaluate(RunBefores.java:26) ~[junit-4.13.jar:4.13]
	at org.junit.internal.runners.statements.RunAfters.evaluate(RunAfters.java:27) ~[junit-4.13.jar:4.13]
	at org.junit.rules.TestWatcher$1.evaluate(TestWatcher.java:61) [junit-4.13.jar:4.13]
	at org.junit.runners.ParentRunner$3.evaluate(ParentRunner.java:306) [junit-4.13.jar:4.13]
	at org.junit.runners.BlockJUnit4ClassRunner$1.evaluate(BlockJUnit4ClassRunner.java:100) [junit-4.13.jar:4.13]
	at org.junit.runners.ParentRunner.runLeaf(ParentRunner.java:366) [junit-4.13.jar:4.13]
	at org.junit.runners.BlockJUnit4ClassRunner.runChild(BlockJUnit4ClassRunner.java:103) [junit-4.13.jar:4.13]
	at org.junit.runners.BlockJUnit4ClassRunner.runChild(BlockJUnit4ClassRunner.java:63) [junit-4.13.jar:4.13]
	at org.junit.runners.ParentRunner$4.run(ParentRunner.java:331) [junit-4.13.jar:4.13]
	at org.junit.runners.ParentRunner$1.schedule(ParentRunner.java:79) [junit-4.13.jar:4.13]
	at org.junit.runners.ParentRunner.runChildren(ParentRunner.java:329) [junit-4.13.jar:4.13]
	at org.junit.runners.ParentRunner.access$100(ParentRunner.java:66) [junit-4.13.jar:4.13]
	at org.junit.runners.ParentRunner$2.evaluate(ParentRunner.java:293) [junit-4.13.jar:4.13]
	at org.junit.runners.ParentRunner.run(ParentRunner.java:413) [junit-4.13.jar:4.13]
	at org.junit.runners.Suite.runChild(Suite.java:128) [junit-4.13.jar:4.13]
	at org.junit.runners.Suite.runChild(Suite.java:27) [junit-4.13.jar:4.13]
	at org.junit.runners.ParentRunner$4.run(ParentRunner.java:331) [junit-4.13.jar:4.13]
	at org.junit.runners.ParentRunner$1.schedule(ParentRunner.java:79) [junit-4.13.jar:4.13]
	at org.junit.runners.ParentRunner.runChildren(ParentRunner.java:329) [junit-4.13.jar:4.13]
	at org.junit.runners.ParentRunner.access$100(ParentRunner.java:66) [junit-4.13.jar:4.13]
	at org.junit.runners.ParentRunner$2.evaluate(ParentRunner.java:293) [junit-4.13.jar:4.13]
	at org.junit.runners.ParentRunner$3.evaluate(ParentRunner.java:306) [junit-4.13.jar:4.13]
	at org.junit.runners.ParentRunner.run(ParentRunner.java:413) [junit-4.13.jar:4.13]
	at org.eclipse.jdt.internal.junit4.runner.JUnit4TestReference.run(JUnit4TestReference.java:93) [.cp/:?]
	at org.eclipse.jdt.internal.junit.runner.TestExecution.run(TestExecution.java:40) [.cp/:?]
	at org.eclipse.jdt.internal.junit.runner.RemoteTestRunner.runTests(RemoteTestRunner.java:530) [.cp/:?]
	at org.eclipse.jdt.internal.junit.runner.RemoteTestRunner.runTests(RemoteTestRunner.java:758) [.cp/:?]
	at org.eclipse.jdt.internal.junit.runner.RemoteTestRunner.run(RemoteTestRunner.java:453) [.cp/:?]
	at org.eclipse.jdt.internal.junit.runner.RemoteTestRunner.main(RemoteTestRunner.java:211) [.cp/:?]
2025-12-29 15:05:59 INFO  === END   tests.ButtonValidationTest.testButtonDisabledUntilAllFieldsFilled[Exp#3 [f1=0, f2=1, f3=0, f4=0, f5=0, f6=0, f7=0, f8=0]] ===
2025-12-29 15:05:59 INFO  === START tests.ButtonValidationTest.testButtonDisabledUntilAllFieldsFilled[Exp#4 [f1=0, f2=0, f3=1, f4=0, f5=0, f6=0, f7=0, f8=0]] ===
2025-12-29 15:06:04 ERROR === FAIL  tests.ButtonValidationTest.testButtonDisabledUntilAllFieldsFilled[Exp#4 [f1=0, f2=0, f3=1, f4=0, f5=0, f6=0, f7=0, f8=0]] ===
java.lang.UnsupportedOperationException: You may not select a disabled option
	at org.openqa.selenium.support.ui.Select.assertOptionIsEnabled(Select.java:403) ~[selenium-support-4.39.0.jar:?]
	at org.openqa.selenium.support.ui.Select.setSelected(Select.java:328) ~[selenium-support-4.39.0.jar:?]
	at org.openqa.selenium.support.ui.Select.setSelectedByIndex(Select.java:314) ~[selenium-support-4.39.0.jar:?]
	at org.openqa.selenium.support.ui.Select.selectByIndex(Select.java:173) ~[selenium-support-4.39.0.jar:?]
	at pages.GiftFormPage.selectLevel(GiftFormPage.java:60) ~[test-classes/:?]
	at pages.GiftFormPage.fillAll(GiftFormPage.java:64) ~[test-classes/:?]
	at tests.BaseTest.getInputPage(BaseTest.java:71) ~[test-classes/:?]
	at tests.ButtonValidationTest.testButtonDisabledUntilAllFieldsFilled(ButtonValidationTest.java:29) ~[test-classes/:?]
	at jdk.internal.reflect.DirectMethodHandleAccessor.invoke(DirectMethodHandleAccessor.java:103) ~[?:?]
	at java.lang.reflect.Method.invoke(Method.java:580) ~[?:?]
	at org.junit.runners.model.FrameworkMethod$1.runReflectiveCall(FrameworkMethod.java:59) ~[junit-4.13.jar:4.13]
	at org.junit.internal.runners.model.ReflectiveCallable.run(ReflectiveCallable.java:12) ~[junit-4.13.jar:4.13]
	at org.junit.runners.model.FrameworkMethod.invokeExplosively(FrameworkMethod.java:56) ~[junit-4.13.jar:4.13]
	at org.junit.internal.runners.statements.InvokeMethod.evaluate(InvokeMethod.java:17) ~[junit-4.13.jar:4.13]
	at org.junit.internal.runners.statements.RunBefores.evaluate(RunBefores.java:26) ~[junit-4.13.jar:4.13]
	at org.junit.internal.runners.statements.RunAfters.evaluate(RunAfters.java:27) ~[junit-4.13.jar:4.13]
	at org.junit.rules.TestWatcher$1.evaluate(TestWatcher.java:61) [junit-4.13.jar:4.13]
	at org.junit.runners.ParentRunner$3.evaluate(ParentRunner.java:306) [junit-4.13.jar:4.13]
	at org.junit.runners.BlockJUnit4ClassRunner$1.evaluate(BlockJUnit4ClassRunner.java:100) [junit-4.13.jar:4.13]
	at org.junit.runners.ParentRunner.runLeaf(ParentRunner.java:366) [junit-4.13.jar:4.13]
	at org.junit.runners.BlockJUnit4ClassRunner.runChild(BlockJUnit4ClassRunner.java:103) [junit-4.13.jar:4.13]
	at org.junit.runners.BlockJUnit4ClassRunner.runChild(BlockJUnit4ClassRunner.java:63) [junit-4.13.jar:4.13]
	at org.junit.runners.ParentRunner$4.run(ParentRunner.java:331) [junit-4.13.jar:4.13]
	at org.junit.runners.ParentRunner$1.schedule(ParentRunner.java:79) [junit-4.13.jar:4.13]
	at org.junit.runners.ParentRunner.runChildren(ParentRunner.java:329) [junit-4.13.jar:4.13]
	at org.junit.runners.ParentRunner.access$100(ParentRunner.java:66) [junit-4.13.jar:4.13]
	at org.junit.runners.ParentRunner$2.evaluate(ParentRunner.java:293) [junit-4.13.jar:4.13]
	at org.junit.runners.ParentRunner.run(ParentRunner.java:413) [junit-4.13.jar:4.13]
	at org.junit.runners.Suite.runChild(Suite.java:128) [junit-4.13.jar:4.13]
	at org.junit.runners.Suite.runChild(Suite.java:27) [junit-4.13.jar:4.13]
	at org.junit.runners.ParentRunner$4.run(ParentRunner.java:331) [junit-4.13.jar:4.13]
	at org.junit.runners.ParentRunner$1.schedule(ParentRunner.java:79) [junit-4.13.jar:4.13]
	at org.junit.runners.ParentRunner.runChildren(ParentRunner.java:329) [junit-4.13.jar:4.13]
	at org.junit.runners.ParentRunner.access$100(ParentRunner.java:66) [junit-4.13.jar:4.13]
	at org.junit.runners.ParentRunner$2.evaluate(ParentRunner.java:293) [junit-4.13.jar:4.13]
	at org.junit.runners.ParentRunner$3.evaluate(ParentRunner.java:306) [junit-4.13.jar:4.13]
	at org.junit.runners.ParentRunner.run(ParentRunner.java:413) [junit-4.13.jar:4.13]
	at org.eclipse.jdt.internal.junit4.runner.JUnit4TestReference.run(JUnit4TestReference.java:93) [.cp/:?]
	at org.eclipse.jdt.internal.junit.runner.TestExecution.run(TestExecution.java:40) [.cp/:?]
	at org.eclipse.jdt.internal.junit.runner.RemoteTestRunner.runTests(RemoteTestRunner.java:530) [.cp/:?]
	at org.eclipse.jdt.internal.junit.runner.RemoteTestRunner.runTests(RemoteTestRunner.java:758) [.cp/:?]
	at org.eclipse.jdt.internal.junit.runner.RemoteTestRunner.run(RemoteTestRunner.java:453) [.cp/:?]
	at org.eclipse.jdt.internal.junit.runner.RemoteTestRunner.main(RemoteTestRunner.java:211) [.cp/:?]
2025-12-29 15:06:04 INFO  === END   tests.ButtonValidationTest.testButtonDisabledUntilAllFieldsFilled[Exp#4 [f1=0, f2=0, f3=1, f4=0, f5=0, f6=0, f7=0, f8=0]] ===
2025-12-29 15:06:04 INFO  === START tests.ButtonValidationTest.testButtonDisabledUntilAllFieldsFilled[Exp#5 [f1=0, f2=0, f3=0, f4=1, f5=0, f6=0, f7=0, f8=0]] ===
2025-12-29 15:06:09 ERROR === FAIL  tests.ButtonValidationTest.testButtonDisabledUntilAllFieldsFilled[Exp#5 [f1=0, f2=0, f3=0, f4=1, f5=0, f6=0, f7=0, f8=0]] ===
java.lang.UnsupportedOperationException: You may not select a disabled option
	at org.openqa.selenium.support.ui.Select.assertOptionIsEnabled(Select.java:403) ~[selenium-support-4.39.0.jar:?]
	at org.openqa.selenium.support.ui.Select.setSelected(Select.java:328) ~[selenium-support-4.39.0.jar:?]
	at org.openqa.selenium.support.ui.Select.setSelectedByIndex(Select.java:314) ~[selenium-support-4.39.0.jar:?]
	at org.openqa.selenium.support.ui.Select.selectByIndex(Select.java:173) ~[selenium-support-4.39.0.jar:?]
	at pages.GiftFormPage.selectLevel(GiftFormPage.java:60) ~[test-classes/:?]
	at pages.GiftFormPage.fillAll(GiftFormPage.java:64) ~[test-classes/:?]
	at tests.BaseTest.getInputPage(BaseTest.java:71) ~[test-classes/:?]
	at tests.ButtonValidationTest.testButtonDisabledUntilAllFieldsFilled(ButtonValidationTest.java:29) ~[test-classes/:?]
	at jdk.internal.reflect.DirectMethodHandleAccessor.invoke(DirectMethodHandleAccessor.java:103) ~[?:?]
	at java.lang.reflect.Method.invoke(Method.java:580) ~[?:?]
	at org.junit.runners.model.FrameworkMethod$1.runReflectiveCall(FrameworkMethod.java:59) ~[junit-4.13.jar:4.13]
	at org.junit.internal.runners.model.ReflectiveCallable.run(ReflectiveCallable.java:12) ~[junit-4.13.jar:4.13]
	at org.junit.runners.model.FrameworkMethod.invokeExplosively(FrameworkMethod.java:56) ~[junit-4.13.jar:4.13]
	at org.junit.internal.runners.statements.InvokeMethod.evaluate(InvokeMethod.java:17) ~[junit-4.13.jar:4.13]
	at org.junit.internal.runners.statements.RunBefores.evaluate(RunBefores.java:26) ~[junit-4.13.jar:4.13]
	at org.junit.internal.runners.statements.RunAfters.evaluate(RunAfters.java:27) ~[junit-4.13.jar:4.13]
	at org.junit.rules.TestWatcher$1.evaluate(TestWatcher.java:61) [junit-4.13.jar:4.13]
	at org.junit.runners.ParentRunner$3.evaluate(ParentRunner.java:306) [junit-4.13.jar:4.13]
	at org.junit.runners.BlockJUnit4ClassRunner$1.evaluate(BlockJUnit4ClassRunner.java:100) [junit-4.13.jar:4.13]
	at org.junit.runners.ParentRunner.runLeaf(ParentRunner.java:366) [junit-4.13.jar:4.13]
	at org.junit.runners.BlockJUnit4ClassRunner.runChild(BlockJUnit4ClassRunner.java:103) [junit-4.13.jar:4.13]
	at org.junit.runners.BlockJUnit4ClassRunner.runChild(BlockJUnit4ClassRunner.java:63) [junit-4.13.jar:4.13]
	at org.junit.runners.ParentRunner$4.run(ParentRunner.java:331) [junit-4.13.jar:4.13]
	at org.junit.runners.ParentRunner$1.schedule(ParentRunner.java:79) [junit-4.13.jar:4.13]
	at org.junit.runners.ParentRunner.runChildren(ParentRunner.java:329) [junit-4.13.jar:4.13]
	at org.junit.runners.ParentRunner.access$100(ParentRunner.java:66) [junit-4.13.jar:4.13]
	at org.junit.runners.ParentRunner$2.evaluate(ParentRunner.java:293) [junit-4.13.jar:4.13]
	at org.junit.runners.ParentRunner.run(ParentRunner.java:413) [junit-4.13.jar:4.13]
	at org.junit.runners.Suite.runChild(Suite.java:128) [junit-4.13.jar:4.13]
	at org.junit.runners.Suite.runChild(Suite.java:27) [junit-4.13.jar:4.13]
	at org.junit.runners.ParentRunner$4.run(ParentRunner.java:331) [junit-4.13.jar:4.13]
	at org.junit.runners.ParentRunner$1.schedule(ParentRunner.java:79) [junit-4.13.jar:4.13]
	at org.junit.runners.ParentRunner.runChildren(ParentRunner.java:329) [junit-4.13.jar:4.13]
	at org.junit.runners.ParentRunner.access$100(ParentRunner.java:66) [junit-4.13.jar:4.13]
	at org.junit.runners.ParentRunner$2.evaluate(ParentRunner.java:293) [junit-4.13.jar:4.13]
	at org.junit.runners.ParentRunner$3.evaluate(ParentRunner.java:306) [junit-4.13.jar:4.13]
	at org.junit.runners.ParentRunner.run(ParentRunner.java:413) [junit-4.13.jar:4.13]
	at org.eclipse.jdt.internal.junit4.runner.JUnit4TestReference.run(JUnit4TestReference.java:93) [.cp/:?]
	at org.eclipse.jdt.internal.junit.runner.TestExecution.run(TestExecution.java:40) [.cp/:?]
	at org.eclipse.jdt.internal.junit.runner.RemoteTestRunner.runTests(RemoteTestRunner.java:530) [.cp/:?]
	at org.eclipse.jdt.internal.junit.runner.RemoteTestRunner.runTests(RemoteTestRunner.java:758) [.cp/:?]
	at org.eclipse.jdt.internal.junit.runner.RemoteTestRunner.run(RemoteTestRunner.java:453) [.cp/:?]
	at org.eclipse.jdt.internal.junit.runner.RemoteTestRunner.main(RemoteTestRunner.java:211) [.cp/:?]
2025-12-29 15:06:09 INFO  === END   tests.ButtonValidationTest.testButtonDisabledUntilAllFieldsFilled[Exp#5 [f1=0, f2=0, f3=0, f4=1, f5=0, f6=0, f7=0, f8=0]] ===
2025-12-29 15:06:09 INFO  === START tests.ButtonValidationTest.testButtonDisabledUntilAllFieldsFilled[Exp#6 [f1=0, f2=0, f3=0, f4=0, f5=1, f6=0, f7=0, f8=0]] ===
2025-12-29 15:06:14 ERROR === FAIL  tests.ButtonValidationTest.testButtonDisabledUntilAllFieldsFilled[Exp#6 [f1=0, f2=0, f3=0, f4=0, f5=1, f6=0, f7=0, f8=0]] ===
java.lang.UnsupportedOperationException: You may not select a disabled option
	at org.openqa.selenium.support.ui.Select.assertOptionIsEnabled(Select.java:403) ~[selenium-support-4.39.0.jar:?]
	at org.openqa.selenium.support.ui.Select.setSelected(Select.java:328) ~[selenium-support-4.39.0.jar:?]
	at org.openqa.selenium.support.ui.Select.setSelectedByIndex(Select.java:314) ~[selenium-support-4.39.0.jar:?]
	at org.openqa.selenium.support.ui.Select.selectByIndex(Select.java:173) ~[selenium-support-4.39.0.jar:?]
	at pages.GiftFormPage.selectLevel(GiftFormPage.java:60) ~[test-classes/:?]
	at pages.GiftFormPage.fillAll(GiftFormPage.java:64) ~[test-classes/:?]
	at tests.BaseTest.getInputPage(BaseTest.java:71) ~[test-classes/:?]
	at tests.ButtonValidationTest.testButtonDisabledUntilAllFieldsFilled(ButtonValidationTest.java:29) ~[test-classes/:?]
	at jdk.internal.reflect.DirectMethodHandleAccessor.invoke(DirectMethodHandleAccessor.java:103) ~[?:?]
	at java.lang.reflect.Method.invoke(Method.java:580) ~[?:?]
	at org.junit.runners.model.FrameworkMethod$1.runReflectiveCall(FrameworkMethod.java:59) ~[junit-4.13.jar:4.13]
	at org.junit.internal.runners.model.ReflectiveCallable.run(ReflectiveCallable.java:12) ~[junit-4.13.jar:4.13]
	at org.junit.runners.model.FrameworkMethod.invokeExplosively(FrameworkMethod.java:56) ~[junit-4.13.jar:4.13]
	at org.junit.internal.runners.statements.InvokeMethod.evaluate(InvokeMethod.java:17) ~[junit-4.13.jar:4.13]
	at org.junit.internal.runners.statements.RunBefores.evaluate(RunBefores.java:26) ~[junit-4.13.jar:4.13]
	at org.junit.internal.runners.statements.RunAfters.evaluate(RunAfters.java:27) ~[junit-4.13.jar:4.13]
	at org.junit.rules.TestWatcher$1.evaluate(TestWatcher.java:61) [junit-4.13.jar:4.13]
	at org.junit.runners.ParentRunner$3.evaluate(ParentRunner.java:306) [junit-4.13.jar:4.13]
	at org.junit.runners.BlockJUnit4ClassRunner$1.evaluate(BlockJUnit4ClassRunner.java:100) [junit-4.13.jar:4.13]
	at org.junit.runners.ParentRunner.runLeaf(ParentRunner.java:366) [junit-4.13.jar:4.13]
	at org.junit.runners.BlockJUnit4ClassRunner.runChild(BlockJUnit4ClassRunner.java:103) [junit-4.13.jar:4.13]
	at org.junit.runners.BlockJUnit4ClassRunner.runChild(BlockJUnit4ClassRunner.java:63) [junit-4.13.jar:4.13]
	at org.junit.runners.ParentRunner$4.run(ParentRunner.java:331) [junit-4.13.jar:4.13]
	at org.junit.runners.ParentRunner$1.schedule(ParentRunner.java:79) [junit-4.13.jar:4.13]
	at org.junit.runners.ParentRunner.runChildren(ParentRunner.java:329) [junit-4.13.jar:4.13]
	at org.junit.runners.ParentRunner.access$100(ParentRunner.java:66) [junit-4.13.jar:4.13]
	at org.junit.runners.ParentRunner$2.evaluate(ParentRunner.java:293) [junit-4.13.jar:4.13]
	at org.junit.runners.ParentRunner.run(ParentRunner.java:413) [junit-4.13.jar:4.13]
	at org.junit.runners.Suite.runChild(Suite.java:128) [junit-4.13.jar:4.13]
	at org.junit.runners.Suite.runChild(Suite.java:27) [junit-4.13.jar:4.13]
	at org.junit.runners.ParentRunner$4.run(ParentRunner.java:331) [junit-4.13.jar:4.13]
	at org.junit.runners.ParentRunner$1.schedule(ParentRunner.java:79) [junit-4.13.jar:4.13]
	at org.junit.runners.ParentRunner.runChildren(ParentRunner.java:329) [junit-4.13.jar:4.13]
	at org.junit.runners.ParentRunner.access$100(ParentRunner.java:66) [junit-4.13.jar:4.13]
	at org.junit.runners.ParentRunner$2.evaluate(ParentRunner.java:293) [junit-4.13.jar:4.13]
	at org.junit.runners.ParentRunner$3.evaluate(ParentRunner.java:306) [junit-4.13.jar:4.13]
	at org.junit.runners.ParentRunner.run(ParentRunner.java:413) [junit-4.13.jar:4.13]
	at org.eclipse.jdt.internal.junit4.runner.JUnit4TestReference.run(JUnit4TestReference.java:93) [.cp/:?]
	at org.eclipse.jdt.internal.junit.runner.TestExecution.run(TestExecution.java:40) [.cp/:?]
	at org.eclipse.jdt.internal.junit.runner.RemoteTestRunner.runTests(RemoteTestRunner.java:530) [.cp/:?]
	at org.eclipse.jdt.internal.junit.runner.RemoteTestRunner.runTests(RemoteTestRunner.java:758) [.cp/:?]
	at org.eclipse.jdt.internal.junit.runner.RemoteTestRunner.run(RemoteTestRunner.java:453) [.cp/:?]
	at org.eclipse.jdt.internal.junit.runner.RemoteTestRunner.main(RemoteTestRunner.java:211) [.cp/:?]
2025-12-29 15:06:14 INFO  === END   tests.ButtonValidationTest.testButtonDisabledUntilAllFieldsFilled[Exp#6 [f1=0, f2=0, f3=0, f4=0, f5=1, f6=0, f7=0, f8=0]] ===
2025-12-29 15:06:14 INFO  === START tests.ButtonValidationTest.testButtonDisabledUntilAllFieldsFilled[Exp#7 [f1=0, f2=0, f3=0, f4=0, f5=0, f6=1, f7=0, f8=0]] ===
2025-12-29 15:06:19 ERROR === FAIL  tests.ButtonValidationTest.testButtonDisabledUntilAllFieldsFilled[Exp#7 [f1=0, f2=0, f3=0, f4=0, f5=0, f6=1, f7=0, f8=0]] ===
java.lang.UnsupportedOperationException: You may not select a disabled option
	at org.openqa.selenium.support.ui.Select.assertOptionIsEnabled(Select.java:403) ~[selenium-support-4.39.0.jar:?]
	at org.openqa.selenium.support.ui.Select.setSelected(Select.java:328) ~[selenium-support-4.39.0.jar:?]
	at org.openqa.selenium.support.ui.Select.setSelectedByIndex(Select.java:314) ~[selenium-support-4.39.0.jar:?]
	at org.openqa.selenium.support.ui.Select.selectByIndex(Select.java:173) ~[selenium-support-4.39.0.jar:?]
	at pages.GiftFormPage.selectLevel(GiftFormPage.java:60) ~[test-classes/:?]
	at pages.GiftFormPage.fillAll(GiftFormPage.java:64) ~[test-classes/:?]
	at tests.BaseTest.getInputPage(BaseTest.java:71) ~[test-classes/:?]
	at tests.ButtonValidationTest.testButtonDisabledUntilAllFieldsFilled(ButtonValidationTest.java:29) ~[test-classes/:?]
	at jdk.internal.reflect.DirectMethodHandleAccessor.invoke(DirectMethodHandleAccessor.java:103) ~[?:?]
	at java.lang.reflect.Method.invoke(Method.java:580) ~[?:?]
	at org.junit.runners.model.FrameworkMethod$1.runReflectiveCall(FrameworkMethod.java:59) ~[junit-4.13.jar:4.13]
	at org.junit.internal.runners.model.ReflectiveCallable.run(ReflectiveCallable.java:12) ~[junit-4.13.jar:4.13]
	at org.junit.runners.model.FrameworkMethod.invokeExplosively(FrameworkMethod.java:56) ~[junit-4.13.jar:4.13]
	at org.junit.internal.runners.statements.InvokeMethod.evaluate(InvokeMethod.java:17) ~[junit-4.13.jar:4.13]
	at org.junit.internal.runners.statements.RunBefores.evaluate(RunBefores.java:26) ~[junit-4.13.jar:4.13]
	at org.junit.internal.runners.statements.RunAfters.evaluate(RunAfters.java:27) ~[junit-4.13.jar:4.13]
	at org.junit.rules.TestWatcher$1.evaluate(TestWatcher.java:61) [junit-4.13.jar:4.13]
	at org.junit.runners.ParentRunner$3.evaluate(ParentRunner.java:306) [junit-4.13.jar:4.13]
	at org.junit.runners.BlockJUnit4ClassRunner$1.evaluate(BlockJUnit4ClassRunner.java:100) [junit-4.13.jar:4.13]
	at org.junit.runners.ParentRunner.runLeaf(ParentRunner.java:366) [junit-4.13.jar:4.13]
	at org.junit.runners.BlockJUnit4ClassRunner.runChild(BlockJUnit4ClassRunner.java:103) [junit-4.13.jar:4.13]
	at org.junit.runners.BlockJUnit4ClassRunner.runChild(BlockJUnit4ClassRunner.java:63) [junit-4.13.jar:4.13]
	at org.junit.runners.ParentRunner$4.run(ParentRunner.java:331) [junit-4.13.jar:4.13]
	at org.junit.runners.ParentRunner$1.schedule(ParentRunner.java:79) [junit-4.13.jar:4.13]
	at org.junit.runners.ParentRunner.runChildren(ParentRunner.java:329) [junit-4.13.jar:4.13]
	at org.junit.runners.ParentRunner.access$100(ParentRunner.java:66) [junit-4.13.jar:4.13]
	at org.junit.runners.ParentRunner$2.evaluate(ParentRunner.java:293) [junit-4.13.jar:4.13]
	at org.junit.runners.ParentRunner.run(ParentRunner.java:413) [junit-4.13.jar:4.13]
	at org.junit.runners.Suite.runChild(Suite.java:128) [junit-4.13.jar:4.13]
	at org.junit.runners.Suite.runChild(Suite.java:27) [junit-4.13.jar:4.13]
	at org.junit.runners.ParentRunner$4.run(ParentRunner.java:331) [junit-4.13.jar:4.13]
	at org.junit.runners.ParentRunner$1.schedule(ParentRunner.java:79) [junit-4.13.jar:4.13]
	at org.junit.runners.ParentRunner.runChildren(ParentRunner.java:329) [junit-4.13.jar:4.13]
	at org.junit.runners.ParentRunner.access$100(ParentRunner.java:66) [junit-4.13.jar:4.13]
	at org.junit.runners.ParentRunner$2.evaluate(ParentRunner.java:293) [junit-4.13.jar:4.13]
	at org.junit.runners.ParentRunner$3.evaluate(ParentRunner.java:306) [junit-4.13.jar:4.13]
	at org.junit.runners.ParentRunner.run(ParentRunner.java:413) [junit-4.13.jar:4.13]
	at org.eclipse.jdt.internal.junit4.runner.JUnit4TestReference.run(JUnit4TestReference.java:93) [.cp/:?]
	at org.eclipse.jdt.internal.junit.runner.TestExecution.run(TestExecution.java:40) [.cp/:?]
	at org.eclipse.jdt.internal.junit.runner.RemoteTestRunner.runTests(RemoteTestRunner.java:530) [.cp/:?]
	at org.eclipse.jdt.internal.junit.runner.RemoteTestRunner.runTests(RemoteTestRunner.java:758) [.cp/:?]
	at org.eclipse.jdt.internal.junit.runner.RemoteTestRunner.run(RemoteTestRunner.java:453) [.cp/:?]
	at org.eclipse.jdt.internal.junit.runner.RemoteTestRunner.main(RemoteTestRunner.java:211) [.cp/:?]
2025-12-29 15:06:19 INFO  === END   tests.ButtonValidationTest.testButtonDisabledUntilAllFieldsFilled[Exp#7 [f1=0, f2=0, f3=0, f4=0, f5=0, f6=1, f7=0, f8=0]] ===
2025-12-29 15:06:19 INFO  === START tests.ButtonValidationTest.testButtonDisabledUntilAllFieldsFilled[Exp#8 [f1=0, f2=0, f3=0, f4=0, f5=0, f6=0, f7=1, f8=0]] ===
2025-12-29 15:06:24 ERROR === FAIL  tests.ButtonValidationTest.testButtonDisabledUntilAllFieldsFilled[Exp#8 [f1=0, f2=0, f3=0, f4=0, f5=0, f6=0, f7=1, f8=0]] ===
java.lang.UnsupportedOperationException: You may not select a disabled option
	at org.openqa.selenium.support.ui.Select.assertOptionIsEnabled(Select.java:403) ~[selenium-support-4.39.0.jar:?]
	at org.openqa.selenium.support.ui.Select.setSelected(Select.java:328) ~[selenium-support-4.39.0.jar:?]
	at org.openqa.selenium.support.ui.Select.setSelectedByIndex(Select.java:314) ~[selenium-support-4.39.0.jar:?]
	at org.openqa.selenium.support.ui.Select.selectByIndex(Select.java:173) ~[selenium-support-4.39.0.jar:?]
	at pages.GiftFormPage.selectLevel(GiftFormPage.java:60) ~[test-classes/:?]
	at pages.GiftFormPage.fillAll(GiftFormPage.java:64) ~[test-classes/:?]
	at tests.BaseTest.getInputPage(BaseTest.java:71) ~[test-classes/:?]
	at tests.ButtonValidationTest.testButtonDisabledUntilAllFieldsFilled(ButtonValidationTest.java:29) ~[test-classes/:?]
	at jdk.internal.reflect.DirectMethodHandleAccessor.invoke(DirectMethodHandleAccessor.java:103) ~[?:?]
	at java.lang.reflect.Method.invoke(Method.java:580) ~[?:?]
	at org.junit.runners.model.FrameworkMethod$1.runReflectiveCall(FrameworkMethod.java:59) ~[junit-4.13.jar:4.13]
	at org.junit.internal.runners.model.ReflectiveCallable.run(ReflectiveCallable.java:12) ~[junit-4.13.jar:4.13]
	at org.junit.runners.model.FrameworkMethod.invokeExplosively(FrameworkMethod.java:56) ~[junit-4.13.jar:4.13]
	at org.junit.internal.runners.statements.InvokeMethod.evaluate(InvokeMethod.java:17) ~[junit-4.13.jar:4.13]
	at org.junit.internal.runners.statements.RunBefores.evaluate(RunBefores.java:26) ~[junit-4.13.jar:4.13]
	at org.junit.internal.runners.statements.RunAfters.evaluate(RunAfters.java:27) ~[junit-4.13.jar:4.13]
	at org.junit.rules.TestWatcher$1.evaluate(TestWatcher.java:61) [junit-4.13.jar:4.13]
	at org.junit.runners.ParentRunner$3.evaluate(ParentRunner.java:306) [junit-4.13.jar:4.13]
	at org.junit.runners.BlockJUnit4ClassRunner$1.evaluate(BlockJUnit4ClassRunner.java:100) [junit-4.13.jar:4.13]
	at org.junit.runners.ParentRunner.runLeaf(ParentRunner.java:366) [junit-4.13.jar:4.13]
	at org.junit.runners.BlockJUnit4ClassRunner.runChild(BlockJUnit4ClassRunner.java:103) [junit-4.13.jar:4.13]
	at org.junit.runners.BlockJUnit4ClassRunner.runChild(BlockJUnit4ClassRunner.java:63) [junit-4.13.jar:4.13]
	at org.junit.runners.ParentRunner$4.run(ParentRunner.java:331) [junit-4.13.jar:4.13]
	at org.junit.runners.ParentRunner$1.schedule(ParentRunner.java:79) [junit-4.13.jar:4.13]
	at org.junit.runners.ParentRunner.runChildren(ParentRunner.java:329) [junit-4.13.jar:4.13]
	at org.junit.runners.ParentRunner.access$100(ParentRunner.java:66) [junit-4.13.jar:4.13]
	at org.junit.runners.ParentRunner$2.evaluate(ParentRunner.java:293) [junit-4.13.jar:4.13]
	at org.junit.runners.ParentRunner.run(ParentRunner.java:413) [junit-4.13.jar:4.13]
	at org.junit.runners.Suite.runChild(Suite.java:128) [junit-4.13.jar:4.13]
	at org.junit.runners.Suite.runChild(Suite.java:27) [junit-4.13.jar:4.13]
	at org.junit.runners.ParentRunner$4.run(ParentRunner.java:331) [junit-4.13.jar:4.13]
	at org.junit.runners.ParentRunner$1.schedule(ParentRunner.java:79) [junit-4.13.jar:4.13]
	at org.junit.runners.ParentRunner.runChildren(ParentRunner.java:329) [junit-4.13.jar:4.13]
	at org.junit.runners.ParentRunner.access$100(ParentRunner.java:66) [junit-4.13.jar:4.13]
	at org.junit.runners.ParentRunner$2.evaluate(ParentRunner.java:293) [junit-4.13.jar:4.13]
	at org.junit.runners.ParentRunner$3.evaluate(ParentRunner.java:306) [junit-4.13.jar:4.13]
	at org.junit.runners.ParentRunner.run(ParentRunner.java:413) [junit-4.13.jar:4.13]
	at org.eclipse.jdt.internal.junit4.runner.JUnit4TestReference.run(JUnit4TestReference.java:93) [.cp/:?]
	at org.eclipse.jdt.internal.junit.runner.TestExecution.run(TestExecution.java:40) [.cp/:?]
	at org.eclipse.jdt.internal.junit.runner.RemoteTestRunner.runTests(RemoteTestRunner.java:530) [.cp/:?]
	at org.eclipse.jdt.internal.junit.runner.RemoteTestRunner.runTests(RemoteTestRunner.java:758) [.cp/:?]
	at org.eclipse.jdt.internal.junit.runner.RemoteTestRunner.run(RemoteTestRunner.java:453) [.cp/:?]
	at org.eclipse.jdt.internal.junit.runner.RemoteTestRunner.main(RemoteTestRunner.java:211) [.cp/:?]
2025-12-29 15:06:24 INFO  === END   tests.ButtonValidationTest.testButtonDisabledUntilAllFieldsFilled[Exp#8 [f1=0, f2=0, f3=0, f4=0, f5=0, f6=0, f7=1, f8=0]] ===
2025-12-29 15:06:24 INFO  === START tests.ButtonValidationTest.testButtonDisabledUntilAllFieldsFilled[Exp#9 [f1=0, f2=0, f3=0, f4=0, f5=0, f6=0, f7=0, f8=1]] ===
2025-12-29 15:37:44 INFO  === START tests.ButtonValidationTest.testButtonDisabledUntilAllFieldsFilled ===
2025-12-29 15:37:53 INFO  STEP PASS: Button should be disabled on page load
2025-12-29 15:37:53 INFO  STEP PASS: Button should be disabled after 1 fill
2025-12-29 15:37:53 INFO  STEP PASS: Button should be disabled after 2 fill
2025-12-29 15:37:53 INFO  STEP PASS: Button should be disabled after 3 fill
2025-12-29 15:37:53 INFO  STEP PASS: Button should be disabled after 4 fill
2025-12-29 15:37:53 INFO  STEP PASS: Button should be disabled after 5 fill
2025-12-29 15:37:54 INFO  STEP PASS: Button should be disabled after 6 fill
2025-12-29 15:37:54 INFO  STEP PASS: Button should be disabled after 7 fill
2025-12-29 15:37:54 INFO  STEP PASS: Button should be enabled after filling all 8 fields
2025-12-29 15:37:54 INFO  === PASS  tests.ButtonValidationTest.testButtonDisabledUntilAllFieldsFilled ===
2025-12-29 15:37:54 INFO  === END   tests.ButtonValidationTest.testButtonDisabledUntilAllFieldsFilled ===
2025-12-29 15:45:03 INFO  === START tests.testDropdownOptionsAreTextual.categoryTitle_shouldMatchExpectedByScore ===
2025-12-29 15:45:12 INFO  STEP PASS: Found numeric value 'Select an option' in dropdown dropdown-f1
2025-12-29 15:45:12 INFO  STEP PASS: Found numeric value 'Under 30' in dropdown dropdown-f1
2025-12-29 15:45:12 INFO  STEP PASS: Found numeric value '30 and older' in dropdown dropdown-f1
2025-12-29 15:45:12 INFO  STEP PASS: Found numeric value 'Select an option' in dropdown dropdown-f2
2025-12-29 15:45:12 INFO  STEP PASS: Found numeric value 'Workday' in dropdown dropdown-f2
2025-12-29 15:45:12 INFO  STEP PASS: Found numeric value 'Weekend' in dropdown dropdown-f2
2025-12-29 15:45:12 INFO  STEP PASS: Found numeric value 'Holiday' in dropdown dropdown-f2
2025-12-29 15:45:12 INFO  STEP PASS: Found numeric value 'Select an option' in dropdown dropdown-f3
2025-12-29 15:45:12 INFO  STEP PASS: Found numeric value 'Up to 10' in dropdown dropdown-f3
2025-12-29 15:45:12 INFO  STEP PASS: Found numeric value 'Up to 50' in dropdown dropdown-f3
2025-12-29 15:45:12 INFO  STEP PASS: Found numeric value 'Over 100' in dropdown dropdown-f3
2025-12-29 15:45:12 INFO  STEP PASS: Found numeric value 'Select an option' in dropdown dropdown-f4
2025-12-29 15:45:12 INFO  STEP PASS: Found numeric value 'Private home' in dropdown dropdown-f4
2025-12-29 15:45:12 INFO  STEP PASS: Found numeric value 'Business site' in dropdown dropdown-f4
2025-12-29 15:45:12 INFO  STEP PASS: Found numeric value 'Event venue' in dropdown dropdown-f4
2025-12-29 15:45:12 INFO  STEP PASS: Found numeric value 'Select an option' in dropdown dropdown-f5
2025-12-29 15:45:12 INFO  STEP PASS: Found numeric value 'Morning' in dropdown dropdown-f5
2025-12-29 15:45:12 INFO  STEP PASS: Found numeric value 'Afternoon' in dropdown dropdown-f5
2025-12-29 15:45:12 INFO  STEP PASS: Found numeric value 'Evening' in dropdown dropdown-f5
2025-12-29 15:45:13 INFO  STEP PASS: Found numeric value 'Select an option' in dropdown dropdown-f6
2025-12-29 15:45:13 INFO  STEP PASS: Found numeric value 'Party' in dropdown dropdown-f6
2025-12-29 15:45:13 INFO  STEP PASS: Found numeric value 'Conference' in dropdown dropdown-f6
2025-12-29 15:45:13 INFO  STEP PASS: Found numeric value 'Convention' in dropdown dropdown-f6
2025-12-29 15:45:13 INFO  STEP PASS: Found numeric value 'Select an option' in dropdown dropdown-f7
2025-12-29 15:45:13 INFO  STEP PASS: Found numeric value 'Casual' in dropdown dropdown-f7
2025-12-29 15:45:13 INFO  STEP PASS: Found numeric value 'Business' in dropdown dropdown-f7
2025-12-29 15:45:13 INFO  STEP PASS: Found numeric value 'Formal' in dropdown dropdown-f7
2025-12-29 15:45:13 INFO  STEP PASS: Found numeric value 'Select an option' in dropdown dropdown-f8
2025-12-29 15:45:13 INFO  STEP PASS: Found numeric value 'Private' in dropdown dropdown-f8
2025-12-29 15:45:13 INFO  STEP PASS: Found numeric value 'Business' in dropdown dropdown-f8
2025-12-29 15:45:13 INFO  STEP PASS: Found numeric value 'International' in dropdown dropdown-f8
2025-12-29 15:45:13 INFO  === PASS  tests.testDropdownOptionsAreTextual.categoryTitle_shouldMatchExpectedByScore ===
2025-12-29 15:45:13 INFO  === END   tests.testDropdownOptionsAreTextual.categoryTitle_shouldMatchExpectedByScore ===
2025-12-29 16:08:25 INFO  === START tests.testDropdownOptionsAreTextual.categoryTitle_shouldMatchExpectedByScore ===
2025-12-29 16:08:35 INFO  === PASS  tests.testDropdownOptionsAreTextual.categoryTitle_shouldMatchExpectedByScore ===
2025-12-29 16:08:35 INFO  === END   tests.testDropdownOptionsAreTextual.categoryTitle_shouldMatchExpectedByScore ===
2025-12-29 16:08:56 INFO  === START tests.testDropdownOptionsAreTextual.categoryTitle_shouldMatchExpectedByScore ===
2025-12-29 16:09:02 ERROR === FAIL  tests.testDropdownOptionsAreTextual.categoryTitle_shouldMatchExpectedByScore ===
java.lang.AssertionError: Found numeric value 'Select an option' in dropdown dropdown-f1
	at org.junit.Assert.fail(Assert.java:89) ~[junit-4.13.jar:4.13]
	at org.junit.Assert.assertTrue(Assert.java:42) ~[junit-4.13.jar:4.13]
	at tests.testDropdownOptionsAreTextual.categoryTitle_shouldMatchExpectedByScore(testDropdownOptionsAreTextual.java:30) ~[test-classes/:?]
	at jdk.internal.reflect.DirectMethodHandleAccessor.invoke(DirectMethodHandleAccessor.java:103) ~[?:?]
	at java.lang.reflect.Method.invoke(Method.java:580) ~[?:?]
	at org.junit.runners.model.FrameworkMethod$1.runReflectiveCall(FrameworkMethod.java:59) ~[junit-4.13.jar:4.13]
	at org.junit.internal.runners.model.ReflectiveCallable.run(ReflectiveCallable.java:12) ~[junit-4.13.jar:4.13]
	at org.junit.runners.model.FrameworkMethod.invokeExplosively(FrameworkMethod.java:56) ~[junit-4.13.jar:4.13]
	at org.junit.internal.runners.statements.InvokeMethod.evaluate(InvokeMethod.java:17) ~[junit-4.13.jar:4.13]
	at org.junit.internal.runners.statements.RunBefores.evaluate(RunBefores.java:26) ~[junit-4.13.jar:4.13]
	at org.junit.internal.runners.statements.RunAfters.evaluate(RunAfters.java:27) ~[junit-4.13.jar:4.13]
	at org.junit.rules.TestWatcher$1.evaluate(TestWatcher.java:61) [junit-4.13.jar:4.13]
	at org.junit.runners.ParentRunner$3.evaluate(ParentRunner.java:306) [junit-4.13.jar:4.13]
	at org.junit.runners.BlockJUnit4ClassRunner$1.evaluate(BlockJUnit4ClassRunner.java:100) [junit-4.13.jar:4.13]
	at org.junit.runners.ParentRunner.runLeaf(ParentRunner.java:366) [junit-4.13.jar:4.13]
	at org.junit.runners.BlockJUnit4ClassRunner.runChild(BlockJUnit4ClassRunner.java:103) [junit-4.13.jar:4.13]
	at org.junit.runners.BlockJUnit4ClassRunner.runChild(BlockJUnit4ClassRunner.java:63) [junit-4.13.jar:4.13]
	at org.junit.runners.ParentRunner$4.run(ParentRunner.java:331) [junit-4.13.jar:4.13]
	at org.junit.runners.ParentRunner$1.schedule(ParentRunner.java:79) [junit-4.13.jar:4.13]
	at org.junit.runners.ParentRunner.runChildren(ParentRunner.java:329) [junit-4.13.jar:4.13]
	at org.junit.runners.ParentRunner.access$100(ParentRunner.java:66) [junit-4.13.jar:4.13]
	at org.junit.runners.ParentRunner$2.evaluate(ParentRunner.java:293) [junit-4.13.jar:4.13]
	at org.junit.runners.ParentRunner$3.evaluate(ParentRunner.java:306) [junit-4.13.jar:4.13]
	at org.junit.runners.ParentRunner.run(ParentRunner.java:413) [junit-4.13.jar:4.13]
	at org.eclipse.jdt.internal.junit4.runner.JUnit4TestReference.run(JUnit4TestReference.java:93) [.cp/:?]
	at org.eclipse.jdt.internal.junit.runner.TestExecution.run(TestExecution.java:40) [.cp/:?]
	at org.eclipse.jdt.internal.junit.runner.RemoteTestRunner.runTests(RemoteTestRunner.java:530) [.cp/:?]
	at org.eclipse.jdt.internal.junit.runner.RemoteTestRunner.runTests(RemoteTestRunner.java:758) [.cp/:?]
	at org.eclipse.jdt.internal.junit.runner.RemoteTestRunner.run(RemoteTestRunner.java:453) [.cp/:?]
	at org.eclipse.jdt.internal.junit.runner.RemoteTestRunner.main(RemoteTestRunner.java:211) [.cp/:?]
2025-12-29 16:09:02 INFO  === END   tests.testDropdownOptionsAreTextual.categoryTitle_shouldMatchExpectedByScore ===
2025-12-29 16:10:39 INFO  === START tests.DropdownFieldsTest.testDropdownOptionsAreTextual ===
2025-12-29 16:10:48 INFO  === PASS  tests.DropdownFieldsTest.testDropdownOptionsAreTextual ===
2025-12-29 16:10:48 INFO  === END   tests.DropdownFieldsTest.testDropdownOptionsAreTextual ===
2025-12-29 16:17:12 INFO  === START tests.DropdownFieldsTest.testDropdownOptionsAreTextual ===
2025-12-29 16:17:18 INFO  STEP PASS: Field value in dropdown dropdown-f1 is: Select an option
2025-12-29 16:17:18 INFO  STEP PASS: Field value in dropdown dropdown-f1 is: Under 30
2025-12-29 16:17:18 INFO  STEP PASS: Field value in dropdown dropdown-f1 is: 30 and older
2025-12-29 16:17:18 INFO  STEP PASS: Field value in dropdown dropdown-f2 is: Select an option
2025-12-29 16:17:18 INFO  STEP PASS: Field value in dropdown dropdown-f2 is: Workday
2025-12-29 16:17:18 INFO  STEP PASS: Field value in dropdown dropdown-f2 is: Weekend
2025-12-29 16:17:18 INFO  STEP PASS: Field value in dropdown dropdown-f2 is: Holiday
2025-12-29 16:17:18 INFO  STEP PASS: Field value in dropdown dropdown-f3 is: Select an option
2025-12-29 16:17:18 INFO  STEP PASS: Field value in dropdown dropdown-f3 is: Up to 10
2025-12-29 16:17:18 INFO  STEP PASS: Field value in dropdown dropdown-f3 is: Up to 50
2025-12-29 16:17:19 INFO  STEP PASS: Field value in dropdown dropdown-f3 is: Over 100
2025-12-29 16:17:19 INFO  STEP PASS: Field value in dropdown dropdown-f4 is: Select an option
2025-12-29 16:17:19 INFO  STEP PASS: Field value in dropdown dropdown-f4 is: Private home
2025-12-29 16:17:19 INFO  STEP PASS: Field value in dropdown dropdown-f4 is: Business site
2025-12-29 16:17:19 INFO  STEP PASS: Field value in dropdown dropdown-f4 is: Event venue
2025-12-29 16:17:19 INFO  STEP PASS: Field value in dropdown dropdown-f5 is: Select an option
2025-12-29 16:17:19 INFO  STEP PASS: Field value in dropdown dropdown-f5 is: Morning
2025-12-29 16:17:19 INFO  STEP PASS: Field value in dropdown dropdown-f5 is: Afternoon
2025-12-29 16:17:19 INFO  STEP PASS: Field value in dropdown dropdown-f5 is: Evening
2025-12-29 16:17:19 INFO  STEP PASS: Field value in dropdown dropdown-f6 is: Select an option
2025-12-29 16:17:19 INFO  STEP PASS: Field value in dropdown dropdown-f6 is: Party
2025-12-29 16:17:19 INFO  STEP PASS: Field value in dropdown dropdown-f6 is: Conference
2025-12-29 16:17:19 INFO  STEP PASS: Field value in dropdown dropdown-f6 is: Convention
2025-12-29 16:17:19 INFO  STEP PASS: Field value in dropdown dropdown-f7 is: Select an option
2025-12-29 16:17:19 INFO  STEP PASS: Field value in dropdown dropdown-f7 is: Casual
2025-12-29 16:17:19 INFO  STEP PASS: Field value in dropdown dropdown-f7 is: Business
2025-12-29 16:17:19 INFO  STEP PASS: Field value in dropdown dropdown-f7 is: Formal
2025-12-29 16:17:19 INFO  STEP PASS: Field value in dropdown dropdown-f8 is: Select an option
2025-12-29 16:17:19 INFO  STEP PASS: Field value in dropdown dropdown-f8 is: Private
2025-12-29 16:17:19 INFO  STEP PASS: Field value in dropdown dropdown-f8 is: Business
2025-12-29 16:17:19 INFO  STEP PASS: Field value in dropdown dropdown-f8 is: International
2025-12-29 16:17:19 INFO  === PASS  tests.DropdownFieldsTest.testDropdownOptionsAreTextual ===
2025-12-29 16:17:19 INFO  === END   tests.DropdownFieldsTest.testDropdownOptionsAreTextual ===
2025-12-29 16:18:18 INFO  === START tests.DropdownFieldsTest.testDropdownOptionsAreTextual ===
2025-12-29 16:18:24 INFO  STEP PASS: Field value in dropdown-f1 is: Select an option
2025-12-29 16:18:24 INFO  STEP PASS: Field value in dropdown-f1 is: Under 30
2025-12-29 16:18:24 INFO  STEP PASS: Field value in dropdown-f1 is: 30 and older
2025-12-29 16:18:24 INFO  STEP PASS: Field value in dropdown-f2 is: Select an option
2025-12-29 16:18:24 INFO  STEP PASS: Field value in dropdown-f2 is: Workday
2025-12-29 16:18:24 INFO  STEP PASS: Field value in dropdown-f2 is: Weekend
2025-12-29 16:18:24 INFO  STEP PASS: Field value in dropdown-f2 is: Holiday
2025-12-29 16:18:24 INFO  STEP PASS: Field value in dropdown-f3 is: Select an option
2025-12-29 16:18:24 INFO  STEP PASS: Field value in dropdown-f3 is: Up to 10
2025-12-29 16:18:24 INFO  STEP PASS: Field value in dropdown-f3 is: Up to 50
2025-12-29 16:18:24 INFO  STEP PASS: Field value in dropdown-f3 is: Over 100
2025-12-29 16:18:24 INFO  STEP PASS: Field value in dropdown-f4 is: Select an option
2025-12-29 16:18:24 INFO  STEP PASS: Field value in dropdown-f4 is: Private home
2025-12-29 16:18:24 INFO  STEP PASS: Field value in dropdown-f4 is: Business site
2025-12-29 16:18:24 INFO  STEP PASS: Field value in dropdown-f4 is: Event venue
2025-12-29 16:18:25 INFO  STEP PASS: Field value in dropdown-f5 is: Select an option
2025-12-29 16:18:25 INFO  STEP PASS: Field value in dropdown-f5 is: Morning
2025-12-29 16:18:25 INFO  STEP PASS: Field value in dropdown-f5 is: Afternoon
2025-12-29 16:18:25 INFO  STEP PASS: Field value in dropdown-f5 is: Evening
2025-12-29 16:18:25 INFO  STEP PASS: Field value in dropdown-f6 is: Select an option
2025-12-29 16:18:25 INFO  STEP PASS: Field value in dropdown-f6 is: Party
2025-12-29 16:18:25 INFO  STEP PASS: Field value in dropdown-f6 is: Conference
2025-12-29 16:18:25 INFO  STEP PASS: Field value in dropdown-f6 is: Convention
2025-12-29 16:18:25 INFO  STEP PASS: Field value in dropdown-f7 is: Select an option
2025-12-29 16:18:25 INFO  STEP PASS: Field value in dropdown-f7 is: Casual
2025-12-29 16:18:25 INFO  STEP PASS: Field value in dropdown-f7 is: Business
2025-12-29 16:18:25 INFO  STEP PASS: Field value in dropdown-f7 is: Formal
2025-12-29 16:18:25 INFO  STEP PASS: Field value in dropdown-f8 is: Select an option
2025-12-29 16:18:25 INFO  STEP PASS: Field value in dropdown-f8 is: Private
2025-12-29 16:18:25 INFO  STEP PASS: Field value in dropdown-f8 is: Business
2025-12-29 16:18:25 INFO  STEP PASS: Field value in dropdown-f8 is: International
2025-12-29 16:18:25 INFO  === PASS  tests.DropdownFieldsTest.testDropdownOptionsAreTextual ===
2025-12-29 16:18:25 INFO  === END   tests.DropdownFieldsTest.testDropdownOptionsAreTextual ===
2025-12-29 16:26:50 INFO  === START tests.resultPageTests.SortByPriceTest.cardsShouldBeSortedByPrice_ascending[Exp#1 [f1=1, f2=1, f3=1, f4=1, f5=1, f6=1, f7=1, f8=1]] ===
2025-12-29 16:26:59 INFO  STEP PASS: Results should be visible
2025-12-29 16:26:59 INFO  STEP: The catagory is: Sunglasses
2025-12-29 16:26:59 INFO  STEP: 1 price:34.99 should be smaller then 2 price:29.99
2025-12-29 16:26:59 ERROR STEP FAIL: Product cards should be sorted in ascending order by product price
2025-12-29 16:26:59 ERROR === FAIL  tests.resultPageTests.SortByPriceTest.cardsShouldBeSortedByPrice_ascending[Exp#1 [f1=1, f2=1, f3=1, f4=1, f5=1, f6=1, f7=1, f8=1]] ===
java.lang.AssertionError: Product cards should be sorted in ascending order by product price
	at org.junit.Assert.fail(Assert.java:89) ~[junit-4.13.jar:4.13]
	at org.junit.Assert.assertTrue(Assert.java:42) ~[junit-4.13.jar:4.13]
	at tests.BaseTest.checkTrue(BaseTest.java:75) ~[test-classes/:?]
	at tests.resultPageTests.SortByPriceTest.cardsShouldBeSortedByPrice_ascending(SortByPriceTest.java:54) ~[test-classes/:?]
	at jdk.internal.reflect.DirectMethodHandleAccessor.invoke(DirectMethodHandleAccessor.java:103) ~[?:?]
	at java.lang.reflect.Method.invoke(Method.java:580) ~[?:?]
	at org.junit.runners.model.FrameworkMethod$1.runReflectiveCall(FrameworkMethod.java:59) ~[junit-4.13.jar:4.13]
	at org.junit.internal.runners.model.ReflectiveCallable.run(ReflectiveCallable.java:12) ~[junit-4.13.jar:4.13]
	at org.junit.runners.model.FrameworkMethod.invokeExplosively(FrameworkMethod.java:56) ~[junit-4.13.jar:4.13]
	at org.junit.internal.runners.statements.InvokeMethod.evaluate(InvokeMethod.java:17) ~[junit-4.13.jar:4.13]
	at org.junit.internal.runners.statements.RunBefores.evaluate(RunBefores.java:26) ~[junit-4.13.jar:4.13]
	at org.junit.internal.runners.statements.RunAfters.evaluate(RunAfters.java:27) ~[junit-4.13.jar:4.13]
	at org.junit.rules.TestWatcher$1.evaluate(TestWatcher.java:61) [junit-4.13.jar:4.13]
	at org.junit.runners.ParentRunner$3.evaluate(ParentRunner.java:306) [junit-4.13.jar:4.13]
	at org.junit.runners.BlockJUnit4ClassRunner$1.evaluate(BlockJUnit4ClassRunner.java:100) [junit-4.13.jar:4.13]
	at org.junit.runners.ParentRunner.runLeaf(ParentRunner.java:366) [junit-4.13.jar:4.13]
	at org.junit.runners.BlockJUnit4ClassRunner.runChild(BlockJUnit4ClassRunner.java:103) [junit-4.13.jar:4.13]
	at org.junit.runners.BlockJUnit4ClassRunner.runChild(BlockJUnit4ClassRunner.java:63) [junit-4.13.jar:4.13]
	at org.junit.runners.ParentRunner$4.run(ParentRunner.java:331) [junit-4.13.jar:4.13]
	at org.junit.runners.ParentRunner$1.schedule(ParentRunner.java:79) [junit-4.13.jar:4.13]
	at org.junit.runners.ParentRunner.runChildren(ParentRunner.java:329) [junit-4.13.jar:4.13]
	at org.junit.runners.ParentRunner.access$100(ParentRunner.java:66) [junit-4.13.jar:4.13]
	at org.junit.runners.ParentRunner$2.evaluate(ParentRunner.java:293) [junit-4.13.jar:4.13]
	at org.junit.runners.ParentRunner.run(ParentRunner.java:413) [junit-4.13.jar:4.13]
	at org.junit.runners.Suite.runChild(Suite.java:128) [junit-4.13.jar:4.13]
	at org.junit.runners.Suite.runChild(Suite.java:27) [junit-4.13.jar:4.13]
	at org.junit.runners.ParentRunner$4.run(ParentRunner.java:331) [junit-4.13.jar:4.13]
	at org.junit.runners.ParentRunner$1.schedule(ParentRunner.java:79) [junit-4.13.jar:4.13]
	at org.junit.runners.ParentRunner.runChildren(ParentRunner.java:329) [junit-4.13.jar:4.13]
	at org.junit.runners.ParentRunner.access$100(ParentRunner.java:66) [junit-4.13.jar:4.13]
	at org.junit.runners.ParentRunner$2.evaluate(ParentRunner.java:293) [junit-4.13.jar:4.13]
	at org.junit.runners.ParentRunner$3.evaluate(ParentRunner.java:306) [junit-4.13.jar:4.13]
	at org.junit.runners.ParentRunner.run(ParentRunner.java:413) [junit-4.13.jar:4.13]
	at org.eclipse.jdt.internal.junit4.runner.JUnit4TestReference.run(JUnit4TestReference.java:93) [.cp/:?]
	at org.eclipse.jdt.internal.junit.runner.TestExecution.run(TestExecution.java:40) [.cp/:?]
	at org.eclipse.jdt.internal.junit.runner.RemoteTestRunner.runTests(RemoteTestRunner.java:530) [.cp/:?]
	at org.eclipse.jdt.internal.junit.runner.RemoteTestRunner.runTests(RemoteTestRunner.java:758) [.cp/:?]
	at org.eclipse.jdt.internal.junit.runner.RemoteTestRunner.run(RemoteTestRunner.java:453) [.cp/:?]
	at org.eclipse.jdt.internal.junit.runner.RemoteTestRunner.main(RemoteTestRunner.java:211) [.cp/:?]
2025-12-29 16:26:59 INFO  === END   tests.resultPageTests.SortByPriceTest.cardsShouldBeSortedByPrice_ascending[Exp#1 [f1=1, f2=1, f3=1, f4=1, f5=1, f6=1, f7=1, f8=1]] ===
2025-12-29 16:26:59 INFO  === START tests.resultPageTests.SortByPriceTest.cardsShouldBeSortedByPrice_ascending[Exp#2 [f1=1, f2=1, f3=2, f4=2, f5=2, f6=2, f7=2, f8=2]] ===
2025-12-29 16:27:07 INFO  STEP PASS: Results should be visible
2025-12-29 16:27:07 INFO  STEP: The catagory is: Kitchen Accessories
2025-12-29 16:27:07 INFO  STEP: 1 price:5.99 should be smaller then 2 price:7.99
2025-12-29 16:27:07 INFO  STEP: 2 price:7.99 should be smaller then 3 price:9.99
2025-12-29 16:27:07 INFO  STEP: 3 price:9.99 should be smaller then 4 price:29.99
2025-12-29 16:27:08 INFO  STEP: 4 price:29.99 should be smaller then 5 price:39.99
2025-12-29 16:27:08 INFO  STEP PASS: Product cards should be sorted in ascending order by product price
2025-12-29 16:27:08 INFO  === PASS  tests.resultPageTests.SortByPriceTest.cardsShouldBeSortedByPrice_ascending[Exp#2 [f1=1, f2=1, f3=2, f4=2, f5=2, f6=2, f7=2, f8=2]] ===
2025-12-29 16:27:08 INFO  === END   tests.resultPageTests.SortByPriceTest.cardsShouldBeSortedByPrice_ascending[Exp#2 [f1=1, f2=1, f3=2, f4=2, f5=2, f6=2, f7=2, f8=2]] ===
2025-12-29 16:27:08 INFO  === START tests.resultPageTests.SortByPriceTest.cardsShouldBeSortedByPrice_ascending[Exp#3 [f1=1, f2=1, f3=3, f4=3, f5=3, f6=3, f7=3, f8=3]] ===
2025-12-29 16:27:14 INFO  STEP PASS: Results should be visible
2025-12-29 16:27:14 INFO  STEP: The catagory is: Tablets
2025-12-29 16:27:15 INFO  STEP: 1 price:349.99 should be smaller then 2 price:349.99
2025-12-29 16:27:15 INFO  STEP: 2 price:349.99 should be smaller then 3 price:499.99
2025-12-29 16:27:15 INFO  STEP: 3 price:499.99 should be smaller then 4 price:599.99
2025-12-29 16:27:15 INFO  STEP PASS: Product cards should be sorted in ascending order by product price
2025-12-29 16:27:15 INFO  === PASS  tests.resultPageTests.SortByPriceTest.cardsShouldBeSortedByPrice_ascending[Exp#3 [f1=1, f2=1, f3=3, f4=3, f5=3, f6=3, f7=3, f8=3]] ===
2025-12-29 16:27:15 INFO  === END   tests.resultPageTests.SortByPriceTest.cardsShouldBeSortedByPrice_ascending[Exp#3 [f1=1, f2=1, f3=3, f4=3, f5=3, f6=3, f7=3, f8=3]] ===
2025-12-29 16:27:15 INFO  === START tests.resultPageTests.SortByPriceTest.cardsShouldBeSortedByPrice_ascending[Exp#4 [f1=1, f2=2, f3=1, f4=1, f5=2, f6=2, f7=3, f8=3]] ===
2025-12-29 16:27:22 INFO  STEP PASS: Results should be visible
2025-12-29 16:27:22 INFO  STEP: The catagory is: Home Decoration
2025-12-29 16:27:23 INFO  STEP: 1 price:14.99 should be smaller then 2 price:29.99
2025-12-29 16:27:23 INFO  STEP: 2 price:29.99 should be smaller then 3 price:39.99
2025-12-29 16:27:23 INFO  STEP: 3 price:39.99 should be smaller then 4 price:49.99
2025-12-29 16:27:23 INFO  STEP: 4 price:49.99 should be smaller then 5 price:59.99
2025-12-29 16:27:23 INFO  STEP PASS: Product cards should be sorted in ascending order by product price
2025-12-29 16:27:23 INFO  === PASS  tests.resultPageTests.SortByPriceTest.cardsShouldBeSortedByPrice_ascending[Exp#4 [f1=1, f2=2, f3=1, f4=1, f5=2, f6=2, f7=3, f8=3]] ===
2025-12-29 16:27:23 INFO  === END   tests.resultPageTests.SortByPriceTest.cardsShouldBeSortedByPrice_ascending[Exp#4 [f1=1, f2=2, f3=1, f4=1, f5=2, f6=2, f7=3, f8=3]] ===
2025-12-29 16:27:23 INFO  === START tests.resultPageTests.SortByPriceTest.cardsShouldBeSortedByPrice_ascending[Exp#5 [f1=1, f2=2, f3=2, f4=2, f5=3, f6=3, f7=1, f8=1]] ===
2025-12-29 16:27:30 INFO  STEP PASS: Results should be visible
2025-12-29 16:27:30 INFO  STEP: The catagory is: Kitchen Accessories
2025-12-29 16:27:30 INFO  STEP: 1 price:5.99 should be smaller then 2 price:7.99
2025-12-29 16:27:30 INFO  STEP: 2 price:7.99 should be smaller then 3 price:9.99
2025-12-29 16:27:31 INFO  STEP: 3 price:9.99 should be smaller then 4 price:29.99
2025-12-29 16:27:31 INFO  STEP: 4 price:29.99 should be smaller then 5 price:39.99
2025-12-29 16:27:31 INFO  STEP PASS: Product cards should be sorted in ascending order by product price
2025-12-29 16:27:31 INFO  === PASS  tests.resultPageTests.SortByPriceTest.cardsShouldBeSortedByPrice_ascending[Exp#5 [f1=1, f2=2, f3=2, f4=2, f5=3, f6=3, f7=1, f8=1]] ===
2025-12-29 16:27:31 INFO  === END   tests.resultPageTests.SortByPriceTest.cardsShouldBeSortedByPrice_ascending[Exp#5 [f1=1, f2=2, f3=2, f4=2, f5=3, f6=3, f7=1, f8=1]] ===
2025-12-29 16:27:31 INFO  === START tests.resultPageTests.SortByPriceTest.cardsShouldBeSortedByPrice_ascending[Exp#6 [f1=1, f2=2, f3=3, f4=3, f5=1, f6=1, f7=2, f8=2]] ===
2025-12-29 16:27:38 INFO  STEP PASS: Results should be visible
2025-12-29 16:27:38 INFO  STEP: The catagory is: Sports Accessories
2025-12-29 16:27:38 INFO  STEP: 1 price:8.99 should be smaller then 2 price:14.99
2025-12-29 16:27:38 INFO  STEP: 2 price:14.99 should be smaller then 3 price:19.99
2025-12-29 16:27:38 INFO  STEP: 3 price:19.99 should be smaller then 4 price:24.99
2025-12-29 16:27:38 INFO  STEP: 4 price:24.99 should be smaller then 5 price:39.99
2025-12-29 16:27:38 INFO  STEP PASS: Product cards should be sorted in ascending order by product price
2025-12-29 16:27:38 INFO  === PASS  tests.resultPageTests.SortByPriceTest.cardsShouldBeSortedByPrice_ascending[Exp#6 [f1=1, f2=2, f3=3, f4=3, f5=1, f6=1, f7=2, f8=2]] ===
2025-12-29 16:27:38 INFO  === END   tests.resultPageTests.SortByPriceTest.cardsShouldBeSortedByPrice_ascending[Exp#6 [f1=1, f2=2, f3=3, f4=3, f5=1, f6=1, f7=2, f8=2]] ===
2025-12-29 16:27:38 INFO  === START tests.resultPageTests.SortByPriceTest.cardsShouldBeSortedByPrice_ascending[Exp#7 [f1=1, f2=3, f3=1, f4=2, f5=1, f6=3, f7=2, f8=3]] ===
2025-12-29 16:27:44 INFO  STEP PASS: Results should be visible
2025-12-29 16:27:44 INFO  STEP: The catagory is: Sports Accessories
2025-12-29 16:27:45 INFO  STEP: 1 price:8.99 should be smaller then 2 price:14.99
2025-12-29 16:27:45 INFO  STEP: 2 price:14.99 should be smaller then 3 price:19.99
2025-12-29 16:27:45 INFO  STEP: 3 price:19.99 should be smaller then 4 price:24.99
2025-12-29 16:27:45 INFO  STEP: 4 price:24.99 should be smaller then 5 price:39.99
2025-12-29 16:27:45 INFO  STEP PASS: Product cards should be sorted in ascending order by product price
2025-12-29 16:27:45 INFO  === PASS  tests.resultPageTests.SortByPriceTest.cardsShouldBeSortedByPrice_ascending[Exp#7 [f1=1, f2=3, f3=1, f4=2, f5=1, f6=3, f7=2, f8=3]] ===
2025-12-29 16:27:45 INFO  === END   tests.resultPageTests.SortByPriceTest.cardsShouldBeSortedByPrice_ascending[Exp#7 [f1=1, f2=3, f3=1, f4=2, f5=1, f6=3, f7=2, f8=3]] ===
2025-12-29 16:27:45 INFO  === START tests.resultPageTests.SortByPriceTest.cardsShouldBeSortedByPrice_ascending[Exp#8 [f1=1, f2=3, f3=2, f4=3, f5=2, f6=1, f7=3, f8=1]] ===
2025-12-29 16:27:53 INFO  STEP PASS: Results should be visible
2025-12-29 16:27:53 INFO  STEP: The catagory is: Smartphones
2025-12-29 16:27:53 INFO  STEP: 1 price:199.99 should be smaller then 2 price:249.99
2025-12-29 16:27:53 INFO  STEP: 2 price:249.99 should be smaller then 3 price:299.99
2025-12-29 16:27:53 INFO  STEP: 3 price:299.99 should be smaller then 4 price:899.99
2025-12-29 16:27:53 INFO  STEP: 4 price:899.99 should be smaller then 5 price:1099.99
2025-12-29 16:27:53 INFO  STEP PASS: Product cards should be sorted in ascending order by product price
2025-12-29 16:27:54 INFO  === PASS  tests.resultPageTests.SortByPriceTest.cardsShouldBeSortedByPrice_ascending[Exp#8 [f1=1, f2=3, f3=2, f4=3, f5=2, f6=1, f7=3, f8=1]] ===
2025-12-29 16:27:54 INFO  === END   tests.resultPageTests.SortByPriceTest.cardsShouldBeSortedByPrice_ascending[Exp#8 [f1=1, f2=3, f3=2, f4=3, f5=2, f6=1, f7=3, f8=1]] ===
2025-12-29 16:27:54 INFO  === START tests.resultPageTests.SortByPriceTest.cardsShouldBeSortedByPrice_ascending[Exp#9 [f1=1, f2=3, f3=3, f4=1, f5=3, f6=2, f7=1, f8=2]] ===
2025-12-29 16:28:00 INFO  STEP PASS: Results should be visible
2025-12-29 16:28:00 INFO  STEP: The catagory is: Sports Accessories
2025-12-29 16:28:00 INFO  STEP: 1 price:8.99 should be smaller then 2 price:14.99
2025-12-29 16:28:00 INFO  STEP: 2 price:14.99 should be smaller then 3 price:19.99
2025-12-29 16:28:00 INFO  STEP: 3 price:19.99 should be smaller then 4 price:24.99
2025-12-29 16:28:00 INFO  STEP: 4 price:24.99 should be smaller then 5 price:39.99
2025-12-29 16:28:00 INFO  STEP PASS: Product cards should be sorted in ascending order by product price
2025-12-29 16:28:00 INFO  === PASS  tests.resultPageTests.SortByPriceTest.cardsShouldBeSortedByPrice_ascending[Exp#9 [f1=1, f2=3, f3=3, f4=1, f5=3, f6=2, f7=1, f8=2]] ===
2025-12-29 16:28:00 INFO  === END   tests.resultPageTests.SortByPriceTest.cardsShouldBeSortedByPrice_ascending[Exp#9 [f1=1, f2=3, f3=3, f4=1, f5=3, f6=2, f7=1, f8=2]] ===
2025-12-29 16:28:00 INFO  === START tests.resultPageTests.SortByPriceTest.cardsShouldBeSortedByPrice_ascending[Exp#10 [f1=2, f2=1, f3=1, f4=3, f5=3, f6=2, f7=2, f8=1]] ===
2025-12-29 16:28:07 INFO  STEP PASS: Results should be visible
2025-12-29 16:28:07 INFO  STEP: The catagory is: Kitchen Accessories
2025-12-29 16:28:07 INFO  STEP: 1 price:5.99 should be smaller then 2 price:7.99
2025-12-29 16:28:07 INFO  STEP: 2 price:7.99 should be smaller then 3 price:9.99
2025-12-29 16:28:08 INFO  STEP: 3 price:9.99 should be smaller then 4 price:29.99
2025-12-29 16:28:08 INFO  STEP: 4 price:29.99 should be smaller then 5 price:39.99
2025-12-29 16:28:08 INFO  STEP PASS: Product cards should be sorted in ascending order by product price
2025-12-29 16:28:08 INFO  === PASS  tests.resultPageTests.SortByPriceTest.cardsShouldBeSortedByPrice_ascending[Exp#10 [f1=2, f2=1, f3=1, f4=3, f5=3, f6=2, f7=2, f8=1]] ===
2025-12-29 16:28:08 INFO  === END   tests.resultPageTests.SortByPriceTest.cardsShouldBeSortedByPrice_ascending[Exp#10 [f1=2, f2=1, f3=1, f4=3, f5=3, f6=2, f7=2, f8=1]] ===
2025-12-29 16:28:08 INFO  === START tests.resultPageTests.SortByPriceTest.cardsShouldBeSortedByPrice_ascending[Exp#11 [f1=2, f2=1, f3=2, f4=1, f5=1, f6=3, f7=3, f8=2]] ===
2025-12-29 16:28:15 INFO  STEP PASS: Results should be visible
2025-12-29 16:28:15 INFO  STEP: The catagory is: Kitchen Accessories
2025-12-29 16:28:15 INFO  STEP: 1 price:5.99 should be smaller then 2 price:7.99
2025-12-29 16:28:15 INFO  STEP: 2 price:7.99 should be smaller then 3 price:9.99
2025-12-29 16:28:15 INFO  STEP: 3 price:9.99 should be smaller then 4 price:29.99
2025-12-29 16:28:15 INFO  STEP: 4 price:29.99 should be smaller then 5 price:39.99
2025-12-29 16:28:15 INFO  STEP PASS: Product cards should be sorted in ascending order by product price
2025-12-29 16:28:15 INFO  === PASS  tests.resultPageTests.SortByPriceTest.cardsShouldBeSortedByPrice_ascending[Exp#11 [f1=2, f2=1, f3=2, f4=1, f5=1, f6=3, f7=3, f8=2]] ===
2025-12-29 16:28:15 INFO  === END   tests.resultPageTests.SortByPriceTest.cardsShouldBeSortedByPrice_ascending[Exp#11 [f1=2, f2=1, f3=2, f4=1, f5=1, f6=3, f7=3, f8=2]] ===
2025-12-29 16:28:15 INFO  === START tests.resultPageTests.SortByPriceTest.cardsShouldBeSortedByPrice_ascending[Exp#12 [f1=2, f2=1, f3=3, f4=2, f5=2, f6=1, f7=1, f8=3]] ===
2025-12-29 16:28:22 INFO  STEP PASS: Results should be visible
2025-12-29 16:28:22 INFO  STEP: The catagory is: Sports Accessories
2025-12-29 16:28:22 INFO  STEP: 1 price:8.99 should be smaller then 2 price:14.99
2025-12-29 16:28:22 INFO  STEP: 2 price:14.99 should be smaller then 3 price:19.99
2025-12-29 16:28:22 INFO  STEP: 3 price:19.99 should be smaller then 4 price:24.99
2025-12-29 16:28:22 INFO  STEP: 4 price:24.99 should be smaller then 5 price:39.99
2025-12-29 16:28:22 INFO  STEP PASS: Product cards should be sorted in ascending order by product price
2025-12-29 16:28:23 INFO  === PASS  tests.resultPageTests.SortByPriceTest.cardsShouldBeSortedByPrice_ascending[Exp#12 [f1=2, f2=1, f3=3, f4=2, f5=2, f6=1, f7=1, f8=3]] ===
2025-12-29 16:28:23 INFO  === END   tests.resultPageTests.SortByPriceTest.cardsShouldBeSortedByPrice_ascending[Exp#12 [f1=2, f2=1, f3=3, f4=2, f5=2, f6=1, f7=1, f8=3]] ===
2025-12-29 16:28:23 INFO  === START tests.resultPageTests.SortByPriceTest.cardsShouldBeSortedByPrice_ascending[Exp#13 [f1=2, f2=2, f3=1, f4=2, f5=3, f6=1, f7=3, f8=2]] ===
2025-12-29 16:28:29 INFO  STEP PASS: Results should be visible
2025-12-29 16:28:29 INFO  STEP: The catagory is: Sports Accessories
2025-12-29 16:28:29 INFO  STEP: 1 price:8.99 should be smaller then 2 price:14.99
2025-12-29 16:28:29 INFO  STEP: 2 price:14.99 should be smaller then 3 price:19.99
2025-12-29 16:28:29 INFO  STEP: 3 price:19.99 should be smaller then 4 price:24.99
2025-12-29 16:28:29 INFO  STEP: 4 price:24.99 should be smaller then 5 price:39.99
2025-12-29 16:28:29 INFO  STEP PASS: Product cards should be sorted in ascending order by product price
2025-12-29 16:28:29 INFO  === PASS  tests.resultPageTests.SortByPriceTest.cardsShouldBeSortedByPrice_ascending[Exp#13 [f1=2, f2=2, f3=1, f4=2, f5=3, f6=1, f7=3, f8=2]] ===
2025-12-29 16:28:29 INFO  === END   tests.resultPageTests.SortByPriceTest.cardsShouldBeSortedByPrice_ascending[Exp#13 [f1=2, f2=2, f3=1, f4=2, f5=3, f6=1, f7=3, f8=2]] ===
2025-12-29 16:45:15 INFO  === START tests.resultPageTests.ProductCardNumberTests.resultPage_shouldHaveExactly5ProductCards[Exp#1 [f1=1, f2=1, f3=1, f4=1, f5=1, f6=1, f7=1, f8=1]] ===
2025-12-29 16:45:30 ERROR === FAIL  tests.resultPageTests.ProductCardNumberTests.resultPage_shouldHaveExactly5ProductCards[Exp#1 [f1=1, f2=1, f3=1, f4=1, f5=1, f6=1, f7=1, f8=1]] ===
org.openqa.selenium.TimeoutException: Expected condition failed: waiting for element to be clickable: By.id: dropdown-f1 (tried for 10 second(s) with 500 milliseconds interval)
Build info: version: '4.39.0', revision: '126f156aee'
System info: os.name: 'Windows 11', os.arch: 'amd64', os.version: '10.0', java.version: '23.0.1'
Driver info: org.openqa.selenium.chrome.ChromeDriver
Capabilities {acceptInsecureCerts: false, browserName: chrome, browserVersion: 143.0.7499.170, chrome: {chromedriverVersion: 143.0.7499.169 (164b20aab62..., userDataDir: C:\Users\igor1\AppData\Loca...}, fedcm:accounts: true, goog:chromeOptions: {debuggerAddress: localhost:64418}, goog:processID: 2008, networkConnectionEnabled: false, pageLoadStrategy: normal, platformName: windows, proxy: Proxy(), se:cdp: ws://localhost:64418/devtoo..., se:cdpVersion: 143.0.7499.170, setWindowRect: true, strictFileInteractability: false, timeouts: {implicit: 0, pageLoad: 300000, script: 30000}, unhandledPromptBehavior: dismiss and notify, webauthn:extension:credBlob: true, webauthn:extension:largeBlob: true, webauthn:extension:minPinLength: true, webauthn:extension:prf: true, webauthn:virtualAuthenticators: true}
Session ID: 7562da919ff1a0b0ac4bf1f119491045
	at org.openqa.selenium.support.ui.WebDriverWait.timeoutException(WebDriverWait.java:84) ~[selenium-support-4.39.0.jar:?]
	at org.openqa.selenium.support.ui.FluentWait.until(FluentWait.java:228) ~[selenium-support-4.39.0.jar:?]
	at pages.GiftFormPage.selectLevel(GiftFormPage.java:53) ~[test-classes/:?]
	at pages.GiftFormPage.fillAll(GiftFormPage.java:65) ~[test-classes/:?]
	at tests.BaseTest.goToResults(BaseTest.java:60) ~[test-classes/:?]
	at tests.resultPageTests.ProductCardNumberTests.resultPage_shouldHaveExactly5ProductCards(ProductCardNumberTests.java:27) ~[test-classes/:?]
	at jdk.internal.reflect.DirectMethodHandleAccessor.invoke(DirectMethodHandleAccessor.java:103) ~[?:?]
	at java.lang.reflect.Method.invoke(Method.java:580) ~[?:?]
	at org.junit.runners.model.FrameworkMethod$1.runReflectiveCall(FrameworkMethod.java:59) ~[junit-4.13.jar:4.13]
	at org.junit.internal.runners.model.ReflectiveCallable.run(ReflectiveCallable.java:12) ~[junit-4.13.jar:4.13]
	at org.junit.runners.model.FrameworkMethod.invokeExplosively(FrameworkMethod.java:56) ~[junit-4.13.jar:4.13]
	at org.junit.internal.runners.statements.InvokeMethod.evaluate(InvokeMethod.java:17) ~[junit-4.13.jar:4.13]
	at org.junit.internal.runners.statements.RunBefores.evaluate(RunBefores.java:26) ~[junit-4.13.jar:4.13]
	at org.junit.internal.runners.statements.RunAfters.evaluate(RunAfters.java:27) ~[junit-4.13.jar:4.13]
	at org.junit.rules.TestWatcher$1.evaluate(TestWatcher.java:61) [junit-4.13.jar:4.13]
	at org.junit.runners.ParentRunner$3.evaluate(ParentRunner.java:306) [junit-4.13.jar:4.13]
	at org.junit.runners.BlockJUnit4ClassRunner$1.evaluate(BlockJUnit4ClassRunner.java:100) [junit-4.13.jar:4.13]
	at org.junit.runners.ParentRunner.runLeaf(ParentRunner.java:366) [junit-4.13.jar:4.13]
	at org.junit.runners.BlockJUnit4ClassRunner.runChild(BlockJUnit4ClassRunner.java:103) [junit-4.13.jar:4.13]
	at org.junit.runners.BlockJUnit4ClassRunner.runChild(BlockJUnit4ClassRunner.java:63) [junit-4.13.jar:4.13]
	at org.junit.runners.ParentRunner$4.run(ParentRunner.java:331) [junit-4.13.jar:4.13]
	at org.junit.runners.ParentRunner$1.schedule(ParentRunner.java:79) [junit-4.13.jar:4.13]
	at org.junit.runners.ParentRunner.runChildren(ParentRunner.java:329) [junit-4.13.jar:4.13]
	at org.junit.runners.ParentRunner.access$100(ParentRunner.java:66) [junit-4.13.jar:4.13]
	at org.junit.runners.ParentRunner$2.evaluate(ParentRunner.java:293) [junit-4.13.jar:4.13]
	at org.junit.runners.ParentRunner.run(ParentRunner.java:413) [junit-4.13.jar:4.13]
	at org.junit.runners.Suite.runChild(Suite.java:128) [junit-4.13.jar:4.13]
	at org.junit.runners.Suite.runChild(Suite.java:27) [junit-4.13.jar:4.13]
	at org.junit.runners.ParentRunner$4.run(ParentRunner.java:331) [junit-4.13.jar:4.13]
	at org.junit.runners.ParentRunner$1.schedule(ParentRunner.java:79) [junit-4.13.jar:4.13]
	at org.junit.runners.ParentRunner.runChildren(ParentRunner.java:329) [junit-4.13.jar:4.13]
	at org.junit.runners.ParentRunner.access$100(ParentRunner.java:66) [junit-4.13.jar:4.13]
	at org.junit.runners.ParentRunner$2.evaluate(ParentRunner.java:293) [junit-4.13.jar:4.13]
	at org.junit.runners.ParentRunner$3.evaluate(ParentRunner.java:306) [junit-4.13.jar:4.13]
	at org.junit.runners.ParentRunner.run(ParentRunner.java:413) [junit-4.13.jar:4.13]
	at org.eclipse.jdt.internal.junit4.runner.JUnit4TestReference.run(JUnit4TestReference.java:93) [.cp/:?]
	at org.eclipse.jdt.internal.junit.runner.TestExecution.run(TestExecution.java:40) [.cp/:?]
	at org.eclipse.jdt.internal.junit.runner.RemoteTestRunner.runTests(RemoteTestRunner.java:530) [.cp/:?]
	at org.eclipse.jdt.internal.junit.runner.RemoteTestRunner.runTests(RemoteTestRunner.java:758) [.cp/:?]
	at org.eclipse.jdt.internal.junit.runner.RemoteTestRunner.run(RemoteTestRunner.java:453) [.cp/:?]
	at org.eclipse.jdt.internal.junit.runner.RemoteTestRunner.main(RemoteTestRunner.java:211) [.cp/:?]
2025-12-29 16:45:30 INFO  === END   tests.resultPageTests.ProductCardNumberTests.resultPage_shouldHaveExactly5ProductCards[Exp#1 [f1=1, f2=1, f3=1, f4=1, f5=1, f6=1, f7=1, f8=1]] ===
2025-12-29 16:45:30 INFO  === START tests.resultPageTests.ProductCardNumberTests.resultPage_shouldHaveExactly5ProductCards[Exp#2 [f1=1, f2=1, f3=2, f4=2, f5=2, f6=2, f7=2, f8=2]] ===
2025-12-29 16:45:41 ERROR === FAIL  tests.resultPageTests.ProductCardNumberTests.resultPage_shouldHaveExactly5ProductCards[Exp#2 [f1=1, f2=1, f3=2, f4=2, f5=2, f6=2, f7=2, f8=2]] ===
org.openqa.selenium.NoSuchSessionException: invalid session id: session deleted as the browser has closed the connection
from disconnected: not connected to DevTools
  (Session info: chrome=143.0.7499.170)
Build info: version: '4.39.0', revision: '126f156aee'
System info: os.name: 'Windows 11', os.arch: 'amd64', os.version: '10.0', java.version: '23.0.1'
Driver info: org.openqa.selenium.chrome.ChromeDriver
Command: [a36ac790421b6f10ede5937afbd11f2a, findElement {using=id, value=dropdown-f1}]
Capabilities {acceptInsecureCerts: false, browserName: chrome, browserVersion: 143.0.7499.170, chrome: {chromedriverVersion: 143.0.7499.169 (164b20aab62..., userDataDir: C:\Users\igor1\AppData\Loca...}, fedcm:accounts: true, goog:chromeOptions: {debuggerAddress: localhost:50860}, goog:processID: 26808, networkConnectionEnabled: false, pageLoadStrategy: normal, platformName: windows, proxy: Proxy(), se:cdp: ws://localhost:50860/devtoo..., se:cdpVersion: 143.0.7499.170, setWindowRect: true, strictFileInteractability: false, timeouts: {implicit: 0, pageLoad: 300000, script: 30000}, unhandledPromptBehavior: dismiss and notify, webauthn:extension:credBlob: true, webauthn:extension:largeBlob: true, webauthn:extension:minPinLength: true, webauthn:extension:prf: true, webauthn:virtualAuthenticators: true}
Session ID: a36ac790421b6f10ede5937afbd11f2a
	at jdk.internal.reflect.DirectConstructorHandleAccessor.newInstance(DirectConstructorHandleAccessor.java:62) ~[?:?]
	at java.lang.reflect.Constructor.newInstanceWithCaller(Constructor.java:501) ~[?:?]
	at java.lang.reflect.Constructor.newInstance(Constructor.java:485) ~[?:?]
	at org.openqa.selenium.remote.ErrorCodec.decode(ErrorCodec.java:167) ~[selenium-remote-driver-4.39.0.jar:?]
	at org.openqa.selenium.remote.codec.w3c.W3CHttpResponseCodec.decode(W3CHttpResponseCodec.java:142) ~[selenium-remote-driver-4.39.0.jar:?]
	at org.openqa.selenium.remote.codec.w3c.W3CHttpResponseCodec.decode(W3CHttpResponseCodec.java:49) ~[selenium-remote-driver-4.39.0.jar:?]
	at org.openqa.selenium.remote.HttpCommandExecutor.execute(HttpCommandExecutor.java:215) ~[selenium-remote-driver-4.39.0.jar:?]
	at org.openqa.selenium.remote.service.DriverCommandExecutor.invokeExecute(DriverCommandExecutor.java:216) ~[selenium-remote-driver-4.39.0.jar:?]
	at org.openqa.selenium.remote.service.DriverCommandExecutor.execute(DriverCommandExecutor.java:174) ~[selenium-remote-driver-4.39.0.jar:?]
	at org.openqa.selenium.remote.RemoteWebDriver.execute(RemoteWebDriver.java:561) ~[selenium-remote-driver-4.39.0.jar:?]
	at org.openqa.selenium.remote.ElementLocation$ElementFinder$2.findElement(ElementLocation.java:166) ~[selenium-remote-driver-4.39.0.jar:?]
	at org.openqa.selenium.remote.ElementLocation.findElement(ElementLocation.java:60) ~[selenium-remote-driver-4.39.0.jar:?]
	at org.openqa.selenium.remote.RemoteWebDriver.findElement(RemoteWebDriver.java:384) ~[selenium-remote-driver-4.39.0.jar:?]
	at org.openqa.selenium.remote.RemoteWebDriver.findElement(RemoteWebDriver.java:378) ~[selenium-remote-driver-4.39.0.jar:?]
	at org.openqa.selenium.support.ui.ExpectedConditions$7.apply(ExpectedConditions.java:198) ~[selenium-support-4.39.0.jar:?]
	at org.openqa.selenium.support.ui.ExpectedConditions$7.apply(ExpectedConditions.java:194) ~[selenium-support-4.39.0.jar:?]
	at org.openqa.selenium.support.ui.ExpectedConditions$22.apply(ExpectedConditions.java:632) ~[selenium-support-4.39.0.jar:?]
	at org.openqa.selenium.support.ui.ExpectedConditions$22.apply(ExpectedConditions.java:629) ~[selenium-support-4.39.0.jar:?]
	at org.openqa.selenium.support.ui.FluentWait.until(FluentWait.java:203) ~[selenium-support-4.39.0.jar:?]
	at pages.GiftFormPage.selectLevel(GiftFormPage.java:53) ~[test-classes/:?]
	at pages.GiftFormPage.fillAll(GiftFormPage.java:65) ~[test-classes/:?]
	at tests.BaseTest.goToResults(BaseTest.java:60) ~[test-classes/:?]
	at tests.resultPageTests.ProductCardNumberTests.resultPage_shouldHaveExactly5ProductCards(ProductCardNumberTests.java:27) ~[test-classes/:?]
	at jdk.internal.reflect.DirectMethodHandleAccessor.invoke(DirectMethodHandleAccessor.java:103) ~[?:?]
	at java.lang.reflect.Method.invoke(Method.java:580) ~[?:?]
	at org.junit.runners.model.FrameworkMethod$1.runReflectiveCall(FrameworkMethod.java:59) ~[junit-4.13.jar:4.13]
	at org.junit.internal.runners.model.ReflectiveCallable.run(ReflectiveCallable.java:12) ~[junit-4.13.jar:4.13]
	at org.junit.runners.model.FrameworkMethod.invokeExplosively(FrameworkMethod.java:56) ~[junit-4.13.jar:4.13]
	at org.junit.internal.runners.statements.InvokeMethod.evaluate(InvokeMethod.java:17) ~[junit-4.13.jar:4.13]
	at org.junit.internal.runners.statements.RunBefores.evaluate(RunBefores.java:26) ~[junit-4.13.jar:4.13]
	at org.junit.internal.runners.statements.RunAfters.evaluate(RunAfters.java:27) ~[junit-4.13.jar:4.13]
	at org.junit.rules.TestWatcher$1.evaluate(TestWatcher.java:61) [junit-4.13.jar:4.13]
	at org.junit.runners.ParentRunner$3.evaluate(ParentRunner.java:306) [junit-4.13.jar:4.13]
	at org.junit.runners.BlockJUnit4ClassRunner$1.evaluate(BlockJUnit4ClassRunner.java:100) [junit-4.13.jar:4.13]
	at org.junit.runners.ParentRunner.runLeaf(ParentRunner.java:366) [junit-4.13.jar:4.13]
	at org.junit.runners.BlockJUnit4ClassRunner.runChild(BlockJUnit4ClassRunner.java:103) [junit-4.13.jar:4.13]
	at org.junit.runners.BlockJUnit4ClassRunner.runChild(BlockJUnit4ClassRunner.java:63) [junit-4.13.jar:4.13]
	at org.junit.runners.ParentRunner$4.run(ParentRunner.java:331) [junit-4.13.jar:4.13]
	at org.junit.runners.ParentRunner$1.schedule(ParentRunner.java:79) [junit-4.13.jar:4.13]
	at org.junit.runners.ParentRunner.runChildren(ParentRunner.java:329) [junit-4.13.jar:4.13]
	at org.junit.runners.ParentRunner.access$100(ParentRunner.java:66) [junit-4.13.jar:4.13]
	at org.junit.runners.ParentRunner$2.evaluate(ParentRunner.java:293) [junit-4.13.jar:4.13]
	at org.junit.runners.ParentRunner.run(ParentRunner.java:413) [junit-4.13.jar:4.13]
	at org.junit.runners.Suite.runChild(Suite.java:128) [junit-4.13.jar:4.13]
	at org.junit.runners.Suite.runChild(Suite.java:27) [junit-4.13.jar:4.13]
	at org.junit.runners.ParentRunner$4.run(ParentRunner.java:331) [junit-4.13.jar:4.13]
	at org.junit.runners.ParentRunner$1.schedule(ParentRunner.java:79) [junit-4.13.jar:4.13]
	at org.junit.runners.ParentRunner.runChildren(ParentRunner.java:329) [junit-4.13.jar:4.13]
	at org.junit.runners.ParentRunner.access$100(ParentRunner.java:66) [junit-4.13.jar:4.13]
	at org.junit.runners.ParentRunner$2.evaluate(ParentRunner.java:293) [junit-4.13.jar:4.13]
	at org.junit.runners.ParentRunner$3.evaluate(ParentRunner.java:306) [junit-4.13.jar:4.13]
	at org.junit.runners.ParentRunner.run(ParentRunner.java:413) [junit-4.13.jar:4.13]
	at org.eclipse.jdt.internal.junit4.runner.JUnit4TestReference.run(JUnit4TestReference.java:93) [.cp/:?]
	at org.eclipse.jdt.internal.junit.runner.TestExecution.run(TestExecution.java:40) [.cp/:?]
	at org.eclipse.jdt.internal.junit.runner.RemoteTestRunner.runTests(RemoteTestRunner.java:530) [.cp/:?]
	at org.eclipse.jdt.internal.junit.runner.RemoteTestRunner.runTests(RemoteTestRunner.java:758) [.cp/:?]
	at org.eclipse.jdt.internal.junit.runner.RemoteTestRunner.run(RemoteTestRunner.java:453) [.cp/:?]
	at org.eclipse.jdt.internal.junit.runner.RemoteTestRunner.main(RemoteTestRunner.java:211) [.cp/:?]
2025-12-29 16:45:41 INFO  === END   tests.resultPageTests.ProductCardNumberTests.resultPage_shouldHaveExactly5ProductCards[Exp#2 [f1=1, f2=1, f3=2, f4=2, f5=2, f6=2, f7=2, f8=2]] ===
2025-12-29 16:45:41 INFO  === START tests.resultPageTests.ProductCardNumberTests.resultPage_shouldHaveExactly5ProductCards[Exp#3 [f1=1, f2=1, f3=3, f4=3, f5=3, f6=3, f7=3, f8=3]] ===
2025-12-29 16:45:58 INFO  STEP: Verify cards count (actual = 4)
2025-12-29 16:45:58 ERROR STEP FAIL: Expected 5 product cards
2025-12-29 16:45:58 ERROR === FAIL  tests.resultPageTests.ProductCardNumberTests.resultPage_shouldHaveExactly5ProductCards[Exp#3 [f1=1, f2=1, f3=3, f4=3, f5=3, f6=3, f7=3, f8=3]] ===
java.lang.AssertionError: Expected 5 product cards
	at org.junit.Assert.fail(Assert.java:89) ~[junit-4.13.jar:4.13]
	at org.junit.Assert.assertTrue(Assert.java:42) ~[junit-4.13.jar:4.13]
	at tests.BaseTest.checkTrue(BaseTest.java:75) ~[test-classes/:?]
	at tests.resultPageTests.ProductCardNumberTests.resultPage_shouldHaveExactly5ProductCards(ProductCardNumberTests.java:30) ~[test-classes/:?]
	at jdk.internal.reflect.DirectMethodHandleAccessor.invoke(DirectMethodHandleAccessor.java:103) ~[?:?]
	at java.lang.reflect.Method.invoke(Method.java:580) ~[?:?]
	at org.junit.runners.model.FrameworkMethod$1.runReflectiveCall(FrameworkMethod.java:59) ~[junit-4.13.jar:4.13]
	at org.junit.internal.runners.model.ReflectiveCallable.run(ReflectiveCallable.java:12) ~[junit-4.13.jar:4.13]
	at org.junit.runners.model.FrameworkMethod.invokeExplosively(FrameworkMethod.java:56) ~[junit-4.13.jar:4.13]
	at org.junit.internal.runners.statements.InvokeMethod.evaluate(InvokeMethod.java:17) ~[junit-4.13.jar:4.13]
	at org.junit.internal.runners.statements.RunBefores.evaluate(RunBefores.java:26) ~[junit-4.13.jar:4.13]
	at org.junit.internal.runners.statements.RunAfters.evaluate(RunAfters.java:27) ~[junit-4.13.jar:4.13]
	at org.junit.rules.TestWatcher$1.evaluate(TestWatcher.java:61) [junit-4.13.jar:4.13]
	at org.junit.runners.ParentRunner$3.evaluate(ParentRunner.java:306) [junit-4.13.jar:4.13]
	at org.junit.runners.BlockJUnit4ClassRunner$1.evaluate(BlockJUnit4ClassRunner.java:100) [junit-4.13.jar:4.13]
	at org.junit.runners.ParentRunner.runLeaf(ParentRunner.java:366) [junit-4.13.jar:4.13]
	at org.junit.runners.BlockJUnit4ClassRunner.runChild(BlockJUnit4ClassRunner.java:103) [junit-4.13.jar:4.13]
	at org.junit.runners.BlockJUnit4ClassRunner.runChild(BlockJUnit4ClassRunner.java:63) [junit-4.13.jar:4.13]
	at org.junit.runners.ParentRunner$4.run(ParentRunner.java:331) [junit-4.13.jar:4.13]
	at org.junit.runners.ParentRunner$1.schedule(ParentRunner.java:79) [junit-4.13.jar:4.13]
	at org.junit.runners.ParentRunner.runChildren(ParentRunner.java:329) [junit-4.13.jar:4.13]
	at org.junit.runners.ParentRunner.access$100(ParentRunner.java:66) [junit-4.13.jar:4.13]
	at org.junit.runners.ParentRunner$2.evaluate(ParentRunner.java:293) [junit-4.13.jar:4.13]
	at org.junit.runners.ParentRunner.run(ParentRunner.java:413) [junit-4.13.jar:4.13]
	at org.junit.runners.Suite.runChild(Suite.java:128) [junit-4.13.jar:4.13]
	at org.junit.runners.Suite.runChild(Suite.java:27) [junit-4.13.jar:4.13]
	at org.junit.runners.ParentRunner$4.run(ParentRunner.java:331) [junit-4.13.jar:4.13]
	at org.junit.runners.ParentRunner$1.schedule(ParentRunner.java:79) [junit-4.13.jar:4.13]
	at org.junit.runners.ParentRunner.runChildren(ParentRunner.java:329) [junit-4.13.jar:4.13]
	at org.junit.runners.ParentRunner.access$100(ParentRunner.java:66) [junit-4.13.jar:4.13]
	at org.junit.runners.ParentRunner$2.evaluate(ParentRunner.java:293) [junit-4.13.jar:4.13]
	at org.junit.runners.ParentRunner$3.evaluate(ParentRunner.java:306) [junit-4.13.jar:4.13]
	at org.junit.runners.ParentRunner.run(ParentRunner.java:413) [junit-4.13.jar:4.13]
	at org.eclipse.jdt.internal.junit4.runner.JUnit4TestReference.run(JUnit4TestReference.java:93) [.cp/:?]
	at org.eclipse.jdt.internal.junit.runner.TestExecution.run(TestExecution.java:40) [.cp/:?]
	at org.eclipse.jdt.internal.junit.runner.RemoteTestRunner.runTests(RemoteTestRunner.java:530) [.cp/:?]
	at org.eclipse.jdt.internal.junit.runner.RemoteTestRunner.runTests(RemoteTestRunner.java:758) [.cp/:?]
	at org.eclipse.jdt.internal.junit.runner.RemoteTestRunner.run(RemoteTestRunner.java:453) [.cp/:?]
	at org.eclipse.jdt.internal.junit.runner.RemoteTestRunner.main(RemoteTestRunner.java:211) [.cp/:?]
2025-12-29 16:45:58 INFO  === END   tests.resultPageTests.ProductCardNumberTests.resultPage_shouldHaveExactly5ProductCards[Exp#3 [f1=1, f2=1, f3=3, f4=3, f5=3, f6=3, f7=3, f8=3]] ===
2025-12-29 16:45:59 INFO  === START tests.SubmitBtnShowResultPageTests.submit_shouldShowResultPageAndCards[Exp#1 [f1=1, f2=1, f3=1, f4=1, f5=1, f6=1, f7=1, f8=1]] ===
2025-12-29 16:46:08 INFO  STEP: Verify results grid is visible
2025-12-29 16:46:08 INFO  STEP PASS: Results grid should be visible
2025-12-29 16:46:08 INFO  === PASS  tests.SubmitBtnShowResultPageTests.submit_shouldShowResultPageAndCards[Exp#1 [f1=1, f2=1, f3=1, f4=1, f5=1, f6=1, f7=1, f8=1]] ===
2025-12-29 16:46:08 INFO  === END   tests.SubmitBtnShowResultPageTests.submit_shouldShowResultPageAndCards[Exp#1 [f1=1, f2=1, f3=1, f4=1, f5=1, f6=1, f7=1, f8=1]] ===
2025-12-29 16:46:08 INFO  === START tests.SubmitBtnShowResultPageTests.submit_shouldShowResultPageAndCards[Exp#2 [f1=1, f2=1, f3=2, f4=2, f5=2, f6=2, f7=2, f8=2]] ===
2025-12-29 16:46:20 ERROR === FAIL  tests.SubmitBtnShowResultPageTests.submit_shouldShowResultPageAndCards[Exp#2 [f1=1, f2=1, f3=2, f4=2, f5=2, f6=2, f7=2, f8=2]] ===
org.openqa.selenium.TimeoutException: Expected condition failed: waiting for element to be clickable: By.id: dropdown-f1 (tried for 10 second(s) with 500 milliseconds interval)
Build info: version: '4.39.0', revision: '126f156aee'
System info: os.name: 'Windows 11', os.arch: 'amd64', os.version: '10.0', java.version: '23.0.1'
Driver info: org.openqa.selenium.chrome.ChromeDriver
Capabilities {acceptInsecureCerts: false, browserName: chrome, browserVersion: 143.0.7499.170, chrome: {chromedriverVersion: 143.0.7499.169 (164b20aab62..., userDataDir: C:\Users\igor1\AppData\Loca...}, fedcm:accounts: true, goog:chromeOptions: {debuggerAddress: localhost:50403}, goog:processID: 6440, networkConnectionEnabled: false, pageLoadStrategy: normal, platformName: windows, proxy: Proxy(), se:cdp: ws://localhost:50403/devtoo..., se:cdpVersion: 143.0.7499.170, setWindowRect: true, strictFileInteractability: false, timeouts: {implicit: 0, pageLoad: 300000, script: 30000}, unhandledPromptBehavior: dismiss and notify, webauthn:extension:credBlob: true, webauthn:extension:largeBlob: true, webauthn:extension:minPinLength: true, webauthn:extension:prf: true, webauthn:virtualAuthenticators: true}
Session ID: 10788d72f70f49b789ee978a664374e9
	at org.openqa.selenium.support.ui.WebDriverWait.timeoutException(WebDriverWait.java:84) ~[selenium-support-4.39.0.jar:?]
	at org.openqa.selenium.support.ui.FluentWait.until(FluentWait.java:228) ~[selenium-support-4.39.0.jar:?]
	at pages.GiftFormPage.selectLevel(GiftFormPage.java:53) ~[test-classes/:?]
	at pages.GiftFormPage.fillAll(GiftFormPage.java:65) ~[test-classes/:?]
	at tests.BaseTest.goToResults(BaseTest.java:60) ~[test-classes/:?]
	at tests.SubmitBtnShowResultPageTests.submit_shouldShowResultPageAndCards(SubmitBtnShowResultPageTests.java:26) ~[test-classes/:?]
	at jdk.internal.reflect.DirectMethodHandleAccessor.invoke(DirectMethodHandleAccessor.java:103) ~[?:?]
	at java.lang.reflect.Method.invoke(Method.java:580) ~[?:?]
	at org.junit.runners.model.FrameworkMethod$1.runReflectiveCall(FrameworkMethod.java:59) ~[junit-4.13.jar:4.13]
	at org.junit.internal.runners.model.ReflectiveCallable.run(ReflectiveCallable.java:12) ~[junit-4.13.jar:4.13]
	at org.junit.runners.model.FrameworkMethod.invokeExplosively(FrameworkMethod.java:56) ~[junit-4.13.jar:4.13]
	at org.junit.internal.runners.statements.InvokeMethod.evaluate(InvokeMethod.java:17) ~[junit-4.13.jar:4.13]
	at org.junit.internal.runners.statements.RunBefores.evaluate(RunBefores.java:26) ~[junit-4.13.jar:4.13]
	at org.junit.internal.runners.statements.RunAfters.evaluate(RunAfters.java:27) ~[junit-4.13.jar:4.13]
	at org.junit.rules.TestWatcher$1.evaluate(TestWatcher.java:61) [junit-4.13.jar:4.13]
	at org.junit.runners.ParentRunner$3.evaluate(ParentRunner.java:306) [junit-4.13.jar:4.13]
	at org.junit.runners.BlockJUnit4ClassRunner$1.evaluate(BlockJUnit4ClassRunner.java:100) [junit-4.13.jar:4.13]
	at org.junit.runners.ParentRunner.runLeaf(ParentRunner.java:366) [junit-4.13.jar:4.13]
	at org.junit.runners.BlockJUnit4ClassRunner.runChild(BlockJUnit4ClassRunner.java:103) [junit-4.13.jar:4.13]
	at org.junit.runners.BlockJUnit4ClassRunner.runChild(BlockJUnit4ClassRunner.java:63) [junit-4.13.jar:4.13]
	at org.junit.runners.ParentRunner$4.run(ParentRunner.java:331) [junit-4.13.jar:4.13]
	at org.junit.runners.ParentRunner$1.schedule(ParentRunner.java:79) [junit-4.13.jar:4.13]
	at org.junit.runners.ParentRunner.runChildren(ParentRunner.java:329) [junit-4.13.jar:4.13]
	at org.junit.runners.ParentRunner.access$100(ParentRunner.java:66) [junit-4.13.jar:4.13]
	at org.junit.runners.ParentRunner$2.evaluate(ParentRunner.java:293) [junit-4.13.jar:4.13]
	at org.junit.runners.ParentRunner.run(ParentRunner.java:413) [junit-4.13.jar:4.13]
	at org.junit.runners.Suite.runChild(Suite.java:128) [junit-4.13.jar:4.13]
	at org.junit.runners.Suite.runChild(Suite.java:27) [junit-4.13.jar:4.13]
	at org.junit.runners.ParentRunner$4.run(ParentRunner.java:331) [junit-4.13.jar:4.13]
	at org.junit.runners.ParentRunner$1.schedule(ParentRunner.java:79) [junit-4.13.jar:4.13]
	at org.junit.runners.ParentRunner.runChildren(ParentRunner.java:329) [junit-4.13.jar:4.13]
	at org.junit.runners.ParentRunner.access$100(ParentRunner.java:66) [junit-4.13.jar:4.13]
	at org.junit.runners.ParentRunner$2.evaluate(ParentRunner.java:293) [junit-4.13.jar:4.13]
	at org.junit.runners.ParentRunner$3.evaluate(ParentRunner.java:306) [junit-4.13.jar:4.13]
	at org.junit.runners.ParentRunner.run(ParentRunner.java:413) [junit-4.13.jar:4.13]
	at org.eclipse.jdt.internal.junit4.runner.JUnit4TestReference.run(JUnit4TestReference.java:93) [.cp/:?]
	at org.eclipse.jdt.internal.junit.runner.TestExecution.run(TestExecution.java:40) [.cp/:?]
	at org.eclipse.jdt.internal.junit.runner.RemoteTestRunner.runTests(RemoteTestRunner.java:530) [.cp/:?]
	at org.eclipse.jdt.internal.junit.runner.RemoteTestRunner.runTests(RemoteTestRunner.java:758) [.cp/:?]
	at org.eclipse.jdt.internal.junit.runner.RemoteTestRunner.run(RemoteTestRunner.java:453) [.cp/:?]
	at org.eclipse.jdt.internal.junit.runner.RemoteTestRunner.main(RemoteTestRunner.java:211) [.cp/:?]
2025-12-29 16:46:20 INFO  === END   tests.SubmitBtnShowResultPageTests.submit_shouldShowResultPageAndCards[Exp#2 [f1=1, f2=1, f3=2, f4=2, f5=2, f6=2, f7=2, f8=2]] ===
2025-12-29 16:46:20 INFO  === START tests.SubmitBtnShowResultPageTests.submit_shouldShowResultPageAndCards[Exp#3 [f1=1, f2=1, f3=3, f4=3, f5=3, f6=3, f7=3, f8=3]] ===
2025-12-29 16:47:57 INFO  === START tests.SubmitBtnShowResultPageTests.submit_shouldShowResultPageAndCards[Exp#1 [f1=1, f2=1, f3=1, f4=1, f5=1, f6=1, f7=1, f8=1]] ===
2025-12-29 16:48:10 ERROR === FAIL  tests.SubmitBtnShowResultPageTests.submit_shouldShowResultPageAndCards[Exp#1 [f1=1, f2=1, f3=1, f4=1, f5=1, f6=1, f7=1, f8=1]] ===
org.openqa.selenium.TimeoutException: Expected condition failed: waiting for element to be clickable: By.id: dropdown-f1 (tried for 10 second(s) with 500 milliseconds interval)
Build info: version: '4.39.0', revision: '126f156aee'
System info: os.name: 'Windows 11', os.arch: 'amd64', os.version: '10.0', java.version: '23.0.1'
Driver info: org.openqa.selenium.chrome.ChromeDriver
Capabilities {acceptInsecureCerts: false, browserName: chrome, browserVersion: 143.0.7499.170, chrome: {chromedriverVersion: 143.0.7499.169 (164b20aab62..., userDataDir: C:\Users\igor1\AppData\Loca...}, fedcm:accounts: true, goog:chromeOptions: {debuggerAddress: localhost:61702}, goog:processID: 26912, networkConnectionEnabled: false, pageLoadStrategy: normal, platformName: windows, proxy: Proxy(), se:cdp: ws://localhost:61702/devtoo..., se:cdpVersion: 143.0.7499.170, setWindowRect: true, strictFileInteractability: false, timeouts: {implicit: 0, pageLoad: 300000, script: 30000}, unhandledPromptBehavior: dismiss and notify, webauthn:extension:credBlob: true, webauthn:extension:largeBlob: true, webauthn:extension:minPinLength: true, webauthn:extension:prf: true, webauthn:virtualAuthenticators: true}
Session ID: c85a6a0f363439a24ab6812a8c087431
	at org.openqa.selenium.support.ui.WebDriverWait.timeoutException(WebDriverWait.java:84) ~[selenium-support-4.39.0.jar:?]
	at org.openqa.selenium.support.ui.FluentWait.until(FluentWait.java:228) ~[selenium-support-4.39.0.jar:?]
	at pages.GiftFormPage.selectLevel(GiftFormPage.java:53) ~[test-classes/:?]
	at pages.GiftFormPage.fillAll(GiftFormPage.java:65) ~[test-classes/:?]
	at tests.BaseTest.goToResults(BaseTest.java:60) ~[test-classes/:?]
	at tests.SubmitBtnShowResultPageTests.submit_shouldShowResultPageAndCards(SubmitBtnShowResultPageTests.java:26) ~[test-classes/:?]
	at jdk.internal.reflect.DirectMethodHandleAccessor.invoke(DirectMethodHandleAccessor.java:103) ~[?:?]
	at java.lang.reflect.Method.invoke(Method.java:580) ~[?:?]
	at org.junit.runners.model.FrameworkMethod$1.runReflectiveCall(FrameworkMethod.java:59) ~[junit-4.13.jar:4.13]
	at org.junit.internal.runners.model.ReflectiveCallable.run(ReflectiveCallable.java:12) ~[junit-4.13.jar:4.13]
	at org.junit.runners.model.FrameworkMethod.invokeExplosively(FrameworkMethod.java:56) ~[junit-4.13.jar:4.13]
	at org.junit.internal.runners.statements.InvokeMethod.evaluate(InvokeMethod.java:17) ~[junit-4.13.jar:4.13]
	at org.junit.internal.runners.statements.RunBefores.evaluate(RunBefores.java:26) ~[junit-4.13.jar:4.13]
	at org.junit.internal.runners.statements.RunAfters.evaluate(RunAfters.java:27) ~[junit-4.13.jar:4.13]
	at org.junit.rules.TestWatcher$1.evaluate(TestWatcher.java:61) [junit-4.13.jar:4.13]
	at org.junit.runners.ParentRunner$3.evaluate(ParentRunner.java:306) [junit-4.13.jar:4.13]
	at org.junit.runners.BlockJUnit4ClassRunner$1.evaluate(BlockJUnit4ClassRunner.java:100) [junit-4.13.jar:4.13]
	at org.junit.runners.ParentRunner.runLeaf(ParentRunner.java:366) [junit-4.13.jar:4.13]
	at org.junit.runners.BlockJUnit4ClassRunner.runChild(BlockJUnit4ClassRunner.java:103) [junit-4.13.jar:4.13]
	at org.junit.runners.BlockJUnit4ClassRunner.runChild(BlockJUnit4ClassRunner.java:63) [junit-4.13.jar:4.13]
	at org.junit.runners.ParentRunner$4.run(ParentRunner.java:331) [junit-4.13.jar:4.13]
	at org.junit.runners.ParentRunner$1.schedule(ParentRunner.java:79) [junit-4.13.jar:4.13]
	at org.junit.runners.ParentRunner.runChildren(ParentRunner.java:329) [junit-4.13.jar:4.13]
	at org.junit.runners.ParentRunner.access$100(ParentRunner.java:66) [junit-4.13.jar:4.13]
	at org.junit.runners.ParentRunner$2.evaluate(ParentRunner.java:293) [junit-4.13.jar:4.13]
	at org.junit.runners.ParentRunner.run(ParentRunner.java:413) [junit-4.13.jar:4.13]
	at org.junit.runners.Suite.runChild(Suite.java:128) [junit-4.13.jar:4.13]
	at org.junit.runners.Suite.runChild(Suite.java:27) [junit-4.13.jar:4.13]
	at org.junit.runners.ParentRunner$4.run(ParentRunner.java:331) [junit-4.13.jar:4.13]
	at org.junit.runners.ParentRunner$1.schedule(ParentRunner.java:79) [junit-4.13.jar:4.13]
	at org.junit.runners.ParentRunner.runChildren(ParentRunner.java:329) [junit-4.13.jar:4.13]
	at org.junit.runners.ParentRunner.access$100(ParentRunner.java:66) [junit-4.13.jar:4.13]
	at org.junit.runners.ParentRunner$2.evaluate(ParentRunner.java:293) [junit-4.13.jar:4.13]
	at org.junit.runners.ParentRunner$3.evaluate(ParentRunner.java:306) [junit-4.13.jar:4.13]
	at org.junit.runners.ParentRunner.run(ParentRunner.java:413) [junit-4.13.jar:4.13]
	at org.eclipse.jdt.internal.junit4.runner.JUnit4TestReference.run(JUnit4TestReference.java:93) [.cp/:?]
	at org.eclipse.jdt.internal.junit.runner.TestExecution.run(TestExecution.java:40) [.cp/:?]
	at org.eclipse.jdt.internal.junit.runner.RemoteTestRunner.runTests(RemoteTestRunner.java:530) [.cp/:?]
	at org.eclipse.jdt.internal.junit.runner.RemoteTestRunner.runTests(RemoteTestRunner.java:758) [.cp/:?]
	at org.eclipse.jdt.internal.junit.runner.RemoteTestRunner.run(RemoteTestRunner.java:453) [.cp/:?]
	at org.eclipse.jdt.internal.junit.runner.RemoteTestRunner.main(RemoteTestRunner.java:211) [.cp/:?]
2025-12-29 16:48:10 INFO  === END   tests.SubmitBtnShowResultPageTests.submit_shouldShowResultPageAndCards[Exp#1 [f1=1, f2=1, f3=1, f4=1, f5=1, f6=1, f7=1, f8=1]] ===
2025-12-29 16:48:10 INFO  === START tests.SubmitBtnShowResultPageTests.submit_shouldShowResultPageAndCards[Exp#2 [f1=1, f2=1, f3=2, f4=2, f5=2, f6=2, f7=2, f8=2]] ===
2025-12-29 16:48:23 ERROR === FAIL  tests.SubmitBtnShowResultPageTests.submit_shouldShowResultPageAndCards[Exp#2 [f1=1, f2=1, f3=2, f4=2, f5=2, f6=2, f7=2, f8=2]] ===
org.openqa.selenium.TimeoutException: Expected condition failed: waiting for element to be clickable: By.id: dropdown-f1 (tried for 10 second(s) with 500 milliseconds interval)
Build info: version: '4.39.0', revision: '126f156aee'
System info: os.name: 'Windows 11', os.arch: 'amd64', os.version: '10.0', java.version: '23.0.1'
Driver info: org.openqa.selenium.chrome.ChromeDriver
Capabilities {acceptInsecureCerts: false, browserName: chrome, browserVersion: 143.0.7499.170, chrome: {chromedriverVersion: 143.0.7499.169 (164b20aab62..., userDataDir: C:\Users\igor1\AppData\Loca...}, fedcm:accounts: true, goog:chromeOptions: {debuggerAddress: localhost:62585}, goog:processID: 29172, networkConnectionEnabled: false, pageLoadStrategy: normal, platformName: windows, proxy: Proxy(), se:cdp: ws://localhost:62585/devtoo..., se:cdpVersion: 143.0.7499.170, setWindowRect: true, strictFileInteractability: false, timeouts: {implicit: 0, pageLoad: 300000, script: 30000}, unhandledPromptBehavior: dismiss and notify, webauthn:extension:credBlob: true, webauthn:extension:largeBlob: true, webauthn:extension:minPinLength: true, webauthn:extension:prf: true, webauthn:virtualAuthenticators: true}
Session ID: be70ad2734e22607ee254ca337f23918
	at org.openqa.selenium.support.ui.WebDriverWait.timeoutException(WebDriverWait.java:84) ~[selenium-support-4.39.0.jar:?]
	at org.openqa.selenium.support.ui.FluentWait.until(FluentWait.java:228) ~[selenium-support-4.39.0.jar:?]
	at pages.GiftFormPage.selectLevel(GiftFormPage.java:53) ~[test-classes/:?]
	at pages.GiftFormPage.fillAll(GiftFormPage.java:65) ~[test-classes/:?]
	at tests.BaseTest.goToResults(BaseTest.java:60) ~[test-classes/:?]
	at tests.SubmitBtnShowResultPageTests.submit_shouldShowResultPageAndCards(SubmitBtnShowResultPageTests.java:26) ~[test-classes/:?]
	at jdk.internal.reflect.DirectMethodHandleAccessor.invoke(DirectMethodHandleAccessor.java:103) ~[?:?]
	at java.lang.reflect.Method.invoke(Method.java:580) ~[?:?]
	at org.junit.runners.model.FrameworkMethod$1.runReflectiveCall(FrameworkMethod.java:59) ~[junit-4.13.jar:4.13]
	at org.junit.internal.runners.model.ReflectiveCallable.run(ReflectiveCallable.java:12) ~[junit-4.13.jar:4.13]
	at org.junit.runners.model.FrameworkMethod.invokeExplosively(FrameworkMethod.java:56) ~[junit-4.13.jar:4.13]
	at org.junit.internal.runners.statements.InvokeMethod.evaluate(InvokeMethod.java:17) ~[junit-4.13.jar:4.13]
	at org.junit.internal.runners.statements.RunBefores.evaluate(RunBefores.java:26) ~[junit-4.13.jar:4.13]
	at org.junit.internal.runners.statements.RunAfters.evaluate(RunAfters.java:27) ~[junit-4.13.jar:4.13]
	at org.junit.rules.TestWatcher$1.evaluate(TestWatcher.java:61) [junit-4.13.jar:4.13]
	at org.junit.runners.ParentRunner$3.evaluate(ParentRunner.java:306) [junit-4.13.jar:4.13]
	at org.junit.runners.BlockJUnit4ClassRunner$1.evaluate(BlockJUnit4ClassRunner.java:100) [junit-4.13.jar:4.13]
	at org.junit.runners.ParentRunner.runLeaf(ParentRunner.java:366) [junit-4.13.jar:4.13]
	at org.junit.runners.BlockJUnit4ClassRunner.runChild(BlockJUnit4ClassRunner.java:103) [junit-4.13.jar:4.13]
	at org.junit.runners.BlockJUnit4ClassRunner.runChild(BlockJUnit4ClassRunner.java:63) [junit-4.13.jar:4.13]
	at org.junit.runners.ParentRunner$4.run(ParentRunner.java:331) [junit-4.13.jar:4.13]
	at org.junit.runners.ParentRunner$1.schedule(ParentRunner.java:79) [junit-4.13.jar:4.13]
	at org.junit.runners.ParentRunner.runChildren(ParentRunner.java:329) [junit-4.13.jar:4.13]
	at org.junit.runners.ParentRunner.access$100(ParentRunner.java:66) [junit-4.13.jar:4.13]
	at org.junit.runners.ParentRunner$2.evaluate(ParentRunner.java:293) [junit-4.13.jar:4.13]
	at org.junit.runners.ParentRunner.run(ParentRunner.java:413) [junit-4.13.jar:4.13]
	at org.junit.runners.Suite.runChild(Suite.java:128) [junit-4.13.jar:4.13]
	at org.junit.runners.Suite.runChild(Suite.java:27) [junit-4.13.jar:4.13]
	at org.junit.runners.ParentRunner$4.run(ParentRunner.java:331) [junit-4.13.jar:4.13]
	at org.junit.runners.ParentRunner$1.schedule(ParentRunner.java:79) [junit-4.13.jar:4.13]
	at org.junit.runners.ParentRunner.runChildren(ParentRunner.java:329) [junit-4.13.jar:4.13]
	at org.junit.runners.ParentRunner.access$100(ParentRunner.java:66) [junit-4.13.jar:4.13]
	at org.junit.runners.ParentRunner$2.evaluate(ParentRunner.java:293) [junit-4.13.jar:4.13]
	at org.junit.runners.ParentRunner$3.evaluate(ParentRunner.java:306) [junit-4.13.jar:4.13]
	at org.junit.runners.ParentRunner.run(ParentRunner.java:413) [junit-4.13.jar:4.13]
	at org.eclipse.jdt.internal.junit4.runner.JUnit4TestReference.run(JUnit4TestReference.java:93) [.cp/:?]
	at org.eclipse.jdt.internal.junit.runner.TestExecution.run(TestExecution.java:40) [.cp/:?]
	at org.eclipse.jdt.internal.junit.runner.RemoteTestRunner.runTests(RemoteTestRunner.java:530) [.cp/:?]
	at org.eclipse.jdt.internal.junit.runner.RemoteTestRunner.runTests(RemoteTestRunner.java:758) [.cp/:?]
	at org.eclipse.jdt.internal.junit.runner.RemoteTestRunner.run(RemoteTestRunner.java:453) [.cp/:?]
	at org.eclipse.jdt.internal.junit.runner.RemoteTestRunner.main(RemoteTestRunner.java:211) [.cp/:?]
2025-12-29 16:48:23 INFO  === END   tests.SubmitBtnShowResultPageTests.submit_shouldShowResultPageAndCards[Exp#2 [f1=1, f2=1, f3=2, f4=2, f5=2, f6=2, f7=2, f8=2]] ===
2025-12-29 16:48:23 INFO  === START tests.SubmitBtnShowResultPageTests.submit_shouldShowResultPageAndCards[Exp#3 [f1=1, f2=1, f3=3, f4=3, f5=3, f6=3, f7=3, f8=3]] ===
2025-12-29 16:48:37 INFO  === START tests.resultPageTests.ProductCardNumberTests.resultPage_shouldHaveExactly5ProductCards[Exp#1 [f1=1, f2=1, f3=1, f4=1, f5=1, f6=1, f7=1, f8=1]] ===
2025-12-29 16:48:48 ERROR === FAIL  tests.resultPageTests.ProductCardNumberTests.resultPage_shouldHaveExactly5ProductCards[Exp#1 [f1=1, f2=1, f3=1, f4=1, f5=1, f6=1, f7=1, f8=1]] ===
org.openqa.selenium.NoSuchSessionException: invalid session id: session deleted as the browser has closed the connection
from disconnected: not connected to DevTools
  (Session info: chrome=143.0.7499.170)
Build info: version: '4.39.0', revision: '126f156aee'
System info: os.name: 'Windows 11', os.arch: 'amd64', os.version: '10.0', java.version: '23.0.1'
Driver info: org.openqa.selenium.chrome.ChromeDriver
Command: [0b79e1abbad6a05b3c4e472d03c8f23f, findElement {value=dropdown-f1, using=id}]
Capabilities {acceptInsecureCerts: false, browserName: chrome, browserVersion: 143.0.7499.170, chrome: {chromedriverVersion: 143.0.7499.169 (164b20aab62..., userDataDir: C:\Users\igor1\AppData\Loca...}, fedcm:accounts: true, goog:chromeOptions: {debuggerAddress: localhost:59443}, goog:processID: 16300, networkConnectionEnabled: false, pageLoadStrategy: normal, platformName: windows, proxy: Proxy(), se:cdp: ws://localhost:59443/devtoo..., se:cdpVersion: 143.0.7499.170, setWindowRect: true, strictFileInteractability: false, timeouts: {implicit: 0, pageLoad: 300000, script: 30000}, unhandledPromptBehavior: dismiss and notify, webauthn:extension:credBlob: true, webauthn:extension:largeBlob: true, webauthn:extension:minPinLength: true, webauthn:extension:prf: true, webauthn:virtualAuthenticators: true}
Session ID: 0b79e1abbad6a05b3c4e472d03c8f23f
	at jdk.internal.reflect.DirectConstructorHandleAccessor.newInstance(DirectConstructorHandleAccessor.java:62) ~[?:?]
	at java.lang.reflect.Constructor.newInstanceWithCaller(Constructor.java:501) ~[?:?]
	at java.lang.reflect.Constructor.newInstance(Constructor.java:485) ~[?:?]
	at org.openqa.selenium.remote.ErrorCodec.decode(ErrorCodec.java:167) ~[selenium-remote-driver-4.39.0.jar:?]
	at org.openqa.selenium.remote.codec.w3c.W3CHttpResponseCodec.decode(W3CHttpResponseCodec.java:142) ~[selenium-remote-driver-4.39.0.jar:?]
	at org.openqa.selenium.remote.codec.w3c.W3CHttpResponseCodec.decode(W3CHttpResponseCodec.java:49) ~[selenium-remote-driver-4.39.0.jar:?]
	at org.openqa.selenium.remote.HttpCommandExecutor.execute(HttpCommandExecutor.java:215) ~[selenium-remote-driver-4.39.0.jar:?]
	at org.openqa.selenium.remote.service.DriverCommandExecutor.invokeExecute(DriverCommandExecutor.java:216) ~[selenium-remote-driver-4.39.0.jar:?]
	at org.openqa.selenium.remote.service.DriverCommandExecutor.execute(DriverCommandExecutor.java:174) ~[selenium-remote-driver-4.39.0.jar:?]
	at org.openqa.selenium.remote.RemoteWebDriver.execute(RemoteWebDriver.java:561) ~[selenium-remote-driver-4.39.0.jar:?]
	at org.openqa.selenium.remote.ElementLocation$ElementFinder$2.findElement(ElementLocation.java:166) ~[selenium-remote-driver-4.39.0.jar:?]
	at org.openqa.selenium.remote.ElementLocation.findElement(ElementLocation.java:60) ~[selenium-remote-driver-4.39.0.jar:?]
	at org.openqa.selenium.remote.RemoteWebDriver.findElement(RemoteWebDriver.java:384) ~[selenium-remote-driver-4.39.0.jar:?]
	at org.openqa.selenium.remote.RemoteWebDriver.findElement(RemoteWebDriver.java:378) ~[selenium-remote-driver-4.39.0.jar:?]
	at org.openqa.selenium.support.ui.ExpectedConditions$7.apply(ExpectedConditions.java:198) ~[selenium-support-4.39.0.jar:?]
	at org.openqa.selenium.support.ui.ExpectedConditions$7.apply(ExpectedConditions.java:194) ~[selenium-support-4.39.0.jar:?]
	at org.openqa.selenium.support.ui.ExpectedConditions$22.apply(ExpectedConditions.java:632) ~[selenium-support-4.39.0.jar:?]
	at org.openqa.selenium.support.ui.ExpectedConditions$22.apply(ExpectedConditions.java:629) ~[selenium-support-4.39.0.jar:?]
	at org.openqa.selenium.support.ui.FluentWait.until(FluentWait.java:203) ~[selenium-support-4.39.0.jar:?]
	at pages.GiftFormPage.selectLevel(GiftFormPage.java:53) ~[test-classes/:?]
	at pages.GiftFormPage.fillAll(GiftFormPage.java:65) ~[test-classes/:?]
	at tests.BaseTest.goToResults(BaseTest.java:60) ~[test-classes/:?]
	at tests.resultPageTests.ProductCardNumberTests.resultPage_shouldHaveExactly5ProductCards(ProductCardNumberTests.java:27) ~[test-classes/:?]
	at jdk.internal.reflect.DirectMethodHandleAccessor.invoke(DirectMethodHandleAccessor.java:103) ~[?:?]
	at java.lang.reflect.Method.invoke(Method.java:580) ~[?:?]
	at org.junit.runners.model.FrameworkMethod$1.runReflectiveCall(FrameworkMethod.java:59) ~[junit-4.13.jar:4.13]
	at org.junit.internal.runners.model.ReflectiveCallable.run(ReflectiveCallable.java:12) ~[junit-4.13.jar:4.13]
	at org.junit.runners.model.FrameworkMethod.invokeExplosively(FrameworkMethod.java:56) ~[junit-4.13.jar:4.13]
	at org.junit.internal.runners.statements.InvokeMethod.evaluate(InvokeMethod.java:17) ~[junit-4.13.jar:4.13]
	at org.junit.internal.runners.statements.RunBefores.evaluate(RunBefores.java:26) ~[junit-4.13.jar:4.13]
	at org.junit.internal.runners.statements.RunAfters.evaluate(RunAfters.java:27) ~[junit-4.13.jar:4.13]
	at org.junit.rules.TestWatcher$1.evaluate(TestWatcher.java:61) [junit-4.13.jar:4.13]
	at org.junit.runners.ParentRunner$3.evaluate(ParentRunner.java:306) [junit-4.13.jar:4.13]
	at org.junit.runners.BlockJUnit4ClassRunner$1.evaluate(BlockJUnit4ClassRunner.java:100) [junit-4.13.jar:4.13]
	at org.junit.runners.ParentRunner.runLeaf(ParentRunner.java:366) [junit-4.13.jar:4.13]
	at org.junit.runners.BlockJUnit4ClassRunner.runChild(BlockJUnit4ClassRunner.java:103) [junit-4.13.jar:4.13]
	at org.junit.runners.BlockJUnit4ClassRunner.runChild(BlockJUnit4ClassRunner.java:63) [junit-4.13.jar:4.13]
	at org.junit.runners.ParentRunner$4.run(ParentRunner.java:331) [junit-4.13.jar:4.13]
	at org.junit.runners.ParentRunner$1.schedule(ParentRunner.java:79) [junit-4.13.jar:4.13]
	at org.junit.runners.ParentRunner.runChildren(ParentRunner.java:329) [junit-4.13.jar:4.13]
	at org.junit.runners.ParentRunner.access$100(ParentRunner.java:66) [junit-4.13.jar:4.13]
	at org.junit.runners.ParentRunner$2.evaluate(ParentRunner.java:293) [junit-4.13.jar:4.13]
	at org.junit.runners.ParentRunner.run(ParentRunner.java:413) [junit-4.13.jar:4.13]
	at org.junit.runners.Suite.runChild(Suite.java:128) [junit-4.13.jar:4.13]
	at org.junit.runners.Suite.runChild(Suite.java:27) [junit-4.13.jar:4.13]
	at org.junit.runners.ParentRunner$4.run(ParentRunner.java:331) [junit-4.13.jar:4.13]
	at org.junit.runners.ParentRunner$1.schedule(ParentRunner.java:79) [junit-4.13.jar:4.13]
	at org.junit.runners.ParentRunner.runChildren(ParentRunner.java:329) [junit-4.13.jar:4.13]
	at org.junit.runners.ParentRunner.access$100(ParentRunner.java:66) [junit-4.13.jar:4.13]
	at org.junit.runners.ParentRunner$2.evaluate(ParentRunner.java:293) [junit-4.13.jar:4.13]
	at org.junit.runners.ParentRunner$3.evaluate(ParentRunner.java:306) [junit-4.13.jar:4.13]
	at org.junit.runners.ParentRunner.run(ParentRunner.java:413) [junit-4.13.jar:4.13]
	at org.eclipse.jdt.internal.junit4.runner.JUnit4TestReference.run(JUnit4TestReference.java:93) [.cp/:?]
	at org.eclipse.jdt.internal.junit.runner.TestExecution.run(TestExecution.java:40) [.cp/:?]
	at org.eclipse.jdt.internal.junit.runner.RemoteTestRunner.runTests(RemoteTestRunner.java:530) [.cp/:?]
	at org.eclipse.jdt.internal.junit.runner.RemoteTestRunner.runTests(RemoteTestRunner.java:758) [.cp/:?]
	at org.eclipse.jdt.internal.junit.runner.RemoteTestRunner.run(RemoteTestRunner.java:453) [.cp/:?]
	at org.eclipse.jdt.internal.junit.runner.RemoteTestRunner.main(RemoteTestRunner.java:211) [.cp/:?]
2025-12-29 16:48:48 INFO  === END   tests.resultPageTests.ProductCardNumberTests.resultPage_shouldHaveExactly5ProductCards[Exp#1 [f1=1, f2=1, f3=1, f4=1, f5=1, f6=1, f7=1, f8=1]] ===
2025-12-29 16:48:48 INFO  === START tests.resultPageTests.ProductCardNumberTests.resultPage_shouldHaveExactly5ProductCards[Exp#2 [f1=1, f2=1, f3=2, f4=2, f5=2, f6=2, f7=2, f8=2]] ===
2025-12-29 16:51:05 INFO  === START tests.resultPageTests.ScoreTests.score_shouldMatchExpectedOracle[Exp#1 [f1=1, f2=1, f3=1, f4=1, f5=1, f6=1, f7=1, f8=1]] ===
2025-12-29 16:51:18 ERROR === FAIL  tests.resultPageTests.ScoreTests.score_shouldMatchExpectedOracle[Exp#1 [f1=1, f2=1, f3=1, f4=1, f5=1, f6=1, f7=1, f8=1]] ===
org.openqa.selenium.NoSuchSessionException: invalid session id: session deleted as the browser has closed the connection
from disconnected: not connected to DevTools
  (Session info: chrome=143.0.7499.170)
Build info: version: '4.39.0', revision: '126f156aee'
System info: os.name: 'Windows 11', os.arch: 'amd64', os.version: '10.0', java.version: '23.0.1'
Driver info: org.openqa.selenium.chrome.ChromeDriver
Command: [efb1f2d3f54fab97993bba660b9a5ff5, findElement {using=id, value=dropdown-f1}]
Capabilities {acceptInsecureCerts: false, browserName: chrome, browserVersion: 143.0.7499.170, chrome: {chromedriverVersion: 143.0.7499.169 (164b20aab62..., userDataDir: C:\Users\igor1\AppData\Loca...}, fedcm:accounts: true, goog:chromeOptions: {debuggerAddress: localhost:59022}, goog:processID: 12280, networkConnectionEnabled: false, pageLoadStrategy: normal, platformName: windows, proxy: Proxy(), se:cdp: ws://localhost:59022/devtoo..., se:cdpVersion: 143.0.7499.170, setWindowRect: true, strictFileInteractability: false, timeouts: {implicit: 0, pageLoad: 300000, script: 30000}, unhandledPromptBehavior: dismiss and notify, webauthn:extension:credBlob: true, webauthn:extension:largeBlob: true, webauthn:extension:minPinLength: true, webauthn:extension:prf: true, webauthn:virtualAuthenticators: true}
Session ID: efb1f2d3f54fab97993bba660b9a5ff5
	at jdk.internal.reflect.DirectConstructorHandleAccessor.newInstance(DirectConstructorHandleAccessor.java:62) ~[?:?]
	at java.lang.reflect.Constructor.newInstanceWithCaller(Constructor.java:501) ~[?:?]
	at java.lang.reflect.Constructor.newInstance(Constructor.java:485) ~[?:?]
	at org.openqa.selenium.remote.ErrorCodec.decode(ErrorCodec.java:167) ~[selenium-remote-driver-4.39.0.jar:?]
	at org.openqa.selenium.remote.codec.w3c.W3CHttpResponseCodec.decode(W3CHttpResponseCodec.java:142) ~[selenium-remote-driver-4.39.0.jar:?]
	at org.openqa.selenium.remote.codec.w3c.W3CHttpResponseCodec.decode(W3CHttpResponseCodec.java:49) ~[selenium-remote-driver-4.39.0.jar:?]
	at org.openqa.selenium.remote.HttpCommandExecutor.execute(HttpCommandExecutor.java:215) ~[selenium-remote-driver-4.39.0.jar:?]
	at org.openqa.selenium.remote.service.DriverCommandExecutor.invokeExecute(DriverCommandExecutor.java:216) ~[selenium-remote-driver-4.39.0.jar:?]
	at org.openqa.selenium.remote.service.DriverCommandExecutor.execute(DriverCommandExecutor.java:174) ~[selenium-remote-driver-4.39.0.jar:?]
	at org.openqa.selenium.remote.RemoteWebDriver.execute(RemoteWebDriver.java:561) ~[selenium-remote-driver-4.39.0.jar:?]
	at org.openqa.selenium.remote.ElementLocation$ElementFinder$2.findElement(ElementLocation.java:166) ~[selenium-remote-driver-4.39.0.jar:?]
	at org.openqa.selenium.remote.ElementLocation.findElement(ElementLocation.java:60) ~[selenium-remote-driver-4.39.0.jar:?]
	at org.openqa.selenium.remote.RemoteWebDriver.findElement(RemoteWebDriver.java:384) ~[selenium-remote-driver-4.39.0.jar:?]
	at org.openqa.selenium.remote.RemoteWebDriver.findElement(RemoteWebDriver.java:378) ~[selenium-remote-driver-4.39.0.jar:?]
	at org.openqa.selenium.support.ui.ExpectedConditions$7.apply(ExpectedConditions.java:198) ~[selenium-support-4.39.0.jar:?]
	at org.openqa.selenium.support.ui.ExpectedConditions$7.apply(ExpectedConditions.java:194) ~[selenium-support-4.39.0.jar:?]
	at org.openqa.selenium.support.ui.ExpectedConditions$22.apply(ExpectedConditions.java:632) ~[selenium-support-4.39.0.jar:?]
	at org.openqa.selenium.support.ui.ExpectedConditions$22.apply(ExpectedConditions.java:629) ~[selenium-support-4.39.0.jar:?]
	at org.openqa.selenium.support.ui.FluentWait.until(FluentWait.java:203) ~[selenium-support-4.39.0.jar:?]
	at pages.GiftFormPage.selectLevel(GiftFormPage.java:53) ~[test-classes/:?]
	at pages.GiftFormPage.fillAll(GiftFormPage.java:65) ~[test-classes/:?]
	at tests.BaseTest.goToResults(BaseTest.java:60) ~[test-classes/:?]
	at tests.resultPageTests.ScoreTests.score_shouldMatchExpectedOracle(ScoreTests.java:30) ~[test-classes/:?]
	at jdk.internal.reflect.DirectMethodHandleAccessor.invoke(DirectMethodHandleAccessor.java:103) ~[?:?]
	at java.lang.reflect.Method.invoke(Method.java:580) ~[?:?]
	at org.junit.runners.model.FrameworkMethod$1.runReflectiveCall(FrameworkMethod.java:59) ~[junit-4.13.jar:4.13]
	at org.junit.internal.runners.model.ReflectiveCallable.run(ReflectiveCallable.java:12) ~[junit-4.13.jar:4.13]
	at org.junit.runners.model.FrameworkMethod.invokeExplosively(FrameworkMethod.java:56) ~[junit-4.13.jar:4.13]
	at org.junit.internal.runners.statements.InvokeMethod.evaluate(InvokeMethod.java:17) ~[junit-4.13.jar:4.13]
	at org.junit.internal.runners.statements.RunBefores.evaluate(RunBefores.java:26) ~[junit-4.13.jar:4.13]
	at org.junit.internal.runners.statements.RunAfters.evaluate(RunAfters.java:27) ~[junit-4.13.jar:4.13]
	at org.junit.rules.TestWatcher$1.evaluate(TestWatcher.java:61) [junit-4.13.jar:4.13]
	at org.junit.runners.ParentRunner$3.evaluate(ParentRunner.java:306) [junit-4.13.jar:4.13]
	at org.junit.runners.BlockJUnit4ClassRunner$1.evaluate(BlockJUnit4ClassRunner.java:100) [junit-4.13.jar:4.13]
	at org.junit.runners.ParentRunner.runLeaf(ParentRunner.java:366) [junit-4.13.jar:4.13]
	at org.junit.runners.BlockJUnit4ClassRunner.runChild(BlockJUnit4ClassRunner.java:103) [junit-4.13.jar:4.13]
	at org.junit.runners.BlockJUnit4ClassRunner.runChild(BlockJUnit4ClassRunner.java:63) [junit-4.13.jar:4.13]
	at org.junit.runners.ParentRunner$4.run(ParentRunner.java:331) [junit-4.13.jar:4.13]
	at org.junit.runners.ParentRunner$1.schedule(ParentRunner.java:79) [junit-4.13.jar:4.13]
	at org.junit.runners.ParentRunner.runChildren(ParentRunner.java:329) [junit-4.13.jar:4.13]
	at org.junit.runners.ParentRunner.access$100(ParentRunner.java:66) [junit-4.13.jar:4.13]
	at org.junit.runners.ParentRunner$2.evaluate(ParentRunner.java:293) [junit-4.13.jar:4.13]
	at org.junit.runners.ParentRunner.run(ParentRunner.java:413) [junit-4.13.jar:4.13]
	at org.junit.runners.Suite.runChild(Suite.java:128) [junit-4.13.jar:4.13]
	at org.junit.runners.Suite.runChild(Suite.java:27) [junit-4.13.jar:4.13]
	at org.junit.runners.ParentRunner$4.run(ParentRunner.java:331) [junit-4.13.jar:4.13]
	at org.junit.runners.ParentRunner$1.schedule(ParentRunner.java:79) [junit-4.13.jar:4.13]
	at org.junit.runners.ParentRunner.runChildren(ParentRunner.java:329) [junit-4.13.jar:4.13]
	at org.junit.runners.ParentRunner.access$100(ParentRunner.java:66) [junit-4.13.jar:4.13]
	at org.junit.runners.ParentRunner$2.evaluate(ParentRunner.java:293) [junit-4.13.jar:4.13]
	at org.junit.runners.ParentRunner$3.evaluate(ParentRunner.java:306) [junit-4.13.jar:4.13]
	at org.junit.runners.ParentRunner.run(ParentRunner.java:413) [junit-4.13.jar:4.13]
	at org.eclipse.jdt.internal.junit4.runner.JUnit4TestReference.run(JUnit4TestReference.java:93) [.cp/:?]
	at org.eclipse.jdt.internal.junit.runner.TestExecution.run(TestExecution.java:40) [.cp/:?]
	at org.eclipse.jdt.internal.junit.runner.RemoteTestRunner.runTests(RemoteTestRunner.java:530) [.cp/:?]
	at org.eclipse.jdt.internal.junit.runner.RemoteTestRunner.runTests(RemoteTestRunner.java:758) [.cp/:?]
	at org.eclipse.jdt.internal.junit.runner.RemoteTestRunner.run(RemoteTestRunner.java:453) [.cp/:?]
	at org.eclipse.jdt.internal.junit.runner.RemoteTestRunner.main(RemoteTestRunner.java:211) [.cp/:?]
2025-12-29 16:51:18 INFO  === END   tests.resultPageTests.ScoreTests.score_shouldMatchExpectedOracle[Exp#1 [f1=1, f2=1, f3=1, f4=1, f5=1, f6=1, f7=1, f8=1]] ===
2025-12-29 16:51:18 INFO  === START tests.resultPageTests.ScoreTests.score_shouldMatchExpectedOracle[Exp#2 [f1=1, f2=1, f3=2, f4=2, f5=2, f6=2, f7=2, f8=2]] ===
2025-12-29 16:51:31 ERROR === FAIL  tests.resultPageTests.ScoreTests.score_shouldMatchExpectedOracle[Exp#2 [f1=1, f2=1, f3=2, f4=2, f5=2, f6=2, f7=2, f8=2]] ===
org.openqa.selenium.TimeoutException: Expected condition failed: waiting for element to be clickable: By.id: dropdown-f1 (tried for 10 second(s) with 500 milliseconds interval)
Build info: version: '4.39.0', revision: '126f156aee'
System info: os.name: 'Windows 11', os.arch: 'amd64', os.version: '10.0', java.version: '23.0.1'
Driver info: org.openqa.selenium.chrome.ChromeDriver
Capabilities {acceptInsecureCerts: false, browserName: chrome, browserVersion: 143.0.7499.170, chrome: {chromedriverVersion: 143.0.7499.169 (164b20aab62..., userDataDir: C:\Users\igor1\AppData\Loca...}, fedcm:accounts: true, goog:chromeOptions: {debuggerAddress: localhost:56713}, goog:processID: 11164, networkConnectionEnabled: false, pageLoadStrategy: normal, platformName: windows, proxy: Proxy(), se:cdp: ws://localhost:56713/devtoo..., se:cdpVersion: 143.0.7499.170, setWindowRect: true, strictFileInteractability: false, timeouts: {implicit: 0, pageLoad: 300000, script: 30000}, unhandledPromptBehavior: dismiss and notify, webauthn:extension:credBlob: true, webauthn:extension:largeBlob: true, webauthn:extension:minPinLength: true, webauthn:extension:prf: true, webauthn:virtualAuthenticators: true}
Session ID: 93f8189e102736c3d403ed0c712f0b85
	at org.openqa.selenium.support.ui.WebDriverWait.timeoutException(WebDriverWait.java:84) ~[selenium-support-4.39.0.jar:?]
	at org.openqa.selenium.support.ui.FluentWait.until(FluentWait.java:228) ~[selenium-support-4.39.0.jar:?]
	at pages.GiftFormPage.selectLevel(GiftFormPage.java:53) ~[test-classes/:?]
	at pages.GiftFormPage.fillAll(GiftFormPage.java:65) ~[test-classes/:?]
	at tests.BaseTest.goToResults(BaseTest.java:60) ~[test-classes/:?]
	at tests.resultPageTests.ScoreTests.score_shouldMatchExpectedOracle(ScoreTests.java:30) ~[test-classes/:?]
	at jdk.internal.reflect.DirectMethodHandleAccessor.invoke(DirectMethodHandleAccessor.java:103) ~[?:?]
	at java.lang.reflect.Method.invoke(Method.java:580) ~[?:?]
	at org.junit.runners.model.FrameworkMethod$1.runReflectiveCall(FrameworkMethod.java:59) ~[junit-4.13.jar:4.13]
	at org.junit.internal.runners.model.ReflectiveCallable.run(ReflectiveCallable.java:12) ~[junit-4.13.jar:4.13]
	at org.junit.runners.model.FrameworkMethod.invokeExplosively(FrameworkMethod.java:56) ~[junit-4.13.jar:4.13]
	at org.junit.internal.runners.statements.InvokeMethod.evaluate(InvokeMethod.java:17) ~[junit-4.13.jar:4.13]
	at org.junit.internal.runners.statements.RunBefores.evaluate(RunBefores.java:26) ~[junit-4.13.jar:4.13]
	at org.junit.internal.runners.statements.RunAfters.evaluate(RunAfters.java:27) ~[junit-4.13.jar:4.13]
	at org.junit.rules.TestWatcher$1.evaluate(TestWatcher.java:61) [junit-4.13.jar:4.13]
	at org.junit.runners.ParentRunner$3.evaluate(ParentRunner.java:306) [junit-4.13.jar:4.13]
	at org.junit.runners.BlockJUnit4ClassRunner$1.evaluate(BlockJUnit4ClassRunner.java:100) [junit-4.13.jar:4.13]
	at org.junit.runners.ParentRunner.runLeaf(ParentRunner.java:366) [junit-4.13.jar:4.13]
	at org.junit.runners.BlockJUnit4ClassRunner.runChild(BlockJUnit4ClassRunner.java:103) [junit-4.13.jar:4.13]
	at org.junit.runners.BlockJUnit4ClassRunner.runChild(BlockJUnit4ClassRunner.java:63) [junit-4.13.jar:4.13]
	at org.junit.runners.ParentRunner$4.run(ParentRunner.java:331) [junit-4.13.jar:4.13]
	at org.junit.runners.ParentRunner$1.schedule(ParentRunner.java:79) [junit-4.13.jar:4.13]
	at org.junit.runners.ParentRunner.runChildren(ParentRunner.java:329) [junit-4.13.jar:4.13]
	at org.junit.runners.ParentRunner.access$100(ParentRunner.java:66) [junit-4.13.jar:4.13]
	at org.junit.runners.ParentRunner$2.evaluate(ParentRunner.java:293) [junit-4.13.jar:4.13]
	at org.junit.runners.ParentRunner.run(ParentRunner.java:413) [junit-4.13.jar:4.13]
	at org.junit.runners.Suite.runChild(Suite.java:128) [junit-4.13.jar:4.13]
	at org.junit.runners.Suite.runChild(Suite.java:27) [junit-4.13.jar:4.13]
	at org.junit.runners.ParentRunner$4.run(ParentRunner.java:331) [junit-4.13.jar:4.13]
	at org.junit.runners.ParentRunner$1.schedule(ParentRunner.java:79) [junit-4.13.jar:4.13]
	at org.junit.runners.ParentRunner.runChildren(ParentRunner.java:329) [junit-4.13.jar:4.13]
	at org.junit.runners.ParentRunner.access$100(ParentRunner.java:66) [junit-4.13.jar:4.13]
	at org.junit.runners.ParentRunner$2.evaluate(ParentRunner.java:293) [junit-4.13.jar:4.13]
	at org.junit.runners.ParentRunner$3.evaluate(ParentRunner.java:306) [junit-4.13.jar:4.13]
	at org.junit.runners.ParentRunner.run(ParentRunner.java:413) [junit-4.13.jar:4.13]
	at org.eclipse.jdt.internal.junit4.runner.JUnit4TestReference.run(JUnit4TestReference.java:93) [.cp/:?]
	at org.eclipse.jdt.internal.junit.runner.TestExecution.run(TestExecution.java:40) [.cp/:?]
	at org.eclipse.jdt.internal.junit.runner.RemoteTestRunner.runTests(RemoteTestRunner.java:530) [.cp/:?]
	at org.eclipse.jdt.internal.junit.runner.RemoteTestRunner.runTests(RemoteTestRunner.java:758) [.cp/:?]
	at org.eclipse.jdt.internal.junit.runner.RemoteTestRunner.run(RemoteTestRunner.java:453) [.cp/:?]
	at org.eclipse.jdt.internal.junit.runner.RemoteTestRunner.main(RemoteTestRunner.java:211) [.cp/:?]
2025-12-29 16:51:31 INFO  === END   tests.resultPageTests.ScoreTests.score_shouldMatchExpectedOracle[Exp#2 [f1=1, f2=1, f3=2, f4=2, f5=2, f6=2, f7=2, f8=2]] ===
2025-12-29 16:56:17 INFO  === START tests.resultPageTests.ProductCardNumberTests.resultPage_shouldHaveExactly5ProductCards[Exp#1 [f1=1, f2=1, f3=1, f4=1, f5=1, f6=1, f7=1, f8=1]] ===
2025-12-29 16:56:26 INFO  STEP: Verify cards count (actual = 5)
2025-12-29 16:56:26 INFO  STEP PASS: Expected 5 product cards
2025-12-29 16:56:26 INFO  === PASS  tests.resultPageTests.ProductCardNumberTests.resultPage_shouldHaveExactly5ProductCards[Exp#1 [f1=1, f2=1, f3=1, f4=1, f5=1, f6=1, f7=1, f8=1]] ===
2025-12-29 16:56:26 INFO  === END   tests.resultPageTests.ProductCardNumberTests.resultPage_shouldHaveExactly5ProductCards[Exp#1 [f1=1, f2=1, f3=1, f4=1, f5=1, f6=1, f7=1, f8=1]] ===
2025-12-29 16:56:26 INFO  === START tests.resultPageTests.ProductCardNumberTests.resultPage_shouldHaveExactly5ProductCards[Exp#2 [f1=1, f2=1, f3=2, f4=2, f5=2, f6=2, f7=2, f8=2]] ===
2025-12-29 16:56:33 INFO  STEP: Verify cards count (actual = 5)
2025-12-29 16:56:33 INFO  STEP PASS: Expected 5 product cards
2025-12-29 16:56:33 INFO  === PASS  tests.resultPageTests.ProductCardNumberTests.resultPage_shouldHaveExactly5ProductCards[Exp#2 [f1=1, f2=1, f3=2, f4=2, f5=2, f6=2, f7=2, f8=2]] ===
2025-12-29 16:56:33 INFO  === END   tests.resultPageTests.ProductCardNumberTests.resultPage_shouldHaveExactly5ProductCards[Exp#2 [f1=1, f2=1, f3=2, f4=2, f5=2, f6=2, f7=2, f8=2]] ===
2025-12-29 16:56:33 INFO  === START tests.resultPageTests.ProductCardNumberTests.resultPage_shouldHaveExactly5ProductCards[Exp#3 [f1=1, f2=1, f3=3, f4=3, f5=3, f6=3, f7=3, f8=3]] ===
2025-12-29 16:56:39 INFO  STEP: Verify cards count (actual = 4)
2025-12-29 16:56:39 ERROR STEP FAIL: Expected 5 product cards
2025-12-29 16:56:40 ERROR === FAIL  tests.resultPageTests.ProductCardNumberTests.resultPage_shouldHaveExactly5ProductCards[Exp#3 [f1=1, f2=1, f3=3, f4=3, f5=3, f6=3, f7=3, f8=3]] ===
java.lang.AssertionError: Expected 5 product cards
	at org.junit.Assert.fail(Assert.java:89) ~[junit-4.13.jar:4.13]
	at org.junit.Assert.assertTrue(Assert.java:42) ~[junit-4.13.jar:4.13]
	at tests.BaseTest.checkTrue(BaseTest.java:75) ~[test-classes/:?]
	at tests.resultPageTests.ProductCardNumberTests.resultPage_shouldHaveExactly5ProductCards(ProductCardNumberTests.java:30) ~[test-classes/:?]
	at jdk.internal.reflect.DirectMethodHandleAccessor.invoke(DirectMethodHandleAccessor.java:103) ~[?:?]
	at java.lang.reflect.Method.invoke(Method.java:580) ~[?:?]
	at org.junit.runners.model.FrameworkMethod$1.runReflectiveCall(FrameworkMethod.java:59) ~[junit-4.13.jar:4.13]
	at org.junit.internal.runners.model.ReflectiveCallable.run(ReflectiveCallable.java:12) ~[junit-4.13.jar:4.13]
	at org.junit.runners.model.FrameworkMethod.invokeExplosively(FrameworkMethod.java:56) ~[junit-4.13.jar:4.13]
	at org.junit.internal.runners.statements.InvokeMethod.evaluate(InvokeMethod.java:17) ~[junit-4.13.jar:4.13]
	at org.junit.internal.runners.statements.RunBefores.evaluate(RunBefores.java:26) ~[junit-4.13.jar:4.13]
	at org.junit.internal.runners.statements.RunAfters.evaluate(RunAfters.java:27) ~[junit-4.13.jar:4.13]
	at org.junit.rules.TestWatcher$1.evaluate(TestWatcher.java:61) [junit-4.13.jar:4.13]
	at org.junit.runners.ParentRunner$3.evaluate(ParentRunner.java:306) [junit-4.13.jar:4.13]
	at org.junit.runners.BlockJUnit4ClassRunner$1.evaluate(BlockJUnit4ClassRunner.java:100) [junit-4.13.jar:4.13]
	at org.junit.runners.ParentRunner.runLeaf(ParentRunner.java:366) [junit-4.13.jar:4.13]
	at org.junit.runners.BlockJUnit4ClassRunner.runChild(BlockJUnit4ClassRunner.java:103) [junit-4.13.jar:4.13]
	at org.junit.runners.BlockJUnit4ClassRunner.runChild(BlockJUnit4ClassRunner.java:63) [junit-4.13.jar:4.13]
	at org.junit.runners.ParentRunner$4.run(ParentRunner.java:331) [junit-4.13.jar:4.13]
	at org.junit.runners.ParentRunner$1.schedule(ParentRunner.java:79) [junit-4.13.jar:4.13]
	at org.junit.runners.ParentRunner.runChildren(ParentRunner.java:329) [junit-4.13.jar:4.13]
	at org.junit.runners.ParentRunner.access$100(ParentRunner.java:66) [junit-4.13.jar:4.13]
	at org.junit.runners.ParentRunner$2.evaluate(ParentRunner.java:293) [junit-4.13.jar:4.13]
	at org.junit.runners.ParentRunner.run(ParentRunner.java:413) [junit-4.13.jar:4.13]
	at org.junit.runners.Suite.runChild(Suite.java:128) [junit-4.13.jar:4.13]
	at org.junit.runners.Suite.runChild(Suite.java:27) [junit-4.13.jar:4.13]
	at org.junit.runners.ParentRunner$4.run(ParentRunner.java:331) [junit-4.13.jar:4.13]
	at org.junit.runners.ParentRunner$1.schedule(ParentRunner.java:79) [junit-4.13.jar:4.13]
	at org.junit.runners.ParentRunner.runChildren(ParentRunner.java:329) [junit-4.13.jar:4.13]
	at org.junit.runners.ParentRunner.access$100(ParentRunner.java:66) [junit-4.13.jar:4.13]
	at org.junit.runners.ParentRunner$2.evaluate(ParentRunner.java:293) [junit-4.13.jar:4.13]
	at org.junit.runners.ParentRunner$3.evaluate(ParentRunner.java:306) [junit-4.13.jar:4.13]
	at org.junit.runners.ParentRunner.run(ParentRunner.java:413) [junit-4.13.jar:4.13]
	at org.eclipse.jdt.internal.junit4.runner.JUnit4TestReference.run(JUnit4TestReference.java:93) [.cp/:?]
	at org.eclipse.jdt.internal.junit.runner.TestExecution.run(TestExecution.java:40) [.cp/:?]
	at org.eclipse.jdt.internal.junit.runner.RemoteTestRunner.runTests(RemoteTestRunner.java:530) [.cp/:?]
	at org.eclipse.jdt.internal.junit.runner.RemoteTestRunner.runTests(RemoteTestRunner.java:758) [.cp/:?]
	at org.eclipse.jdt.internal.junit.runner.RemoteTestRunner.run(RemoteTestRunner.java:453) [.cp/:?]
	at org.eclipse.jdt.internal.junit.runner.RemoteTestRunner.main(RemoteTestRunner.java:211) [.cp/:?]
2025-12-29 16:56:40 INFO  === END   tests.resultPageTests.ProductCardNumberTests.resultPage_shouldHaveExactly5ProductCards[Exp#3 [f1=1, f2=1, f3=3, f4=3, f5=3, f6=3, f7=3, f8=3]] ===
2025-12-29 16:56:40 INFO  === START tests.resultPageTests.ProductCardNumberTests.resultPage_shouldHaveExactly5ProductCards[Exp#4 [f1=1, f2=2, f3=1, f4=1, f5=2, f6=2, f7=3, f8=3]] ===
2025-12-29 16:56:46 INFO  STEP: Verify cards count (actual = 5)
2025-12-29 16:56:46 INFO  STEP PASS: Expected 5 product cards
2025-12-29 16:56:46 INFO  === PASS  tests.resultPageTests.ProductCardNumberTests.resultPage_shouldHaveExactly5ProductCards[Exp#4 [f1=1, f2=2, f3=1, f4=1, f5=2, f6=2, f7=3, f8=3]] ===
2025-12-29 16:56:46 INFO  === END   tests.resultPageTests.ProductCardNumberTests.resultPage_shouldHaveExactly5ProductCards[Exp#4 [f1=1, f2=2, f3=1, f4=1, f5=2, f6=2, f7=3, f8=3]] ===
2025-12-29 16:56:46 INFO  === START tests.resultPageTests.ProductCardNumberTests.resultPage_shouldHaveExactly5ProductCards[Exp#5 [f1=1, f2=2, f3=2, f4=2, f5=3, f6=3, f7=1, f8=1]] ===
2025-12-29 16:56:53 INFO  STEP: Verify cards count (actual = 5)
2025-12-29 16:56:53 INFO  STEP PASS: Expected 5 product cards
2025-12-29 16:56:53 INFO  === PASS  tests.resultPageTests.ProductCardNumberTests.resultPage_shouldHaveExactly5ProductCards[Exp#5 [f1=1, f2=2, f3=2, f4=2, f5=3, f6=3, f7=1, f8=1]] ===
2025-12-29 16:56:53 INFO  === END   tests.resultPageTests.ProductCardNumberTests.resultPage_shouldHaveExactly5ProductCards[Exp#5 [f1=1, f2=2, f3=2, f4=2, f5=3, f6=3, f7=1, f8=1]] ===
2025-12-29 16:56:53 INFO  === START tests.resultPageTests.ProductCardNumberTests.resultPage_shouldHaveExactly5ProductCards[Exp#6 [f1=1, f2=2, f3=3, f4=3, f5=1, f6=1, f7=2, f8=2]] ===
2025-12-29 16:56:59 INFO  STEP: Verify cards count (actual = 5)
2025-12-29 16:56:59 INFO  STEP PASS: Expected 5 product cards
2025-12-29 16:56:59 INFO  === PASS  tests.resultPageTests.ProductCardNumberTests.resultPage_shouldHaveExactly5ProductCards[Exp#6 [f1=1, f2=2, f3=3, f4=3, f5=1, f6=1, f7=2, f8=2]] ===
2025-12-29 16:56:59 INFO  === END   tests.resultPageTests.ProductCardNumberTests.resultPage_shouldHaveExactly5ProductCards[Exp#6 [f1=1, f2=2, f3=3, f4=3, f5=1, f6=1, f7=2, f8=2]] ===
2025-12-29 16:56:59 INFO  === START tests.resultPageTests.ProductCardNumberTests.resultPage_shouldHaveExactly5ProductCards[Exp#7 [f1=1, f2=3, f3=1, f4=2, f5=1, f6=3, f7=2, f8=3]] ===
2025-12-29 16:57:06 INFO  STEP: Verify cards count (actual = 5)
2025-12-29 16:57:06 INFO  STEP PASS: Expected 5 product cards
2025-12-29 16:57:06 INFO  === PASS  tests.resultPageTests.ProductCardNumberTests.resultPage_shouldHaveExactly5ProductCards[Exp#7 [f1=1, f2=3, f3=1, f4=2, f5=1, f6=3, f7=2, f8=3]] ===
2025-12-29 16:57:06 INFO  === END   tests.resultPageTests.ProductCardNumberTests.resultPage_shouldHaveExactly5ProductCards[Exp#7 [f1=1, f2=3, f3=1, f4=2, f5=1, f6=3, f7=2, f8=3]] ===
2025-12-29 16:57:06 INFO  === START tests.resultPageTests.ProductCardNumberTests.resultPage_shouldHaveExactly5ProductCards[Exp#8 [f1=1, f2=3, f3=2, f4=3, f5=2, f6=1, f7=3, f8=1]] ===
2025-12-29 16:57:12 INFO  STEP: Verify cards count (actual = 5)
2025-12-29 16:57:12 INFO  STEP PASS: Expected 5 product cards
2025-12-29 16:57:12 INFO  === PASS  tests.resultPageTests.ProductCardNumberTests.resultPage_shouldHaveExactly5ProductCards[Exp#8 [f1=1, f2=3, f3=2, f4=3, f5=2, f6=1, f7=3, f8=1]] ===
2025-12-29 16:57:12 INFO  === END   tests.resultPageTests.ProductCardNumberTests.resultPage_shouldHaveExactly5ProductCards[Exp#8 [f1=1, f2=3, f3=2, f4=3, f5=2, f6=1, f7=3, f8=1]] ===
2025-12-29 16:57:12 INFO  === START tests.resultPageTests.ProductCardNumberTests.resultPage_shouldHaveExactly5ProductCards[Exp#9 [f1=1, f2=3, f3=3, f4=1, f5=3, f6=2, f7=1, f8=2]] ===
2025-12-29 16:57:18 INFO  STEP: Verify cards count (actual = 5)
2025-12-29 16:57:18 INFO  STEP PASS: Expected 5 product cards
2025-12-29 16:57:19 INFO  === PASS  tests.resultPageTests.ProductCardNumberTests.resultPage_shouldHaveExactly5ProductCards[Exp#9 [f1=1, f2=3, f3=3, f4=1, f5=3, f6=2, f7=1, f8=2]] ===
2025-12-29 16:57:19 INFO  === END   tests.resultPageTests.ProductCardNumberTests.resultPage_shouldHaveExactly5ProductCards[Exp#9 [f1=1, f2=3, f3=3, f4=1, f5=3, f6=2, f7=1, f8=2]] ===
2025-12-29 16:57:19 INFO  === START tests.resultPageTests.ProductCardNumberTests.resultPage_shouldHaveExactly5ProductCards[Exp#10 [f1=2, f2=1, f3=1, f4=3, f5=3, f6=2, f7=2, f8=1]] ===
2025-12-29 16:57:25 INFO  STEP: Verify cards count (actual = 5)
2025-12-29 16:57:25 INFO  STEP PASS: Expected 5 product cards
2025-12-29 16:57:25 INFO  === PASS  tests.resultPageTests.ProductCardNumberTests.resultPage_shouldHaveExactly5ProductCards[Exp#10 [f1=2, f2=1, f3=1, f4=3, f5=3, f6=2, f7=2, f8=1]] ===
2025-12-29 16:57:25 INFO  === END   tests.resultPageTests.ProductCardNumberTests.resultPage_shouldHaveExactly5ProductCards[Exp#10 [f1=2, f2=1, f3=1, f4=3, f5=3, f6=2, f7=2, f8=1]] ===
2025-12-29 16:57:25 INFO  === START tests.resultPageTests.ProductCardNumberTests.resultPage_shouldHaveExactly5ProductCards[Exp#11 [f1=2, f2=1, f3=2, f4=1, f5=1, f6=3, f7=3, f8=2]] ===
2025-12-29 16:57:32 INFO  STEP: Verify cards count (actual = 5)
2025-12-29 16:57:32 INFO  STEP PASS: Expected 5 product cards
2025-12-29 16:57:32 INFO  === PASS  tests.resultPageTests.ProductCardNumberTests.resultPage_shouldHaveExactly5ProductCards[Exp#11 [f1=2, f2=1, f3=2, f4=1, f5=1, f6=3, f7=3, f8=2]] ===
2025-12-29 16:57:32 INFO  === END   tests.resultPageTests.ProductCardNumberTests.resultPage_shouldHaveExactly5ProductCards[Exp#11 [f1=2, f2=1, f3=2, f4=1, f5=1, f6=3, f7=3, f8=2]] ===
2025-12-29 16:57:32 INFO  === START tests.resultPageTests.ProductCardNumberTests.resultPage_shouldHaveExactly5ProductCards[Exp#12 [f1=2, f2=1, f3=3, f4=2, f5=2, f6=1, f7=1, f8=3]] ===
2025-12-29 16:57:38 INFO  STEP: Verify cards count (actual = 5)
2025-12-29 16:57:38 INFO  STEP PASS: Expected 5 product cards
2025-12-29 16:57:38 INFO  === PASS  tests.resultPageTests.ProductCardNumberTests.resultPage_shouldHaveExactly5ProductCards[Exp#12 [f1=2, f2=1, f3=3, f4=2, f5=2, f6=1, f7=1, f8=3]] ===
2025-12-29 16:57:38 INFO  === END   tests.resultPageTests.ProductCardNumberTests.resultPage_shouldHaveExactly5ProductCards[Exp#12 [f1=2, f2=1, f3=3, f4=2, f5=2, f6=1, f7=1, f8=3]] ===
2025-12-29 16:57:38 INFO  === START tests.resultPageTests.ProductCardNumberTests.resultPage_shouldHaveExactly5ProductCards[Exp#13 [f1=2, f2=2, f3=1, f4=2, f5=3, f6=1, f7=3, f8=2]] ===
2025-12-29 16:57:44 INFO  STEP: Verify cards count (actual = 5)
2025-12-29 16:57:44 INFO  STEP PASS: Expected 5 product cards
2025-12-29 16:57:44 INFO  === PASS  tests.resultPageTests.ProductCardNumberTests.resultPage_shouldHaveExactly5ProductCards[Exp#13 [f1=2, f2=2, f3=1, f4=2, f5=3, f6=1, f7=3, f8=2]] ===
2025-12-29 16:57:44 INFO  === END   tests.resultPageTests.ProductCardNumberTests.resultPage_shouldHaveExactly5ProductCards[Exp#13 [f1=2, f2=2, f3=1, f4=2, f5=3, f6=1, f7=3, f8=2]] ===
2025-12-29 16:57:44 INFO  === START tests.resultPageTests.ProductCardNumberTests.resultPage_shouldHaveExactly5ProductCards[Exp#14 [f1=2, f2=2, f3=2, f4=3, f5=1, f6=2, f7=1, f8=3]] ===
2025-12-29 16:57:51 INFO  STEP: Verify cards count (actual = 5)
2025-12-29 16:57:51 INFO  STEP PASS: Expected 5 product cards
2025-12-29 16:57:51 INFO  === PASS  tests.resultPageTests.ProductCardNumberTests.resultPage_shouldHaveExactly5ProductCards[Exp#14 [f1=2, f2=2, f3=2, f4=3, f5=1, f6=2, f7=1, f8=3]] ===
2025-12-29 16:57:51 INFO  === END   tests.resultPageTests.ProductCardNumberTests.resultPage_shouldHaveExactly5ProductCards[Exp#14 [f1=2, f2=2, f3=2, f4=3, f5=1, f6=2, f7=1, f8=3]] ===
2025-12-29 16:57:51 INFO  === START tests.resultPageTests.ProductCardNumberTests.resultPage_shouldHaveExactly5ProductCards[Exp#15 [f1=2, f2=2, f3=3, f4=1, f5=2, f6=3, f7=2, f8=1]] ===
2025-12-29 16:57:58 INFO  STEP: Verify cards count (actual = 5)
2025-12-29 16:57:58 INFO  STEP PASS: Expected 5 product cards
2025-12-29 16:57:58 INFO  === PASS  tests.resultPageTests.ProductCardNumberTests.resultPage_shouldHaveExactly5ProductCards[Exp#15 [f1=2, f2=2, f3=3, f4=1, f5=2, f6=3, f7=2, f8=1]] ===
2025-12-29 16:57:58 INFO  === END   tests.resultPageTests.ProductCardNumberTests.resultPage_shouldHaveExactly5ProductCards[Exp#15 [f1=2, f2=2, f3=3, f4=1, f5=2, f6=3, f7=2, f8=1]] ===
2025-12-29 16:57:58 INFO  === START tests.resultPageTests.ProductCardNumberTests.resultPage_shouldHaveExactly5ProductCards[Exp#16 [f1=2, f2=3, f3=1, f4=3, f5=2, f6=3, f7=1, f8=2]] ===
2025-12-29 16:58:04 INFO  STEP: Verify cards count (actual = 5)
2025-12-29 16:58:04 INFO  STEP PASS: Expected 5 product cards
2025-12-29 16:58:04 INFO  === PASS  tests.resultPageTests.ProductCardNumberTests.resultPage_shouldHaveExactly5ProductCards[Exp#16 [f1=2, f2=3, f3=1, f4=3, f5=2, f6=3, f7=1, f8=2]] ===
2025-12-29 16:58:04 INFO  === END   tests.resultPageTests.ProductCardNumberTests.resultPage_shouldHaveExactly5ProductCards[Exp#16 [f1=2, f2=3, f3=1, f4=3, f5=2, f6=3, f7=1, f8=2]] ===
2025-12-29 16:58:04 INFO  === START tests.resultPageTests.ProductCardNumberTests.resultPage_shouldHaveExactly5ProductCards[Exp#17 [f1=2, f2=3, f3=2, f4=1, f5=3, f6=1, f7=2, f8=3]] ===
2025-12-29 16:58:10 INFO  STEP: Verify cards count (actual = 4)
2025-12-29 16:58:10 ERROR STEP FAIL: Expected 5 product cards
2025-12-29 16:58:10 ERROR === FAIL  tests.resultPageTests.ProductCardNumberTests.resultPage_shouldHaveExactly5ProductCards[Exp#17 [f1=2, f2=3, f3=2, f4=1, f5=3, f6=1, f7=2, f8=3]] ===
java.lang.AssertionError: Expected 5 product cards
	at org.junit.Assert.fail(Assert.java:89) ~[junit-4.13.jar:4.13]
	at org.junit.Assert.assertTrue(Assert.java:42) ~[junit-4.13.jar:4.13]
	at tests.BaseTest.checkTrue(BaseTest.java:75) ~[test-classes/:?]
	at tests.resultPageTests.ProductCardNumberTests.resultPage_shouldHaveExactly5ProductCards(ProductCardNumberTests.java:30) ~[test-classes/:?]
	at jdk.internal.reflect.DirectMethodHandleAccessor.invoke(DirectMethodHandleAccessor.java:103) ~[?:?]
	at java.lang.reflect.Method.invoke(Method.java:580) ~[?:?]
	at org.junit.runners.model.FrameworkMethod$1.runReflectiveCall(FrameworkMethod.java:59) ~[junit-4.13.jar:4.13]
	at org.junit.internal.runners.model.ReflectiveCallable.run(ReflectiveCallable.java:12) ~[junit-4.13.jar:4.13]
	at org.junit.runners.model.FrameworkMethod.invokeExplosively(FrameworkMethod.java:56) ~[junit-4.13.jar:4.13]
	at org.junit.internal.runners.statements.InvokeMethod.evaluate(InvokeMethod.java:17) ~[junit-4.13.jar:4.13]
	at org.junit.internal.runners.statements.RunBefores.evaluate(RunBefores.java:26) ~[junit-4.13.jar:4.13]
	at org.junit.internal.runners.statements.RunAfters.evaluate(RunAfters.java:27) ~[junit-4.13.jar:4.13]
	at org.junit.rules.TestWatcher$1.evaluate(TestWatcher.java:61) [junit-4.13.jar:4.13]
	at org.junit.runners.ParentRunner$3.evaluate(ParentRunner.java:306) [junit-4.13.jar:4.13]
	at org.junit.runners.BlockJUnit4ClassRunner$1.evaluate(BlockJUnit4ClassRunner.java:100) [junit-4.13.jar:4.13]
	at org.junit.runners.ParentRunner.runLeaf(ParentRunner.java:366) [junit-4.13.jar:4.13]
	at org.junit.runners.BlockJUnit4ClassRunner.runChild(BlockJUnit4ClassRunner.java:103) [junit-4.13.jar:4.13]
	at org.junit.runners.BlockJUnit4ClassRunner.runChild(BlockJUnit4ClassRunner.java:63) [junit-4.13.jar:4.13]
	at org.junit.runners.ParentRunner$4.run(ParentRunner.java:331) [junit-4.13.jar:4.13]
	at org.junit.runners.ParentRunner$1.schedule(ParentRunner.java:79) [junit-4.13.jar:4.13]
	at org.junit.runners.ParentRunner.runChildren(ParentRunner.java:329) [junit-4.13.jar:4.13]
	at org.junit.runners.ParentRunner.access$100(ParentRunner.java:66) [junit-4.13.jar:4.13]
	at org.junit.runners.ParentRunner$2.evaluate(ParentRunner.java:293) [junit-4.13.jar:4.13]
	at org.junit.runners.ParentRunner.run(ParentRunner.java:413) [junit-4.13.jar:4.13]
	at org.junit.runners.Suite.runChild(Suite.java:128) [junit-4.13.jar:4.13]
	at org.junit.runners.Suite.runChild(Suite.java:27) [junit-4.13.jar:4.13]
	at org.junit.runners.ParentRunner$4.run(ParentRunner.java:331) [junit-4.13.jar:4.13]
	at org.junit.runners.ParentRunner$1.schedule(ParentRunner.java:79) [junit-4.13.jar:4.13]
	at org.junit.runners.ParentRunner.runChildren(ParentRunner.java:329) [junit-4.13.jar:4.13]
	at org.junit.runners.ParentRunner.access$100(ParentRunner.java:66) [junit-4.13.jar:4.13]
	at org.junit.runners.ParentRunner$2.evaluate(ParentRunner.java:293) [junit-4.13.jar:4.13]
	at org.junit.runners.ParentRunner$3.evaluate(ParentRunner.java:306) [junit-4.13.jar:4.13]
	at org.junit.runners.ParentRunner.run(ParentRunner.java:413) [junit-4.13.jar:4.13]
	at org.eclipse.jdt.internal.junit4.runner.JUnit4TestReference.run(JUnit4TestReference.java:93) [.cp/:?]
	at org.eclipse.jdt.internal.junit.runner.TestExecution.run(TestExecution.java:40) [.cp/:?]
	at org.eclipse.jdt.internal.junit.runner.RemoteTestRunner.runTests(RemoteTestRunner.java:530) [.cp/:?]
	at org.eclipse.jdt.internal.junit.runner.RemoteTestRunner.runTests(RemoteTestRunner.java:758) [.cp/:?]
	at org.eclipse.jdt.internal.junit.runner.RemoteTestRunner.run(RemoteTestRunner.java:453) [.cp/:?]
	at org.eclipse.jdt.internal.junit.runner.RemoteTestRunner.main(RemoteTestRunner.java:211) [.cp/:?]
2025-12-29 16:58:10 INFO  === END   tests.resultPageTests.ProductCardNumberTests.resultPage_shouldHaveExactly5ProductCards[Exp#17 [f1=2, f2=3, f3=2, f4=1, f5=3, f6=1, f7=2, f8=3]] ===
2025-12-29 16:58:10 INFO  === START tests.resultPageTests.ProductCardNumberTests.resultPage_shouldHaveExactly5ProductCards[Exp#18 [f1=2, f2=3, f3=3, f4=2, f5=1, f6=2, f7=3, f8=1]] ===
2025-12-29 16:58:16 INFO  STEP: Verify cards count (actual = 5)
2025-12-29 16:58:16 INFO  STEP PASS: Expected 5 product cards
2025-12-29 16:58:17 INFO  === PASS  tests.resultPageTests.ProductCardNumberTests.resultPage_shouldHaveExactly5ProductCards[Exp#18 [f1=2, f2=3, f3=3, f4=2, f5=1, f6=2, f7=3, f8=1]] ===
2025-12-29 16:58:17 INFO  === END   tests.resultPageTests.ProductCardNumberTests.resultPage_shouldHaveExactly5ProductCards[Exp#18 [f1=2, f2=3, f3=3, f4=2, f5=1, f6=2, f7=3, f8=1]] ===
2025-12-29 16:58:17 INFO  === START tests.resultPageTests.ProductCardNumberTests.resultPage_shouldHaveExactly5ProductCards[Exp#19 [f1=2, f2=3, f3=3, f4=2, f5=1, f6=1, f7=1, f8=2]] ===
2025-12-29 16:58:23 INFO  STEP: Verify cards count (actual = 5)
2025-12-29 16:58:23 INFO  STEP PASS: Expected 5 product cards
2025-12-29 16:58:23 INFO  === PASS  tests.resultPageTests.ProductCardNumberTests.resultPage_shouldHaveExactly5ProductCards[Exp#19 [f1=2, f2=3, f3=3, f4=2, f5=1, f6=1, f7=1, f8=2]] ===
2025-12-29 16:58:23 INFO  === END   tests.resultPageTests.ProductCardNumberTests.resultPage_shouldHaveExactly5ProductCards[Exp#19 [f1=2, f2=3, f3=3, f4=2, f5=1, f6=1, f7=1, f8=2]] ===
2025-12-29 16:58:23 INFO  === START tests.resultPageTests.ProductCardNumberTests.resultPage_shouldHaveExactly5ProductCards[Exp#20 [f1=2, f2=3, f3=3, f4=3, f5=3, f6=3, f7=3, f8=3]] ===
2025-12-29 16:58:33 INFO  STEP: Verify cards count (actual = 4)
2025-12-29 16:58:33 ERROR STEP FAIL: Expected 5 product cards
2025-12-29 16:58:33 ERROR === FAIL  tests.resultPageTests.ProductCardNumberTests.resultPage_shouldHaveExactly5ProductCards[Exp#20 [f1=2, f2=3, f3=3, f4=3, f5=3, f6=3, f7=3, f8=3]] ===
java.lang.AssertionError: Expected 5 product cards
	at org.junit.Assert.fail(Assert.java:89) ~[junit-4.13.jar:4.13]
	at org.junit.Assert.assertTrue(Assert.java:42) ~[junit-4.13.jar:4.13]
	at tests.BaseTest.checkTrue(BaseTest.java:75) ~[test-classes/:?]
	at tests.resultPageTests.ProductCardNumberTests.resultPage_shouldHaveExactly5ProductCards(ProductCardNumberTests.java:30) ~[test-classes/:?]
	at jdk.internal.reflect.DirectMethodHandleAccessor.invoke(DirectMethodHandleAccessor.java:103) ~[?:?]
	at java.lang.reflect.Method.invoke(Method.java:580) ~[?:?]
	at org.junit.runners.model.FrameworkMethod$1.runReflectiveCall(FrameworkMethod.java:59) ~[junit-4.13.jar:4.13]
	at org.junit.internal.runners.model.ReflectiveCallable.run(ReflectiveCallable.java:12) ~[junit-4.13.jar:4.13]
	at org.junit.runners.model.FrameworkMethod.invokeExplosively(FrameworkMethod.java:56) ~[junit-4.13.jar:4.13]
	at org.junit.internal.runners.statements.InvokeMethod.evaluate(InvokeMethod.java:17) ~[junit-4.13.jar:4.13]
	at org.junit.internal.runners.statements.RunBefores.evaluate(RunBefores.java:26) ~[junit-4.13.jar:4.13]
	at org.junit.internal.runners.statements.RunAfters.evaluate(RunAfters.java:27) ~[junit-4.13.jar:4.13]
	at org.junit.rules.TestWatcher$1.evaluate(TestWatcher.java:61) [junit-4.13.jar:4.13]
	at org.junit.runners.ParentRunner$3.evaluate(ParentRunner.java:306) [junit-4.13.jar:4.13]
	at org.junit.runners.BlockJUnit4ClassRunner$1.evaluate(BlockJUnit4ClassRunner.java:100) [junit-4.13.jar:4.13]
	at org.junit.runners.ParentRunner.runLeaf(ParentRunner.java:366) [junit-4.13.jar:4.13]
	at org.junit.runners.BlockJUnit4ClassRunner.runChild(BlockJUnit4ClassRunner.java:103) [junit-4.13.jar:4.13]
	at org.junit.runners.BlockJUnit4ClassRunner.runChild(BlockJUnit4ClassRunner.java:63) [junit-4.13.jar:4.13]
	at org.junit.runners.ParentRunner$4.run(ParentRunner.java:331) [junit-4.13.jar:4.13]
	at org.junit.runners.ParentRunner$1.schedule(ParentRunner.java:79) [junit-4.13.jar:4.13]
	at org.junit.runners.ParentRunner.runChildren(ParentRunner.java:329) [junit-4.13.jar:4.13]
	at org.junit.runners.ParentRunner.access$100(ParentRunner.java:66) [junit-4.13.jar:4.13]
	at org.junit.runners.ParentRunner$2.evaluate(ParentRunner.java:293) [junit-4.13.jar:4.13]
	at org.junit.runners.ParentRunner.run(ParentRunner.java:413) [junit-4.13.jar:4.13]
	at org.junit.runners.Suite.runChild(Suite.java:128) [junit-4.13.jar:4.13]
	at org.junit.runners.Suite.runChild(Suite.java:27) [junit-4.13.jar:4.13]
	at org.junit.runners.ParentRunner$4.run(ParentRunner.java:331) [junit-4.13.jar:4.13]
	at org.junit.runners.ParentRunner$1.schedule(ParentRunner.java:79) [junit-4.13.jar:4.13]
	at org.junit.runners.ParentRunner.runChildren(ParentRunner.java:329) [junit-4.13.jar:4.13]
	at org.junit.runners.ParentRunner.access$100(ParentRunner.java:66) [junit-4.13.jar:4.13]
	at org.junit.runners.ParentRunner$2.evaluate(ParentRunner.java:293) [junit-4.13.jar:4.13]
	at org.junit.runners.ParentRunner$3.evaluate(ParentRunner.java:306) [junit-4.13.jar:4.13]
	at org.junit.runners.ParentRunner.run(ParentRunner.java:413) [junit-4.13.jar:4.13]
	at org.eclipse.jdt.internal.junit4.runner.JUnit4TestReference.run(JUnit4TestReference.java:93) [.cp/:?]
	at org.eclipse.jdt.internal.junit.runner.TestExecution.run(TestExecution.java:40) [.cp/:?]
	at org.eclipse.jdt.internal.junit.runner.RemoteTestRunner.runTests(RemoteTestRunner.java:530) [.cp/:?]
	at org.eclipse.jdt.internal.junit.runner.RemoteTestRunner.runTests(RemoteTestRunner.java:758) [.cp/:?]
	at org.eclipse.jdt.internal.junit.runner.RemoteTestRunner.run(RemoteTestRunner.java:453) [.cp/:?]
	at org.eclipse.jdt.internal.junit.runner.RemoteTestRunner.main(RemoteTestRunner.java:211) [.cp/:?]
2025-12-29 16:58:33 INFO  === END   tests.resultPageTests.ProductCardNumberTests.resultPage_shouldHaveExactly5ProductCards[Exp#20 [f1=2, f2=3, f3=3, f4=3, f5=3, f6=3, f7=3, f8=3]] ===
2025-12-29 17:30:06 INFO  === START tests.resultPageTests.ProductCardNumberTests.resultPage_shouldHaveExactly5ProductCards[Exp#1 [f1=1, f2=1, f3=1, f4=1, f5=1, f6=1, f7=1, f8=1]] ===
2025-12-29 17:30:25 INFO  STEP: P Score is: 9.3
2025-12-29 17:30:25 INFO  STEP: Verify cards count (actual = 5)
2025-12-29 17:30:25 INFO  STEP PASS: Expected 5 product cards
2025-12-29 17:30:25 INFO  === PASS  tests.resultPageTests.ProductCardNumberTests.resultPage_shouldHaveExactly5ProductCards[Exp#1 [f1=1, f2=1, f3=1, f4=1, f5=1, f6=1, f7=1, f8=1]] ===
2025-12-29 17:30:25 INFO  === END   tests.resultPageTests.ProductCardNumberTests.resultPage_shouldHaveExactly5ProductCards[Exp#1 [f1=1, f2=1, f3=1, f4=1, f5=1, f6=1, f7=1, f8=1]] ===
2025-12-29 17:30:25 INFO  === START tests.resultPageTests.ProductCardNumberTests.resultPage_shouldHaveExactly5ProductCards[Exp#2 [f1=1, f2=1, f3=2, f4=2, f5=2, f6=2, f7=2, f8=2]] ===
2025-12-29 17:30:34 INFO  STEP: P Score is: 16.4
2025-12-29 17:30:34 INFO  STEP: Verify cards count (actual = 5)
2025-12-29 17:30:34 INFO  STEP PASS: Expected 5 product cards
2025-12-29 17:30:34 INFO  === PASS  tests.resultPageTests.ProductCardNumberTests.resultPage_shouldHaveExactly5ProductCards[Exp#2 [f1=1, f2=1, f3=2, f4=2, f5=2, f6=2, f7=2, f8=2]] ===
2025-12-29 17:30:34 INFO  === END   tests.resultPageTests.ProductCardNumberTests.resultPage_shouldHaveExactly5ProductCards[Exp#2 [f1=1, f2=1, f3=2, f4=2, f5=2, f6=2, f7=2, f8=2]] ===
2025-12-29 17:30:34 INFO  === START tests.resultPageTests.ProductCardNumberTests.resultPage_shouldHaveExactly5ProductCards[Exp#3 [f1=1, f2=1, f3=3, f4=3, f5=3, f6=3, f7=3, f8=3]] ===
2025-12-29 17:30:45 INFO  STEP: P Score is: 23.5
2025-12-29 17:30:45 INFO  STEP: Verify cards count (actual = 4)
2025-12-29 17:30:45 ERROR STEP FAIL: Expected 5 product cards
2025-12-29 17:30:45 ERROR === FAIL  tests.resultPageTests.ProductCardNumberTests.resultPage_shouldHaveExactly5ProductCards[Exp#3 [f1=1, f2=1, f3=3, f4=3, f5=3, f6=3, f7=3, f8=3]] ===
java.lang.AssertionError: Expected 5 product cards
	at org.junit.Assert.fail(Assert.java:89) ~[junit-4.13.jar:4.13]
	at org.junit.Assert.assertTrue(Assert.java:42) ~[junit-4.13.jar:4.13]
	at tests.BaseTest.checkTrue(BaseTest.java:75) ~[test-classes/:?]
	at tests.resultPageTests.ProductCardNumberTests.resultPage_shouldHaveExactly5ProductCards(ProductCardNumberTests.java:33) ~[test-classes/:?]
	at jdk.internal.reflect.DirectMethodHandleAccessor.invoke(DirectMethodHandleAccessor.java:103) ~[?:?]
	at java.lang.reflect.Method.invoke(Method.java:580) ~[?:?]
	at org.junit.runners.model.FrameworkMethod$1.runReflectiveCall(FrameworkMethod.java:59) ~[junit-4.13.jar:4.13]
	at org.junit.internal.runners.model.ReflectiveCallable.run(ReflectiveCallable.java:12) ~[junit-4.13.jar:4.13]
	at org.junit.runners.model.FrameworkMethod.invokeExplosively(FrameworkMethod.java:56) ~[junit-4.13.jar:4.13]
	at org.junit.internal.runners.statements.InvokeMethod.evaluate(InvokeMethod.java:17) ~[junit-4.13.jar:4.13]
	at org.junit.internal.runners.statements.RunBefores.evaluate(RunBefores.java:26) ~[junit-4.13.jar:4.13]
	at org.junit.internal.runners.statements.RunAfters.evaluate(RunAfters.java:27) ~[junit-4.13.jar:4.13]
	at org.junit.rules.TestWatcher$1.evaluate(TestWatcher.java:61) [junit-4.13.jar:4.13]
	at org.junit.runners.ParentRunner$3.evaluate(ParentRunner.java:306) [junit-4.13.jar:4.13]
	at org.junit.runners.BlockJUnit4ClassRunner$1.evaluate(BlockJUnit4ClassRunner.java:100) [junit-4.13.jar:4.13]
	at org.junit.runners.ParentRunner.runLeaf(ParentRunner.java:366) [junit-4.13.jar:4.13]
	at org.junit.runners.BlockJUnit4ClassRunner.runChild(BlockJUnit4ClassRunner.java:103) [junit-4.13.jar:4.13]
	at org.junit.runners.BlockJUnit4ClassRunner.runChild(BlockJUnit4ClassRunner.java:63) [junit-4.13.jar:4.13]
	at org.junit.runners.ParentRunner$4.run(ParentRunner.java:331) [junit-4.13.jar:4.13]
	at org.junit.runners.ParentRunner$1.schedule(ParentRunner.java:79) [junit-4.13.jar:4.13]
	at org.junit.runners.ParentRunner.runChildren(ParentRunner.java:329) [junit-4.13.jar:4.13]
	at org.junit.runners.ParentRunner.access$100(ParentRunner.java:66) [junit-4.13.jar:4.13]
	at org.junit.runners.ParentRunner$2.evaluate(ParentRunner.java:293) [junit-4.13.jar:4.13]
	at org.junit.runners.ParentRunner.run(ParentRunner.java:413) [junit-4.13.jar:4.13]
	at org.junit.runners.Suite.runChild(Suite.java:128) [junit-4.13.jar:4.13]
	at org.junit.runners.Suite.runChild(Suite.java:27) [junit-4.13.jar:4.13]
	at org.junit.runners.ParentRunner$4.run(ParentRunner.java:331) [junit-4.13.jar:4.13]
	at org.junit.runners.ParentRunner$1.schedule(ParentRunner.java:79) [junit-4.13.jar:4.13]
	at org.junit.runners.ParentRunner.runChildren(ParentRunner.java:329) [junit-4.13.jar:4.13]
	at org.junit.runners.ParentRunner.access$100(ParentRunner.java:66) [junit-4.13.jar:4.13]
	at org.junit.runners.ParentRunner$2.evaluate(ParentRunner.java:293) [junit-4.13.jar:4.13]
	at org.junit.runners.ParentRunner$3.evaluate(ParentRunner.java:306) [junit-4.13.jar:4.13]
	at org.junit.runners.ParentRunner.run(ParentRunner.java:413) [junit-4.13.jar:4.13]
	at org.eclipse.jdt.internal.junit4.runner.JUnit4TestReference.run(JUnit4TestReference.java:93) [.cp/:?]
	at org.eclipse.jdt.internal.junit.runner.TestExecution.run(TestExecution.java:40) [.cp/:?]
	at org.eclipse.jdt.internal.junit.runner.RemoteTestRunner.runTests(RemoteTestRunner.java:530) [.cp/:?]
	at org.eclipse.jdt.internal.junit.runner.RemoteTestRunner.runTests(RemoteTestRunner.java:758) [.cp/:?]
	at org.eclipse.jdt.internal.junit.runner.RemoteTestRunner.run(RemoteTestRunner.java:453) [.cp/:?]
	at org.eclipse.jdt.internal.junit.runner.RemoteTestRunner.main(RemoteTestRunner.java:211) [.cp/:?]
2025-12-29 17:30:45 INFO  === END   tests.resultPageTests.ProductCardNumberTests.resultPage_shouldHaveExactly5ProductCards[Exp#3 [f1=1, f2=1, f3=3, f4=3, f5=3, f6=3, f7=3, f8=3]] ===
2025-12-29 17:30:45 INFO  === START tests.resultPageTests.ProductCardNumberTests.resultPage_shouldHaveExactly5ProductCards[Exp#4 [f1=1, f2=2, f3=1, f4=1, f5=2, f6=2, f7=3, f8=3]] ===
2025-12-29 17:30:54 INFO  STEP: P Score is: 17.3
2025-12-29 17:30:54 INFO  STEP: Verify cards count (actual = 5)
2025-12-29 17:30:54 INFO  STEP PASS: Expected 5 product cards
2025-12-29 17:30:54 INFO  === PASS  tests.resultPageTests.ProductCardNumberTests.resultPage_shouldHaveExactly5ProductCards[Exp#4 [f1=1, f2=2, f3=1, f4=1, f5=2, f6=2, f7=3, f8=3]] ===
2025-12-29 17:30:54 INFO  === END   tests.resultPageTests.ProductCardNumberTests.resultPage_shouldHaveExactly5ProductCards[Exp#4 [f1=1, f2=2, f3=1, f4=1, f5=2, f6=2, f7=3, f8=3]] ===
2025-12-29 17:30:54 INFO  === START tests.resultPageTests.ProductCardNumberTests.resultPage_shouldHaveExactly5ProductCards[Exp#5 [f1=1, f2=2, f3=2, f4=2, f5=3, f6=3, f7=1, f8=1]] ===
2025-12-29 17:31:04 INFO  STEP: P Score is: 16.9
2025-12-29 17:31:04 INFO  STEP: Verify cards count (actual = 5)
2025-12-29 17:31:04 INFO  STEP PASS: Expected 5 product cards
2025-12-29 17:31:05 INFO  === PASS  tests.resultPageTests.ProductCardNumberTests.resultPage_shouldHaveExactly5ProductCards[Exp#5 [f1=1, f2=2, f3=2, f4=2, f5=3, f6=3, f7=1, f8=1]] ===
2025-12-29 17:31:05 INFO  === END   tests.resultPageTests.ProductCardNumberTests.resultPage_shouldHaveExactly5ProductCards[Exp#5 [f1=1, f2=2, f3=2, f4=2, f5=3, f6=3, f7=1, f8=1]] ===
2025-12-29 17:31:05 INFO  === START tests.resultPageTests.ProductCardNumberTests.resultPage_shouldHaveExactly5ProductCards[Exp#6 [f1=1, f2=2, f3=3, f4=3, f5=1, f6=1, f7=2, f8=2]] ===
2025-12-29 17:31:18 INFO  STEP: P Score is: 18.6
2025-12-29 17:31:18 INFO  STEP: Verify cards count (actual = 5)
2025-12-29 17:31:18 INFO  STEP PASS: Expected 5 product cards
2025-12-29 17:31:18 INFO  === PASS  tests.resultPageTests.ProductCardNumberTests.resultPage_shouldHaveExactly5ProductCards[Exp#6 [f1=1, f2=2, f3=3, f4=3, f5=1, f6=1, f7=2, f8=2]] ===
2025-12-29 17:31:18 INFO  === END   tests.resultPageTests.ProductCardNumberTests.resultPage_shouldHaveExactly5ProductCards[Exp#6 [f1=1, f2=2, f3=3, f4=3, f5=1, f6=1, f7=2, f8=2]] ===
2025-12-29 17:31:18 INFO  === START tests.resultPageTests.ProductCardNumberTests.resultPage_shouldHaveExactly5ProductCards[Exp#7 [f1=1, f2=3, f3=1, f4=2, f5=1, f6=3, f7=2, f8=3]] ===
2025-12-29 17:31:30 INFO  STEP: P Score is: 18.7
2025-12-29 17:31:30 INFO  STEP: Verify cards count (actual = 5)
2025-12-29 17:31:30 INFO  STEP PASS: Expected 5 product cards
2025-12-29 17:31:30 INFO  === PASS  tests.resultPageTests.ProductCardNumberTests.resultPage_shouldHaveExactly5ProductCards[Exp#7 [f1=1, f2=3, f3=1, f4=2, f5=1, f6=3, f7=2, f8=3]] ===
2025-12-29 17:31:30 INFO  === END   tests.resultPageTests.ProductCardNumberTests.resultPage_shouldHaveExactly5ProductCards[Exp#7 [f1=1, f2=3, f3=1, f4=2, f5=1, f6=3, f7=2, f8=3]] ===
2025-12-29 17:31:30 INFO  === START tests.resultPageTests.ProductCardNumberTests.resultPage_shouldHaveExactly5ProductCards[Exp#8 [f1=1, f2=3, f3=2, f4=3, f5=2, f6=1, f7=3, f8=1]] ===
2025-12-29 17:31:41 INFO  STEP: P Score is: 19.2
2025-12-29 17:31:41 INFO  STEP: Verify cards count (actual = 5)
2025-12-29 17:31:41 INFO  STEP PASS: Expected 5 product cards
2025-12-29 17:31:41 INFO  === PASS  tests.resultPageTests.ProductCardNumberTests.resultPage_shouldHaveExactly5ProductCards[Exp#8 [f1=1, f2=3, f3=2, f4=3, f5=2, f6=1, f7=3, f8=1]] ===
2025-12-29 17:31:41 INFO  === END   tests.resultPageTests.ProductCardNumberTests.resultPage_shouldHaveExactly5ProductCards[Exp#8 [f1=1, f2=3, f3=2, f4=3, f5=2, f6=1, f7=3, f8=1]] ===
2025-12-29 17:31:41 INFO  === START tests.resultPageTests.ProductCardNumberTests.resultPage_shouldHaveExactly5ProductCards[Exp#9 [f1=1, f2=3, f3=3, f4=1, f5=3, f6=2, f7=1, f8=2]] ===
2025-12-29 17:31:51 INFO  STEP: P Score is: 18.5
2025-12-29 17:31:51 INFO  STEP: Verify cards count (actual = 5)
2025-12-29 17:31:51 INFO  STEP PASS: Expected 5 product cards
2025-12-29 17:31:51 INFO  === PASS  tests.resultPageTests.ProductCardNumberTests.resultPage_shouldHaveExactly5ProductCards[Exp#9 [f1=1, f2=3, f3=3, f4=1, f5=3, f6=2, f7=1, f8=2]] ===
2025-12-29 17:31:51 INFO  === END   tests.resultPageTests.ProductCardNumberTests.resultPage_shouldHaveExactly5ProductCards[Exp#9 [f1=1, f2=3, f3=3, f4=1, f5=3, f6=2, f7=1, f8=2]] ===
2025-12-29 17:31:51 INFO  === START tests.resultPageTests.ProductCardNumberTests.resultPage_shouldHaveExactly5ProductCards[Exp#10 [f1=2, f2=1, f3=1, f4=3, f5=3, f6=2, f7=2, f8=1]] ===
2025-12-29 17:32:03 INFO  STEP: P Score is: 17.2
2025-12-29 17:32:03 INFO  STEP: Verify cards count (actual = 5)
2025-12-29 17:32:03 INFO  STEP PASS: Expected 5 product cards
2025-12-29 17:32:03 INFO  === PASS  tests.resultPageTests.ProductCardNumberTests.resultPage_shouldHaveExactly5ProductCards[Exp#10 [f1=2, f2=1, f3=1, f4=3, f5=3, f6=2, f7=2, f8=1]] ===
2025-12-29 17:32:03 INFO  === END   tests.resultPageTests.ProductCardNumberTests.resultPage_shouldHaveExactly5ProductCards[Exp#10 [f1=2, f2=1, f3=1, f4=3, f5=3, f6=2, f7=2, f8=1]] ===
2025-12-29 17:32:03 INFO  === START tests.resultPageTests.ProductCardNumberTests.resultPage_shouldHaveExactly5ProductCards[Exp#11 [f1=2, f2=1, f3=2, f4=1, f5=1, f6=3, f7=3, f8=2]] ===
2025-12-29 17:32:15 INFO  STEP: P Score is: 16.8
2025-12-29 17:32:15 INFO  STEP: Verify cards count (actual = 5)
2025-12-29 17:32:15 INFO  STEP PASS: Expected 5 product cards
2025-12-29 17:32:16 INFO  === PASS  tests.resultPageTests.ProductCardNumberTests.resultPage_shouldHaveExactly5ProductCards[Exp#11 [f1=2, f2=1, f3=2, f4=1, f5=1, f6=3, f7=3, f8=2]] ===
2025-12-29 17:32:16 INFO  === END   tests.resultPageTests.ProductCardNumberTests.resultPage_shouldHaveExactly5ProductCards[Exp#11 [f1=2, f2=1, f3=2, f4=1, f5=1, f6=3, f7=3, f8=2]] ===
2025-12-29 17:32:16 INFO  === START tests.resultPageTests.ProductCardNumberTests.resultPage_shouldHaveExactly5ProductCards[Exp#12 [f1=2, f2=1, f3=3, f4=2, f5=2, f6=1, f7=1, f8=3]] ===
2025-12-29 17:32:27 INFO  STEP: P Score is: 18.2
2025-12-29 17:32:27 INFO  STEP: Verify cards count (actual = 5)
2025-12-29 17:32:27 INFO  STEP PASS: Expected 5 product cards
2025-12-29 17:32:27 INFO  === PASS  tests.resultPageTests.ProductCardNumberTests.resultPage_shouldHaveExactly5ProductCards[Exp#12 [f1=2, f2=1, f3=3, f4=2, f5=2, f6=1, f7=1, f8=3]] ===
2025-12-29 17:32:27 INFO  === END   tests.resultPageTests.ProductCardNumberTests.resultPage_shouldHaveExactly5ProductCards[Exp#12 [f1=2, f2=1, f3=3, f4=2, f5=2, f6=1, f7=1, f8=3]] ===
2025-12-29 17:32:27 INFO  === START tests.resultPageTests.ProductCardNumberTests.resultPage_shouldHaveExactly5ProductCards[Exp#13 [f1=2, f2=2, f3=1, f4=2, f5=3, f6=1, f7=3, f8=2]] ===
2025-12-29 17:32:37 INFO  STEP: P Score is: 18.6
2025-12-29 17:32:37 INFO  STEP: Verify cards count (actual = 5)
2025-12-29 17:32:37 INFO  STEP PASS: Expected 5 product cards
2025-12-29 17:32:37 INFO  === PASS  tests.resultPageTests.ProductCardNumberTests.resultPage_shouldHaveExactly5ProductCards[Exp#13 [f1=2, f2=2, f3=1, f4=2, f5=3, f6=1, f7=3, f8=2]] ===
2025-12-29 17:32:37 INFO  === END   tests.resultPageTests.ProductCardNumberTests.resultPage_shouldHaveExactly5ProductCards[Exp#13 [f1=2, f2=2, f3=1, f4=2, f5=3, f6=1, f7=3, f8=2]] ===
2025-12-29 17:32:37 INFO  === START tests.resultPageTests.ProductCardNumberTests.resultPage_shouldHaveExactly5ProductCards[Exp#14 [f1=2, f2=2, f3=2, f4=3, f5=1, f6=2, f7=1, f8=3]] ===
2025-12-29 17:32:50 INFO  STEP: P Score is: 19.4
2025-12-29 17:32:50 INFO  STEP: Verify cards count (actual = 5)
2025-12-29 17:32:50 INFO  STEP PASS: Expected 5 product cards
2025-12-29 17:32:50 INFO  === PASS  tests.resultPageTests.ProductCardNumberTests.resultPage_shouldHaveExactly5ProductCards[Exp#14 [f1=2, f2=2, f3=2, f4=3, f5=1, f6=2, f7=1, f8=3]] ===
2025-12-29 17:32:50 INFO  === END   tests.resultPageTests.ProductCardNumberTests.resultPage_shouldHaveExactly5ProductCards[Exp#14 [f1=2, f2=2, f3=2, f4=3, f5=1, f6=2, f7=1, f8=3]] ===
2025-12-29 17:32:50 INFO  === START tests.resultPageTests.ProductCardNumberTests.resultPage_shouldHaveExactly5ProductCards[Exp#15 [f1=2, f2=2, f3=3, f4=1, f5=2, f6=3, f7=2, f8=1]] ===
2025-12-29 17:33:01 INFO  STEP: P Score is: 17.8
2025-12-29 17:33:01 INFO  STEP: Verify cards count (actual = 5)
2025-12-29 17:33:01 INFO  STEP PASS: Expected 5 product cards
2025-12-29 17:33:01 INFO  === PASS  tests.resultPageTests.ProductCardNumberTests.resultPage_shouldHaveExactly5ProductCards[Exp#15 [f1=2, f2=2, f3=3, f4=1, f5=2, f6=3, f7=2, f8=1]] ===
2025-12-29 17:33:01 INFO  === END   tests.resultPageTests.ProductCardNumberTests.resultPage_shouldHaveExactly5ProductCards[Exp#15 [f1=2, f2=2, f3=3, f4=1, f5=2, f6=3, f7=2, f8=1]] ===
2025-12-29 17:33:01 INFO  === START tests.resultPageTests.ProductCardNumberTests.resultPage_shouldHaveExactly5ProductCards[Exp#16 [f1=2, f2=3, f3=1, f4=3, f5=2, f6=3, f7=1, f8=2]] ===
2025-12-29 17:33:12 INFO  STEP: P Score is: 19.7
2025-12-29 17:33:12 INFO  STEP: Verify cards count (actual = 5)
2025-12-29 17:33:12 INFO  STEP PASS: Expected 5 product cards
2025-12-29 17:33:12 INFO  === PASS  tests.resultPageTests.ProductCardNumberTests.resultPage_shouldHaveExactly5ProductCards[Exp#16 [f1=2, f2=3, f3=1, f4=3, f5=2, f6=3, f7=1, f8=2]] ===
2025-12-29 17:33:12 INFO  === END   tests.resultPageTests.ProductCardNumberTests.resultPage_shouldHaveExactly5ProductCards[Exp#16 [f1=2, f2=3, f3=1, f4=3, f5=2, f6=3, f7=1, f8=2]] ===
2025-12-29 17:33:12 INFO  === START tests.resultPageTests.ProductCardNumberTests.resultPage_shouldHaveExactly5ProductCards[Exp#17 [f1=2, f2=3, f3=2, f4=1, f5=3, f6=1, f7=2, f8=3]] ===
2025-12-29 17:33:22 INFO  STEP: P Score is: 19.9
2025-12-29 17:33:22 INFO  STEP: Verify cards count (actual = 4)
2025-12-29 17:33:22 ERROR STEP FAIL: Expected 5 product cards
2025-12-29 17:33:23 ERROR === FAIL  tests.resultPageTests.ProductCardNumberTests.resultPage_shouldHaveExactly5ProductCards[Exp#17 [f1=2, f2=3, f3=2, f4=1, f5=3, f6=1, f7=2, f8=3]] ===
java.lang.AssertionError: Expected 5 product cards
	at org.junit.Assert.fail(Assert.java:89) ~[junit-4.13.jar:4.13]
	at org.junit.Assert.assertTrue(Assert.java:42) ~[junit-4.13.jar:4.13]
	at tests.BaseTest.checkTrue(BaseTest.java:75) ~[test-classes/:?]
	at tests.resultPageTests.ProductCardNumberTests.resultPage_shouldHaveExactly5ProductCards(ProductCardNumberTests.java:33) ~[test-classes/:?]
	at jdk.internal.reflect.DirectMethodHandleAccessor.invoke(DirectMethodHandleAccessor.java:103) ~[?:?]
	at java.lang.reflect.Method.invoke(Method.java:580) ~[?:?]
	at org.junit.runners.model.FrameworkMethod$1.runReflectiveCall(FrameworkMethod.java:59) ~[junit-4.13.jar:4.13]
	at org.junit.internal.runners.model.ReflectiveCallable.run(ReflectiveCallable.java:12) ~[junit-4.13.jar:4.13]
	at org.junit.runners.model.FrameworkMethod.invokeExplosively(FrameworkMethod.java:56) ~[junit-4.13.jar:4.13]
	at org.junit.internal.runners.statements.InvokeMethod.evaluate(InvokeMethod.java:17) ~[junit-4.13.jar:4.13]
	at org.junit.internal.runners.statements.RunBefores.evaluate(RunBefores.java:26) ~[junit-4.13.jar:4.13]
	at org.junit.internal.runners.statements.RunAfters.evaluate(RunAfters.java:27) ~[junit-4.13.jar:4.13]
	at org.junit.rules.TestWatcher$1.evaluate(TestWatcher.java:61) [junit-4.13.jar:4.13]
	at org.junit.runners.ParentRunner$3.evaluate(ParentRunner.java:306) [junit-4.13.jar:4.13]
	at org.junit.runners.BlockJUnit4ClassRunner$1.evaluate(BlockJUnit4ClassRunner.java:100) [junit-4.13.jar:4.13]
	at org.junit.runners.ParentRunner.runLeaf(ParentRunner.java:366) [junit-4.13.jar:4.13]
	at org.junit.runners.BlockJUnit4ClassRunner.runChild(BlockJUnit4ClassRunner.java:103) [junit-4.13.jar:4.13]
	at org.junit.runners.BlockJUnit4ClassRunner.runChild(BlockJUnit4ClassRunner.java:63) [junit-4.13.jar:4.13]
	at org.junit.runners.ParentRunner$4.run(ParentRunner.java:331) [junit-4.13.jar:4.13]
	at org.junit.runners.ParentRunner$1.schedule(ParentRunner.java:79) [junit-4.13.jar:4.13]
	at org.junit.runners.ParentRunner.runChildren(ParentRunner.java:329) [junit-4.13.jar:4.13]
	at org.junit.runners.ParentRunner.access$100(ParentRunner.java:66) [junit-4.13.jar:4.13]
	at org.junit.runners.ParentRunner$2.evaluate(ParentRunner.java:293) [junit-4.13.jar:4.13]
	at org.junit.runners.ParentRunner.run(ParentRunner.java:413) [junit-4.13.jar:4.13]
	at org.junit.runners.Suite.runChild(Suite.java:128) [junit-4.13.jar:4.13]
	at org.junit.runners.Suite.runChild(Suite.java:27) [junit-4.13.jar:4.13]
	at org.junit.runners.ParentRunner$4.run(ParentRunner.java:331) [junit-4.13.jar:4.13]
	at org.junit.runners.ParentRunner$1.schedule(ParentRunner.java:79) [junit-4.13.jar:4.13]
	at org.junit.runners.ParentRunner.runChildren(ParentRunner.java:329) [junit-4.13.jar:4.13]
	at org.junit.runners.ParentRunner.access$100(ParentRunner.java:66) [junit-4.13.jar:4.13]
	at org.junit.runners.ParentRunner$2.evaluate(ParentRunner.java:293) [junit-4.13.jar:4.13]
	at org.junit.runners.ParentRunner$3.evaluate(ParentRunner.java:306) [junit-4.13.jar:4.13]
	at org.junit.runners.ParentRunner.run(ParentRunner.java:413) [junit-4.13.jar:4.13]
	at org.eclipse.jdt.internal.junit4.runner.JUnit4TestReference.run(JUnit4TestReference.java:93) [.cp/:?]
	at org.eclipse.jdt.internal.junit.runner.TestExecution.run(TestExecution.java:40) [.cp/:?]
	at org.eclipse.jdt.internal.junit.runner.RemoteTestRunner.runTests(RemoteTestRunner.java:530) [.cp/:?]
	at org.eclipse.jdt.internal.junit.runner.RemoteTestRunner.runTests(RemoteTestRunner.java:758) [.cp/:?]
	at org.eclipse.jdt.internal.junit.runner.RemoteTestRunner.run(RemoteTestRunner.java:453) [.cp/:?]
	at org.eclipse.jdt.internal.junit.runner.RemoteTestRunner.main(RemoteTestRunner.java:211) [.cp/:?]
2025-12-29 17:33:23 INFO  === END   tests.resultPageTests.ProductCardNumberTests.resultPage_shouldHaveExactly5ProductCards[Exp#17 [f1=2, f2=3, f3=2, f4=1, f5=3, f6=1, f7=2, f8=3]] ===
2025-12-29 17:33:23 INFO  === START tests.resultPageTests.ProductCardNumberTests.resultPage_shouldHaveExactly5ProductCards[Exp#18 [f1=2, f2=3, f3=3, f4=2, f5=1, f6=2, f7=3, f8=1]] ===
2025-12-29 17:33:34 INFO  STEP: P Score is: 19.8
2025-12-29 17:33:34 INFO  STEP: Verify cards count (actual = 5)
2025-12-29 17:33:34 INFO  STEP PASS: Expected 5 product cards
2025-12-29 17:33:35 INFO  === PASS  tests.resultPageTests.ProductCardNumberTests.resultPage_shouldHaveExactly5ProductCards[Exp#18 [f1=2, f2=3, f3=3, f4=2, f5=1, f6=2, f7=3, f8=1]] ===
2025-12-29 17:33:35 INFO  === END   tests.resultPageTests.ProductCardNumberTests.resultPage_shouldHaveExactly5ProductCards[Exp#18 [f1=2, f2=3, f3=3, f4=2, f5=1, f6=2, f7=3, f8=1]] ===
2025-12-29 17:33:35 INFO  === START tests.resultPageTests.ProductCardNumberTests.resultPage_shouldHaveExactly5ProductCards[Exp#19 [f1=2, f2=3, f3=3, f4=2, f5=1, f6=1, f7=1, f8=2]] ===
2025-12-29 17:33:45 INFO  STEP: P Score is: 18.2
2025-12-29 17:33:45 INFO  STEP: Verify cards count (actual = 5)
2025-12-29 17:33:45 INFO  STEP PASS: Expected 5 product cards
2025-12-29 17:33:45 INFO  === PASS  tests.resultPageTests.ProductCardNumberTests.resultPage_shouldHaveExactly5ProductCards[Exp#19 [f1=2, f2=3, f3=3, f4=2, f5=1, f6=1, f7=1, f8=2]] ===
2025-12-29 17:33:45 INFO  === END   tests.resultPageTests.ProductCardNumberTests.resultPage_shouldHaveExactly5ProductCards[Exp#19 [f1=2, f2=3, f3=3, f4=2, f5=1, f6=1, f7=1, f8=2]] ===
2025-12-29 17:33:45 INFO  === START tests.resultPageTests.ProductCardNumberTests.resultPage_shouldHaveExactly5ProductCards[Exp#20 [f1=2, f2=3, f3=3, f4=3, f5=3, f6=3, f7=3, f8=3]] ===
2025-12-29 17:33:56 INFO  STEP: P Score is: 26.9
2025-12-29 17:33:56 INFO  STEP: Verify cards count (actual = 4)
2025-12-29 17:33:56 ERROR STEP FAIL: Expected 5 product cards
2025-12-29 17:33:56 ERROR === FAIL  tests.resultPageTests.ProductCardNumberTests.resultPage_shouldHaveExactly5ProductCards[Exp#20 [f1=2, f2=3, f3=3, f4=3, f5=3, f6=3, f7=3, f8=3]] ===
java.lang.AssertionError: Expected 5 product cards
	at org.junit.Assert.fail(Assert.java:89) ~[junit-4.13.jar:4.13]
	at org.junit.Assert.assertTrue(Assert.java:42) ~[junit-4.13.jar:4.13]
	at tests.BaseTest.checkTrue(BaseTest.java:75) ~[test-classes/:?]
	at tests.resultPageTests.ProductCardNumberTests.resultPage_shouldHaveExactly5ProductCards(ProductCardNumberTests.java:33) ~[test-classes/:?]
	at jdk.internal.reflect.DirectMethodHandleAccessor.invoke(DirectMethodHandleAccessor.java:103) ~[?:?]
	at java.lang.reflect.Method.invoke(Method.java:580) ~[?:?]
	at org.junit.runners.model.FrameworkMethod$1.runReflectiveCall(FrameworkMethod.java:59) ~[junit-4.13.jar:4.13]
	at org.junit.internal.runners.model.ReflectiveCallable.run(ReflectiveCallable.java:12) ~[junit-4.13.jar:4.13]
	at org.junit.runners.model.FrameworkMethod.invokeExplosively(FrameworkMethod.java:56) ~[junit-4.13.jar:4.13]
	at org.junit.internal.runners.statements.InvokeMethod.evaluate(InvokeMethod.java:17) ~[junit-4.13.jar:4.13]
	at org.junit.internal.runners.statements.RunBefores.evaluate(RunBefores.java:26) ~[junit-4.13.jar:4.13]
	at org.junit.internal.runners.statements.RunAfters.evaluate(RunAfters.java:27) ~[junit-4.13.jar:4.13]
	at org.junit.rules.TestWatcher$1.evaluate(TestWatcher.java:61) [junit-4.13.jar:4.13]
	at org.junit.runners.ParentRunner$3.evaluate(ParentRunner.java:306) [junit-4.13.jar:4.13]
	at org.junit.runners.BlockJUnit4ClassRunner$1.evaluate(BlockJUnit4ClassRunner.java:100) [junit-4.13.jar:4.13]
	at org.junit.runners.ParentRunner.runLeaf(ParentRunner.java:366) [junit-4.13.jar:4.13]
	at org.junit.runners.BlockJUnit4ClassRunner.runChild(BlockJUnit4ClassRunner.java:103) [junit-4.13.jar:4.13]
	at org.junit.runners.BlockJUnit4ClassRunner.runChild(BlockJUnit4ClassRunner.java:63) [junit-4.13.jar:4.13]
	at org.junit.runners.ParentRunner$4.run(ParentRunner.java:331) [junit-4.13.jar:4.13]
	at org.junit.runners.ParentRunner$1.schedule(ParentRunner.java:79) [junit-4.13.jar:4.13]
	at org.junit.runners.ParentRunner.runChildren(ParentRunner.java:329) [junit-4.13.jar:4.13]
	at org.junit.runners.ParentRunner.access$100(ParentRunner.java:66) [junit-4.13.jar:4.13]
	at org.junit.runners.ParentRunner$2.evaluate(ParentRunner.java:293) [junit-4.13.jar:4.13]
	at org.junit.runners.ParentRunner.run(ParentRunner.java:413) [junit-4.13.jar:4.13]
	at org.junit.runners.Suite.runChild(Suite.java:128) [junit-4.13.jar:4.13]
	at org.junit.runners.Suite.runChild(Suite.java:27) [junit-4.13.jar:4.13]
	at org.junit.runners.ParentRunner$4.run(ParentRunner.java:331) [junit-4.13.jar:4.13]
	at org.junit.runners.ParentRunner$1.schedule(ParentRunner.java:79) [junit-4.13.jar:4.13]
	at org.junit.runners.ParentRunner.runChildren(ParentRunner.java:329) [junit-4.13.jar:4.13]
	at org.junit.runners.ParentRunner.access$100(ParentRunner.java:66) [junit-4.13.jar:4.13]
	at org.junit.runners.ParentRunner$2.evaluate(ParentRunner.java:293) [junit-4.13.jar:4.13]
	at org.junit.runners.ParentRunner$3.evaluate(ParentRunner.java:306) [junit-4.13.jar:4.13]
	at org.junit.runners.ParentRunner.run(ParentRunner.java:413) [junit-4.13.jar:4.13]
	at org.eclipse.jdt.internal.junit4.runner.JUnit4TestReference.run(JUnit4TestReference.java:93) [.cp/:?]
	at org.eclipse.jdt.internal.junit.runner.TestExecution.run(TestExecution.java:40) [.cp/:?]
	at org.eclipse.jdt.internal.junit.runner.RemoteTestRunner.runTests(RemoteTestRunner.java:530) [.cp/:?]
	at org.eclipse.jdt.internal.junit.runner.RemoteTestRunner.runTests(RemoteTestRunner.java:758) [.cp/:?]
	at org.eclipse.jdt.internal.junit.runner.RemoteTestRunner.run(RemoteTestRunner.java:453) [.cp/:?]
	at org.eclipse.jdt.internal.junit.runner.RemoteTestRunner.main(RemoteTestRunner.java:211) [.cp/:?]
2025-12-29 17:33:56 INFO  === END   tests.resultPageTests.ProductCardNumberTests.resultPage_shouldHaveExactly5ProductCards[Exp#20 [f1=2, f2=3, f3=3, f4=3, f5=3, f6=3, f7=3, f8=3]] ===
2025-12-29 18:07:29 INFO  === START tests.productCardsTests.RatingMatchesReviewsTests.reviewsShouldMatchRating[Exp#1 [f1=1, f2=1, f3=1, f4=1, f5=1, f6=1, f7=1, f8=1]] ===
2025-12-29 18:07:40 INFO  STEP: === CARD 1 ===
2025-12-29 18:07:40 INFO  STEP: Toggle Reviews
2025-12-29 18:07:41 INFO  STEP: Is reviwes window open?: true
2025-12-29 18:07:41 INFO  STEP: Number of reviews: 4
2025-12-29 18:07:41 INFO  STEP: stars:5
2025-12-29 18:07:41 INFO  STEP: stars:3
2025-12-29 18:07:41 INFO  STEP: stars:3
2025-12-29 18:07:42 INFO  STEP: stars:5
2025-12-29 18:07:42 INFO  STEP: sum of stars:16
2025-12-29 18:07:42 INFO  STEP: #1 Product rating: 4.5 ||| Actual rating:4.0
2025-12-29 18:07:42 INFO  STEP: === CARD 2 ===
2025-12-29 18:07:42 INFO  STEP: Toggle Reviews
2025-12-29 18:07:42 INFO  STEP: Is reviwes window open?: true
2025-12-29 18:07:42 INFO  STEP: Number of reviews: 4
2025-12-29 18:07:43 INFO  STEP: stars:5
2025-12-29 18:07:43 INFO  STEP: stars:3
2025-12-29 18:07:43 INFO  STEP: stars:2
2025-12-29 18:07:43 INFO  STEP: stars:4
2025-12-29 18:07:43 INFO  STEP: sum of stars:14
2025-12-29 18:07:43 INFO  STEP: #2 Product rating: 4.4 ||| Actual rating:3.0
2025-12-29 18:07:43 INFO  STEP: === CARD 3 ===
2025-12-29 18:07:43 INFO  STEP: Toggle Reviews
2025-12-29 18:07:44 INFO  STEP: Is reviwes window open?: true
2025-12-29 18:07:44 INFO  STEP: Number of reviews: 4
2025-12-29 18:07:44 INFO  STEP: stars:5
2025-12-29 18:07:44 INFO  STEP: stars:5
2025-12-29 18:07:45 INFO  STEP: stars:3
2025-12-29 18:07:45 INFO  STEP: stars:4
2025-12-29 18:07:45 INFO  STEP: sum of stars:17
2025-12-29 18:07:45 INFO  STEP: #3 Product rating: 3.9 ||| Actual rating:4.0
2025-12-29 18:07:45 INFO  STEP: === CARD 4 ===
2025-12-29 18:07:45 INFO  STEP: Toggle Reviews
2025-12-29 18:07:46 INFO  STEP: Is reviwes window open?: true
2025-12-29 18:07:46 INFO  STEP: Number of reviews: 4
2025-12-29 18:07:46 INFO  STEP: stars:5
2025-12-29 18:07:46 INFO  STEP: stars:5
2025-12-29 18:07:46 INFO  STEP: stars:2
2025-12-29 18:07:46 INFO  STEP: stars:4
2025-12-29 18:07:46 INFO  STEP: sum of stars:16
2025-12-29 18:07:46 INFO  STEP: #4 Product rating: 3.0 ||| Actual rating:4.0
2025-12-29 18:07:46 INFO  STEP: === CARD 5 ===
2025-12-29 18:07:47 INFO  STEP: Toggle Reviews
2025-12-29 18:07:47 INFO  STEP: Is reviwes window open?: true
2025-12-29 18:07:47 INFO  STEP: Number of reviews: 4
2025-12-29 18:07:48 INFO  STEP: stars:5
2025-12-29 18:07:48 INFO  STEP: stars:5
2025-12-29 18:07:48 INFO  STEP: stars:5
2025-12-29 18:07:48 INFO  STEP: stars:4
2025-12-29 18:07:48 INFO  STEP: sum of stars:19
2025-12-29 18:07:48 INFO  STEP: #5 Product rating: 2.8 ||| Actual rating:4.0
2025-12-29 18:07:48 ERROR STEP FAIL: All reviews ratings should match the product rating
2025-12-29 18:07:49 ERROR === FAIL  tests.productCardsTests.RatingMatchesReviewsTests.reviewsShouldMatchRating[Exp#1 [f1=1, f2=1, f3=1, f4=1, f5=1, f6=1, f7=1, f8=1]] ===
java.lang.AssertionError: All reviews ratings should match the product rating
	at org.junit.Assert.fail(Assert.java:89) ~[junit-4.13.jar:4.13]
	at org.junit.Assert.assertTrue(Assert.java:42) ~[junit-4.13.jar:4.13]
	at tests.BaseTest.checkTrue(BaseTest.java:75) ~[test-classes/:?]
	at tests.productCardsTests.RatingMatchesReviewsTests.reviewsShouldMatchRating(RatingMatchesReviewsTests.java:61) ~[test-classes/:?]
	at jdk.internal.reflect.DirectMethodHandleAccessor.invoke(DirectMethodHandleAccessor.java:103) ~[?:?]
	at java.lang.reflect.Method.invoke(Method.java:580) ~[?:?]
	at org.junit.runners.model.FrameworkMethod$1.runReflectiveCall(FrameworkMethod.java:59) ~[junit-4.13.jar:4.13]
	at org.junit.internal.runners.model.ReflectiveCallable.run(ReflectiveCallable.java:12) ~[junit-4.13.jar:4.13]
	at org.junit.runners.model.FrameworkMethod.invokeExplosively(FrameworkMethod.java:56) ~[junit-4.13.jar:4.13]
	at org.junit.internal.runners.statements.InvokeMethod.evaluate(InvokeMethod.java:17) ~[junit-4.13.jar:4.13]
	at org.junit.internal.runners.statements.RunBefores.evaluate(RunBefores.java:26) ~[junit-4.13.jar:4.13]
	at org.junit.internal.runners.statements.RunAfters.evaluate(RunAfters.java:27) ~[junit-4.13.jar:4.13]
	at org.junit.rules.TestWatcher$1.evaluate(TestWatcher.java:61) [junit-4.13.jar:4.13]
	at org.junit.runners.ParentRunner$3.evaluate(ParentRunner.java:306) [junit-4.13.jar:4.13]
	at org.junit.runners.BlockJUnit4ClassRunner$1.evaluate(BlockJUnit4ClassRunner.java:100) [junit-4.13.jar:4.13]
	at org.junit.runners.ParentRunner.runLeaf(ParentRunner.java:366) [junit-4.13.jar:4.13]
	at org.junit.runners.BlockJUnit4ClassRunner.runChild(BlockJUnit4ClassRunner.java:103) [junit-4.13.jar:4.13]
	at org.junit.runners.BlockJUnit4ClassRunner.runChild(BlockJUnit4ClassRunner.java:63) [junit-4.13.jar:4.13]
	at org.junit.runners.ParentRunner$4.run(ParentRunner.java:331) [junit-4.13.jar:4.13]
	at org.junit.runners.ParentRunner$1.schedule(ParentRunner.java:79) [junit-4.13.jar:4.13]
	at org.junit.runners.ParentRunner.runChildren(ParentRunner.java:329) [junit-4.13.jar:4.13]
	at org.junit.runners.ParentRunner.access$100(ParentRunner.java:66) [junit-4.13.jar:4.13]
	at org.junit.runners.ParentRunner$2.evaluate(ParentRunner.java:293) [junit-4.13.jar:4.13]
	at org.junit.runners.ParentRunner.run(ParentRunner.java:413) [junit-4.13.jar:4.13]
	at org.junit.runners.Suite.runChild(Suite.java:128) [junit-4.13.jar:4.13]
	at org.junit.runners.Suite.runChild(Suite.java:27) [junit-4.13.jar:4.13]
	at org.junit.runners.ParentRunner$4.run(ParentRunner.java:331) [junit-4.13.jar:4.13]
	at org.junit.runners.ParentRunner$1.schedule(ParentRunner.java:79) [junit-4.13.jar:4.13]
	at org.junit.runners.ParentRunner.runChildren(ParentRunner.java:329) [junit-4.13.jar:4.13]
	at org.junit.runners.ParentRunner.access$100(ParentRunner.java:66) [junit-4.13.jar:4.13]
	at org.junit.runners.ParentRunner$2.evaluate(ParentRunner.java:293) [junit-4.13.jar:4.13]
	at org.junit.runners.ParentRunner$3.evaluate(ParentRunner.java:306) [junit-4.13.jar:4.13]
	at org.junit.runners.ParentRunner.run(ParentRunner.java:413) [junit-4.13.jar:4.13]
	at org.eclipse.jdt.internal.junit4.runner.JUnit4TestReference.run(JUnit4TestReference.java:93) [.cp/:?]
	at org.eclipse.jdt.internal.junit.runner.TestExecution.run(TestExecution.java:40) [.cp/:?]
	at org.eclipse.jdt.internal.junit.runner.RemoteTestRunner.runTests(RemoteTestRunner.java:530) [.cp/:?]
	at org.eclipse.jdt.internal.junit.runner.RemoteTestRunner.runTests(RemoteTestRunner.java:758) [.cp/:?]
	at org.eclipse.jdt.internal.junit.runner.RemoteTestRunner.run(RemoteTestRunner.java:453) [.cp/:?]
	at org.eclipse.jdt.internal.junit.runner.RemoteTestRunner.main(RemoteTestRunner.java:211) [.cp/:?]
2025-12-29 18:07:49 INFO  === END   tests.productCardsTests.RatingMatchesReviewsTests.reviewsShouldMatchRating[Exp#1 [f1=1, f2=1, f3=1, f4=1, f5=1, f6=1, f7=1, f8=1]] ===
2025-12-29 18:07:49 INFO  === START tests.productCardsTests.RatingMatchesReviewsTests.numberOfReviewsShouldMatch[Exp#1 [f1=1, f2=1, f3=1, f4=1, f5=1, f6=1, f7=1, f8=1]] ===
2025-12-29 18:07:58 INFO  STEP: === CARD 1 ===
2025-12-29 18:07:58 INFO  STEP: Toggle Reviews
2025-12-29 18:07:58 INFO  STEP: Is reviwes window open?: true
2025-12-29 18:07:59 INFO  STEP: #1 review_count:4 actual_count: 4
2025-12-29 18:07:59 INFO  STEP: === CARD 2 ===
2025-12-29 18:07:59 INFO  STEP: Toggle Reviews
2025-12-29 18:07:59 INFO  STEP: Is reviwes window open?: true
2025-12-29 18:08:00 INFO  STEP: #2 review_count:4 actual_count: 4
2025-12-29 18:08:00 INFO  STEP: === CARD 3 ===
2025-12-29 18:08:00 INFO  STEP: Toggle Reviews
2025-12-29 18:08:01 INFO  STEP: Is reviwes window open?: true
2025-12-29 18:08:01 INFO  STEP: #3 review_count:4 actual_count: 4
2025-12-29 18:08:01 INFO  STEP: === CARD 4 ===
2025-12-29 18:08:02 INFO  STEP: Toggle Reviews
2025-12-29 18:08:02 INFO  STEP: Is reviwes window open?: true
2025-12-29 18:08:03 INFO  STEP: #4 review_count:4 actual_count: 4
2025-12-29 18:08:03 INFO  STEP: === CARD 5 ===
2025-12-29 18:08:03 INFO  STEP: Toggle Reviews
2025-12-29 18:08:03 INFO  STEP: Is reviwes window open?: true
2025-12-29 18:08:04 INFO  STEP: #5 review_count:4 actual_count: 4
2025-12-29 18:08:04 INFO  STEP PASS: number of reviews should match review count
2025-12-29 18:08:05 INFO  === PASS  tests.productCardsTests.RatingMatchesReviewsTests.numberOfReviewsShouldMatch[Exp#1 [f1=1, f2=1, f3=1, f4=1, f5=1, f6=1, f7=1, f8=1]] ===
2025-12-29 18:08:05 INFO  === END   tests.productCardsTests.RatingMatchesReviewsTests.numberOfReviewsShouldMatch[Exp#1 [f1=1, f2=1, f3=1, f4=1, f5=1, f6=1, f7=1, f8=1]] ===
2025-12-29 18:08:05 INFO  === START tests.productCardsTests.RatingMatchesReviewsTests.reviewsShouldMatchRating[Exp#2 [f1=1, f2=1, f3=2, f4=2, f5=2, f6=2, f7=2, f8=2]] ===
2025-12-29 18:08:14 INFO  STEP: === CARD 1 ===
2025-12-29 18:08:15 INFO  STEP: Toggle Reviews
2025-12-29 18:08:15 INFO  STEP: Is reviwes window open?: true
2025-12-29 18:08:15 INFO  STEP: Number of reviews: 4
2025-12-29 18:08:16 INFO  STEP: stars:5
2025-12-29 18:08:16 INFO  STEP: stars:3
2025-12-29 18:08:16 INFO  STEP: stars:5
2025-12-29 18:08:16 INFO  STEP: stars:1
2025-12-29 18:08:16 INFO  STEP: sum of stars:14
2025-12-29 18:08:16 INFO  STEP: #1 Product rating: 4.5 ||| Actual rating:3.0
2025-12-29 18:08:16 INFO  STEP: === CARD 2 ===
2025-12-29 18:08:16 INFO  STEP: Toggle Reviews
2025-12-29 18:08:17 INFO  STEP: Is reviwes window open?: true
2025-12-29 18:08:17 INFO  STEP: Number of reviews: 4
2025-12-29 18:08:17 INFO  STEP: stars:5
2025-12-29 18:08:17 INFO  STEP: stars:5
2025-12-29 18:08:17 INFO  STEP: stars:5
2025-12-29 18:08:17 INFO  STEP: stars:4
2025-12-29 18:08:17 INFO  STEP: sum of stars:19
2025-12-29 18:08:17 INFO  STEP: #2 Product rating: 3.3 ||| Actual rating:4.0
2025-12-29 18:08:17 INFO  STEP: === CARD 3 ===
2025-12-29 18:08:18 INFO  STEP: Toggle Reviews
2025-12-29 18:08:18 INFO  STEP: Is reviwes window open?: true
2025-12-29 18:08:18 INFO  STEP: Number of reviews: 4
2025-12-29 18:08:19 INFO  STEP: stars:5
2025-12-29 18:08:19 INFO  STEP: stars:3
2025-12-29 18:08:19 INFO  STEP: stars:1
2025-12-29 18:08:19 INFO  STEP: stars:5
2025-12-29 18:08:19 INFO  STEP: sum of stars:14
2025-12-29 18:08:19 INFO  STEP: #3 Product rating: 3.9 ||| Actual rating:3.0
2025-12-29 18:08:19 INFO  STEP: === CARD 4 ===
2025-12-29 18:08:19 INFO  STEP: Toggle Reviews
2025-12-29 18:08:20 INFO  STEP: Is reviwes window open?: true
2025-12-29 18:08:20 INFO  STEP: Number of reviews: 4
2025-12-29 18:08:20 INFO  STEP: stars:5
2025-12-29 18:08:20 INFO  STEP: stars:4
2025-12-29 18:08:20 INFO  STEP: stars:4
2025-12-29 18:08:20 INFO  STEP: stars:5
2025-12-29 18:08:20 INFO  STEP: sum of stars:18
2025-12-29 18:08:20 INFO  STEP: #4 Product rating: 4.0 ||| Actual rating:4.0
2025-12-29 18:08:20 INFO  STEP: === CARD 5 ===
2025-12-29 18:08:21 INFO  STEP: Toggle Reviews
2025-12-29 18:08:21 INFO  STEP: Is reviwes window open?: true
2025-12-29 18:08:21 INFO  STEP: Number of reviews: 4
2025-12-29 18:08:21 INFO  STEP: stars:5
2025-12-29 18:08:22 INFO  STEP: stars:5
2025-12-29 18:08:22 INFO  STEP: stars:5
2025-12-29 18:08:22 INFO  STEP: stars:5
2025-12-29 18:08:22 INFO  STEP: sum of stars:20
2025-12-29 18:08:22 INFO  STEP: #5 Product rating: 4.6 ||| Actual rating:5.0
2025-12-29 18:08:22 ERROR STEP FAIL: All reviews ratings should match the product rating
2025-12-29 18:08:23 ERROR === FAIL  tests.productCardsTests.RatingMatchesReviewsTests.reviewsShouldMatchRating[Exp#2 [f1=1, f2=1, f3=2, f4=2, f5=2, f6=2, f7=2, f8=2]] ===
java.lang.AssertionError: All reviews ratings should match the product rating
	at org.junit.Assert.fail(Assert.java:89) ~[junit-4.13.jar:4.13]
	at org.junit.Assert.assertTrue(Assert.java:42) ~[junit-4.13.jar:4.13]
	at tests.BaseTest.checkTrue(BaseTest.java:75) ~[test-classes/:?]
	at tests.productCardsTests.RatingMatchesReviewsTests.reviewsShouldMatchRating(RatingMatchesReviewsTests.java:61) ~[test-classes/:?]
	at jdk.internal.reflect.DirectMethodHandleAccessor.invoke(DirectMethodHandleAccessor.java:103) ~[?:?]
	at java.lang.reflect.Method.invoke(Method.java:580) ~[?:?]
	at org.junit.runners.model.FrameworkMethod$1.runReflectiveCall(FrameworkMethod.java:59) ~[junit-4.13.jar:4.13]
	at org.junit.internal.runners.model.ReflectiveCallable.run(ReflectiveCallable.java:12) ~[junit-4.13.jar:4.13]
	at org.junit.runners.model.FrameworkMethod.invokeExplosively(FrameworkMethod.java:56) ~[junit-4.13.jar:4.13]
	at org.junit.internal.runners.statements.InvokeMethod.evaluate(InvokeMethod.java:17) ~[junit-4.13.jar:4.13]
	at org.junit.internal.runners.statements.RunBefores.evaluate(RunBefores.java:26) ~[junit-4.13.jar:4.13]
	at org.junit.internal.runners.statements.RunAfters.evaluate(RunAfters.java:27) ~[junit-4.13.jar:4.13]
	at org.junit.rules.TestWatcher$1.evaluate(TestWatcher.java:61) [junit-4.13.jar:4.13]
	at org.junit.runners.ParentRunner$3.evaluate(ParentRunner.java:306) [junit-4.13.jar:4.13]
	at org.junit.runners.BlockJUnit4ClassRunner$1.evaluate(BlockJUnit4ClassRunner.java:100) [junit-4.13.jar:4.13]
	at org.junit.runners.ParentRunner.runLeaf(ParentRunner.java:366) [junit-4.13.jar:4.13]
	at org.junit.runners.BlockJUnit4ClassRunner.runChild(BlockJUnit4ClassRunner.java:103) [junit-4.13.jar:4.13]
	at org.junit.runners.BlockJUnit4ClassRunner.runChild(BlockJUnit4ClassRunner.java:63) [junit-4.13.jar:4.13]
	at org.junit.runners.ParentRunner$4.run(ParentRunner.java:331) [junit-4.13.jar:4.13]
	at org.junit.runners.ParentRunner$1.schedule(ParentRunner.java:79) [junit-4.13.jar:4.13]
	at org.junit.runners.ParentRunner.runChildren(ParentRunner.java:329) [junit-4.13.jar:4.13]
	at org.junit.runners.ParentRunner.access$100(ParentRunner.java:66) [junit-4.13.jar:4.13]
	at org.junit.runners.ParentRunner$2.evaluate(ParentRunner.java:293) [junit-4.13.jar:4.13]
	at org.junit.runners.ParentRunner.run(ParentRunner.java:413) [junit-4.13.jar:4.13]
	at org.junit.runners.Suite.runChild(Suite.java:128) [junit-4.13.jar:4.13]
	at org.junit.runners.Suite.runChild(Suite.java:27) [junit-4.13.jar:4.13]
	at org.junit.runners.ParentRunner$4.run(ParentRunner.java:331) [junit-4.13.jar:4.13]
	at org.junit.runners.ParentRunner$1.schedule(ParentRunner.java:79) [junit-4.13.jar:4.13]
	at org.junit.runners.ParentRunner.runChildren(ParentRunner.java:329) [junit-4.13.jar:4.13]
	at org.junit.runners.ParentRunner.access$100(ParentRunner.java:66) [junit-4.13.jar:4.13]
	at org.junit.runners.ParentRunner$2.evaluate(ParentRunner.java:293) [junit-4.13.jar:4.13]
	at org.junit.runners.ParentRunner$3.evaluate(ParentRunner.java:306) [junit-4.13.jar:4.13]
	at org.junit.runners.ParentRunner.run(ParentRunner.java:413) [junit-4.13.jar:4.13]
	at org.eclipse.jdt.internal.junit4.runner.JUnit4TestReference.run(JUnit4TestReference.java:93) [.cp/:?]
	at org.eclipse.jdt.internal.junit.runner.TestExecution.run(TestExecution.java:40) [.cp/:?]
	at org.eclipse.jdt.internal.junit.runner.RemoteTestRunner.runTests(RemoteTestRunner.java:530) [.cp/:?]
	at org.eclipse.jdt.internal.junit.runner.RemoteTestRunner.runTests(RemoteTestRunner.java:758) [.cp/:?]
	at org.eclipse.jdt.internal.junit.runner.RemoteTestRunner.run(RemoteTestRunner.java:453) [.cp/:?]
	at org.eclipse.jdt.internal.junit.runner.RemoteTestRunner.main(RemoteTestRunner.java:211) [.cp/:?]
2025-12-29 18:08:23 INFO  === END   tests.productCardsTests.RatingMatchesReviewsTests.reviewsShouldMatchRating[Exp#2 [f1=1, f2=1, f3=2, f4=2, f5=2, f6=2, f7=2, f8=2]] ===
2025-12-29 18:08:23 INFO  === START tests.productCardsTests.RatingMatchesReviewsTests.numberOfReviewsShouldMatch[Exp#2 [f1=1, f2=1, f3=2, f4=2, f5=2, f6=2, f7=2, f8=2]] ===
2025-12-29 18:08:33 INFO  STEP: === CARD 1 ===
2025-12-29 18:08:33 INFO  STEP: Toggle Reviews
2025-12-29 18:08:33 INFO  STEP: Is reviwes window open?: true
2025-12-29 18:08:34 INFO  STEP: #1 review_count:4 actual_count: 4
2025-12-29 18:08:34 INFO  STEP: === CARD 2 ===
2025-12-29 18:08:34 INFO  STEP: Toggle Reviews
2025-12-29 18:08:35 INFO  STEP: Is reviwes window open?: true
2025-12-29 18:08:35 INFO  STEP: #2 review_count:4 actual_count: 4
2025-12-29 18:08:35 INFO  STEP: === CARD 3 ===
2025-12-29 18:08:36 INFO  STEP: Toggle Reviews
2025-12-29 18:08:36 INFO  STEP: Is reviwes window open?: true
2025-12-29 18:08:37 INFO  STEP: #3 review_count:4 actual_count: 4
2025-12-29 18:08:37 INFO  STEP: === CARD 4 ===
2025-12-29 18:08:37 INFO  STEP: Toggle Reviews
2025-12-29 18:08:37 INFO  STEP: Is reviwes window open?: true
2025-12-29 18:08:38 INFO  STEP: #4 review_count:4 actual_count: 4
2025-12-29 18:08:38 INFO  STEP: === CARD 5 ===
2025-12-29 18:08:38 INFO  STEP: Toggle Reviews
2025-12-29 18:08:38 INFO  STEP: Is reviwes window open?: true
2025-12-29 18:08:39 INFO  STEP: #5 review_count:4 actual_count: 4
2025-12-29 18:08:39 INFO  STEP PASS: number of reviews should match review count
2025-12-29 18:08:40 INFO  === PASS  tests.productCardsTests.RatingMatchesReviewsTests.numberOfReviewsShouldMatch[Exp#2 [f1=1, f2=1, f3=2, f4=2, f5=2, f6=2, f7=2, f8=2]] ===
2025-12-29 18:08:40 INFO  === END   tests.productCardsTests.RatingMatchesReviewsTests.numberOfReviewsShouldMatch[Exp#2 [f1=1, f2=1, f3=2, f4=2, f5=2, f6=2, f7=2, f8=2]] ===
2025-12-29 18:08:40 INFO  === START tests.productCardsTests.RatingMatchesReviewsTests.reviewsShouldMatchRating[Exp#3 [f1=1, f2=1, f3=3, f4=3, f5=3, f6=3, f7=3, f8=3]] ===
2025-12-29 18:08:49 INFO  STEP: === CARD 1 ===
2025-12-29 18:08:49 INFO  STEP: Toggle Reviews
2025-12-29 18:08:50 INFO  STEP: Is reviwes window open?: true
2025-12-29 18:08:50 INFO  STEP: Number of reviews: 4
2025-12-29 18:08:50 INFO  STEP: stars:5
2025-12-29 18:08:50 INFO  STEP: stars:1
2025-12-29 18:08:50 INFO  STEP: stars:2
2025-12-29 18:08:50 INFO  STEP: stars:4
2025-12-29 18:08:50 INFO  STEP: sum of stars:12
2025-12-29 18:08:50 INFO  STEP: #1 Product rating: 3.7 ||| Actual rating:3.0
2025-12-29 18:08:50 INFO  STEP: === CARD 2 ===
2025-12-29 18:08:50 INFO  STEP: Toggle Reviews
2025-12-29 18:08:51 INFO  STEP: Is reviwes window open?: true
2025-12-29 18:08:51 INFO  STEP: Number of reviews: 4
2025-12-29 18:08:51 INFO  STEP: stars:5
2025-12-29 18:08:51 INFO  STEP: stars:1
2025-12-29 18:08:52 INFO  STEP: stars:2
2025-12-29 18:08:52 INFO  STEP: stars:4
2025-12-29 18:08:52 INFO  STEP: sum of stars:12
2025-12-29 18:08:52 INFO  STEP: #2 Product rating: 3.7 ||| Actual rating:3.0
2025-12-29 18:08:52 INFO  STEP: === CARD 3 ===
2025-12-29 18:08:52 INFO  STEP: Toggle Reviews
2025-12-29 18:08:53 INFO  STEP: Is reviwes window open?: true
2025-12-29 18:08:53 INFO  STEP: Number of reviews: 4
2025-12-29 18:08:53 INFO  STEP: stars:5
2025-12-29 18:08:53 INFO  STEP: stars:4
2025-12-29 18:08:53 INFO  STEP: stars:5
2025-12-29 18:08:53 INFO  STEP: stars:4
2025-12-29 18:08:53 INFO  STEP: sum of stars:18
2025-12-29 18:08:53 INFO  STEP: #3 Product rating: 3.2 ||| Actual rating:4.0
2025-12-29 18:08:53 INFO  STEP: === CARD 4 ===
2025-12-29 18:08:54 INFO  STEP: Toggle Reviews
2025-12-29 18:08:54 INFO  STEP: Is reviwes window open?: true
2025-12-29 18:08:54 INFO  STEP: Number of reviews: 4
2025-12-29 18:08:55 INFO  STEP: stars:5
2025-12-29 18:08:55 INFO  STEP: stars:5
2025-12-29 18:08:55 INFO  STEP: stars:2
2025-12-29 18:08:55 INFO  STEP: stars:2
2025-12-29 18:08:55 INFO  STEP: sum of stars:14
2025-12-29 18:08:55 INFO  STEP: #4 Product rating: 4.7 ||| Actual rating:3.0
2025-12-29 18:08:55 ERROR STEP FAIL: All reviews ratings should match the product rating
2025-12-29 18:08:56 ERROR === FAIL  tests.productCardsTests.RatingMatchesReviewsTests.reviewsShouldMatchRating[Exp#3 [f1=1, f2=1, f3=3, f4=3, f5=3, f6=3, f7=3, f8=3]] ===
java.lang.AssertionError: All reviews ratings should match the product rating
	at org.junit.Assert.fail(Assert.java:89) ~[junit-4.13.jar:4.13]
	at org.junit.Assert.assertTrue(Assert.java:42) ~[junit-4.13.jar:4.13]
	at tests.BaseTest.checkTrue(BaseTest.java:75) ~[test-classes/:?]
	at tests.productCardsTests.RatingMatchesReviewsTests.reviewsShouldMatchRating(RatingMatchesReviewsTests.java:61) ~[test-classes/:?]
	at jdk.internal.reflect.DirectMethodHandleAccessor.invoke(DirectMethodHandleAccessor.java:103) ~[?:?]
	at java.lang.reflect.Method.invoke(Method.java:580) ~[?:?]
	at org.junit.runners.model.FrameworkMethod$1.runReflectiveCall(FrameworkMethod.java:59) ~[junit-4.13.jar:4.13]
	at org.junit.internal.runners.model.ReflectiveCallable.run(ReflectiveCallable.java:12) ~[junit-4.13.jar:4.13]
	at org.junit.runners.model.FrameworkMethod.invokeExplosively(FrameworkMethod.java:56) ~[junit-4.13.jar:4.13]
	at org.junit.internal.runners.statements.InvokeMethod.evaluate(InvokeMethod.java:17) ~[junit-4.13.jar:4.13]
	at org.junit.internal.runners.statements.RunBefores.evaluate(RunBefores.java:26) ~[junit-4.13.jar:4.13]
	at org.junit.internal.runners.statements.RunAfters.evaluate(RunAfters.java:27) ~[junit-4.13.jar:4.13]
	at org.junit.rules.TestWatcher$1.evaluate(TestWatcher.java:61) [junit-4.13.jar:4.13]
	at org.junit.runners.ParentRunner$3.evaluate(ParentRunner.java:306) [junit-4.13.jar:4.13]
	at org.junit.runners.BlockJUnit4ClassRunner$1.evaluate(BlockJUnit4ClassRunner.java:100) [junit-4.13.jar:4.13]
	at org.junit.runners.ParentRunner.runLeaf(ParentRunner.java:366) [junit-4.13.jar:4.13]
	at org.junit.runners.BlockJUnit4ClassRunner.runChild(BlockJUnit4ClassRunner.java:103) [junit-4.13.jar:4.13]
	at org.junit.runners.BlockJUnit4ClassRunner.runChild(BlockJUnit4ClassRunner.java:63) [junit-4.13.jar:4.13]
	at org.junit.runners.ParentRunner$4.run(ParentRunner.java:331) [junit-4.13.jar:4.13]
	at org.junit.runners.ParentRunner$1.schedule(ParentRunner.java:79) [junit-4.13.jar:4.13]
	at org.junit.runners.ParentRunner.runChildren(ParentRunner.java:329) [junit-4.13.jar:4.13]
	at org.junit.runners.ParentRunner.access$100(ParentRunner.java:66) [junit-4.13.jar:4.13]
	at org.junit.runners.ParentRunner$2.evaluate(ParentRunner.java:293) [junit-4.13.jar:4.13]
	at org.junit.runners.ParentRunner.run(ParentRunner.java:413) [junit-4.13.jar:4.13]
	at org.junit.runners.Suite.runChild(Suite.java:128) [junit-4.13.jar:4.13]
	at org.junit.runners.Suite.runChild(Suite.java:27) [junit-4.13.jar:4.13]
	at org.junit.runners.ParentRunner$4.run(ParentRunner.java:331) [junit-4.13.jar:4.13]
	at org.junit.runners.ParentRunner$1.schedule(ParentRunner.java:79) [junit-4.13.jar:4.13]
	at org.junit.runners.ParentRunner.runChildren(ParentRunner.java:329) [junit-4.13.jar:4.13]
	at org.junit.runners.ParentRunner.access$100(ParentRunner.java:66) [junit-4.13.jar:4.13]
	at org.junit.runners.ParentRunner$2.evaluate(ParentRunner.java:293) [junit-4.13.jar:4.13]
	at org.junit.runners.ParentRunner$3.evaluate(ParentRunner.java:306) [junit-4.13.jar:4.13]
	at org.junit.runners.ParentRunner.run(ParentRunner.java:413) [junit-4.13.jar:4.13]
	at org.eclipse.jdt.internal.junit4.runner.JUnit4TestReference.run(JUnit4TestReference.java:93) [.cp/:?]
	at org.eclipse.jdt.internal.junit.runner.TestExecution.run(TestExecution.java:40) [.cp/:?]
	at org.eclipse.jdt.internal.junit.runner.RemoteTestRunner.runTests(RemoteTestRunner.java:530) [.cp/:?]
	at org.eclipse.jdt.internal.junit.runner.RemoteTestRunner.runTests(RemoteTestRunner.java:758) [.cp/:?]
	at org.eclipse.jdt.internal.junit.runner.RemoteTestRunner.run(RemoteTestRunner.java:453) [.cp/:?]
	at org.eclipse.jdt.internal.junit.runner.RemoteTestRunner.main(RemoteTestRunner.java:211) [.cp/:?]
2025-12-29 18:08:56 INFO  === END   tests.productCardsTests.RatingMatchesReviewsTests.reviewsShouldMatchRating[Exp#3 [f1=1, f2=1, f3=3, f4=3, f5=3, f6=3, f7=3, f8=3]] ===
2025-12-29 18:08:56 INFO  === START tests.productCardsTests.RatingMatchesReviewsTests.numberOfReviewsShouldMatch[Exp#3 [f1=1, f2=1, f3=3, f4=3, f5=3, f6=3, f7=3, f8=3]] ===
2025-12-29 18:09:07 INFO  STEP: === CARD 1 ===
2025-12-29 18:09:07 INFO  STEP: Toggle Reviews
2025-12-29 18:09:07 INFO  STEP: Is reviwes window open?: true
2025-12-29 18:09:08 INFO  STEP: #1 review_count:4 actual_count: 4
2025-12-29 18:09:08 INFO  STEP: === CARD 2 ===
2025-12-29 18:09:08 INFO  STEP: Toggle Reviews
2025-12-29 18:09:08 INFO  STEP: Is reviwes window open?: true
2025-12-29 18:09:09 INFO  STEP: #2 review_count:4 actual_count: 4
2025-12-29 18:09:09 INFO  STEP: === CARD 3 ===
2025-12-29 18:09:09 INFO  STEP: Toggle Reviews
2025-12-29 18:09:10 INFO  STEP: Is reviwes window open?: true
2025-12-29 18:09:10 INFO  STEP: #3 review_count:4 actual_count: 4
2025-12-29 18:09:10 INFO  STEP: === CARD 4 ===
2025-12-29 18:09:11 INFO  STEP: Toggle Reviews
2025-12-29 18:09:11 INFO  STEP: Is reviwes window open?: true
2025-12-29 18:09:12 INFO  STEP: #4 review_count:4 actual_count: 4
2025-12-29 18:09:12 INFO  STEP PASS: number of reviews should match review count
2025-12-29 18:09:12 INFO  === PASS  tests.productCardsTests.RatingMatchesReviewsTests.numberOfReviewsShouldMatch[Exp#3 [f1=1, f2=1, f3=3, f4=3, f5=3, f6=3, f7=3, f8=3]] ===
2025-12-29 18:09:12 INFO  === END   tests.productCardsTests.RatingMatchesReviewsTests.numberOfReviewsShouldMatch[Exp#3 [f1=1, f2=1, f3=3, f4=3, f5=3, f6=3, f7=3, f8=3]] ===
2025-12-29 18:09:12 INFO  === START tests.productCardsTests.RatingMatchesReviewsTests.reviewsShouldMatchRating[Exp#4 [f1=1, f2=2, f3=1, f4=1, f5=2, f6=2, f7=3, f8=3]] ===
2025-12-29 18:09:25 INFO  STEP: === CARD 1 ===
2025-12-29 18:09:25 INFO  STEP: Toggle Reviews
2025-12-29 18:09:26 INFO  STEP: Is reviwes window open?: true
2025-12-29 18:09:26 INFO  STEP: Number of reviews: 4
2025-12-29 18:09:26 INFO  STEP: stars:5
2025-12-29 18:09:27 INFO  STEP: stars:4
2025-12-29 18:09:27 INFO  STEP: stars:5
2025-12-29 18:09:27 INFO  STEP: stars:3
2025-12-29 18:09:27 INFO  STEP: sum of stars:17
2025-12-29 18:09:27 INFO  STEP: #1 Product rating: 3.0 ||| Actual rating:4.0
2025-12-29 18:09:27 INFO  STEP: === CARD 2 ===
2025-12-29 18:09:27 INFO  STEP: Toggle Reviews
2025-12-29 18:09:28 INFO  STEP: Is reviwes window open?: true
2025-12-29 18:09:28 INFO  STEP: Number of reviews: 4
2025-12-29 18:09:29 INFO  STEP: stars:5
2025-12-29 18:09:29 INFO  STEP: stars:4
2025-12-29 18:09:29 INFO  STEP: stars:5
2025-12-29 18:09:29 INFO  STEP: stars:2
2025-12-29 18:09:29 INFO  STEP: sum of stars:16
2025-12-29 18:09:29 INFO  STEP: #2 Product rating: 4.5 ||| Actual rating:4.0
2025-12-29 18:09:29 INFO  STEP: === CARD 3 ===
2025-12-29 18:09:30 INFO  STEP: Toggle Reviews
2025-12-29 18:09:31 INFO  STEP: Is reviwes window open?: true
2025-12-29 18:09:31 INFO  STEP: Number of reviews: 4
2025-12-29 18:09:31 INFO  STEP: stars:5
2025-12-29 18:09:31 INFO  STEP: stars:5
2025-12-29 18:09:31 INFO  STEP: stars:1
2025-12-29 18:09:32 INFO  STEP: stars:5
2025-12-29 18:09:32 INFO  STEP: sum of stars:16
2025-12-29 18:09:32 INFO  STEP: #3 Product rating: 4.7 ||| Actual rating:4.0
2025-12-29 18:09:32 INFO  STEP: === CARD 4 ===
2025-12-29 18:09:32 INFO  STEP: Toggle Reviews
2025-12-29 18:09:33 INFO  STEP: Is reviwes window open?: true
2025-12-29 18:09:33 INFO  STEP: Number of reviews: 4
2025-12-29 18:09:33 INFO  STEP: stars:5
2025-12-29 18:09:33 INFO  STEP: stars:5
2025-12-29 18:09:34 INFO  STEP: stars:3
2025-12-29 18:09:34 INFO  STEP: stars:5
2025-12-29 18:09:34 INFO  STEP: sum of stars:18
2025-12-29 18:09:34 INFO  STEP: #4 Product rating: 3.5 ||| Actual rating:4.0
2025-12-29 18:09:34 INFO  STEP: === CARD 5 ===
2025-12-29 18:09:34 INFO  STEP: Toggle Reviews
2025-12-29 18:09:35 INFO  STEP: Is reviwes window open?: true
2025-12-29 18:09:35 INFO  STEP: Number of reviews: 4
2025-12-29 18:09:35 INFO  STEP: stars:5
2025-12-29 18:09:35 INFO  STEP: stars:1
2025-12-29 18:09:36 INFO  STEP: stars:2
2025-12-29 18:09:36 INFO  STEP: stars:3
2025-12-29 18:09:36 INFO  STEP: sum of stars:11
2025-12-29 18:09:36 INFO  STEP: #5 Product rating: 3.2 ||| Actual rating:2.0
2025-12-29 18:09:36 ERROR STEP FAIL: All reviews ratings should match the product rating
2025-12-29 18:09:36 ERROR === FAIL  tests.productCardsTests.RatingMatchesReviewsTests.reviewsShouldMatchRating[Exp#4 [f1=1, f2=2, f3=1, f4=1, f5=2, f6=2, f7=3, f8=3]] ===
java.lang.AssertionError: All reviews ratings should match the product rating
	at org.junit.Assert.fail(Assert.java:89) ~[junit-4.13.jar:4.13]
	at org.junit.Assert.assertTrue(Assert.java:42) ~[junit-4.13.jar:4.13]
	at tests.BaseTest.checkTrue(BaseTest.java:75) ~[test-classes/:?]
	at tests.productCardsTests.RatingMatchesReviewsTests.reviewsShouldMatchRating(RatingMatchesReviewsTests.java:61) ~[test-classes/:?]
	at jdk.internal.reflect.DirectMethodHandleAccessor.invoke(DirectMethodHandleAccessor.java:103) ~[?:?]
	at java.lang.reflect.Method.invoke(Method.java:580) ~[?:?]
	at org.junit.runners.model.FrameworkMethod$1.runReflectiveCall(FrameworkMethod.java:59) ~[junit-4.13.jar:4.13]
	at org.junit.internal.runners.model.ReflectiveCallable.run(ReflectiveCallable.java:12) ~[junit-4.13.jar:4.13]
	at org.junit.runners.model.FrameworkMethod.invokeExplosively(FrameworkMethod.java:56) ~[junit-4.13.jar:4.13]
	at org.junit.internal.runners.statements.InvokeMethod.evaluate(InvokeMethod.java:17) ~[junit-4.13.jar:4.13]
	at org.junit.internal.runners.statements.RunBefores.evaluate(RunBefores.java:26) ~[junit-4.13.jar:4.13]
	at org.junit.internal.runners.statements.RunAfters.evaluate(RunAfters.java:27) ~[junit-4.13.jar:4.13]
	at org.junit.rules.TestWatcher$1.evaluate(TestWatcher.java:61) [junit-4.13.jar:4.13]
	at org.junit.runners.ParentRunner$3.evaluate(ParentRunner.java:306) [junit-4.13.jar:4.13]
	at org.junit.runners.BlockJUnit4ClassRunner$1.evaluate(BlockJUnit4ClassRunner.java:100) [junit-4.13.jar:4.13]
	at org.junit.runners.ParentRunner.runLeaf(ParentRunner.java:366) [junit-4.13.jar:4.13]
	at org.junit.runners.BlockJUnit4ClassRunner.runChild(BlockJUnit4ClassRunner.java:103) [junit-4.13.jar:4.13]
	at org.junit.runners.BlockJUnit4ClassRunner.runChild(BlockJUnit4ClassRunner.java:63) [junit-4.13.jar:4.13]
	at org.junit.runners.ParentRunner$4.run(ParentRunner.java:331) [junit-4.13.jar:4.13]
	at org.junit.runners.ParentRunner$1.schedule(ParentRunner.java:79) [junit-4.13.jar:4.13]
	at org.junit.runners.ParentRunner.runChildren(ParentRunner.java:329) [junit-4.13.jar:4.13]
	at org.junit.runners.ParentRunner.access$100(ParentRunner.java:66) [junit-4.13.jar:4.13]
	at org.junit.runners.ParentRunner$2.evaluate(ParentRunner.java:293) [junit-4.13.jar:4.13]
	at org.junit.runners.ParentRunner.run(ParentRunner.java:413) [junit-4.13.jar:4.13]
	at org.junit.runners.Suite.runChild(Suite.java:128) [junit-4.13.jar:4.13]
	at org.junit.runners.Suite.runChild(Suite.java:27) [junit-4.13.jar:4.13]
	at org.junit.runners.ParentRunner$4.run(ParentRunner.java:331) [junit-4.13.jar:4.13]
	at org.junit.runners.ParentRunner$1.schedule(ParentRunner.java:79) [junit-4.13.jar:4.13]
	at org.junit.runners.ParentRunner.runChildren(ParentRunner.java:329) [junit-4.13.jar:4.13]
	at org.junit.runners.ParentRunner.access$100(ParentRunner.java:66) [junit-4.13.jar:4.13]
	at org.junit.runners.ParentRunner$2.evaluate(ParentRunner.java:293) [junit-4.13.jar:4.13]
	at org.junit.runners.ParentRunner$3.evaluate(ParentRunner.java:306) [junit-4.13.jar:4.13]
	at org.junit.runners.ParentRunner.run(ParentRunner.java:413) [junit-4.13.jar:4.13]
	at org.eclipse.jdt.internal.junit4.runner.JUnit4TestReference.run(JUnit4TestReference.java:93) [.cp/:?]
	at org.eclipse.jdt.internal.junit.runner.TestExecution.run(TestExecution.java:40) [.cp/:?]
	at org.eclipse.jdt.internal.junit.runner.RemoteTestRunner.runTests(RemoteTestRunner.java:530) [.cp/:?]
	at org.eclipse.jdt.internal.junit.runner.RemoteTestRunner.runTests(RemoteTestRunner.java:758) [.cp/:?]
	at org.eclipse.jdt.internal.junit.runner.RemoteTestRunner.run(RemoteTestRunner.java:453) [.cp/:?]
	at org.eclipse.jdt.internal.junit.runner.RemoteTestRunner.main(RemoteTestRunner.java:211) [.cp/:?]
2025-12-29 18:09:36 INFO  === END   tests.productCardsTests.RatingMatchesReviewsTests.reviewsShouldMatchRating[Exp#4 [f1=1, f2=2, f3=1, f4=1, f5=2, f6=2, f7=3, f8=3]] ===
2025-12-29 18:09:36 INFO  === START tests.productCardsTests.RatingMatchesReviewsTests.numberOfReviewsShouldMatch[Exp#4 [f1=1, f2=2, f3=1, f4=1, f5=2, f6=2, f7=3, f8=3]] ===
2025-12-29 18:09:48 INFO  STEP: === CARD 1 ===
2025-12-29 18:09:48 INFO  STEP: Toggle Reviews
2025-12-29 18:09:48 INFO  STEP: Is reviwes window open?: true
2025-12-29 18:09:50 INFO  STEP: #1 review_count:4 actual_count: 4
2025-12-29 18:09:50 INFO  STEP: === CARD 2 ===
2025-12-29 18:09:50 INFO  STEP: Toggle Reviews
2025-12-29 18:09:50 INFO  STEP: Is reviwes window open?: true
2025-12-29 18:09:52 INFO  STEP: #2 review_count:4 actual_count: 4
2025-12-29 18:09:52 INFO  STEP: === CARD 3 ===
2025-12-29 18:09:52 INFO  STEP: Toggle Reviews
2025-12-29 18:09:52 INFO  STEP: Is reviwes window open?: true
2025-12-29 18:09:53 INFO  STEP: #3 review_count:4 actual_count: 4
2025-12-29 18:09:53 INFO  STEP: === CARD 4 ===
2025-12-29 18:09:54 INFO  STEP: Toggle Reviews
2025-12-29 18:09:54 INFO  STEP: Is reviwes window open?: true
2025-12-29 18:09:55 INFO  STEP: #4 review_count:4 actual_count: 4
2025-12-29 18:09:55 INFO  STEP: === CARD 5 ===
2025-12-29 18:09:55 INFO  STEP: Toggle Reviews
2025-12-29 18:09:56 INFO  STEP: Is reviwes window open?: true
2025-12-29 18:09:57 INFO  STEP: #5 review_count:4 actual_count: 4
2025-12-29 18:09:57 INFO  STEP PASS: number of reviews should match review count
2025-12-29 18:09:57 INFO  === PASS  tests.productCardsTests.RatingMatchesReviewsTests.numberOfReviewsShouldMatch[Exp#4 [f1=1, f2=2, f3=1, f4=1, f5=2, f6=2, f7=3, f8=3]] ===
2025-12-29 18:09:57 INFO  === END   tests.productCardsTests.RatingMatchesReviewsTests.numberOfReviewsShouldMatch[Exp#4 [f1=1, f2=2, f3=1, f4=1, f5=2, f6=2, f7=3, f8=3]] ===
2025-12-29 18:09:57 INFO  === START tests.productCardsTests.RatingMatchesReviewsTests.reviewsShouldMatchRating[Exp#5 [f1=1, f2=2, f3=2, f4=2, f5=3, f6=3, f7=1, f8=1]] ===
2025-12-29 18:10:10 INFO  STEP: === CARD 1 ===
2025-12-29 18:10:10 INFO  STEP: Toggle Reviews
2025-12-29 18:10:11 INFO  STEP: Is reviwes window open?: true
2025-12-29 18:10:11 INFO  STEP: Number of reviews: 4
2025-12-29 18:10:11 INFO  STEP: stars:5
2025-12-29 18:10:11 INFO  STEP: stars:3
2025-12-29 18:10:12 INFO  STEP: stars:5
2025-12-29 18:10:12 INFO  STEP: stars:1
2025-12-29 18:10:12 INFO  STEP: sum of stars:14
2025-12-29 18:10:12 INFO  STEP: #1 Product rating: 4.5 ||| Actual rating:3.0
2025-12-29 18:10:12 INFO  STEP: === CARD 2 ===
2025-12-29 18:10:12 INFO  STEP: Toggle Reviews
2025-12-29 18:10:13 INFO  STEP: Is reviwes window open?: true
2025-12-29 18:10:13 INFO  STEP: Number of reviews: 4
2025-12-29 18:10:13 INFO  STEP: stars:5
2025-12-29 18:10:14 INFO  STEP: stars:5
2025-12-29 18:10:14 INFO  STEP: stars:5
2025-12-29 18:10:14 INFO  STEP: stars:4
2025-12-29 18:10:14 INFO  STEP: sum of stars:19
2025-12-29 18:10:14 INFO  STEP: #2 Product rating: 3.3 ||| Actual rating:4.0
2025-12-29 18:10:14 INFO  STEP: === CARD 3 ===
2025-12-29 18:10:14 INFO  STEP: Toggle Reviews
2025-12-29 18:10:15 INFO  STEP: Is reviwes window open?: true
2025-12-29 18:10:15 INFO  STEP: Number of reviews: 4
2025-12-29 18:10:15 INFO  STEP: stars:5
2025-12-29 18:10:16 INFO  STEP: stars:3
2025-12-29 18:10:16 INFO  STEP: stars:1
2025-12-29 18:10:16 INFO  STEP: stars:5
2025-12-29 18:10:16 INFO  STEP: sum of stars:14
2025-12-29 18:10:16 INFO  STEP: #3 Product rating: 3.9 ||| Actual rating:3.0
2025-12-29 18:10:16 INFO  STEP: === CARD 4 ===
2025-12-29 18:10:16 INFO  STEP: Toggle Reviews
2025-12-29 18:10:17 INFO  STEP: Is reviwes window open?: true
2025-12-29 18:10:17 INFO  STEP: Number of reviews: 4
2025-12-29 18:10:18 INFO  STEP: stars:5
2025-12-29 18:10:18 INFO  STEP: stars:4
2025-12-29 18:10:18 INFO  STEP: stars:4
2025-12-29 18:10:18 INFO  STEP: stars:5
2025-12-29 18:10:18 INFO  STEP: sum of stars:18
2025-12-29 18:10:18 INFO  STEP: #4 Product rating: 4.0 ||| Actual rating:4.0
2025-12-29 18:10:18 INFO  STEP: === CARD 5 ===
2025-12-29 18:10:18 INFO  STEP: Toggle Reviews
2025-12-29 18:10:20 INFO  STEP: Is reviwes window open?: true
2025-12-29 18:10:20 INFO  STEP: Number of reviews: 4
2025-12-29 18:10:20 INFO  STEP: stars:5
2025-12-29 18:10:20 INFO  STEP: stars:5
2025-12-29 18:10:20 INFO  STEP: stars:5
2025-12-29 18:10:21 INFO  STEP: stars:5
2025-12-29 18:10:21 INFO  STEP: sum of stars:20
2025-12-29 18:10:21 INFO  STEP: #5 Product rating: 4.6 ||| Actual rating:5.0
2025-12-29 18:10:21 ERROR STEP FAIL: All reviews ratings should match the product rating
2025-12-29 18:10:22 ERROR === FAIL  tests.productCardsTests.RatingMatchesReviewsTests.reviewsShouldMatchRating[Exp#5 [f1=1, f2=2, f3=2, f4=2, f5=3, f6=3, f7=1, f8=1]] ===
java.lang.AssertionError: All reviews ratings should match the product rating
	at org.junit.Assert.fail(Assert.java:89) ~[junit-4.13.jar:4.13]
	at org.junit.Assert.assertTrue(Assert.java:42) ~[junit-4.13.jar:4.13]
	at tests.BaseTest.checkTrue(BaseTest.java:75) ~[test-classes/:?]
	at tests.productCardsTests.RatingMatchesReviewsTests.reviewsShouldMatchRating(RatingMatchesReviewsTests.java:61) ~[test-classes/:?]
	at jdk.internal.reflect.DirectMethodHandleAccessor.invoke(DirectMethodHandleAccessor.java:103) ~[?:?]
	at java.lang.reflect.Method.invoke(Method.java:580) ~[?:?]
	at org.junit.runners.model.FrameworkMethod$1.runReflectiveCall(FrameworkMethod.java:59) ~[junit-4.13.jar:4.13]
	at org.junit.internal.runners.model.ReflectiveCallable.run(ReflectiveCallable.java:12) ~[junit-4.13.jar:4.13]
	at org.junit.runners.model.FrameworkMethod.invokeExplosively(FrameworkMethod.java:56) ~[junit-4.13.jar:4.13]
	at org.junit.internal.runners.statements.InvokeMethod.evaluate(InvokeMethod.java:17) ~[junit-4.13.jar:4.13]
	at org.junit.internal.runners.statements.RunBefores.evaluate(RunBefores.java:26) ~[junit-4.13.jar:4.13]
	at org.junit.internal.runners.statements.RunAfters.evaluate(RunAfters.java:27) ~[junit-4.13.jar:4.13]
	at org.junit.rules.TestWatcher$1.evaluate(TestWatcher.java:61) [junit-4.13.jar:4.13]
	at org.junit.runners.ParentRunner$3.evaluate(ParentRunner.java:306) [junit-4.13.jar:4.13]
	at org.junit.runners.BlockJUnit4ClassRunner$1.evaluate(BlockJUnit4ClassRunner.java:100) [junit-4.13.jar:4.13]
	at org.junit.runners.ParentRunner.runLeaf(ParentRunner.java:366) [junit-4.13.jar:4.13]
	at org.junit.runners.BlockJUnit4ClassRunner.runChild(BlockJUnit4ClassRunner.java:103) [junit-4.13.jar:4.13]
	at org.junit.runners.BlockJUnit4ClassRunner.runChild(BlockJUnit4ClassRunner.java:63) [junit-4.13.jar:4.13]
	at org.junit.runners.ParentRunner$4.run(ParentRunner.java:331) [junit-4.13.jar:4.13]
	at org.junit.runners.ParentRunner$1.schedule(ParentRunner.java:79) [junit-4.13.jar:4.13]
	at org.junit.runners.ParentRunner.runChildren(ParentRunner.java:329) [junit-4.13.jar:4.13]
	at org.junit.runners.ParentRunner.access$100(ParentRunner.java:66) [junit-4.13.jar:4.13]
	at org.junit.runners.ParentRunner$2.evaluate(ParentRunner.java:293) [junit-4.13.jar:4.13]
	at org.junit.runners.ParentRunner.run(ParentRunner.java:413) [junit-4.13.jar:4.13]
	at org.junit.runners.Suite.runChild(Suite.java:128) [junit-4.13.jar:4.13]
	at org.junit.runners.Suite.runChild(Suite.java:27) [junit-4.13.jar:4.13]
	at org.junit.runners.ParentRunner$4.run(ParentRunner.java:331) [junit-4.13.jar:4.13]
	at org.junit.runners.ParentRunner$1.schedule(ParentRunner.java:79) [junit-4.13.jar:4.13]
	at org.junit.runners.ParentRunner.runChildren(ParentRunner.java:329) [junit-4.13.jar:4.13]
	at org.junit.runners.ParentRunner.access$100(ParentRunner.java:66) [junit-4.13.jar:4.13]
	at org.junit.runners.ParentRunner$2.evaluate(ParentRunner.java:293) [junit-4.13.jar:4.13]
	at org.junit.runners.ParentRunner$3.evaluate(ParentRunner.java:306) [junit-4.13.jar:4.13]
	at org.junit.runners.ParentRunner.run(ParentRunner.java:413) [junit-4.13.jar:4.13]
	at org.eclipse.jdt.internal.junit4.runner.JUnit4TestReference.run(JUnit4TestReference.java:93) [.cp/:?]
	at org.eclipse.jdt.internal.junit.runner.TestExecution.run(TestExecution.java:40) [.cp/:?]
	at org.eclipse.jdt.internal.junit.runner.RemoteTestRunner.runTests(RemoteTestRunner.java:530) [.cp/:?]
	at org.eclipse.jdt.internal.junit.runner.RemoteTestRunner.runTests(RemoteTestRunner.java:758) [.cp/:?]
	at org.eclipse.jdt.internal.junit.runner.RemoteTestRunner.run(RemoteTestRunner.java:453) [.cp/:?]
	at org.eclipse.jdt.internal.junit.runner.RemoteTestRunner.main(RemoteTestRunner.java:211) [.cp/:?]
2025-12-29 18:10:22 INFO  === END   tests.productCardsTests.RatingMatchesReviewsTests.reviewsShouldMatchRating[Exp#5 [f1=1, f2=2, f3=2, f4=2, f5=3, f6=3, f7=1, f8=1]] ===
2025-12-29 18:10:22 INFO  === START tests.productCardsTests.RatingMatchesReviewsTests.numberOfReviewsShouldMatch[Exp#5 [f1=1, f2=2, f3=2, f4=2, f5=3, f6=3, f7=1, f8=1]] ===
2025-12-29 18:10:34 INFO  STEP: === CARD 1 ===
2025-12-29 18:10:34 INFO  STEP: Toggle Reviews
2025-12-29 18:10:35 INFO  STEP: Is reviwes window open?: true
2025-12-29 18:10:36 INFO  STEP: #1 review_count:4 actual_count: 4
2025-12-29 18:10:36 INFO  STEP: === CARD 2 ===
2025-12-29 18:10:36 INFO  STEP: Toggle Reviews
2025-12-29 18:10:37 INFO  STEP: Is reviwes window open?: true
2025-12-29 18:10:38 INFO  STEP: #2 review_count:4 actual_count: 4
2025-12-29 18:10:38 INFO  STEP: === CARD 3 ===
2025-12-29 18:10:38 INFO  STEP: Toggle Reviews
2025-12-29 18:10:39 INFO  STEP: Is reviwes window open?: true
2025-12-29 18:10:40 INFO  STEP: #3 review_count:4 actual_count: 4
2025-12-29 18:10:40 INFO  STEP: === CARD 4 ===
2025-12-29 18:10:40 INFO  STEP: Toggle Reviews
2025-12-29 18:10:41 INFO  STEP: Is reviwes window open?: true
2025-12-29 18:10:42 INFO  STEP: #4 review_count:4 actual_count: 4
2025-12-29 18:10:42 INFO  STEP: === CARD 5 ===
2025-12-29 18:10:42 INFO  STEP: Toggle Reviews
2025-12-29 18:10:43 INFO  STEP: Is reviwes window open?: true
2025-12-29 18:10:44 INFO  STEP: #5 review_count:4 actual_count: 4
2025-12-29 18:10:44 INFO  STEP PASS: number of reviews should match review count
2025-12-29 18:10:44 INFO  === PASS  tests.productCardsTests.RatingMatchesReviewsTests.numberOfReviewsShouldMatch[Exp#5 [f1=1, f2=2, f3=2, f4=2, f5=3, f6=3, f7=1, f8=1]] ===
2025-12-29 18:10:44 INFO  === END   tests.productCardsTests.RatingMatchesReviewsTests.numberOfReviewsShouldMatch[Exp#5 [f1=1, f2=2, f3=2, f4=2, f5=3, f6=3, f7=1, f8=1]] ===
2025-12-29 18:10:44 INFO  === START tests.productCardsTests.RatingMatchesReviewsTests.reviewsShouldMatchRating[Exp#6 [f1=1, f2=2, f3=3, f4=3, f5=1, f6=1, f7=2, f8=2]] ===
2025-12-29 18:10:57 INFO  STEP: === CARD 1 ===
2025-12-29 18:10:57 INFO  STEP: Toggle Reviews
2025-12-29 18:10:58 INFO  STEP: Is reviwes window open?: true
2025-12-29 18:10:58 INFO  STEP: Number of reviews: 4
2025-12-29 18:10:58 INFO  STEP: stars:5
2025-12-29 18:10:58 INFO  STEP: stars:5
2025-12-29 18:10:59 INFO  STEP: stars:4
2025-12-29 18:10:59 INFO  STEP: stars:1
2025-12-29 18:10:59 INFO  STEP: sum of stars:15
2025-12-29 18:10:59 INFO  STEP: #1 Product rating: 2.6 ||| Actual rating:3.0
2025-12-29 18:10:59 INFO  STEP: === CARD 2 ===
2025-12-29 18:10:59 INFO  STEP: Toggle Reviews
2025-12-29 18:11:00 INFO  STEP: Is reviwes window open?: true
2025-12-29 18:11:00 INFO  STEP: Number of reviews: 4
2025-12-29 18:11:00 INFO  STEP: stars:5
2025-12-29 18:11:01 INFO  STEP: stars:5
2025-12-29 18:11:01 INFO  STEP: stars:2
2025-12-29 18:11:01 INFO  STEP: stars:4
2025-12-29 18:11:01 INFO  STEP: sum of stars:16
2025-12-29 18:11:01 INFO  STEP: #2 Product rating: 4.7 ||| Actual rating:4.0
2025-12-29 18:11:01 INFO  STEP: === CARD 3 ===
2025-12-29 18:11:01 INFO  STEP: Toggle Reviews
2025-12-29 18:11:02 INFO  STEP: Is reviwes window open?: true
2025-12-29 18:11:02 INFO  STEP: Number of reviews: 4
2025-12-29 18:11:02 INFO  STEP: stars:5
2025-12-29 18:11:03 INFO  STEP: stars:4
2025-12-29 18:11:03 INFO  STEP: stars:4
2025-12-29 18:11:03 INFO  STEP: stars:4
2025-12-29 18:11:03 INFO  STEP: sum of stars:17
2025-12-29 18:11:03 INFO  STEP: #3 Product rating: 4.9 ||| Actual rating:4.0
2025-12-29 18:11:03 INFO  STEP: === CARD 4 ===
2025-12-29 18:11:03 INFO  STEP: Toggle Reviews
2025-12-29 18:11:04 INFO  STEP: Is reviwes window open?: true
2025-12-29 18:11:04 INFO  STEP: Number of reviews: 4
2025-12-29 18:11:05 INFO  STEP: stars:5
2025-12-29 18:11:05 INFO  STEP: stars:1
2025-12-29 18:11:05 INFO  STEP: stars:4
2025-12-29 18:11:05 INFO  STEP: stars:3
2025-12-29 18:11:05 INFO  STEP: sum of stars:13
2025-12-29 18:11:05 INFO  STEP: #4 Product rating: 4.0 ||| Actual rating:3.0
2025-12-29 18:11:05 INFO  STEP: === CARD 5 ===
2025-12-29 18:11:05 INFO  STEP: Toggle Reviews
2025-12-29 18:11:06 INFO  STEP: Is reviwes window open?: true
2025-12-29 18:11:06 INFO  STEP: Number of reviews: 4
2025-12-29 18:11:07 INFO  STEP: stars:5
2025-12-29 18:11:07 INFO  STEP: stars:4
2025-12-29 18:11:07 INFO  STEP: stars:5
2025-12-29 18:11:08 INFO  STEP: stars:1
2025-12-29 18:11:08 INFO  STEP: sum of stars:15
2025-12-29 18:11:08 INFO  STEP: #5 Product rating: 4.6 ||| Actual rating:3.0
2025-12-29 18:11:08 ERROR STEP FAIL: All reviews ratings should match the product rating
2025-12-29 18:11:08 ERROR === FAIL  tests.productCardsTests.RatingMatchesReviewsTests.reviewsShouldMatchRating[Exp#6 [f1=1, f2=2, f3=3, f4=3, f5=1, f6=1, f7=2, f8=2]] ===
java.lang.AssertionError: All reviews ratings should match the product rating
	at org.junit.Assert.fail(Assert.java:89) ~[junit-4.13.jar:4.13]
	at org.junit.Assert.assertTrue(Assert.java:42) ~[junit-4.13.jar:4.13]
	at tests.BaseTest.checkTrue(BaseTest.java:75) ~[test-classes/:?]
	at tests.productCardsTests.RatingMatchesReviewsTests.reviewsShouldMatchRating(RatingMatchesReviewsTests.java:61) ~[test-classes/:?]
	at jdk.internal.reflect.DirectMethodHandleAccessor.invoke(DirectMethodHandleAccessor.java:103) ~[?:?]
	at java.lang.reflect.Method.invoke(Method.java:580) ~[?:?]
	at org.junit.runners.model.FrameworkMethod$1.runReflectiveCall(FrameworkMethod.java:59) ~[junit-4.13.jar:4.13]
	at org.junit.internal.runners.model.ReflectiveCallable.run(ReflectiveCallable.java:12) ~[junit-4.13.jar:4.13]
	at org.junit.runners.model.FrameworkMethod.invokeExplosively(FrameworkMethod.java:56) ~[junit-4.13.jar:4.13]
	at org.junit.internal.runners.statements.InvokeMethod.evaluate(InvokeMethod.java:17) ~[junit-4.13.jar:4.13]
	at org.junit.internal.runners.statements.RunBefores.evaluate(RunBefores.java:26) ~[junit-4.13.jar:4.13]
	at org.junit.internal.runners.statements.RunAfters.evaluate(RunAfters.java:27) ~[junit-4.13.jar:4.13]
	at org.junit.rules.TestWatcher$1.evaluate(TestWatcher.java:61) [junit-4.13.jar:4.13]
	at org.junit.runners.ParentRunner$3.evaluate(ParentRunner.java:306) [junit-4.13.jar:4.13]
	at org.junit.runners.BlockJUnit4ClassRunner$1.evaluate(BlockJUnit4ClassRunner.java:100) [junit-4.13.jar:4.13]
	at org.junit.runners.ParentRunner.runLeaf(ParentRunner.java:366) [junit-4.13.jar:4.13]
	at org.junit.runners.BlockJUnit4ClassRunner.runChild(BlockJUnit4ClassRunner.java:103) [junit-4.13.jar:4.13]
	at org.junit.runners.BlockJUnit4ClassRunner.runChild(BlockJUnit4ClassRunner.java:63) [junit-4.13.jar:4.13]
	at org.junit.runners.ParentRunner$4.run(ParentRunner.java:331) [junit-4.13.jar:4.13]
	at org.junit.runners.ParentRunner$1.schedule(ParentRunner.java:79) [junit-4.13.jar:4.13]
	at org.junit.runners.ParentRunner.runChildren(ParentRunner.java:329) [junit-4.13.jar:4.13]
	at org.junit.runners.ParentRunner.access$100(ParentRunner.java:66) [junit-4.13.jar:4.13]
	at org.junit.runners.ParentRunner$2.evaluate(ParentRunner.java:293) [junit-4.13.jar:4.13]
	at org.junit.runners.ParentRunner.run(ParentRunner.java:413) [junit-4.13.jar:4.13]
	at org.junit.runners.Suite.runChild(Suite.java:128) [junit-4.13.jar:4.13]
	at org.junit.runners.Suite.runChild(Suite.java:27) [junit-4.13.jar:4.13]
	at org.junit.runners.ParentRunner$4.run(ParentRunner.java:331) [junit-4.13.jar:4.13]
	at org.junit.runners.ParentRunner$1.schedule(ParentRunner.java:79) [junit-4.13.jar:4.13]
	at org.junit.runners.ParentRunner.runChildren(ParentRunner.java:329) [junit-4.13.jar:4.13]
	at org.junit.runners.ParentRunner.access$100(ParentRunner.java:66) [junit-4.13.jar:4.13]
	at org.junit.runners.ParentRunner$2.evaluate(ParentRunner.java:293) [junit-4.13.jar:4.13]
	at org.junit.runners.ParentRunner$3.evaluate(ParentRunner.java:306) [junit-4.13.jar:4.13]
	at org.junit.runners.ParentRunner.run(ParentRunner.java:413) [junit-4.13.jar:4.13]
	at org.eclipse.jdt.internal.junit4.runner.JUnit4TestReference.run(JUnit4TestReference.java:93) [.cp/:?]
	at org.eclipse.jdt.internal.junit.runner.TestExecution.run(TestExecution.java:40) [.cp/:?]
	at org.eclipse.jdt.internal.junit.runner.RemoteTestRunner.runTests(RemoteTestRunner.java:530) [.cp/:?]
	at org.eclipse.jdt.internal.junit.runner.RemoteTestRunner.runTests(RemoteTestRunner.java:758) [.cp/:?]
	at org.eclipse.jdt.internal.junit.runner.RemoteTestRunner.run(RemoteTestRunner.java:453) [.cp/:?]
	at org.eclipse.jdt.internal.junit.runner.RemoteTestRunner.main(RemoteTestRunner.java:211) [.cp/:?]
2025-12-29 18:11:08 INFO  === END   tests.productCardsTests.RatingMatchesReviewsTests.reviewsShouldMatchRating[Exp#6 [f1=1, f2=2, f3=3, f4=3, f5=1, f6=1, f7=2, f8=2]] ===
2025-12-29 18:11:08 INFO  === START tests.productCardsTests.RatingMatchesReviewsTests.numberOfReviewsShouldMatch[Exp#6 [f1=1, f2=2, f3=3, f4=3, f5=1, f6=1, f7=2, f8=2]] ===
2025-12-29 18:11:17 INFO  STEP: === CARD 1 ===
2025-12-29 18:11:17 INFO  STEP: Toggle Reviews
2025-12-29 18:11:17 INFO  STEP: Is reviwes window open?: true
2025-12-29 18:11:18 INFO  STEP: #1 review_count:4 actual_count: 4
2025-12-29 18:11:18 INFO  STEP: === CARD 2 ===
2025-12-29 18:11:18 INFO  STEP: Toggle Reviews
2025-12-29 18:11:18 INFO  STEP: Is reviwes window open?: true
2025-12-29 18:11:19 INFO  STEP: #2 review_count:4 actual_count: 4
2025-12-29 18:11:19 INFO  STEP: === CARD 3 ===
2025-12-29 18:11:19 INFO  STEP: Toggle Reviews
2025-12-29 18:11:19 INFO  STEP: Is reviwes window open?: true
2025-12-29 18:11:20 INFO  STEP: #3 review_count:4 actual_count: 4
2025-12-29 18:11:20 INFO  STEP: === CARD 4 ===
2025-12-29 18:11:20 INFO  STEP: Toggle Reviews
2025-12-29 18:11:20 INFO  STEP: Is reviwes window open?: true
2025-12-29 18:11:21 INFO  STEP: #4 review_count:4 actual_count: 4
2025-12-29 18:11:21 INFO  STEP: === CARD 5 ===
2025-12-29 18:11:21 INFO  STEP: Toggle Reviews
2025-12-29 18:11:22 INFO  STEP: Is reviwes window open?: true
2025-12-29 18:11:22 INFO  STEP: #5 review_count:4 actual_count: 4
2025-12-29 18:11:22 INFO  STEP PASS: number of reviews should match review count
2025-12-29 18:11:23 INFO  === PASS  tests.productCardsTests.RatingMatchesReviewsTests.numberOfReviewsShouldMatch[Exp#6 [f1=1, f2=2, f3=3, f4=3, f5=1, f6=1, f7=2, f8=2]] ===
2025-12-29 18:11:23 INFO  === END   tests.productCardsTests.RatingMatchesReviewsTests.numberOfReviewsShouldMatch[Exp#6 [f1=1, f2=2, f3=3, f4=3, f5=1, f6=1, f7=2, f8=2]] ===
2025-12-29 18:11:23 INFO  === START tests.productCardsTests.RatingMatchesReviewsTests.reviewsShouldMatchRating[Exp#7 [f1=1, f2=3, f3=1, f4=2, f5=1, f6=3, f7=2, f8=3]] ===
2025-12-29 18:11:32 INFO  STEP: === CARD 1 ===
2025-12-29 18:11:32 INFO  STEP: Toggle Reviews
2025-12-29 18:11:33 INFO  STEP: Is reviwes window open?: true
2025-12-29 18:11:33 INFO  STEP: Number of reviews: 4
2025-12-29 18:11:33 INFO  STEP: stars:5
2025-12-29 18:11:33 INFO  STEP: stars:5
2025-12-29 18:11:33 INFO  STEP: stars:4
2025-12-29 18:11:33 INFO  STEP: stars:1
2025-12-29 18:11:33 INFO  STEP: sum of stars:15
2025-12-29 18:11:33 INFO  STEP: #1 Product rating: 2.6 ||| Actual rating:3.0
2025-12-29 18:11:33 INFO  STEP: === CARD 2 ===
2025-12-29 18:11:34 INFO  STEP: Toggle Reviews
2025-12-29 18:11:34 INFO  STEP: Is reviwes window open?: true
2025-12-29 18:11:34 INFO  STEP: Number of reviews: 4
2025-12-29 18:11:34 INFO  STEP: stars:5
2025-12-29 18:11:35 INFO  STEP: stars:5
2025-12-29 18:11:35 INFO  STEP: stars:2
2025-12-29 18:11:35 INFO  STEP: stars:4
2025-12-29 18:11:35 INFO  STEP: sum of stars:16
2025-12-29 18:11:35 INFO  STEP: #2 Product rating: 4.7 ||| Actual rating:4.0
2025-12-29 18:11:35 INFO  STEP: === CARD 3 ===
2025-12-29 18:11:35 INFO  STEP: Toggle Reviews
2025-12-29 18:11:36 INFO  STEP: Is reviwes window open?: true
2025-12-29 18:11:36 INFO  STEP: Number of reviews: 4
2025-12-29 18:11:36 INFO  STEP: stars:5
2025-12-29 18:11:36 INFO  STEP: stars:4
2025-12-29 18:11:36 INFO  STEP: stars:4
2025-12-29 18:11:36 INFO  STEP: stars:4
2025-12-29 18:11:36 INFO  STEP: sum of stars:17
2025-12-29 18:11:36 INFO  STEP: #3 Product rating: 4.9 ||| Actual rating:4.0
2025-12-29 18:11:36 INFO  STEP: === CARD 4 ===
2025-12-29 18:11:37 INFO  STEP: Toggle Reviews
2025-12-29 18:11:37 INFO  STEP: Is reviwes window open?: true
2025-12-29 18:11:37 INFO  STEP: Number of reviews: 4
2025-12-29 18:11:37 INFO  STEP: stars:5
2025-12-29 18:11:37 INFO  STEP: stars:1
2025-12-29 18:11:38 INFO  STEP: stars:4
2025-12-29 18:11:38 INFO  STEP: stars:3
2025-12-29 18:11:38 INFO  STEP: sum of stars:13
2025-12-29 18:11:38 INFO  STEP: #4 Product rating: 4.0 ||| Actual rating:3.0
2025-12-29 18:11:38 INFO  STEP: === CARD 5 ===
2025-12-29 18:11:38 INFO  STEP: Toggle Reviews
2025-12-29 18:11:38 INFO  STEP: Is reviwes window open?: true
2025-12-29 18:11:38 INFO  STEP: Number of reviews: 4
2025-12-29 18:11:39 INFO  STEP: stars:5
2025-12-29 18:11:39 INFO  STEP: stars:4
2025-12-29 18:11:39 INFO  STEP: stars:5
2025-12-29 18:11:39 INFO  STEP: stars:1
2025-12-29 18:11:39 INFO  STEP: sum of stars:15
2025-12-29 18:11:39 INFO  STEP: #5 Product rating: 4.6 ||| Actual rating:3.0
2025-12-29 18:11:39 ERROR STEP FAIL: All reviews ratings should match the product rating
2025-12-29 18:11:39 ERROR === FAIL  tests.productCardsTests.RatingMatchesReviewsTests.reviewsShouldMatchRating[Exp#7 [f1=1, f2=3, f3=1, f4=2, f5=1, f6=3, f7=2, f8=3]] ===
java.lang.AssertionError: All reviews ratings should match the product rating
	at org.junit.Assert.fail(Assert.java:89) ~[junit-4.13.jar:4.13]
	at org.junit.Assert.assertTrue(Assert.java:42) ~[junit-4.13.jar:4.13]
	at tests.BaseTest.checkTrue(BaseTest.java:75) ~[test-classes/:?]
	at tests.productCardsTests.RatingMatchesReviewsTests.reviewsShouldMatchRating(RatingMatchesReviewsTests.java:61) ~[test-classes/:?]
	at jdk.internal.reflect.DirectMethodHandleAccessor.invoke(DirectMethodHandleAccessor.java:103) ~[?:?]
	at java.lang.reflect.Method.invoke(Method.java:580) ~[?:?]
	at org.junit.runners.model.FrameworkMethod$1.runReflectiveCall(FrameworkMethod.java:59) ~[junit-4.13.jar:4.13]
	at org.junit.internal.runners.model.ReflectiveCallable.run(ReflectiveCallable.java:12) ~[junit-4.13.jar:4.13]
	at org.junit.runners.model.FrameworkMethod.invokeExplosively(FrameworkMethod.java:56) ~[junit-4.13.jar:4.13]
	at org.junit.internal.runners.statements.InvokeMethod.evaluate(InvokeMethod.java:17) ~[junit-4.13.jar:4.13]
	at org.junit.internal.runners.statements.RunBefores.evaluate(RunBefores.java:26) ~[junit-4.13.jar:4.13]
	at org.junit.internal.runners.statements.RunAfters.evaluate(RunAfters.java:27) ~[junit-4.13.jar:4.13]
	at org.junit.rules.TestWatcher$1.evaluate(TestWatcher.java:61) [junit-4.13.jar:4.13]
	at org.junit.runners.ParentRunner$3.evaluate(ParentRunner.java:306) [junit-4.13.jar:4.13]
	at org.junit.runners.BlockJUnit4ClassRunner$1.evaluate(BlockJUnit4ClassRunner.java:100) [junit-4.13.jar:4.13]
	at org.junit.runners.ParentRunner.runLeaf(ParentRunner.java:366) [junit-4.13.jar:4.13]
	at org.junit.runners.BlockJUnit4ClassRunner.runChild(BlockJUnit4ClassRunner.java:103) [junit-4.13.jar:4.13]
	at org.junit.runners.BlockJUnit4ClassRunner.runChild(BlockJUnit4ClassRunner.java:63) [junit-4.13.jar:4.13]
	at org.junit.runners.ParentRunner$4.run(ParentRunner.java:331) [junit-4.13.jar:4.13]
	at org.junit.runners.ParentRunner$1.schedule(ParentRunner.java:79) [junit-4.13.jar:4.13]
	at org.junit.runners.ParentRunner.runChildren(ParentRunner.java:329) [junit-4.13.jar:4.13]
	at org.junit.runners.ParentRunner.access$100(ParentRunner.java:66) [junit-4.13.jar:4.13]
	at org.junit.runners.ParentRunner$2.evaluate(ParentRunner.java:293) [junit-4.13.jar:4.13]
	at org.junit.runners.ParentRunner.run(ParentRunner.java:413) [junit-4.13.jar:4.13]
	at org.junit.runners.Suite.runChild(Suite.java:128) [junit-4.13.jar:4.13]
	at org.junit.runners.Suite.runChild(Suite.java:27) [junit-4.13.jar:4.13]
	at org.junit.runners.ParentRunner$4.run(ParentRunner.java:331) [junit-4.13.jar:4.13]
	at org.junit.runners.ParentRunner$1.schedule(ParentRunner.java:79) [junit-4.13.jar:4.13]
	at org.junit.runners.ParentRunner.runChildren(ParentRunner.java:329) [junit-4.13.jar:4.13]
	at org.junit.runners.ParentRunner.access$100(ParentRunner.java:66) [junit-4.13.jar:4.13]
	at org.junit.runners.ParentRunner$2.evaluate(ParentRunner.java:293) [junit-4.13.jar:4.13]
	at org.junit.runners.ParentRunner$3.evaluate(ParentRunner.java:306) [junit-4.13.jar:4.13]
	at org.junit.runners.ParentRunner.run(ParentRunner.java:413) [junit-4.13.jar:4.13]
	at org.eclipse.jdt.internal.junit4.runner.JUnit4TestReference.run(JUnit4TestReference.java:93) [.cp/:?]
	at org.eclipse.jdt.internal.junit.runner.TestExecution.run(TestExecution.java:40) [.cp/:?]
	at org.eclipse.jdt.internal.junit.runner.RemoteTestRunner.runTests(RemoteTestRunner.java:530) [.cp/:?]
	at org.eclipse.jdt.internal.junit.runner.RemoteTestRunner.runTests(RemoteTestRunner.java:758) [.cp/:?]
	at org.eclipse.jdt.internal.junit.runner.RemoteTestRunner.run(RemoteTestRunner.java:453) [.cp/:?]
	at org.eclipse.jdt.internal.junit.runner.RemoteTestRunner.main(RemoteTestRunner.java:211) [.cp/:?]
2025-12-29 18:11:39 INFO  === END   tests.productCardsTests.RatingMatchesReviewsTests.reviewsShouldMatchRating[Exp#7 [f1=1, f2=3, f3=1, f4=2, f5=1, f6=3, f7=2, f8=3]] ===
2025-12-29 18:11:39 INFO  === START tests.productCardsTests.RatingMatchesReviewsTests.numberOfReviewsShouldMatch[Exp#7 [f1=1, f2=3, f3=1, f4=2, f5=1, f6=3, f7=2, f8=3]] ===
2025-12-29 18:17:02 INFO  === START tests.productCardsTests.ProductCardThumbnailTests.isThereThumbnailInProductCard[Exp#1 [f1=1, f2=1, f3=1, f4=1, f5=1, f6=1, f7=1, f8=1]] ===
2025-12-29 18:17:13 ERROR === FAIL  tests.productCardsTests.ProductCardThumbnailTests.isThereThumbnailInProductCard[Exp#1 [f1=1, f2=1, f3=1, f4=1, f5=1, f6=1, f7=1, f8=1]] ===
org.openqa.selenium.NoSuchElementException: no such element: Unable to locate element: {"method":"css selector","selector":"[data-testid='product-card-5']"}
  (Session info: chrome=143.0.7499.170)
For documentation on this error, please visit: https://www.selenium.dev/documentation/webdriver/troubleshooting/errors#nosuchelementexception
Build info: version: '4.39.0', revision: '126f156aee'
System info: os.name: 'Windows 11', os.arch: 'amd64', os.version: '10.0', java.version: '23.0.1'
Driver info: org.openqa.selenium.chrome.ChromeDriver
Command: [34df6708e885436c50bc69a708441c71, findChildElement {value=[data-testid='product-card-5'], id=f.2FFF4FBEEBD7BF68CCFC6EBB744A97D0.d.205DE6BAEC15CF63734CC0A436F00507.e.83, using=css selector}]
Capabilities {acceptInsecureCerts: false, browserName: chrome, browserVersion: 143.0.7499.170, chrome: {chromedriverVersion: 143.0.7499.169 (164b20aab62..., userDataDir: C:\Users\igor1\AppData\Loca...}, fedcm:accounts: true, goog:chromeOptions: {debuggerAddress: localhost:64182}, goog:processID: 208, networkConnectionEnabled: false, pageLoadStrategy: normal, platformName: windows, proxy: Proxy(), se:cdp: ws://localhost:64182/devtoo..., se:cdpVersion: 143.0.7499.170, setWindowRect: true, strictFileInteractability: false, timeouts: {implicit: 0, pageLoad: 300000, script: 30000}, unhandledPromptBehavior: dismiss and notify, webauthn:extension:credBlob: true, webauthn:extension:largeBlob: true, webauthn:extension:minPinLength: true, webauthn:extension:prf: true, webauthn:virtualAuthenticators: true}
Session ID: 34df6708e885436c50bc69a708441c71
	at jdk.internal.reflect.DirectConstructorHandleAccessor.newInstance(DirectConstructorHandleAccessor.java:62) ~[?:?]
	at java.lang.reflect.Constructor.newInstanceWithCaller(Constructor.java:501) ~[?:?]
	at java.lang.reflect.Constructor.newInstance(Constructor.java:485) ~[?:?]
	at org.openqa.selenium.remote.ErrorCodec.decode(ErrorCodec.java:167) ~[selenium-remote-driver-4.39.0.jar:?]
	at org.openqa.selenium.remote.codec.w3c.W3CHttpResponseCodec.decode(W3CHttpResponseCodec.java:142) ~[selenium-remote-driver-4.39.0.jar:?]
	at org.openqa.selenium.remote.codec.w3c.W3CHttpResponseCodec.decode(W3CHttpResponseCodec.java:49) ~[selenium-remote-driver-4.39.0.jar:?]
	at org.openqa.selenium.remote.HttpCommandExecutor.execute(HttpCommandExecutor.java:215) ~[selenium-remote-driver-4.39.0.jar:?]
	at org.openqa.selenium.remote.service.DriverCommandExecutor.invokeExecute(DriverCommandExecutor.java:216) ~[selenium-remote-driver-4.39.0.jar:?]
	at org.openqa.selenium.remote.service.DriverCommandExecutor.execute(DriverCommandExecutor.java:174) ~[selenium-remote-driver-4.39.0.jar:?]
	at org.openqa.selenium.remote.RemoteWebDriver.execute(RemoteWebDriver.java:561) ~[selenium-remote-driver-4.39.0.jar:?]
	at org.openqa.selenium.remote.ElementLocation$ElementFinder$2.findElement(ElementLocation.java:166) ~[selenium-remote-driver-4.39.0.jar:?]
	at org.openqa.selenium.remote.ElementLocation.findElement(ElementLocation.java:60) ~[selenium-remote-driver-4.39.0.jar:?]
	at org.openqa.selenium.remote.RemoteWebDriver.findElement(RemoteWebDriver.java:384) ~[selenium-remote-driver-4.39.0.jar:?]
	at org.openqa.selenium.remote.RemoteWebElement.findElement(RemoteWebElement.java:211) ~[selenium-remote-driver-4.39.0.jar:?]
	at pages.ResultPage.getCard(ResultPage.java:89) ~[test-classes/:?]
	at tests.productCardsTests.ProductCardThumbnailTests.isThereThumbnailInProductCard(ProductCardThumbnailTests.java:37) ~[test-classes/:?]
	at jdk.internal.reflect.DirectMethodHandleAccessor.invoke(DirectMethodHandleAccessor.java:103) ~[?:?]
	at java.lang.reflect.Method.invoke(Method.java:580) ~[?:?]
	at org.junit.runners.model.FrameworkMethod$1.runReflectiveCall(FrameworkMethod.java:59) ~[junit-4.13.jar:4.13]
	at org.junit.internal.runners.model.ReflectiveCallable.run(ReflectiveCallable.java:12) ~[junit-4.13.jar:4.13]
	at org.junit.runners.model.FrameworkMethod.invokeExplosively(FrameworkMethod.java:56) ~[junit-4.13.jar:4.13]
	at org.junit.internal.runners.statements.InvokeMethod.evaluate(InvokeMethod.java:17) ~[junit-4.13.jar:4.13]
	at org.junit.internal.runners.statements.RunBefores.evaluate(RunBefores.java:26) ~[junit-4.13.jar:4.13]
	at org.junit.internal.runners.statements.RunAfters.evaluate(RunAfters.java:27) ~[junit-4.13.jar:4.13]
	at org.junit.rules.TestWatcher$1.evaluate(TestWatcher.java:61) [junit-4.13.jar:4.13]
	at org.junit.runners.ParentRunner$3.evaluate(ParentRunner.java:306) [junit-4.13.jar:4.13]
	at org.junit.runners.BlockJUnit4ClassRunner$1.evaluate(BlockJUnit4ClassRunner.java:100) [junit-4.13.jar:4.13]
	at org.junit.runners.ParentRunner.runLeaf(ParentRunner.java:366) [junit-4.13.jar:4.13]
	at org.junit.runners.BlockJUnit4ClassRunner.runChild(BlockJUnit4ClassRunner.java:103) [junit-4.13.jar:4.13]
	at org.junit.runners.BlockJUnit4ClassRunner.runChild(BlockJUnit4ClassRunner.java:63) [junit-4.13.jar:4.13]
	at org.junit.runners.ParentRunner$4.run(ParentRunner.java:331) [junit-4.13.jar:4.13]
	at org.junit.runners.ParentRunner$1.schedule(ParentRunner.java:79) [junit-4.13.jar:4.13]
	at org.junit.runners.ParentRunner.runChildren(ParentRunner.java:329) [junit-4.13.jar:4.13]
	at org.junit.runners.ParentRunner.access$100(ParentRunner.java:66) [junit-4.13.jar:4.13]
	at org.junit.runners.ParentRunner$2.evaluate(ParentRunner.java:293) [junit-4.13.jar:4.13]
	at org.junit.runners.ParentRunner.run(ParentRunner.java:413) [junit-4.13.jar:4.13]
	at org.junit.runners.Suite.runChild(Suite.java:128) [junit-4.13.jar:4.13]
	at org.junit.runners.Suite.runChild(Suite.java:27) [junit-4.13.jar:4.13]
	at org.junit.runners.ParentRunner$4.run(ParentRunner.java:331) [junit-4.13.jar:4.13]
	at org.junit.runners.ParentRunner$1.schedule(ParentRunner.java:79) [junit-4.13.jar:4.13]
	at org.junit.runners.ParentRunner.runChildren(ParentRunner.java:329) [junit-4.13.jar:4.13]
	at org.junit.runners.ParentRunner.access$100(ParentRunner.java:66) [junit-4.13.jar:4.13]
	at org.junit.runners.ParentRunner$2.evaluate(ParentRunner.java:293) [junit-4.13.jar:4.13]
	at org.junit.runners.ParentRunner$3.evaluate(ParentRunner.java:306) [junit-4.13.jar:4.13]
	at org.junit.runners.ParentRunner.run(ParentRunner.java:413) [junit-4.13.jar:4.13]
	at org.eclipse.jdt.internal.junit4.runner.JUnit4TestReference.run(JUnit4TestReference.java:93) [.cp/:?]
	at org.eclipse.jdt.internal.junit.runner.TestExecution.run(TestExecution.java:40) [.cp/:?]
	at org.eclipse.jdt.internal.junit.runner.RemoteTestRunner.runTests(RemoteTestRunner.java:530) [.cp/:?]
	at org.eclipse.jdt.internal.junit.runner.RemoteTestRunner.runTests(RemoteTestRunner.java:758) [.cp/:?]
	at org.eclipse.jdt.internal.junit.runner.RemoteTestRunner.run(RemoteTestRunner.java:453) [.cp/:?]
	at org.eclipse.jdt.internal.junit.runner.RemoteTestRunner.main(RemoteTestRunner.java:211) [.cp/:?]
2025-12-29 18:17:13 INFO  === END   tests.productCardsTests.ProductCardThumbnailTests.isThereThumbnailInProductCard[Exp#1 [f1=1, f2=1, f3=1, f4=1, f5=1, f6=1, f7=1, f8=1]] ===
2025-12-29 18:17:13 INFO  === START tests.productCardsTests.ProductCardThumbnailTests.isThereThumbnailInProductCard[Exp#2 [f1=1, f2=1, f3=2, f4=2, f5=2, f6=2, f7=2, f8=2]] ===
2025-12-29 18:17:23 ERROR === FAIL  tests.productCardsTests.ProductCardThumbnailTests.isThereThumbnailInProductCard[Exp#2 [f1=1, f2=1, f3=2, f4=2, f5=2, f6=2, f7=2, f8=2]] ===
org.openqa.selenium.NoSuchElementException: no such element: Unable to locate element: {"method":"css selector","selector":"[data-testid='product-card-5']"}
  (Session info: chrome=143.0.7499.170)
For documentation on this error, please visit: https://www.selenium.dev/documentation/webdriver/troubleshooting/errors#nosuchelementexception
Build info: version: '4.39.0', revision: '126f156aee'
System info: os.name: 'Windows 11', os.arch: 'amd64', os.version: '10.0', java.version: '23.0.1'
Driver info: org.openqa.selenium.chrome.ChromeDriver
Command: [22fc91c982cadda8c10b35cf1828b7f8, findChildElement {value=[data-testid='product-card-5'], id=f.E81EC44CDD07F3AF4E6ED199201E8925.d.B096A1D43402798970BF316EA602347C.e.83, using=css selector}]
Capabilities {acceptInsecureCerts: false, browserName: chrome, browserVersion: 143.0.7499.170, chrome: {chromedriverVersion: 143.0.7499.169 (164b20aab62..., userDataDir: C:\Users\igor1\AppData\Loca...}, fedcm:accounts: true, goog:chromeOptions: {debuggerAddress: localhost:56595}, goog:processID: 24408, networkConnectionEnabled: false, pageLoadStrategy: normal, platformName: windows, proxy: Proxy(), se:cdp: ws://localhost:56595/devtoo..., se:cdpVersion: 143.0.7499.170, setWindowRect: true, strictFileInteractability: false, timeouts: {implicit: 0, pageLoad: 300000, script: 30000}, unhandledPromptBehavior: dismiss and notify, webauthn:extension:credBlob: true, webauthn:extension:largeBlob: true, webauthn:extension:minPinLength: true, webauthn:extension:prf: true, webauthn:virtualAuthenticators: true}
Session ID: 22fc91c982cadda8c10b35cf1828b7f8
	at jdk.internal.reflect.DirectConstructorHandleAccessor.newInstance(DirectConstructorHandleAccessor.java:62) ~[?:?]
	at java.lang.reflect.Constructor.newInstanceWithCaller(Constructor.java:501) ~[?:?]
	at java.lang.reflect.Constructor.newInstance(Constructor.java:485) ~[?:?]
	at org.openqa.selenium.remote.ErrorCodec.decode(ErrorCodec.java:167) ~[selenium-remote-driver-4.39.0.jar:?]
	at org.openqa.selenium.remote.codec.w3c.W3CHttpResponseCodec.decode(W3CHttpResponseCodec.java:142) ~[selenium-remote-driver-4.39.0.jar:?]
	at org.openqa.selenium.remote.codec.w3c.W3CHttpResponseCodec.decode(W3CHttpResponseCodec.java:49) ~[selenium-remote-driver-4.39.0.jar:?]
	at org.openqa.selenium.remote.HttpCommandExecutor.execute(HttpCommandExecutor.java:215) ~[selenium-remote-driver-4.39.0.jar:?]
	at org.openqa.selenium.remote.service.DriverCommandExecutor.invokeExecute(DriverCommandExecutor.java:216) ~[selenium-remote-driver-4.39.0.jar:?]
	at org.openqa.selenium.remote.service.DriverCommandExecutor.execute(DriverCommandExecutor.java:174) ~[selenium-remote-driver-4.39.0.jar:?]
	at org.openqa.selenium.remote.RemoteWebDriver.execute(RemoteWebDriver.java:561) ~[selenium-remote-driver-4.39.0.jar:?]
	at org.openqa.selenium.remote.ElementLocation$ElementFinder$2.findElement(ElementLocation.java:166) ~[selenium-remote-driver-4.39.0.jar:?]
	at org.openqa.selenium.remote.ElementLocation.findElement(ElementLocation.java:60) ~[selenium-remote-driver-4.39.0.jar:?]
	at org.openqa.selenium.remote.RemoteWebDriver.findElement(RemoteWebDriver.java:384) ~[selenium-remote-driver-4.39.0.jar:?]
	at org.openqa.selenium.remote.RemoteWebElement.findElement(RemoteWebElement.java:211) ~[selenium-remote-driver-4.39.0.jar:?]
	at pages.ResultPage.getCard(ResultPage.java:89) ~[test-classes/:?]
	at tests.productCardsTests.ProductCardThumbnailTests.isThereThumbnailInProductCard(ProductCardThumbnailTests.java:37) ~[test-classes/:?]
	at jdk.internal.reflect.DirectMethodHandleAccessor.invoke(DirectMethodHandleAccessor.java:103) ~[?:?]
	at java.lang.reflect.Method.invoke(Method.java:580) ~[?:?]
	at org.junit.runners.model.FrameworkMethod$1.runReflectiveCall(FrameworkMethod.java:59) ~[junit-4.13.jar:4.13]
	at org.junit.internal.runners.model.ReflectiveCallable.run(ReflectiveCallable.java:12) ~[junit-4.13.jar:4.13]
	at org.junit.runners.model.FrameworkMethod.invokeExplosively(FrameworkMethod.java:56) ~[junit-4.13.jar:4.13]
	at org.junit.internal.runners.statements.InvokeMethod.evaluate(InvokeMethod.java:17) ~[junit-4.13.jar:4.13]
	at org.junit.internal.runners.statements.RunBefores.evaluate(RunBefores.java:26) ~[junit-4.13.jar:4.13]
	at org.junit.internal.runners.statements.RunAfters.evaluate(RunAfters.java:27) ~[junit-4.13.jar:4.13]
	at org.junit.rules.TestWatcher$1.evaluate(TestWatcher.java:61) [junit-4.13.jar:4.13]
	at org.junit.runners.ParentRunner$3.evaluate(ParentRunner.java:306) [junit-4.13.jar:4.13]
	at org.junit.runners.BlockJUnit4ClassRunner$1.evaluate(BlockJUnit4ClassRunner.java:100) [junit-4.13.jar:4.13]
	at org.junit.runners.ParentRunner.runLeaf(ParentRunner.java:366) [junit-4.13.jar:4.13]
	at org.junit.runners.BlockJUnit4ClassRunner.runChild(BlockJUnit4ClassRunner.java:103) [junit-4.13.jar:4.13]
	at org.junit.runners.BlockJUnit4ClassRunner.runChild(BlockJUnit4ClassRunner.java:63) [junit-4.13.jar:4.13]
	at org.junit.runners.ParentRunner$4.run(ParentRunner.java:331) [junit-4.13.jar:4.13]
	at org.junit.runners.ParentRunner$1.schedule(ParentRunner.java:79) [junit-4.13.jar:4.13]
	at org.junit.runners.ParentRunner.runChildren(ParentRunner.java:329) [junit-4.13.jar:4.13]
	at org.junit.runners.ParentRunner.access$100(ParentRunner.java:66) [junit-4.13.jar:4.13]
	at org.junit.runners.ParentRunner$2.evaluate(ParentRunner.java:293) [junit-4.13.jar:4.13]
	at org.junit.runners.ParentRunner.run(ParentRunner.java:413) [junit-4.13.jar:4.13]
	at org.junit.runners.Suite.runChild(Suite.java:128) [junit-4.13.jar:4.13]
	at org.junit.runners.Suite.runChild(Suite.java:27) [junit-4.13.jar:4.13]
	at org.junit.runners.ParentRunner$4.run(ParentRunner.java:331) [junit-4.13.jar:4.13]
	at org.junit.runners.ParentRunner$1.schedule(ParentRunner.java:79) [junit-4.13.jar:4.13]
	at org.junit.runners.ParentRunner.runChildren(ParentRunner.java:329) [junit-4.13.jar:4.13]
	at org.junit.runners.ParentRunner.access$100(ParentRunner.java:66) [junit-4.13.jar:4.13]
	at org.junit.runners.ParentRunner$2.evaluate(ParentRunner.java:293) [junit-4.13.jar:4.13]
	at org.junit.runners.ParentRunner$3.evaluate(ParentRunner.java:306) [junit-4.13.jar:4.13]
	at org.junit.runners.ParentRunner.run(ParentRunner.java:413) [junit-4.13.jar:4.13]
	at org.eclipse.jdt.internal.junit4.runner.JUnit4TestReference.run(JUnit4TestReference.java:93) [.cp/:?]
	at org.eclipse.jdt.internal.junit.runner.TestExecution.run(TestExecution.java:40) [.cp/:?]
	at org.eclipse.jdt.internal.junit.runner.RemoteTestRunner.runTests(RemoteTestRunner.java:530) [.cp/:?]
	at org.eclipse.jdt.internal.junit.runner.RemoteTestRunner.runTests(RemoteTestRunner.java:758) [.cp/:?]
	at org.eclipse.jdt.internal.junit.runner.RemoteTestRunner.run(RemoteTestRunner.java:453) [.cp/:?]
	at org.eclipse.jdt.internal.junit.runner.RemoteTestRunner.main(RemoteTestRunner.java:211) [.cp/:?]
2025-12-29 18:17:23 INFO  === END   tests.productCardsTests.ProductCardThumbnailTests.isThereThumbnailInProductCard[Exp#2 [f1=1, f2=1, f3=2, f4=2, f5=2, f6=2, f7=2, f8=2]] ===
2025-12-29 18:17:23 INFO  === START tests.productCardsTests.ProductCardThumbnailTests.isThereThumbnailInProductCard[Exp#3 [f1=1, f2=1, f3=3, f4=3, f5=3, f6=3, f7=3, f8=3]] ===
2025-12-29 18:17:34 ERROR === FAIL  tests.productCardsTests.ProductCardThumbnailTests.isThereThumbnailInProductCard[Exp#3 [f1=1, f2=1, f3=3, f4=3, f5=3, f6=3, f7=3, f8=3]] ===
org.openqa.selenium.NoSuchElementException: no such element: Unable to locate element: {"method":"css selector","selector":"[data-testid='product-card-4']"}
  (Session info: chrome=143.0.7499.170)
For documentation on this error, please visit: https://www.selenium.dev/documentation/webdriver/troubleshooting/errors#nosuchelementexception
Build info: version: '4.39.0', revision: '126f156aee'
System info: os.name: 'Windows 11', os.arch: 'amd64', os.version: '10.0', java.version: '23.0.1'
Driver info: org.openqa.selenium.chrome.ChromeDriver
Command: [8c707e97ee89cbbc830c518ae8b162b2, findChildElement {value=[data-testid='product-card-4'], id=f.EECB9820FE463E5EA6E5B59DA20A1B8B.d.BBE91F6E3C984F54A344A4EFAA8F95A2.e.83, using=css selector}]
Capabilities {acceptInsecureCerts: false, browserName: chrome, browserVersion: 143.0.7499.170, chrome: {chromedriverVersion: 143.0.7499.169 (164b20aab62..., userDataDir: C:\Users\igor1\AppData\Loca...}, fedcm:accounts: true, goog:chromeOptions: {debuggerAddress: localhost:64797}, goog:processID: 5892, networkConnectionEnabled: false, pageLoadStrategy: normal, platformName: windows, proxy: Proxy(), se:cdp: ws://localhost:64797/devtoo..., se:cdpVersion: 143.0.7499.170, setWindowRect: true, strictFileInteractability: false, timeouts: {implicit: 0, pageLoad: 300000, script: 30000}, unhandledPromptBehavior: dismiss and notify, webauthn:extension:credBlob: true, webauthn:extension:largeBlob: true, webauthn:extension:minPinLength: true, webauthn:extension:prf: true, webauthn:virtualAuthenticators: true}
Session ID: 8c707e97ee89cbbc830c518ae8b162b2
	at jdk.internal.reflect.DirectConstructorHandleAccessor.newInstance(DirectConstructorHandleAccessor.java:62) ~[?:?]
	at java.lang.reflect.Constructor.newInstanceWithCaller(Constructor.java:501) ~[?:?]
	at java.lang.reflect.Constructor.newInstance(Constructor.java:485) ~[?:?]
	at org.openqa.selenium.remote.ErrorCodec.decode(ErrorCodec.java:167) ~[selenium-remote-driver-4.39.0.jar:?]
	at org.openqa.selenium.remote.codec.w3c.W3CHttpResponseCodec.decode(W3CHttpResponseCodec.java:142) ~[selenium-remote-driver-4.39.0.jar:?]
	at org.openqa.selenium.remote.codec.w3c.W3CHttpResponseCodec.decode(W3CHttpResponseCodec.java:49) ~[selenium-remote-driver-4.39.0.jar:?]
	at org.openqa.selenium.remote.HttpCommandExecutor.execute(HttpCommandExecutor.java:215) ~[selenium-remote-driver-4.39.0.jar:?]
	at org.openqa.selenium.remote.service.DriverCommandExecutor.invokeExecute(DriverCommandExecutor.java:216) ~[selenium-remote-driver-4.39.0.jar:?]
	at org.openqa.selenium.remote.service.DriverCommandExecutor.execute(DriverCommandExecutor.java:174) ~[selenium-remote-driver-4.39.0.jar:?]
	at org.openqa.selenium.remote.RemoteWebDriver.execute(RemoteWebDriver.java:561) ~[selenium-remote-driver-4.39.0.jar:?]
	at org.openqa.selenium.remote.ElementLocation$ElementFinder$2.findElement(ElementLocation.java:166) ~[selenium-remote-driver-4.39.0.jar:?]
	at org.openqa.selenium.remote.ElementLocation.findElement(ElementLocation.java:60) ~[selenium-remote-driver-4.39.0.jar:?]
	at org.openqa.selenium.remote.RemoteWebDriver.findElement(RemoteWebDriver.java:384) ~[selenium-remote-driver-4.39.0.jar:?]
	at org.openqa.selenium.remote.RemoteWebElement.findElement(RemoteWebElement.java:211) ~[selenium-remote-driver-4.39.0.jar:?]
	at pages.ResultPage.getCard(ResultPage.java:89) ~[test-classes/:?]
	at tests.productCardsTests.ProductCardThumbnailTests.isThereThumbnailInProductCard(ProductCardThumbnailTests.java:37) ~[test-classes/:?]
	at jdk.internal.reflect.DirectMethodHandleAccessor.invoke(DirectMethodHandleAccessor.java:103) ~[?:?]
	at java.lang.reflect.Method.invoke(Method.java:580) ~[?:?]
	at org.junit.runners.model.FrameworkMethod$1.runReflectiveCall(FrameworkMethod.java:59) ~[junit-4.13.jar:4.13]
	at org.junit.internal.runners.model.ReflectiveCallable.run(ReflectiveCallable.java:12) ~[junit-4.13.jar:4.13]
	at org.junit.runners.model.FrameworkMethod.invokeExplosively(FrameworkMethod.java:56) ~[junit-4.13.jar:4.13]
	at org.junit.internal.runners.statements.InvokeMethod.evaluate(InvokeMethod.java:17) ~[junit-4.13.jar:4.13]
	at org.junit.internal.runners.statements.RunBefores.evaluate(RunBefores.java:26) ~[junit-4.13.jar:4.13]
	at org.junit.internal.runners.statements.RunAfters.evaluate(RunAfters.java:27) ~[junit-4.13.jar:4.13]
	at org.junit.rules.TestWatcher$1.evaluate(TestWatcher.java:61) [junit-4.13.jar:4.13]
	at org.junit.runners.ParentRunner$3.evaluate(ParentRunner.java:306) [junit-4.13.jar:4.13]
	at org.junit.runners.BlockJUnit4ClassRunner$1.evaluate(BlockJUnit4ClassRunner.java:100) [junit-4.13.jar:4.13]
	at org.junit.runners.ParentRunner.runLeaf(ParentRunner.java:366) [junit-4.13.jar:4.13]
	at org.junit.runners.BlockJUnit4ClassRunner.runChild(BlockJUnit4ClassRunner.java:103) [junit-4.13.jar:4.13]
	at org.junit.runners.BlockJUnit4ClassRunner.runChild(BlockJUnit4ClassRunner.java:63) [junit-4.13.jar:4.13]
	at org.junit.runners.ParentRunner$4.run(ParentRunner.java:331) [junit-4.13.jar:4.13]
	at org.junit.runners.ParentRunner$1.schedule(ParentRunner.java:79) [junit-4.13.jar:4.13]
	at org.junit.runners.ParentRunner.runChildren(ParentRunner.java:329) [junit-4.13.jar:4.13]
	at org.junit.runners.ParentRunner.access$100(ParentRunner.java:66) [junit-4.13.jar:4.13]
	at org.junit.runners.ParentRunner$2.evaluate(ParentRunner.java:293) [junit-4.13.jar:4.13]
	at org.junit.runners.ParentRunner.run(ParentRunner.java:413) [junit-4.13.jar:4.13]
	at org.junit.runners.Suite.runChild(Suite.java:128) [junit-4.13.jar:4.13]
	at org.junit.runners.Suite.runChild(Suite.java:27) [junit-4.13.jar:4.13]
	at org.junit.runners.ParentRunner$4.run(ParentRunner.java:331) [junit-4.13.jar:4.13]
	at org.junit.runners.ParentRunner$1.schedule(ParentRunner.java:79) [junit-4.13.jar:4.13]
	at org.junit.runners.ParentRunner.runChildren(ParentRunner.java:329) [junit-4.13.jar:4.13]
	at org.junit.runners.ParentRunner.access$100(ParentRunner.java:66) [junit-4.13.jar:4.13]
	at org.junit.runners.ParentRunner$2.evaluate(ParentRunner.java:293) [junit-4.13.jar:4.13]
	at org.junit.runners.ParentRunner$3.evaluate(ParentRunner.java:306) [junit-4.13.jar:4.13]
	at org.junit.runners.ParentRunner.run(ParentRunner.java:413) [junit-4.13.jar:4.13]
	at org.eclipse.jdt.internal.junit4.runner.JUnit4TestReference.run(JUnit4TestReference.java:93) [.cp/:?]
	at org.eclipse.jdt.internal.junit.runner.TestExecution.run(TestExecution.java:40) [.cp/:?]
	at org.eclipse.jdt.internal.junit.runner.RemoteTestRunner.runTests(RemoteTestRunner.java:530) [.cp/:?]
	at org.eclipse.jdt.internal.junit.runner.RemoteTestRunner.runTests(RemoteTestRunner.java:758) [.cp/:?]
	at org.eclipse.jdt.internal.junit.runner.RemoteTestRunner.run(RemoteTestRunner.java:453) [.cp/:?]
	at org.eclipse.jdt.internal.junit.runner.RemoteTestRunner.main(RemoteTestRunner.java:211) [.cp/:?]
2025-12-29 18:17:34 INFO  === END   tests.productCardsTests.ProductCardThumbnailTests.isThereThumbnailInProductCard[Exp#3 [f1=1, f2=1, f3=3, f4=3, f5=3, f6=3, f7=3, f8=3]] ===
2025-12-29 18:17:34 INFO  === START tests.productCardsTests.ProductCardThumbnailTests.isThereThumbnailInProductCard[Exp#4 [f1=1, f2=2, f3=1, f4=1, f5=2, f6=2, f7=3, f8=3]] ===
2025-12-29 18:20:06 INFO  === START tests.productCardsTests.ProductCardThumbnailTests.isThereThumbnailInProductCard[Exp#1 [f1=1, f2=1, f3=1, f4=1, f5=1, f6=1, f7=1, f8=1]] ===
2025-12-29 18:20:18 ERROR STEP FAIL: All products must have Thumbnail
2025-12-29 18:20:19 ERROR === FAIL  tests.productCardsTests.ProductCardThumbnailTests.isThereThumbnailInProductCard[Exp#1 [f1=1, f2=1, f3=1, f4=1, f5=1, f6=1, f7=1, f8=1]] ===
java.lang.AssertionError: All products must have Thumbnail
	at org.junit.Assert.fail(Assert.java:89) ~[junit-4.13.jar:4.13]
	at org.junit.Assert.assertTrue(Assert.java:42) ~[junit-4.13.jar:4.13]
	at org.junit.Assert.assertFalse(Assert.java:65) ~[junit-4.13.jar:4.13]
	at tests.BaseTest.checkFalse(BaseTest.java:83) ~[test-classes/:?]
	at tests.productCardsTests.ProductCardThumbnailTests.isThereThumbnailInProductCard(ProductCardThumbnailTests.java:44) ~[test-classes/:?]
	at jdk.internal.reflect.DirectMethodHandleAccessor.invoke(DirectMethodHandleAccessor.java:103) ~[?:?]
	at java.lang.reflect.Method.invoke(Method.java:580) ~[?:?]
	at org.junit.runners.model.FrameworkMethod$1.runReflectiveCall(FrameworkMethod.java:59) ~[junit-4.13.jar:4.13]
	at org.junit.internal.runners.model.ReflectiveCallable.run(ReflectiveCallable.java:12) ~[junit-4.13.jar:4.13]
	at org.junit.runners.model.FrameworkMethod.invokeExplosively(FrameworkMethod.java:56) ~[junit-4.13.jar:4.13]
	at org.junit.internal.runners.statements.InvokeMethod.evaluate(InvokeMethod.java:17) ~[junit-4.13.jar:4.13]
	at org.junit.internal.runners.statements.RunBefores.evaluate(RunBefores.java:26) ~[junit-4.13.jar:4.13]
	at org.junit.internal.runners.statements.RunAfters.evaluate(RunAfters.java:27) ~[junit-4.13.jar:4.13]
	at org.junit.rules.TestWatcher$1.evaluate(TestWatcher.java:61) [junit-4.13.jar:4.13]
	at org.junit.runners.ParentRunner$3.evaluate(ParentRunner.java:306) [junit-4.13.jar:4.13]
	at org.junit.runners.BlockJUnit4ClassRunner$1.evaluate(BlockJUnit4ClassRunner.java:100) [junit-4.13.jar:4.13]
	at org.junit.runners.ParentRunner.runLeaf(ParentRunner.java:366) [junit-4.13.jar:4.13]
	at org.junit.runners.BlockJUnit4ClassRunner.runChild(BlockJUnit4ClassRunner.java:103) [junit-4.13.jar:4.13]
	at org.junit.runners.BlockJUnit4ClassRunner.runChild(BlockJUnit4ClassRunner.java:63) [junit-4.13.jar:4.13]
	at org.junit.runners.ParentRunner$4.run(ParentRunner.java:331) [junit-4.13.jar:4.13]
	at org.junit.runners.ParentRunner$1.schedule(ParentRunner.java:79) [junit-4.13.jar:4.13]
	at org.junit.runners.ParentRunner.runChildren(ParentRunner.java:329) [junit-4.13.jar:4.13]
	at org.junit.runners.ParentRunner.access$100(ParentRunner.java:66) [junit-4.13.jar:4.13]
	at org.junit.runners.ParentRunner$2.evaluate(ParentRunner.java:293) [junit-4.13.jar:4.13]
	at org.junit.runners.ParentRunner.run(ParentRunner.java:413) [junit-4.13.jar:4.13]
	at org.junit.runners.Suite.runChild(Suite.java:128) [junit-4.13.jar:4.13]
	at org.junit.runners.Suite.runChild(Suite.java:27) [junit-4.13.jar:4.13]
	at org.junit.runners.ParentRunner$4.run(ParentRunner.java:331) [junit-4.13.jar:4.13]
	at org.junit.runners.ParentRunner$1.schedule(ParentRunner.java:79) [junit-4.13.jar:4.13]
	at org.junit.runners.ParentRunner.runChildren(ParentRunner.java:329) [junit-4.13.jar:4.13]
	at org.junit.runners.ParentRunner.access$100(ParentRunner.java:66) [junit-4.13.jar:4.13]
	at org.junit.runners.ParentRunner$2.evaluate(ParentRunner.java:293) [junit-4.13.jar:4.13]
	at org.junit.runners.ParentRunner$3.evaluate(ParentRunner.java:306) [junit-4.13.jar:4.13]
	at org.junit.runners.ParentRunner.run(ParentRunner.java:413) [junit-4.13.jar:4.13]
	at org.eclipse.jdt.internal.junit4.runner.JUnit4TestReference.run(JUnit4TestReference.java:93) [.cp/:?]
	at org.eclipse.jdt.internal.junit.runner.TestExecution.run(TestExecution.java:40) [.cp/:?]
	at org.eclipse.jdt.internal.junit.runner.RemoteTestRunner.runTests(RemoteTestRunner.java:530) [.cp/:?]
	at org.eclipse.jdt.internal.junit.runner.RemoteTestRunner.runTests(RemoteTestRunner.java:758) [.cp/:?]
	at org.eclipse.jdt.internal.junit.runner.RemoteTestRunner.run(RemoteTestRunner.java:453) [.cp/:?]
	at org.eclipse.jdt.internal.junit.runner.RemoteTestRunner.main(RemoteTestRunner.java:211) [.cp/:?]
2025-12-29 18:20:19 INFO  === END   tests.productCardsTests.ProductCardThumbnailTests.isThereThumbnailInProductCard[Exp#1 [f1=1, f2=1, f3=1, f4=1, f5=1, f6=1, f7=1, f8=1]] ===
2025-12-29 18:20:19 INFO  === START tests.productCardsTests.ProductCardThumbnailTests.isThereThumbnailInProductCard[Exp#2 [f1=1, f2=1, f3=2, f4=2, f5=2, f6=2, f7=2, f8=2]] ===
2025-12-29 18:20:28 ERROR STEP FAIL: All products must have Thumbnail
2025-12-29 18:20:29 ERROR === FAIL  tests.productCardsTests.ProductCardThumbnailTests.isThereThumbnailInProductCard[Exp#2 [f1=1, f2=1, f3=2, f4=2, f5=2, f6=2, f7=2, f8=2]] ===
java.lang.AssertionError: All products must have Thumbnail
	at org.junit.Assert.fail(Assert.java:89) ~[junit-4.13.jar:4.13]
	at org.junit.Assert.assertTrue(Assert.java:42) ~[junit-4.13.jar:4.13]
	at org.junit.Assert.assertFalse(Assert.java:65) ~[junit-4.13.jar:4.13]
	at tests.BaseTest.checkFalse(BaseTest.java:83) ~[test-classes/:?]
	at tests.productCardsTests.ProductCardThumbnailTests.isThereThumbnailInProductCard(ProductCardThumbnailTests.java:44) ~[test-classes/:?]
	at jdk.internal.reflect.DirectMethodHandleAccessor.invoke(DirectMethodHandleAccessor.java:103) ~[?:?]
	at java.lang.reflect.Method.invoke(Method.java:580) ~[?:?]
	at org.junit.runners.model.FrameworkMethod$1.runReflectiveCall(FrameworkMethod.java:59) ~[junit-4.13.jar:4.13]
	at org.junit.internal.runners.model.ReflectiveCallable.run(ReflectiveCallable.java:12) ~[junit-4.13.jar:4.13]
	at org.junit.runners.model.FrameworkMethod.invokeExplosively(FrameworkMethod.java:56) ~[junit-4.13.jar:4.13]
	at org.junit.internal.runners.statements.InvokeMethod.evaluate(InvokeMethod.java:17) ~[junit-4.13.jar:4.13]
	at org.junit.internal.runners.statements.RunBefores.evaluate(RunBefores.java:26) ~[junit-4.13.jar:4.13]
	at org.junit.internal.runners.statements.RunAfters.evaluate(RunAfters.java:27) ~[junit-4.13.jar:4.13]
	at org.junit.rules.TestWatcher$1.evaluate(TestWatcher.java:61) [junit-4.13.jar:4.13]
	at org.junit.runners.ParentRunner$3.evaluate(ParentRunner.java:306) [junit-4.13.jar:4.13]
	at org.junit.runners.BlockJUnit4ClassRunner$1.evaluate(BlockJUnit4ClassRunner.java:100) [junit-4.13.jar:4.13]
	at org.junit.runners.ParentRunner.runLeaf(ParentRunner.java:366) [junit-4.13.jar:4.13]
	at org.junit.runners.BlockJUnit4ClassRunner.runChild(BlockJUnit4ClassRunner.java:103) [junit-4.13.jar:4.13]
	at org.junit.runners.BlockJUnit4ClassRunner.runChild(BlockJUnit4ClassRunner.java:63) [junit-4.13.jar:4.13]
	at org.junit.runners.ParentRunner$4.run(ParentRunner.java:331) [junit-4.13.jar:4.13]
	at org.junit.runners.ParentRunner$1.schedule(ParentRunner.java:79) [junit-4.13.jar:4.13]
	at org.junit.runners.ParentRunner.runChildren(ParentRunner.java:329) [junit-4.13.jar:4.13]
	at org.junit.runners.ParentRunner.access$100(ParentRunner.java:66) [junit-4.13.jar:4.13]
	at org.junit.runners.ParentRunner$2.evaluate(ParentRunner.java:293) [junit-4.13.jar:4.13]
	at org.junit.runners.ParentRunner.run(ParentRunner.java:413) [junit-4.13.jar:4.13]
	at org.junit.runners.Suite.runChild(Suite.java:128) [junit-4.13.jar:4.13]
	at org.junit.runners.Suite.runChild(Suite.java:27) [junit-4.13.jar:4.13]
	at org.junit.runners.ParentRunner$4.run(ParentRunner.java:331) [junit-4.13.jar:4.13]
	at org.junit.runners.ParentRunner$1.schedule(ParentRunner.java:79) [junit-4.13.jar:4.13]
	at org.junit.runners.ParentRunner.runChildren(ParentRunner.java:329) [junit-4.13.jar:4.13]
	at org.junit.runners.ParentRunner.access$100(ParentRunner.java:66) [junit-4.13.jar:4.13]
	at org.junit.runners.ParentRunner$2.evaluate(ParentRunner.java:293) [junit-4.13.jar:4.13]
	at org.junit.runners.ParentRunner$3.evaluate(ParentRunner.java:306) [junit-4.13.jar:4.13]
	at org.junit.runners.ParentRunner.run(ParentRunner.java:413) [junit-4.13.jar:4.13]
	at org.eclipse.jdt.internal.junit4.runner.JUnit4TestReference.run(JUnit4TestReference.java:93) [.cp/:?]
	at org.eclipse.jdt.internal.junit.runner.TestExecution.run(TestExecution.java:40) [.cp/:?]
	at org.eclipse.jdt.internal.junit.runner.RemoteTestRunner.runTests(RemoteTestRunner.java:530) [.cp/:?]
	at org.eclipse.jdt.internal.junit.runner.RemoteTestRunner.runTests(RemoteTestRunner.java:758) [.cp/:?]
	at org.eclipse.jdt.internal.junit.runner.RemoteTestRunner.run(RemoteTestRunner.java:453) [.cp/:?]
	at org.eclipse.jdt.internal.junit.runner.RemoteTestRunner.main(RemoteTestRunner.java:211) [.cp/:?]
2025-12-29 18:20:29 INFO  === END   tests.productCardsTests.ProductCardThumbnailTests.isThereThumbnailInProductCard[Exp#2 [f1=1, f2=1, f3=2, f4=2, f5=2, f6=2, f7=2, f8=2]] ===
2025-12-29 18:20:29 INFO  === START tests.productCardsTests.ProductCardThumbnailTests.isThereThumbnailInProductCard[Exp#3 [f1=1, f2=1, f3=3, f4=3, f5=3, f6=3, f7=3, f8=3]] ===
2025-12-29 18:20:40 ERROR STEP FAIL: All products must have Thumbnail
2025-12-29 18:20:41 ERROR === FAIL  tests.productCardsTests.ProductCardThumbnailTests.isThereThumbnailInProductCard[Exp#3 [f1=1, f2=1, f3=3, f4=3, f5=3, f6=3, f7=3, f8=3]] ===
java.lang.AssertionError: All products must have Thumbnail
	at org.junit.Assert.fail(Assert.java:89) ~[junit-4.13.jar:4.13]
	at org.junit.Assert.assertTrue(Assert.java:42) ~[junit-4.13.jar:4.13]
	at org.junit.Assert.assertFalse(Assert.java:65) ~[junit-4.13.jar:4.13]
	at tests.BaseTest.checkFalse(BaseTest.java:83) ~[test-classes/:?]
	at tests.productCardsTests.ProductCardThumbnailTests.isThereThumbnailInProductCard(ProductCardThumbnailTests.java:44) ~[test-classes/:?]
	at jdk.internal.reflect.DirectMethodHandleAccessor.invoke(DirectMethodHandleAccessor.java:103) ~[?:?]
	at java.lang.reflect.Method.invoke(Method.java:580) ~[?:?]
	at org.junit.runners.model.FrameworkMethod$1.runReflectiveCall(FrameworkMethod.java:59) ~[junit-4.13.jar:4.13]
	at org.junit.internal.runners.model.ReflectiveCallable.run(ReflectiveCallable.java:12) ~[junit-4.13.jar:4.13]
	at org.junit.runners.model.FrameworkMethod.invokeExplosively(FrameworkMethod.java:56) ~[junit-4.13.jar:4.13]
	at org.junit.internal.runners.statements.InvokeMethod.evaluate(InvokeMethod.java:17) ~[junit-4.13.jar:4.13]
	at org.junit.internal.runners.statements.RunBefores.evaluate(RunBefores.java:26) ~[junit-4.13.jar:4.13]
	at org.junit.internal.runners.statements.RunAfters.evaluate(RunAfters.java:27) ~[junit-4.13.jar:4.13]
	at org.junit.rules.TestWatcher$1.evaluate(TestWatcher.java:61) [junit-4.13.jar:4.13]
	at org.junit.runners.ParentRunner$3.evaluate(ParentRunner.java:306) [junit-4.13.jar:4.13]
	at org.junit.runners.BlockJUnit4ClassRunner$1.evaluate(BlockJUnit4ClassRunner.java:100) [junit-4.13.jar:4.13]
	at org.junit.runners.ParentRunner.runLeaf(ParentRunner.java:366) [junit-4.13.jar:4.13]
	at org.junit.runners.BlockJUnit4ClassRunner.runChild(BlockJUnit4ClassRunner.java:103) [junit-4.13.jar:4.13]
	at org.junit.runners.BlockJUnit4ClassRunner.runChild(BlockJUnit4ClassRunner.java:63) [junit-4.13.jar:4.13]
	at org.junit.runners.ParentRunner$4.run(ParentRunner.java:331) [junit-4.13.jar:4.13]
	at org.junit.runners.ParentRunner$1.schedule(ParentRunner.java:79) [junit-4.13.jar:4.13]
	at org.junit.runners.ParentRunner.runChildren(ParentRunner.java:329) [junit-4.13.jar:4.13]
	at org.junit.runners.ParentRunner.access$100(ParentRunner.java:66) [junit-4.13.jar:4.13]
	at org.junit.runners.ParentRunner$2.evaluate(ParentRunner.java:293) [junit-4.13.jar:4.13]
	at org.junit.runners.ParentRunner.run(ParentRunner.java:413) [junit-4.13.jar:4.13]
	at org.junit.runners.Suite.runChild(Suite.java:128) [junit-4.13.jar:4.13]
	at org.junit.runners.Suite.runChild(Suite.java:27) [junit-4.13.jar:4.13]
	at org.junit.runners.ParentRunner$4.run(ParentRunner.java:331) [junit-4.13.jar:4.13]
	at org.junit.runners.ParentRunner$1.schedule(ParentRunner.java:79) [junit-4.13.jar:4.13]
	at org.junit.runners.ParentRunner.runChildren(ParentRunner.java:329) [junit-4.13.jar:4.13]
	at org.junit.runners.ParentRunner.access$100(ParentRunner.java:66) [junit-4.13.jar:4.13]
	at org.junit.runners.ParentRunner$2.evaluate(ParentRunner.java:293) [junit-4.13.jar:4.13]
	at org.junit.runners.ParentRunner$3.evaluate(ParentRunner.java:306) [junit-4.13.jar:4.13]
	at org.junit.runners.ParentRunner.run(ParentRunner.java:413) [junit-4.13.jar:4.13]
	at org.eclipse.jdt.internal.junit4.runner.JUnit4TestReference.run(JUnit4TestReference.java:93) [.cp/:?]
	at org.eclipse.jdt.internal.junit.runner.TestExecution.run(TestExecution.java:40) [.cp/:?]
	at org.eclipse.jdt.internal.junit.runner.RemoteTestRunner.runTests(RemoteTestRunner.java:530) [.cp/:?]
	at org.eclipse.jdt.internal.junit.runner.RemoteTestRunner.runTests(RemoteTestRunner.java:758) [.cp/:?]
	at org.eclipse.jdt.internal.junit.runner.RemoteTestRunner.run(RemoteTestRunner.java:453) [.cp/:?]
	at org.eclipse.jdt.internal.junit.runner.RemoteTestRunner.main(RemoteTestRunner.java:211) [.cp/:?]
2025-12-29 18:20:41 INFO  === END   tests.productCardsTests.ProductCardThumbnailTests.isThereThumbnailInProductCard[Exp#3 [f1=1, f2=1, f3=3, f4=3, f5=3, f6=3, f7=3, f8=3]] ===
2025-12-29 18:20:41 INFO  === START tests.productCardsTests.ProductCardThumbnailTests.isThereThumbnailInProductCard[Exp#4 [f1=1, f2=2, f3=1, f4=1, f5=2, f6=2, f7=3, f8=3]] ===
2025-12-29 18:20:50 ERROR STEP FAIL: All products must have Thumbnail
2025-12-29 18:20:50 ERROR === FAIL  tests.productCardsTests.ProductCardThumbnailTests.isThereThumbnailInProductCard[Exp#4 [f1=1, f2=2, f3=1, f4=1, f5=2, f6=2, f7=3, f8=3]] ===
java.lang.AssertionError: All products must have Thumbnail
	at org.junit.Assert.fail(Assert.java:89) ~[junit-4.13.jar:4.13]
	at org.junit.Assert.assertTrue(Assert.java:42) ~[junit-4.13.jar:4.13]
	at org.junit.Assert.assertFalse(Assert.java:65) ~[junit-4.13.jar:4.13]
	at tests.BaseTest.checkFalse(BaseTest.java:83) ~[test-classes/:?]
	at tests.productCardsTests.ProductCardThumbnailTests.isThereThumbnailInProductCard(ProductCardThumbnailTests.java:44) ~[test-classes/:?]
	at jdk.internal.reflect.DirectMethodHandleAccessor.invoke(DirectMethodHandleAccessor.java:103) ~[?:?]
	at java.lang.reflect.Method.invoke(Method.java:580) ~[?:?]
	at org.junit.runners.model.FrameworkMethod$1.runReflectiveCall(FrameworkMethod.java:59) ~[junit-4.13.jar:4.13]
	at org.junit.internal.runners.model.ReflectiveCallable.run(ReflectiveCallable.java:12) ~[junit-4.13.jar:4.13]
	at org.junit.runners.model.FrameworkMethod.invokeExplosively(FrameworkMethod.java:56) ~[junit-4.13.jar:4.13]
	at org.junit.internal.runners.statements.InvokeMethod.evaluate(InvokeMethod.java:17) ~[junit-4.13.jar:4.13]
	at org.junit.internal.runners.statements.RunBefores.evaluate(RunBefores.java:26) ~[junit-4.13.jar:4.13]
	at org.junit.internal.runners.statements.RunAfters.evaluate(RunAfters.java:27) ~[junit-4.13.jar:4.13]
	at org.junit.rules.TestWatcher$1.evaluate(TestWatcher.java:61) [junit-4.13.jar:4.13]
	at org.junit.runners.ParentRunner$3.evaluate(ParentRunner.java:306) [junit-4.13.jar:4.13]
	at org.junit.runners.BlockJUnit4ClassRunner$1.evaluate(BlockJUnit4ClassRunner.java:100) [junit-4.13.jar:4.13]
	at org.junit.runners.ParentRunner.runLeaf(ParentRunner.java:366) [junit-4.13.jar:4.13]
	at org.junit.runners.BlockJUnit4ClassRunner.runChild(BlockJUnit4ClassRunner.java:103) [junit-4.13.jar:4.13]
	at org.junit.runners.BlockJUnit4ClassRunner.runChild(BlockJUnit4ClassRunner.java:63) [junit-4.13.jar:4.13]
	at org.junit.runners.ParentRunner$4.run(ParentRunner.java:331) [junit-4.13.jar:4.13]
	at org.junit.runners.ParentRunner$1.schedule(ParentRunner.java:79) [junit-4.13.jar:4.13]
	at org.junit.runners.ParentRunner.runChildren(ParentRunner.java:329) [junit-4.13.jar:4.13]
	at org.junit.runners.ParentRunner.access$100(ParentRunner.java:66) [junit-4.13.jar:4.13]
	at org.junit.runners.ParentRunner$2.evaluate(ParentRunner.java:293) [junit-4.13.jar:4.13]
	at org.junit.runners.ParentRunner.run(ParentRunner.java:413) [junit-4.13.jar:4.13]
	at org.junit.runners.Suite.runChild(Suite.java:128) [junit-4.13.jar:4.13]
	at org.junit.runners.Suite.runChild(Suite.java:27) [junit-4.13.jar:4.13]
	at org.junit.runners.ParentRunner$4.run(ParentRunner.java:331) [junit-4.13.jar:4.13]
	at org.junit.runners.ParentRunner$1.schedule(ParentRunner.java:79) [junit-4.13.jar:4.13]
	at org.junit.runners.ParentRunner.runChildren(ParentRunner.java:329) [junit-4.13.jar:4.13]
	at org.junit.runners.ParentRunner.access$100(ParentRunner.java:66) [junit-4.13.jar:4.13]
	at org.junit.runners.ParentRunner$2.evaluate(ParentRunner.java:293) [junit-4.13.jar:4.13]
	at org.junit.runners.ParentRunner$3.evaluate(ParentRunner.java:306) [junit-4.13.jar:4.13]
	at org.junit.runners.ParentRunner.run(ParentRunner.java:413) [junit-4.13.jar:4.13]
	at org.eclipse.jdt.internal.junit4.runner.JUnit4TestReference.run(JUnit4TestReference.java:93) [.cp/:?]
	at org.eclipse.jdt.internal.junit.runner.TestExecution.run(TestExecution.java:40) [.cp/:?]
	at org.eclipse.jdt.internal.junit.runner.RemoteTestRunner.runTests(RemoteTestRunner.java:530) [.cp/:?]
	at org.eclipse.jdt.internal.junit.runner.RemoteTestRunner.runTests(RemoteTestRunner.java:758) [.cp/:?]
	at org.eclipse.jdt.internal.junit.runner.RemoteTestRunner.run(RemoteTestRunner.java:453) [.cp/:?]
	at org.eclipse.jdt.internal.junit.runner.RemoteTestRunner.main(RemoteTestRunner.java:211) [.cp/:?]
2025-12-29 18:20:50 INFO  === END   tests.productCardsTests.ProductCardThumbnailTests.isThereThumbnailInProductCard[Exp#4 [f1=1, f2=2, f3=1, f4=1, f5=2, f6=2, f7=3, f8=3]] ===
2025-12-29 18:20:50 INFO  === START tests.productCardsTests.ProductCardThumbnailTests.isThereThumbnailInProductCard[Exp#5 [f1=1, f2=2, f3=2, f4=2, f5=3, f6=3, f7=1, f8=1]] ===
2025-12-29 18:20:55 INFO  === START tests.productCardsTests.ProductCardThumbnailTests.isThereThumbnailInProductCard[Exp#1 [f1=1, f2=1, f3=1, f4=1, f5=1, f6=1, f7=1, f8=1]] ===
2025-12-29 18:21:06 INFO  STEP PASS: All products must have Thumbnail
2025-12-29 18:21:06 INFO  === PASS  tests.productCardsTests.ProductCardThumbnailTests.isThereThumbnailInProductCard[Exp#1 [f1=1, f2=1, f3=1, f4=1, f5=1, f6=1, f7=1, f8=1]] ===
2025-12-29 18:21:06 INFO  === END   tests.productCardsTests.ProductCardThumbnailTests.isThereThumbnailInProductCard[Exp#1 [f1=1, f2=1, f3=1, f4=1, f5=1, f6=1, f7=1, f8=1]] ===
2025-12-29 18:21:06 INFO  === START tests.productCardsTests.ProductCardThumbnailTests.isThereThumbnailInProductCard[Exp#2 [f1=1, f2=1, f3=2, f4=2, f5=2, f6=2, f7=2, f8=2]] ===
2025-12-29 18:21:15 INFO  STEP PASS: All products must have Thumbnail
2025-12-29 18:21:15 INFO  === PASS  tests.productCardsTests.ProductCardThumbnailTests.isThereThumbnailInProductCard[Exp#2 [f1=1, f2=1, f3=2, f4=2, f5=2, f6=2, f7=2, f8=2]] ===
2025-12-29 18:21:15 INFO  === END   tests.productCardsTests.ProductCardThumbnailTests.isThereThumbnailInProductCard[Exp#2 [f1=1, f2=1, f3=2, f4=2, f5=2, f6=2, f7=2, f8=2]] ===
2025-12-29 18:21:15 INFO  === START tests.productCardsTests.ProductCardThumbnailTests.isThereThumbnailInProductCard[Exp#3 [f1=1, f2=1, f3=3, f4=3, f5=3, f6=3, f7=3, f8=3]] ===
2025-12-29 18:21:25 INFO  STEP PASS: All products must have Thumbnail
2025-12-29 18:21:25 INFO  === PASS  tests.productCardsTests.ProductCardThumbnailTests.isThereThumbnailInProductCard[Exp#3 [f1=1, f2=1, f3=3, f4=3, f5=3, f6=3, f7=3, f8=3]] ===
2025-12-29 18:21:25 INFO  === END   tests.productCardsTests.ProductCardThumbnailTests.isThereThumbnailInProductCard[Exp#3 [f1=1, f2=1, f3=3, f4=3, f5=3, f6=3, f7=3, f8=3]] ===
2025-12-29 18:21:25 INFO  === START tests.productCardsTests.ProductCardThumbnailTests.isThereThumbnailInProductCard[Exp#4 [f1=1, f2=2, f3=1, f4=1, f5=2, f6=2, f7=3, f8=3]] ===
2025-12-29 18:21:35 INFO  STEP PASS: All products must have Thumbnail
2025-12-29 18:21:35 INFO  === PASS  tests.productCardsTests.ProductCardThumbnailTests.isThereThumbnailInProductCard[Exp#4 [f1=1, f2=2, f3=1, f4=1, f5=2, f6=2, f7=3, f8=3]] ===
2025-12-29 18:21:35 INFO  === END   tests.productCardsTests.ProductCardThumbnailTests.isThereThumbnailInProductCard[Exp#4 [f1=1, f2=2, f3=1, f4=1, f5=2, f6=2, f7=3, f8=3]] ===
2025-12-29 18:21:35 INFO  === START tests.productCardsTests.ProductCardThumbnailTests.isThereThumbnailInProductCard[Exp#5 [f1=1, f2=2, f3=2, f4=2, f5=3, f6=3, f7=1, f8=1]] ===
2025-12-29 18:21:45 INFO  STEP PASS: All products must have Thumbnail
2025-12-29 18:21:45 INFO  === PASS  tests.productCardsTests.ProductCardThumbnailTests.isThereThumbnailInProductCard[Exp#5 [f1=1, f2=2, f3=2, f4=2, f5=3, f6=3, f7=1, f8=1]] ===
2025-12-29 18:21:45 INFO  === END   tests.productCardsTests.ProductCardThumbnailTests.isThereThumbnailInProductCard[Exp#5 [f1=1, f2=2, f3=2, f4=2, f5=3, f6=3, f7=1, f8=1]] ===
2025-12-29 18:21:45 INFO  === START tests.productCardsTests.ProductCardThumbnailTests.isThereThumbnailInProductCard[Exp#6 [f1=1, f2=2, f3=3, f4=3, f5=1, f6=1, f7=2, f8=2]] ===
2025-12-29 18:21:54 INFO  STEP PASS: All products must have Thumbnail
2025-12-29 18:21:54 INFO  === PASS  tests.productCardsTests.ProductCardThumbnailTests.isThereThumbnailInProductCard[Exp#6 [f1=1, f2=2, f3=3, f4=3, f5=1, f6=1, f7=2, f8=2]] ===
2025-12-29 18:21:54 INFO  === END   tests.productCardsTests.ProductCardThumbnailTests.isThereThumbnailInProductCard[Exp#6 [f1=1, f2=2, f3=3, f4=3, f5=1, f6=1, f7=2, f8=2]] ===
2025-12-29 18:21:54 INFO  === START tests.productCardsTests.ProductCardThumbnailTests.isThereThumbnailInProductCard[Exp#7 [f1=1, f2=3, f3=1, f4=2, f5=1, f6=3, f7=2, f8=3]] ===
2025-12-29 18:22:05 INFO  STEP PASS: All products must have Thumbnail
2025-12-29 18:22:05 INFO  === PASS  tests.productCardsTests.ProductCardThumbnailTests.isThereThumbnailInProductCard[Exp#7 [f1=1, f2=3, f3=1, f4=2, f5=1, f6=3, f7=2, f8=3]] ===
2025-12-29 18:22:05 INFO  === END   tests.productCardsTests.ProductCardThumbnailTests.isThereThumbnailInProductCard[Exp#7 [f1=1, f2=3, f3=1, f4=2, f5=1, f6=3, f7=2, f8=3]] ===
2025-12-29 18:22:05 INFO  === START tests.productCardsTests.ProductCardThumbnailTests.isThereThumbnailInProductCard[Exp#8 [f1=1, f2=3, f3=2, f4=3, f5=2, f6=1, f7=3, f8=1]] ===
2025-12-29 18:22:14 INFO  STEP PASS: All products must have Thumbnail
2025-12-29 18:22:14 INFO  === PASS  tests.productCardsTests.ProductCardThumbnailTests.isThereThumbnailInProductCard[Exp#8 [f1=1, f2=3, f3=2, f4=3, f5=2, f6=1, f7=3, f8=1]] ===
2025-12-29 18:22:14 INFO  === END   tests.productCardsTests.ProductCardThumbnailTests.isThereThumbnailInProductCard[Exp#8 [f1=1, f2=3, f3=2, f4=3, f5=2, f6=1, f7=3, f8=1]] ===
2025-12-29 18:22:14 INFO  === START tests.productCardsTests.ProductCardThumbnailTests.isThereThumbnailInProductCard[Exp#9 [f1=1, f2=3, f3=3, f4=1, f5=3, f6=2, f7=1, f8=2]] ===
2025-12-29 18:22:23 INFO  STEP PASS: All products must have Thumbnail
2025-12-29 18:22:24 INFO  === PASS  tests.productCardsTests.ProductCardThumbnailTests.isThereThumbnailInProductCard[Exp#9 [f1=1, f2=3, f3=3, f4=1, f5=3, f6=2, f7=1, f8=2]] ===
2025-12-29 18:22:24 INFO  === END   tests.productCardsTests.ProductCardThumbnailTests.isThereThumbnailInProductCard[Exp#9 [f1=1, f2=3, f3=3, f4=1, f5=3, f6=2, f7=1, f8=2]] ===
2025-12-29 18:22:24 INFO  === START tests.productCardsTests.ProductCardThumbnailTests.isThereThumbnailInProductCard[Exp#10 [f1=2, f2=1, f3=1, f4=3, f5=3, f6=2, f7=2, f8=1]] ===
2025-12-29 18:27:53 INFO  === START tests.productCardsTests.ProductCardThumbnailTests.isThereThumbnailInProductCard[Exp#1 [f1=1, f2=1, f3=1, f4=1, f5=1, f6=1, f7=1, f8=1]] ===
2025-12-29 18:28:05 INFO  STEP PASS: All products must have Thumbnail
2025-12-29 18:28:05 INFO  === PASS  tests.productCardsTests.ProductCardThumbnailTests.isThereThumbnailInProductCard[Exp#1 [f1=1, f2=1, f3=1, f4=1, f5=1, f6=1, f7=1, f8=1]] ===
2025-12-29 18:28:05 INFO  === END   tests.productCardsTests.ProductCardThumbnailTests.isThereThumbnailInProductCard[Exp#1 [f1=1, f2=1, f3=1, f4=1, f5=1, f6=1, f7=1, f8=1]] ===
2025-12-29 18:28:05 INFO  === START tests.productCardsTests.ProductCardThumbnailTests.isThereThumbnailInProductCard[Exp#2 [f1=1, f2=1, f3=2, f4=2, f5=2, f6=2, f7=2, f8=2]] ===
2025-12-29 18:28:16 INFO  STEP PASS: All products must have Thumbnail
2025-12-29 18:28:16 INFO  === PASS  tests.productCardsTests.ProductCardThumbnailTests.isThereThumbnailInProductCard[Exp#2 [f1=1, f2=1, f3=2, f4=2, f5=2, f6=2, f7=2, f8=2]] ===
2025-12-29 18:28:16 INFO  === END   tests.productCardsTests.ProductCardThumbnailTests.isThereThumbnailInProductCard[Exp#2 [f1=1, f2=1, f3=2, f4=2, f5=2, f6=2, f7=2, f8=2]] ===
2025-12-29 18:28:16 INFO  === START tests.productCardsTests.ProductCardThumbnailTests.isThereThumbnailInProductCard[Exp#3 [f1=1, f2=1, f3=3, f4=3, f5=3, f6=3, f7=3, f8=3]] ===
2025-12-29 18:28:25 INFO  STEP PASS: All products must have Thumbnail
2025-12-29 18:28:26 INFO  === PASS  tests.productCardsTests.ProductCardThumbnailTests.isThereThumbnailInProductCard[Exp#3 [f1=1, f2=1, f3=3, f4=3, f5=3, f6=3, f7=3, f8=3]] ===
2025-12-29 18:28:26 INFO  === END   tests.productCardsTests.ProductCardThumbnailTests.isThereThumbnailInProductCard[Exp#3 [f1=1, f2=1, f3=3, f4=3, f5=3, f6=3, f7=3, f8=3]] ===
2025-12-29 18:28:26 INFO  === START tests.productCardsTests.ProductCardThumbnailTests.isThereThumbnailInProductCard[Exp#4 [f1=1, f2=2, f3=1, f4=1, f5=2, f6=2, f7=3, f8=3]] ===
2025-12-29 23:21:56 INFO  === START tests.productCardsTests.RatingMatchesReviewsTests.reviewsShouldMatchRating[Exp#1 [f1=1, f2=1, f3=1, f4=1, f5=1, f6=1, f7=1, f8=1]] ===
2025-12-29 23:21:59 INFO  STEP: 📝 New input: Filling form fields.
2025-12-29 23:22:08 INFO  STEP: === CARD 1 ===
2025-12-29 23:22:08 INFO  STEP: Toggle Reviews
2025-12-29 23:22:09 INFO  STEP: Is reviwes window open?: true
2025-12-29 23:22:09 INFO  STEP: Number of reviews: 4
2025-12-29 23:22:09 INFO  STEP: stars:5
2025-12-29 23:22:09 INFO  STEP: stars:3
2025-12-29 23:22:09 INFO  STEP: stars:3
2025-12-29 23:22:10 INFO  STEP: stars:5
2025-12-29 23:22:10 INFO  STEP: sum of stars:16
2025-12-29 23:22:10 INFO  STEP: #1 Product rating: 4.5 ||| Actual rating:4.0
2025-12-29 23:22:10 INFO  STEP: === CARD 2 ===
2025-12-29 23:22:10 INFO  STEP: Toggle Reviews
2025-12-29 23:22:10 INFO  STEP: Is reviwes window open?: true
2025-12-29 23:22:10 INFO  STEP: Number of reviews: 4
2025-12-29 23:22:11 INFO  STEP: stars:5
2025-12-29 23:22:11 INFO  STEP: stars:3
2025-12-29 23:22:11 INFO  STEP: stars:2
2025-12-29 23:22:11 INFO  STEP: stars:4
2025-12-29 23:22:11 INFO  STEP: sum of stars:14
2025-12-29 23:22:11 INFO  STEP: #2 Product rating: 4.4 ||| Actual rating:3.0
2025-12-29 23:22:11 INFO  STEP: === CARD 3 ===
2025-12-29 23:22:11 INFO  STEP: Toggle Reviews
2025-12-29 23:22:12 INFO  STEP: Is reviwes window open?: true
2025-12-29 23:22:12 INFO  STEP: Number of reviews: 4
2025-12-29 23:22:12 INFO  STEP: stars:5
2025-12-29 23:22:12 INFO  STEP: stars:5
2025-12-29 23:22:12 INFO  STEP: stars:3
2025-12-29 23:22:12 INFO  STEP: stars:4
2025-12-29 23:22:12 INFO  STEP: sum of stars:17
2025-12-29 23:22:12 INFO  STEP: #3 Product rating: 3.9 ||| Actual rating:4.0
2025-12-29 23:22:12 INFO  STEP: === CARD 4 ===
2025-12-29 23:22:12 INFO  STEP: Toggle Reviews
2025-12-29 23:22:13 INFO  STEP: Is reviwes window open?: true
2025-12-29 23:22:13 INFO  STEP: Number of reviews: 4
2025-12-29 23:22:13 INFO  STEP: stars:5
2025-12-29 23:22:13 INFO  STEP: stars:5
2025-12-29 23:22:13 INFO  STEP: stars:2
2025-12-29 23:22:14 INFO  STEP: stars:4
2025-12-29 23:22:14 INFO  STEP: sum of stars:16
2025-12-29 23:22:14 INFO  STEP: #4 Product rating: 3.0 ||| Actual rating:4.0
2025-12-29 23:22:14 INFO  STEP: === CARD 5 ===
2025-12-29 23:22:14 INFO  STEP: Toggle Reviews
2025-12-29 23:22:14 INFO  STEP: Is reviwes window open?: true
2025-12-29 23:22:14 INFO  STEP: Number of reviews: 4
2025-12-29 23:22:14 INFO  STEP: stars:5
2025-12-29 23:22:15 INFO  STEP: stars:5
2025-12-29 23:22:15 INFO  STEP: stars:5
2025-12-29 23:22:15 INFO  STEP: stars:4
2025-12-29 23:22:15 INFO  STEP: sum of stars:19
2025-12-29 23:22:15 INFO  STEP: #5 Product rating: 2.8 ||| Actual rating:4.0
2025-12-29 23:22:15 ERROR STEP FAIL: All reviews ratings should match the product rating
2025-12-29 23:22:16 ERROR === FAIL  tests.productCardsTests.RatingMatchesReviewsTests.reviewsShouldMatchRating[Exp#1 [f1=1, f2=1, f3=1, f4=1, f5=1, f6=1, f7=1, f8=1]] ===
java.lang.AssertionError: All reviews ratings should match the product rating
	at org.junit.Assert.fail(Assert.java:89) ~[junit-4.13.jar:4.13]
	at org.junit.Assert.assertTrue(Assert.java:42) ~[junit-4.13.jar:4.13]
	at tests.BaseTest.checkTrue(BaseTest.java:75) ~[test-classes/:?]
	at tests.productCardsTests.RatingMatchesReviewsTests.reviewsShouldMatchRating(RatingMatchesReviewsTests.java:74) ~[test-classes/:?]
	at jdk.internal.reflect.DirectMethodHandleAccessor.invoke(DirectMethodHandleAccessor.java:103) ~[?:?]
	at java.lang.reflect.Method.invoke(Method.java:580) ~[?:?]
	at org.junit.runners.model.FrameworkMethod$1.runReflectiveCall(FrameworkMethod.java:59) ~[junit-4.13.jar:4.13]
	at org.junit.internal.runners.model.ReflectiveCallable.run(ReflectiveCallable.java:12) ~[junit-4.13.jar:4.13]
	at org.junit.runners.model.FrameworkMethod.invokeExplosively(FrameworkMethod.java:56) ~[junit-4.13.jar:4.13]
	at org.junit.internal.runners.statements.InvokeMethod.evaluate(InvokeMethod.java:17) ~[junit-4.13.jar:4.13]
	at org.junit.internal.runners.statements.RunBefores.evaluate(RunBefores.java:26) ~[junit-4.13.jar:4.13]
	at org.junit.internal.runners.statements.RunAfters.evaluate(RunAfters.java:27) ~[junit-4.13.jar:4.13]
	at org.junit.rules.TestWatcher$1.evaluate(TestWatcher.java:61) [junit-4.13.jar:4.13]
	at org.junit.runners.ParentRunner$3.evaluate(ParentRunner.java:306) [junit-4.13.jar:4.13]
	at org.junit.runners.BlockJUnit4ClassRunner$1.evaluate(BlockJUnit4ClassRunner.java:100) [junit-4.13.jar:4.13]
	at org.junit.runners.ParentRunner.runLeaf(ParentRunner.java:366) [junit-4.13.jar:4.13]
	at org.junit.runners.BlockJUnit4ClassRunner.runChild(BlockJUnit4ClassRunner.java:103) [junit-4.13.jar:4.13]
	at org.junit.runners.BlockJUnit4ClassRunner.runChild(BlockJUnit4ClassRunner.java:63) [junit-4.13.jar:4.13]
	at org.junit.runners.ParentRunner$4.run(ParentRunner.java:331) [junit-4.13.jar:4.13]
	at org.junit.runners.ParentRunner$1.schedule(ParentRunner.java:79) [junit-4.13.jar:4.13]
	at org.junit.runners.ParentRunner.runChildren(ParentRunner.java:329) [junit-4.13.jar:4.13]
	at org.junit.runners.ParentRunner.access$100(ParentRunner.java:66) [junit-4.13.jar:4.13]
	at org.junit.runners.ParentRunner$2.evaluate(ParentRunner.java:293) [junit-4.13.jar:4.13]
	at org.junit.runners.ParentRunner.run(ParentRunner.java:413) [junit-4.13.jar:4.13]
	at org.junit.runners.Suite.runChild(Suite.java:128) [junit-4.13.jar:4.13]
	at org.junit.runners.Suite.runChild(Suite.java:27) [junit-4.13.jar:4.13]
	at org.junit.runners.ParentRunner$4.run(ParentRunner.java:331) [junit-4.13.jar:4.13]
	at org.junit.runners.ParentRunner$1.schedule(ParentRunner.java:79) [junit-4.13.jar:4.13]
	at org.junit.runners.ParentRunner.runChildren(ParentRunner.java:329) [junit-4.13.jar:4.13]
	at org.junit.runners.ParentRunner.access$100(ParentRunner.java:66) [junit-4.13.jar:4.13]
	at org.junit.runners.ParentRunner$2.evaluate(ParentRunner.java:293) [junit-4.13.jar:4.13]
	at org.junit.runners.ParentRunner$3.evaluate(ParentRunner.java:306) [junit-4.13.jar:4.13]
	at org.junit.runners.ParentRunner.run(ParentRunner.java:413) [junit-4.13.jar:4.13]
	at org.eclipse.jdt.internal.junit4.runner.JUnit4TestReference.run(JUnit4TestReference.java:93) [.cp/:?]
	at org.eclipse.jdt.internal.junit.runner.TestExecution.run(TestExecution.java:40) [.cp/:?]
	at org.eclipse.jdt.internal.junit.runner.RemoteTestRunner.runTests(RemoteTestRunner.java:530) [.cp/:?]
	at org.eclipse.jdt.internal.junit.runner.RemoteTestRunner.runTests(RemoteTestRunner.java:758) [.cp/:?]
	at org.eclipse.jdt.internal.junit.runner.RemoteTestRunner.run(RemoteTestRunner.java:453) [.cp/:?]
	at org.eclipse.jdt.internal.junit.runner.RemoteTestRunner.main(RemoteTestRunner.java:211) [.cp/:?]
2025-12-29 23:22:16 INFO  === END   tests.productCardsTests.RatingMatchesReviewsTests.reviewsShouldMatchRating[Exp#1 [f1=1, f2=1, f3=1, f4=1, f5=1, f6=1, f7=1, f8=1]] ===
2025-12-29 23:22:16 INFO  === START tests.productCardsTests.RatingMatchesReviewsTests.numberOfReviewsShouldMatch[Exp#1 [f1=1, f2=1, f3=1, f4=1, f5=1, f6=1, f7=1, f8=1]] ===
2025-12-29 23:22:17 INFO  STEP: ♻️ Using existing results for same input.
2025-12-29 23:22:18 ERROR === FAIL  tests.productCardsTests.RatingMatchesReviewsTests.numberOfReviewsShouldMatch[Exp#1 [f1=1, f2=1, f3=1, f4=1, f5=1, f6=1, f7=1, f8=1]] ===
org.openqa.selenium.NoSuchSessionException: Session ID is null. Using WebDriver after calling quit()?
Build info: version: '4.39.0', revision: '126f156aee'
System info: os.name: 'Windows 11', os.arch: 'amd64', os.version: '10.0', java.version: '23.0.1'
Driver info: org.openqa.selenium.chrome.ChromeDriver
Command: [null, findElement {using=css selector, value=[data-testid='product-grid']}]
Capabilities {acceptInsecureCerts: false, browserName: chrome, browserVersion: 143.0.7499.170, chrome: {chromedriverVersion: 143.0.7499.169 (164b20aab62..., userDataDir: C:\Users\igor1\AppData\Loca...}, fedcm:accounts: true, goog:chromeOptions: {debuggerAddress: localhost:59810}, goog:processID: 9396, networkConnectionEnabled: false, pageLoadStrategy: normal, platformName: windows, proxy: Proxy(), se:cdp: ws://localhost:59810/devtoo..., se:cdpVersion: 143.0.7499.170, setWindowRect: true, strictFileInteractability: false, timeouts: {implicit: 0, pageLoad: 300000, script: 30000}, unhandledPromptBehavior: dismiss and notify, webauthn:extension:credBlob: true, webauthn:extension:largeBlob: true, webauthn:extension:minPinLength: true, webauthn:extension:prf: true, webauthn:virtualAuthenticators: true}
	at org.openqa.selenium.remote.HttpCommandExecutor.execute(HttpCommandExecutor.java:176) ~[selenium-remote-driver-4.39.0.jar:?]
	at org.openqa.selenium.remote.service.DriverCommandExecutor.invokeExecute(DriverCommandExecutor.java:216) ~[selenium-remote-driver-4.39.0.jar:?]
	at org.openqa.selenium.remote.service.DriverCommandExecutor.execute(DriverCommandExecutor.java:174) ~[selenium-remote-driver-4.39.0.jar:?]
	at org.openqa.selenium.remote.RemoteWebDriver.execute(RemoteWebDriver.java:561) ~[selenium-remote-driver-4.39.0.jar:?]
	at org.openqa.selenium.remote.ElementLocation$ElementFinder$2.findElement(ElementLocation.java:166) ~[selenium-remote-driver-4.39.0.jar:?]
	at org.openqa.selenium.remote.ElementLocation.findElement(ElementLocation.java:60) ~[selenium-remote-driver-4.39.0.jar:?]
	at org.openqa.selenium.remote.RemoteWebDriver.findElement(RemoteWebDriver.java:384) ~[selenium-remote-driver-4.39.0.jar:?]
	at org.openqa.selenium.remote.RemoteWebDriver.findElement(RemoteWebDriver.java:378) ~[selenium-remote-driver-4.39.0.jar:?]
	at org.openqa.selenium.support.ui.ExpectedConditions$7.apply(ExpectedConditions.java:198) ~[selenium-support-4.39.0.jar:?]
	at org.openqa.selenium.support.ui.ExpectedConditions$7.apply(ExpectedConditions.java:194) ~[selenium-support-4.39.0.jar:?]
	at org.openqa.selenium.support.ui.FluentWait.until(FluentWait.java:203) ~[selenium-support-4.39.0.jar:?]
	at pages.ResultPage.getProductCards(ResultPage.java:77) ~[test-classes/:?]
	at pages.ResultPage.getCardsCount(ResultPage.java:84) ~[test-classes/:?]
	at tests.productCardsTests.RatingMatchesReviewsTests.numberOfReviewsShouldMatch(RatingMatchesReviewsTests.java:80) ~[test-classes/:?]
	at jdk.internal.reflect.DirectMethodHandleAccessor.invoke(DirectMethodHandleAccessor.java:103) ~[?:?]
	at java.lang.reflect.Method.invoke(Method.java:580) ~[?:?]
	at org.junit.runners.model.FrameworkMethod$1.runReflectiveCall(FrameworkMethod.java:59) ~[junit-4.13.jar:4.13]
	at org.junit.internal.runners.model.ReflectiveCallable.run(ReflectiveCallable.java:12) ~[junit-4.13.jar:4.13]
	at org.junit.runners.model.FrameworkMethod.invokeExplosively(FrameworkMethod.java:56) ~[junit-4.13.jar:4.13]
	at org.junit.internal.runners.statements.InvokeMethod.evaluate(InvokeMethod.java:17) ~[junit-4.13.jar:4.13]
	at org.junit.internal.runners.statements.RunBefores.evaluate(RunBefores.java:26) ~[junit-4.13.jar:4.13]
	at org.junit.internal.runners.statements.RunAfters.evaluate(RunAfters.java:27) ~[junit-4.13.jar:4.13]
	at org.junit.rules.TestWatcher$1.evaluate(TestWatcher.java:61) [junit-4.13.jar:4.13]
	at org.junit.runners.ParentRunner$3.evaluate(ParentRunner.java:306) [junit-4.13.jar:4.13]
	at org.junit.runners.BlockJUnit4ClassRunner$1.evaluate(BlockJUnit4ClassRunner.java:100) [junit-4.13.jar:4.13]
	at org.junit.runners.ParentRunner.runLeaf(ParentRunner.java:366) [junit-4.13.jar:4.13]
	at org.junit.runners.BlockJUnit4ClassRunner.runChild(BlockJUnit4ClassRunner.java:103) [junit-4.13.jar:4.13]
	at org.junit.runners.BlockJUnit4ClassRunner.runChild(BlockJUnit4ClassRunner.java:63) [junit-4.13.jar:4.13]
	at org.junit.runners.ParentRunner$4.run(ParentRunner.java:331) [junit-4.13.jar:4.13]
	at org.junit.runners.ParentRunner$1.schedule(ParentRunner.java:79) [junit-4.13.jar:4.13]
	at org.junit.runners.ParentRunner.runChildren(ParentRunner.java:329) [junit-4.13.jar:4.13]
	at org.junit.runners.ParentRunner.access$100(ParentRunner.java:66) [junit-4.13.jar:4.13]
	at org.junit.runners.ParentRunner$2.evaluate(ParentRunner.java:293) [junit-4.13.jar:4.13]
	at org.junit.runners.ParentRunner.run(ParentRunner.java:413) [junit-4.13.jar:4.13]
	at org.junit.runners.Suite.runChild(Suite.java:128) [junit-4.13.jar:4.13]
	at org.junit.runners.Suite.runChild(Suite.java:27) [junit-4.13.jar:4.13]
	at org.junit.runners.ParentRunner$4.run(ParentRunner.java:331) [junit-4.13.jar:4.13]
	at org.junit.runners.ParentRunner$1.schedule(ParentRunner.java:79) [junit-4.13.jar:4.13]
	at org.junit.runners.ParentRunner.runChildren(ParentRunner.java:329) [junit-4.13.jar:4.13]
	at org.junit.runners.ParentRunner.access$100(ParentRunner.java:66) [junit-4.13.jar:4.13]
	at org.junit.runners.ParentRunner$2.evaluate(ParentRunner.java:293) [junit-4.13.jar:4.13]
	at org.junit.runners.ParentRunner$3.evaluate(ParentRunner.java:306) [junit-4.13.jar:4.13]
	at org.junit.runners.ParentRunner.run(ParentRunner.java:413) [junit-4.13.jar:4.13]
	at org.eclipse.jdt.internal.junit4.runner.JUnit4TestReference.run(JUnit4TestReference.java:93) [.cp/:?]
	at org.eclipse.jdt.internal.junit.runner.TestExecution.run(TestExecution.java:40) [.cp/:?]
	at org.eclipse.jdt.internal.junit.runner.RemoteTestRunner.runTests(RemoteTestRunner.java:530) [.cp/:?]
	at org.eclipse.jdt.internal.junit.runner.RemoteTestRunner.runTests(RemoteTestRunner.java:758) [.cp/:?]
	at org.eclipse.jdt.internal.junit.runner.RemoteTestRunner.run(RemoteTestRunner.java:453) [.cp/:?]
	at org.eclipse.jdt.internal.junit.runner.RemoteTestRunner.main(RemoteTestRunner.java:211) [.cp/:?]
2025-12-29 23:22:18 INFO  === END   tests.productCardsTests.RatingMatchesReviewsTests.numberOfReviewsShouldMatch[Exp#1 [f1=1, f2=1, f3=1, f4=1, f5=1, f6=1, f7=1, f8=1]] ===
2025-12-29 23:22:18 INFO  === START tests.productCardsTests.RatingMatchesReviewsTests.reviewsShouldMatchRating[Exp#2 [f1=1, f2=1, f3=2, f4=2, f5=2, f6=2, f7=2, f8=2]] ===
2025-12-29 23:22:19 INFO  STEP: 📝 New input: Filling form fields.
2025-12-29 23:22:25 INFO  STEP: === CARD 1 ===
2025-12-29 23:22:25 INFO  STEP: Toggle Reviews
2025-12-29 23:22:26 INFO  STEP: Is reviwes window open?: true
2025-12-29 23:22:26 INFO  STEP: Number of reviews: 4
2025-12-29 23:22:26 INFO  STEP: stars:5
2025-12-29 23:22:26 INFO  STEP: stars:3
2025-12-29 23:22:26 INFO  STEP: stars:5
2025-12-29 23:22:27 INFO  STEP: stars:1
2025-12-29 23:22:27 INFO  STEP: sum of stars:14
2025-12-29 23:22:27 INFO  STEP: #1 Product rating: 4.5 ||| Actual rating:3.0
2025-12-29 23:22:27 INFO  STEP: === CARD 2 ===
2025-12-29 23:22:27 INFO  STEP: Toggle Reviews
2025-12-29 23:22:28 INFO  STEP: Is reviwes window open?: true
2025-12-29 23:22:28 INFO  STEP: Number of reviews: 4
2025-12-29 23:22:28 INFO  STEP: stars:5
2025-12-29 23:22:28 INFO  STEP: stars:5
2025-12-29 23:22:28 INFO  STEP: stars:5
2025-12-29 23:22:29 INFO  STEP: stars:4
2025-12-29 23:22:29 INFO  STEP: sum of stars:19
2025-12-29 23:22:29 INFO  STEP: #2 Product rating: 3.3 ||| Actual rating:4.0
2025-12-29 23:22:29 INFO  STEP: === CARD 3 ===
2025-12-29 23:22:29 INFO  STEP: Toggle Reviews
2025-12-29 23:22:30 INFO  STEP: Is reviwes window open?: true
2025-12-29 23:22:30 INFO  STEP: Number of reviews: 4
2025-12-29 23:22:30 INFO  STEP: stars:5
2025-12-29 23:22:30 INFO  STEP: stars:3
2025-12-29 23:22:31 INFO  STEP: stars:1
2025-12-29 23:22:31 INFO  STEP: stars:5
2025-12-29 23:22:31 INFO  STEP: sum of stars:14
2025-12-29 23:22:31 INFO  STEP: #3 Product rating: 3.9 ||| Actual rating:3.0
2025-12-29 23:22:31 INFO  STEP: === CARD 4 ===
2025-12-29 23:22:31 INFO  STEP: Toggle Reviews
2025-12-29 23:22:32 INFO  STEP: Is reviwes window open?: true
2025-12-29 23:22:32 INFO  STEP: Number of reviews: 4
2025-12-29 23:22:32 INFO  STEP: stars:5
2025-12-29 23:22:32 INFO  STEP: stars:4
2025-12-29 23:22:33 INFO  STEP: stars:4
2025-12-29 23:22:33 INFO  STEP: stars:5
2025-12-29 23:22:33 INFO  STEP: sum of stars:18
2025-12-29 23:22:33 INFO  STEP: #4 Product rating: 4.0 ||| Actual rating:4.0
2025-12-29 23:22:33 INFO  STEP: === CARD 5 ===
2025-12-29 23:22:33 INFO  STEP: Toggle Reviews
2025-12-29 23:22:34 INFO  STEP: Is reviwes window open?: true
2025-12-29 23:22:34 INFO  STEP: Number of reviews: 4
2025-12-29 23:22:34 INFO  STEP: stars:5
2025-12-29 23:22:34 INFO  STEP: stars:5
2025-12-29 23:22:34 INFO  STEP: stars:5
2025-12-29 23:22:34 INFO  STEP: stars:5
2025-12-29 23:22:34 INFO  STEP: sum of stars:20
2025-12-29 23:22:34 INFO  STEP: #5 Product rating: 4.6 ||| Actual rating:5.0
2025-12-29 23:22:34 ERROR STEP FAIL: All reviews ratings should match the product rating
2025-12-29 23:22:34 ERROR === FAIL  tests.productCardsTests.RatingMatchesReviewsTests.reviewsShouldMatchRating[Exp#2 [f1=1, f2=1, f3=2, f4=2, f5=2, f6=2, f7=2, f8=2]] ===
java.lang.AssertionError: All reviews ratings should match the product rating
	at org.junit.Assert.fail(Assert.java:89) ~[junit-4.13.jar:4.13]
	at org.junit.Assert.assertTrue(Assert.java:42) ~[junit-4.13.jar:4.13]
	at tests.BaseTest.checkTrue(BaseTest.java:75) ~[test-classes/:?]
	at tests.productCardsTests.RatingMatchesReviewsTests.reviewsShouldMatchRating(RatingMatchesReviewsTests.java:74) ~[test-classes/:?]
	at jdk.internal.reflect.DirectMethodHandleAccessor.invoke(DirectMethodHandleAccessor.java:103) ~[?:?]
	at java.lang.reflect.Method.invoke(Method.java:580) ~[?:?]
	at org.junit.runners.model.FrameworkMethod$1.runReflectiveCall(FrameworkMethod.java:59) ~[junit-4.13.jar:4.13]
	at org.junit.internal.runners.model.ReflectiveCallable.run(ReflectiveCallable.java:12) ~[junit-4.13.jar:4.13]
	at org.junit.runners.model.FrameworkMethod.invokeExplosively(FrameworkMethod.java:56) ~[junit-4.13.jar:4.13]
	at org.junit.internal.runners.statements.InvokeMethod.evaluate(InvokeMethod.java:17) ~[junit-4.13.jar:4.13]
	at org.junit.internal.runners.statements.RunBefores.evaluate(RunBefores.java:26) ~[junit-4.13.jar:4.13]
	at org.junit.internal.runners.statements.RunAfters.evaluate(RunAfters.java:27) ~[junit-4.13.jar:4.13]
	at org.junit.rules.TestWatcher$1.evaluate(TestWatcher.java:61) [junit-4.13.jar:4.13]
	at org.junit.runners.ParentRunner$3.evaluate(ParentRunner.java:306) [junit-4.13.jar:4.13]
	at org.junit.runners.BlockJUnit4ClassRunner$1.evaluate(BlockJUnit4ClassRunner.java:100) [junit-4.13.jar:4.13]
	at org.junit.runners.ParentRunner.runLeaf(ParentRunner.java:366) [junit-4.13.jar:4.13]
	at org.junit.runners.BlockJUnit4ClassRunner.runChild(BlockJUnit4ClassRunner.java:103) [junit-4.13.jar:4.13]
	at org.junit.runners.BlockJUnit4ClassRunner.runChild(BlockJUnit4ClassRunner.java:63) [junit-4.13.jar:4.13]
	at org.junit.runners.ParentRunner$4.run(ParentRunner.java:331) [junit-4.13.jar:4.13]
	at org.junit.runners.ParentRunner$1.schedule(ParentRunner.java:79) [junit-4.13.jar:4.13]
	at org.junit.runners.ParentRunner.runChildren(ParentRunner.java:329) [junit-4.13.jar:4.13]
	at org.junit.runners.ParentRunner.access$100(ParentRunner.java:66) [junit-4.13.jar:4.13]
	at org.junit.runners.ParentRunner$2.evaluate(ParentRunner.java:293) [junit-4.13.jar:4.13]
	at org.junit.runners.ParentRunner.run(ParentRunner.java:413) [junit-4.13.jar:4.13]
	at org.junit.runners.Suite.runChild(Suite.java:128) [junit-4.13.jar:4.13]
	at org.junit.runners.Suite.runChild(Suite.java:27) [junit-4.13.jar:4.13]
	at org.junit.runners.ParentRunner$4.run(ParentRunner.java:331) [junit-4.13.jar:4.13]
	at org.junit.runners.ParentRunner$1.schedule(ParentRunner.java:79) [junit-4.13.jar:4.13]
	at org.junit.runners.ParentRunner.runChildren(ParentRunner.java:329) [junit-4.13.jar:4.13]
	at org.junit.runners.ParentRunner.access$100(ParentRunner.java:66) [junit-4.13.jar:4.13]
	at org.junit.runners.ParentRunner$2.evaluate(ParentRunner.java:293) [junit-4.13.jar:4.13]
	at org.junit.runners.ParentRunner$3.evaluate(ParentRunner.java:306) [junit-4.13.jar:4.13]
	at org.junit.runners.ParentRunner.run(ParentRunner.java:413) [junit-4.13.jar:4.13]
	at org.eclipse.jdt.internal.junit4.runner.JUnit4TestReference.run(JUnit4TestReference.java:93) [.cp/:?]
	at org.eclipse.jdt.internal.junit.runner.TestExecution.run(TestExecution.java:40) [.cp/:?]
	at org.eclipse.jdt.internal.junit.runner.RemoteTestRunner.runTests(RemoteTestRunner.java:530) [.cp/:?]
	at org.eclipse.jdt.internal.junit.runner.RemoteTestRunner.runTests(RemoteTestRunner.java:758) [.cp/:?]
	at org.eclipse.jdt.internal.junit.runner.RemoteTestRunner.run(RemoteTestRunner.java:453) [.cp/:?]
	at org.eclipse.jdt.internal.junit.runner.RemoteTestRunner.main(RemoteTestRunner.java:211) [.cp/:?]
2025-12-29 23:22:34 INFO  === END   tests.productCardsTests.RatingMatchesReviewsTests.reviewsShouldMatchRating[Exp#2 [f1=1, f2=1, f3=2, f4=2, f5=2, f6=2, f7=2, f8=2]] ===
2025-12-29 23:22:34 INFO  === START tests.productCardsTests.RatingMatchesReviewsTests.numberOfReviewsShouldMatch[Exp#2 [f1=1, f2=1, f3=2, f4=2, f5=2, f6=2, f7=2, f8=2]] ===
2025-12-29 23:22:36 INFO  STEP: ♻️ Using existing results for same input.
2025-12-29 23:22:36 ERROR === FAIL  tests.productCardsTests.RatingMatchesReviewsTests.numberOfReviewsShouldMatch[Exp#2 [f1=1, f2=1, f3=2, f4=2, f5=2, f6=2, f7=2, f8=2]] ===
org.openqa.selenium.NoSuchSessionException: Session ID is null. Using WebDriver after calling quit()?
Build info: version: '4.39.0', revision: '126f156aee'
System info: os.name: 'Windows 11', os.arch: 'amd64', os.version: '10.0', java.version: '23.0.1'
Driver info: org.openqa.selenium.chrome.ChromeDriver
Command: [null, findElement {using=css selector, value=[data-testid='product-grid']}]
Capabilities {acceptInsecureCerts: false, browserName: chrome, browserVersion: 143.0.7499.170, chrome: {chromedriverVersion: 143.0.7499.169 (164b20aab62..., userDataDir: C:\Users\igor1\AppData\Loca...}, fedcm:accounts: true, goog:chromeOptions: {debuggerAddress: localhost:50509}, goog:processID: 20032, networkConnectionEnabled: false, pageLoadStrategy: normal, platformName: windows, proxy: Proxy(), se:cdp: ws://localhost:50509/devtoo..., se:cdpVersion: 143.0.7499.170, setWindowRect: true, strictFileInteractability: false, timeouts: {implicit: 0, pageLoad: 300000, script: 30000}, unhandledPromptBehavior: dismiss and notify, webauthn:extension:credBlob: true, webauthn:extension:largeBlob: true, webauthn:extension:minPinLength: true, webauthn:extension:prf: true, webauthn:virtualAuthenticators: true}
	at org.openqa.selenium.remote.HttpCommandExecutor.execute(HttpCommandExecutor.java:176) ~[selenium-remote-driver-4.39.0.jar:?]
	at org.openqa.selenium.remote.service.DriverCommandExecutor.invokeExecute(DriverCommandExecutor.java:216) ~[selenium-remote-driver-4.39.0.jar:?]
	at org.openqa.selenium.remote.service.DriverCommandExecutor.execute(DriverCommandExecutor.java:174) ~[selenium-remote-driver-4.39.0.jar:?]
	at org.openqa.selenium.remote.RemoteWebDriver.execute(RemoteWebDriver.java:561) ~[selenium-remote-driver-4.39.0.jar:?]
	at org.openqa.selenium.remote.ElementLocation$ElementFinder$2.findElement(ElementLocation.java:166) ~[selenium-remote-driver-4.39.0.jar:?]
	at org.openqa.selenium.remote.ElementLocation.findElement(ElementLocation.java:60) ~[selenium-remote-driver-4.39.0.jar:?]
	at org.openqa.selenium.remote.RemoteWebDriver.findElement(RemoteWebDriver.java:384) ~[selenium-remote-driver-4.39.0.jar:?]
	at org.openqa.selenium.remote.RemoteWebDriver.findElement(RemoteWebDriver.java:378) ~[selenium-remote-driver-4.39.0.jar:?]
	at org.openqa.selenium.support.ui.ExpectedConditions$7.apply(ExpectedConditions.java:198) ~[selenium-support-4.39.0.jar:?]
	at org.openqa.selenium.support.ui.ExpectedConditions$7.apply(ExpectedConditions.java:194) ~[selenium-support-4.39.0.jar:?]
	at org.openqa.selenium.support.ui.FluentWait.until(FluentWait.java:203) ~[selenium-support-4.39.0.jar:?]
	at pages.ResultPage.getProductCards(ResultPage.java:77) ~[test-classes/:?]
	at pages.ResultPage.getCardsCount(ResultPage.java:84) ~[test-classes/:?]
	at tests.productCardsTests.RatingMatchesReviewsTests.numberOfReviewsShouldMatch(RatingMatchesReviewsTests.java:80) ~[test-classes/:?]
	at jdk.internal.reflect.DirectMethodHandleAccessor.invoke(DirectMethodHandleAccessor.java:103) ~[?:?]
	at java.lang.reflect.Method.invoke(Method.java:580) ~[?:?]
	at org.junit.runners.model.FrameworkMethod$1.runReflectiveCall(FrameworkMethod.java:59) ~[junit-4.13.jar:4.13]
	at org.junit.internal.runners.model.ReflectiveCallable.run(ReflectiveCallable.java:12) ~[junit-4.13.jar:4.13]
	at org.junit.runners.model.FrameworkMethod.invokeExplosively(FrameworkMethod.java:56) ~[junit-4.13.jar:4.13]
	at org.junit.internal.runners.statements.InvokeMethod.evaluate(InvokeMethod.java:17) ~[junit-4.13.jar:4.13]
	at org.junit.internal.runners.statements.RunBefores.evaluate(RunBefores.java:26) ~[junit-4.13.jar:4.13]
	at org.junit.internal.runners.statements.RunAfters.evaluate(RunAfters.java:27) ~[junit-4.13.jar:4.13]
	at org.junit.rules.TestWatcher$1.evaluate(TestWatcher.java:61) [junit-4.13.jar:4.13]
	at org.junit.runners.ParentRunner$3.evaluate(ParentRunner.java:306) [junit-4.13.jar:4.13]
	at org.junit.runners.BlockJUnit4ClassRunner$1.evaluate(BlockJUnit4ClassRunner.java:100) [junit-4.13.jar:4.13]
	at org.junit.runners.ParentRunner.runLeaf(ParentRunner.java:366) [junit-4.13.jar:4.13]
	at org.junit.runners.BlockJUnit4ClassRunner.runChild(BlockJUnit4ClassRunner.java:103) [junit-4.13.jar:4.13]
	at org.junit.runners.BlockJUnit4ClassRunner.runChild(BlockJUnit4ClassRunner.java:63) [junit-4.13.jar:4.13]
	at org.junit.runners.ParentRunner$4.run(ParentRunner.java:331) [junit-4.13.jar:4.13]
	at org.junit.runners.ParentRunner$1.schedule(ParentRunner.java:79) [junit-4.13.jar:4.13]
	at org.junit.runners.ParentRunner.runChildren(ParentRunner.java:329) [junit-4.13.jar:4.13]
	at org.junit.runners.ParentRunner.access$100(ParentRunner.java:66) [junit-4.13.jar:4.13]
	at org.junit.runners.ParentRunner$2.evaluate(ParentRunner.java:293) [junit-4.13.jar:4.13]
	at org.junit.runners.ParentRunner.run(ParentRunner.java:413) [junit-4.13.jar:4.13]
	at org.junit.runners.Suite.runChild(Suite.java:128) [junit-4.13.jar:4.13]
	at org.junit.runners.Suite.runChild(Suite.java:27) [junit-4.13.jar:4.13]
	at org.junit.runners.ParentRunner$4.run(ParentRunner.java:331) [junit-4.13.jar:4.13]
	at org.junit.runners.ParentRunner$1.schedule(ParentRunner.java:79) [junit-4.13.jar:4.13]
	at org.junit.runners.ParentRunner.runChildren(ParentRunner.java:329) [junit-4.13.jar:4.13]
	at org.junit.runners.ParentRunner.access$100(ParentRunner.java:66) [junit-4.13.jar:4.13]
	at org.junit.runners.ParentRunner$2.evaluate(ParentRunner.java:293) [junit-4.13.jar:4.13]
	at org.junit.runners.ParentRunner$3.evaluate(ParentRunner.java:306) [junit-4.13.jar:4.13]
	at org.junit.runners.ParentRunner.run(ParentRunner.java:413) [junit-4.13.jar:4.13]
	at org.eclipse.jdt.internal.junit4.runner.JUnit4TestReference.run(JUnit4TestReference.java:93) [.cp/:?]
	at org.eclipse.jdt.internal.junit.runner.TestExecution.run(TestExecution.java:40) [.cp/:?]
	at org.eclipse.jdt.internal.junit.runner.RemoteTestRunner.runTests(RemoteTestRunner.java:530) [.cp/:?]
	at org.eclipse.jdt.internal.junit.runner.RemoteTestRunner.runTests(RemoteTestRunner.java:758) [.cp/:?]
	at org.eclipse.jdt.internal.junit.runner.RemoteTestRunner.run(RemoteTestRunner.java:453) [.cp/:?]
	at org.eclipse.jdt.internal.junit.runner.RemoteTestRunner.main(RemoteTestRunner.java:211) [.cp/:?]
2025-12-29 23:22:36 INFO  === END   tests.productCardsTests.RatingMatchesReviewsTests.numberOfReviewsShouldMatch[Exp#2 [f1=1, f2=1, f3=2, f4=2, f5=2, f6=2, f7=2, f8=2]] ===
2025-12-29 23:22:36 INFO  === START tests.productCardsTests.RatingMatchesReviewsTests.reviewsShouldMatchRating[Exp#3 [f1=1, f2=1, f3=3, f4=3, f5=3, f6=3, f7=3, f8=3]] ===
2025-12-29 23:22:38 INFO  STEP: 📝 New input: Filling form fields.
2025-12-29 23:22:47 INFO  STEP: === CARD 1 ===
2025-12-29 23:22:47 INFO  STEP: Toggle Reviews
2025-12-29 23:22:48 INFO  STEP: Is reviwes window open?: true
2025-12-29 23:22:48 INFO  STEP: Number of reviews: 4
2025-12-29 23:22:48 INFO  STEP: stars:5
2025-12-29 23:22:49 INFO  STEP: stars:1
2025-12-29 23:22:49 INFO  STEP: stars:2
2025-12-29 23:22:49 INFO  STEP: stars:4
2025-12-29 23:22:49 INFO  STEP: sum of stars:12
2025-12-29 23:22:49 INFO  STEP: #1 Product rating: 3.7 ||| Actual rating:3.0
2025-12-29 23:22:49 INFO  STEP: === CARD 2 ===
2025-12-29 23:22:49 INFO  STEP: Toggle Reviews
2025-12-29 23:22:50 INFO  STEP: Is reviwes window open?: true
2025-12-29 23:22:50 INFO  STEP: Number of reviews: 4
2025-12-29 23:22:50 INFO  STEP: stars:5
2025-12-29 23:22:50 INFO  STEP: stars:1
2025-12-29 23:22:50 INFO  STEP: stars:2
2025-12-29 23:22:51 INFO  STEP: stars:4
2025-12-29 23:22:51 INFO  STEP: sum of stars:12
2025-12-29 23:22:51 INFO  STEP: #2 Product rating: 3.7 ||| Actual rating:3.0
2025-12-29 23:22:51 INFO  STEP: === CARD 3 ===
2025-12-29 23:22:51 INFO  STEP: Toggle Reviews
2025-12-29 23:22:52 INFO  STEP: Is reviwes window open?: true
2025-12-29 23:22:52 INFO  STEP: Number of reviews: 4
2025-12-29 23:22:52 INFO  STEP: stars:5
2025-12-29 23:22:52 INFO  STEP: stars:4
2025-12-29 23:22:52 INFO  STEP: stars:5
2025-12-29 23:22:52 INFO  STEP: stars:4
2025-12-29 23:22:52 INFO  STEP: sum of stars:18
2025-12-29 23:22:52 INFO  STEP: #3 Product rating: 3.2 ||| Actual rating:4.0
2025-12-29 23:22:52 INFO  STEP: === CARD 4 ===
2025-12-29 23:22:52 INFO  STEP: Toggle Reviews
2025-12-29 23:22:53 INFO  STEP: Is reviwes window open?: true
2025-12-29 23:22:53 INFO  STEP: Number of reviews: 4
2025-12-29 23:22:53 INFO  STEP: stars:5
2025-12-29 23:22:53 INFO  STEP: stars:5
2025-12-29 23:22:54 INFO  STEP: stars:2
2025-12-29 23:22:54 INFO  STEP: stars:2
2025-12-29 23:22:54 INFO  STEP: sum of stars:14
2025-12-29 23:22:54 INFO  STEP: #4 Product rating: 4.7 ||| Actual rating:3.0
2025-12-29 23:22:54 ERROR STEP FAIL: All reviews ratings should match the product rating
2025-12-29 23:22:54 ERROR === FAIL  tests.productCardsTests.RatingMatchesReviewsTests.reviewsShouldMatchRating[Exp#3 [f1=1, f2=1, f3=3, f4=3, f5=3, f6=3, f7=3, f8=3]] ===
java.lang.AssertionError: All reviews ratings should match the product rating
	at org.junit.Assert.fail(Assert.java:89) ~[junit-4.13.jar:4.13]
	at org.junit.Assert.assertTrue(Assert.java:42) ~[junit-4.13.jar:4.13]
	at tests.BaseTest.checkTrue(BaseTest.java:75) ~[test-classes/:?]
	at tests.productCardsTests.RatingMatchesReviewsTests.reviewsShouldMatchRating(RatingMatchesReviewsTests.java:74) ~[test-classes/:?]
	at jdk.internal.reflect.DirectMethodHandleAccessor.invoke(DirectMethodHandleAccessor.java:103) ~[?:?]
	at java.lang.reflect.Method.invoke(Method.java:580) ~[?:?]
	at org.junit.runners.model.FrameworkMethod$1.runReflectiveCall(FrameworkMethod.java:59) ~[junit-4.13.jar:4.13]
	at org.junit.internal.runners.model.ReflectiveCallable.run(ReflectiveCallable.java:12) ~[junit-4.13.jar:4.13]
	at org.junit.runners.model.FrameworkMethod.invokeExplosively(FrameworkMethod.java:56) ~[junit-4.13.jar:4.13]
	at org.junit.internal.runners.statements.InvokeMethod.evaluate(InvokeMethod.java:17) ~[junit-4.13.jar:4.13]
	at org.junit.internal.runners.statements.RunBefores.evaluate(RunBefores.java:26) ~[junit-4.13.jar:4.13]
	at org.junit.internal.runners.statements.RunAfters.evaluate(RunAfters.java:27) ~[junit-4.13.jar:4.13]
	at org.junit.rules.TestWatcher$1.evaluate(TestWatcher.java:61) [junit-4.13.jar:4.13]
	at org.junit.runners.ParentRunner$3.evaluate(ParentRunner.java:306) [junit-4.13.jar:4.13]
	at org.junit.runners.BlockJUnit4ClassRunner$1.evaluate(BlockJUnit4ClassRunner.java:100) [junit-4.13.jar:4.13]
	at org.junit.runners.ParentRunner.runLeaf(ParentRunner.java:366) [junit-4.13.jar:4.13]
	at org.junit.runners.BlockJUnit4ClassRunner.runChild(BlockJUnit4ClassRunner.java:103) [junit-4.13.jar:4.13]
	at org.junit.runners.BlockJUnit4ClassRunner.runChild(BlockJUnit4ClassRunner.java:63) [junit-4.13.jar:4.13]
	at org.junit.runners.ParentRunner$4.run(ParentRunner.java:331) [junit-4.13.jar:4.13]
	at org.junit.runners.ParentRunner$1.schedule(ParentRunner.java:79) [junit-4.13.jar:4.13]
	at org.junit.runners.ParentRunner.runChildren(ParentRunner.java:329) [junit-4.13.jar:4.13]
	at org.junit.runners.ParentRunner.access$100(ParentRunner.java:66) [junit-4.13.jar:4.13]
	at org.junit.runners.ParentRunner$2.evaluate(ParentRunner.java:293) [junit-4.13.jar:4.13]
	at org.junit.runners.ParentRunner.run(ParentRunner.java:413) [junit-4.13.jar:4.13]
	at org.junit.runners.Suite.runChild(Suite.java:128) [junit-4.13.jar:4.13]
	at org.junit.runners.Suite.runChild(Suite.java:27) [junit-4.13.jar:4.13]
	at org.junit.runners.ParentRunner$4.run(ParentRunner.java:331) [junit-4.13.jar:4.13]
	at org.junit.runners.ParentRunner$1.schedule(ParentRunner.java:79) [junit-4.13.jar:4.13]
	at org.junit.runners.ParentRunner.runChildren(ParentRunner.java:329) [junit-4.13.jar:4.13]
	at org.junit.runners.ParentRunner.access$100(ParentRunner.java:66) [junit-4.13.jar:4.13]
	at org.junit.runners.ParentRunner$2.evaluate(ParentRunner.java:293) [junit-4.13.jar:4.13]
	at org.junit.runners.ParentRunner$3.evaluate(ParentRunner.java:306) [junit-4.13.jar:4.13]
	at org.junit.runners.ParentRunner.run(ParentRunner.java:413) [junit-4.13.jar:4.13]
	at org.eclipse.jdt.internal.junit4.runner.JUnit4TestReference.run(JUnit4TestReference.java:93) [.cp/:?]
	at org.eclipse.jdt.internal.junit.runner.TestExecution.run(TestExecution.java:40) [.cp/:?]
	at org.eclipse.jdt.internal.junit.runner.RemoteTestRunner.runTests(RemoteTestRunner.java:530) [.cp/:?]
	at org.eclipse.jdt.internal.junit.runner.RemoteTestRunner.runTests(RemoteTestRunner.java:758) [.cp/:?]
	at org.eclipse.jdt.internal.junit.runner.RemoteTestRunner.run(RemoteTestRunner.java:453) [.cp/:?]
	at org.eclipse.jdt.internal.junit.runner.RemoteTestRunner.main(RemoteTestRunner.java:211) [.cp/:?]
2025-12-29 23:22:54 INFO  === END   tests.productCardsTests.RatingMatchesReviewsTests.reviewsShouldMatchRating[Exp#3 [f1=1, f2=1, f3=3, f4=3, f5=3, f6=3, f7=3, f8=3]] ===
2025-12-29 23:22:54 INFO  === START tests.productCardsTests.RatingMatchesReviewsTests.numberOfReviewsShouldMatch[Exp#3 [f1=1, f2=1, f3=3, f4=3, f5=3, f6=3, f7=3, f8=3]] ===
2025-12-29 23:22:55 INFO  STEP: ♻️ Using existing results for same input.
2025-12-29 23:22:56 ERROR === FAIL  tests.productCardsTests.RatingMatchesReviewsTests.numberOfReviewsShouldMatch[Exp#3 [f1=1, f2=1, f3=3, f4=3, f5=3, f6=3, f7=3, f8=3]] ===
org.openqa.selenium.NoSuchSessionException: Session ID is null. Using WebDriver after calling quit()?
Build info: version: '4.39.0', revision: '126f156aee'
System info: os.name: 'Windows 11', os.arch: 'amd64', os.version: '10.0', java.version: '23.0.1'
Driver info: org.openqa.selenium.chrome.ChromeDriver
Command: [null, findElement {using=css selector, value=[data-testid='product-grid']}]
Capabilities {acceptInsecureCerts: false, browserName: chrome, browserVersion: 143.0.7499.170, chrome: {chromedriverVersion: 143.0.7499.169 (164b20aab62..., userDataDir: C:\Users\igor1\AppData\Loca...}, fedcm:accounts: true, goog:chromeOptions: {debuggerAddress: localhost:59101}, goog:processID: 9088, networkConnectionEnabled: false, pageLoadStrategy: normal, platformName: windows, proxy: Proxy(), se:cdp: ws://localhost:59101/devtoo..., se:cdpVersion: 143.0.7499.170, setWindowRect: true, strictFileInteractability: false, timeouts: {implicit: 0, pageLoad: 300000, script: 30000}, unhandledPromptBehavior: dismiss and notify, webauthn:extension:credBlob: true, webauthn:extension:largeBlob: true, webauthn:extension:minPinLength: true, webauthn:extension:prf: true, webauthn:virtualAuthenticators: true}
	at org.openqa.selenium.remote.HttpCommandExecutor.execute(HttpCommandExecutor.java:176) ~[selenium-remote-driver-4.39.0.jar:?]
	at org.openqa.selenium.remote.service.DriverCommandExecutor.invokeExecute(DriverCommandExecutor.java:216) ~[selenium-remote-driver-4.39.0.jar:?]
	at org.openqa.selenium.remote.service.DriverCommandExecutor.execute(DriverCommandExecutor.java:174) ~[selenium-remote-driver-4.39.0.jar:?]
	at org.openqa.selenium.remote.RemoteWebDriver.execute(RemoteWebDriver.java:561) ~[selenium-remote-driver-4.39.0.jar:?]
	at org.openqa.selenium.remote.ElementLocation$ElementFinder$2.findElement(ElementLocation.java:166) ~[selenium-remote-driver-4.39.0.jar:?]
	at org.openqa.selenium.remote.ElementLocation.findElement(ElementLocation.java:60) ~[selenium-remote-driver-4.39.0.jar:?]
	at org.openqa.selenium.remote.RemoteWebDriver.findElement(RemoteWebDriver.java:384) ~[selenium-remote-driver-4.39.0.jar:?]
	at org.openqa.selenium.remote.RemoteWebDriver.findElement(RemoteWebDriver.java:378) ~[selenium-remote-driver-4.39.0.jar:?]
	at org.openqa.selenium.support.ui.ExpectedConditions$7.apply(ExpectedConditions.java:198) ~[selenium-support-4.39.0.jar:?]
	at org.openqa.selenium.support.ui.ExpectedConditions$7.apply(ExpectedConditions.java:194) ~[selenium-support-4.39.0.jar:?]
	at org.openqa.selenium.support.ui.FluentWait.until(FluentWait.java:203) ~[selenium-support-4.39.0.jar:?]
	at pages.ResultPage.getProductCards(ResultPage.java:77) ~[test-classes/:?]
	at pages.ResultPage.getCardsCount(ResultPage.java:84) ~[test-classes/:?]
	at tests.productCardsTests.RatingMatchesReviewsTests.numberOfReviewsShouldMatch(RatingMatchesReviewsTests.java:80) ~[test-classes/:?]
	at jdk.internal.reflect.DirectMethodHandleAccessor.invoke(DirectMethodHandleAccessor.java:103) ~[?:?]
	at java.lang.reflect.Method.invoke(Method.java:580) ~[?:?]
	at org.junit.runners.model.FrameworkMethod$1.runReflectiveCall(FrameworkMethod.java:59) ~[junit-4.13.jar:4.13]
	at org.junit.internal.runners.model.ReflectiveCallable.run(ReflectiveCallable.java:12) ~[junit-4.13.jar:4.13]
	at org.junit.runners.model.FrameworkMethod.invokeExplosively(FrameworkMethod.java:56) ~[junit-4.13.jar:4.13]
	at org.junit.internal.runners.statements.InvokeMethod.evaluate(InvokeMethod.java:17) ~[junit-4.13.jar:4.13]
	at org.junit.internal.runners.statements.RunBefores.evaluate(RunBefores.java:26) ~[junit-4.13.jar:4.13]
	at org.junit.internal.runners.statements.RunAfters.evaluate(RunAfters.java:27) ~[junit-4.13.jar:4.13]
	at org.junit.rules.TestWatcher$1.evaluate(TestWatcher.java:61) [junit-4.13.jar:4.13]
	at org.junit.runners.ParentRunner$3.evaluate(ParentRunner.java:306) [junit-4.13.jar:4.13]
	at org.junit.runners.BlockJUnit4ClassRunner$1.evaluate(BlockJUnit4ClassRunner.java:100) [junit-4.13.jar:4.13]
	at org.junit.runners.ParentRunner.runLeaf(ParentRunner.java:366) [junit-4.13.jar:4.13]
	at org.junit.runners.BlockJUnit4ClassRunner.runChild(BlockJUnit4ClassRunner.java:103) [junit-4.13.jar:4.13]
	at org.junit.runners.BlockJUnit4ClassRunner.runChild(BlockJUnit4ClassRunner.java:63) [junit-4.13.jar:4.13]
	at org.junit.runners.ParentRunner$4.run(ParentRunner.java:331) [junit-4.13.jar:4.13]
	at org.junit.runners.ParentRunner$1.schedule(ParentRunner.java:79) [junit-4.13.jar:4.13]
	at org.junit.runners.ParentRunner.runChildren(ParentRunner.java:329) [junit-4.13.jar:4.13]
	at org.junit.runners.ParentRunner.access$100(ParentRunner.java:66) [junit-4.13.jar:4.13]
	at org.junit.runners.ParentRunner$2.evaluate(ParentRunner.java:293) [junit-4.13.jar:4.13]
	at org.junit.runners.ParentRunner.run(ParentRunner.java:413) [junit-4.13.jar:4.13]
	at org.junit.runners.Suite.runChild(Suite.java:128) [junit-4.13.jar:4.13]
	at org.junit.runners.Suite.runChild(Suite.java:27) [junit-4.13.jar:4.13]
	at org.junit.runners.ParentRunner$4.run(ParentRunner.java:331) [junit-4.13.jar:4.13]
	at org.junit.runners.ParentRunner$1.schedule(ParentRunner.java:79) [junit-4.13.jar:4.13]
	at org.junit.runners.ParentRunner.runChildren(ParentRunner.java:329) [junit-4.13.jar:4.13]
	at org.junit.runners.ParentRunner.access$100(ParentRunner.java:66) [junit-4.13.jar:4.13]
	at org.junit.runners.ParentRunner$2.evaluate(ParentRunner.java:293) [junit-4.13.jar:4.13]
	at org.junit.runners.ParentRunner$3.evaluate(ParentRunner.java:306) [junit-4.13.jar:4.13]
	at org.junit.runners.ParentRunner.run(ParentRunner.java:413) [junit-4.13.jar:4.13]
	at org.eclipse.jdt.internal.junit4.runner.JUnit4TestReference.run(JUnit4TestReference.java:93) [.cp/:?]
	at org.eclipse.jdt.internal.junit.runner.TestExecution.run(TestExecution.java:40) [.cp/:?]
	at org.eclipse.jdt.internal.junit.runner.RemoteTestRunner.runTests(RemoteTestRunner.java:530) [.cp/:?]
	at org.eclipse.jdt.internal.junit.runner.RemoteTestRunner.runTests(RemoteTestRunner.java:758) [.cp/:?]
	at org.eclipse.jdt.internal.junit.runner.RemoteTestRunner.run(RemoteTestRunner.java:453) [.cp/:?]
	at org.eclipse.jdt.internal.junit.runner.RemoteTestRunner.main(RemoteTestRunner.java:211) [.cp/:?]
2025-12-29 23:22:56 INFO  === END   tests.productCardsTests.RatingMatchesReviewsTests.numberOfReviewsShouldMatch[Exp#3 [f1=1, f2=1, f3=3, f4=3, f5=3, f6=3, f7=3, f8=3]] ===
2025-12-29 23:22:56 INFO  === START tests.productCardsTests.RatingMatchesReviewsTests.reviewsShouldMatchRating[Exp#4 [f1=1, f2=2, f3=1, f4=1, f5=2, f6=2, f7=3, f8=3]] ===
2025-12-29 23:22:57 INFO  STEP: 📝 New input: Filling form fields.
2025-12-29 23:23:07 INFO  STEP: === CARD 1 ===
2025-12-29 23:23:07 INFO  STEP: Toggle Reviews
2025-12-29 23:23:08 INFO  STEP: Is reviwes window open?: true
2025-12-29 23:23:08 INFO  STEP: Number of reviews: 4
2025-12-29 23:23:09 INFO  STEP: stars:5
2025-12-29 23:23:09 INFO  STEP: stars:4
2025-12-29 23:23:09 INFO  STEP: stars:5
2025-12-29 23:23:09 INFO  STEP: stars:3
2025-12-29 23:23:09 INFO  STEP: sum of stars:17
2025-12-29 23:23:09 INFO  STEP: #1 Product rating: 3.0 ||| Actual rating:4.0
2025-12-29 23:23:09 INFO  STEP: === CARD 2 ===
2025-12-29 23:23:09 INFO  STEP: Toggle Reviews
2025-12-29 23:23:10 INFO  STEP: Is reviwes window open?: true
2025-12-29 23:23:10 INFO  STEP: Number of reviews: 4
2025-12-29 23:23:10 INFO  STEP: stars:5
2025-12-29 23:23:10 INFO  STEP: stars:4
2025-12-29 23:23:11 INFO  STEP: stars:5
2025-12-29 23:23:11 INFO  STEP: stars:2
2025-12-29 23:23:11 INFO  STEP: sum of stars:16
2025-12-29 23:23:11 INFO  STEP: #2 Product rating: 4.5 ||| Actual rating:4.0
2025-12-29 23:23:11 INFO  STEP: === CARD 3 ===
2025-12-29 23:23:11 INFO  STEP: Toggle Reviews
2025-12-29 23:23:12 INFO  STEP: Is reviwes window open?: true
2025-12-29 23:23:12 INFO  STEP: Number of reviews: 4
2025-12-29 23:23:12 INFO  STEP: stars:5
2025-12-29 23:23:12 INFO  STEP: stars:5
2025-12-29 23:23:12 INFO  STEP: stars:1
2025-12-29 23:23:13 INFO  STEP: stars:5
2025-12-29 23:23:13 INFO  STEP: sum of stars:16
2025-12-29 23:23:13 INFO  STEP: #3 Product rating: 4.7 ||| Actual rating:4.0
2025-12-29 23:23:13 INFO  STEP: === CARD 4 ===
2025-12-29 23:23:13 INFO  STEP: Toggle Reviews
2025-12-29 23:23:14 INFO  STEP: Is reviwes window open?: true
2025-12-29 23:23:14 INFO  STEP: Number of reviews: 4
2025-12-29 23:23:14 INFO  STEP: stars:5
2025-12-29 23:23:14 INFO  STEP: stars:5
2025-12-29 23:23:14 INFO  STEP: stars:3
2025-12-29 23:23:14 INFO  STEP: stars:5
2025-12-29 23:23:14 INFO  STEP: sum of stars:18
2025-12-29 23:23:14 INFO  STEP: #4 Product rating: 3.5 ||| Actual rating:4.0
2025-12-29 23:23:14 INFO  STEP: === CARD 5 ===
2025-12-29 23:23:15 INFO  STEP: Toggle Reviews
2025-12-29 23:23:15 INFO  STEP: Is reviwes window open?: true
2025-12-29 23:23:15 INFO  STEP: Number of reviews: 4
2025-12-29 23:23:16 INFO  STEP: stars:5
2025-12-29 23:23:16 INFO  STEP: stars:1
2025-12-29 23:23:16 INFO  STEP: stars:2
2025-12-29 23:23:16 INFO  STEP: stars:3
2025-12-29 23:23:16 INFO  STEP: sum of stars:11
2025-12-29 23:23:16 INFO  STEP: #5 Product rating: 3.2 ||| Actual rating:2.0
2025-12-29 23:23:16 ERROR STEP FAIL: All reviews ratings should match the product rating
2025-12-29 23:23:16 ERROR === FAIL  tests.productCardsTests.RatingMatchesReviewsTests.reviewsShouldMatchRating[Exp#4 [f1=1, f2=2, f3=1, f4=1, f5=2, f6=2, f7=3, f8=3]] ===
java.lang.AssertionError: All reviews ratings should match the product rating
	at org.junit.Assert.fail(Assert.java:89) ~[junit-4.13.jar:4.13]
	at org.junit.Assert.assertTrue(Assert.java:42) ~[junit-4.13.jar:4.13]
	at tests.BaseTest.checkTrue(BaseTest.java:75) ~[test-classes/:?]
	at tests.productCardsTests.RatingMatchesReviewsTests.reviewsShouldMatchRating(RatingMatchesReviewsTests.java:74) ~[test-classes/:?]
	at jdk.internal.reflect.DirectMethodHandleAccessor.invoke(DirectMethodHandleAccessor.java:103) ~[?:?]
	at java.lang.reflect.Method.invoke(Method.java:580) ~[?:?]
	at org.junit.runners.model.FrameworkMethod$1.runReflectiveCall(FrameworkMethod.java:59) ~[junit-4.13.jar:4.13]
	at org.junit.internal.runners.model.ReflectiveCallable.run(ReflectiveCallable.java:12) ~[junit-4.13.jar:4.13]
	at org.junit.runners.model.FrameworkMethod.invokeExplosively(FrameworkMethod.java:56) ~[junit-4.13.jar:4.13]
	at org.junit.internal.runners.statements.InvokeMethod.evaluate(InvokeMethod.java:17) ~[junit-4.13.jar:4.13]
	at org.junit.internal.runners.statements.RunBefores.evaluate(RunBefores.java:26) ~[junit-4.13.jar:4.13]
	at org.junit.internal.runners.statements.RunAfters.evaluate(RunAfters.java:27) ~[junit-4.13.jar:4.13]
	at org.junit.rules.TestWatcher$1.evaluate(TestWatcher.java:61) [junit-4.13.jar:4.13]
	at org.junit.runners.ParentRunner$3.evaluate(ParentRunner.java:306) [junit-4.13.jar:4.13]
	at org.junit.runners.BlockJUnit4ClassRunner$1.evaluate(BlockJUnit4ClassRunner.java:100) [junit-4.13.jar:4.13]
	at org.junit.runners.ParentRunner.runLeaf(ParentRunner.java:366) [junit-4.13.jar:4.13]
	at org.junit.runners.BlockJUnit4ClassRunner.runChild(BlockJUnit4ClassRunner.java:103) [junit-4.13.jar:4.13]
	at org.junit.runners.BlockJUnit4ClassRunner.runChild(BlockJUnit4ClassRunner.java:63) [junit-4.13.jar:4.13]
	at org.junit.runners.ParentRunner$4.run(ParentRunner.java:331) [junit-4.13.jar:4.13]
	at org.junit.runners.ParentRunner$1.schedule(ParentRunner.java:79) [junit-4.13.jar:4.13]
	at org.junit.runners.ParentRunner.runChildren(ParentRunner.java:329) [junit-4.13.jar:4.13]
	at org.junit.runners.ParentRunner.access$100(ParentRunner.java:66) [junit-4.13.jar:4.13]
	at org.junit.runners.ParentRunner$2.evaluate(ParentRunner.java:293) [junit-4.13.jar:4.13]
	at org.junit.runners.ParentRunner.run(ParentRunner.java:413) [junit-4.13.jar:4.13]
	at org.junit.runners.Suite.runChild(Suite.java:128) [junit-4.13.jar:4.13]
	at org.junit.runners.Suite.runChild(Suite.java:27) [junit-4.13.jar:4.13]
	at org.junit.runners.ParentRunner$4.run(ParentRunner.java:331) [junit-4.13.jar:4.13]
	at org.junit.runners.ParentRunner$1.schedule(ParentRunner.java:79) [junit-4.13.jar:4.13]
	at org.junit.runners.ParentRunner.runChildren(ParentRunner.java:329) [junit-4.13.jar:4.13]
	at org.junit.runners.ParentRunner.access$100(ParentRunner.java:66) [junit-4.13.jar:4.13]
	at org.junit.runners.ParentRunner$2.evaluate(ParentRunner.java:293) [junit-4.13.jar:4.13]
	at org.junit.runners.ParentRunner$3.evaluate(ParentRunner.java:306) [junit-4.13.jar:4.13]
	at org.junit.runners.ParentRunner.run(ParentRunner.java:413) [junit-4.13.jar:4.13]
	at org.eclipse.jdt.internal.junit4.runner.JUnit4TestReference.run(JUnit4TestReference.java:93) [.cp/:?]
	at org.eclipse.jdt.internal.junit.runner.TestExecution.run(TestExecution.java:40) [.cp/:?]
	at org.eclipse.jdt.internal.junit.runner.RemoteTestRunner.runTests(RemoteTestRunner.java:530) [.cp/:?]
	at org.eclipse.jdt.internal.junit.runner.RemoteTestRunner.runTests(RemoteTestRunner.java:758) [.cp/:?]
	at org.eclipse.jdt.internal.junit.runner.RemoteTestRunner.run(RemoteTestRunner.java:453) [.cp/:?]
	at org.eclipse.jdt.internal.junit.runner.RemoteTestRunner.main(RemoteTestRunner.java:211) [.cp/:?]
2025-12-29 23:23:16 INFO  === END   tests.productCardsTests.RatingMatchesReviewsTests.reviewsShouldMatchRating[Exp#4 [f1=1, f2=2, f3=1, f4=1, f5=2, f6=2, f7=3, f8=3]] ===
2025-12-29 23:23:16 INFO  === START tests.productCardsTests.RatingMatchesReviewsTests.numberOfReviewsShouldMatch[Exp#4 [f1=1, f2=2, f3=1, f4=1, f5=2, f6=2, f7=3, f8=3]] ===
2025-12-29 23:23:18 INFO  STEP: ♻️ Using existing results for same input.
2025-12-29 23:23:18 ERROR === FAIL  tests.productCardsTests.RatingMatchesReviewsTests.numberOfReviewsShouldMatch[Exp#4 [f1=1, f2=2, f3=1, f4=1, f5=2, f6=2, f7=3, f8=3]] ===
org.openqa.selenium.NoSuchSessionException: Session ID is null. Using WebDriver after calling quit()?
Build info: version: '4.39.0', revision: '126f156aee'
System info: os.name: 'Windows 11', os.arch: 'amd64', os.version: '10.0', java.version: '23.0.1'
Driver info: org.openqa.selenium.chrome.ChromeDriver
Command: [null, findElement {using=css selector, value=[data-testid='product-grid']}]
Capabilities {acceptInsecureCerts: false, browserName: chrome, browserVersion: 143.0.7499.170, chrome: {chromedriverVersion: 143.0.7499.169 (164b20aab62..., userDataDir: C:\Users\igor1\AppData\Loca...}, fedcm:accounts: true, goog:chromeOptions: {debuggerAddress: localhost:62029}, goog:processID: 23044, networkConnectionEnabled: false, pageLoadStrategy: normal, platformName: windows, proxy: Proxy(), se:cdp: ws://localhost:62029/devtoo..., se:cdpVersion: 143.0.7499.170, setWindowRect: true, strictFileInteractability: false, timeouts: {implicit: 0, pageLoad: 300000, script: 30000}, unhandledPromptBehavior: dismiss and notify, webauthn:extension:credBlob: true, webauthn:extension:largeBlob: true, webauthn:extension:minPinLength: true, webauthn:extension:prf: true, webauthn:virtualAuthenticators: true}
	at org.openqa.selenium.remote.HttpCommandExecutor.execute(HttpCommandExecutor.java:176) ~[selenium-remote-driver-4.39.0.jar:?]
	at org.openqa.selenium.remote.service.DriverCommandExecutor.invokeExecute(DriverCommandExecutor.java:216) ~[selenium-remote-driver-4.39.0.jar:?]
	at org.openqa.selenium.remote.service.DriverCommandExecutor.execute(DriverCommandExecutor.java:174) ~[selenium-remote-driver-4.39.0.jar:?]
	at org.openqa.selenium.remote.RemoteWebDriver.execute(RemoteWebDriver.java:561) ~[selenium-remote-driver-4.39.0.jar:?]
	at org.openqa.selenium.remote.ElementLocation$ElementFinder$2.findElement(ElementLocation.java:166) ~[selenium-remote-driver-4.39.0.jar:?]
	at org.openqa.selenium.remote.ElementLocation.findElement(ElementLocation.java:60) ~[selenium-remote-driver-4.39.0.jar:?]
	at org.openqa.selenium.remote.RemoteWebDriver.findElement(RemoteWebDriver.java:384) ~[selenium-remote-driver-4.39.0.jar:?]
	at org.openqa.selenium.remote.RemoteWebDriver.findElement(RemoteWebDriver.java:378) ~[selenium-remote-driver-4.39.0.jar:?]
	at org.openqa.selenium.support.ui.ExpectedConditions$7.apply(ExpectedConditions.java:198) ~[selenium-support-4.39.0.jar:?]
	at org.openqa.selenium.support.ui.ExpectedConditions$7.apply(ExpectedConditions.java:194) ~[selenium-support-4.39.0.jar:?]
	at org.openqa.selenium.support.ui.FluentWait.until(FluentWait.java:203) ~[selenium-support-4.39.0.jar:?]
	at pages.ResultPage.getProductCards(ResultPage.java:77) ~[test-classes/:?]
	at pages.ResultPage.getCardsCount(ResultPage.java:84) ~[test-classes/:?]
	at tests.productCardsTests.RatingMatchesReviewsTests.numberOfReviewsShouldMatch(RatingMatchesReviewsTests.java:80) ~[test-classes/:?]
	at jdk.internal.reflect.DirectMethodHandleAccessor.invoke(DirectMethodHandleAccessor.java:103) ~[?:?]
	at java.lang.reflect.Method.invoke(Method.java:580) ~[?:?]
	at org.junit.runners.model.FrameworkMethod$1.runReflectiveCall(FrameworkMethod.java:59) ~[junit-4.13.jar:4.13]
	at org.junit.internal.runners.model.ReflectiveCallable.run(ReflectiveCallable.java:12) ~[junit-4.13.jar:4.13]
	at org.junit.runners.model.FrameworkMethod.invokeExplosively(FrameworkMethod.java:56) ~[junit-4.13.jar:4.13]
	at org.junit.internal.runners.statements.InvokeMethod.evaluate(InvokeMethod.java:17) ~[junit-4.13.jar:4.13]
	at org.junit.internal.runners.statements.RunBefores.evaluate(RunBefores.java:26) ~[junit-4.13.jar:4.13]
	at org.junit.internal.runners.statements.RunAfters.evaluate(RunAfters.java:27) ~[junit-4.13.jar:4.13]
	at org.junit.rules.TestWatcher$1.evaluate(TestWatcher.java:61) [junit-4.13.jar:4.13]
	at org.junit.runners.ParentRunner$3.evaluate(ParentRunner.java:306) [junit-4.13.jar:4.13]
	at org.junit.runners.BlockJUnit4ClassRunner$1.evaluate(BlockJUnit4ClassRunner.java:100) [junit-4.13.jar:4.13]
	at org.junit.runners.ParentRunner.runLeaf(ParentRunner.java:366) [junit-4.13.jar:4.13]
	at org.junit.runners.BlockJUnit4ClassRunner.runChild(BlockJUnit4ClassRunner.java:103) [junit-4.13.jar:4.13]
	at org.junit.runners.BlockJUnit4ClassRunner.runChild(BlockJUnit4ClassRunner.java:63) [junit-4.13.jar:4.13]
	at org.junit.runners.ParentRunner$4.run(ParentRunner.java:331) [junit-4.13.jar:4.13]
	at org.junit.runners.ParentRunner$1.schedule(ParentRunner.java:79) [junit-4.13.jar:4.13]
	at org.junit.runners.ParentRunner.runChildren(ParentRunner.java:329) [junit-4.13.jar:4.13]
	at org.junit.runners.ParentRunner.access$100(ParentRunner.java:66) [junit-4.13.jar:4.13]
	at org.junit.runners.ParentRunner$2.evaluate(ParentRunner.java:293) [junit-4.13.jar:4.13]
	at org.junit.runners.ParentRunner.run(ParentRunner.java:413) [junit-4.13.jar:4.13]
	at org.junit.runners.Suite.runChild(Suite.java:128) [junit-4.13.jar:4.13]
	at org.junit.runners.Suite.runChild(Suite.java:27) [junit-4.13.jar:4.13]
	at org.junit.runners.ParentRunner$4.run(ParentRunner.java:331) [junit-4.13.jar:4.13]
	at org.junit.runners.ParentRunner$1.schedule(ParentRunner.java:79) [junit-4.13.jar:4.13]
	at org.junit.runners.ParentRunner.runChildren(ParentRunner.java:329) [junit-4.13.jar:4.13]
	at org.junit.runners.ParentRunner.access$100(ParentRunner.java:66) [junit-4.13.jar:4.13]
	at org.junit.runners.ParentRunner$2.evaluate(ParentRunner.java:293) [junit-4.13.jar:4.13]
	at org.junit.runners.ParentRunner$3.evaluate(ParentRunner.java:306) [junit-4.13.jar:4.13]
	at org.junit.runners.ParentRunner.run(ParentRunner.java:413) [junit-4.13.jar:4.13]
	at org.eclipse.jdt.internal.junit4.runner.JUnit4TestReference.run(JUnit4TestReference.java:93) [.cp/:?]
	at org.eclipse.jdt.internal.junit.runner.TestExecution.run(TestExecution.java:40) [.cp/:?]
	at org.eclipse.jdt.internal.junit.runner.RemoteTestRunner.runTests(RemoteTestRunner.java:530) [.cp/:?]
	at org.eclipse.jdt.internal.junit.runner.RemoteTestRunner.runTests(RemoteTestRunner.java:758) [.cp/:?]
	at org.eclipse.jdt.internal.junit.runner.RemoteTestRunner.run(RemoteTestRunner.java:453) [.cp/:?]
	at org.eclipse.jdt.internal.junit.runner.RemoteTestRunner.main(RemoteTestRunner.java:211) [.cp/:?]
2025-12-29 23:23:18 INFO  === END   tests.productCardsTests.RatingMatchesReviewsTests.numberOfReviewsShouldMatch[Exp#4 [f1=1, f2=2, f3=1, f4=1, f5=2, f6=2, f7=3, f8=3]] ===
2025-12-29 23:23:18 INFO  === START tests.productCardsTests.RatingMatchesReviewsTests.reviewsShouldMatchRating[Exp#5 [f1=1, f2=2, f3=2, f4=2, f5=3, f6=3, f7=1, f8=1]] ===
2025-12-29 23:23:20 INFO  STEP: 📝 New input: Filling form fields.
2025-12-29 23:29:58 INFO  === START tests.productCardsTests.RatingMatchesReviewsTests.reviewsShouldMatchRating[Exp#1 [f1=1, f2=1, f3=1, f4=1, f5=1, f6=1, f7=1, f8=1]] ===
2025-12-29 23:30:01 INFO  STEP: 📝 New input: Filling form fields.
2025-12-29 23:30:10 INFO  STEP: === CARD 1 ===
2025-12-29 23:30:10 INFO  STEP: Toggle Reviews
2025-12-29 23:30:10 INFO  STEP: Is reviwes window open?: true
2025-12-29 23:30:11 INFO  STEP: Number of reviews: 4
2025-12-29 23:30:11 INFO  STEP: stars:5
2025-12-29 23:30:11 INFO  STEP: stars:3
2025-12-29 23:30:11 INFO  STEP: stars:3
2025-12-29 23:30:12 INFO  STEP: stars:5
2025-12-29 23:30:12 INFO  STEP: sum of stars:16
2025-12-29 23:30:12 INFO  STEP: #1 Product rating: 4.5 ||| Actual rating:4.0
2025-12-29 23:30:12 INFO  STEP: === CARD 2 ===
2025-12-29 23:30:12 INFO  STEP: Toggle Reviews
2025-12-29 23:30:12 INFO  STEP: Is reviwes window open?: true
2025-12-29 23:30:13 INFO  STEP: Number of reviews: 4
2025-12-29 23:30:13 INFO  STEP: stars:5
2025-12-29 23:30:13 INFO  STEP: stars:3
2025-12-29 23:30:13 INFO  STEP: stars:2
2025-12-29 23:30:13 INFO  STEP: stars:4
2025-12-29 23:30:13 INFO  STEP: sum of stars:14
2025-12-29 23:30:13 INFO  STEP: #2 Product rating: 4.4 ||| Actual rating:3.0
2025-12-29 23:30:13 INFO  STEP: === CARD 3 ===
2025-12-29 23:30:13 INFO  STEP: Toggle Reviews
2025-12-29 23:30:14 INFO  STEP: Is reviwes window open?: true
2025-12-29 23:30:14 INFO  STEP: Number of reviews: 4
2025-12-29 23:30:14 INFO  STEP: stars:5
2025-12-29 23:30:15 INFO  STEP: stars:5
2025-12-29 23:30:15 INFO  STEP: stars:3
2025-12-29 23:30:15 INFO  STEP: stars:4
2025-12-29 23:30:15 INFO  STEP: sum of stars:17
2025-12-29 23:30:15 INFO  STEP: #3 Product rating: 3.9 ||| Actual rating:4.0
2025-12-29 23:30:15 INFO  STEP: === CARD 4 ===
2025-12-29 23:30:15 INFO  STEP: Toggle Reviews
2025-12-29 23:30:15 INFO  STEP: Is reviwes window open?: true
2025-12-29 23:30:16 INFO  STEP: Number of reviews: 4
2025-12-29 23:30:16 INFO  STEP: stars:5
2025-12-29 23:30:16 INFO  STEP: stars:5
2025-12-29 23:30:16 INFO  STEP: stars:2
2025-12-29 23:30:16 INFO  STEP: stars:4
2025-12-29 23:30:16 INFO  STEP: sum of stars:16
2025-12-29 23:30:16 INFO  STEP: #4 Product rating: 3.0 ||| Actual rating:4.0
2025-12-29 23:30:16 INFO  STEP: === CARD 5 ===
2025-12-29 23:30:17 INFO  STEP: Toggle Reviews
2025-12-29 23:30:17 INFO  STEP: Is reviwes window open?: true
2025-12-29 23:30:17 INFO  STEP: Number of reviews: 4
2025-12-29 23:30:17 INFO  STEP: stars:5
2025-12-29 23:30:18 INFO  STEP: stars:5
2025-12-29 23:30:18 INFO  STEP: stars:5
2025-12-29 23:30:18 INFO  STEP: stars:4
2025-12-29 23:30:18 INFO  STEP: sum of stars:19
2025-12-29 23:30:18 INFO  STEP: #5 Product rating: 2.8 ||| Actual rating:4.0
2025-12-29 23:30:18 ERROR STEP FAIL: All reviews ratings should match the product rating
2025-12-29 23:30:18 ERROR === FAIL  tests.productCardsTests.RatingMatchesReviewsTests.reviewsShouldMatchRating[Exp#1 [f1=1, f2=1, f3=1, f4=1, f5=1, f6=1, f7=1, f8=1]] ===
java.lang.AssertionError: All reviews ratings should match the product rating
	at org.junit.Assert.fail(Assert.java:89) ~[junit-4.13.jar:4.13]
	at org.junit.Assert.assertTrue(Assert.java:42) ~[junit-4.13.jar:4.13]
	at tests.BaseTest.checkTrue(BaseTest.java:75) ~[test-classes/:?]
	at tests.productCardsTests.RatingMatchesReviewsTests.reviewsShouldMatchRating(RatingMatchesReviewsTests.java:80) ~[test-classes/:?]
	at jdk.internal.reflect.DirectMethodHandleAccessor.invoke(DirectMethodHandleAccessor.java:103) ~[?:?]
	at java.lang.reflect.Method.invoke(Method.java:580) ~[?:?]
	at org.junit.runners.model.FrameworkMethod$1.runReflectiveCall(FrameworkMethod.java:59) ~[junit-4.13.jar:4.13]
	at org.junit.internal.runners.model.ReflectiveCallable.run(ReflectiveCallable.java:12) ~[junit-4.13.jar:4.13]
	at org.junit.runners.model.FrameworkMethod.invokeExplosively(FrameworkMethod.java:56) ~[junit-4.13.jar:4.13]
	at org.junit.internal.runners.statements.InvokeMethod.evaluate(InvokeMethod.java:17) ~[junit-4.13.jar:4.13]
	at org.junit.internal.runners.statements.RunBefores.evaluate(RunBefores.java:26) ~[junit-4.13.jar:4.13]
	at org.junit.internal.runners.statements.RunAfters.evaluate(RunAfters.java:27) ~[junit-4.13.jar:4.13]
	at org.junit.rules.TestWatcher$1.evaluate(TestWatcher.java:61) [junit-4.13.jar:4.13]
	at org.junit.runners.ParentRunner$3.evaluate(ParentRunner.java:306) [junit-4.13.jar:4.13]
	at org.junit.runners.BlockJUnit4ClassRunner$1.evaluate(BlockJUnit4ClassRunner.java:100) [junit-4.13.jar:4.13]
	at org.junit.runners.ParentRunner.runLeaf(ParentRunner.java:366) [junit-4.13.jar:4.13]
	at org.junit.runners.BlockJUnit4ClassRunner.runChild(BlockJUnit4ClassRunner.java:103) [junit-4.13.jar:4.13]
	at org.junit.runners.BlockJUnit4ClassRunner.runChild(BlockJUnit4ClassRunner.java:63) [junit-4.13.jar:4.13]
	at org.junit.runners.ParentRunner$4.run(ParentRunner.java:331) [junit-4.13.jar:4.13]
	at org.junit.runners.ParentRunner$1.schedule(ParentRunner.java:79) [junit-4.13.jar:4.13]
	at org.junit.runners.ParentRunner.runChildren(ParentRunner.java:329) [junit-4.13.jar:4.13]
	at org.junit.runners.ParentRunner.access$100(ParentRunner.java:66) [junit-4.13.jar:4.13]
	at org.junit.runners.ParentRunner$2.evaluate(ParentRunner.java:293) [junit-4.13.jar:4.13]
	at org.junit.runners.ParentRunner.run(ParentRunner.java:413) [junit-4.13.jar:4.13]
	at org.junit.runners.Suite.runChild(Suite.java:128) [junit-4.13.jar:4.13]
	at org.junit.runners.Suite.runChild(Suite.java:27) [junit-4.13.jar:4.13]
	at org.junit.runners.ParentRunner$4.run(ParentRunner.java:331) [junit-4.13.jar:4.13]
	at org.junit.runners.ParentRunner$1.schedule(ParentRunner.java:79) [junit-4.13.jar:4.13]
	at org.junit.runners.ParentRunner.runChildren(ParentRunner.java:329) [junit-4.13.jar:4.13]
	at org.junit.runners.ParentRunner.access$100(ParentRunner.java:66) [junit-4.13.jar:4.13]
	at org.junit.runners.ParentRunner$2.evaluate(ParentRunner.java:293) [junit-4.13.jar:4.13]
	at org.junit.runners.ParentRunner$3.evaluate(ParentRunner.java:306) [junit-4.13.jar:4.13]
	at org.junit.runners.ParentRunner.run(ParentRunner.java:413) [junit-4.13.jar:4.13]
	at org.eclipse.jdt.internal.junit4.runner.JUnit4TestReference.run(JUnit4TestReference.java:93) [.cp/:?]
	at org.eclipse.jdt.internal.junit.runner.TestExecution.run(TestExecution.java:40) [.cp/:?]
	at org.eclipse.jdt.internal.junit.runner.RemoteTestRunner.runTests(RemoteTestRunner.java:530) [.cp/:?]
	at org.eclipse.jdt.internal.junit.runner.RemoteTestRunner.runTests(RemoteTestRunner.java:758) [.cp/:?]
	at org.eclipse.jdt.internal.junit.runner.RemoteTestRunner.run(RemoteTestRunner.java:453) [.cp/:?]
	at org.eclipse.jdt.internal.junit.runner.RemoteTestRunner.main(RemoteTestRunner.java:211) [.cp/:?]
2025-12-29 23:30:18 INFO  === END   tests.productCardsTests.RatingMatchesReviewsTests.reviewsShouldMatchRating[Exp#1 [f1=1, f2=1, f3=1, f4=1, f5=1, f6=1, f7=1, f8=1]] ===
2025-12-29 23:30:18 INFO  === START tests.productCardsTests.RatingMatchesReviewsTests.numberOfReviewsShouldMatch[Exp#1 [f1=1, f2=1, f3=1, f4=1, f5=1, f6=1, f7=1, f8=1]] ===
2025-12-29 23:30:20 INFO  STEP: ♻️ Using existing results for same input.
2025-12-29 23:30:20 ERROR === FAIL  tests.productCardsTests.RatingMatchesReviewsTests.numberOfReviewsShouldMatch[Exp#1 [f1=1, f2=1, f3=1, f4=1, f5=1, f6=1, f7=1, f8=1]] ===
org.openqa.selenium.NoSuchSessionException: Session ID is null. Using WebDriver after calling quit()?
Build info: version: '4.39.0', revision: '126f156aee'
System info: os.name: 'Windows 11', os.arch: 'amd64', os.version: '10.0', java.version: '23.0.1'
Driver info: org.openqa.selenium.chrome.ChromeDriver
Command: [null, findElement {value=[data-testid='product-grid'], using=css selector}]
Capabilities {acceptInsecureCerts: false, browserName: chrome, browserVersion: 143.0.7499.170, chrome: {chromedriverVersion: 143.0.7499.169 (164b20aab62..., userDataDir: C:\Users\igor1\AppData\Loca...}, fedcm:accounts: true, goog:chromeOptions: {debuggerAddress: localhost:61959}, goog:processID: 8180, networkConnectionEnabled: false, pageLoadStrategy: normal, platformName: windows, proxy: Proxy(), se:cdp: ws://localhost:61959/devtoo..., se:cdpVersion: 143.0.7499.170, setWindowRect: true, strictFileInteractability: false, timeouts: {implicit: 0, pageLoad: 300000, script: 30000}, unhandledPromptBehavior: dismiss and notify, webauthn:extension:credBlob: true, webauthn:extension:largeBlob: true, webauthn:extension:minPinLength: true, webauthn:extension:prf: true, webauthn:virtualAuthenticators: true}
	at org.openqa.selenium.remote.HttpCommandExecutor.execute(HttpCommandExecutor.java:176) ~[selenium-remote-driver-4.39.0.jar:?]
	at org.openqa.selenium.remote.service.DriverCommandExecutor.invokeExecute(DriverCommandExecutor.java:216) ~[selenium-remote-driver-4.39.0.jar:?]
	at org.openqa.selenium.remote.service.DriverCommandExecutor.execute(DriverCommandExecutor.java:174) ~[selenium-remote-driver-4.39.0.jar:?]
	at org.openqa.selenium.remote.RemoteWebDriver.execute(RemoteWebDriver.java:561) ~[selenium-remote-driver-4.39.0.jar:?]
	at org.openqa.selenium.remote.ElementLocation$ElementFinder$2.findElement(ElementLocation.java:166) ~[selenium-remote-driver-4.39.0.jar:?]
	at org.openqa.selenium.remote.ElementLocation.findElement(ElementLocation.java:60) ~[selenium-remote-driver-4.39.0.jar:?]
	at org.openqa.selenium.remote.RemoteWebDriver.findElement(RemoteWebDriver.java:384) ~[selenium-remote-driver-4.39.0.jar:?]
	at org.openqa.selenium.remote.RemoteWebDriver.findElement(RemoteWebDriver.java:378) ~[selenium-remote-driver-4.39.0.jar:?]
	at org.openqa.selenium.support.ui.ExpectedConditions$7.apply(ExpectedConditions.java:198) ~[selenium-support-4.39.0.jar:?]
	at org.openqa.selenium.support.ui.ExpectedConditions$7.apply(ExpectedConditions.java:194) ~[selenium-support-4.39.0.jar:?]
	at org.openqa.selenium.support.ui.FluentWait.until(FluentWait.java:203) ~[selenium-support-4.39.0.jar:?]
	at pages.ResultPage.getProductCards(ResultPage.java:77) ~[test-classes/:?]
	at pages.ResultPage.getCardsCount(ResultPage.java:84) ~[test-classes/:?]
	at tests.productCardsTests.RatingMatchesReviewsTests.numberOfReviewsShouldMatch(RatingMatchesReviewsTests.java:86) ~[test-classes/:?]
	at jdk.internal.reflect.DirectMethodHandleAccessor.invoke(DirectMethodHandleAccessor.java:103) ~[?:?]
	at java.lang.reflect.Method.invoke(Method.java:580) ~[?:?]
	at org.junit.runners.model.FrameworkMethod$1.runReflectiveCall(FrameworkMethod.java:59) ~[junit-4.13.jar:4.13]
	at org.junit.internal.runners.model.ReflectiveCallable.run(ReflectiveCallable.java:12) ~[junit-4.13.jar:4.13]
	at org.junit.runners.model.FrameworkMethod.invokeExplosively(FrameworkMethod.java:56) ~[junit-4.13.jar:4.13]
	at org.junit.internal.runners.statements.InvokeMethod.evaluate(InvokeMethod.java:17) ~[junit-4.13.jar:4.13]
	at org.junit.internal.runners.statements.RunBefores.evaluate(RunBefores.java:26) ~[junit-4.13.jar:4.13]
	at org.junit.internal.runners.statements.RunAfters.evaluate(RunAfters.java:27) ~[junit-4.13.jar:4.13]
	at org.junit.rules.TestWatcher$1.evaluate(TestWatcher.java:61) [junit-4.13.jar:4.13]
	at org.junit.runners.ParentRunner$3.evaluate(ParentRunner.java:306) [junit-4.13.jar:4.13]
	at org.junit.runners.BlockJUnit4ClassRunner$1.evaluate(BlockJUnit4ClassRunner.java:100) [junit-4.13.jar:4.13]
	at org.junit.runners.ParentRunner.runLeaf(ParentRunner.java:366) [junit-4.13.jar:4.13]
	at org.junit.runners.BlockJUnit4ClassRunner.runChild(BlockJUnit4ClassRunner.java:103) [junit-4.13.jar:4.13]
	at org.junit.runners.BlockJUnit4ClassRunner.runChild(BlockJUnit4ClassRunner.java:63) [junit-4.13.jar:4.13]
	at org.junit.runners.ParentRunner$4.run(ParentRunner.java:331) [junit-4.13.jar:4.13]
	at org.junit.runners.ParentRunner$1.schedule(ParentRunner.java:79) [junit-4.13.jar:4.13]
	at org.junit.runners.ParentRunner.runChildren(ParentRunner.java:329) [junit-4.13.jar:4.13]
	at org.junit.runners.ParentRunner.access$100(ParentRunner.java:66) [junit-4.13.jar:4.13]
	at org.junit.runners.ParentRunner$2.evaluate(ParentRunner.java:293) [junit-4.13.jar:4.13]
	at org.junit.runners.ParentRunner.run(ParentRunner.java:413) [junit-4.13.jar:4.13]
	at org.junit.runners.Suite.runChild(Suite.java:128) [junit-4.13.jar:4.13]
	at org.junit.runners.Suite.runChild(Suite.java:27) [junit-4.13.jar:4.13]
	at org.junit.runners.ParentRunner$4.run(ParentRunner.java:331) [junit-4.13.jar:4.13]
	at org.junit.runners.ParentRunner$1.schedule(ParentRunner.java:79) [junit-4.13.jar:4.13]
	at org.junit.runners.ParentRunner.runChildren(ParentRunner.java:329) [junit-4.13.jar:4.13]
	at org.junit.runners.ParentRunner.access$100(ParentRunner.java:66) [junit-4.13.jar:4.13]
	at org.junit.runners.ParentRunner$2.evaluate(ParentRunner.java:293) [junit-4.13.jar:4.13]
	at org.junit.runners.ParentRunner$3.evaluate(ParentRunner.java:306) [junit-4.13.jar:4.13]
	at org.junit.runners.ParentRunner.run(ParentRunner.java:413) [junit-4.13.jar:4.13]
	at org.eclipse.jdt.internal.junit4.runner.JUnit4TestReference.run(JUnit4TestReference.java:93) [.cp/:?]
	at org.eclipse.jdt.internal.junit.runner.TestExecution.run(TestExecution.java:40) [.cp/:?]
	at org.eclipse.jdt.internal.junit.runner.RemoteTestRunner.runTests(RemoteTestRunner.java:530) [.cp/:?]
	at org.eclipse.jdt.internal.junit.runner.RemoteTestRunner.runTests(RemoteTestRunner.java:758) [.cp/:?]
	at org.eclipse.jdt.internal.junit.runner.RemoteTestRunner.run(RemoteTestRunner.java:453) [.cp/:?]
	at org.eclipse.jdt.internal.junit.runner.RemoteTestRunner.main(RemoteTestRunner.java:211) [.cp/:?]
2025-12-29 23:30:20 INFO  === END   tests.productCardsTests.RatingMatchesReviewsTests.numberOfReviewsShouldMatch[Exp#1 [f1=1, f2=1, f3=1, f4=1, f5=1, f6=1, f7=1, f8=1]] ===
2025-12-29 23:30:20 INFO  === START tests.productCardsTests.RatingMatchesReviewsTests.reviewsShouldMatchRating[Exp#2 [f1=1, f2=1, f3=2, f4=2, f5=2, f6=2, f7=2, f8=2]] ===
2025-12-29 23:30:22 INFO  STEP: 📝 New input: Filling form fields.
2025-12-29 23:30:30 INFO  STEP: === CARD 1 ===
2025-12-29 23:30:30 INFO  STEP: Toggle Reviews
2025-12-29 23:30:31 INFO  STEP: Is reviwes window open?: true
2025-12-29 23:30:31 INFO  STEP: Number of reviews: 4
2025-12-29 23:30:31 INFO  STEP: stars:5
2025-12-29 23:30:31 INFO  STEP: stars:3
2025-12-29 23:30:32 INFO  STEP: stars:5
2025-12-29 23:30:32 INFO  STEP: stars:1
2025-12-29 23:30:32 INFO  STEP: sum of stars:14
2025-12-29 23:30:32 INFO  STEP: #1 Product rating: 4.5 ||| Actual rating:3.0
2025-12-29 23:30:32 INFO  STEP: === CARD 2 ===
2025-12-29 23:30:32 INFO  STEP: Toggle Reviews
2025-12-29 23:30:32 INFO  STEP: Is reviwes window open?: true
2025-12-29 23:30:33 INFO  STEP: Number of reviews: 4
2025-12-29 23:30:33 INFO  STEP: stars:5
2025-12-29 23:30:33 INFO  STEP: stars:5
2025-12-29 23:30:33 INFO  STEP: stars:5
2025-12-29 23:30:33 INFO  STEP: stars:4
2025-12-29 23:30:33 INFO  STEP: sum of stars:19
2025-12-29 23:30:33 INFO  STEP: #2 Product rating: 3.3 ||| Actual rating:4.0
2025-12-29 23:30:33 INFO  STEP: === CARD 3 ===
2025-12-29 23:30:33 INFO  STEP: Toggle Reviews
2025-12-29 23:30:34 INFO  STEP: Is reviwes window open?: true
2025-12-29 23:30:34 INFO  STEP: Number of reviews: 4
2025-12-29 23:30:34 INFO  STEP: stars:5
2025-12-29 23:30:34 INFO  STEP: stars:3
2025-12-29 23:30:35 INFO  STEP: stars:1
2025-12-29 23:30:35 INFO  STEP: stars:5
2025-12-29 23:30:35 INFO  STEP: sum of stars:14
2025-12-29 23:30:35 INFO  STEP: #3 Product rating: 3.9 ||| Actual rating:3.0
2025-12-29 23:30:35 INFO  STEP: === CARD 4 ===
2025-12-29 23:30:35 INFO  STEP: Toggle Reviews
2025-12-29 23:30:35 INFO  STEP: Is reviwes window open?: true
2025-12-29 23:30:36 INFO  STEP: Number of reviews: 4
2025-12-29 23:30:36 INFO  STEP: stars:5
2025-12-29 23:30:36 INFO  STEP: stars:4
2025-12-29 23:30:36 INFO  STEP: stars:4
2025-12-29 23:30:36 INFO  STEP: stars:5
2025-12-29 23:30:36 INFO  STEP: sum of stars:18
2025-12-29 23:30:36 INFO  STEP: #4 Product rating: 4.0 ||| Actual rating:4.0
2025-12-29 23:30:36 INFO  STEP: === CARD 5 ===
2025-12-29 23:30:36 INFO  STEP: Toggle Reviews
2025-12-29 23:30:36 INFO  STEP: Is reviwes window open?: true
2025-12-29 23:30:37 INFO  STEP: Number of reviews: 4
2025-12-29 23:30:37 INFO  STEP: stars:5
2025-12-29 23:30:37 INFO  STEP: stars:5
2025-12-29 23:30:37 INFO  STEP: stars:5
2025-12-29 23:30:37 INFO  STEP: stars:5
2025-12-29 23:30:37 INFO  STEP: sum of stars:20
2025-12-29 23:30:37 INFO  STEP: #5 Product rating: 4.6 ||| Actual rating:5.0
2025-12-29 23:30:37 ERROR STEP FAIL: All reviews ratings should match the product rating
2025-12-29 23:30:38 ERROR === FAIL  tests.productCardsTests.RatingMatchesReviewsTests.reviewsShouldMatchRating[Exp#2 [f1=1, f2=1, f3=2, f4=2, f5=2, f6=2, f7=2, f8=2]] ===
java.lang.AssertionError: All reviews ratings should match the product rating
	at org.junit.Assert.fail(Assert.java:89) ~[junit-4.13.jar:4.13]
	at org.junit.Assert.assertTrue(Assert.java:42) ~[junit-4.13.jar:4.13]
	at tests.BaseTest.checkTrue(BaseTest.java:75) ~[test-classes/:?]
	at tests.productCardsTests.RatingMatchesReviewsTests.reviewsShouldMatchRating(RatingMatchesReviewsTests.java:80) ~[test-classes/:?]
	at jdk.internal.reflect.DirectMethodHandleAccessor.invoke(DirectMethodHandleAccessor.java:103) ~[?:?]
	at java.lang.reflect.Method.invoke(Method.java:580) ~[?:?]
	at org.junit.runners.model.FrameworkMethod$1.runReflectiveCall(FrameworkMethod.java:59) ~[junit-4.13.jar:4.13]
	at org.junit.internal.runners.model.ReflectiveCallable.run(ReflectiveCallable.java:12) ~[junit-4.13.jar:4.13]
	at org.junit.runners.model.FrameworkMethod.invokeExplosively(FrameworkMethod.java:56) ~[junit-4.13.jar:4.13]
	at org.junit.internal.runners.statements.InvokeMethod.evaluate(InvokeMethod.java:17) ~[junit-4.13.jar:4.13]
	at org.junit.internal.runners.statements.RunBefores.evaluate(RunBefores.java:26) ~[junit-4.13.jar:4.13]
	at org.junit.internal.runners.statements.RunAfters.evaluate(RunAfters.java:27) ~[junit-4.13.jar:4.13]
	at org.junit.rules.TestWatcher$1.evaluate(TestWatcher.java:61) [junit-4.13.jar:4.13]
	at org.junit.runners.ParentRunner$3.evaluate(ParentRunner.java:306) [junit-4.13.jar:4.13]
	at org.junit.runners.BlockJUnit4ClassRunner$1.evaluate(BlockJUnit4ClassRunner.java:100) [junit-4.13.jar:4.13]
	at org.junit.runners.ParentRunner.runLeaf(ParentRunner.java:366) [junit-4.13.jar:4.13]
	at org.junit.runners.BlockJUnit4ClassRunner.runChild(BlockJUnit4ClassRunner.java:103) [junit-4.13.jar:4.13]
	at org.junit.runners.BlockJUnit4ClassRunner.runChild(BlockJUnit4ClassRunner.java:63) [junit-4.13.jar:4.13]
	at org.junit.runners.ParentRunner$4.run(ParentRunner.java:331) [junit-4.13.jar:4.13]
	at org.junit.runners.ParentRunner$1.schedule(ParentRunner.java:79) [junit-4.13.jar:4.13]
	at org.junit.runners.ParentRunner.runChildren(ParentRunner.java:329) [junit-4.13.jar:4.13]
	at org.junit.runners.ParentRunner.access$100(ParentRunner.java:66) [junit-4.13.jar:4.13]
	at org.junit.runners.ParentRunner$2.evaluate(ParentRunner.java:293) [junit-4.13.jar:4.13]
	at org.junit.runners.ParentRunner.run(ParentRunner.java:413) [junit-4.13.jar:4.13]
	at org.junit.runners.Suite.runChild(Suite.java:128) [junit-4.13.jar:4.13]
	at org.junit.runners.Suite.runChild(Suite.java:27) [junit-4.13.jar:4.13]
	at org.junit.runners.ParentRunner$4.run(ParentRunner.java:331) [junit-4.13.jar:4.13]
	at org.junit.runners.ParentRunner$1.schedule(ParentRunner.java:79) [junit-4.13.jar:4.13]
	at org.junit.runners.ParentRunner.runChildren(ParentRunner.java:329) [junit-4.13.jar:4.13]
	at org.junit.runners.ParentRunner.access$100(ParentRunner.java:66) [junit-4.13.jar:4.13]
	at org.junit.runners.ParentRunner$2.evaluate(ParentRunner.java:293) [junit-4.13.jar:4.13]
	at org.junit.runners.ParentRunner$3.evaluate(ParentRunner.java:306) [junit-4.13.jar:4.13]
	at org.junit.runners.ParentRunner.run(ParentRunner.java:413) [junit-4.13.jar:4.13]
	at org.eclipse.jdt.internal.junit4.runner.JUnit4TestReference.run(JUnit4TestReference.java:93) [.cp/:?]
	at org.eclipse.jdt.internal.junit.runner.TestExecution.run(TestExecution.java:40) [.cp/:?]
	at org.eclipse.jdt.internal.junit.runner.RemoteTestRunner.runTests(RemoteTestRunner.java:530) [.cp/:?]
	at org.eclipse.jdt.internal.junit.runner.RemoteTestRunner.runTests(RemoteTestRunner.java:758) [.cp/:?]
	at org.eclipse.jdt.internal.junit.runner.RemoteTestRunner.run(RemoteTestRunner.java:453) [.cp/:?]
	at org.eclipse.jdt.internal.junit.runner.RemoteTestRunner.main(RemoteTestRunner.java:211) [.cp/:?]
2025-12-29 23:30:38 INFO  === END   tests.productCardsTests.RatingMatchesReviewsTests.reviewsShouldMatchRating[Exp#2 [f1=1, f2=1, f3=2, f4=2, f5=2, f6=2, f7=2, f8=2]] ===
2025-12-29 23:30:38 INFO  === START tests.productCardsTests.RatingMatchesReviewsTests.numberOfReviewsShouldMatch[Exp#2 [f1=1, f2=1, f3=2, f4=2, f5=2, f6=2, f7=2, f8=2]] ===
2025-12-29 23:30:40 INFO  STEP: ♻️ Using existing results for same input.
2025-12-29 23:30:40 ERROR === FAIL  tests.productCardsTests.RatingMatchesReviewsTests.numberOfReviewsShouldMatch[Exp#2 [f1=1, f2=1, f3=2, f4=2, f5=2, f6=2, f7=2, f8=2]] ===
org.openqa.selenium.NoSuchSessionException: Session ID is null. Using WebDriver after calling quit()?
Build info: version: '4.39.0', revision: '126f156aee'
System info: os.name: 'Windows 11', os.arch: 'amd64', os.version: '10.0', java.version: '23.0.1'
Driver info: org.openqa.selenium.chrome.ChromeDriver
Command: [null, findElement {value=[data-testid='product-grid'], using=css selector}]
Capabilities {acceptInsecureCerts: false, browserName: chrome, browserVersion: 143.0.7499.170, chrome: {chromedriverVersion: 143.0.7499.169 (164b20aab62..., userDataDir: C:\Users\igor1\AppData\Loca...}, fedcm:accounts: true, goog:chromeOptions: {debuggerAddress: localhost:58450}, goog:processID: 8952, networkConnectionEnabled: false, pageLoadStrategy: normal, platformName: windows, proxy: Proxy(), se:cdp: ws://localhost:58450/devtoo..., se:cdpVersion: 143.0.7499.170, setWindowRect: true, strictFileInteractability: false, timeouts: {implicit: 0, pageLoad: 300000, script: 30000}, unhandledPromptBehavior: dismiss and notify, webauthn:extension:credBlob: true, webauthn:extension:largeBlob: true, webauthn:extension:minPinLength: true, webauthn:extension:prf: true, webauthn:virtualAuthenticators: true}
	at org.openqa.selenium.remote.HttpCommandExecutor.execute(HttpCommandExecutor.java:176) ~[selenium-remote-driver-4.39.0.jar:?]
	at org.openqa.selenium.remote.service.DriverCommandExecutor.invokeExecute(DriverCommandExecutor.java:216) ~[selenium-remote-driver-4.39.0.jar:?]
	at org.openqa.selenium.remote.service.DriverCommandExecutor.execute(DriverCommandExecutor.java:174) ~[selenium-remote-driver-4.39.0.jar:?]
	at org.openqa.selenium.remote.RemoteWebDriver.execute(RemoteWebDriver.java:561) ~[selenium-remote-driver-4.39.0.jar:?]
	at org.openqa.selenium.remote.ElementLocation$ElementFinder$2.findElement(ElementLocation.java:166) ~[selenium-remote-driver-4.39.0.jar:?]
	at org.openqa.selenium.remote.ElementLocation.findElement(ElementLocation.java:60) ~[selenium-remote-driver-4.39.0.jar:?]
	at org.openqa.selenium.remote.RemoteWebDriver.findElement(RemoteWebDriver.java:384) ~[selenium-remote-driver-4.39.0.jar:?]
	at org.openqa.selenium.remote.RemoteWebDriver.findElement(RemoteWebDriver.java:378) ~[selenium-remote-driver-4.39.0.jar:?]
	at org.openqa.selenium.support.ui.ExpectedConditions$7.apply(ExpectedConditions.java:198) ~[selenium-support-4.39.0.jar:?]
	at org.openqa.selenium.support.ui.ExpectedConditions$7.apply(ExpectedConditions.java:194) ~[selenium-support-4.39.0.jar:?]
	at org.openqa.selenium.support.ui.FluentWait.until(FluentWait.java:203) ~[selenium-support-4.39.0.jar:?]
	at pages.ResultPage.getProductCards(ResultPage.java:77) ~[test-classes/:?]
	at pages.ResultPage.getCardsCount(ResultPage.java:84) ~[test-classes/:?]
	at tests.productCardsTests.RatingMatchesReviewsTests.numberOfReviewsShouldMatch(RatingMatchesReviewsTests.java:86) ~[test-classes/:?]
	at jdk.internal.reflect.DirectMethodHandleAccessor.invoke(DirectMethodHandleAccessor.java:103) ~[?:?]
	at java.lang.reflect.Method.invoke(Method.java:580) ~[?:?]
	at org.junit.runners.model.FrameworkMethod$1.runReflectiveCall(FrameworkMethod.java:59) ~[junit-4.13.jar:4.13]
	at org.junit.internal.runners.model.ReflectiveCallable.run(ReflectiveCallable.java:12) ~[junit-4.13.jar:4.13]
	at org.junit.runners.model.FrameworkMethod.invokeExplosively(FrameworkMethod.java:56) ~[junit-4.13.jar:4.13]
	at org.junit.internal.runners.statements.InvokeMethod.evaluate(InvokeMethod.java:17) ~[junit-4.13.jar:4.13]
	at org.junit.internal.runners.statements.RunBefores.evaluate(RunBefores.java:26) ~[junit-4.13.jar:4.13]
	at org.junit.internal.runners.statements.RunAfters.evaluate(RunAfters.java:27) ~[junit-4.13.jar:4.13]
	at org.junit.rules.TestWatcher$1.evaluate(TestWatcher.java:61) [junit-4.13.jar:4.13]
	at org.junit.runners.ParentRunner$3.evaluate(ParentRunner.java:306) [junit-4.13.jar:4.13]
	at org.junit.runners.BlockJUnit4ClassRunner$1.evaluate(BlockJUnit4ClassRunner.java:100) [junit-4.13.jar:4.13]
	at org.junit.runners.ParentRunner.runLeaf(ParentRunner.java:366) [junit-4.13.jar:4.13]
	at org.junit.runners.BlockJUnit4ClassRunner.runChild(BlockJUnit4ClassRunner.java:103) [junit-4.13.jar:4.13]
	at org.junit.runners.BlockJUnit4ClassRunner.runChild(BlockJUnit4ClassRunner.java:63) [junit-4.13.jar:4.13]
	at org.junit.runners.ParentRunner$4.run(ParentRunner.java:331) [junit-4.13.jar:4.13]
	at org.junit.runners.ParentRunner$1.schedule(ParentRunner.java:79) [junit-4.13.jar:4.13]
	at org.junit.runners.ParentRunner.runChildren(ParentRunner.java:329) [junit-4.13.jar:4.13]
	at org.junit.runners.ParentRunner.access$100(ParentRunner.java:66) [junit-4.13.jar:4.13]
	at org.junit.runners.ParentRunner$2.evaluate(ParentRunner.java:293) [junit-4.13.jar:4.13]
	at org.junit.runners.ParentRunner.run(ParentRunner.java:413) [junit-4.13.jar:4.13]
	at org.junit.runners.Suite.runChild(Suite.java:128) [junit-4.13.jar:4.13]
	at org.junit.runners.Suite.runChild(Suite.java:27) [junit-4.13.jar:4.13]
	at org.junit.runners.ParentRunner$4.run(ParentRunner.java:331) [junit-4.13.jar:4.13]
	at org.junit.runners.ParentRunner$1.schedule(ParentRunner.java:79) [junit-4.13.jar:4.13]
	at org.junit.runners.ParentRunner.runChildren(ParentRunner.java:329) [junit-4.13.jar:4.13]
	at org.junit.runners.ParentRunner.access$100(ParentRunner.java:66) [junit-4.13.jar:4.13]
	at org.junit.runners.ParentRunner$2.evaluate(ParentRunner.java:293) [junit-4.13.jar:4.13]
	at org.junit.runners.ParentRunner$3.evaluate(ParentRunner.java:306) [junit-4.13.jar:4.13]
	at org.junit.runners.ParentRunner.run(ParentRunner.java:413) [junit-4.13.jar:4.13]
	at org.eclipse.jdt.internal.junit4.runner.JUnit4TestReference.run(JUnit4TestReference.java:93) [.cp/:?]
	at org.eclipse.jdt.internal.junit.runner.TestExecution.run(TestExecution.java:40) [.cp/:?]
	at org.eclipse.jdt.internal.junit.runner.RemoteTestRunner.runTests(RemoteTestRunner.java:530) [.cp/:?]
	at org.eclipse.jdt.internal.junit.runner.RemoteTestRunner.runTests(RemoteTestRunner.java:758) [.cp/:?]
	at org.eclipse.jdt.internal.junit.runner.RemoteTestRunner.run(RemoteTestRunner.java:453) [.cp/:?]
	at org.eclipse.jdt.internal.junit.runner.RemoteTestRunner.main(RemoteTestRunner.java:211) [.cp/:?]
2025-12-29 23:30:40 INFO  === END   tests.productCardsTests.RatingMatchesReviewsTests.numberOfReviewsShouldMatch[Exp#2 [f1=1, f2=1, f3=2, f4=2, f5=2, f6=2, f7=2, f8=2]] ===
2025-12-29 23:30:40 INFO  === START tests.productCardsTests.RatingMatchesReviewsTests.reviewsShouldMatchRating[Exp#3 [f1=1, f2=1, f3=3, f4=3, f5=3, f6=3, f7=3, f8=3]] ===
2025-12-29 23:30:42 INFO  STEP: 📝 New input: Filling form fields.
2025-12-29 23:30:50 INFO  STEP: === CARD 1 ===
2025-12-29 23:30:50 INFO  STEP: Toggle Reviews
2025-12-29 23:30:51 INFO  STEP: Is reviwes window open?: true
2025-12-29 23:30:51 INFO  STEP: Number of reviews: 4
2025-12-29 23:30:51 INFO  STEP: stars:5
2025-12-29 23:30:51 INFO  STEP: stars:1
2025-12-29 23:30:52 INFO  STEP: stars:2
2025-12-29 23:30:52 INFO  STEP: stars:4
2025-12-29 23:30:52 INFO  STEP: sum of stars:12
2025-12-29 23:30:52 INFO  STEP: #1 Product rating: 3.7 ||| Actual rating:3.0
2025-12-29 23:30:52 INFO  STEP: === CARD 2 ===
2025-12-29 23:30:52 INFO  STEP: Toggle Reviews
2025-12-29 23:30:52 INFO  STEP: Is reviwes window open?: true
2025-12-29 23:30:53 INFO  STEP: Number of reviews: 4
2025-12-29 23:30:53 INFO  STEP: stars:5
2025-12-29 23:30:53 INFO  STEP: stars:1
2025-12-29 23:30:53 INFO  STEP: stars:2
2025-12-29 23:30:53 INFO  STEP: stars:4
2025-12-29 23:30:53 INFO  STEP: sum of stars:12
2025-12-29 23:30:53 INFO  STEP: #2 Product rating: 3.7 ||| Actual rating:3.0
2025-12-29 23:30:53 INFO  STEP: === CARD 3 ===
2025-12-29 23:30:53 INFO  STEP: Toggle Reviews
2025-12-29 23:30:54 INFO  STEP: Is reviwes window open?: false
2025-12-29 23:30:54 INFO  STEP: Number of reviews: 0
2025-12-29 23:30:54 INFO  STEP: sum of stars:0
2025-12-29 23:30:54 ERROR === FAIL  tests.productCardsTests.RatingMatchesReviewsTests.reviewsShouldMatchRating[Exp#3 [f1=1, f2=1, f3=3, f4=3, f5=3, f6=3, f7=3, f8=3]] ===
java.lang.ArithmeticException: / by zero
	at tests.productCardsTests.RatingMatchesReviewsTests.reviewsShouldMatchRating(RatingMatchesReviewsTests.java:75) ~[test-classes/:?]
	at jdk.internal.reflect.DirectMethodHandleAccessor.invoke(DirectMethodHandleAccessor.java:103) ~[?:?]
	at java.lang.reflect.Method.invoke(Method.java:580) ~[?:?]
	at org.junit.runners.model.FrameworkMethod$1.runReflectiveCall(FrameworkMethod.java:59) ~[junit-4.13.jar:4.13]
	at org.junit.internal.runners.model.ReflectiveCallable.run(ReflectiveCallable.java:12) ~[junit-4.13.jar:4.13]
	at org.junit.runners.model.FrameworkMethod.invokeExplosively(FrameworkMethod.java:56) ~[junit-4.13.jar:4.13]
	at org.junit.internal.runners.statements.InvokeMethod.evaluate(InvokeMethod.java:17) ~[junit-4.13.jar:4.13]
	at org.junit.internal.runners.statements.RunBefores.evaluate(RunBefores.java:26) ~[junit-4.13.jar:4.13]
	at org.junit.internal.runners.statements.RunAfters.evaluate(RunAfters.java:27) ~[junit-4.13.jar:4.13]
	at org.junit.rules.TestWatcher$1.evaluate(TestWatcher.java:61) [junit-4.13.jar:4.13]
	at org.junit.runners.ParentRunner$3.evaluate(ParentRunner.java:306) [junit-4.13.jar:4.13]
	at org.junit.runners.BlockJUnit4ClassRunner$1.evaluate(BlockJUnit4ClassRunner.java:100) [junit-4.13.jar:4.13]
	at org.junit.runners.ParentRunner.runLeaf(ParentRunner.java:366) [junit-4.13.jar:4.13]
	at org.junit.runners.BlockJUnit4ClassRunner.runChild(BlockJUnit4ClassRunner.java:103) [junit-4.13.jar:4.13]
	at org.junit.runners.BlockJUnit4ClassRunner.runChild(BlockJUnit4ClassRunner.java:63) [junit-4.13.jar:4.13]
	at org.junit.runners.ParentRunner$4.run(ParentRunner.java:331) [junit-4.13.jar:4.13]
	at org.junit.runners.ParentRunner$1.schedule(ParentRunner.java:79) [junit-4.13.jar:4.13]
	at org.junit.runners.ParentRunner.runChildren(ParentRunner.java:329) [junit-4.13.jar:4.13]
	at org.junit.runners.ParentRunner.access$100(ParentRunner.java:66) [junit-4.13.jar:4.13]
	at org.junit.runners.ParentRunner$2.evaluate(ParentRunner.java:293) [junit-4.13.jar:4.13]
	at org.junit.runners.ParentRunner.run(ParentRunner.java:413) [junit-4.13.jar:4.13]
	at org.junit.runners.Suite.runChild(Suite.java:128) [junit-4.13.jar:4.13]
	at org.junit.runners.Suite.runChild(Suite.java:27) [junit-4.13.jar:4.13]
	at org.junit.runners.ParentRunner$4.run(ParentRunner.java:331) [junit-4.13.jar:4.13]
	at org.junit.runners.ParentRunner$1.schedule(ParentRunner.java:79) [junit-4.13.jar:4.13]
	at org.junit.runners.ParentRunner.runChildren(ParentRunner.java:329) [junit-4.13.jar:4.13]
	at org.junit.runners.ParentRunner.access$100(ParentRunner.java:66) [junit-4.13.jar:4.13]
	at org.junit.runners.ParentRunner$2.evaluate(ParentRunner.java:293) [junit-4.13.jar:4.13]
	at org.junit.runners.ParentRunner$3.evaluate(ParentRunner.java:306) [junit-4.13.jar:4.13]
	at org.junit.runners.ParentRunner.run(ParentRunner.java:413) [junit-4.13.jar:4.13]
	at org.eclipse.jdt.internal.junit4.runner.JUnit4TestReference.run(JUnit4TestReference.java:93) [.cp/:?]
	at org.eclipse.jdt.internal.junit.runner.TestExecution.run(TestExecution.java:40) [.cp/:?]
	at org.eclipse.jdt.internal.junit.runner.RemoteTestRunner.runTests(RemoteTestRunner.java:530) [.cp/:?]
	at org.eclipse.jdt.internal.junit.runner.RemoteTestRunner.runTests(RemoteTestRunner.java:758) [.cp/:?]
	at org.eclipse.jdt.internal.junit.runner.RemoteTestRunner.run(RemoteTestRunner.java:453) [.cp/:?]
	at org.eclipse.jdt.internal.junit.runner.RemoteTestRunner.main(RemoteTestRunner.java:211) [.cp/:?]
2025-12-29 23:30:54 INFO  === END   tests.productCardsTests.RatingMatchesReviewsTests.reviewsShouldMatchRating[Exp#3 [f1=1, f2=1, f3=3, f4=3, f5=3, f6=3, f7=3, f8=3]] ===
2025-12-29 23:30:54 INFO  === START tests.productCardsTests.RatingMatchesReviewsTests.numberOfReviewsShouldMatch[Exp#3 [f1=1, f2=1, f3=3, f4=3, f5=3, f6=3, f7=3, f8=3]] ===
2025-12-29 23:30:56 INFO  STEP: ♻️ Using existing results for same input.
2025-12-29 23:30:56 ERROR === FAIL  tests.productCardsTests.RatingMatchesReviewsTests.numberOfReviewsShouldMatch[Exp#3 [f1=1, f2=1, f3=3, f4=3, f5=3, f6=3, f7=3, f8=3]] ===
org.openqa.selenium.NoSuchSessionException: Session ID is null. Using WebDriver after calling quit()?
Build info: version: '4.39.0', revision: '126f156aee'
System info: os.name: 'Windows 11', os.arch: 'amd64', os.version: '10.0', java.version: '23.0.1'
Driver info: org.openqa.selenium.chrome.ChromeDriver
Command: [null, findElement {value=[data-testid='product-grid'], using=css selector}]
Capabilities {acceptInsecureCerts: false, browserName: chrome, browserVersion: 143.0.7499.170, chrome: {chromedriverVersion: 143.0.7499.169 (164b20aab62..., userDataDir: C:\Users\igor1\AppData\Loca...}, fedcm:accounts: true, goog:chromeOptions: {debuggerAddress: localhost:51636}, goog:processID: 23088, networkConnectionEnabled: false, pageLoadStrategy: normal, platformName: windows, proxy: Proxy(), se:cdp: ws://localhost:51636/devtoo..., se:cdpVersion: 143.0.7499.170, setWindowRect: true, strictFileInteractability: false, timeouts: {implicit: 0, pageLoad: 300000, script: 30000}, unhandledPromptBehavior: dismiss and notify, webauthn:extension:credBlob: true, webauthn:extension:largeBlob: true, webauthn:extension:minPinLength: true, webauthn:extension:prf: true, webauthn:virtualAuthenticators: true}
	at org.openqa.selenium.remote.HttpCommandExecutor.execute(HttpCommandExecutor.java:176) ~[selenium-remote-driver-4.39.0.jar:?]
	at org.openqa.selenium.remote.service.DriverCommandExecutor.invokeExecute(DriverCommandExecutor.java:216) ~[selenium-remote-driver-4.39.0.jar:?]
	at org.openqa.selenium.remote.service.DriverCommandExecutor.execute(DriverCommandExecutor.java:174) ~[selenium-remote-driver-4.39.0.jar:?]
	at org.openqa.selenium.remote.RemoteWebDriver.execute(RemoteWebDriver.java:561) ~[selenium-remote-driver-4.39.0.jar:?]
	at org.openqa.selenium.remote.ElementLocation$ElementFinder$2.findElement(ElementLocation.java:166) ~[selenium-remote-driver-4.39.0.jar:?]
	at org.openqa.selenium.remote.ElementLocation.findElement(ElementLocation.java:60) ~[selenium-remote-driver-4.39.0.jar:?]
	at org.openqa.selenium.remote.RemoteWebDriver.findElement(RemoteWebDriver.java:384) ~[selenium-remote-driver-4.39.0.jar:?]
	at org.openqa.selenium.remote.RemoteWebDriver.findElement(RemoteWebDriver.java:378) ~[selenium-remote-driver-4.39.0.jar:?]
	at org.openqa.selenium.support.ui.ExpectedConditions$7.apply(ExpectedConditions.java:198) ~[selenium-support-4.39.0.jar:?]
	at org.openqa.selenium.support.ui.ExpectedConditions$7.apply(ExpectedConditions.java:194) ~[selenium-support-4.39.0.jar:?]
	at org.openqa.selenium.support.ui.FluentWait.until(FluentWait.java:203) ~[selenium-support-4.39.0.jar:?]
	at pages.ResultPage.getProductCards(ResultPage.java:77) ~[test-classes/:?]
	at pages.ResultPage.getCardsCount(ResultPage.java:84) ~[test-classes/:?]
	at tests.productCardsTests.RatingMatchesReviewsTests.numberOfReviewsShouldMatch(RatingMatchesReviewsTests.java:86) ~[test-classes/:?]
	at jdk.internal.reflect.DirectMethodHandleAccessor.invoke(DirectMethodHandleAccessor.java:103) ~[?:?]
	at java.lang.reflect.Method.invoke(Method.java:580) ~[?:?]
	at org.junit.runners.model.FrameworkMethod$1.runReflectiveCall(FrameworkMethod.java:59) ~[junit-4.13.jar:4.13]
	at org.junit.internal.runners.model.ReflectiveCallable.run(ReflectiveCallable.java:12) ~[junit-4.13.jar:4.13]
	at org.junit.runners.model.FrameworkMethod.invokeExplosively(FrameworkMethod.java:56) ~[junit-4.13.jar:4.13]
	at org.junit.internal.runners.statements.InvokeMethod.evaluate(InvokeMethod.java:17) ~[junit-4.13.jar:4.13]
	at org.junit.internal.runners.statements.RunBefores.evaluate(RunBefores.java:26) ~[junit-4.13.jar:4.13]
	at org.junit.internal.runners.statements.RunAfters.evaluate(RunAfters.java:27) ~[junit-4.13.jar:4.13]
	at org.junit.rules.TestWatcher$1.evaluate(TestWatcher.java:61) [junit-4.13.jar:4.13]
	at org.junit.runners.ParentRunner$3.evaluate(ParentRunner.java:306) [junit-4.13.jar:4.13]
	at org.junit.runners.BlockJUnit4ClassRunner$1.evaluate(BlockJUnit4ClassRunner.java:100) [junit-4.13.jar:4.13]
	at org.junit.runners.ParentRunner.runLeaf(ParentRunner.java:366) [junit-4.13.jar:4.13]
	at org.junit.runners.BlockJUnit4ClassRunner.runChild(BlockJUnit4ClassRunner.java:103) [junit-4.13.jar:4.13]
	at org.junit.runners.BlockJUnit4ClassRunner.runChild(BlockJUnit4ClassRunner.java:63) [junit-4.13.jar:4.13]
	at org.junit.runners.ParentRunner$4.run(ParentRunner.java:331) [junit-4.13.jar:4.13]
	at org.junit.runners.ParentRunner$1.schedule(ParentRunner.java:79) [junit-4.13.jar:4.13]
	at org.junit.runners.ParentRunner.runChildren(ParentRunner.java:329) [junit-4.13.jar:4.13]
	at org.junit.runners.ParentRunner.access$100(ParentRunner.java:66) [junit-4.13.jar:4.13]
	at org.junit.runners.ParentRunner$2.evaluate(ParentRunner.java:293) [junit-4.13.jar:4.13]
	at org.junit.runners.ParentRunner.run(ParentRunner.java:413) [junit-4.13.jar:4.13]
	at org.junit.runners.Suite.runChild(Suite.java:128) [junit-4.13.jar:4.13]
	at org.junit.runners.Suite.runChild(Suite.java:27) [junit-4.13.jar:4.13]
	at org.junit.runners.ParentRunner$4.run(ParentRunner.java:331) [junit-4.13.jar:4.13]
	at org.junit.runners.ParentRunner$1.schedule(ParentRunner.java:79) [junit-4.13.jar:4.13]
	at org.junit.runners.ParentRunner.runChildren(ParentRunner.java:329) [junit-4.13.jar:4.13]
	at org.junit.runners.ParentRunner.access$100(ParentRunner.java:66) [junit-4.13.jar:4.13]
	at org.junit.runners.ParentRunner$2.evaluate(ParentRunner.java:293) [junit-4.13.jar:4.13]
	at org.junit.runners.ParentRunner$3.evaluate(ParentRunner.java:306) [junit-4.13.jar:4.13]
	at org.junit.runners.ParentRunner.run(ParentRunner.java:413) [junit-4.13.jar:4.13]
	at org.eclipse.jdt.internal.junit4.runner.JUnit4TestReference.run(JUnit4TestReference.java:93) [.cp/:?]
	at org.eclipse.jdt.internal.junit.runner.TestExecution.run(TestExecution.java:40) [.cp/:?]
	at org.eclipse.jdt.internal.junit.runner.RemoteTestRunner.runTests(RemoteTestRunner.java:530) [.cp/:?]
	at org.eclipse.jdt.internal.junit.runner.RemoteTestRunner.runTests(RemoteTestRunner.java:758) [.cp/:?]
	at org.eclipse.jdt.internal.junit.runner.RemoteTestRunner.run(RemoteTestRunner.java:453) [.cp/:?]
	at org.eclipse.jdt.internal.junit.runner.RemoteTestRunner.main(RemoteTestRunner.java:211) [.cp/:?]
2025-12-29 23:30:56 INFO  === END   tests.productCardsTests.RatingMatchesReviewsTests.numberOfReviewsShouldMatch[Exp#3 [f1=1, f2=1, f3=3, f4=3, f5=3, f6=3, f7=3, f8=3]] ===
2025-12-29 23:30:56 INFO  === START tests.productCardsTests.RatingMatchesReviewsTests.reviewsShouldMatchRating[Exp#4 [f1=1, f2=2, f3=1, f4=1, f5=2, f6=2, f7=3, f8=3]] ===
2025-12-29 23:30:58 INFO  STEP: 📝 New input: Filling form fields.
2025-12-29 23:31:07 INFO  STEP: === CARD 1 ===
2025-12-29 23:31:07 INFO  STEP: Toggle Reviews
2025-12-29 23:31:07 INFO  STEP: Is reviwes window open?: true
2025-12-29 23:31:08 INFO  STEP: Number of reviews: 4
2025-12-29 23:31:08 INFO  STEP: stars:5
2025-12-29 23:31:08 INFO  STEP: stars:4
2025-12-29 23:31:08 INFO  STEP: stars:5
2025-12-29 23:31:08 INFO  STEP: stars:3
2025-12-29 23:31:08 INFO  STEP: sum of stars:17
2025-12-29 23:31:08 INFO  STEP: #1 Product rating: 3.0 ||| Actual rating:4.0
2025-12-29 23:31:08 INFO  STEP: === CARD 2 ===
2025-12-29 23:31:09 INFO  STEP: Toggle Reviews
2025-12-29 23:31:09 INFO  STEP: Is reviwes window open?: true
2025-12-29 23:31:09 INFO  STEP: Number of reviews: 4
2025-12-29 23:31:10 INFO  STEP: stars:5
2025-12-29 23:31:10 INFO  STEP: stars:4
2025-12-29 23:31:10 INFO  STEP: stars:5
2025-12-29 23:31:10 INFO  STEP: stars:2
2025-12-29 23:31:10 INFO  STEP: sum of stars:16
2025-12-29 23:31:10 INFO  STEP: #2 Product rating: 4.5 ||| Actual rating:4.0
2025-12-29 23:31:10 INFO  STEP: === CARD 3 ===
2025-12-29 23:31:10 INFO  STEP: Toggle Reviews
2025-12-29 23:31:10 INFO  STEP: Is reviwes window open?: true
2025-12-29 23:31:11 INFO  STEP: Number of reviews: 4
2025-12-29 23:31:11 INFO  STEP: stars:5
2025-12-29 23:31:11 INFO  STEP: stars:5
2025-12-29 23:31:11 INFO  STEP: stars:1
2025-12-29 23:31:11 INFO  STEP: stars:5
2025-12-29 23:31:11 INFO  STEP: sum of stars:16
2025-12-29 23:31:12 INFO  STEP: #3 Product rating: 4.7 ||| Actual rating:4.0
2025-12-29 23:31:12 INFO  STEP: === CARD 4 ===
2025-12-29 23:31:12 INFO  STEP: Toggle Reviews
2025-12-29 23:31:12 INFO  STEP: Is reviwes window open?: true
2025-12-29 23:31:12 INFO  STEP: Number of reviews: 4
2025-12-29 23:31:13 INFO  STEP: stars:5
2025-12-29 23:31:13 INFO  STEP: stars:5
2025-12-29 23:31:13 INFO  STEP: stars:3
2025-12-29 23:31:13 INFO  STEP: stars:5
2025-12-29 23:31:13 INFO  STEP: sum of stars:18
2025-12-29 23:31:13 INFO  STEP: #4 Product rating: 3.5 ||| Actual rating:4.0
2025-12-29 23:31:13 INFO  STEP: === CARD 5 ===
2025-12-29 23:31:13 INFO  STEP: Toggle Reviews
2025-12-29 23:31:13 INFO  STEP: Is reviwes window open?: true
2025-12-29 23:31:14 INFO  STEP: Number of reviews: 4
2025-12-29 23:31:14 INFO  STEP: stars:5
2025-12-29 23:31:14 INFO  STEP: stars:1
2025-12-29 23:31:14 INFO  STEP: stars:2
2025-12-29 23:31:15 INFO  STEP: stars:3
2025-12-29 23:31:15 INFO  STEP: sum of stars:11
2025-12-29 23:31:15 INFO  STEP: #5 Product rating: 3.2 ||| Actual rating:2.0
2025-12-29 23:31:15 ERROR STEP FAIL: All reviews ratings should match the product rating
2025-12-29 23:31:15 ERROR === FAIL  tests.productCardsTests.RatingMatchesReviewsTests.reviewsShouldMatchRating[Exp#4 [f1=1, f2=2, f3=1, f4=1, f5=2, f6=2, f7=3, f8=3]] ===
java.lang.AssertionError: All reviews ratings should match the product rating
	at org.junit.Assert.fail(Assert.java:89) ~[junit-4.13.jar:4.13]
	at org.junit.Assert.assertTrue(Assert.java:42) ~[junit-4.13.jar:4.13]
	at tests.BaseTest.checkTrue(BaseTest.java:75) ~[test-classes/:?]
	at tests.productCardsTests.RatingMatchesReviewsTests.reviewsShouldMatchRating(RatingMatchesReviewsTests.java:80) ~[test-classes/:?]
	at jdk.internal.reflect.DirectMethodHandleAccessor.invoke(DirectMethodHandleAccessor.java:103) ~[?:?]
	at java.lang.reflect.Method.invoke(Method.java:580) ~[?:?]
	at org.junit.runners.model.FrameworkMethod$1.runReflectiveCall(FrameworkMethod.java:59) ~[junit-4.13.jar:4.13]
	at org.junit.internal.runners.model.ReflectiveCallable.run(ReflectiveCallable.java:12) ~[junit-4.13.jar:4.13]
	at org.junit.runners.model.FrameworkMethod.invokeExplosively(FrameworkMethod.java:56) ~[junit-4.13.jar:4.13]
	at org.junit.internal.runners.statements.InvokeMethod.evaluate(InvokeMethod.java:17) ~[junit-4.13.jar:4.13]
	at org.junit.internal.runners.statements.RunBefores.evaluate(RunBefores.java:26) ~[junit-4.13.jar:4.13]
	at org.junit.internal.runners.statements.RunAfters.evaluate(RunAfters.java:27) ~[junit-4.13.jar:4.13]
	at org.junit.rules.TestWatcher$1.evaluate(TestWatcher.java:61) [junit-4.13.jar:4.13]
	at org.junit.runners.ParentRunner$3.evaluate(ParentRunner.java:306) [junit-4.13.jar:4.13]
	at org.junit.runners.BlockJUnit4ClassRunner$1.evaluate(BlockJUnit4ClassRunner.java:100) [junit-4.13.jar:4.13]
	at org.junit.runners.ParentRunner.runLeaf(ParentRunner.java:366) [junit-4.13.jar:4.13]
	at org.junit.runners.BlockJUnit4ClassRunner.runChild(BlockJUnit4ClassRunner.java:103) [junit-4.13.jar:4.13]
	at org.junit.runners.BlockJUnit4ClassRunner.runChild(BlockJUnit4ClassRunner.java:63) [junit-4.13.jar:4.13]
	at org.junit.runners.ParentRunner$4.run(ParentRunner.java:331) [junit-4.13.jar:4.13]
	at org.junit.runners.ParentRunner$1.schedule(ParentRunner.java:79) [junit-4.13.jar:4.13]
	at org.junit.runners.ParentRunner.runChildren(ParentRunner.java:329) [junit-4.13.jar:4.13]
	at org.junit.runners.ParentRunner.access$100(ParentRunner.java:66) [junit-4.13.jar:4.13]
	at org.junit.runners.ParentRunner$2.evaluate(ParentRunner.java:293) [junit-4.13.jar:4.13]
	at org.junit.runners.ParentRunner.run(ParentRunner.java:413) [junit-4.13.jar:4.13]
	at org.junit.runners.Suite.runChild(Suite.java:128) [junit-4.13.jar:4.13]
	at org.junit.runners.Suite.runChild(Suite.java:27) [junit-4.13.jar:4.13]
	at org.junit.runners.ParentRunner$4.run(ParentRunner.java:331) [junit-4.13.jar:4.13]
	at org.junit.runners.ParentRunner$1.schedule(ParentRunner.java:79) [junit-4.13.jar:4.13]
	at org.junit.runners.ParentRunner.runChildren(ParentRunner.java:329) [junit-4.13.jar:4.13]
	at org.junit.runners.ParentRunner.access$100(ParentRunner.java:66) [junit-4.13.jar:4.13]
	at org.junit.runners.ParentRunner$2.evaluate(ParentRunner.java:293) [junit-4.13.jar:4.13]
	at org.junit.runners.ParentRunner$3.evaluate(ParentRunner.java:306) [junit-4.13.jar:4.13]
	at org.junit.runners.ParentRunner.run(ParentRunner.java:413) [junit-4.13.jar:4.13]
	at org.eclipse.jdt.internal.junit4.runner.JUnit4TestReference.run(JUnit4TestReference.java:93) [.cp/:?]
	at org.eclipse.jdt.internal.junit.runner.TestExecution.run(TestExecution.java:40) [.cp/:?]
	at org.eclipse.jdt.internal.junit.runner.RemoteTestRunner.runTests(RemoteTestRunner.java:530) [.cp/:?]
	at org.eclipse.jdt.internal.junit.runner.RemoteTestRunner.runTests(RemoteTestRunner.java:758) [.cp/:?]
	at org.eclipse.jdt.internal.junit.runner.RemoteTestRunner.run(RemoteTestRunner.java:453) [.cp/:?]
	at org.eclipse.jdt.internal.junit.runner.RemoteTestRunner.main(RemoteTestRunner.java:211) [.cp/:?]
2025-12-29 23:31:15 INFO  === END   tests.productCardsTests.RatingMatchesReviewsTests.reviewsShouldMatchRating[Exp#4 [f1=1, f2=2, f3=1, f4=1, f5=2, f6=2, f7=3, f8=3]] ===
2025-12-29 23:31:15 INFO  === START tests.productCardsTests.RatingMatchesReviewsTests.numberOfReviewsShouldMatch[Exp#4 [f1=1, f2=2, f3=1, f4=1, f5=2, f6=2, f7=3, f8=3]] ===
2025-12-29 23:31:16 INFO  STEP: ♻️ Using existing results for same input.
2025-12-29 23:31:16 ERROR === FAIL  tests.productCardsTests.RatingMatchesReviewsTests.numberOfReviewsShouldMatch[Exp#4 [f1=1, f2=2, f3=1, f4=1, f5=2, f6=2, f7=3, f8=3]] ===
org.openqa.selenium.NoSuchSessionException: Session ID is null. Using WebDriver after calling quit()?
Build info: version: '4.39.0', revision: '126f156aee'
System info: os.name: 'Windows 11', os.arch: 'amd64', os.version: '10.0', java.version: '23.0.1'
Driver info: org.openqa.selenium.chrome.ChromeDriver
Command: [null, findElement {value=[data-testid='product-grid'], using=css selector}]
Capabilities {acceptInsecureCerts: false, browserName: chrome, browserVersion: 143.0.7499.170, chrome: {chromedriverVersion: 143.0.7499.169 (164b20aab62..., userDataDir: C:\Users\igor1\AppData\Loca...}, fedcm:accounts: true, goog:chromeOptions: {debuggerAddress: localhost:50813}, goog:processID: 22216, networkConnectionEnabled: false, pageLoadStrategy: normal, platformName: windows, proxy: Proxy(), se:cdp: ws://localhost:50813/devtoo..., se:cdpVersion: 143.0.7499.170, setWindowRect: true, strictFileInteractability: false, timeouts: {implicit: 0, pageLoad: 300000, script: 30000}, unhandledPromptBehavior: dismiss and notify, webauthn:extension:credBlob: true, webauthn:extension:largeBlob: true, webauthn:extension:minPinLength: true, webauthn:extension:prf: true, webauthn:virtualAuthenticators: true}
	at org.openqa.selenium.remote.HttpCommandExecutor.execute(HttpCommandExecutor.java:176) ~[selenium-remote-driver-4.39.0.jar:?]
	at org.openqa.selenium.remote.service.DriverCommandExecutor.invokeExecute(DriverCommandExecutor.java:216) ~[selenium-remote-driver-4.39.0.jar:?]
	at org.openqa.selenium.remote.service.DriverCommandExecutor.execute(DriverCommandExecutor.java:174) ~[selenium-remote-driver-4.39.0.jar:?]
	at org.openqa.selenium.remote.RemoteWebDriver.execute(RemoteWebDriver.java:561) ~[selenium-remote-driver-4.39.0.jar:?]
	at org.openqa.selenium.remote.ElementLocation$ElementFinder$2.findElement(ElementLocation.java:166) ~[selenium-remote-driver-4.39.0.jar:?]
	at org.openqa.selenium.remote.ElementLocation.findElement(ElementLocation.java:60) ~[selenium-remote-driver-4.39.0.jar:?]
	at org.openqa.selenium.remote.RemoteWebDriver.findElement(RemoteWebDriver.java:384) ~[selenium-remote-driver-4.39.0.jar:?]
	at org.openqa.selenium.remote.RemoteWebDriver.findElement(RemoteWebDriver.java:378) ~[selenium-remote-driver-4.39.0.jar:?]
	at org.openqa.selenium.support.ui.ExpectedConditions$7.apply(ExpectedConditions.java:198) ~[selenium-support-4.39.0.jar:?]
	at org.openqa.selenium.support.ui.ExpectedConditions$7.apply(ExpectedConditions.java:194) ~[selenium-support-4.39.0.jar:?]
	at org.openqa.selenium.support.ui.FluentWait.until(FluentWait.java:203) ~[selenium-support-4.39.0.jar:?]
	at pages.ResultPage.getProductCards(ResultPage.java:77) ~[test-classes/:?]
	at pages.ResultPage.getCardsCount(ResultPage.java:84) ~[test-classes/:?]
	at tests.productCardsTests.RatingMatchesReviewsTests.numberOfReviewsShouldMatch(RatingMatchesReviewsTests.java:86) ~[test-classes/:?]
	at jdk.internal.reflect.DirectMethodHandleAccessor.invoke(DirectMethodHandleAccessor.java:103) ~[?:?]
	at java.lang.reflect.Method.invoke(Method.java:580) ~[?:?]
	at org.junit.runners.model.FrameworkMethod$1.runReflectiveCall(FrameworkMethod.java:59) ~[junit-4.13.jar:4.13]
	at org.junit.internal.runners.model.ReflectiveCallable.run(ReflectiveCallable.java:12) ~[junit-4.13.jar:4.13]
	at org.junit.runners.model.FrameworkMethod.invokeExplosively(FrameworkMethod.java:56) ~[junit-4.13.jar:4.13]
	at org.junit.internal.runners.statements.InvokeMethod.evaluate(InvokeMethod.java:17) ~[junit-4.13.jar:4.13]
	at org.junit.internal.runners.statements.RunBefores.evaluate(RunBefores.java:26) ~[junit-4.13.jar:4.13]
	at org.junit.internal.runners.statements.RunAfters.evaluate(RunAfters.java:27) ~[junit-4.13.jar:4.13]
	at org.junit.rules.TestWatcher$1.evaluate(TestWatcher.java:61) [junit-4.13.jar:4.13]
	at org.junit.runners.ParentRunner$3.evaluate(ParentRunner.java:306) [junit-4.13.jar:4.13]
	at org.junit.runners.BlockJUnit4ClassRunner$1.evaluate(BlockJUnit4ClassRunner.java:100) [junit-4.13.jar:4.13]
	at org.junit.runners.ParentRunner.runLeaf(ParentRunner.java:366) [junit-4.13.jar:4.13]
	at org.junit.runners.BlockJUnit4ClassRunner.runChild(BlockJUnit4ClassRunner.java:103) [junit-4.13.jar:4.13]
	at org.junit.runners.BlockJUnit4ClassRunner.runChild(BlockJUnit4ClassRunner.java:63) [junit-4.13.jar:4.13]
	at org.junit.runners.ParentRunner$4.run(ParentRunner.java:331) [junit-4.13.jar:4.13]
	at org.junit.runners.ParentRunner$1.schedule(ParentRunner.java:79) [junit-4.13.jar:4.13]
	at org.junit.runners.ParentRunner.runChildren(ParentRunner.java:329) [junit-4.13.jar:4.13]
	at org.junit.runners.ParentRunner.access$100(ParentRunner.java:66) [junit-4.13.jar:4.13]
	at org.junit.runners.ParentRunner$2.evaluate(ParentRunner.java:293) [junit-4.13.jar:4.13]
	at org.junit.runners.ParentRunner.run(ParentRunner.java:413) [junit-4.13.jar:4.13]
	at org.junit.runners.Suite.runChild(Suite.java:128) [junit-4.13.jar:4.13]
	at org.junit.runners.Suite.runChild(Suite.java:27) [junit-4.13.jar:4.13]
	at org.junit.runners.ParentRunner$4.run(ParentRunner.java:331) [junit-4.13.jar:4.13]
	at org.junit.runners.ParentRunner$1.schedule(ParentRunner.java:79) [junit-4.13.jar:4.13]
	at org.junit.runners.ParentRunner.runChildren(ParentRunner.java:329) [junit-4.13.jar:4.13]
	at org.junit.runners.ParentRunner.access$100(ParentRunner.java:66) [junit-4.13.jar:4.13]
	at org.junit.runners.ParentRunner$2.evaluate(ParentRunner.java:293) [junit-4.13.jar:4.13]
	at org.junit.runners.ParentRunner$3.evaluate(ParentRunner.java:306) [junit-4.13.jar:4.13]
	at org.junit.runners.ParentRunner.run(ParentRunner.java:413) [junit-4.13.jar:4.13]
	at org.eclipse.jdt.internal.junit4.runner.JUnit4TestReference.run(JUnit4TestReference.java:93) [.cp/:?]
	at org.eclipse.jdt.internal.junit.runner.TestExecution.run(TestExecution.java:40) [.cp/:?]
	at org.eclipse.jdt.internal.junit.runner.RemoteTestRunner.runTests(RemoteTestRunner.java:530) [.cp/:?]
	at org.eclipse.jdt.internal.junit.runner.RemoteTestRunner.runTests(RemoteTestRunner.java:758) [.cp/:?]
	at org.eclipse.jdt.internal.junit.runner.RemoteTestRunner.run(RemoteTestRunner.java:453) [.cp/:?]
	at org.eclipse.jdt.internal.junit.runner.RemoteTestRunner.main(RemoteTestRunner.java:211) [.cp/:?]
2025-12-29 23:31:16 INFO  === END   tests.productCardsTests.RatingMatchesReviewsTests.numberOfReviewsShouldMatch[Exp#4 [f1=1, f2=2, f3=1, f4=1, f5=2, f6=2, f7=3, f8=3]] ===
2025-12-29 23:31:16 INFO  === START tests.productCardsTests.RatingMatchesReviewsTests.reviewsShouldMatchRating[Exp#5 [f1=1, f2=2, f3=2, f4=2, f5=3, f6=3, f7=1, f8=1]] ===
2025-12-29 23:31:18 ERROR === FAIL  tests.productCardsTests.RatingMatchesReviewsTests.reviewsShouldMatchRating[Exp#5 [f1=1, f2=2, f3=2, f4=2, f5=3, f6=3, f7=1, f8=1]] ===
org.openqa.selenium.WebDriverException: unknown error: JavaScript code failed
from unknown command: 'Runtime.evaluate' wasn't found
  (Session info: chrome=143.0.7499.170)
Build info: version: '4.39.0', revision: '126f156aee'
System info: os.name: 'Windows 11', os.arch: 'amd64', os.version: '10.0', java.version: '23.0.1'
Driver info: org.openqa.selenium.chrome.ChromeDriver
Command: [af3974852e662333511f8adf6d758a3d, maximizeCurrentWindow {}]
Capabilities {acceptInsecureCerts: false, browserName: chrome, browserVersion: 143.0.7499.170, chrome: {chromedriverVersion: 143.0.7499.169 (164b20aab62..., userDataDir: C:\Users\igor1\AppData\Loca...}, fedcm:accounts: true, goog:chromeOptions: {debuggerAddress: localhost:55275}, goog:processID: 12832, networkConnectionEnabled: false, pageLoadStrategy: normal, platformName: windows, proxy: Proxy(), se:cdp: ws://localhost:55275/devtoo..., se:cdpVersion: 143.0.7499.170, setWindowRect: true, strictFileInteractability: false, timeouts: {implicit: 0, pageLoad: 300000, script: 30000}, unhandledPromptBehavior: dismiss and notify, webauthn:extension:credBlob: true, webauthn:extension:largeBlob: true, webauthn:extension:minPinLength: true, webauthn:extension:prf: true, webauthn:virtualAuthenticators: true}
Session ID: af3974852e662333511f8adf6d758a3d
	at jdk.internal.reflect.DirectConstructorHandleAccessor.newInstance(DirectConstructorHandleAccessor.java:62) ~[?:?]
	at java.lang.reflect.Constructor.newInstanceWithCaller(Constructor.java:501) ~[?:?]
	at java.lang.reflect.Constructor.newInstance(Constructor.java:485) ~[?:?]
	at org.openqa.selenium.remote.ErrorCodec.decode(ErrorCodec.java:167) ~[selenium-remote-driver-4.39.0.jar:?]
	at org.openqa.selenium.remote.codec.w3c.W3CHttpResponseCodec.decode(W3CHttpResponseCodec.java:142) ~[selenium-remote-driver-4.39.0.jar:?]
	at org.openqa.selenium.remote.codec.w3c.W3CHttpResponseCodec.decode(W3CHttpResponseCodec.java:49) ~[selenium-remote-driver-4.39.0.jar:?]
	at org.openqa.selenium.remote.HttpCommandExecutor.execute(HttpCommandExecutor.java:215) ~[selenium-remote-driver-4.39.0.jar:?]
	at org.openqa.selenium.remote.service.DriverCommandExecutor.invokeExecute(DriverCommandExecutor.java:216) ~[selenium-remote-driver-4.39.0.jar:?]
	at org.openqa.selenium.remote.service.DriverCommandExecutor.execute(DriverCommandExecutor.java:174) ~[selenium-remote-driver-4.39.0.jar:?]
	at org.openqa.selenium.remote.RemoteWebDriver.execute(RemoteWebDriver.java:561) ~[selenium-remote-driver-4.39.0.jar:?]
	at org.openqa.selenium.remote.RemoteWebDriver.execute(RemoteWebDriver.java:638) ~[selenium-remote-driver-4.39.0.jar:?]
	at org.openqa.selenium.remote.RemoteWebDriver.execute(RemoteWebDriver.java:642) ~[selenium-remote-driver-4.39.0.jar:?]
	at org.openqa.selenium.remote.RemoteWebDriver$RemoteWebDriverOptions$RemoteWindow.maximize(RemoteWebDriver.java:1098) ~[selenium-remote-driver-4.39.0.jar:?]
	at tests.BaseTest.setUp(BaseTest.java:39) ~[test-classes/:?]
	at jdk.internal.reflect.DirectMethodHandleAccessor.invoke(DirectMethodHandleAccessor.java:103) ~[?:?]
	at java.lang.reflect.Method.invoke(Method.java:580) ~[?:?]
	at org.junit.runners.model.FrameworkMethod$1.runReflectiveCall(FrameworkMethod.java:59) ~[junit-4.13.jar:4.13]
	at org.junit.internal.runners.model.ReflectiveCallable.run(ReflectiveCallable.java:12) ~[junit-4.13.jar:4.13]
	at org.junit.runners.model.FrameworkMethod.invokeExplosively(FrameworkMethod.java:56) ~[junit-4.13.jar:4.13]
	at org.junit.internal.runners.statements.RunBefores.invokeMethod(RunBefores.java:33) ~[junit-4.13.jar:4.13]
	at org.junit.internal.runners.statements.RunBefores.evaluate(RunBefores.java:24) ~[junit-4.13.jar:4.13]
	at org.junit.internal.runners.statements.RunAfters.evaluate(RunAfters.java:27) ~[junit-4.13.jar:4.13]
	at org.junit.rules.TestWatcher$1.evaluate(TestWatcher.java:61) [junit-4.13.jar:4.13]
	at org.junit.runners.ParentRunner$3.evaluate(ParentRunner.java:306) [junit-4.13.jar:4.13]
	at org.junit.runners.BlockJUnit4ClassRunner$1.evaluate(BlockJUnit4ClassRunner.java:100) [junit-4.13.jar:4.13]
	at org.junit.runners.ParentRunner.runLeaf(ParentRunner.java:366) [junit-4.13.jar:4.13]
	at org.junit.runners.BlockJUnit4ClassRunner.runChild(BlockJUnit4ClassRunner.java:103) [junit-4.13.jar:4.13]
	at org.junit.runners.BlockJUnit4ClassRunner.runChild(BlockJUnit4ClassRunner.java:63) [junit-4.13.jar:4.13]
	at org.junit.runners.ParentRunner$4.run(ParentRunner.java:331) [junit-4.13.jar:4.13]
	at org.junit.runners.ParentRunner$1.schedule(ParentRunner.java:79) [junit-4.13.jar:4.13]
	at org.junit.runners.ParentRunner.runChildren(ParentRunner.java:329) [junit-4.13.jar:4.13]
	at org.junit.runners.ParentRunner.access$100(ParentRunner.java:66) [junit-4.13.jar:4.13]
	at org.junit.runners.ParentRunner$2.evaluate(ParentRunner.java:293) [junit-4.13.jar:4.13]
	at org.junit.runners.ParentRunner.run(ParentRunner.java:413) [junit-4.13.jar:4.13]
	at org.junit.runners.Suite.runChild(Suite.java:128) [junit-4.13.jar:4.13]
	at org.junit.runners.Suite.runChild(Suite.java:27) [junit-4.13.jar:4.13]
	at org.junit.runners.ParentRunner$4.run(ParentRunner.java:331) [junit-4.13.jar:4.13]
	at org.junit.runners.ParentRunner$1.schedule(ParentRunner.java:79) [junit-4.13.jar:4.13]
	at org.junit.runners.ParentRunner.runChildren(ParentRunner.java:329) [junit-4.13.jar:4.13]
	at org.junit.runners.ParentRunner.access$100(ParentRunner.java:66) [junit-4.13.jar:4.13]
	at org.junit.runners.ParentRunner$2.evaluate(ParentRunner.java:293) [junit-4.13.jar:4.13]
	at org.junit.runners.ParentRunner$3.evaluate(ParentRunner.java:306) [junit-4.13.jar:4.13]
	at org.junit.runners.ParentRunner.run(ParentRunner.java:413) [junit-4.13.jar:4.13]
	at org.eclipse.jdt.internal.junit4.runner.JUnit4TestReference.run(JUnit4TestReference.java:93) [.cp/:?]
	at org.eclipse.jdt.internal.junit.runner.TestExecution.run(TestExecution.java:40) [.cp/:?]
	at org.eclipse.jdt.internal.junit.runner.RemoteTestRunner.runTests(RemoteTestRunner.java:530) [.cp/:?]
	at org.eclipse.jdt.internal.junit.runner.RemoteTestRunner.runTests(RemoteTestRunner.java:758) [.cp/:?]
	at org.eclipse.jdt.internal.junit.runner.RemoteTestRunner.run(RemoteTestRunner.java:453) [.cp/:?]
	at org.eclipse.jdt.internal.junit.runner.RemoteTestRunner.main(RemoteTestRunner.java:211) [.cp/:?]
2025-12-29 23:31:18 INFO  === END   tests.productCardsTests.RatingMatchesReviewsTests.reviewsShouldMatchRating[Exp#5 [f1=1, f2=2, f3=2, f4=2, f5=3, f6=3, f7=1, f8=1]] ===
2025-12-29 23:31:18 INFO  === START tests.productCardsTests.RatingMatchesReviewsTests.numberOfReviewsShouldMatch[Exp#5 [f1=1, f2=2, f3=2, f4=2, f5=3, f6=3, f7=1, f8=1]] ===
2025-12-29 23:31:19 INFO  STEP: 📝 New input: Filling form fields.
2025-12-29 23:31:26 INFO  STEP: === CARD 1 ===
2025-12-29 23:31:27 INFO  STEP: Toggle Reviews
2025-12-29 23:31:27 INFO  STEP: Is reviwes window open?: true
2025-12-29 23:31:27 INFO  STEP: #1 review_count:5 actual_count: 4
2025-12-29 23:31:27 INFO  STEP: === CARD 2 ===
2025-12-29 23:31:27 INFO  STEP: Toggle Reviews
2025-12-29 23:31:28 INFO  STEP: Is reviwes window open?: true
2025-12-29 23:31:28 INFO  STEP: #2 review_count:5 actual_count: 4
2025-12-29 23:31:28 INFO  STEP: === CARD 3 ===
2025-12-29 23:31:28 INFO  STEP: Toggle Reviews
2025-12-29 23:31:28 INFO  STEP: Is reviwes window open?: true
2025-12-29 23:31:29 INFO  STEP: #3 review_count:5 actual_count: 4
2025-12-29 23:31:29 INFO  STEP: === CARD 4 ===
2025-12-29 23:31:29 INFO  STEP: Toggle Reviews
2025-12-29 23:31:29 INFO  STEP: Is reviwes window open?: true
2025-12-29 23:31:30 INFO  STEP: #4 review_count:5 actual_count: 4
2025-12-29 23:31:30 INFO  STEP: === CARD 5 ===
2025-12-29 23:31:30 INFO  STEP: Toggle Reviews
2025-12-29 23:31:30 INFO  STEP: Is reviwes window open?: true
2025-12-29 23:31:31 INFO  STEP: #5 review_count:5 actual_count: 4
2025-12-29 23:31:31 ERROR STEP FAIL: number of reviews should match review count
2025-12-29 23:31:31 ERROR === FAIL  tests.productCardsTests.RatingMatchesReviewsTests.numberOfReviewsShouldMatch[Exp#5 [f1=1, f2=2, f3=2, f4=2, f5=3, f6=3, f7=1, f8=1]] ===
java.lang.AssertionError: number of reviews should match review count
	at org.junit.Assert.fail(Assert.java:89) ~[junit-4.13.jar:4.13]
	at org.junit.Assert.assertTrue(Assert.java:42) ~[junit-4.13.jar:4.13]
	at tests.BaseTest.checkTrue(BaseTest.java:75) ~[test-classes/:?]
	at tests.productCardsTests.RatingMatchesReviewsTests.numberOfReviewsShouldMatch(RatingMatchesReviewsTests.java:107) ~[test-classes/:?]
	at jdk.internal.reflect.DirectMethodHandleAccessor.invoke(DirectMethodHandleAccessor.java:103) ~[?:?]
	at java.lang.reflect.Method.invoke(Method.java:580) ~[?:?]
	at org.junit.runners.model.FrameworkMethod$1.runReflectiveCall(FrameworkMethod.java:59) ~[junit-4.13.jar:4.13]
	at org.junit.internal.runners.model.ReflectiveCallable.run(ReflectiveCallable.java:12) ~[junit-4.13.jar:4.13]
	at org.junit.runners.model.FrameworkMethod.invokeExplosively(FrameworkMethod.java:56) ~[junit-4.13.jar:4.13]
	at org.junit.internal.runners.statements.InvokeMethod.evaluate(InvokeMethod.java:17) ~[junit-4.13.jar:4.13]
	at org.junit.internal.runners.statements.RunBefores.evaluate(RunBefores.java:26) ~[junit-4.13.jar:4.13]
	at org.junit.internal.runners.statements.RunAfters.evaluate(RunAfters.java:27) ~[junit-4.13.jar:4.13]
	at org.junit.rules.TestWatcher$1.evaluate(TestWatcher.java:61) [junit-4.13.jar:4.13]
	at org.junit.runners.ParentRunner$3.evaluate(ParentRunner.java:306) [junit-4.13.jar:4.13]
	at org.junit.runners.BlockJUnit4ClassRunner$1.evaluate(BlockJUnit4ClassRunner.java:100) [junit-4.13.jar:4.13]
	at org.junit.runners.ParentRunner.runLeaf(ParentRunner.java:366) [junit-4.13.jar:4.13]
	at org.junit.runners.BlockJUnit4ClassRunner.runChild(BlockJUnit4ClassRunner.java:103) [junit-4.13.jar:4.13]
	at org.junit.runners.BlockJUnit4ClassRunner.runChild(BlockJUnit4ClassRunner.java:63) [junit-4.13.jar:4.13]
	at org.junit.runners.ParentRunner$4.run(ParentRunner.java:331) [junit-4.13.jar:4.13]
	at org.junit.runners.ParentRunner$1.schedule(ParentRunner.java:79) [junit-4.13.jar:4.13]
	at org.junit.runners.ParentRunner.runChildren(ParentRunner.java:329) [junit-4.13.jar:4.13]
	at org.junit.runners.ParentRunner.access$100(ParentRunner.java:66) [junit-4.13.jar:4.13]
	at org.junit.runners.ParentRunner$2.evaluate(ParentRunner.java:293) [junit-4.13.jar:4.13]
	at org.junit.runners.ParentRunner.run(ParentRunner.java:413) [junit-4.13.jar:4.13]
	at org.junit.runners.Suite.runChild(Suite.java:128) [junit-4.13.jar:4.13]
	at org.junit.runners.Suite.runChild(Suite.java:27) [junit-4.13.jar:4.13]
	at org.junit.runners.ParentRunner$4.run(ParentRunner.java:331) [junit-4.13.jar:4.13]
	at org.junit.runners.ParentRunner$1.schedule(ParentRunner.java:79) [junit-4.13.jar:4.13]
	at org.junit.runners.ParentRunner.runChildren(ParentRunner.java:329) [junit-4.13.jar:4.13]
	at org.junit.runners.ParentRunner.access$100(ParentRunner.java:66) [junit-4.13.jar:4.13]
	at org.junit.runners.ParentRunner$2.evaluate(ParentRunner.java:293) [junit-4.13.jar:4.13]
	at org.junit.runners.ParentRunner$3.evaluate(ParentRunner.java:306) [junit-4.13.jar:4.13]
	at org.junit.runners.ParentRunner.run(ParentRunner.java:413) [junit-4.13.jar:4.13]
	at org.eclipse.jdt.internal.junit4.runner.JUnit4TestReference.run(JUnit4TestReference.java:93) [.cp/:?]
	at org.eclipse.jdt.internal.junit.runner.TestExecution.run(TestExecution.java:40) [.cp/:?]
	at org.eclipse.jdt.internal.junit.runner.RemoteTestRunner.runTests(RemoteTestRunner.java:530) [.cp/:?]
	at org.eclipse.jdt.internal.junit.runner.RemoteTestRunner.runTests(RemoteTestRunner.java:758) [.cp/:?]
	at org.eclipse.jdt.internal.junit.runner.RemoteTestRunner.run(RemoteTestRunner.java:453) [.cp/:?]
	at org.eclipse.jdt.internal.junit.runner.RemoteTestRunner.main(RemoteTestRunner.java:211) [.cp/:?]
2025-12-29 23:31:31 INFO  === END   tests.productCardsTests.RatingMatchesReviewsTests.numberOfReviewsShouldMatch[Exp#5 [f1=1, f2=2, f3=2, f4=2, f5=3, f6=3, f7=1, f8=1]] ===
2025-12-29 23:31:31 INFO  === START tests.productCardsTests.RatingMatchesReviewsTests.reviewsShouldMatchRating[Exp#6 [f1=1, f2=2, f3=3, f4=3, f5=1, f6=1, f7=2, f8=2]] ===
2025-12-29 23:31:32 INFO  STEP: 📝 New input: Filling form fields.
2025-12-29 23:31:41 INFO  STEP: === CARD 1 ===
2025-12-29 23:31:42 INFO  STEP: Toggle Reviews
2025-12-29 23:31:42 INFO  STEP: Is reviwes window open?: true
2025-12-29 23:31:42 INFO  STEP: Number of reviews: 4
2025-12-29 23:31:43 INFO  STEP: stars:5
2025-12-29 23:31:43 INFO  STEP: stars:5
2025-12-29 23:31:43 INFO  STEP: stars:4
2025-12-29 23:31:43 INFO  STEP: stars:1
2025-12-29 23:31:43 INFO  STEP: sum of stars:15
2025-12-29 23:31:43 INFO  STEP: #1 Product rating: 2.6 ||| Actual rating:3.0
2025-12-29 23:31:43 INFO  STEP: === CARD 2 ===
2025-12-29 23:31:43 INFO  STEP: Toggle Reviews
2025-12-29 23:31:43 INFO  STEP: Is reviwes window open?: true
2025-12-29 23:31:44 INFO  STEP: Number of reviews: 4
2025-12-29 23:31:44 INFO  STEP: stars:5
2025-12-29 23:31:44 INFO  STEP: stars:5
2025-12-29 23:31:45 INFO  STEP: stars:2
2025-12-29 23:31:45 INFO  STEP: stars:4
2025-12-29 23:31:45 INFO  STEP: sum of stars:16
2025-12-29 23:31:45 INFO  STEP: #2 Product rating: 4.7 ||| Actual rating:4.0
2025-12-29 23:31:45 INFO  STEP: === CARD 3 ===
2025-12-29 23:31:45 INFO  STEP: Toggle Reviews
2025-12-29 23:31:45 INFO  STEP: Is reviwes window open?: true
2025-12-29 23:31:46 INFO  STEP: Number of reviews: 4
2025-12-29 23:31:46 INFO  STEP: stars:5
2025-12-29 23:31:46 INFO  STEP: stars:4
2025-12-29 23:31:46 INFO  STEP: stars:4
2025-12-29 23:31:46 INFO  STEP: stars:4
2025-12-29 23:31:46 INFO  STEP: sum of stars:17
2025-12-29 23:31:46 INFO  STEP: #3 Product rating: 4.9 ||| Actual rating:4.0
2025-12-29 23:31:46 INFO  STEP: === CARD 4 ===
2025-12-29 23:31:46 INFO  STEP: Toggle Reviews
2025-12-29 23:31:47 INFO  STEP: Is reviwes window open?: true
2025-12-29 23:31:47 INFO  STEP: Number of reviews: 4
2025-12-29 23:31:47 INFO  STEP: stars:5
2025-12-29 23:31:47 INFO  STEP: stars:1
2025-12-29 23:31:48 INFO  STEP: stars:4
2025-12-29 23:31:48 INFO  STEP: stars:3
2025-12-29 23:31:48 INFO  STEP: sum of stars:13
2025-12-29 23:31:48 INFO  STEP: #4 Product rating: 4.0 ||| Actual rating:3.0
2025-12-29 23:31:48 INFO  STEP: === CARD 5 ===
2025-12-29 23:31:48 INFO  STEP: Toggle Reviews
2025-12-29 23:31:48 INFO  STEP: Is reviwes window open?: true
2025-12-29 23:31:49 INFO  STEP: Number of reviews: 4
2025-12-29 23:31:49 INFO  STEP: stars:5
2025-12-29 23:31:49 INFO  STEP: stars:4
2025-12-29 23:31:49 INFO  STEP: stars:5
2025-12-29 23:31:49 INFO  STEP: stars:1
2025-12-29 23:31:49 INFO  STEP: sum of stars:15
2025-12-29 23:31:49 INFO  STEP: #5 Product rating: 4.6 ||| Actual rating:3.0
2025-12-29 23:31:49 ERROR STEP FAIL: All reviews ratings should match the product rating
2025-12-29 23:31:50 ERROR === FAIL  tests.productCardsTests.RatingMatchesReviewsTests.reviewsShouldMatchRating[Exp#6 [f1=1, f2=2, f3=3, f4=3, f5=1, f6=1, f7=2, f8=2]] ===
java.lang.AssertionError: All reviews ratings should match the product rating
	at org.junit.Assert.fail(Assert.java:89) ~[junit-4.13.jar:4.13]
	at org.junit.Assert.assertTrue(Assert.java:42) ~[junit-4.13.jar:4.13]
	at tests.BaseTest.checkTrue(BaseTest.java:75) ~[test-classes/:?]
	at tests.productCardsTests.RatingMatchesReviewsTests.reviewsShouldMatchRating(RatingMatchesReviewsTests.java:80) ~[test-classes/:?]
	at jdk.internal.reflect.DirectMethodHandleAccessor.invoke(DirectMethodHandleAccessor.java:103) ~[?:?]
	at java.lang.reflect.Method.invoke(Method.java:580) ~[?:?]
	at org.junit.runners.model.FrameworkMethod$1.runReflectiveCall(FrameworkMethod.java:59) ~[junit-4.13.jar:4.13]
	at org.junit.internal.runners.model.ReflectiveCallable.run(ReflectiveCallable.java:12) ~[junit-4.13.jar:4.13]
	at org.junit.runners.model.FrameworkMethod.invokeExplosively(FrameworkMethod.java:56) ~[junit-4.13.jar:4.13]
	at org.junit.internal.runners.statements.InvokeMethod.evaluate(InvokeMethod.java:17) ~[junit-4.13.jar:4.13]
	at org.junit.internal.runners.statements.RunBefores.evaluate(RunBefores.java:26) ~[junit-4.13.jar:4.13]
	at org.junit.internal.runners.statements.RunAfters.evaluate(RunAfters.java:27) ~[junit-4.13.jar:4.13]
	at org.junit.rules.TestWatcher$1.evaluate(TestWatcher.java:61) [junit-4.13.jar:4.13]
	at org.junit.runners.ParentRunner$3.evaluate(ParentRunner.java:306) [junit-4.13.jar:4.13]
	at org.junit.runners.BlockJUnit4ClassRunner$1.evaluate(BlockJUnit4ClassRunner.java:100) [junit-4.13.jar:4.13]
	at org.junit.runners.ParentRunner.runLeaf(ParentRunner.java:366) [junit-4.13.jar:4.13]
	at org.junit.runners.BlockJUnit4ClassRunner.runChild(BlockJUnit4ClassRunner.java:103) [junit-4.13.jar:4.13]
	at org.junit.runners.BlockJUnit4ClassRunner.runChild(BlockJUnit4ClassRunner.java:63) [junit-4.13.jar:4.13]
	at org.junit.runners.ParentRunner$4.run(ParentRunner.java:331) [junit-4.13.jar:4.13]
	at org.junit.runners.ParentRunner$1.schedule(ParentRunner.java:79) [junit-4.13.jar:4.13]
	at org.junit.runners.ParentRunner.runChildren(ParentRunner.java:329) [junit-4.13.jar:4.13]
	at org.junit.runners.ParentRunner.access$100(ParentRunner.java:66) [junit-4.13.jar:4.13]
	at org.junit.runners.ParentRunner$2.evaluate(ParentRunner.java:293) [junit-4.13.jar:4.13]
	at org.junit.runners.ParentRunner.run(ParentRunner.java:413) [junit-4.13.jar:4.13]
	at org.junit.runners.Suite.runChild(Suite.java:128) [junit-4.13.jar:4.13]
	at org.junit.runners.Suite.runChild(Suite.java:27) [junit-4.13.jar:4.13]
	at org.junit.runners.ParentRunner$4.run(ParentRunner.java:331) [junit-4.13.jar:4.13]
	at org.junit.runners.ParentRunner$1.schedule(ParentRunner.java:79) [junit-4.13.jar:4.13]
	at org.junit.runners.ParentRunner.runChildren(ParentRunner.java:329) [junit-4.13.jar:4.13]
	at org.junit.runners.ParentRunner.access$100(ParentRunner.java:66) [junit-4.13.jar:4.13]
	at org.junit.runners.ParentRunner$2.evaluate(ParentRunner.java:293) [junit-4.13.jar:4.13]
	at org.junit.runners.ParentRunner$3.evaluate(ParentRunner.java:306) [junit-4.13.jar:4.13]
	at org.junit.runners.ParentRunner.run(ParentRunner.java:413) [junit-4.13.jar:4.13]
	at org.eclipse.jdt.internal.junit4.runner.JUnit4TestReference.run(JUnit4TestReference.java:93) [.cp/:?]
	at org.eclipse.jdt.internal.junit.runner.TestExecution.run(TestExecution.java:40) [.cp/:?]
	at org.eclipse.jdt.internal.junit.runner.RemoteTestRunner.runTests(RemoteTestRunner.java:530) [.cp/:?]
	at org.eclipse.jdt.internal.junit.runner.RemoteTestRunner.runTests(RemoteTestRunner.java:758) [.cp/:?]
	at org.eclipse.jdt.internal.junit.runner.RemoteTestRunner.run(RemoteTestRunner.java:453) [.cp/:?]
	at org.eclipse.jdt.internal.junit.runner.RemoteTestRunner.main(RemoteTestRunner.java:211) [.cp/:?]
2025-12-29 23:31:50 INFO  === END   tests.productCardsTests.RatingMatchesReviewsTests.reviewsShouldMatchRating[Exp#6 [f1=1, f2=2, f3=3, f4=3, f5=1, f6=1, f7=2, f8=2]] ===
2025-12-29 23:31:50 INFO  === START tests.productCardsTests.RatingMatchesReviewsTests.numberOfReviewsShouldMatch[Exp#6 [f1=1, f2=2, f3=3, f4=3, f5=1, f6=1, f7=2, f8=2]] ===
2025-12-29 23:31:52 INFO  STEP: ♻️ Using existing results for same input.
2025-12-29 23:31:52 ERROR === FAIL  tests.productCardsTests.RatingMatchesReviewsTests.numberOfReviewsShouldMatch[Exp#6 [f1=1, f2=2, f3=3, f4=3, f5=1, f6=1, f7=2, f8=2]] ===
org.openqa.selenium.NoSuchSessionException: Session ID is null. Using WebDriver after calling quit()?
Build info: version: '4.39.0', revision: '126f156aee'
System info: os.name: 'Windows 11', os.arch: 'amd64', os.version: '10.0', java.version: '23.0.1'
Driver info: org.openqa.selenium.chrome.ChromeDriver
Command: [null, findElement {value=[data-testid='product-grid'], using=css selector}]
Capabilities {acceptInsecureCerts: false, browserName: chrome, browserVersion: 143.0.7499.170, chrome: {chromedriverVersion: 143.0.7499.169 (164b20aab62..., userDataDir: C:\Users\igor1\AppData\Loca...}, fedcm:accounts: true, goog:chromeOptions: {debuggerAddress: localhost:60897}, goog:processID: 15476, networkConnectionEnabled: false, pageLoadStrategy: normal, platformName: windows, proxy: Proxy(), se:cdp: ws://localhost:60897/devtoo..., se:cdpVersion: 143.0.7499.170, setWindowRect: true, strictFileInteractability: false, timeouts: {implicit: 0, pageLoad: 300000, script: 30000}, unhandledPromptBehavior: dismiss and notify, webauthn:extension:credBlob: true, webauthn:extension:largeBlob: true, webauthn:extension:minPinLength: true, webauthn:extension:prf: true, webauthn:virtualAuthenticators: true}
	at org.openqa.selenium.remote.HttpCommandExecutor.execute(HttpCommandExecutor.java:176) ~[selenium-remote-driver-4.39.0.jar:?]
	at org.openqa.selenium.remote.service.DriverCommandExecutor.invokeExecute(DriverCommandExecutor.java:216) ~[selenium-remote-driver-4.39.0.jar:?]
	at org.openqa.selenium.remote.service.DriverCommandExecutor.execute(DriverCommandExecutor.java:174) ~[selenium-remote-driver-4.39.0.jar:?]
	at org.openqa.selenium.remote.RemoteWebDriver.execute(RemoteWebDriver.java:561) ~[selenium-remote-driver-4.39.0.jar:?]
	at org.openqa.selenium.remote.ElementLocation$ElementFinder$2.findElement(ElementLocation.java:166) ~[selenium-remote-driver-4.39.0.jar:?]
	at org.openqa.selenium.remote.ElementLocation.findElement(ElementLocation.java:60) ~[selenium-remote-driver-4.39.0.jar:?]
	at org.openqa.selenium.remote.RemoteWebDriver.findElement(RemoteWebDriver.java:384) ~[selenium-remote-driver-4.39.0.jar:?]
	at org.openqa.selenium.remote.RemoteWebDriver.findElement(RemoteWebDriver.java:378) ~[selenium-remote-driver-4.39.0.jar:?]
	at org.openqa.selenium.support.ui.ExpectedConditions$7.apply(ExpectedConditions.java:198) ~[selenium-support-4.39.0.jar:?]
	at org.openqa.selenium.support.ui.ExpectedConditions$7.apply(ExpectedConditions.java:194) ~[selenium-support-4.39.0.jar:?]
	at org.openqa.selenium.support.ui.FluentWait.until(FluentWait.java:203) ~[selenium-support-4.39.0.jar:?]
	at pages.ResultPage.getProductCards(ResultPage.java:77) ~[test-classes/:?]
	at pages.ResultPage.getCardsCount(ResultPage.java:84) ~[test-classes/:?]
	at tests.productCardsTests.RatingMatchesReviewsTests.numberOfReviewsShouldMatch(RatingMatchesReviewsTests.java:86) ~[test-classes/:?]
	at jdk.internal.reflect.DirectMethodHandleAccessor.invoke(DirectMethodHandleAccessor.java:103) ~[?:?]
	at java.lang.reflect.Method.invoke(Method.java:580) ~[?:?]
	at org.junit.runners.model.FrameworkMethod$1.runReflectiveCall(FrameworkMethod.java:59) ~[junit-4.13.jar:4.13]
	at org.junit.internal.runners.model.ReflectiveCallable.run(ReflectiveCallable.java:12) ~[junit-4.13.jar:4.13]
	at org.junit.runners.model.FrameworkMethod.invokeExplosively(FrameworkMethod.java:56) ~[junit-4.13.jar:4.13]
	at org.junit.internal.runners.statements.InvokeMethod.evaluate(InvokeMethod.java:17) ~[junit-4.13.jar:4.13]
	at org.junit.internal.runners.statements.RunBefores.evaluate(RunBefores.java:26) ~[junit-4.13.jar:4.13]
	at org.junit.internal.runners.statements.RunAfters.evaluate(RunAfters.java:27) ~[junit-4.13.jar:4.13]
	at org.junit.rules.TestWatcher$1.evaluate(TestWatcher.java:61) [junit-4.13.jar:4.13]
	at org.junit.runners.ParentRunner$3.evaluate(ParentRunner.java:306) [junit-4.13.jar:4.13]
	at org.junit.runners.BlockJUnit4ClassRunner$1.evaluate(BlockJUnit4ClassRunner.java:100) [junit-4.13.jar:4.13]
	at org.junit.runners.ParentRunner.runLeaf(ParentRunner.java:366) [junit-4.13.jar:4.13]
	at org.junit.runners.BlockJUnit4ClassRunner.runChild(BlockJUnit4ClassRunner.java:103) [junit-4.13.jar:4.13]
	at org.junit.runners.BlockJUnit4ClassRunner.runChild(BlockJUnit4ClassRunner.java:63) [junit-4.13.jar:4.13]
	at org.junit.runners.ParentRunner$4.run(ParentRunner.java:331) [junit-4.13.jar:4.13]
	at org.junit.runners.ParentRunner$1.schedule(ParentRunner.java:79) [junit-4.13.jar:4.13]
	at org.junit.runners.ParentRunner.runChildren(ParentRunner.java:329) [junit-4.13.jar:4.13]
	at org.junit.runners.ParentRunner.access$100(ParentRunner.java:66) [junit-4.13.jar:4.13]
	at org.junit.runners.ParentRunner$2.evaluate(ParentRunner.java:293) [junit-4.13.jar:4.13]
	at org.junit.runners.ParentRunner.run(ParentRunner.java:413) [junit-4.13.jar:4.13]
	at org.junit.runners.Suite.runChild(Suite.java:128) [junit-4.13.jar:4.13]
	at org.junit.runners.Suite.runChild(Suite.java:27) [junit-4.13.jar:4.13]
	at org.junit.runners.ParentRunner$4.run(ParentRunner.java:331) [junit-4.13.jar:4.13]
	at org.junit.runners.ParentRunner$1.schedule(ParentRunner.java:79) [junit-4.13.jar:4.13]
	at org.junit.runners.ParentRunner.runChildren(ParentRunner.java:329) [junit-4.13.jar:4.13]
	at org.junit.runners.ParentRunner.access$100(ParentRunner.java:66) [junit-4.13.jar:4.13]
	at org.junit.runners.ParentRunner$2.evaluate(ParentRunner.java:293) [junit-4.13.jar:4.13]
	at org.junit.runners.ParentRunner$3.evaluate(ParentRunner.java:306) [junit-4.13.jar:4.13]
	at org.junit.runners.ParentRunner.run(ParentRunner.java:413) [junit-4.13.jar:4.13]
	at org.eclipse.jdt.internal.junit4.runner.JUnit4TestReference.run(JUnit4TestReference.java:93) [.cp/:?]
	at org.eclipse.jdt.internal.junit.runner.TestExecution.run(TestExecution.java:40) [.cp/:?]
	at org.eclipse.jdt.internal.junit.runner.RemoteTestRunner.runTests(RemoteTestRunner.java:530) [.cp/:?]
	at org.eclipse.jdt.internal.junit.runner.RemoteTestRunner.runTests(RemoteTestRunner.java:758) [.cp/:?]
	at org.eclipse.jdt.internal.junit.runner.RemoteTestRunner.run(RemoteTestRunner.java:453) [.cp/:?]
	at org.eclipse.jdt.internal.junit.runner.RemoteTestRunner.main(RemoteTestRunner.java:211) [.cp/:?]
2025-12-29 23:31:52 INFO  === END   tests.productCardsTests.RatingMatchesReviewsTests.numberOfReviewsShouldMatch[Exp#6 [f1=1, f2=2, f3=3, f4=3, f5=1, f6=1, f7=2, f8=2]] ===
2025-12-29 23:31:52 INFO  === START tests.productCardsTests.RatingMatchesReviewsTests.reviewsShouldMatchRating[Exp#7 [f1=1, f2=3, f3=1, f4=2, f5=1, f6=3, f7=2, f8=3]] ===
2025-12-29 23:31:54 INFO  STEP: 📝 New input: Filling form fields.
2025-12-29 23:32:04 INFO  STEP: === CARD 1 ===
2025-12-29 23:32:04 INFO  STEP: Toggle Reviews
2025-12-29 23:32:04 INFO  STEP: Is reviwes window open?: true
2025-12-29 23:32:05 INFO  STEP: Number of reviews: 4
2025-12-29 23:32:06 INFO  STEP: stars:5
2025-12-29 23:32:06 INFO  STEP: stars:5
2025-12-29 23:32:06 INFO  STEP: stars:4
2025-12-29 23:32:06 INFO  STEP: stars:1
2025-12-29 23:32:06 INFO  STEP: sum of stars:15
2025-12-29 23:32:06 INFO  STEP: #1 Product rating: 2.6 ||| Actual rating:3.0
2025-12-29 23:32:06 INFO  STEP: === CARD 2 ===
2025-12-29 23:32:07 INFO  STEP: Toggle Reviews
2025-12-29 23:32:07 INFO  STEP: Is reviwes window open?: true
2025-12-29 23:32:08 INFO  STEP: Number of reviews: 4
2025-12-29 23:32:08 INFO  STEP: stars:5
2025-12-29 23:32:08 INFO  STEP: stars:5
2025-12-29 23:32:08 INFO  STEP: stars:2
2025-12-29 23:32:08 INFO  STEP: stars:4
2025-12-29 23:32:08 INFO  STEP: sum of stars:16
2025-12-29 23:32:08 INFO  STEP: #2 Product rating: 4.7 ||| Actual rating:4.0
2025-12-29 23:32:08 INFO  STEP: === CARD 3 ===
2025-12-29 23:32:09 INFO  STEP: Toggle Reviews
2025-12-29 23:32:09 INFO  STEP: Is reviwes window open?: true
2025-12-29 23:32:10 INFO  STEP: Number of reviews: 4
2025-12-29 23:32:10 INFO  STEP: stars:5
2025-12-29 23:32:10 INFO  STEP: stars:4
2025-12-29 23:32:10 INFO  STEP: stars:4
2025-12-29 23:32:11 INFO  STEP: stars:4
2025-12-29 23:32:11 INFO  STEP: sum of stars:17
2025-12-29 23:32:11 INFO  STEP: #3 Product rating: 4.9 ||| Actual rating:4.0
2025-12-29 23:32:11 INFO  STEP: === CARD 4 ===
2025-12-29 23:32:11 INFO  STEP: Toggle Reviews
2025-12-29 23:32:11 INFO  STEP: Is reviwes window open?: true
2025-12-29 23:32:12 INFO  STEP: Number of reviews: 4
2025-12-29 23:32:12 INFO  STEP: stars:5
2025-12-29 23:32:12 INFO  STEP: stars:1
2025-12-29 23:32:13 INFO  STEP: stars:4
2025-12-29 23:32:13 INFO  STEP: stars:3
2025-12-29 23:32:13 INFO  STEP: sum of stars:13
2025-12-29 23:32:13 INFO  STEP: #4 Product rating: 4.0 ||| Actual rating:3.0
2025-12-29 23:32:13 INFO  STEP: === CARD 5 ===
2025-12-29 23:32:13 INFO  STEP: Toggle Reviews
2025-12-29 23:32:13 INFO  STEP: Is reviwes window open?: true
2025-12-29 23:32:14 INFO  STEP: Number of reviews: 4
2025-12-29 23:32:14 INFO  STEP: stars:5
2025-12-29 23:32:14 INFO  STEP: stars:4
2025-12-29 23:32:15 INFO  STEP: stars:5
2025-12-29 23:32:15 INFO  STEP: stars:1
2025-12-29 23:32:15 INFO  STEP: sum of stars:15
2025-12-29 23:32:15 INFO  STEP: #5 Product rating: 4.6 ||| Actual rating:3.0
2025-12-29 23:32:15 ERROR STEP FAIL: All reviews ratings should match the product rating
2025-12-29 23:32:15 ERROR === FAIL  tests.productCardsTests.RatingMatchesReviewsTests.reviewsShouldMatchRating[Exp#7 [f1=1, f2=3, f3=1, f4=2, f5=1, f6=3, f7=2, f8=3]] ===
java.lang.AssertionError: All reviews ratings should match the product rating
	at org.junit.Assert.fail(Assert.java:89) ~[junit-4.13.jar:4.13]
	at org.junit.Assert.assertTrue(Assert.java:42) ~[junit-4.13.jar:4.13]
	at tests.BaseTest.checkTrue(BaseTest.java:75) ~[test-classes/:?]
	at tests.productCardsTests.RatingMatchesReviewsTests.reviewsShouldMatchRating(RatingMatchesReviewsTests.java:80) ~[test-classes/:?]
	at jdk.internal.reflect.DirectMethodHandleAccessor.invoke(DirectMethodHandleAccessor.java:103) ~[?:?]
	at java.lang.reflect.Method.invoke(Method.java:580) ~[?:?]
	at org.junit.runners.model.FrameworkMethod$1.runReflectiveCall(FrameworkMethod.java:59) ~[junit-4.13.jar:4.13]
	at org.junit.internal.runners.model.ReflectiveCallable.run(ReflectiveCallable.java:12) ~[junit-4.13.jar:4.13]
	at org.junit.runners.model.FrameworkMethod.invokeExplosively(FrameworkMethod.java:56) ~[junit-4.13.jar:4.13]
	at org.junit.internal.runners.statements.InvokeMethod.evaluate(InvokeMethod.java:17) ~[junit-4.13.jar:4.13]
	at org.junit.internal.runners.statements.RunBefores.evaluate(RunBefores.java:26) ~[junit-4.13.jar:4.13]
	at org.junit.internal.runners.statements.RunAfters.evaluate(RunAfters.java:27) ~[junit-4.13.jar:4.13]
	at org.junit.rules.TestWatcher$1.evaluate(TestWatcher.java:61) [junit-4.13.jar:4.13]
	at org.junit.runners.ParentRunner$3.evaluate(ParentRunner.java:306) [junit-4.13.jar:4.13]
	at org.junit.runners.BlockJUnit4ClassRunner$1.evaluate(BlockJUnit4ClassRunner.java:100) [junit-4.13.jar:4.13]
	at org.junit.runners.ParentRunner.runLeaf(ParentRunner.java:366) [junit-4.13.jar:4.13]
	at org.junit.runners.BlockJUnit4ClassRunner.runChild(BlockJUnit4ClassRunner.java:103) [junit-4.13.jar:4.13]
	at org.junit.runners.BlockJUnit4ClassRunner.runChild(BlockJUnit4ClassRunner.java:63) [junit-4.13.jar:4.13]
	at org.junit.runners.ParentRunner$4.run(ParentRunner.java:331) [junit-4.13.jar:4.13]
	at org.junit.runners.ParentRunner$1.schedule(ParentRunner.java:79) [junit-4.13.jar:4.13]
	at org.junit.runners.ParentRunner.runChildren(ParentRunner.java:329) [junit-4.13.jar:4.13]
	at org.junit.runners.ParentRunner.access$100(ParentRunner.java:66) [junit-4.13.jar:4.13]
	at org.junit.runners.ParentRunner$2.evaluate(ParentRunner.java:293) [junit-4.13.jar:4.13]
	at org.junit.runners.ParentRunner.run(ParentRunner.java:413) [junit-4.13.jar:4.13]
	at org.junit.runners.Suite.runChild(Suite.java:128) [junit-4.13.jar:4.13]
	at org.junit.runners.Suite.runChild(Suite.java:27) [junit-4.13.jar:4.13]
	at org.junit.runners.ParentRunner$4.run(ParentRunner.java:331) [junit-4.13.jar:4.13]
	at org.junit.runners.ParentRunner$1.schedule(ParentRunner.java:79) [junit-4.13.jar:4.13]
	at org.junit.runners.ParentRunner.runChildren(ParentRunner.java:329) [junit-4.13.jar:4.13]
	at org.junit.runners.ParentRunner.access$100(ParentRunner.java:66) [junit-4.13.jar:4.13]
	at org.junit.runners.ParentRunner$2.evaluate(ParentRunner.java:293) [junit-4.13.jar:4.13]
	at org.junit.runners.ParentRunner$3.evaluate(ParentRunner.java:306) [junit-4.13.jar:4.13]
	at org.junit.runners.ParentRunner.run(ParentRunner.java:413) [junit-4.13.jar:4.13]
	at org.eclipse.jdt.internal.junit4.runner.JUnit4TestReference.run(JUnit4TestReference.java:93) [.cp/:?]
	at org.eclipse.jdt.internal.junit.runner.TestExecution.run(TestExecution.java:40) [.cp/:?]
	at org.eclipse.jdt.internal.junit.runner.RemoteTestRunner.runTests(RemoteTestRunner.java:530) [.cp/:?]
	at org.eclipse.jdt.internal.junit.runner.RemoteTestRunner.runTests(RemoteTestRunner.java:758) [.cp/:?]
	at org.eclipse.jdt.internal.junit.runner.RemoteTestRunner.run(RemoteTestRunner.java:453) [.cp/:?]
	at org.eclipse.jdt.internal.junit.runner.RemoteTestRunner.main(RemoteTestRunner.java:211) [.cp/:?]
2025-12-29 23:32:15 INFO  === END   tests.productCardsTests.RatingMatchesReviewsTests.reviewsShouldMatchRating[Exp#7 [f1=1, f2=3, f3=1, f4=2, f5=1, f6=3, f7=2, f8=3]] ===
2025-12-29 23:32:15 INFO  === START tests.productCardsTests.RatingMatchesReviewsTests.numberOfReviewsShouldMatch[Exp#7 [f1=1, f2=3, f3=1, f4=2, f5=1, f6=3, f7=2, f8=3]] ===
2025-12-29 23:32:17 INFO  STEP: ♻️ Using existing results for same input.
2025-12-29 23:32:18 ERROR === FAIL  tests.productCardsTests.RatingMatchesReviewsTests.numberOfReviewsShouldMatch[Exp#7 [f1=1, f2=3, f3=1, f4=2, f5=1, f6=3, f7=2, f8=3]] ===
org.openqa.selenium.NoSuchSessionException: Session ID is null. Using WebDriver after calling quit()?
Build info: version: '4.39.0', revision: '126f156aee'
System info: os.name: 'Windows 11', os.arch: 'amd64', os.version: '10.0', java.version: '23.0.1'
Driver info: org.openqa.selenium.chrome.ChromeDriver
Command: [null, findElement {value=[data-testid='product-grid'], using=css selector}]
Capabilities {acceptInsecureCerts: false, browserName: chrome, browserVersion: 143.0.7499.170, chrome: {chromedriverVersion: 143.0.7499.169 (164b20aab62..., userDataDir: C:\Users\igor1\AppData\Loca...}, fedcm:accounts: true, goog:chromeOptions: {debuggerAddress: localhost:61792}, goog:processID: 23332, networkConnectionEnabled: false, pageLoadStrategy: normal, platformName: windows, proxy: Proxy(), se:cdp: ws://localhost:61792/devtoo..., se:cdpVersion: 143.0.7499.170, setWindowRect: true, strictFileInteractability: false, timeouts: {implicit: 0, pageLoad: 300000, script: 30000}, unhandledPromptBehavior: dismiss and notify, webauthn:extension:credBlob: true, webauthn:extension:largeBlob: true, webauthn:extension:minPinLength: true, webauthn:extension:prf: true, webauthn:virtualAuthenticators: true}
	at org.openqa.selenium.remote.HttpCommandExecutor.execute(HttpCommandExecutor.java:176) ~[selenium-remote-driver-4.39.0.jar:?]
	at org.openqa.selenium.remote.service.DriverCommandExecutor.invokeExecute(DriverCommandExecutor.java:216) ~[selenium-remote-driver-4.39.0.jar:?]
	at org.openqa.selenium.remote.service.DriverCommandExecutor.execute(DriverCommandExecutor.java:174) ~[selenium-remote-driver-4.39.0.jar:?]
	at org.openqa.selenium.remote.RemoteWebDriver.execute(RemoteWebDriver.java:561) ~[selenium-remote-driver-4.39.0.jar:?]
	at org.openqa.selenium.remote.ElementLocation$ElementFinder$2.findElement(ElementLocation.java:166) ~[selenium-remote-driver-4.39.0.jar:?]
	at org.openqa.selenium.remote.ElementLocation.findElement(ElementLocation.java:60) ~[selenium-remote-driver-4.39.0.jar:?]
	at org.openqa.selenium.remote.RemoteWebDriver.findElement(RemoteWebDriver.java:384) ~[selenium-remote-driver-4.39.0.jar:?]
	at org.openqa.selenium.remote.RemoteWebDriver.findElement(RemoteWebDriver.java:378) ~[selenium-remote-driver-4.39.0.jar:?]
	at org.openqa.selenium.support.ui.ExpectedConditions$7.apply(ExpectedConditions.java:198) ~[selenium-support-4.39.0.jar:?]
	at org.openqa.selenium.support.ui.ExpectedConditions$7.apply(ExpectedConditions.java:194) ~[selenium-support-4.39.0.jar:?]
	at org.openqa.selenium.support.ui.FluentWait.until(FluentWait.java:203) ~[selenium-support-4.39.0.jar:?]
	at pages.ResultPage.getProductCards(ResultPage.java:77) ~[test-classes/:?]
	at pages.ResultPage.getCardsCount(ResultPage.java:84) ~[test-classes/:?]
	at tests.productCardsTests.RatingMatchesReviewsTests.numberOfReviewsShouldMatch(RatingMatchesReviewsTests.java:86) ~[test-classes/:?]
	at jdk.internal.reflect.DirectMethodHandleAccessor.invoke(DirectMethodHandleAccessor.java:103) ~[?:?]
	at java.lang.reflect.Method.invoke(Method.java:580) ~[?:?]
	at org.junit.runners.model.FrameworkMethod$1.runReflectiveCall(FrameworkMethod.java:59) ~[junit-4.13.jar:4.13]
	at org.junit.internal.runners.model.ReflectiveCallable.run(ReflectiveCallable.java:12) ~[junit-4.13.jar:4.13]
	at org.junit.runners.model.FrameworkMethod.invokeExplosively(FrameworkMethod.java:56) ~[junit-4.13.jar:4.13]
	at org.junit.internal.runners.statements.InvokeMethod.evaluate(InvokeMethod.java:17) ~[junit-4.13.jar:4.13]
	at org.junit.internal.runners.statements.RunBefores.evaluate(RunBefores.java:26) ~[junit-4.13.jar:4.13]
	at org.junit.internal.runners.statements.RunAfters.evaluate(RunAfters.java:27) ~[junit-4.13.jar:4.13]
	at org.junit.rules.TestWatcher$1.evaluate(TestWatcher.java:61) [junit-4.13.jar:4.13]
	at org.junit.runners.ParentRunner$3.evaluate(ParentRunner.java:306) [junit-4.13.jar:4.13]
	at org.junit.runners.BlockJUnit4ClassRunner$1.evaluate(BlockJUnit4ClassRunner.java:100) [junit-4.13.jar:4.13]
	at org.junit.runners.ParentRunner.runLeaf(ParentRunner.java:366) [junit-4.13.jar:4.13]
	at org.junit.runners.BlockJUnit4ClassRunner.runChild(BlockJUnit4ClassRunner.java:103) [junit-4.13.jar:4.13]
	at org.junit.runners.BlockJUnit4ClassRunner.runChild(BlockJUnit4ClassRunner.java:63) [junit-4.13.jar:4.13]
	at org.junit.runners.ParentRunner$4.run(ParentRunner.java:331) [junit-4.13.jar:4.13]
	at org.junit.runners.ParentRunner$1.schedule(ParentRunner.java:79) [junit-4.13.jar:4.13]
	at org.junit.runners.ParentRunner.runChildren(ParentRunner.java:329) [junit-4.13.jar:4.13]
	at org.junit.runners.ParentRunner.access$100(ParentRunner.java:66) [junit-4.13.jar:4.13]
	at org.junit.runners.ParentRunner$2.evaluate(ParentRunner.java:293) [junit-4.13.jar:4.13]
	at org.junit.runners.ParentRunner.run(ParentRunner.java:413) [junit-4.13.jar:4.13]
	at org.junit.runners.Suite.runChild(Suite.java:128) [junit-4.13.jar:4.13]
	at org.junit.runners.Suite.runChild(Suite.java:27) [junit-4.13.jar:4.13]
	at org.junit.runners.ParentRunner$4.run(ParentRunner.java:331) [junit-4.13.jar:4.13]
	at org.junit.runners.ParentRunner$1.schedule(ParentRunner.java:79) [junit-4.13.jar:4.13]
	at org.junit.runners.ParentRunner.runChildren(ParentRunner.java:329) [junit-4.13.jar:4.13]
	at org.junit.runners.ParentRunner.access$100(ParentRunner.java:66) [junit-4.13.jar:4.13]
	at org.junit.runners.ParentRunner$2.evaluate(ParentRunner.java:293) [junit-4.13.jar:4.13]
	at org.junit.runners.ParentRunner$3.evaluate(ParentRunner.java:306) [junit-4.13.jar:4.13]
	at org.junit.runners.ParentRunner.run(ParentRunner.java:413) [junit-4.13.jar:4.13]
	at org.eclipse.jdt.internal.junit4.runner.JUnit4TestReference.run(JUnit4TestReference.java:93) [.cp/:?]
	at org.eclipse.jdt.internal.junit.runner.TestExecution.run(TestExecution.java:40) [.cp/:?]
	at org.eclipse.jdt.internal.junit.runner.RemoteTestRunner.runTests(RemoteTestRunner.java:530) [.cp/:?]
	at org.eclipse.jdt.internal.junit.runner.RemoteTestRunner.runTests(RemoteTestRunner.java:758) [.cp/:?]
	at org.eclipse.jdt.internal.junit.runner.RemoteTestRunner.run(RemoteTestRunner.java:453) [.cp/:?]
	at org.eclipse.jdt.internal.junit.runner.RemoteTestRunner.main(RemoteTestRunner.java:211) [.cp/:?]
2025-12-29 23:32:18 INFO  === END   tests.productCardsTests.RatingMatchesReviewsTests.numberOfReviewsShouldMatch[Exp#7 [f1=1, f2=3, f3=1, f4=2, f5=1, f6=3, f7=2, f8=3]] ===
2025-12-29 23:32:18 INFO  === START tests.productCardsTests.RatingMatchesReviewsTests.reviewsShouldMatchRating[Exp#8 [f1=1, f2=3, f3=2, f4=3, f5=2, f6=1, f7=3, f8=1]] ===
2025-12-29 23:32:19 INFO  STEP: 📝 New input: Filling form fields.
2025-12-29 23:40:37 INFO  === START tests.productCardsTests.RatingMatchesReviewsTests.reviewsShouldMatchRating[Exp#1 [f1=1, f2=1, f3=1, f4=1, f5=1, f6=1, f7=1, f8=1]] ===
2025-12-29 23:40:40 INFO  STEP: 📝 New input: Filling form fields.
2025-12-29 23:40:52 INFO  STEP: === CARD 1 ===
2025-12-29 23:40:52 INFO  STEP: Toggle Reviews
2025-12-29 23:40:52 INFO  STEP: Is reviwes window open?: true
2025-12-29 23:40:53 INFO  STEP: Number of reviews: 4
2025-12-29 23:40:53 INFO  STEP: stars:5
2025-12-29 23:40:54 INFO  STEP: stars:3
2025-12-29 23:40:54 INFO  STEP: stars:3
2025-12-29 23:40:54 INFO  STEP: stars:5
2025-12-29 23:40:54 INFO  STEP: sum of stars:16
2025-12-29 23:40:54 INFO  STEP: #1 Product rating: 4.5 ||| Actual rating:4.0
2025-12-29 23:40:54 INFO  STEP: === CARD 2 ===
2025-12-29 23:40:54 INFO  STEP: Toggle Reviews
2025-12-29 23:40:55 INFO  STEP: Is reviwes window open?: true
2025-12-29 23:40:56 INFO  STEP: Number of reviews: 4
2025-12-29 23:40:56 INFO  STEP: stars:5
2025-12-29 23:40:56 INFO  STEP: stars:3
2025-12-29 23:40:56 INFO  STEP: stars:2
2025-12-29 23:40:57 INFO  STEP: stars:4
2025-12-29 23:40:57 INFO  STEP: sum of stars:14
2025-12-29 23:40:57 INFO  STEP: #2 Product rating: 4.4 ||| Actual rating:3.0
2025-12-29 23:40:57 INFO  STEP: === CARD 3 ===
2025-12-29 23:40:57 INFO  STEP: Toggle Reviews
2025-12-29 23:40:57 INFO  STEP: Is reviwes window open?: true
2025-12-29 23:40:58 INFO  STEP: Number of reviews: 4
2025-12-29 23:40:58 INFO  STEP: stars:5
2025-12-29 23:40:59 INFO  STEP: stars:5
2025-12-29 23:40:59 INFO  STEP: stars:3
2025-12-29 23:40:59 INFO  STEP: stars:4
2025-12-29 23:40:59 INFO  STEP: sum of stars:17
2025-12-29 23:40:59 INFO  STEP: #3 Product rating: 3.9 ||| Actual rating:4.0
2025-12-29 23:40:59 INFO  STEP: === CARD 4 ===
2025-12-29 23:40:59 INFO  STEP: Toggle Reviews
2025-12-29 23:41:00 INFO  STEP: Is reviwes window open?: true
2025-12-29 23:41:01 INFO  STEP: Number of reviews: 4
2025-12-29 23:41:01 INFO  STEP: stars:5
2025-12-29 23:41:01 INFO  STEP: stars:5
2025-12-29 23:41:01 INFO  STEP: stars:2
2025-12-29 23:41:02 INFO  STEP: stars:4
2025-12-29 23:41:02 INFO  STEP: sum of stars:16
2025-12-29 23:41:02 INFO  STEP: #4 Product rating: 3.0 ||| Actual rating:4.0
2025-12-29 23:41:02 INFO  STEP: === CARD 5 ===
2025-12-29 23:41:02 INFO  STEP: Toggle Reviews
2025-12-29 23:41:02 INFO  STEP: Is reviwes window open?: true
2025-12-29 23:41:03 INFO  STEP: Number of reviews: 4
2025-12-29 23:41:03 INFO  STEP: stars:5
2025-12-29 23:41:03 INFO  STEP: stars:5
2025-12-29 23:41:03 INFO  STEP: stars:5
2025-12-29 23:41:03 INFO  STEP: stars:4
2025-12-29 23:41:03 INFO  STEP: sum of stars:19
2025-12-29 23:41:03 INFO  STEP: #5 Product rating: 2.8 ||| Actual rating:4.0
2025-12-29 23:41:03 ERROR STEP FAIL: All reviews ratings should match the product rating
2025-12-29 23:41:03 ERROR === FAIL  tests.productCardsTests.RatingMatchesReviewsTests.reviewsShouldMatchRating[Exp#1 [f1=1, f2=1, f3=1, f4=1, f5=1, f6=1, f7=1, f8=1]] ===
java.lang.AssertionError: All reviews ratings should match the product rating
	at org.junit.Assert.fail(Assert.java:89) ~[junit-4.13.jar:4.13]
	at org.junit.Assert.assertTrue(Assert.java:42) ~[junit-4.13.jar:4.13]
	at tests.BaseTest.checkTrue(BaseTest.java:89) ~[test-classes/:?]
	at tests.productCardsTests.RatingMatchesReviewsTests.reviewsShouldMatchRating(RatingMatchesReviewsTests.java:80) ~[test-classes/:?]
	at jdk.internal.reflect.DirectMethodHandleAccessor.invoke(DirectMethodHandleAccessor.java:103) ~[?:?]
	at java.lang.reflect.Method.invoke(Method.java:580) ~[?:?]
	at org.junit.runners.model.FrameworkMethod$1.runReflectiveCall(FrameworkMethod.java:59) ~[junit-4.13.jar:4.13]
	at org.junit.internal.runners.model.ReflectiveCallable.run(ReflectiveCallable.java:12) ~[junit-4.13.jar:4.13]
	at org.junit.runners.model.FrameworkMethod.invokeExplosively(FrameworkMethod.java:56) ~[junit-4.13.jar:4.13]
	at org.junit.internal.runners.statements.InvokeMethod.evaluate(InvokeMethod.java:17) ~[junit-4.13.jar:4.13]
	at org.junit.internal.runners.statements.RunBefores.evaluate(RunBefores.java:26) ~[junit-4.13.jar:4.13]
	at org.junit.internal.runners.statements.RunAfters.evaluate(RunAfters.java:27) ~[junit-4.13.jar:4.13]
	at org.junit.rules.TestWatcher$1.evaluate(TestWatcher.java:61) [junit-4.13.jar:4.13]
	at org.junit.runners.ParentRunner$3.evaluate(ParentRunner.java:306) [junit-4.13.jar:4.13]
	at org.junit.runners.BlockJUnit4ClassRunner$1.evaluate(BlockJUnit4ClassRunner.java:100) [junit-4.13.jar:4.13]
	at org.junit.runners.ParentRunner.runLeaf(ParentRunner.java:366) [junit-4.13.jar:4.13]
	at org.junit.runners.BlockJUnit4ClassRunner.runChild(BlockJUnit4ClassRunner.java:103) [junit-4.13.jar:4.13]
	at org.junit.runners.BlockJUnit4ClassRunner.runChild(BlockJUnit4ClassRunner.java:63) [junit-4.13.jar:4.13]
	at org.junit.runners.ParentRunner$4.run(ParentRunner.java:331) [junit-4.13.jar:4.13]
	at org.junit.runners.ParentRunner$1.schedule(ParentRunner.java:79) [junit-4.13.jar:4.13]
	at org.junit.runners.ParentRunner.runChildren(ParentRunner.java:329) [junit-4.13.jar:4.13]
	at org.junit.runners.ParentRunner.access$100(ParentRunner.java:66) [junit-4.13.jar:4.13]
	at org.junit.runners.ParentRunner$2.evaluate(ParentRunner.java:293) [junit-4.13.jar:4.13]
	at org.junit.runners.ParentRunner.run(ParentRunner.java:413) [junit-4.13.jar:4.13]
	at org.junit.runners.Suite.runChild(Suite.java:128) [junit-4.13.jar:4.13]
	at org.junit.runners.Suite.runChild(Suite.java:27) [junit-4.13.jar:4.13]
	at org.junit.runners.ParentRunner$4.run(ParentRunner.java:331) [junit-4.13.jar:4.13]
	at org.junit.runners.ParentRunner$1.schedule(ParentRunner.java:79) [junit-4.13.jar:4.13]
	at org.junit.runners.ParentRunner.runChildren(ParentRunner.java:329) [junit-4.13.jar:4.13]
	at org.junit.runners.ParentRunner.access$100(ParentRunner.java:66) [junit-4.13.jar:4.13]
	at org.junit.runners.ParentRunner$2.evaluate(ParentRunner.java:293) [junit-4.13.jar:4.13]
	at org.junit.internal.runners.statements.RunAfters.evaluate(RunAfters.java:27) [junit-4.13.jar:4.13]
	at org.junit.runners.ParentRunner$3.evaluate(ParentRunner.java:306) [junit-4.13.jar:4.13]
	at org.junit.runners.ParentRunner.run(ParentRunner.java:413) [junit-4.13.jar:4.13]
	at org.eclipse.jdt.internal.junit4.runner.JUnit4TestReference.run(JUnit4TestReference.java:93) [.cp/:?]
	at org.eclipse.jdt.internal.junit.runner.TestExecution.run(TestExecution.java:40) [.cp/:?]
	at org.eclipse.jdt.internal.junit.runner.RemoteTestRunner.runTests(RemoteTestRunner.java:530) [.cp/:?]
	at org.eclipse.jdt.internal.junit.runner.RemoteTestRunner.runTests(RemoteTestRunner.java:758) [.cp/:?]
	at org.eclipse.jdt.internal.junit.runner.RemoteTestRunner.run(RemoteTestRunner.java:453) [.cp/:?]
	at org.eclipse.jdt.internal.junit.runner.RemoteTestRunner.main(RemoteTestRunner.java:211) [.cp/:?]
2025-12-29 23:41:03 INFO  === END   tests.productCardsTests.RatingMatchesReviewsTests.reviewsShouldMatchRating[Exp#1 [f1=1, f2=1, f3=1, f4=1, f5=1, f6=1, f7=1, f8=1]] ===
2025-12-29 23:41:04 INFO  === START tests.productCardsTests.RatingMatchesReviewsTests.numberOfReviewsShouldMatch[Exp#1 [f1=1, f2=1, f3=1, f4=1, f5=1, f6=1, f7=1, f8=1]] ===
2025-12-29 23:41:05 INFO  STEP: ♻️ Using existing results for same input.
2025-12-29 23:41:05 INFO  STEP: === CARD 1 ===
2025-12-29 23:41:05 INFO  STEP: Toggle Reviews
2025-12-29 23:41:05 INFO  STEP: Is reviwes window open?: true
2025-12-29 23:41:06 INFO  STEP: #1 review_count:5 actual_count: 4
2025-12-29 23:41:06 INFO  STEP: === CARD 2 ===
2025-12-29 23:41:06 INFO  STEP: Toggle Reviews
2025-12-29 23:41:06 INFO  STEP: Is reviwes window open?: true
2025-12-29 23:41:06 INFO  STEP: #2 review_count:5 actual_count: 4
2025-12-29 23:41:06 INFO  STEP: === CARD 3 ===
2025-12-29 23:41:07 INFO  STEP: Toggle Reviews
2025-12-29 23:41:07 INFO  STEP: Is reviwes window open?: true
2025-12-29 23:41:07 INFO  STEP: #3 review_count:5 actual_count: 4
2025-12-29 23:41:07 INFO  STEP: === CARD 4 ===
2025-12-29 23:41:07 INFO  STEP: Toggle Reviews
2025-12-29 23:41:07 INFO  STEP: Is reviwes window open?: true
2025-12-29 23:41:08 INFO  STEP: #4 review_count:5 actual_count: 4
2025-12-29 23:41:08 INFO  STEP: === CARD 5 ===
2025-12-29 23:41:08 INFO  STEP: Toggle Reviews
2025-12-29 23:41:08 INFO  STEP: Is reviwes window open?: true
2025-12-29 23:41:09 INFO  STEP: #5 review_count:5 actual_count: 4
2025-12-29 23:41:09 ERROR STEP FAIL: number of reviews should match review count
2025-12-29 23:41:09 ERROR === FAIL  tests.productCardsTests.RatingMatchesReviewsTests.numberOfReviewsShouldMatch[Exp#1 [f1=1, f2=1, f3=1, f4=1, f5=1, f6=1, f7=1, f8=1]] ===
java.lang.AssertionError: number of reviews should match review count
	at org.junit.Assert.fail(Assert.java:89) ~[junit-4.13.jar:4.13]
	at org.junit.Assert.assertTrue(Assert.java:42) ~[junit-4.13.jar:4.13]
	at tests.BaseTest.checkTrue(BaseTest.java:89) ~[test-classes/:?]
	at tests.productCardsTests.RatingMatchesReviewsTests.numberOfReviewsShouldMatch(RatingMatchesReviewsTests.java:107) ~[test-classes/:?]
	at jdk.internal.reflect.DirectMethodHandleAccessor.invoke(DirectMethodHandleAccessor.java:103) ~[?:?]
	at java.lang.reflect.Method.invoke(Method.java:580) ~[?:?]
	at org.junit.runners.model.FrameworkMethod$1.runReflectiveCall(FrameworkMethod.java:59) ~[junit-4.13.jar:4.13]
	at org.junit.internal.runners.model.ReflectiveCallable.run(ReflectiveCallable.java:12) ~[junit-4.13.jar:4.13]
	at org.junit.runners.model.FrameworkMethod.invokeExplosively(FrameworkMethod.java:56) ~[junit-4.13.jar:4.13]
	at org.junit.internal.runners.statements.InvokeMethod.evaluate(InvokeMethod.java:17) ~[junit-4.13.jar:4.13]
	at org.junit.internal.runners.statements.RunBefores.evaluate(RunBefores.java:26) ~[junit-4.13.jar:4.13]
	at org.junit.internal.runners.statements.RunAfters.evaluate(RunAfters.java:27) ~[junit-4.13.jar:4.13]
	at org.junit.rules.TestWatcher$1.evaluate(TestWatcher.java:61) [junit-4.13.jar:4.13]
	at org.junit.runners.ParentRunner$3.evaluate(ParentRunner.java:306) [junit-4.13.jar:4.13]
	at org.junit.runners.BlockJUnit4ClassRunner$1.evaluate(BlockJUnit4ClassRunner.java:100) [junit-4.13.jar:4.13]
	at org.junit.runners.ParentRunner.runLeaf(ParentRunner.java:366) [junit-4.13.jar:4.13]
	at org.junit.runners.BlockJUnit4ClassRunner.runChild(BlockJUnit4ClassRunner.java:103) [junit-4.13.jar:4.13]
	at org.junit.runners.BlockJUnit4ClassRunner.runChild(BlockJUnit4ClassRunner.java:63) [junit-4.13.jar:4.13]
	at org.junit.runners.ParentRunner$4.run(ParentRunner.java:331) [junit-4.13.jar:4.13]
	at org.junit.runners.ParentRunner$1.schedule(ParentRunner.java:79) [junit-4.13.jar:4.13]
	at org.junit.runners.ParentRunner.runChildren(ParentRunner.java:329) [junit-4.13.jar:4.13]
	at org.junit.runners.ParentRunner.access$100(ParentRunner.java:66) [junit-4.13.jar:4.13]
	at org.junit.runners.ParentRunner$2.evaluate(ParentRunner.java:293) [junit-4.13.jar:4.13]
	at org.junit.runners.ParentRunner.run(ParentRunner.java:413) [junit-4.13.jar:4.13]
	at org.junit.runners.Suite.runChild(Suite.java:128) [junit-4.13.jar:4.13]
	at org.junit.runners.Suite.runChild(Suite.java:27) [junit-4.13.jar:4.13]
	at org.junit.runners.ParentRunner$4.run(ParentRunner.java:331) [junit-4.13.jar:4.13]
	at org.junit.runners.ParentRunner$1.schedule(ParentRunner.java:79) [junit-4.13.jar:4.13]
	at org.junit.runners.ParentRunner.runChildren(ParentRunner.java:329) [junit-4.13.jar:4.13]
	at org.junit.runners.ParentRunner.access$100(ParentRunner.java:66) [junit-4.13.jar:4.13]
	at org.junit.runners.ParentRunner$2.evaluate(ParentRunner.java:293) [junit-4.13.jar:4.13]
	at org.junit.internal.runners.statements.RunAfters.evaluate(RunAfters.java:27) [junit-4.13.jar:4.13]
	at org.junit.runners.ParentRunner$3.evaluate(ParentRunner.java:306) [junit-4.13.jar:4.13]
	at org.junit.runners.ParentRunner.run(ParentRunner.java:413) [junit-4.13.jar:4.13]
	at org.eclipse.jdt.internal.junit4.runner.JUnit4TestReference.run(JUnit4TestReference.java:93) [.cp/:?]
	at org.eclipse.jdt.internal.junit.runner.TestExecution.run(TestExecution.java:40) [.cp/:?]
	at org.eclipse.jdt.internal.junit.runner.RemoteTestRunner.runTests(RemoteTestRunner.java:530) [.cp/:?]
	at org.eclipse.jdt.internal.junit.runner.RemoteTestRunner.runTests(RemoteTestRunner.java:758) [.cp/:?]
	at org.eclipse.jdt.internal.junit.runner.RemoteTestRunner.run(RemoteTestRunner.java:453) [.cp/:?]
	at org.eclipse.jdt.internal.junit.runner.RemoteTestRunner.main(RemoteTestRunner.java:211) [.cp/:?]
2025-12-29 23:41:09 INFO  === END   tests.productCardsTests.RatingMatchesReviewsTests.numberOfReviewsShouldMatch[Exp#1 [f1=1, f2=1, f3=1, f4=1, f5=1, f6=1, f7=1, f8=1]] ===
2025-12-29 23:41:09 INFO  === START tests.productCardsTests.RatingMatchesReviewsTests.reviewsShouldMatchRating[Exp#2 [f1=1, f2=1, f3=2, f4=2, f5=2, f6=2, f7=2, f8=2]] ===
2025-12-29 23:41:11 INFO  STEP: 📝 New input: Filling form fields.
2025-12-29 23:43:23 INFO  === START tests.productCardsTests.RatingMatchesReviewsTests.reviewsShouldMatchRating[Exp#1 [f1=1, f2=1, f3=1, f4=1, f5=1, f6=1, f7=1, f8=1]] ===
2025-12-29 23:43:25 INFO  STEP: 📝 New input: Filling form fields.
2025-12-29 23:43:33 INFO  STEP: === CARD 1 ===
2025-12-29 23:43:33 INFO  STEP: Toggle Reviews
2025-12-29 23:43:34 INFO  STEP: Is reviwes window open?: true
2025-12-29 23:43:35 INFO  STEP: Number of reviews: 4
2025-12-29 23:43:35 INFO  STEP: stars:5
2025-12-29 23:43:35 INFO  STEP: stars:3
2025-12-29 23:43:35 INFO  STEP: stars:3
2025-12-29 23:43:36 INFO  STEP: stars:5
2025-12-29 23:43:36 INFO  STEP: sum of stars:16
2025-12-29 23:43:36 INFO  STEP: #1 Product rating: 4.5 ||| Actual rating:4.0
2025-12-29 23:43:36 INFO  STEP: === CARD 2 ===
2025-12-29 23:43:36 INFO  STEP: Toggle Reviews
2025-12-29 23:43:36 INFO  STEP: Is reviwes window open?: true
2025-12-29 23:43:37 INFO  STEP: Number of reviews: 4
2025-12-29 23:43:37 INFO  STEP: stars:5
2025-12-29 23:43:38 INFO  STEP: stars:3
2025-12-29 23:43:38 INFO  STEP: stars:2
2025-12-29 23:43:38 INFO  STEP: stars:4
2025-12-29 23:43:38 INFO  STEP: sum of stars:14
2025-12-29 23:43:38 INFO  STEP: #2 Product rating: 4.4 ||| Actual rating:3.0
2025-12-29 23:43:38 INFO  STEP: === CARD 3 ===
2025-12-29 23:43:38 INFO  STEP: Toggle Reviews
2025-12-29 23:43:39 INFO  STEP: Is reviwes window open?: true
2025-12-29 23:43:40 INFO  STEP: Number of reviews: 4
2025-12-29 23:43:40 INFO  STEP: stars:5
2025-12-29 23:43:40 INFO  STEP: stars:5
2025-12-29 23:43:40 INFO  STEP: stars:3
2025-12-29 23:43:41 INFO  STEP: stars:4
2025-12-29 23:43:41 INFO  STEP: sum of stars:17
2025-12-29 23:43:41 INFO  STEP: #3 Product rating: 3.9 ||| Actual rating:4.0
2025-12-29 23:43:41 INFO  STEP: === CARD 4 ===
2025-12-29 23:43:41 INFO  STEP: Toggle Reviews
2025-12-29 23:43:41 INFO  STEP: Is reviwes window open?: true
2025-12-29 23:43:42 INFO  STEP: Number of reviews: 4
2025-12-29 23:43:42 INFO  STEP: stars:5
2025-12-29 23:43:43 INFO  STEP: stars:5
2025-12-29 23:43:43 INFO  STEP: stars:2
2025-12-29 23:43:43 INFO  STEP: stars:4
2025-12-29 23:43:43 INFO  STEP: sum of stars:16
2025-12-29 23:43:43 INFO  STEP: #4 Product rating: 3.0 ||| Actual rating:4.0
2025-12-29 23:43:43 INFO  STEP: === CARD 5 ===
2025-12-29 23:43:43 INFO  STEP: Toggle Reviews
2025-12-29 23:43:44 INFO  STEP: Is reviwes window open?: true
2025-12-29 23:43:45 INFO  STEP: Number of reviews: 4
2025-12-29 23:43:45 INFO  STEP: stars:5
2025-12-29 23:43:45 INFO  STEP: stars:5
2025-12-29 23:43:45 INFO  STEP: stars:5
2025-12-29 23:43:45 INFO  STEP: stars:4
2025-12-29 23:43:45 INFO  STEP: sum of stars:19
2025-12-29 23:43:45 INFO  STEP: #5 Product rating: 2.8 ||| Actual rating:4.0
2025-12-29 23:43:45 ERROR STEP FAIL: All reviews ratings should match the product rating
2025-12-29 23:43:45 ERROR === FAIL  tests.productCardsTests.RatingMatchesReviewsTests.reviewsShouldMatchRating[Exp#1 [f1=1, f2=1, f3=1, f4=1, f5=1, f6=1, f7=1, f8=1]] ===
java.lang.AssertionError: All reviews ratings should match the product rating
	at org.junit.Assert.fail(Assert.java:89) ~[junit-4.13.jar:4.13]
	at org.junit.Assert.assertTrue(Assert.java:42) ~[junit-4.13.jar:4.13]
	at tests.BaseTest.checkTrue(BaseTest.java:92) ~[test-classes/:?]
	at tests.productCardsTests.RatingMatchesReviewsTests.reviewsShouldMatchRating(RatingMatchesReviewsTests.java:80) ~[test-classes/:?]
	at jdk.internal.reflect.DirectMethodHandleAccessor.invoke(DirectMethodHandleAccessor.java:103) ~[?:?]
	at java.lang.reflect.Method.invoke(Method.java:580) ~[?:?]
	at org.junit.runners.model.FrameworkMethod$1.runReflectiveCall(FrameworkMethod.java:59) ~[junit-4.13.jar:4.13]
	at org.junit.internal.runners.model.ReflectiveCallable.run(ReflectiveCallable.java:12) ~[junit-4.13.jar:4.13]
	at org.junit.runners.model.FrameworkMethod.invokeExplosively(FrameworkMethod.java:56) ~[junit-4.13.jar:4.13]
	at org.junit.internal.runners.statements.InvokeMethod.evaluate(InvokeMethod.java:17) ~[junit-4.13.jar:4.13]
	at org.junit.internal.runners.statements.RunBefores.evaluate(RunBefores.java:26) ~[junit-4.13.jar:4.13]
	at org.junit.internal.runners.statements.RunAfters.evaluate(RunAfters.java:27) ~[junit-4.13.jar:4.13]
	at org.junit.rules.TestWatcher$1.evaluate(TestWatcher.java:61) [junit-4.13.jar:4.13]
	at org.junit.runners.ParentRunner$3.evaluate(ParentRunner.java:306) [junit-4.13.jar:4.13]
	at org.junit.runners.BlockJUnit4ClassRunner$1.evaluate(BlockJUnit4ClassRunner.java:100) [junit-4.13.jar:4.13]
	at org.junit.runners.ParentRunner.runLeaf(ParentRunner.java:366) [junit-4.13.jar:4.13]
	at org.junit.runners.BlockJUnit4ClassRunner.runChild(BlockJUnit4ClassRunner.java:103) [junit-4.13.jar:4.13]
	at org.junit.runners.BlockJUnit4ClassRunner.runChild(BlockJUnit4ClassRunner.java:63) [junit-4.13.jar:4.13]
	at org.junit.runners.ParentRunner$4.run(ParentRunner.java:331) [junit-4.13.jar:4.13]
	at org.junit.runners.ParentRunner$1.schedule(ParentRunner.java:79) [junit-4.13.jar:4.13]
	at org.junit.runners.ParentRunner.runChildren(ParentRunner.java:329) [junit-4.13.jar:4.13]
	at org.junit.runners.ParentRunner.access$100(ParentRunner.java:66) [junit-4.13.jar:4.13]
	at org.junit.runners.ParentRunner$2.evaluate(ParentRunner.java:293) [junit-4.13.jar:4.13]
	at org.junit.runners.ParentRunner.run(ParentRunner.java:413) [junit-4.13.jar:4.13]
	at org.junit.runners.Suite.runChild(Suite.java:128) [junit-4.13.jar:4.13]
	at org.junit.runners.Suite.runChild(Suite.java:27) [junit-4.13.jar:4.13]
	at org.junit.runners.ParentRunner$4.run(ParentRunner.java:331) [junit-4.13.jar:4.13]
	at org.junit.runners.ParentRunner$1.schedule(ParentRunner.java:79) [junit-4.13.jar:4.13]
	at org.junit.runners.ParentRunner.runChildren(ParentRunner.java:329) [junit-4.13.jar:4.13]
	at org.junit.runners.ParentRunner.access$100(ParentRunner.java:66) [junit-4.13.jar:4.13]
	at org.junit.runners.ParentRunner$2.evaluate(ParentRunner.java:293) [junit-4.13.jar:4.13]
	at org.junit.internal.runners.statements.RunAfters.evaluate(RunAfters.java:27) [junit-4.13.jar:4.13]
	at org.junit.runners.ParentRunner$3.evaluate(ParentRunner.java:306) [junit-4.13.jar:4.13]
	at org.junit.runners.ParentRunner.run(ParentRunner.java:413) [junit-4.13.jar:4.13]
	at org.eclipse.jdt.internal.junit4.runner.JUnit4TestReference.run(JUnit4TestReference.java:93) [.cp/:?]
	at org.eclipse.jdt.internal.junit.runner.TestExecution.run(TestExecution.java:40) [.cp/:?]
	at org.eclipse.jdt.internal.junit.runner.RemoteTestRunner.runTests(RemoteTestRunner.java:530) [.cp/:?]
	at org.eclipse.jdt.internal.junit.runner.RemoteTestRunner.runTests(RemoteTestRunner.java:758) [.cp/:?]
	at org.eclipse.jdt.internal.junit.runner.RemoteTestRunner.run(RemoteTestRunner.java:453) [.cp/:?]
	at org.eclipse.jdt.internal.junit.runner.RemoteTestRunner.main(RemoteTestRunner.java:211) [.cp/:?]
2025-12-29 23:43:45 INFO  === END   tests.productCardsTests.RatingMatchesReviewsTests.reviewsShouldMatchRating[Exp#1 [f1=1, f2=1, f3=1, f4=1, f5=1, f6=1, f7=1, f8=1]] ===
2025-12-29 23:43:46 INFO  === START tests.productCardsTests.RatingMatchesReviewsTests.numberOfReviewsShouldMatch[Exp#1 [f1=1, f2=1, f3=1, f4=1, f5=1, f6=1, f7=1, f8=1]] ===
2025-12-29 23:43:46 INFO  STEP: ♻️ Using existing results for same input.
2025-12-29 23:43:46 INFO  STEP: === CARD 1 ===
2025-12-29 23:43:46 INFO  STEP: Toggle Reviews
2025-12-29 23:43:46 INFO  STEP: Is reviwes window open?: true
2025-12-29 23:43:46 INFO  STEP: #1 review_count:5 actual_count: 4
2025-12-29 23:43:46 INFO  STEP: === CARD 2 ===
2025-12-29 23:43:47 INFO  STEP: Toggle Reviews
2025-12-29 23:43:47 INFO  STEP: Is reviwes window open?: true
2025-12-29 23:43:47 INFO  STEP: #2 review_count:5 actual_count: 4
2025-12-29 23:43:47 INFO  STEP: === CARD 3 ===
2025-12-29 23:43:47 INFO  STEP: Toggle Reviews
2025-12-29 23:43:48 INFO  STEP: Is reviwes window open?: true
2025-12-29 23:43:48 INFO  STEP: #3 review_count:5 actual_count: 4
2025-12-29 23:43:48 INFO  STEP: === CARD 4 ===
2025-12-29 23:43:48 INFO  STEP: Toggle Reviews
2025-12-29 23:43:48 INFO  STEP: Is reviwes window open?: true
2025-12-29 23:43:49 INFO  STEP: #4 review_count:5 actual_count: 4
2025-12-29 23:43:49 INFO  STEP: === CARD 5 ===
2025-12-29 23:43:49 INFO  STEP: Toggle Reviews
2025-12-29 23:43:49 INFO  STEP: Is reviwes window open?: true
2025-12-29 23:43:50 INFO  STEP: #5 review_count:5 actual_count: 4
2025-12-29 23:43:50 ERROR STEP FAIL: number of reviews should match review count
2025-12-29 23:43:50 ERROR === FAIL  tests.productCardsTests.RatingMatchesReviewsTests.numberOfReviewsShouldMatch[Exp#1 [f1=1, f2=1, f3=1, f4=1, f5=1, f6=1, f7=1, f8=1]] ===
java.lang.AssertionError: number of reviews should match review count
	at org.junit.Assert.fail(Assert.java:89) ~[junit-4.13.jar:4.13]
	at org.junit.Assert.assertTrue(Assert.java:42) ~[junit-4.13.jar:4.13]
	at tests.BaseTest.checkTrue(BaseTest.java:92) ~[test-classes/:?]
	at tests.productCardsTests.RatingMatchesReviewsTests.numberOfReviewsShouldMatch(RatingMatchesReviewsTests.java:107) ~[test-classes/:?]
	at jdk.internal.reflect.DirectMethodHandleAccessor.invoke(DirectMethodHandleAccessor.java:103) ~[?:?]
	at java.lang.reflect.Method.invoke(Method.java:580) ~[?:?]
	at org.junit.runners.model.FrameworkMethod$1.runReflectiveCall(FrameworkMethod.java:59) ~[junit-4.13.jar:4.13]
	at org.junit.internal.runners.model.ReflectiveCallable.run(ReflectiveCallable.java:12) ~[junit-4.13.jar:4.13]
	at org.junit.runners.model.FrameworkMethod.invokeExplosively(FrameworkMethod.java:56) ~[junit-4.13.jar:4.13]
	at org.junit.internal.runners.statements.InvokeMethod.evaluate(InvokeMethod.java:17) ~[junit-4.13.jar:4.13]
	at org.junit.internal.runners.statements.RunBefores.evaluate(RunBefores.java:26) ~[junit-4.13.jar:4.13]
	at org.junit.internal.runners.statements.RunAfters.evaluate(RunAfters.java:27) ~[junit-4.13.jar:4.13]
	at org.junit.rules.TestWatcher$1.evaluate(TestWatcher.java:61) [junit-4.13.jar:4.13]
	at org.junit.runners.ParentRunner$3.evaluate(ParentRunner.java:306) [junit-4.13.jar:4.13]
	at org.junit.runners.BlockJUnit4ClassRunner$1.evaluate(BlockJUnit4ClassRunner.java:100) [junit-4.13.jar:4.13]
	at org.junit.runners.ParentRunner.runLeaf(ParentRunner.java:366) [junit-4.13.jar:4.13]
	at org.junit.runners.BlockJUnit4ClassRunner.runChild(BlockJUnit4ClassRunner.java:103) [junit-4.13.jar:4.13]
	at org.junit.runners.BlockJUnit4ClassRunner.runChild(BlockJUnit4ClassRunner.java:63) [junit-4.13.jar:4.13]
	at org.junit.runners.ParentRunner$4.run(ParentRunner.java:331) [junit-4.13.jar:4.13]
	at org.junit.runners.ParentRunner$1.schedule(ParentRunner.java:79) [junit-4.13.jar:4.13]
	at org.junit.runners.ParentRunner.runChildren(ParentRunner.java:329) [junit-4.13.jar:4.13]
	at org.junit.runners.ParentRunner.access$100(ParentRunner.java:66) [junit-4.13.jar:4.13]
	at org.junit.runners.ParentRunner$2.evaluate(ParentRunner.java:293) [junit-4.13.jar:4.13]
	at org.junit.runners.ParentRunner.run(ParentRunner.java:413) [junit-4.13.jar:4.13]
	at org.junit.runners.Suite.runChild(Suite.java:128) [junit-4.13.jar:4.13]
	at org.junit.runners.Suite.runChild(Suite.java:27) [junit-4.13.jar:4.13]
	at org.junit.runners.ParentRunner$4.run(ParentRunner.java:331) [junit-4.13.jar:4.13]
	at org.junit.runners.ParentRunner$1.schedule(ParentRunner.java:79) [junit-4.13.jar:4.13]
	at org.junit.runners.ParentRunner.runChildren(ParentRunner.java:329) [junit-4.13.jar:4.13]
	at org.junit.runners.ParentRunner.access$100(ParentRunner.java:66) [junit-4.13.jar:4.13]
	at org.junit.runners.ParentRunner$2.evaluate(ParentRunner.java:293) [junit-4.13.jar:4.13]
	at org.junit.internal.runners.statements.RunAfters.evaluate(RunAfters.java:27) [junit-4.13.jar:4.13]
	at org.junit.runners.ParentRunner$3.evaluate(ParentRunner.java:306) [junit-4.13.jar:4.13]
	at org.junit.runners.ParentRunner.run(ParentRunner.java:413) [junit-4.13.jar:4.13]
	at org.eclipse.jdt.internal.junit4.runner.JUnit4TestReference.run(JUnit4TestReference.java:93) [.cp/:?]
	at org.eclipse.jdt.internal.junit.runner.TestExecution.run(TestExecution.java:40) [.cp/:?]
	at org.eclipse.jdt.internal.junit.runner.RemoteTestRunner.runTests(RemoteTestRunner.java:530) [.cp/:?]
	at org.eclipse.jdt.internal.junit.runner.RemoteTestRunner.runTests(RemoteTestRunner.java:758) [.cp/:?]
	at org.eclipse.jdt.internal.junit.runner.RemoteTestRunner.run(RemoteTestRunner.java:453) [.cp/:?]
	at org.eclipse.jdt.internal.junit.runner.RemoteTestRunner.main(RemoteTestRunner.java:211) [.cp/:?]
2025-12-29 23:43:50 INFO  === END   tests.productCardsTests.RatingMatchesReviewsTests.numberOfReviewsShouldMatch[Exp#1 [f1=1, f2=1, f3=1, f4=1, f5=1, f6=1, f7=1, f8=1]] ===
2025-12-29 23:43:50 INFO  === START tests.productCardsTests.RatingMatchesReviewsTests.reviewsShouldMatchRating[Exp#2 [f1=1, f2=1, f3=2, f4=2, f5=2, f6=2, f7=2, f8=2]] ===
2025-12-29 23:43:50 INFO  STEP: 📝 New input: Filling form fields.
2025-12-29 23:43:57 INFO  STEP: === CARD 1 ===
2025-12-29 23:43:58 INFO  STEP: Toggle Reviews
2025-12-29 23:43:58 INFO  STEP: Is reviwes window open?: true
2025-12-29 23:43:59 INFO  STEP: Number of reviews: 4
2025-12-29 23:43:59 INFO  STEP: stars:5
2025-12-29 23:43:59 INFO  STEP: stars:3
2025-12-29 23:43:59 INFO  STEP: stars:5
2025-12-29 23:44:00 INFO  STEP: stars:1
2025-12-29 23:44:00 INFO  STEP: sum of stars:14
2025-12-29 23:44:00 INFO  STEP: #1 Product rating: 4.5 ||| Actual rating:3.0
2025-12-29 23:44:00 INFO  STEP: === CARD 2 ===
2025-12-29 23:44:00 INFO  STEP: Toggle Reviews
2025-12-29 23:44:00 INFO  STEP: Is reviwes window open?: true
2025-12-29 23:44:01 INFO  STEP: Number of reviews: 4
2025-12-29 23:44:01 INFO  STEP: stars:5
2025-12-29 23:44:01 INFO  STEP: stars:5
2025-12-29 23:44:01 INFO  STEP: stars:5
2025-12-29 23:44:02 INFO  STEP: stars:4
2025-12-29 23:44:02 INFO  STEP: sum of stars:19
2025-12-29 23:44:02 INFO  STEP: #2 Product rating: 3.3 ||| Actual rating:4.0
2025-12-29 23:44:02 INFO  STEP: === CARD 3 ===
2025-12-29 23:44:02 INFO  STEP: Toggle Reviews
2025-12-29 23:44:02 INFO  STEP: Is reviwes window open?: true
2025-12-29 23:44:03 INFO  STEP: Number of reviews: 4
2025-12-29 23:44:03 INFO  STEP: stars:5
2025-12-29 23:44:03 INFO  STEP: stars:3
2025-12-29 23:44:03 INFO  STEP: stars:1
2025-12-29 23:44:04 INFO  STEP: stars:5
2025-12-29 23:44:04 INFO  STEP: sum of stars:14
2025-12-29 23:44:04 INFO  STEP: #3 Product rating: 3.9 ||| Actual rating:3.0
2025-12-29 23:44:04 INFO  STEP: === CARD 4 ===
2025-12-29 23:44:04 INFO  STEP: Toggle Reviews
2025-12-29 23:44:04 INFO  STEP: Is reviwes window open?: true
2025-12-29 23:44:05 INFO  STEP: Number of reviews: 4
2025-12-29 23:44:05 INFO  STEP: stars:5
2025-12-29 23:44:05 INFO  STEP: stars:4
2025-12-29 23:44:05 INFO  STEP: stars:4
2025-12-29 23:44:06 INFO  STEP: stars:5
2025-12-29 23:44:06 INFO  STEP: sum of stars:18
2025-12-29 23:44:06 INFO  STEP: #4 Product rating: 4.0 ||| Actual rating:4.0
2025-12-29 23:44:06 INFO  STEP: === CARD 5 ===
2025-12-29 23:44:06 INFO  STEP: Toggle Reviews
2025-12-29 23:44:06 INFO  STEP: Is reviwes window open?: true
2025-12-29 23:44:07 INFO  STEP: Number of reviews: 4
2025-12-29 23:44:07 INFO  STEP: stars:5
2025-12-29 23:44:07 INFO  STEP: stars:5
2025-12-29 23:44:07 INFO  STEP: stars:5
2025-12-29 23:44:08 INFO  STEP: stars:5
2025-12-29 23:44:08 INFO  STEP: sum of stars:20
2025-12-29 23:44:08 INFO  STEP: #5 Product rating: 4.6 ||| Actual rating:5.0
2025-12-29 23:44:08 ERROR STEP FAIL: All reviews ratings should match the product rating
2025-12-29 23:44:08 ERROR === FAIL  tests.productCardsTests.RatingMatchesReviewsTests.reviewsShouldMatchRating[Exp#2 [f1=1, f2=1, f3=2, f4=2, f5=2, f6=2, f7=2, f8=2]] ===
java.lang.AssertionError: All reviews ratings should match the product rating
	at org.junit.Assert.fail(Assert.java:89) ~[junit-4.13.jar:4.13]
	at org.junit.Assert.assertTrue(Assert.java:42) ~[junit-4.13.jar:4.13]
	at tests.BaseTest.checkTrue(BaseTest.java:92) ~[test-classes/:?]
	at tests.productCardsTests.RatingMatchesReviewsTests.reviewsShouldMatchRating(RatingMatchesReviewsTests.java:80) ~[test-classes/:?]
	at jdk.internal.reflect.DirectMethodHandleAccessor.invoke(DirectMethodHandleAccessor.java:103) ~[?:?]
	at java.lang.reflect.Method.invoke(Method.java:580) ~[?:?]
	at org.junit.runners.model.FrameworkMethod$1.runReflectiveCall(FrameworkMethod.java:59) ~[junit-4.13.jar:4.13]
	at org.junit.internal.runners.model.ReflectiveCallable.run(ReflectiveCallable.java:12) ~[junit-4.13.jar:4.13]
	at org.junit.runners.model.FrameworkMethod.invokeExplosively(FrameworkMethod.java:56) ~[junit-4.13.jar:4.13]
	at org.junit.internal.runners.statements.InvokeMethod.evaluate(InvokeMethod.java:17) ~[junit-4.13.jar:4.13]
	at org.junit.internal.runners.statements.RunBefores.evaluate(RunBefores.java:26) ~[junit-4.13.jar:4.13]
	at org.junit.internal.runners.statements.RunAfters.evaluate(RunAfters.java:27) ~[junit-4.13.jar:4.13]
	at org.junit.rules.TestWatcher$1.evaluate(TestWatcher.java:61) [junit-4.13.jar:4.13]
	at org.junit.runners.ParentRunner$3.evaluate(ParentRunner.java:306) [junit-4.13.jar:4.13]
	at org.junit.runners.BlockJUnit4ClassRunner$1.evaluate(BlockJUnit4ClassRunner.java:100) [junit-4.13.jar:4.13]
	at org.junit.runners.ParentRunner.runLeaf(ParentRunner.java:366) [junit-4.13.jar:4.13]
	at org.junit.runners.BlockJUnit4ClassRunner.runChild(BlockJUnit4ClassRunner.java:103) [junit-4.13.jar:4.13]
	at org.junit.runners.BlockJUnit4ClassRunner.runChild(BlockJUnit4ClassRunner.java:63) [junit-4.13.jar:4.13]
	at org.junit.runners.ParentRunner$4.run(ParentRunner.java:331) [junit-4.13.jar:4.13]
	at org.junit.runners.ParentRunner$1.schedule(ParentRunner.java:79) [junit-4.13.jar:4.13]
	at org.junit.runners.ParentRunner.runChildren(ParentRunner.java:329) [junit-4.13.jar:4.13]
	at org.junit.runners.ParentRunner.access$100(ParentRunner.java:66) [junit-4.13.jar:4.13]
	at org.junit.runners.ParentRunner$2.evaluate(ParentRunner.java:293) [junit-4.13.jar:4.13]
	at org.junit.runners.ParentRunner.run(ParentRunner.java:413) [junit-4.13.jar:4.13]
	at org.junit.runners.Suite.runChild(Suite.java:128) [junit-4.13.jar:4.13]
	at org.junit.runners.Suite.runChild(Suite.java:27) [junit-4.13.jar:4.13]
	at org.junit.runners.ParentRunner$4.run(ParentRunner.java:331) [junit-4.13.jar:4.13]
	at org.junit.runners.ParentRunner$1.schedule(ParentRunner.java:79) [junit-4.13.jar:4.13]
	at org.junit.runners.ParentRunner.runChildren(ParentRunner.java:329) [junit-4.13.jar:4.13]
	at org.junit.runners.ParentRunner.access$100(ParentRunner.java:66) [junit-4.13.jar:4.13]
	at org.junit.runners.ParentRunner$2.evaluate(ParentRunner.java:293) [junit-4.13.jar:4.13]
	at org.junit.internal.runners.statements.RunAfters.evaluate(RunAfters.java:27) [junit-4.13.jar:4.13]
	at org.junit.runners.ParentRunner$3.evaluate(ParentRunner.java:306) [junit-4.13.jar:4.13]
	at org.junit.runners.ParentRunner.run(ParentRunner.java:413) [junit-4.13.jar:4.13]
	at org.eclipse.jdt.internal.junit4.runner.JUnit4TestReference.run(JUnit4TestReference.java:93) [.cp/:?]
	at org.eclipse.jdt.internal.junit.runner.TestExecution.run(TestExecution.java:40) [.cp/:?]
	at org.eclipse.jdt.internal.junit.runner.RemoteTestRunner.runTests(RemoteTestRunner.java:530) [.cp/:?]
	at org.eclipse.jdt.internal.junit.runner.RemoteTestRunner.runTests(RemoteTestRunner.java:758) [.cp/:?]
	at org.eclipse.jdt.internal.junit.runner.RemoteTestRunner.run(RemoteTestRunner.java:453) [.cp/:?]
	at org.eclipse.jdt.internal.junit.runner.RemoteTestRunner.main(RemoteTestRunner.java:211) [.cp/:?]
2025-12-29 23:44:08 INFO  === END   tests.productCardsTests.RatingMatchesReviewsTests.reviewsShouldMatchRating[Exp#2 [f1=1, f2=1, f3=2, f4=2, f5=2, f6=2, f7=2, f8=2]] ===
2025-12-29 23:44:08 INFO  === START tests.productCardsTests.RatingMatchesReviewsTests.numberOfReviewsShouldMatch[Exp#2 [f1=1, f2=1, f3=2, f4=2, f5=2, f6=2, f7=2, f8=2]] ===
2025-12-29 23:44:08 INFO  STEP: ♻️ Using existing results for same input.
2025-12-29 23:44:08 INFO  STEP: === CARD 1 ===
2025-12-29 23:44:08 INFO  STEP: Toggle Reviews
2025-12-29 23:44:08 INFO  STEP: Is reviwes window open?: true
2025-12-29 23:44:08 INFO  STEP: #1 review_count:5 actual_count: 4
2025-12-29 23:44:08 INFO  STEP: === CARD 2 ===
2025-12-29 23:44:08 INFO  STEP: Toggle Reviews
2025-12-29 23:44:09 INFO  STEP: Is reviwes window open?: true
2025-12-29 23:44:09 INFO  STEP: #2 review_count:5 actual_count: 4
2025-12-29 23:44:09 INFO  STEP: === CARD 3 ===
2025-12-29 23:44:09 INFO  STEP: Toggle Reviews
2025-12-29 23:44:09 INFO  STEP: Is reviwes window open?: true
2025-12-29 23:44:10 INFO  STEP: #3 review_count:5 actual_count: 4
2025-12-29 23:44:10 INFO  STEP: === CARD 4 ===
2025-12-29 23:44:10 INFO  STEP: Toggle Reviews
2025-12-29 23:44:10 INFO  STEP: Is reviwes window open?: true
2025-12-29 23:44:11 INFO  STEP: #4 review_count:5 actual_count: 4
2025-12-29 23:44:11 INFO  STEP: === CARD 5 ===
2025-12-29 23:44:11 INFO  STEP: Toggle Reviews
2025-12-29 23:44:11 INFO  STEP: Is reviwes window open?: true
2025-12-29 23:44:12 INFO  STEP: #5 review_count:5 actual_count: 4
2025-12-29 23:44:12 ERROR STEP FAIL: number of reviews should match review count
2025-12-29 23:44:12 ERROR === FAIL  tests.productCardsTests.RatingMatchesReviewsTests.numberOfReviewsShouldMatch[Exp#2 [f1=1, f2=1, f3=2, f4=2, f5=2, f6=2, f7=2, f8=2]] ===
java.lang.AssertionError: number of reviews should match review count
	at org.junit.Assert.fail(Assert.java:89) ~[junit-4.13.jar:4.13]
	at org.junit.Assert.assertTrue(Assert.java:42) ~[junit-4.13.jar:4.13]
	at tests.BaseTest.checkTrue(BaseTest.java:92) ~[test-classes/:?]
	at tests.productCardsTests.RatingMatchesReviewsTests.numberOfReviewsShouldMatch(RatingMatchesReviewsTests.java:107) ~[test-classes/:?]
	at jdk.internal.reflect.DirectMethodHandleAccessor.invoke(DirectMethodHandleAccessor.java:103) ~[?:?]
	at java.lang.reflect.Method.invoke(Method.java:580) ~[?:?]
	at org.junit.runners.model.FrameworkMethod$1.runReflectiveCall(FrameworkMethod.java:59) ~[junit-4.13.jar:4.13]
	at org.junit.internal.runners.model.ReflectiveCallable.run(ReflectiveCallable.java:12) ~[junit-4.13.jar:4.13]
	at org.junit.runners.model.FrameworkMethod.invokeExplosively(FrameworkMethod.java:56) ~[junit-4.13.jar:4.13]
	at org.junit.internal.runners.statements.InvokeMethod.evaluate(InvokeMethod.java:17) ~[junit-4.13.jar:4.13]
	at org.junit.internal.runners.statements.RunBefores.evaluate(RunBefores.java:26) ~[junit-4.13.jar:4.13]
	at org.junit.internal.runners.statements.RunAfters.evaluate(RunAfters.java:27) ~[junit-4.13.jar:4.13]
	at org.junit.rules.TestWatcher$1.evaluate(TestWatcher.java:61) [junit-4.13.jar:4.13]
	at org.junit.runners.ParentRunner$3.evaluate(ParentRunner.java:306) [junit-4.13.jar:4.13]
	at org.junit.runners.BlockJUnit4ClassRunner$1.evaluate(BlockJUnit4ClassRunner.java:100) [junit-4.13.jar:4.13]
	at org.junit.runners.ParentRunner.runLeaf(ParentRunner.java:366) [junit-4.13.jar:4.13]
	at org.junit.runners.BlockJUnit4ClassRunner.runChild(BlockJUnit4ClassRunner.java:103) [junit-4.13.jar:4.13]
	at org.junit.runners.BlockJUnit4ClassRunner.runChild(BlockJUnit4ClassRunner.java:63) [junit-4.13.jar:4.13]
	at org.junit.runners.ParentRunner$4.run(ParentRunner.java:331) [junit-4.13.jar:4.13]
	at org.junit.runners.ParentRunner$1.schedule(ParentRunner.java:79) [junit-4.13.jar:4.13]
	at org.junit.runners.ParentRunner.runChildren(ParentRunner.java:329) [junit-4.13.jar:4.13]
	at org.junit.runners.ParentRunner.access$100(ParentRunner.java:66) [junit-4.13.jar:4.13]
	at org.junit.runners.ParentRunner$2.evaluate(ParentRunner.java:293) [junit-4.13.jar:4.13]
	at org.junit.runners.ParentRunner.run(ParentRunner.java:413) [junit-4.13.jar:4.13]
	at org.junit.runners.Suite.runChild(Suite.java:128) [junit-4.13.jar:4.13]
	at org.junit.runners.Suite.runChild(Suite.java:27) [junit-4.13.jar:4.13]
	at org.junit.runners.ParentRunner$4.run(ParentRunner.java:331) [junit-4.13.jar:4.13]
	at org.junit.runners.ParentRunner$1.schedule(ParentRunner.java:79) [junit-4.13.jar:4.13]
	at org.junit.runners.ParentRunner.runChildren(ParentRunner.java:329) [junit-4.13.jar:4.13]
	at org.junit.runners.ParentRunner.access$100(ParentRunner.java:66) [junit-4.13.jar:4.13]
	at org.junit.runners.ParentRunner$2.evaluate(ParentRunner.java:293) [junit-4.13.jar:4.13]
	at org.junit.internal.runners.statements.RunAfters.evaluate(RunAfters.java:27) [junit-4.13.jar:4.13]
	at org.junit.runners.ParentRunner$3.evaluate(ParentRunner.java:306) [junit-4.13.jar:4.13]
	at org.junit.runners.ParentRunner.run(ParentRunner.java:413) [junit-4.13.jar:4.13]
	at org.eclipse.jdt.internal.junit4.runner.JUnit4TestReference.run(JUnit4TestReference.java:93) [.cp/:?]
	at org.eclipse.jdt.internal.junit.runner.TestExecution.run(TestExecution.java:40) [.cp/:?]
	at org.eclipse.jdt.internal.junit.runner.RemoteTestRunner.runTests(RemoteTestRunner.java:530) [.cp/:?]
	at org.eclipse.jdt.internal.junit.runner.RemoteTestRunner.runTests(RemoteTestRunner.java:758) [.cp/:?]
	at org.eclipse.jdt.internal.junit.runner.RemoteTestRunner.run(RemoteTestRunner.java:453) [.cp/:?]
	at org.eclipse.jdt.internal.junit.runner.RemoteTestRunner.main(RemoteTestRunner.java:211) [.cp/:?]
2025-12-29 23:44:12 INFO  === END   tests.productCardsTests.RatingMatchesReviewsTests.numberOfReviewsShouldMatch[Exp#2 [f1=1, f2=1, f3=2, f4=2, f5=2, f6=2, f7=2, f8=2]] ===
2025-12-29 23:44:12 INFO  === START tests.productCardsTests.RatingMatchesReviewsTests.reviewsShouldMatchRating[Exp#3 [f1=1, f2=1, f3=3, f4=3, f5=3, f6=3, f7=3, f8=3]] ===
2025-12-29 23:44:12 INFO  STEP: 📝 New input: Filling form fields.
2025-12-29 23:44:28 ERROR === FAIL  tests.productCardsTests.RatingMatchesReviewsTests.reviewsShouldMatchRating[Exp#3 [f1=1, f2=1, f3=3, f4=3, f5=3, f6=3, f7=3, f8=3]] ===
org.openqa.selenium.TimeoutException: Expected condition failed: waiting for element to be clickable: By.id: dropdown-f1 (tried for 10 second(s) with 500 milliseconds interval)
Build info: version: '4.39.0', revision: '126f156aee'
System info: os.name: 'Windows 11', os.arch: 'amd64', os.version: '10.0', java.version: '23.0.1'
Driver info: org.openqa.selenium.chrome.ChromeDriver
Capabilities {acceptInsecureCerts: false, browserName: chrome, browserVersion: 143.0.7499.170, chrome: {chromedriverVersion: 143.0.7499.169 (164b20aab62..., userDataDir: C:\Users\igor1\AppData\Loca...}, fedcm:accounts: true, goog:chromeOptions: {debuggerAddress: localhost:64185}, goog:processID: 11960, networkConnectionEnabled: false, pageLoadStrategy: normal, platformName: windows, proxy: Proxy(), se:cdp: ws://localhost:64185/devtoo..., se:cdpVersion: 143.0.7499.170, setWindowRect: true, strictFileInteractability: false, timeouts: {implicit: 0, pageLoad: 300000, script: 30000}, unhandledPromptBehavior: dismiss and notify, webauthn:extension:credBlob: true, webauthn:extension:largeBlob: true, webauthn:extension:minPinLength: true, webauthn:extension:prf: true, webauthn:virtualAuthenticators: true}
Session ID: f4b54f33c8196fb3b539cf5766e0a278
	at org.openqa.selenium.support.ui.WebDriverWait.timeoutException(WebDriverWait.java:84) ~[selenium-support-4.39.0.jar:?]
	at org.openqa.selenium.support.ui.FluentWait.until(FluentWait.java:228) ~[selenium-support-4.39.0.jar:?]
	at pages.GiftFormPage.selectLevel(GiftFormPage.java:53) ~[test-classes/:?]
	at pages.GiftFormPage.fillAll(GiftFormPage.java:65) ~[test-classes/:?]
	at tests.BaseTest.goToResults(BaseTest.java:77) ~[test-classes/:?]
	at tests.productCardsTests.RatingMatchesReviewsTests.getOrNavigate(RatingMatchesReviewsTests.java:38) ~[test-classes/:?]
	at tests.productCardsTests.RatingMatchesReviewsTests.reviewsShouldMatchRating(RatingMatchesReviewsTests.java:46) ~[test-classes/:?]
	at jdk.internal.reflect.DirectMethodHandleAccessor.invoke(DirectMethodHandleAccessor.java:103) ~[?:?]
	at java.lang.reflect.Method.invoke(Method.java:580) ~[?:?]
	at org.junit.runners.model.FrameworkMethod$1.runReflectiveCall(FrameworkMethod.java:59) ~[junit-4.13.jar:4.13]
	at org.junit.internal.runners.model.ReflectiveCallable.run(ReflectiveCallable.java:12) ~[junit-4.13.jar:4.13]
	at org.junit.runners.model.FrameworkMethod.invokeExplosively(FrameworkMethod.java:56) ~[junit-4.13.jar:4.13]
	at org.junit.internal.runners.statements.InvokeMethod.evaluate(InvokeMethod.java:17) ~[junit-4.13.jar:4.13]
	at org.junit.internal.runners.statements.RunBefores.evaluate(RunBefores.java:26) ~[junit-4.13.jar:4.13]
	at org.junit.internal.runners.statements.RunAfters.evaluate(RunAfters.java:27) ~[junit-4.13.jar:4.13]
	at org.junit.rules.TestWatcher$1.evaluate(TestWatcher.java:61) [junit-4.13.jar:4.13]
	at org.junit.runners.ParentRunner$3.evaluate(ParentRunner.java:306) [junit-4.13.jar:4.13]
	at org.junit.runners.BlockJUnit4ClassRunner$1.evaluate(BlockJUnit4ClassRunner.java:100) [junit-4.13.jar:4.13]
	at org.junit.runners.ParentRunner.runLeaf(ParentRunner.java:366) [junit-4.13.jar:4.13]
	at org.junit.runners.BlockJUnit4ClassRunner.runChild(BlockJUnit4ClassRunner.java:103) [junit-4.13.jar:4.13]
	at org.junit.runners.BlockJUnit4ClassRunner.runChild(BlockJUnit4ClassRunner.java:63) [junit-4.13.jar:4.13]
	at org.junit.runners.ParentRunner$4.run(ParentRunner.java:331) [junit-4.13.jar:4.13]
	at org.junit.runners.ParentRunner$1.schedule(ParentRunner.java:79) [junit-4.13.jar:4.13]
	at org.junit.runners.ParentRunner.runChildren(ParentRunner.java:329) [junit-4.13.jar:4.13]
	at org.junit.runners.ParentRunner.access$100(ParentRunner.java:66) [junit-4.13.jar:4.13]
	at org.junit.runners.ParentRunner$2.evaluate(ParentRunner.java:293) [junit-4.13.jar:4.13]
	at org.junit.runners.ParentRunner.run(ParentRunner.java:413) [junit-4.13.jar:4.13]
	at org.junit.runners.Suite.runChild(Suite.java:128) [junit-4.13.jar:4.13]
	at org.junit.runners.Suite.runChild(Suite.java:27) [junit-4.13.jar:4.13]
	at org.junit.runners.ParentRunner$4.run(ParentRunner.java:331) [junit-4.13.jar:4.13]
	at org.junit.runners.ParentRunner$1.schedule(ParentRunner.java:79) [junit-4.13.jar:4.13]
	at org.junit.runners.ParentRunner.runChildren(ParentRunner.java:329) [junit-4.13.jar:4.13]
	at org.junit.runners.ParentRunner.access$100(ParentRunner.java:66) [junit-4.13.jar:4.13]
	at org.junit.runners.ParentRunner$2.evaluate(ParentRunner.java:293) [junit-4.13.jar:4.13]
	at org.junit.internal.runners.statements.RunAfters.evaluate(RunAfters.java:27) [junit-4.13.jar:4.13]
	at org.junit.runners.ParentRunner$3.evaluate(ParentRunner.java:306) [junit-4.13.jar:4.13]
	at org.junit.runners.ParentRunner.run(ParentRunner.java:413) [junit-4.13.jar:4.13]
	at org.eclipse.jdt.internal.junit4.runner.JUnit4TestReference.run(JUnit4TestReference.java:93) [.cp/:?]
	at org.eclipse.jdt.internal.junit.runner.TestExecution.run(TestExecution.java:40) [.cp/:?]
	at org.eclipse.jdt.internal.junit.runner.RemoteTestRunner.runTests(RemoteTestRunner.java:530) [.cp/:?]
	at org.eclipse.jdt.internal.junit.runner.RemoteTestRunner.runTests(RemoteTestRunner.java:758) [.cp/:?]
	at org.eclipse.jdt.internal.junit.runner.RemoteTestRunner.run(RemoteTestRunner.java:453) [.cp/:?]
	at org.eclipse.jdt.internal.junit.runner.RemoteTestRunner.main(RemoteTestRunner.java:211) [.cp/:?]
2025-12-29 23:44:28 INFO  === END   tests.productCardsTests.RatingMatchesReviewsTests.reviewsShouldMatchRating[Exp#3 [f1=1, f2=1, f3=3, f4=3, f5=3, f6=3, f7=3, f8=3]] ===
2025-12-29 23:44:28 INFO  === START tests.productCardsTests.RatingMatchesReviewsTests.numberOfReviewsShouldMatch[Exp#3 [f1=1, f2=1, f3=3, f4=3, f5=3, f6=3, f7=3, f8=3]] ===
2025-12-29 23:44:28 INFO  STEP: 📝 New input: Filling form fields.
2025-12-29 23:44:41 INFO  STEP: === CARD 1 ===
2025-12-29 23:44:41 INFO  STEP: Toggle Reviews
2025-12-29 23:44:41 INFO  STEP: Is reviwes window open?: true
2025-12-29 23:44:42 INFO  STEP: #1 review_count:5 actual_count: 4
2025-12-29 23:44:42 INFO  STEP: === CARD 2 ===
2025-12-29 23:44:42 INFO  STEP: Toggle Reviews
2025-12-29 23:44:42 INFO  STEP: Is reviwes window open?: true
2025-12-29 23:44:43 INFO  STEP: #2 review_count:5 actual_count: 4
2025-12-29 23:44:43 INFO  STEP: === CARD 3 ===
2025-12-29 23:44:43 INFO  STEP: Toggle Reviews
2025-12-29 23:44:43 INFO  STEP: Is reviwes window open?: true
2025-12-29 23:44:44 INFO  STEP: #3 review_count:5 actual_count: 4
2025-12-29 23:44:44 INFO  STEP: === CARD 4 ===
2025-12-29 23:44:44 INFO  STEP: Toggle Reviews
2025-12-29 23:44:45 INFO  STEP: Is reviwes window open?: true
2025-12-29 23:44:45 INFO  STEP: #4 review_count:5 actual_count: 4
2025-12-29 23:44:45 ERROR STEP FAIL: number of reviews should match review count
2025-12-29 23:44:45 ERROR === FAIL  tests.productCardsTests.RatingMatchesReviewsTests.numberOfReviewsShouldMatch[Exp#3 [f1=1, f2=1, f3=3, f4=3, f5=3, f6=3, f7=3, f8=3]] ===
java.lang.AssertionError: number of reviews should match review count
	at org.junit.Assert.fail(Assert.java:89) ~[junit-4.13.jar:4.13]
	at org.junit.Assert.assertTrue(Assert.java:42) ~[junit-4.13.jar:4.13]
	at tests.BaseTest.checkTrue(BaseTest.java:92) ~[test-classes/:?]
	at tests.productCardsTests.RatingMatchesReviewsTests.numberOfReviewsShouldMatch(RatingMatchesReviewsTests.java:107) ~[test-classes/:?]
	at jdk.internal.reflect.DirectMethodHandleAccessor.invoke(DirectMethodHandleAccessor.java:103) ~[?:?]
	at java.lang.reflect.Method.invoke(Method.java:580) ~[?:?]
	at org.junit.runners.model.FrameworkMethod$1.runReflectiveCall(FrameworkMethod.java:59) ~[junit-4.13.jar:4.13]
	at org.junit.internal.runners.model.ReflectiveCallable.run(ReflectiveCallable.java:12) ~[junit-4.13.jar:4.13]
	at org.junit.runners.model.FrameworkMethod.invokeExplosively(FrameworkMethod.java:56) ~[junit-4.13.jar:4.13]
	at org.junit.internal.runners.statements.InvokeMethod.evaluate(InvokeMethod.java:17) ~[junit-4.13.jar:4.13]
	at org.junit.internal.runners.statements.RunBefores.evaluate(RunBefores.java:26) ~[junit-4.13.jar:4.13]
	at org.junit.internal.runners.statements.RunAfters.evaluate(RunAfters.java:27) ~[junit-4.13.jar:4.13]
	at org.junit.rules.TestWatcher$1.evaluate(TestWatcher.java:61) [junit-4.13.jar:4.13]
	at org.junit.runners.ParentRunner$3.evaluate(ParentRunner.java:306) [junit-4.13.jar:4.13]
	at org.junit.runners.BlockJUnit4ClassRunner$1.evaluate(BlockJUnit4ClassRunner.java:100) [junit-4.13.jar:4.13]
	at org.junit.runners.ParentRunner.runLeaf(ParentRunner.java:366) [junit-4.13.jar:4.13]
	at org.junit.runners.BlockJUnit4ClassRunner.runChild(BlockJUnit4ClassRunner.java:103) [junit-4.13.jar:4.13]
	at org.junit.runners.BlockJUnit4ClassRunner.runChild(BlockJUnit4ClassRunner.java:63) [junit-4.13.jar:4.13]
	at org.junit.runners.ParentRunner$4.run(ParentRunner.java:331) [junit-4.13.jar:4.13]
	at org.junit.runners.ParentRunner$1.schedule(ParentRunner.java:79) [junit-4.13.jar:4.13]
	at org.junit.runners.ParentRunner.runChildren(ParentRunner.java:329) [junit-4.13.jar:4.13]
	at org.junit.runners.ParentRunner.access$100(ParentRunner.java:66) [junit-4.13.jar:4.13]
	at org.junit.runners.ParentRunner$2.evaluate(ParentRunner.java:293) [junit-4.13.jar:4.13]
	at org.junit.runners.ParentRunner.run(ParentRunner.java:413) [junit-4.13.jar:4.13]
	at org.junit.runners.Suite.runChild(Suite.java:128) [junit-4.13.jar:4.13]
	at org.junit.runners.Suite.runChild(Suite.java:27) [junit-4.13.jar:4.13]
	at org.junit.runners.ParentRunner$4.run(ParentRunner.java:331) [junit-4.13.jar:4.13]
	at org.junit.runners.ParentRunner$1.schedule(ParentRunner.java:79) [junit-4.13.jar:4.13]
	at org.junit.runners.ParentRunner.runChildren(ParentRunner.java:329) [junit-4.13.jar:4.13]
	at org.junit.runners.ParentRunner.access$100(ParentRunner.java:66) [junit-4.13.jar:4.13]
	at org.junit.runners.ParentRunner$2.evaluate(ParentRunner.java:293) [junit-4.13.jar:4.13]
	at org.junit.internal.runners.statements.RunAfters.evaluate(RunAfters.java:27) [junit-4.13.jar:4.13]
	at org.junit.runners.ParentRunner$3.evaluate(ParentRunner.java:306) [junit-4.13.jar:4.13]
	at org.junit.runners.ParentRunner.run(ParentRunner.java:413) [junit-4.13.jar:4.13]
	at org.eclipse.jdt.internal.junit4.runner.JUnit4TestReference.run(JUnit4TestReference.java:93) [.cp/:?]
	at org.eclipse.jdt.internal.junit.runner.TestExecution.run(TestExecution.java:40) [.cp/:?]
	at org.eclipse.jdt.internal.junit.runner.RemoteTestRunner.runTests(RemoteTestRunner.java:530) [.cp/:?]
	at org.eclipse.jdt.internal.junit.runner.RemoteTestRunner.runTests(RemoteTestRunner.java:758) [.cp/:?]
	at org.eclipse.jdt.internal.junit.runner.RemoteTestRunner.run(RemoteTestRunner.java:453) [.cp/:?]
	at org.eclipse.jdt.internal.junit.runner.RemoteTestRunner.main(RemoteTestRunner.java:211) [.cp/:?]
2025-12-29 23:44:45 INFO  === END   tests.productCardsTests.RatingMatchesReviewsTests.numberOfReviewsShouldMatch[Exp#3 [f1=1, f2=1, f3=3, f4=3, f5=3, f6=3, f7=3, f8=3]] ===
2025-12-29 23:44:45 INFO  === START tests.productCardsTests.RatingMatchesReviewsTests.reviewsShouldMatchRating[Exp#4 [f1=1, f2=2, f3=1, f4=1, f5=2, f6=2, f7=3, f8=3]] ===
2025-12-29 23:44:45 INFO  STEP: 📝 New input: Filling form fields.
2025-12-29 23:44:52 INFO  STEP: === CARD 1 ===
2025-12-29 23:44:52 INFO  STEP: Toggle Reviews
2025-12-29 23:44:52 INFO  STEP: Is reviwes window open?: true
2025-12-29 23:44:53 INFO  STEP: Number of reviews: 4
2025-12-29 23:44:53 INFO  STEP: stars:5
2025-12-29 23:44:54 INFO  STEP: stars:4
2025-12-29 23:44:54 INFO  STEP: stars:5
2025-12-29 23:44:54 INFO  STEP: stars:3
2025-12-29 23:44:54 INFO  STEP: sum of stars:17
2025-12-29 23:44:54 INFO  STEP: #1 Product rating: 3.0 ||| Actual rating:4.0
2025-12-29 23:44:54 INFO  STEP: === CARD 2 ===
2025-12-29 23:44:54 INFO  STEP: Toggle Reviews
2025-12-29 23:44:55 INFO  STEP: Is reviwes window open?: true
2025-12-29 23:44:55 INFO  STEP: Number of reviews: 4
2025-12-29 23:44:55 INFO  STEP: stars:5
2025-12-29 23:44:56 INFO  STEP: stars:4
2025-12-29 23:44:56 INFO  STEP: stars:5
2025-12-29 23:44:56 INFO  STEP: stars:2
2025-12-29 23:44:56 INFO  STEP: sum of stars:16
2025-12-29 23:44:56 INFO  STEP: #2 Product rating: 4.5 ||| Actual rating:4.0
2025-12-29 23:44:56 INFO  STEP: === CARD 3 ===
2025-12-29 23:44:57 INFO  STEP: Toggle Reviews
2025-12-29 23:44:57 INFO  STEP: Is reviwes window open?: true
2025-12-29 23:44:58 INFO  STEP: Number of reviews: 4
2025-12-29 23:44:58 INFO  STEP: stars:5
2025-12-29 23:44:58 INFO  STEP: stars:5
2025-12-29 23:44:58 INFO  STEP: stars:1
2025-12-29 23:44:59 INFO  STEP: stars:5
2025-12-29 23:44:59 INFO  STEP: sum of stars:16
2025-12-29 23:44:59 INFO  STEP: #3 Product rating: 4.7 ||| Actual rating:4.0
2025-12-29 23:44:59 INFO  STEP: === CARD 4 ===
2025-12-29 23:44:59 INFO  STEP: Toggle Reviews
2025-12-29 23:44:59 INFO  STEP: Is reviwes window open?: true
2025-12-29 23:45:00 INFO  STEP: Number of reviews: 4
2025-12-29 23:45:00 INFO  STEP: stars:5
2025-12-29 23:45:00 INFO  STEP: stars:5
2025-12-29 23:45:00 INFO  STEP: stars:3
2025-12-29 23:45:01 INFO  STEP: stars:5
2025-12-29 23:45:01 INFO  STEP: sum of stars:18
2025-12-29 23:45:01 INFO  STEP: #4 Product rating: 3.5 ||| Actual rating:4.0
2025-12-29 23:45:01 INFO  STEP: === CARD 5 ===
2025-12-29 23:45:01 INFO  STEP: Toggle Reviews
2025-12-29 23:45:01 INFO  STEP: Is reviwes window open?: true
2025-12-29 23:45:02 INFO  STEP: Number of reviews: 4
2025-12-29 23:45:02 INFO  STEP: stars:5
2025-12-29 23:45:03 INFO  STEP: stars:1
2025-12-29 23:45:03 INFO  STEP: stars:2
2025-12-29 23:45:03 INFO  STEP: stars:3
2025-12-29 23:45:03 INFO  STEP: sum of stars:11
2025-12-29 23:45:03 INFO  STEP: #5 Product rating: 3.2 ||| Actual rating:2.0
2025-12-29 23:45:03 ERROR STEP FAIL: All reviews ratings should match the product rating
2025-12-29 23:45:03 ERROR === FAIL  tests.productCardsTests.RatingMatchesReviewsTests.reviewsShouldMatchRating[Exp#4 [f1=1, f2=2, f3=1, f4=1, f5=2, f6=2, f7=3, f8=3]] ===
java.lang.AssertionError: All reviews ratings should match the product rating
	at org.junit.Assert.fail(Assert.java:89) ~[junit-4.13.jar:4.13]
	at org.junit.Assert.assertTrue(Assert.java:42) ~[junit-4.13.jar:4.13]
	at tests.BaseTest.checkTrue(BaseTest.java:92) ~[test-classes/:?]
	at tests.productCardsTests.RatingMatchesReviewsTests.reviewsShouldMatchRating(RatingMatchesReviewsTests.java:80) ~[test-classes/:?]
	at jdk.internal.reflect.DirectMethodHandleAccessor.invoke(DirectMethodHandleAccessor.java:103) ~[?:?]
	at java.lang.reflect.Method.invoke(Method.java:580) ~[?:?]
	at org.junit.runners.model.FrameworkMethod$1.runReflectiveCall(FrameworkMethod.java:59) ~[junit-4.13.jar:4.13]
	at org.junit.internal.runners.model.ReflectiveCallable.run(ReflectiveCallable.java:12) ~[junit-4.13.jar:4.13]
	at org.junit.runners.model.FrameworkMethod.invokeExplosively(FrameworkMethod.java:56) ~[junit-4.13.jar:4.13]
	at org.junit.internal.runners.statements.InvokeMethod.evaluate(InvokeMethod.java:17) ~[junit-4.13.jar:4.13]
	at org.junit.internal.runners.statements.RunBefores.evaluate(RunBefores.java:26) ~[junit-4.13.jar:4.13]
	at org.junit.internal.runners.statements.RunAfters.evaluate(RunAfters.java:27) ~[junit-4.13.jar:4.13]
	at org.junit.rules.TestWatcher$1.evaluate(TestWatcher.java:61) [junit-4.13.jar:4.13]
	at org.junit.runners.ParentRunner$3.evaluate(ParentRunner.java:306) [junit-4.13.jar:4.13]
	at org.junit.runners.BlockJUnit4ClassRunner$1.evaluate(BlockJUnit4ClassRunner.java:100) [junit-4.13.jar:4.13]
	at org.junit.runners.ParentRunner.runLeaf(ParentRunner.java:366) [junit-4.13.jar:4.13]
	at org.junit.runners.BlockJUnit4ClassRunner.runChild(BlockJUnit4ClassRunner.java:103) [junit-4.13.jar:4.13]
	at org.junit.runners.BlockJUnit4ClassRunner.runChild(BlockJUnit4ClassRunner.java:63) [junit-4.13.jar:4.13]
	at org.junit.runners.ParentRunner$4.run(ParentRunner.java:331) [junit-4.13.jar:4.13]
	at org.junit.runners.ParentRunner$1.schedule(ParentRunner.java:79) [junit-4.13.jar:4.13]
	at org.junit.runners.ParentRunner.runChildren(ParentRunner.java:329) [junit-4.13.jar:4.13]
	at org.junit.runners.ParentRunner.access$100(ParentRunner.java:66) [junit-4.13.jar:4.13]
	at org.junit.runners.ParentRunner$2.evaluate(ParentRunner.java:293) [junit-4.13.jar:4.13]
	at org.junit.runners.ParentRunner.run(ParentRunner.java:413) [junit-4.13.jar:4.13]
	at org.junit.runners.Suite.runChild(Suite.java:128) [junit-4.13.jar:4.13]
	at org.junit.runners.Suite.runChild(Suite.java:27) [junit-4.13.jar:4.13]
	at org.junit.runners.ParentRunner$4.run(ParentRunner.java:331) [junit-4.13.jar:4.13]
	at org.junit.runners.ParentRunner$1.schedule(ParentRunner.java:79) [junit-4.13.jar:4.13]
	at org.junit.runners.ParentRunner.runChildren(ParentRunner.java:329) [junit-4.13.jar:4.13]
	at org.junit.runners.ParentRunner.access$100(ParentRunner.java:66) [junit-4.13.jar:4.13]
	at org.junit.runners.ParentRunner$2.evaluate(ParentRunner.java:293) [junit-4.13.jar:4.13]
	at org.junit.internal.runners.statements.RunAfters.evaluate(RunAfters.java:27) [junit-4.13.jar:4.13]
	at org.junit.runners.ParentRunner$3.evaluate(ParentRunner.java:306) [junit-4.13.jar:4.13]
	at org.junit.runners.ParentRunner.run(ParentRunner.java:413) [junit-4.13.jar:4.13]
	at org.eclipse.jdt.internal.junit4.runner.JUnit4TestReference.run(JUnit4TestReference.java:93) [.cp/:?]
	at org.eclipse.jdt.internal.junit.runner.TestExecution.run(TestExecution.java:40) [.cp/:?]
	at org.eclipse.jdt.internal.junit.runner.RemoteTestRunner.runTests(RemoteTestRunner.java:530) [.cp/:?]
	at org.eclipse.jdt.internal.junit.runner.RemoteTestRunner.runTests(RemoteTestRunner.java:758) [.cp/:?]
	at org.eclipse.jdt.internal.junit.runner.RemoteTestRunner.run(RemoteTestRunner.java:453) [.cp/:?]
	at org.eclipse.jdt.internal.junit.runner.RemoteTestRunner.main(RemoteTestRunner.java:211) [.cp/:?]
2025-12-29 23:45:03 INFO  === END   tests.productCardsTests.RatingMatchesReviewsTests.reviewsShouldMatchRating[Exp#4 [f1=1, f2=2, f3=1, f4=1, f5=2, f6=2, f7=3, f8=3]] ===
2025-12-29 23:45:03 INFO  === START tests.productCardsTests.RatingMatchesReviewsTests.numberOfReviewsShouldMatch[Exp#4 [f1=1, f2=2, f3=1, f4=1, f5=2, f6=2, f7=3, f8=3]] ===
2025-12-29 23:45:03 INFO  STEP: ♻️ Using existing results for same input.
2025-12-29 23:45:03 INFO  STEP: === CARD 1 ===
2025-12-29 23:45:03 INFO  STEP: Toggle Reviews
2025-12-29 23:45:03 INFO  STEP: Is reviwes window open?: true
2025-12-29 23:45:04 INFO  STEP: #1 review_count:5 actual_count: 4
2025-12-29 23:45:04 INFO  STEP: === CARD 2 ===
2025-12-29 23:45:04 INFO  STEP: Toggle Reviews
2025-12-29 23:45:04 INFO  STEP: Is reviwes window open?: true
2025-12-29 23:45:05 INFO  STEP: #2 review_count:5 actual_count: 4
2025-12-29 23:45:05 INFO  STEP: === CARD 3 ===
2025-12-29 23:45:05 INFO  STEP: Toggle Reviews
2025-12-29 23:45:05 INFO  STEP: Is reviwes window open?: true
2025-12-29 23:45:06 INFO  STEP: #3 review_count:5 actual_count: 4
2025-12-29 23:45:06 INFO  STEP: === CARD 4 ===
2025-12-29 23:45:06 INFO  STEP: Toggle Reviews
2025-12-29 23:45:06 INFO  STEP: Is reviwes window open?: true
2025-12-29 23:45:06 INFO  STEP: #4 review_count:5 actual_count: 4
2025-12-29 23:45:06 INFO  STEP: === CARD 5 ===
2025-12-29 23:45:07 INFO  STEP: Toggle Reviews
2025-12-29 23:45:07 INFO  STEP: Is reviwes window open?: true
2025-12-29 23:45:07 INFO  STEP: #5 review_count:5 actual_count: 4
2025-12-29 23:45:07 ERROR STEP FAIL: number of reviews should match review count
2025-12-29 23:45:07 ERROR === FAIL  tests.productCardsTests.RatingMatchesReviewsTests.numberOfReviewsShouldMatch[Exp#4 [f1=1, f2=2, f3=1, f4=1, f5=2, f6=2, f7=3, f8=3]] ===
java.lang.AssertionError: number of reviews should match review count
	at org.junit.Assert.fail(Assert.java:89) ~[junit-4.13.jar:4.13]
	at org.junit.Assert.assertTrue(Assert.java:42) ~[junit-4.13.jar:4.13]
	at tests.BaseTest.checkTrue(BaseTest.java:92) ~[test-classes/:?]
	at tests.productCardsTests.RatingMatchesReviewsTests.numberOfReviewsShouldMatch(RatingMatchesReviewsTests.java:107) ~[test-classes/:?]
	at jdk.internal.reflect.DirectMethodHandleAccessor.invoke(DirectMethodHandleAccessor.java:103) ~[?:?]
	at java.lang.reflect.Method.invoke(Method.java:580) ~[?:?]
	at org.junit.runners.model.FrameworkMethod$1.runReflectiveCall(FrameworkMethod.java:59) ~[junit-4.13.jar:4.13]
	at org.junit.internal.runners.model.ReflectiveCallable.run(ReflectiveCallable.java:12) ~[junit-4.13.jar:4.13]
	at org.junit.runners.model.FrameworkMethod.invokeExplosively(FrameworkMethod.java:56) ~[junit-4.13.jar:4.13]
	at org.junit.internal.runners.statements.InvokeMethod.evaluate(InvokeMethod.java:17) ~[junit-4.13.jar:4.13]
	at org.junit.internal.runners.statements.RunBefores.evaluate(RunBefores.java:26) ~[junit-4.13.jar:4.13]
	at org.junit.internal.runners.statements.RunAfters.evaluate(RunAfters.java:27) ~[junit-4.13.jar:4.13]
	at org.junit.rules.TestWatcher$1.evaluate(TestWatcher.java:61) [junit-4.13.jar:4.13]
	at org.junit.runners.ParentRunner$3.evaluate(ParentRunner.java:306) [junit-4.13.jar:4.13]
	at org.junit.runners.BlockJUnit4ClassRunner$1.evaluate(BlockJUnit4ClassRunner.java:100) [junit-4.13.jar:4.13]
	at org.junit.runners.ParentRunner.runLeaf(ParentRunner.java:366) [junit-4.13.jar:4.13]
	at org.junit.runners.BlockJUnit4ClassRunner.runChild(BlockJUnit4ClassRunner.java:103) [junit-4.13.jar:4.13]
	at org.junit.runners.BlockJUnit4ClassRunner.runChild(BlockJUnit4ClassRunner.java:63) [junit-4.13.jar:4.13]
	at org.junit.runners.ParentRunner$4.run(ParentRunner.java:331) [junit-4.13.jar:4.13]
	at org.junit.runners.ParentRunner$1.schedule(ParentRunner.java:79) [junit-4.13.jar:4.13]
	at org.junit.runners.ParentRunner.runChildren(ParentRunner.java:329) [junit-4.13.jar:4.13]
	at org.junit.runners.ParentRunner.access$100(ParentRunner.java:66) [junit-4.13.jar:4.13]
	at org.junit.runners.ParentRunner$2.evaluate(ParentRunner.java:293) [junit-4.13.jar:4.13]
	at org.junit.runners.ParentRunner.run(ParentRunner.java:413) [junit-4.13.jar:4.13]
	at org.junit.runners.Suite.runChild(Suite.java:128) [junit-4.13.jar:4.13]
	at org.junit.runners.Suite.runChild(Suite.java:27) [junit-4.13.jar:4.13]
	at org.junit.runners.ParentRunner$4.run(ParentRunner.java:331) [junit-4.13.jar:4.13]
	at org.junit.runners.ParentRunner$1.schedule(ParentRunner.java:79) [junit-4.13.jar:4.13]
	at org.junit.runners.ParentRunner.runChildren(ParentRunner.java:329) [junit-4.13.jar:4.13]
	at org.junit.runners.ParentRunner.access$100(ParentRunner.java:66) [junit-4.13.jar:4.13]
	at org.junit.runners.ParentRunner$2.evaluate(ParentRunner.java:293) [junit-4.13.jar:4.13]
	at org.junit.internal.runners.statements.RunAfters.evaluate(RunAfters.java:27) [junit-4.13.jar:4.13]
	at org.junit.runners.ParentRunner$3.evaluate(ParentRunner.java:306) [junit-4.13.jar:4.13]
	at org.junit.runners.ParentRunner.run(ParentRunner.java:413) [junit-4.13.jar:4.13]
	at org.eclipse.jdt.internal.junit4.runner.JUnit4TestReference.run(JUnit4TestReference.java:93) [.cp/:?]
	at org.eclipse.jdt.internal.junit.runner.TestExecution.run(TestExecution.java:40) [.cp/:?]
	at org.eclipse.jdt.internal.junit.runner.RemoteTestRunner.runTests(RemoteTestRunner.java:530) [.cp/:?]
	at org.eclipse.jdt.internal.junit.runner.RemoteTestRunner.runTests(RemoteTestRunner.java:758) [.cp/:?]
	at org.eclipse.jdt.internal.junit.runner.RemoteTestRunner.run(RemoteTestRunner.java:453) [.cp/:?]
	at org.eclipse.jdt.internal.junit.runner.RemoteTestRunner.main(RemoteTestRunner.java:211) [.cp/:?]
2025-12-29 23:45:07 INFO  === END   tests.productCardsTests.RatingMatchesReviewsTests.numberOfReviewsShouldMatch[Exp#4 [f1=1, f2=2, f3=1, f4=1, f5=2, f6=2, f7=3, f8=3]] ===
2025-12-29 23:45:07 INFO  === START tests.productCardsTests.RatingMatchesReviewsTests.reviewsShouldMatchRating[Exp#5 [f1=1, f2=2, f3=2, f4=2, f5=3, f6=3, f7=1, f8=1]] ===
2025-12-29 23:45:07 INFO  STEP: 📝 New input: Filling form fields.
2025-12-29 23:45:14 INFO  STEP: === CARD 1 ===
2025-12-29 23:45:14 INFO  STEP: Toggle Reviews
2025-12-29 23:45:15 INFO  STEP: Is reviwes window open?: true
2025-12-29 23:45:16 INFO  STEP: Number of reviews: 4
2025-12-29 23:45:16 INFO  STEP: stars:5
2025-12-29 23:45:16 INFO  STEP: stars:3
2025-12-29 23:45:16 INFO  STEP: stars:5
2025-12-29 23:45:16 INFO  STEP: stars:1
2025-12-29 23:45:16 INFO  STEP: sum of stars:14
2025-12-29 23:45:16 INFO  STEP: #1 Product rating: 4.5 ||| Actual rating:3.0
2025-12-29 23:45:16 INFO  STEP: === CARD 2 ===
2025-12-29 23:45:17 INFO  STEP: Toggle Reviews
2025-12-29 23:45:17 INFO  STEP: Is reviwes window open?: true
2025-12-29 23:45:18 INFO  STEP: Number of reviews: 4
2025-12-29 23:45:18 INFO  STEP: stars:5
2025-12-29 23:45:18 INFO  STEP: stars:5
2025-12-29 23:45:18 INFO  STEP: stars:5
2025-12-29 23:45:18 INFO  STEP: stars:4
2025-12-29 23:45:18 INFO  STEP: sum of stars:19
2025-12-29 23:45:18 INFO  STEP: #2 Product rating: 3.3 ||| Actual rating:4.0
2025-12-29 23:45:18 INFO  STEP: === CARD 3 ===
2025-12-29 23:45:19 INFO  STEP: Toggle Reviews
2025-12-29 23:45:19 INFO  STEP: Is reviwes window open?: true
2025-12-29 23:45:20 INFO  STEP: Number of reviews: 4
2025-12-29 23:45:20 INFO  STEP: stars:5
2025-12-29 23:45:20 INFO  STEP: stars:3
2025-12-29 23:45:20 INFO  STEP: stars:1
2025-12-29 23:45:21 INFO  STEP: stars:5
2025-12-29 23:45:21 INFO  STEP: sum of stars:14
2025-12-29 23:45:21 INFO  STEP: #3 Product rating: 3.9 ||| Actual rating:3.0
2025-12-29 23:45:21 INFO  STEP: === CARD 4 ===
2025-12-29 23:45:21 INFO  STEP: Toggle Reviews
2025-12-29 23:45:21 INFO  STEP: Is reviwes window open?: true
2025-12-29 23:45:22 INFO  STEP: Number of reviews: 4
2025-12-29 23:45:22 INFO  STEP: stars:5
2025-12-29 23:45:22 INFO  STEP: stars:4
2025-12-29 23:45:23 INFO  STEP: stars:4
2025-12-29 23:45:23 INFO  STEP: stars:5
2025-12-29 23:45:23 INFO  STEP: sum of stars:18
2025-12-29 23:45:23 INFO  STEP: #4 Product rating: 4.0 ||| Actual rating:4.0
2025-12-29 23:45:23 INFO  STEP: === CARD 5 ===
2025-12-29 23:45:23 INFO  STEP: Toggle Reviews
2025-12-29 23:45:23 INFO  STEP: Is reviwes window open?: true
2025-12-29 23:45:24 INFO  STEP: Number of reviews: 4
2025-12-29 23:45:24 INFO  STEP: stars:5
2025-12-29 23:45:24 INFO  STEP: stars:5
2025-12-29 23:45:25 INFO  STEP: stars:5
2025-12-29 23:45:25 INFO  STEP: stars:5
2025-12-29 23:45:25 INFO  STEP: sum of stars:20
2025-12-29 23:45:25 INFO  STEP: #5 Product rating: 4.6 ||| Actual rating:5.0
2025-12-29 23:45:25 ERROR STEP FAIL: All reviews ratings should match the product rating
2025-12-29 23:45:25 ERROR === FAIL  tests.productCardsTests.RatingMatchesReviewsTests.reviewsShouldMatchRating[Exp#5 [f1=1, f2=2, f3=2, f4=2, f5=3, f6=3, f7=1, f8=1]] ===
java.lang.AssertionError: All reviews ratings should match the product rating
	at org.junit.Assert.fail(Assert.java:89) ~[junit-4.13.jar:4.13]
	at org.junit.Assert.assertTrue(Assert.java:42) ~[junit-4.13.jar:4.13]
	at tests.BaseTest.checkTrue(BaseTest.java:92) ~[test-classes/:?]
	at tests.productCardsTests.RatingMatchesReviewsTests.reviewsShouldMatchRating(RatingMatchesReviewsTests.java:80) ~[test-classes/:?]
	at jdk.internal.reflect.DirectMethodHandleAccessor.invoke(DirectMethodHandleAccessor.java:103) ~[?:?]
	at java.lang.reflect.Method.invoke(Method.java:580) ~[?:?]
	at org.junit.runners.model.FrameworkMethod$1.runReflectiveCall(FrameworkMethod.java:59) ~[junit-4.13.jar:4.13]
	at org.junit.internal.runners.model.ReflectiveCallable.run(ReflectiveCallable.java:12) ~[junit-4.13.jar:4.13]
	at org.junit.runners.model.FrameworkMethod.invokeExplosively(FrameworkMethod.java:56) ~[junit-4.13.jar:4.13]
	at org.junit.internal.runners.statements.InvokeMethod.evaluate(InvokeMethod.java:17) ~[junit-4.13.jar:4.13]
	at org.junit.internal.runners.statements.RunBefores.evaluate(RunBefores.java:26) ~[junit-4.13.jar:4.13]
	at org.junit.internal.runners.statements.RunAfters.evaluate(RunAfters.java:27) ~[junit-4.13.jar:4.13]
	at org.junit.rules.TestWatcher$1.evaluate(TestWatcher.java:61) [junit-4.13.jar:4.13]
	at org.junit.runners.ParentRunner$3.evaluate(ParentRunner.java:306) [junit-4.13.jar:4.13]
	at org.junit.runners.BlockJUnit4ClassRunner$1.evaluate(BlockJUnit4ClassRunner.java:100) [junit-4.13.jar:4.13]
	at org.junit.runners.ParentRunner.runLeaf(ParentRunner.java:366) [junit-4.13.jar:4.13]
	at org.junit.runners.BlockJUnit4ClassRunner.runChild(BlockJUnit4ClassRunner.java:103) [junit-4.13.jar:4.13]
	at org.junit.runners.BlockJUnit4ClassRunner.runChild(BlockJUnit4ClassRunner.java:63) [junit-4.13.jar:4.13]
	at org.junit.runners.ParentRunner$4.run(ParentRunner.java:331) [junit-4.13.jar:4.13]
	at org.junit.runners.ParentRunner$1.schedule(ParentRunner.java:79) [junit-4.13.jar:4.13]
	at org.junit.runners.ParentRunner.runChildren(ParentRunner.java:329) [junit-4.13.jar:4.13]
	at org.junit.runners.ParentRunner.access$100(ParentRunner.java:66) [junit-4.13.jar:4.13]
	at org.junit.runners.ParentRunner$2.evaluate(ParentRunner.java:293) [junit-4.13.jar:4.13]
	at org.junit.runners.ParentRunner.run(ParentRunner.java:413) [junit-4.13.jar:4.13]
	at org.junit.runners.Suite.runChild(Suite.java:128) [junit-4.13.jar:4.13]
	at org.junit.runners.Suite.runChild(Suite.java:27) [junit-4.13.jar:4.13]
	at org.junit.runners.ParentRunner$4.run(ParentRunner.java:331) [junit-4.13.jar:4.13]
	at org.junit.runners.ParentRunner$1.schedule(ParentRunner.java:79) [junit-4.13.jar:4.13]
	at org.junit.runners.ParentRunner.runChildren(ParentRunner.java:329) [junit-4.13.jar:4.13]
	at org.junit.runners.ParentRunner.access$100(ParentRunner.java:66) [junit-4.13.jar:4.13]
	at org.junit.runners.ParentRunner$2.evaluate(ParentRunner.java:293) [junit-4.13.jar:4.13]
	at org.junit.internal.runners.statements.RunAfters.evaluate(RunAfters.java:27) [junit-4.13.jar:4.13]
	at org.junit.runners.ParentRunner$3.evaluate(ParentRunner.java:306) [junit-4.13.jar:4.13]
	at org.junit.runners.ParentRunner.run(ParentRunner.java:413) [junit-4.13.jar:4.13]
	at org.eclipse.jdt.internal.junit4.runner.JUnit4TestReference.run(JUnit4TestReference.java:93) [.cp/:?]
	at org.eclipse.jdt.internal.junit.runner.TestExecution.run(TestExecution.java:40) [.cp/:?]
	at org.eclipse.jdt.internal.junit.runner.RemoteTestRunner.runTests(RemoteTestRunner.java:530) [.cp/:?]
	at org.eclipse.jdt.internal.junit.runner.RemoteTestRunner.runTests(RemoteTestRunner.java:758) [.cp/:?]
	at org.eclipse.jdt.internal.junit.runner.RemoteTestRunner.run(RemoteTestRunner.java:453) [.cp/:?]
	at org.eclipse.jdt.internal.junit.runner.RemoteTestRunner.main(RemoteTestRunner.java:211) [.cp/:?]
2025-12-29 23:45:25 INFO  === END   tests.productCardsTests.RatingMatchesReviewsTests.reviewsShouldMatchRating[Exp#5 [f1=1, f2=2, f3=2, f4=2, f5=3, f6=3, f7=1, f8=1]] ===
2025-12-29 23:45:25 INFO  === START tests.productCardsTests.RatingMatchesReviewsTests.numberOfReviewsShouldMatch[Exp#5 [f1=1, f2=2, f3=2, f4=2, f5=3, f6=3, f7=1, f8=1]] ===
2025-12-29 23:45:25 INFO  STEP: ♻️ Using existing results for same input.
2025-12-29 23:45:25 INFO  STEP: === CARD 1 ===
2025-12-29 23:45:25 INFO  STEP: Toggle Reviews
2025-12-29 23:45:25 INFO  STEP: Is reviwes window open?: true
2025-12-29 23:45:26 INFO  STEP: #1 review_count:5 actual_count: 4
2025-12-29 23:45:26 INFO  STEP: === CARD 2 ===
2025-12-29 23:45:26 INFO  STEP: Toggle Reviews
2025-12-29 23:45:26 INFO  STEP: Is reviwes window open?: true
2025-12-29 23:45:27 INFO  STEP: #2 review_count:5 actual_count: 4
2025-12-29 23:45:27 INFO  STEP: === CARD 3 ===
2025-12-29 23:45:27 INFO  STEP: Toggle Reviews
2025-12-29 23:45:27 INFO  STEP: Is reviwes window open?: true
2025-12-29 23:45:28 INFO  STEP: #3 review_count:5 actual_count: 4
2025-12-29 23:45:28 INFO  STEP: === CARD 4 ===
2025-12-29 23:45:28 INFO  STEP: Toggle Reviews
2025-12-29 23:45:28 INFO  STEP: Is reviwes window open?: true
2025-12-29 23:45:28 INFO  STEP: #4 review_count:5 actual_count: 4
2025-12-29 23:45:28 INFO  STEP: === CARD 5 ===
2025-12-29 23:45:28 INFO  STEP: Toggle Reviews
2025-12-29 23:45:28 INFO  STEP: Is reviwes window open?: true
2025-12-29 23:45:29 INFO  STEP: #5 review_count:5 actual_count: 4
2025-12-29 23:45:29 ERROR STEP FAIL: number of reviews should match review count
2025-12-29 23:45:29 ERROR === FAIL  tests.productCardsTests.RatingMatchesReviewsTests.numberOfReviewsShouldMatch[Exp#5 [f1=1, f2=2, f3=2, f4=2, f5=3, f6=3, f7=1, f8=1]] ===
java.lang.AssertionError: number of reviews should match review count
	at org.junit.Assert.fail(Assert.java:89) ~[junit-4.13.jar:4.13]
	at org.junit.Assert.assertTrue(Assert.java:42) ~[junit-4.13.jar:4.13]
	at tests.BaseTest.checkTrue(BaseTest.java:92) ~[test-classes/:?]
	at tests.productCardsTests.RatingMatchesReviewsTests.numberOfReviewsShouldMatch(RatingMatchesReviewsTests.java:107) ~[test-classes/:?]
	at jdk.internal.reflect.DirectMethodHandleAccessor.invoke(DirectMethodHandleAccessor.java:103) ~[?:?]
	at java.lang.reflect.Method.invoke(Method.java:580) ~[?:?]
	at org.junit.runners.model.FrameworkMethod$1.runReflectiveCall(FrameworkMethod.java:59) ~[junit-4.13.jar:4.13]
	at org.junit.internal.runners.model.ReflectiveCallable.run(ReflectiveCallable.java:12) ~[junit-4.13.jar:4.13]
	at org.junit.runners.model.FrameworkMethod.invokeExplosively(FrameworkMethod.java:56) ~[junit-4.13.jar:4.13]
	at org.junit.internal.runners.statements.InvokeMethod.evaluate(InvokeMethod.java:17) ~[junit-4.13.jar:4.13]
	at org.junit.internal.runners.statements.RunBefores.evaluate(RunBefores.java:26) ~[junit-4.13.jar:4.13]
	at org.junit.internal.runners.statements.RunAfters.evaluate(RunAfters.java:27) ~[junit-4.13.jar:4.13]
	at org.junit.rules.TestWatcher$1.evaluate(TestWatcher.java:61) [junit-4.13.jar:4.13]
	at org.junit.runners.ParentRunner$3.evaluate(ParentRunner.java:306) [junit-4.13.jar:4.13]
	at org.junit.runners.BlockJUnit4ClassRunner$1.evaluate(BlockJUnit4ClassRunner.java:100) [junit-4.13.jar:4.13]
	at org.junit.runners.ParentRunner.runLeaf(ParentRunner.java:366) [junit-4.13.jar:4.13]
	at org.junit.runners.BlockJUnit4ClassRunner.runChild(BlockJUnit4ClassRunner.java:103) [junit-4.13.jar:4.13]
	at org.junit.runners.BlockJUnit4ClassRunner.runChild(BlockJUnit4ClassRunner.java:63) [junit-4.13.jar:4.13]
	at org.junit.runners.ParentRunner$4.run(ParentRunner.java:331) [junit-4.13.jar:4.13]
	at org.junit.runners.ParentRunner$1.schedule(ParentRunner.java:79) [junit-4.13.jar:4.13]
	at org.junit.runners.ParentRunner.runChildren(ParentRunner.java:329) [junit-4.13.jar:4.13]
	at org.junit.runners.ParentRunner.access$100(ParentRunner.java:66) [junit-4.13.jar:4.13]
	at org.junit.runners.ParentRunner$2.evaluate(ParentRunner.java:293) [junit-4.13.jar:4.13]
	at org.junit.runners.ParentRunner.run(ParentRunner.java:413) [junit-4.13.jar:4.13]
	at org.junit.runners.Suite.runChild(Suite.java:128) [junit-4.13.jar:4.13]
	at org.junit.runners.Suite.runChild(Suite.java:27) [junit-4.13.jar:4.13]
	at org.junit.runners.ParentRunner$4.run(ParentRunner.java:331) [junit-4.13.jar:4.13]
	at org.junit.runners.ParentRunner$1.schedule(ParentRunner.java:79) [junit-4.13.jar:4.13]
	at org.junit.runners.ParentRunner.runChildren(ParentRunner.java:329) [junit-4.13.jar:4.13]
	at org.junit.runners.ParentRunner.access$100(ParentRunner.java:66) [junit-4.13.jar:4.13]
	at org.junit.runners.ParentRunner$2.evaluate(ParentRunner.java:293) [junit-4.13.jar:4.13]
	at org.junit.internal.runners.statements.RunAfters.evaluate(RunAfters.java:27) [junit-4.13.jar:4.13]
	at org.junit.runners.ParentRunner$3.evaluate(ParentRunner.java:306) [junit-4.13.jar:4.13]
	at org.junit.runners.ParentRunner.run(ParentRunner.java:413) [junit-4.13.jar:4.13]
	at org.eclipse.jdt.internal.junit4.runner.JUnit4TestReference.run(JUnit4TestReference.java:93) [.cp/:?]
	at org.eclipse.jdt.internal.junit.runner.TestExecution.run(TestExecution.java:40) [.cp/:?]
	at org.eclipse.jdt.internal.junit.runner.RemoteTestRunner.runTests(RemoteTestRunner.java:530) [.cp/:?]
	at org.eclipse.jdt.internal.junit.runner.RemoteTestRunner.runTests(RemoteTestRunner.java:758) [.cp/:?]
	at org.eclipse.jdt.internal.junit.runner.RemoteTestRunner.run(RemoteTestRunner.java:453) [.cp/:?]
	at org.eclipse.jdt.internal.junit.runner.RemoteTestRunner.main(RemoteTestRunner.java:211) [.cp/:?]
2025-12-29 23:45:29 INFO  === END   tests.productCardsTests.RatingMatchesReviewsTests.numberOfReviewsShouldMatch[Exp#5 [f1=1, f2=2, f3=2, f4=2, f5=3, f6=3, f7=1, f8=1]] ===
2025-12-29 23:45:29 INFO  === START tests.productCardsTests.RatingMatchesReviewsTests.reviewsShouldMatchRating[Exp#6 [f1=1, f2=2, f3=3, f4=3, f5=1, f6=1, f7=2, f8=2]] ===
2025-12-29 23:45:29 INFO  STEP: 📝 New input: Filling form fields.
2025-12-29 23:45:35 INFO  STEP: === CARD 1 ===
2025-12-29 23:45:35 INFO  STEP: Toggle Reviews
2025-12-29 23:45:35 INFO  STEP: Is reviwes window open?: true
2025-12-29 23:45:36 INFO  STEP: Number of reviews: 4
2025-12-29 23:45:36 INFO  STEP: stars:5
2025-12-29 23:45:36 INFO  STEP: stars:5
2025-12-29 23:45:37 INFO  STEP: stars:4
2025-12-29 23:45:37 INFO  STEP: stars:1
2025-12-29 23:45:37 INFO  STEP: sum of stars:15
2025-12-29 23:45:37 INFO  STEP: #1 Product rating: 2.6 ||| Actual rating:3.0
2025-12-29 23:45:37 INFO  STEP: === CARD 2 ===
2025-12-29 23:45:37 INFO  STEP: Toggle Reviews
2025-12-29 23:45:37 INFO  STEP: Is reviwes window open?: true
2025-12-29 23:45:38 INFO  STEP: Number of reviews: 4
2025-12-29 23:45:38 INFO  STEP: stars:5
2025-12-29 23:45:39 INFO  STEP: stars:5
2025-12-29 23:45:39 INFO  STEP: stars:2
2025-12-29 23:45:39 INFO  STEP: stars:4
2025-12-29 23:45:39 INFO  STEP: sum of stars:16
2025-12-29 23:45:39 INFO  STEP: #2 Product rating: 4.7 ||| Actual rating:4.0
2025-12-29 23:45:39 INFO  STEP: === CARD 3 ===
2025-12-29 23:45:39 INFO  STEP: Toggle Reviews
2025-12-29 23:45:39 INFO  STEP: Is reviwes window open?: true
2025-12-29 23:45:40 INFO  STEP: Number of reviews: 4
2025-12-29 23:45:40 INFO  STEP: stars:5
2025-12-29 23:45:41 INFO  STEP: stars:4
2025-12-29 23:45:41 INFO  STEP: stars:4
2025-12-29 23:45:41 INFO  STEP: stars:4
2025-12-29 23:45:41 INFO  STEP: sum of stars:17
2025-12-29 23:45:41 INFO  STEP: #3 Product rating: 4.9 ||| Actual rating:4.0
2025-12-29 23:45:41 INFO  STEP: === CARD 4 ===
2025-12-29 23:45:41 INFO  STEP: Toggle Reviews
2025-12-29 23:45:41 INFO  STEP: Is reviwes window open?: true
2025-12-29 23:45:42 INFO  STEP: Number of reviews: 4
2025-12-29 23:45:42 INFO  STEP: stars:5
2025-12-29 23:45:43 INFO  STEP: stars:1
2025-12-29 23:45:43 INFO  STEP: stars:4
2025-12-29 23:45:43 INFO  STEP: stars:3
2025-12-29 23:45:43 INFO  STEP: sum of stars:13
2025-12-29 23:45:43 INFO  STEP: #4 Product rating: 4.0 ||| Actual rating:3.0
2025-12-29 23:45:43 INFO  STEP: === CARD 5 ===
2025-12-29 23:45:43 INFO  STEP: Toggle Reviews
2025-12-29 23:45:43 INFO  STEP: Is reviwes window open?: true
2025-12-29 23:45:44 INFO  STEP: Number of reviews: 4
2025-12-29 23:45:44 INFO  STEP: stars:5
2025-12-29 23:45:45 INFO  STEP: stars:4
2025-12-29 23:45:45 INFO  STEP: stars:5
2025-12-29 23:45:45 INFO  STEP: stars:1
2025-12-29 23:45:45 INFO  STEP: sum of stars:15
2025-12-29 23:45:45 INFO  STEP: #5 Product rating: 4.6 ||| Actual rating:3.0
2025-12-29 23:45:45 ERROR STEP FAIL: All reviews ratings should match the product rating
2025-12-29 23:45:45 ERROR === FAIL  tests.productCardsTests.RatingMatchesReviewsTests.reviewsShouldMatchRating[Exp#6 [f1=1, f2=2, f3=3, f4=3, f5=1, f6=1, f7=2, f8=2]] ===
java.lang.AssertionError: All reviews ratings should match the product rating
	at org.junit.Assert.fail(Assert.java:89) ~[junit-4.13.jar:4.13]
	at org.junit.Assert.assertTrue(Assert.java:42) ~[junit-4.13.jar:4.13]
	at tests.BaseTest.checkTrue(BaseTest.java:92) ~[test-classes/:?]
	at tests.productCardsTests.RatingMatchesReviewsTests.reviewsShouldMatchRating(RatingMatchesReviewsTests.java:80) ~[test-classes/:?]
	at jdk.internal.reflect.DirectMethodHandleAccessor.invoke(DirectMethodHandleAccessor.java:103) ~[?:?]
	at java.lang.reflect.Method.invoke(Method.java:580) ~[?:?]
	at org.junit.runners.model.FrameworkMethod$1.runReflectiveCall(FrameworkMethod.java:59) ~[junit-4.13.jar:4.13]
	at org.junit.internal.runners.model.ReflectiveCallable.run(ReflectiveCallable.java:12) ~[junit-4.13.jar:4.13]
	at org.junit.runners.model.FrameworkMethod.invokeExplosively(FrameworkMethod.java:56) ~[junit-4.13.jar:4.13]
	at org.junit.internal.runners.statements.InvokeMethod.evaluate(InvokeMethod.java:17) ~[junit-4.13.jar:4.13]
	at org.junit.internal.runners.statements.RunBefores.evaluate(RunBefores.java:26) ~[junit-4.13.jar:4.13]
	at org.junit.internal.runners.statements.RunAfters.evaluate(RunAfters.java:27) ~[junit-4.13.jar:4.13]
	at org.junit.rules.TestWatcher$1.evaluate(TestWatcher.java:61) [junit-4.13.jar:4.13]
	at org.junit.runners.ParentRunner$3.evaluate(ParentRunner.java:306) [junit-4.13.jar:4.13]
	at org.junit.runners.BlockJUnit4ClassRunner$1.evaluate(BlockJUnit4ClassRunner.java:100) [junit-4.13.jar:4.13]
	at org.junit.runners.ParentRunner.runLeaf(ParentRunner.java:366) [junit-4.13.jar:4.13]
	at org.junit.runners.BlockJUnit4ClassRunner.runChild(BlockJUnit4ClassRunner.java:103) [junit-4.13.jar:4.13]
	at org.junit.runners.BlockJUnit4ClassRunner.runChild(BlockJUnit4ClassRunner.java:63) [junit-4.13.jar:4.13]
	at org.junit.runners.ParentRunner$4.run(ParentRunner.java:331) [junit-4.13.jar:4.13]
	at org.junit.runners.ParentRunner$1.schedule(ParentRunner.java:79) [junit-4.13.jar:4.13]
	at org.junit.runners.ParentRunner.runChildren(ParentRunner.java:329) [junit-4.13.jar:4.13]
	at org.junit.runners.ParentRunner.access$100(ParentRunner.java:66) [junit-4.13.jar:4.13]
	at org.junit.runners.ParentRunner$2.evaluate(ParentRunner.java:293) [junit-4.13.jar:4.13]
	at org.junit.runners.ParentRunner.run(ParentRunner.java:413) [junit-4.13.jar:4.13]
	at org.junit.runners.Suite.runChild(Suite.java:128) [junit-4.13.jar:4.13]
	at org.junit.runners.Suite.runChild(Suite.java:27) [junit-4.13.jar:4.13]
	at org.junit.runners.ParentRunner$4.run(ParentRunner.java:331) [junit-4.13.jar:4.13]
	at org.junit.runners.ParentRunner$1.schedule(ParentRunner.java:79) [junit-4.13.jar:4.13]
	at org.junit.runners.ParentRunner.runChildren(ParentRunner.java:329) [junit-4.13.jar:4.13]
	at org.junit.runners.ParentRunner.access$100(ParentRunner.java:66) [junit-4.13.jar:4.13]
	at org.junit.runners.ParentRunner$2.evaluate(ParentRunner.java:293) [junit-4.13.jar:4.13]
	at org.junit.internal.runners.statements.RunAfters.evaluate(RunAfters.java:27) [junit-4.13.jar:4.13]
	at org.junit.runners.ParentRunner$3.evaluate(ParentRunner.java:306) [junit-4.13.jar:4.13]
	at org.junit.runners.ParentRunner.run(ParentRunner.java:413) [junit-4.13.jar:4.13]
	at org.eclipse.jdt.internal.junit4.runner.JUnit4TestReference.run(JUnit4TestReference.java:93) [.cp/:?]
	at org.eclipse.jdt.internal.junit.runner.TestExecution.run(TestExecution.java:40) [.cp/:?]
	at org.eclipse.jdt.internal.junit.runner.RemoteTestRunner.runTests(RemoteTestRunner.java:530) [.cp/:?]
	at org.eclipse.jdt.internal.junit.runner.RemoteTestRunner.runTests(RemoteTestRunner.java:758) [.cp/:?]
	at org.eclipse.jdt.internal.junit.runner.RemoteTestRunner.run(RemoteTestRunner.java:453) [.cp/:?]
	at org.eclipse.jdt.internal.junit.runner.RemoteTestRunner.main(RemoteTestRunner.java:211) [.cp/:?]
2025-12-29 23:45:45 INFO  === END   tests.productCardsTests.RatingMatchesReviewsTests.reviewsShouldMatchRating[Exp#6 [f1=1, f2=2, f3=3, f4=3, f5=1, f6=1, f7=2, f8=2]] ===
2025-12-29 23:45:45 INFO  === START tests.productCardsTests.RatingMatchesReviewsTests.numberOfReviewsShouldMatch[Exp#6 [f1=1, f2=2, f3=3, f4=3, f5=1, f6=1, f7=2, f8=2]] ===
2025-12-29 23:45:45 INFO  STEP: ♻️ Using existing results for same input.
2025-12-29 23:45:45 INFO  STEP: === CARD 1 ===
2025-12-29 23:45:45 INFO  STEP: Toggle Reviews
2025-12-29 23:45:45 INFO  STEP: Is reviwes window open?: true
2025-12-29 23:45:46 INFO  STEP: #1 review_count:5 actual_count: 4
2025-12-29 23:45:46 INFO  STEP: === CARD 2 ===
2025-12-29 23:45:46 INFO  STEP: Toggle Reviews
2025-12-29 23:45:46 INFO  STEP: Is reviwes window open?: true
2025-12-29 23:45:47 INFO  STEP: #2 review_count:5 actual_count: 4
2025-12-29 23:45:47 INFO  STEP: === CARD 3 ===
2025-12-29 23:45:47 INFO  STEP: Toggle Reviews
2025-12-29 23:45:47 INFO  STEP: Is reviwes window open?: true
2025-12-29 23:45:48 INFO  STEP: #3 review_count:5 actual_count: 4
2025-12-29 23:45:48 INFO  STEP: === CARD 4 ===
2025-12-29 23:45:48 INFO  STEP: Toggle Reviews
2025-12-29 23:45:48 INFO  STEP: Is reviwes window open?: true
2025-12-29 23:45:48 INFO  STEP: #4 review_count:5 actual_count: 4
2025-12-29 23:45:48 INFO  STEP: === CARD 5 ===
2025-12-29 23:45:49 INFO  STEP: Toggle Reviews
2025-12-29 23:45:49 INFO  STEP: Is reviwes window open?: true
2025-12-29 23:45:50 INFO  STEP: #5 review_count:5 actual_count: 4
2025-12-29 23:45:50 ERROR STEP FAIL: number of reviews should match review count
2025-12-29 23:45:50 ERROR === FAIL  tests.productCardsTests.RatingMatchesReviewsTests.numberOfReviewsShouldMatch[Exp#6 [f1=1, f2=2, f3=3, f4=3, f5=1, f6=1, f7=2, f8=2]] ===
java.lang.AssertionError: number of reviews should match review count
	at org.junit.Assert.fail(Assert.java:89) ~[junit-4.13.jar:4.13]
	at org.junit.Assert.assertTrue(Assert.java:42) ~[junit-4.13.jar:4.13]
	at tests.BaseTest.checkTrue(BaseTest.java:92) ~[test-classes/:?]
	at tests.productCardsTests.RatingMatchesReviewsTests.numberOfReviewsShouldMatch(RatingMatchesReviewsTests.java:107) ~[test-classes/:?]
	at jdk.internal.reflect.DirectMethodHandleAccessor.invoke(DirectMethodHandleAccessor.java:103) ~[?:?]
	at java.lang.reflect.Method.invoke(Method.java:580) ~[?:?]
	at org.junit.runners.model.FrameworkMethod$1.runReflectiveCall(FrameworkMethod.java:59) ~[junit-4.13.jar:4.13]
	at org.junit.internal.runners.model.ReflectiveCallable.run(ReflectiveCallable.java:12) ~[junit-4.13.jar:4.13]
	at org.junit.runners.model.FrameworkMethod.invokeExplosively(FrameworkMethod.java:56) ~[junit-4.13.jar:4.13]
	at org.junit.internal.runners.statements.InvokeMethod.evaluate(InvokeMethod.java:17) ~[junit-4.13.jar:4.13]
	at org.junit.internal.runners.statements.RunBefores.evaluate(RunBefores.java:26) ~[junit-4.13.jar:4.13]
	at org.junit.internal.runners.statements.RunAfters.evaluate(RunAfters.java:27) ~[junit-4.13.jar:4.13]
	at org.junit.rules.TestWatcher$1.evaluate(TestWatcher.java:61) [junit-4.13.jar:4.13]
	at org.junit.runners.ParentRunner$3.evaluate(ParentRunner.java:306) [junit-4.13.jar:4.13]
	at org.junit.runners.BlockJUnit4ClassRunner$1.evaluate(BlockJUnit4ClassRunner.java:100) [junit-4.13.jar:4.13]
	at org.junit.runners.ParentRunner.runLeaf(ParentRunner.java:366) [junit-4.13.jar:4.13]
	at org.junit.runners.BlockJUnit4ClassRunner.runChild(BlockJUnit4ClassRunner.java:103) [junit-4.13.jar:4.13]
	at org.junit.runners.BlockJUnit4ClassRunner.runChild(BlockJUnit4ClassRunner.java:63) [junit-4.13.jar:4.13]
	at org.junit.runners.ParentRunner$4.run(ParentRunner.java:331) [junit-4.13.jar:4.13]
	at org.junit.runners.ParentRunner$1.schedule(ParentRunner.java:79) [junit-4.13.jar:4.13]
	at org.junit.runners.ParentRunner.runChildren(ParentRunner.java:329) [junit-4.13.jar:4.13]
	at org.junit.runners.ParentRunner.access$100(ParentRunner.java:66) [junit-4.13.jar:4.13]
	at org.junit.runners.ParentRunner$2.evaluate(ParentRunner.java:293) [junit-4.13.jar:4.13]
	at org.junit.runners.ParentRunner.run(ParentRunner.java:413) [junit-4.13.jar:4.13]
	at org.junit.runners.Suite.runChild(Suite.java:128) [junit-4.13.jar:4.13]
	at org.junit.runners.Suite.runChild(Suite.java:27) [junit-4.13.jar:4.13]
	at org.junit.runners.ParentRunner$4.run(ParentRunner.java:331) [junit-4.13.jar:4.13]
	at org.junit.runners.ParentRunner$1.schedule(ParentRunner.java:79) [junit-4.13.jar:4.13]
	at org.junit.runners.ParentRunner.runChildren(ParentRunner.java:329) [junit-4.13.jar:4.13]
	at org.junit.runners.ParentRunner.access$100(ParentRunner.java:66) [junit-4.13.jar:4.13]
	at org.junit.runners.ParentRunner$2.evaluate(ParentRunner.java:293) [junit-4.13.jar:4.13]
	at org.junit.internal.runners.statements.RunAfters.evaluate(RunAfters.java:27) [junit-4.13.jar:4.13]
	at org.junit.runners.ParentRunner$3.evaluate(ParentRunner.java:306) [junit-4.13.jar:4.13]
	at org.junit.runners.ParentRunner.run(ParentRunner.java:413) [junit-4.13.jar:4.13]
	at org.eclipse.jdt.internal.junit4.runner.JUnit4TestReference.run(JUnit4TestReference.java:93) [.cp/:?]
	at org.eclipse.jdt.internal.junit.runner.TestExecution.run(TestExecution.java:40) [.cp/:?]
	at org.eclipse.jdt.internal.junit.runner.RemoteTestRunner.runTests(RemoteTestRunner.java:530) [.cp/:?]
	at org.eclipse.jdt.internal.junit.runner.RemoteTestRunner.runTests(RemoteTestRunner.java:758) [.cp/:?]
	at org.eclipse.jdt.internal.junit.runner.RemoteTestRunner.run(RemoteTestRunner.java:453) [.cp/:?]
	at org.eclipse.jdt.internal.junit.runner.RemoteTestRunner.main(RemoteTestRunner.java:211) [.cp/:?]
2025-12-29 23:45:50 INFO  === END   tests.productCardsTests.RatingMatchesReviewsTests.numberOfReviewsShouldMatch[Exp#6 [f1=1, f2=2, f3=3, f4=3, f5=1, f6=1, f7=2, f8=2]] ===
2025-12-29 23:45:50 INFO  === START tests.productCardsTests.RatingMatchesReviewsTests.reviewsShouldMatchRating[Exp#7 [f1=1, f2=3, f3=1, f4=2, f5=1, f6=3, f7=2, f8=3]] ===
2025-12-29 23:45:50 INFO  STEP: 📝 New input: Filling form fields.
2025-12-29 23:45:55 INFO  STEP: === CARD 1 ===
2025-12-29 23:45:55 INFO  STEP: Toggle Reviews
2025-12-29 23:45:56 INFO  STEP: Is reviwes window open?: true
2025-12-29 23:45:56 INFO  STEP: Number of reviews: 4
2025-12-29 23:45:56 INFO  STEP: stars:5
2025-12-29 23:45:57 INFO  STEP: stars:5
2025-12-29 23:45:57 INFO  STEP: stars:4
2025-12-29 23:45:57 INFO  STEP: stars:1
2025-12-29 23:45:57 INFO  STEP: sum of stars:15
2025-12-29 23:45:57 INFO  STEP: #1 Product rating: 2.6 ||| Actual rating:3.0
2025-12-29 23:45:57 INFO  STEP: === CARD 2 ===
2025-12-29 23:45:57 INFO  STEP: Toggle Reviews
2025-12-29 23:45:58 INFO  STEP: Is reviwes window open?: true
2025-12-29 23:45:58 INFO  STEP: Number of reviews: 4
2025-12-29 23:45:58 INFO  STEP: stars:5
2025-12-29 23:45:59 INFO  STEP: stars:5
2025-12-29 23:45:59 INFO  STEP: stars:2
2025-12-29 23:45:59 INFO  STEP: stars:4
2025-12-29 23:45:59 INFO  STEP: sum of stars:16
2025-12-29 23:45:59 INFO  STEP: #2 Product rating: 4.7 ||| Actual rating:4.0
2025-12-29 23:45:59 INFO  STEP: === CARD 3 ===
2025-12-29 23:45:59 INFO  STEP: Toggle Reviews
2025-12-29 23:46:00 INFO  STEP: Is reviwes window open?: true
2025-12-29 23:46:00 INFO  STEP: Number of reviews: 4
2025-12-29 23:46:00 INFO  STEP: stars:5
2025-12-29 23:46:01 INFO  STEP: stars:4
2025-12-29 23:46:01 INFO  STEP: stars:4
2025-12-29 23:46:01 INFO  STEP: stars:4
2025-12-29 23:46:01 INFO  STEP: sum of stars:17
2025-12-29 23:46:01 INFO  STEP: #3 Product rating: 4.9 ||| Actual rating:4.0
2025-12-29 23:46:01 INFO  STEP: === CARD 4 ===
2025-12-29 23:46:01 INFO  STEP: Toggle Reviews
2025-12-29 23:46:02 INFO  STEP: Is reviwes window open?: true
2025-12-29 23:46:02 INFO  STEP: Number of reviews: 4
2025-12-29 23:46:03 INFO  STEP: stars:5
2025-12-29 23:46:03 INFO  STEP: stars:1
2025-12-29 23:46:03 INFO  STEP: stars:4
2025-12-29 23:46:03 INFO  STEP: stars:3
2025-12-29 23:46:03 INFO  STEP: sum of stars:13
2025-12-29 23:46:03 INFO  STEP: #4 Product rating: 4.0 ||| Actual rating:3.0
2025-12-29 23:46:03 INFO  STEP: === CARD 5 ===
2025-12-29 23:46:03 INFO  STEP: Toggle Reviews
2025-12-29 23:46:04 INFO  STEP: Is reviwes window open?: true
2025-12-29 23:46:04 INFO  STEP: Number of reviews: 4
2025-12-29 23:46:05 INFO  STEP: stars:5
2025-12-29 23:46:05 INFO  STEP: stars:4
2025-12-29 23:46:05 INFO  STEP: stars:5
2025-12-29 23:46:05 INFO  STEP: stars:1
2025-12-29 23:46:05 INFO  STEP: sum of stars:15
2025-12-29 23:46:05 INFO  STEP: #5 Product rating: 4.6 ||| Actual rating:3.0
2025-12-29 23:46:05 ERROR STEP FAIL: All reviews ratings should match the product rating
2025-12-29 23:46:05 ERROR === FAIL  tests.productCardsTests.RatingMatchesReviewsTests.reviewsShouldMatchRating[Exp#7 [f1=1, f2=3, f3=1, f4=2, f5=1, f6=3, f7=2, f8=3]] ===
java.lang.AssertionError: All reviews ratings should match the product rating
	at org.junit.Assert.fail(Assert.java:89) ~[junit-4.13.jar:4.13]
	at org.junit.Assert.assertTrue(Assert.java:42) ~[junit-4.13.jar:4.13]
	at tests.BaseTest.checkTrue(BaseTest.java:92) ~[test-classes/:?]
	at tests.productCardsTests.RatingMatchesReviewsTests.reviewsShouldMatchRating(RatingMatchesReviewsTests.java:80) ~[test-classes/:?]
	at jdk.internal.reflect.DirectMethodHandleAccessor.invoke(DirectMethodHandleAccessor.java:103) ~[?:?]
	at java.lang.reflect.Method.invoke(Method.java:580) ~[?:?]
	at org.junit.runners.model.FrameworkMethod$1.runReflectiveCall(FrameworkMethod.java:59) ~[junit-4.13.jar:4.13]
	at org.junit.internal.runners.model.ReflectiveCallable.run(ReflectiveCallable.java:12) ~[junit-4.13.jar:4.13]
	at org.junit.runners.model.FrameworkMethod.invokeExplosively(FrameworkMethod.java:56) ~[junit-4.13.jar:4.13]
	at org.junit.internal.runners.statements.InvokeMethod.evaluate(InvokeMethod.java:17) ~[junit-4.13.jar:4.13]
	at org.junit.internal.runners.statements.RunBefores.evaluate(RunBefores.java:26) ~[junit-4.13.jar:4.13]
	at org.junit.internal.runners.statements.RunAfters.evaluate(RunAfters.java:27) ~[junit-4.13.jar:4.13]
	at org.junit.rules.TestWatcher$1.evaluate(TestWatcher.java:61) [junit-4.13.jar:4.13]
	at org.junit.runners.ParentRunner$3.evaluate(ParentRunner.java:306) [junit-4.13.jar:4.13]
	at org.junit.runners.BlockJUnit4ClassRunner$1.evaluate(BlockJUnit4ClassRunner.java:100) [junit-4.13.jar:4.13]
	at org.junit.runners.ParentRunner.runLeaf(ParentRunner.java:366) [junit-4.13.jar:4.13]
	at org.junit.runners.BlockJUnit4ClassRunner.runChild(BlockJUnit4ClassRunner.java:103) [junit-4.13.jar:4.13]
	at org.junit.runners.BlockJUnit4ClassRunner.runChild(BlockJUnit4ClassRunner.java:63) [junit-4.13.jar:4.13]
	at org.junit.runners.ParentRunner$4.run(ParentRunner.java:331) [junit-4.13.jar:4.13]
	at org.junit.runners.ParentRunner$1.schedule(ParentRunner.java:79) [junit-4.13.jar:4.13]
	at org.junit.runners.ParentRunner.runChildren(ParentRunner.java:329) [junit-4.13.jar:4.13]
	at org.junit.runners.ParentRunner.access$100(ParentRunner.java:66) [junit-4.13.jar:4.13]
	at org.junit.runners.ParentRunner$2.evaluate(ParentRunner.java:293) [junit-4.13.jar:4.13]
	at org.junit.runners.ParentRunner.run(ParentRunner.java:413) [junit-4.13.jar:4.13]
	at org.junit.runners.Suite.runChild(Suite.java:128) [junit-4.13.jar:4.13]
	at org.junit.runners.Suite.runChild(Suite.java:27) [junit-4.13.jar:4.13]
	at org.junit.runners.ParentRunner$4.run(ParentRunner.java:331) [junit-4.13.jar:4.13]
	at org.junit.runners.ParentRunner$1.schedule(ParentRunner.java:79) [junit-4.13.jar:4.13]
	at org.junit.runners.ParentRunner.runChildren(ParentRunner.java:329) [junit-4.13.jar:4.13]
	at org.junit.runners.ParentRunner.access$100(ParentRunner.java:66) [junit-4.13.jar:4.13]
	at org.junit.runners.ParentRunner$2.evaluate(ParentRunner.java:293) [junit-4.13.jar:4.13]
	at org.junit.internal.runners.statements.RunAfters.evaluate(RunAfters.java:27) [junit-4.13.jar:4.13]
	at org.junit.runners.ParentRunner$3.evaluate(ParentRunner.java:306) [junit-4.13.jar:4.13]
	at org.junit.runners.ParentRunner.run(ParentRunner.java:413) [junit-4.13.jar:4.13]
	at org.eclipse.jdt.internal.junit4.runner.JUnit4TestReference.run(JUnit4TestReference.java:93) [.cp/:?]
	at org.eclipse.jdt.internal.junit.runner.TestExecution.run(TestExecution.java:40) [.cp/:?]
	at org.eclipse.jdt.internal.junit.runner.RemoteTestRunner.runTests(RemoteTestRunner.java:530) [.cp/:?]
	at org.eclipse.jdt.internal.junit.runner.RemoteTestRunner.runTests(RemoteTestRunner.java:758) [.cp/:?]
	at org.eclipse.jdt.internal.junit.runner.RemoteTestRunner.run(RemoteTestRunner.java:453) [.cp/:?]
	at org.eclipse.jdt.internal.junit.runner.RemoteTestRunner.main(RemoteTestRunner.java:211) [.cp/:?]
2025-12-29 23:46:05 INFO  === END   tests.productCardsTests.RatingMatchesReviewsTests.reviewsShouldMatchRating[Exp#7 [f1=1, f2=3, f3=1, f4=2, f5=1, f6=3, f7=2, f8=3]] ===
2025-12-29 23:46:05 INFO  === START tests.productCardsTests.RatingMatchesReviewsTests.numberOfReviewsShouldMatch[Exp#7 [f1=1, f2=3, f3=1, f4=2, f5=1, f6=3, f7=2, f8=3]] ===
2025-12-29 23:46:05 INFO  STEP: ♻️ Using existing results for same input.
2025-12-29 23:46:05 INFO  STEP: === CARD 1 ===
2025-12-29 23:46:05 INFO  STEP: Toggle Reviews
2025-12-29 23:46:05 INFO  STEP: Is reviwes window open?: true
2025-12-29 23:46:06 INFO  STEP: #1 review_count:5 actual_count: 4
2025-12-29 23:46:06 INFO  STEP: === CARD 2 ===
2025-12-29 23:46:06 INFO  STEP: Toggle Reviews
2025-12-29 23:46:06 INFO  STEP: Is reviwes window open?: true
2025-12-29 23:46:07 INFO  STEP: #2 review_count:5 actual_count: 4
2025-12-29 23:46:07 INFO  STEP: === CARD 3 ===
2025-12-29 23:46:07 INFO  STEP: Toggle Reviews
2025-12-29 23:46:07 INFO  STEP: Is reviwes window open?: true
2025-12-29 23:46:08 INFO  STEP: #3 review_count:5 actual_count: 4
2025-12-29 23:46:08 INFO  STEP: === CARD 4 ===
2025-12-29 23:46:08 INFO  STEP: Toggle Reviews
2025-12-29 23:46:08 INFO  STEP: Is reviwes window open?: true
2025-12-29 23:46:09 INFO  STEP: #4 review_count:5 actual_count: 4
2025-12-29 23:46:09 INFO  STEP: === CARD 5 ===
2025-12-29 23:46:09 INFO  STEP: Toggle Reviews
2025-12-29 23:46:09 INFO  STEP: Is reviwes window open?: true
2025-12-29 23:46:09 INFO  STEP: #5 review_count:5 actual_count: 4
2025-12-29 23:46:09 ERROR STEP FAIL: number of reviews should match review count
2025-12-29 23:46:09 ERROR === FAIL  tests.productCardsTests.RatingMatchesReviewsTests.numberOfReviewsShouldMatch[Exp#7 [f1=1, f2=3, f3=1, f4=2, f5=1, f6=3, f7=2, f8=3]] ===
java.lang.AssertionError: number of reviews should match review count
	at org.junit.Assert.fail(Assert.java:89) ~[junit-4.13.jar:4.13]
	at org.junit.Assert.assertTrue(Assert.java:42) ~[junit-4.13.jar:4.13]
	at tests.BaseTest.checkTrue(BaseTest.java:92) ~[test-classes/:?]
	at tests.productCardsTests.RatingMatchesReviewsTests.numberOfReviewsShouldMatch(RatingMatchesReviewsTests.java:107) ~[test-classes/:?]
	at jdk.internal.reflect.DirectMethodHandleAccessor.invoke(DirectMethodHandleAccessor.java:103) ~[?:?]
	at java.lang.reflect.Method.invoke(Method.java:580) ~[?:?]
	at org.junit.runners.model.FrameworkMethod$1.runReflectiveCall(FrameworkMethod.java:59) ~[junit-4.13.jar:4.13]
	at org.junit.internal.runners.model.ReflectiveCallable.run(ReflectiveCallable.java:12) ~[junit-4.13.jar:4.13]
	at org.junit.runners.model.FrameworkMethod.invokeExplosively(FrameworkMethod.java:56) ~[junit-4.13.jar:4.13]
	at org.junit.internal.runners.statements.InvokeMethod.evaluate(InvokeMethod.java:17) ~[junit-4.13.jar:4.13]
	at org.junit.internal.runners.statements.RunBefores.evaluate(RunBefores.java:26) ~[junit-4.13.jar:4.13]
	at org.junit.internal.runners.statements.RunAfters.evaluate(RunAfters.java:27) ~[junit-4.13.jar:4.13]
	at org.junit.rules.TestWatcher$1.evaluate(TestWatcher.java:61) [junit-4.13.jar:4.13]
	at org.junit.runners.ParentRunner$3.evaluate(ParentRunner.java:306) [junit-4.13.jar:4.13]
	at org.junit.runners.BlockJUnit4ClassRunner$1.evaluate(BlockJUnit4ClassRunner.java:100) [junit-4.13.jar:4.13]
	at org.junit.runners.ParentRunner.runLeaf(ParentRunner.java:366) [junit-4.13.jar:4.13]
	at org.junit.runners.BlockJUnit4ClassRunner.runChild(BlockJUnit4ClassRunner.java:103) [junit-4.13.jar:4.13]
	at org.junit.runners.BlockJUnit4ClassRunner.runChild(BlockJUnit4ClassRunner.java:63) [junit-4.13.jar:4.13]
	at org.junit.runners.ParentRunner$4.run(ParentRunner.java:331) [junit-4.13.jar:4.13]
	at org.junit.runners.ParentRunner$1.schedule(ParentRunner.java:79) [junit-4.13.jar:4.13]
	at org.junit.runners.ParentRunner.runChildren(ParentRunner.java:329) [junit-4.13.jar:4.13]
	at org.junit.runners.ParentRunner.access$100(ParentRunner.java:66) [junit-4.13.jar:4.13]
	at org.junit.runners.ParentRunner$2.evaluate(ParentRunner.java:293) [junit-4.13.jar:4.13]
	at org.junit.runners.ParentRunner.run(ParentRunner.java:413) [junit-4.13.jar:4.13]
	at org.junit.runners.Suite.runChild(Suite.java:128) [junit-4.13.jar:4.13]
	at org.junit.runners.Suite.runChild(Suite.java:27) [junit-4.13.jar:4.13]
	at org.junit.runners.ParentRunner$4.run(ParentRunner.java:331) [junit-4.13.jar:4.13]
	at org.junit.runners.ParentRunner$1.schedule(ParentRunner.java:79) [junit-4.13.jar:4.13]
	at org.junit.runners.ParentRunner.runChildren(ParentRunner.java:329) [junit-4.13.jar:4.13]
	at org.junit.runners.ParentRunner.access$100(ParentRunner.java:66) [junit-4.13.jar:4.13]
	at org.junit.runners.ParentRunner$2.evaluate(ParentRunner.java:293) [junit-4.13.jar:4.13]
	at org.junit.internal.runners.statements.RunAfters.evaluate(RunAfters.java:27) [junit-4.13.jar:4.13]
	at org.junit.runners.ParentRunner$3.evaluate(ParentRunner.java:306) [junit-4.13.jar:4.13]
	at org.junit.runners.ParentRunner.run(ParentRunner.java:413) [junit-4.13.jar:4.13]
	at org.eclipse.jdt.internal.junit4.runner.JUnit4TestReference.run(JUnit4TestReference.java:93) [.cp/:?]
	at org.eclipse.jdt.internal.junit.runner.TestExecution.run(TestExecution.java:40) [.cp/:?]
	at org.eclipse.jdt.internal.junit.runner.RemoteTestRunner.runTests(RemoteTestRunner.java:530) [.cp/:?]
	at org.eclipse.jdt.internal.junit.runner.RemoteTestRunner.runTests(RemoteTestRunner.java:758) [.cp/:?]
	at org.eclipse.jdt.internal.junit.runner.RemoteTestRunner.run(RemoteTestRunner.java:453) [.cp/:?]
	at org.eclipse.jdt.internal.junit.runner.RemoteTestRunner.main(RemoteTestRunner.java:211) [.cp/:?]
2025-12-29 23:46:09 INFO  === END   tests.productCardsTests.RatingMatchesReviewsTests.numberOfReviewsShouldMatch[Exp#7 [f1=1, f2=3, f3=1, f4=2, f5=1, f6=3, f7=2, f8=3]] ===
2025-12-29 23:46:09 INFO  === START tests.productCardsTests.RatingMatchesReviewsTests.reviewsShouldMatchRating[Exp#8 [f1=1, f2=3, f3=2, f4=3, f5=2, f6=1, f7=3, f8=1]] ===
2025-12-29 23:46:09 INFO  STEP: 📝 New input: Filling form fields.
2025-12-29 23:46:15 INFO  STEP: === CARD 1 ===
2025-12-29 23:46:15 INFO  STEP: Toggle Reviews
2025-12-29 23:46:15 INFO  STEP: Is reviwes window open?: true
2025-12-29 23:46:16 INFO  STEP: Number of reviews: 4
2025-12-29 23:46:16 INFO  STEP: stars:5
2025-12-29 23:46:16 INFO  STEP: stars:5
2025-12-29 23:46:17 INFO  STEP: stars:1
2025-12-29 23:46:17 INFO  STEP: stars:5
2025-12-29 23:46:17 INFO  STEP: sum of stars:16
2025-12-29 23:46:17 INFO  STEP: #1 Product rating: 2.8 ||| Actual rating:4.0
2025-12-29 23:46:17 INFO  STEP: === CARD 2 ===
2025-12-29 23:46:17 INFO  STEP: Toggle Reviews
2025-12-29 23:46:17 INFO  STEP: Is reviwes window open?: true
2025-12-29 23:46:18 INFO  STEP: Number of reviews: 4
2025-12-29 23:46:18 INFO  STEP: stars:5
2025-12-29 23:46:18 INFO  STEP: stars:4
2025-12-29 23:46:19 INFO  STEP: stars:5
2025-12-29 23:46:19 INFO  STEP: stars:2
2025-12-29 23:46:19 INFO  STEP: sum of stars:16
2025-12-29 23:46:19 INFO  STEP: #2 Product rating: 3.9 ||| Actual rating:4.0
2025-12-29 23:46:19 INFO  STEP: === CARD 3 ===
2025-12-29 23:46:19 INFO  STEP: Toggle Reviews
2025-12-29 23:46:19 INFO  STEP: Is reviwes window open?: true
2025-12-29 23:46:20 INFO  STEP: Number of reviews: 4
2025-12-29 23:46:20 INFO  STEP: stars:5
2025-12-29 23:46:20 INFO  STEP: stars:3
2025-12-29 23:46:21 INFO  STEP: stars:4
2025-12-29 23:46:21 INFO  STEP: stars:5
2025-12-29 23:46:21 INFO  STEP: sum of stars:17
2025-12-29 23:46:21 INFO  STEP: #3 Product rating: 3.4 ||| Actual rating:4.0
2025-12-29 23:46:21 INFO  STEP: === CARD 4 ===
2025-12-29 23:46:21 INFO  STEP: Toggle Reviews
2025-12-29 23:46:21 INFO  STEP: Is reviwes window open?: true
2025-12-29 23:46:22 INFO  STEP: Number of reviews: 4
2025-12-29 23:46:22 INFO  STEP: stars:5
2025-12-29 23:46:22 INFO  STEP: stars:4
2025-12-29 23:46:23 INFO  STEP: stars:5
2025-12-29 23:46:23 INFO  STEP: stars:2
2025-12-29 23:46:23 INFO  STEP: sum of stars:16
2025-12-29 23:46:23 INFO  STEP: #4 Product rating: 2.5 ||| Actual rating:4.0
2025-12-29 23:46:23 INFO  STEP: === CARD 5 ===
2025-12-29 23:46:23 INFO  STEP: Toggle Reviews
2025-12-29 23:46:23 INFO  STEP: Is reviwes window open?: true
2025-12-29 23:46:24 INFO  STEP: Number of reviews: 4
2025-12-29 23:46:24 INFO  STEP: stars:5
2025-12-29 23:46:25 INFO  STEP: stars:5
2025-12-29 23:46:25 INFO  STEP: stars:3
2025-12-29 23:46:25 INFO  STEP: stars:5
2025-12-29 23:46:25 INFO  STEP: sum of stars:18
2025-12-29 23:46:25 INFO  STEP: #5 Product rating: 4.1 ||| Actual rating:4.0
2025-12-29 23:46:25 ERROR STEP FAIL: All reviews ratings should match the product rating
2025-12-29 23:46:25 ERROR === FAIL  tests.productCardsTests.RatingMatchesReviewsTests.reviewsShouldMatchRating[Exp#8 [f1=1, f2=3, f3=2, f4=3, f5=2, f6=1, f7=3, f8=1]] ===
java.lang.AssertionError: All reviews ratings should match the product rating
	at org.junit.Assert.fail(Assert.java:89) ~[junit-4.13.jar:4.13]
	at org.junit.Assert.assertTrue(Assert.java:42) ~[junit-4.13.jar:4.13]
	at tests.BaseTest.checkTrue(BaseTest.java:92) ~[test-classes/:?]
	at tests.productCardsTests.RatingMatchesReviewsTests.reviewsShouldMatchRating(RatingMatchesReviewsTests.java:80) ~[test-classes/:?]
	at jdk.internal.reflect.DirectMethodHandleAccessor.invoke(DirectMethodHandleAccessor.java:103) ~[?:?]
	at java.lang.reflect.Method.invoke(Method.java:580) ~[?:?]
	at org.junit.runners.model.FrameworkMethod$1.runReflectiveCall(FrameworkMethod.java:59) ~[junit-4.13.jar:4.13]
	at org.junit.internal.runners.model.ReflectiveCallable.run(ReflectiveCallable.java:12) ~[junit-4.13.jar:4.13]
	at org.junit.runners.model.FrameworkMethod.invokeExplosively(FrameworkMethod.java:56) ~[junit-4.13.jar:4.13]
	at org.junit.internal.runners.statements.InvokeMethod.evaluate(InvokeMethod.java:17) ~[junit-4.13.jar:4.13]
	at org.junit.internal.runners.statements.RunBefores.evaluate(RunBefores.java:26) ~[junit-4.13.jar:4.13]
	at org.junit.internal.runners.statements.RunAfters.evaluate(RunAfters.java:27) ~[junit-4.13.jar:4.13]
	at org.junit.rules.TestWatcher$1.evaluate(TestWatcher.java:61) [junit-4.13.jar:4.13]
	at org.junit.runners.ParentRunner$3.evaluate(ParentRunner.java:306) [junit-4.13.jar:4.13]
	at org.junit.runners.BlockJUnit4ClassRunner$1.evaluate(BlockJUnit4ClassRunner.java:100) [junit-4.13.jar:4.13]
	at org.junit.runners.ParentRunner.runLeaf(ParentRunner.java:366) [junit-4.13.jar:4.13]
	at org.junit.runners.BlockJUnit4ClassRunner.runChild(BlockJUnit4ClassRunner.java:103) [junit-4.13.jar:4.13]
	at org.junit.runners.BlockJUnit4ClassRunner.runChild(BlockJUnit4ClassRunner.java:63) [junit-4.13.jar:4.13]
	at org.junit.runners.ParentRunner$4.run(ParentRunner.java:331) [junit-4.13.jar:4.13]
	at org.junit.runners.ParentRunner$1.schedule(ParentRunner.java:79) [junit-4.13.jar:4.13]
	at org.junit.runners.ParentRunner.runChildren(ParentRunner.java:329) [junit-4.13.jar:4.13]
	at org.junit.runners.ParentRunner.access$100(ParentRunner.java:66) [junit-4.13.jar:4.13]
	at org.junit.runners.ParentRunner$2.evaluate(ParentRunner.java:293) [junit-4.13.jar:4.13]
	at org.junit.runners.ParentRunner.run(ParentRunner.java:413) [junit-4.13.jar:4.13]
	at org.junit.runners.Suite.runChild(Suite.java:128) [junit-4.13.jar:4.13]
	at org.junit.runners.Suite.runChild(Suite.java:27) [junit-4.13.jar:4.13]
	at org.junit.runners.ParentRunner$4.run(ParentRunner.java:331) [junit-4.13.jar:4.13]
	at org.junit.runners.ParentRunner$1.schedule(ParentRunner.java:79) [junit-4.13.jar:4.13]
	at org.junit.runners.ParentRunner.runChildren(ParentRunner.java:329) [junit-4.13.jar:4.13]
	at org.junit.runners.ParentRunner.access$100(ParentRunner.java:66) [junit-4.13.jar:4.13]
	at org.junit.runners.ParentRunner$2.evaluate(ParentRunner.java:293) [junit-4.13.jar:4.13]
	at org.junit.internal.runners.statements.RunAfters.evaluate(RunAfters.java:27) [junit-4.13.jar:4.13]
	at org.junit.runners.ParentRunner$3.evaluate(ParentRunner.java:306) [junit-4.13.jar:4.13]
	at org.junit.runners.ParentRunner.run(ParentRunner.java:413) [junit-4.13.jar:4.13]
	at org.eclipse.jdt.internal.junit4.runner.JUnit4TestReference.run(JUnit4TestReference.java:93) [.cp/:?]
	at org.eclipse.jdt.internal.junit.runner.TestExecution.run(TestExecution.java:40) [.cp/:?]
	at org.eclipse.jdt.internal.junit.runner.RemoteTestRunner.runTests(RemoteTestRunner.java:530) [.cp/:?]
	at org.eclipse.jdt.internal.junit.runner.RemoteTestRunner.runTests(RemoteTestRunner.java:758) [.cp/:?]
	at org.eclipse.jdt.internal.junit.runner.RemoteTestRunner.run(RemoteTestRunner.java:453) [.cp/:?]
	at org.eclipse.jdt.internal.junit.runner.RemoteTestRunner.main(RemoteTestRunner.java:211) [.cp/:?]
2025-12-29 23:46:25 INFO  === END   tests.productCardsTests.RatingMatchesReviewsTests.reviewsShouldMatchRating[Exp#8 [f1=1, f2=3, f3=2, f4=3, f5=2, f6=1, f7=3, f8=1]] ===
2025-12-29 23:46:25 INFO  === START tests.productCardsTests.RatingMatchesReviewsTests.numberOfReviewsShouldMatch[Exp#8 [f1=1, f2=3, f3=2, f4=3, f5=2, f6=1, f7=3, f8=1]] ===
2025-12-29 23:46:25 INFO  STEP: ♻️ Using existing results for same input.
2025-12-29 23:46:25 INFO  STEP: === CARD 1 ===
2025-12-29 23:46:25 INFO  STEP: Toggle Reviews
2025-12-29 23:46:25 INFO  STEP: Is reviwes window open?: true
2025-12-29 23:46:26 INFO  STEP: #1 review_count:5 actual_count: 4
2025-12-29 23:46:26 INFO  STEP: === CARD 2 ===
2025-12-29 23:46:26 INFO  STEP: Toggle Reviews
2025-12-29 23:46:26 INFO  STEP: Is reviwes window open?: true
2025-12-29 23:46:26 INFO  STEP: #2 review_count:5 actual_count: 4
2025-12-29 23:46:26 INFO  STEP: === CARD 3 ===
2025-12-29 23:46:26 INFO  STEP: Toggle Reviews
2025-12-29 23:46:27 INFO  STEP: Is reviwes window open?: true
2025-12-29 23:46:27 INFO  STEP: #3 review_count:5 actual_count: 4
2025-12-29 23:46:27 INFO  STEP: === CARD 4 ===
2025-12-29 23:46:27 INFO  STEP: Toggle Reviews
2025-12-29 23:46:27 INFO  STEP: Is reviwes window open?: true
2025-12-29 23:46:28 INFO  STEP: #4 review_count:5 actual_count: 4
2025-12-29 23:46:28 INFO  STEP: === CARD 5 ===
2025-12-29 23:46:28 INFO  STEP: Toggle Reviews
2025-12-29 23:46:28 INFO  STEP: Is reviwes window open?: true
2025-12-29 23:46:29 INFO  STEP: #5 review_count:5 actual_count: 4
2025-12-29 23:46:29 ERROR STEP FAIL: number of reviews should match review count
2025-12-29 23:46:29 ERROR === FAIL  tests.productCardsTests.RatingMatchesReviewsTests.numberOfReviewsShouldMatch[Exp#8 [f1=1, f2=3, f3=2, f4=3, f5=2, f6=1, f7=3, f8=1]] ===
java.lang.AssertionError: number of reviews should match review count
	at org.junit.Assert.fail(Assert.java:89) ~[junit-4.13.jar:4.13]
	at org.junit.Assert.assertTrue(Assert.java:42) ~[junit-4.13.jar:4.13]
	at tests.BaseTest.checkTrue(BaseTest.java:92) ~[test-classes/:?]
	at tests.productCardsTests.RatingMatchesReviewsTests.numberOfReviewsShouldMatch(RatingMatchesReviewsTests.java:107) ~[test-classes/:?]
	at jdk.internal.reflect.DirectMethodHandleAccessor.invoke(DirectMethodHandleAccessor.java:103) ~[?:?]
	at java.lang.reflect.Method.invoke(Method.java:580) ~[?:?]
	at org.junit.runners.model.FrameworkMethod$1.runReflectiveCall(FrameworkMethod.java:59) ~[junit-4.13.jar:4.13]
	at org.junit.internal.runners.model.ReflectiveCallable.run(ReflectiveCallable.java:12) ~[junit-4.13.jar:4.13]
	at org.junit.runners.model.FrameworkMethod.invokeExplosively(FrameworkMethod.java:56) ~[junit-4.13.jar:4.13]
	at org.junit.internal.runners.statements.InvokeMethod.evaluate(InvokeMethod.java:17) ~[junit-4.13.jar:4.13]
	at org.junit.internal.runners.statements.RunBefores.evaluate(RunBefores.java:26) ~[junit-4.13.jar:4.13]
	at org.junit.internal.runners.statements.RunAfters.evaluate(RunAfters.java:27) ~[junit-4.13.jar:4.13]
	at org.junit.rules.TestWatcher$1.evaluate(TestWatcher.java:61) [junit-4.13.jar:4.13]
	at org.junit.runners.ParentRunner$3.evaluate(ParentRunner.java:306) [junit-4.13.jar:4.13]
	at org.junit.runners.BlockJUnit4ClassRunner$1.evaluate(BlockJUnit4ClassRunner.java:100) [junit-4.13.jar:4.13]
	at org.junit.runners.ParentRunner.runLeaf(ParentRunner.java:366) [junit-4.13.jar:4.13]
	at org.junit.runners.BlockJUnit4ClassRunner.runChild(BlockJUnit4ClassRunner.java:103) [junit-4.13.jar:4.13]
	at org.junit.runners.BlockJUnit4ClassRunner.runChild(BlockJUnit4ClassRunner.java:63) [junit-4.13.jar:4.13]
	at org.junit.runners.ParentRunner$4.run(ParentRunner.java:331) [junit-4.13.jar:4.13]
	at org.junit.runners.ParentRunner$1.schedule(ParentRunner.java:79) [junit-4.13.jar:4.13]
	at org.junit.runners.ParentRunner.runChildren(ParentRunner.java:329) [junit-4.13.jar:4.13]
	at org.junit.runners.ParentRunner.access$100(ParentRunner.java:66) [junit-4.13.jar:4.13]
	at org.junit.runners.ParentRunner$2.evaluate(ParentRunner.java:293) [junit-4.13.jar:4.13]
	at org.junit.runners.ParentRunner.run(ParentRunner.java:413) [junit-4.13.jar:4.13]
	at org.junit.runners.Suite.runChild(Suite.java:128) [junit-4.13.jar:4.13]
	at org.junit.runners.Suite.runChild(Suite.java:27) [junit-4.13.jar:4.13]
	at org.junit.runners.ParentRunner$4.run(ParentRunner.java:331) [junit-4.13.jar:4.13]
	at org.junit.runners.ParentRunner$1.schedule(ParentRunner.java:79) [junit-4.13.jar:4.13]
	at org.junit.runners.ParentRunner.runChildren(ParentRunner.java:329) [junit-4.13.jar:4.13]
	at org.junit.runners.ParentRunner.access$100(ParentRunner.java:66) [junit-4.13.jar:4.13]
	at org.junit.runners.ParentRunner$2.evaluate(ParentRunner.java:293) [junit-4.13.jar:4.13]
	at org.junit.internal.runners.statements.RunAfters.evaluate(RunAfters.java:27) [junit-4.13.jar:4.13]
	at org.junit.runners.ParentRunner$3.evaluate(ParentRunner.java:306) [junit-4.13.jar:4.13]
	at org.junit.runners.ParentRunner.run(ParentRunner.java:413) [junit-4.13.jar:4.13]
	at org.eclipse.jdt.internal.junit4.runner.JUnit4TestReference.run(JUnit4TestReference.java:93) [.cp/:?]
	at org.eclipse.jdt.internal.junit.runner.TestExecution.run(TestExecution.java:40) [.cp/:?]
	at org.eclipse.jdt.internal.junit.runner.RemoteTestRunner.runTests(RemoteTestRunner.java:530) [.cp/:?]
	at org.eclipse.jdt.internal.junit.runner.RemoteTestRunner.runTests(RemoteTestRunner.java:758) [.cp/:?]
	at org.eclipse.jdt.internal.junit.runner.RemoteTestRunner.run(RemoteTestRunner.java:453) [.cp/:?]
	at org.eclipse.jdt.internal.junit.runner.RemoteTestRunner.main(RemoteTestRunner.java:211) [.cp/:?]
2025-12-29 23:46:29 INFO  === END   tests.productCardsTests.RatingMatchesReviewsTests.numberOfReviewsShouldMatch[Exp#8 [f1=1, f2=3, f3=2, f4=3, f5=2, f6=1, f7=3, f8=1]] ===
2025-12-29 23:46:29 INFO  === START tests.productCardsTests.RatingMatchesReviewsTests.reviewsShouldMatchRating[Exp#9 [f1=1, f2=3, f3=3, f4=1, f5=3, f6=2, f7=1, f8=2]] ===
2025-12-29 23:46:29 INFO  STEP: 📝 New input: Filling form fields.
2025-12-29 23:46:35 INFO  STEP: === CARD 1 ===
2025-12-29 23:46:35 INFO  STEP: Toggle Reviews
2025-12-29 23:46:35 INFO  STEP: Is reviwes window open?: true
2025-12-29 23:46:36 INFO  STEP: Number of reviews: 4
2025-12-29 23:46:36 INFO  STEP: stars:5
2025-12-29 23:46:36 INFO  STEP: stars:5
2025-12-29 23:46:37 INFO  STEP: stars:4
2025-12-29 23:46:37 INFO  STEP: stars:1
2025-12-29 23:46:37 INFO  STEP: sum of stars:15
2025-12-29 23:46:37 INFO  STEP: #1 Product rating: 2.6 ||| Actual rating:3.0
2025-12-29 23:46:37 INFO  STEP: === CARD 2 ===
2025-12-29 23:46:37 INFO  STEP: Toggle Reviews
2025-12-29 23:46:37 INFO  STEP: Is reviwes window open?: true
2025-12-29 23:46:38 INFO  STEP: Number of reviews: 4
2025-12-29 23:46:38 INFO  STEP: stars:5
2025-12-29 23:46:38 INFO  STEP: stars:5
2025-12-29 23:46:39 INFO  STEP: stars:2
2025-12-29 23:46:39 INFO  STEP: stars:4
2025-12-29 23:46:39 INFO  STEP: sum of stars:16
2025-12-29 23:46:39 INFO  STEP: #2 Product rating: 4.7 ||| Actual rating:4.0
2025-12-29 23:46:39 INFO  STEP: === CARD 3 ===
2025-12-29 23:46:39 INFO  STEP: Toggle Reviews
2025-12-29 23:46:39 INFO  STEP: Is reviwes window open?: true
2025-12-29 23:46:40 INFO  STEP: Number of reviews: 4
2025-12-29 23:46:40 INFO  STEP: stars:5
2025-12-29 23:46:40 INFO  STEP: stars:4
2025-12-29 23:46:41 INFO  STEP: stars:4
2025-12-29 23:46:41 INFO  STEP: stars:4
2025-12-29 23:46:41 INFO  STEP: sum of stars:17
2025-12-29 23:46:41 INFO  STEP: #3 Product rating: 4.9 ||| Actual rating:4.0
2025-12-29 23:46:41 INFO  STEP: === CARD 4 ===
2025-12-29 23:46:41 INFO  STEP: Toggle Reviews
2025-12-29 23:46:41 INFO  STEP: Is reviwes window open?: true
2025-12-29 23:46:42 INFO  STEP: Number of reviews: 4
2025-12-29 23:46:42 INFO  STEP: stars:5
2025-12-29 23:46:42 INFO  STEP: stars:1
2025-12-29 23:46:43 INFO  STEP: stars:4
2025-12-29 23:46:43 INFO  STEP: stars:3
2025-12-29 23:46:43 INFO  STEP: sum of stars:13
2025-12-29 23:46:43 INFO  STEP: #4 Product rating: 4.0 ||| Actual rating:3.0
2025-12-29 23:46:43 INFO  STEP: === CARD 5 ===
2025-12-29 23:46:43 INFO  STEP: Toggle Reviews
2025-12-29 23:46:43 INFO  STEP: Is reviwes window open?: true
2025-12-29 23:46:44 INFO  STEP: Number of reviews: 4
2025-12-29 23:46:44 INFO  STEP: stars:5
2025-12-29 23:46:45 INFO  STEP: stars:4
2025-12-29 23:46:45 INFO  STEP: stars:5
2025-12-29 23:46:45 INFO  STEP: stars:1
2025-12-29 23:46:45 INFO  STEP: sum of stars:15
2025-12-29 23:46:45 INFO  STEP: #5 Product rating: 4.6 ||| Actual rating:3.0
2025-12-29 23:46:45 ERROR STEP FAIL: All reviews ratings should match the product rating
2025-12-29 23:46:45 ERROR === FAIL  tests.productCardsTests.RatingMatchesReviewsTests.reviewsShouldMatchRating[Exp#9 [f1=1, f2=3, f3=3, f4=1, f5=3, f6=2, f7=1, f8=2]] ===
java.lang.AssertionError: All reviews ratings should match the product rating
	at org.junit.Assert.fail(Assert.java:89) ~[junit-4.13.jar:4.13]
	at org.junit.Assert.assertTrue(Assert.java:42) ~[junit-4.13.jar:4.13]
	at tests.BaseTest.checkTrue(BaseTest.java:92) ~[test-classes/:?]
	at tests.productCardsTests.RatingMatchesReviewsTests.reviewsShouldMatchRating(RatingMatchesReviewsTests.java:80) ~[test-classes/:?]
	at jdk.internal.reflect.DirectMethodHandleAccessor.invoke(DirectMethodHandleAccessor.java:103) ~[?:?]
	at java.lang.reflect.Method.invoke(Method.java:580) ~[?:?]
	at org.junit.runners.model.FrameworkMethod$1.runReflectiveCall(FrameworkMethod.java:59) ~[junit-4.13.jar:4.13]
	at org.junit.internal.runners.model.ReflectiveCallable.run(ReflectiveCallable.java:12) ~[junit-4.13.jar:4.13]
	at org.junit.runners.model.FrameworkMethod.invokeExplosively(FrameworkMethod.java:56) ~[junit-4.13.jar:4.13]
	at org.junit.internal.runners.statements.InvokeMethod.evaluate(InvokeMethod.java:17) ~[junit-4.13.jar:4.13]
	at org.junit.internal.runners.statements.RunBefores.evaluate(RunBefores.java:26) ~[junit-4.13.jar:4.13]
	at org.junit.internal.runners.statements.RunAfters.evaluate(RunAfters.java:27) ~[junit-4.13.jar:4.13]
	at org.junit.rules.TestWatcher$1.evaluate(TestWatcher.java:61) [junit-4.13.jar:4.13]
	at org.junit.runners.ParentRunner$3.evaluate(ParentRunner.java:306) [junit-4.13.jar:4.13]
	at org.junit.runners.BlockJUnit4ClassRunner$1.evaluate(BlockJUnit4ClassRunner.java:100) [junit-4.13.jar:4.13]
	at org.junit.runners.ParentRunner.runLeaf(ParentRunner.java:366) [junit-4.13.jar:4.13]
	at org.junit.runners.BlockJUnit4ClassRunner.runChild(BlockJUnit4ClassRunner.java:103) [junit-4.13.jar:4.13]
	at org.junit.runners.BlockJUnit4ClassRunner.runChild(BlockJUnit4ClassRunner.java:63) [junit-4.13.jar:4.13]
	at org.junit.runners.ParentRunner$4.run(ParentRunner.java:331) [junit-4.13.jar:4.13]
	at org.junit.runners.ParentRunner$1.schedule(ParentRunner.java:79) [junit-4.13.jar:4.13]
	at org.junit.runners.ParentRunner.runChildren(ParentRunner.java:329) [junit-4.13.jar:4.13]
	at org.junit.runners.ParentRunner.access$100(ParentRunner.java:66) [junit-4.13.jar:4.13]
	at org.junit.runners.ParentRunner$2.evaluate(ParentRunner.java:293) [junit-4.13.jar:4.13]
	at org.junit.runners.ParentRunner.run(ParentRunner.java:413) [junit-4.13.jar:4.13]
	at org.junit.runners.Suite.runChild(Suite.java:128) [junit-4.13.jar:4.13]
	at org.junit.runners.Suite.runChild(Suite.java:27) [junit-4.13.jar:4.13]
	at org.junit.runners.ParentRunner$4.run(ParentRunner.java:331) [junit-4.13.jar:4.13]
	at org.junit.runners.ParentRunner$1.schedule(ParentRunner.java:79) [junit-4.13.jar:4.13]
	at org.junit.runners.ParentRunner.runChildren(ParentRunner.java:329) [junit-4.13.jar:4.13]
	at org.junit.runners.ParentRunner.access$100(ParentRunner.java:66) [junit-4.13.jar:4.13]
	at org.junit.runners.ParentRunner$2.evaluate(ParentRunner.java:293) [junit-4.13.jar:4.13]
	at org.junit.internal.runners.statements.RunAfters.evaluate(RunAfters.java:27) [junit-4.13.jar:4.13]
	at org.junit.runners.ParentRunner$3.evaluate(ParentRunner.java:306) [junit-4.13.jar:4.13]
	at org.junit.runners.ParentRunner.run(ParentRunner.java:413) [junit-4.13.jar:4.13]
	at org.eclipse.jdt.internal.junit4.runner.JUnit4TestReference.run(JUnit4TestReference.java:93) [.cp/:?]
	at org.eclipse.jdt.internal.junit.runner.TestExecution.run(TestExecution.java:40) [.cp/:?]
	at org.eclipse.jdt.internal.junit.runner.RemoteTestRunner.runTests(RemoteTestRunner.java:530) [.cp/:?]
	at org.eclipse.jdt.internal.junit.runner.RemoteTestRunner.runTests(RemoteTestRunner.java:758) [.cp/:?]
	at org.eclipse.jdt.internal.junit.runner.RemoteTestRunner.run(RemoteTestRunner.java:453) [.cp/:?]
	at org.eclipse.jdt.internal.junit.runner.RemoteTestRunner.main(RemoteTestRunner.java:211) [.cp/:?]
2025-12-29 23:46:45 INFO  === END   tests.productCardsTests.RatingMatchesReviewsTests.reviewsShouldMatchRating[Exp#9 [f1=1, f2=3, f3=3, f4=1, f5=3, f6=2, f7=1, f8=2]] ===
2025-12-29 23:46:45 INFO  === START tests.productCardsTests.RatingMatchesReviewsTests.numberOfReviewsShouldMatch[Exp#9 [f1=1, f2=3, f3=3, f4=1, f5=3, f6=2, f7=1, f8=2]] ===
2025-12-29 23:46:45 INFO  STEP: ♻️ Using existing results for same input.
2025-12-29 23:46:45 INFO  STEP: === CARD 1 ===
2025-12-29 23:46:45 INFO  STEP: Toggle Reviews
2025-12-29 23:46:45 INFO  STEP: Is reviwes window open?: true
2025-12-29 23:46:46 INFO  STEP: #1 review_count:5 actual_count: 4
2025-12-29 23:46:46 INFO  STEP: === CARD 2 ===
2025-12-29 23:46:46 INFO  STEP: Toggle Reviews
2025-12-29 23:46:46 INFO  STEP: Is reviwes window open?: true
2025-12-29 23:46:47 INFO  STEP: #2 review_count:5 actual_count: 4
2025-12-29 23:46:47 INFO  STEP: === CARD 3 ===
2025-12-29 23:46:47 INFO  STEP: Toggle Reviews
2025-12-29 23:46:47 INFO  STEP: Is reviwes window open?: true
2025-12-29 23:46:48 INFO  STEP: #3 review_count:5 actual_count: 4
2025-12-29 23:46:48 INFO  STEP: === CARD 4 ===
2025-12-29 23:46:48 INFO  STEP: Toggle Reviews
2025-12-29 23:46:48 INFO  STEP: Is reviwes window open?: true
2025-12-29 23:46:48 INFO  STEP: #4 review_count:5 actual_count: 4
2025-12-29 23:46:48 INFO  STEP: === CARD 5 ===
2025-12-29 23:46:49 INFO  STEP: Toggle Reviews
2025-12-29 23:46:49 INFO  STEP: Is reviwes window open?: true
2025-12-29 23:46:49 INFO  STEP: #5 review_count:5 actual_count: 4
2025-12-29 23:46:49 ERROR STEP FAIL: number of reviews should match review count
2025-12-29 23:46:49 ERROR === FAIL  tests.productCardsTests.RatingMatchesReviewsTests.numberOfReviewsShouldMatch[Exp#9 [f1=1, f2=3, f3=3, f4=1, f5=3, f6=2, f7=1, f8=2]] ===
java.lang.AssertionError: number of reviews should match review count
	at org.junit.Assert.fail(Assert.java:89) ~[junit-4.13.jar:4.13]
	at org.junit.Assert.assertTrue(Assert.java:42) ~[junit-4.13.jar:4.13]
	at tests.BaseTest.checkTrue(BaseTest.java:92) ~[test-classes/:?]
	at tests.productCardsTests.RatingMatchesReviewsTests.numberOfReviewsShouldMatch(RatingMatchesReviewsTests.java:107) ~[test-classes/:?]
	at jdk.internal.reflect.DirectMethodHandleAccessor.invoke(DirectMethodHandleAccessor.java:103) ~[?:?]
	at java.lang.reflect.Method.invoke(Method.java:580) ~[?:?]
	at org.junit.runners.model.FrameworkMethod$1.runReflectiveCall(FrameworkMethod.java:59) ~[junit-4.13.jar:4.13]
	at org.junit.internal.runners.model.ReflectiveCallable.run(ReflectiveCallable.java:12) ~[junit-4.13.jar:4.13]
	at org.junit.runners.model.FrameworkMethod.invokeExplosively(FrameworkMethod.java:56) ~[junit-4.13.jar:4.13]
	at org.junit.internal.runners.statements.InvokeMethod.evaluate(InvokeMethod.java:17) ~[junit-4.13.jar:4.13]
	at org.junit.internal.runners.statements.RunBefores.evaluate(RunBefores.java:26) ~[junit-4.13.jar:4.13]
	at org.junit.internal.runners.statements.RunAfters.evaluate(RunAfters.java:27) ~[junit-4.13.jar:4.13]
	at org.junit.rules.TestWatcher$1.evaluate(TestWatcher.java:61) [junit-4.13.jar:4.13]
	at org.junit.runners.ParentRunner$3.evaluate(ParentRunner.java:306) [junit-4.13.jar:4.13]
	at org.junit.runners.BlockJUnit4ClassRunner$1.evaluate(BlockJUnit4ClassRunner.java:100) [junit-4.13.jar:4.13]
	at org.junit.runners.ParentRunner.runLeaf(ParentRunner.java:366) [junit-4.13.jar:4.13]
	at org.junit.runners.BlockJUnit4ClassRunner.runChild(BlockJUnit4ClassRunner.java:103) [junit-4.13.jar:4.13]
	at org.junit.runners.BlockJUnit4ClassRunner.runChild(BlockJUnit4ClassRunner.java:63) [junit-4.13.jar:4.13]
	at org.junit.runners.ParentRunner$4.run(ParentRunner.java:331) [junit-4.13.jar:4.13]
	at org.junit.runners.ParentRunner$1.schedule(ParentRunner.java:79) [junit-4.13.jar:4.13]
	at org.junit.runners.ParentRunner.runChildren(ParentRunner.java:329) [junit-4.13.jar:4.13]
	at org.junit.runners.ParentRunner.access$100(ParentRunner.java:66) [junit-4.13.jar:4.13]
	at org.junit.runners.ParentRunner$2.evaluate(ParentRunner.java:293) [junit-4.13.jar:4.13]
	at org.junit.runners.ParentRunner.run(ParentRunner.java:413) [junit-4.13.jar:4.13]
	at org.junit.runners.Suite.runChild(Suite.java:128) [junit-4.13.jar:4.13]
	at org.junit.runners.Suite.runChild(Suite.java:27) [junit-4.13.jar:4.13]
	at org.junit.runners.ParentRunner$4.run(ParentRunner.java:331) [junit-4.13.jar:4.13]
	at org.junit.runners.ParentRunner$1.schedule(ParentRunner.java:79) [junit-4.13.jar:4.13]
	at org.junit.runners.ParentRunner.runChildren(ParentRunner.java:329) [junit-4.13.jar:4.13]
	at org.junit.runners.ParentRunner.access$100(ParentRunner.java:66) [junit-4.13.jar:4.13]
	at org.junit.runners.ParentRunner$2.evaluate(ParentRunner.java:293) [junit-4.13.jar:4.13]
	at org.junit.internal.runners.statements.RunAfters.evaluate(RunAfters.java:27) [junit-4.13.jar:4.13]
	at org.junit.runners.ParentRunner$3.evaluate(ParentRunner.java:306) [junit-4.13.jar:4.13]
	at org.junit.runners.ParentRunner.run(ParentRunner.java:413) [junit-4.13.jar:4.13]
	at org.eclipse.jdt.internal.junit4.runner.JUnit4TestReference.run(JUnit4TestReference.java:93) [.cp/:?]
	at org.eclipse.jdt.internal.junit.runner.TestExecution.run(TestExecution.java:40) [.cp/:?]
	at org.eclipse.jdt.internal.junit.runner.RemoteTestRunner.runTests(RemoteTestRunner.java:530) [.cp/:?]
	at org.eclipse.jdt.internal.junit.runner.RemoteTestRunner.runTests(RemoteTestRunner.java:758) [.cp/:?]
	at org.eclipse.jdt.internal.junit.runner.RemoteTestRunner.run(RemoteTestRunner.java:453) [.cp/:?]
	at org.eclipse.jdt.internal.junit.runner.RemoteTestRunner.main(RemoteTestRunner.java:211) [.cp/:?]
2025-12-29 23:46:49 INFO  === END   tests.productCardsTests.RatingMatchesReviewsTests.numberOfReviewsShouldMatch[Exp#9 [f1=1, f2=3, f3=3, f4=1, f5=3, f6=2, f7=1, f8=2]] ===
2025-12-29 23:46:49 INFO  === START tests.productCardsTests.RatingMatchesReviewsTests.reviewsShouldMatchRating[Exp#10 [f1=2, f2=1, f3=1, f4=3, f5=3, f6=2, f7=2, f8=1]] ===
2025-12-29 23:46:49 INFO  STEP: 📝 New input: Filling form fields.
2025-12-29 23:46:56 INFO  STEP: === CARD 1 ===
2025-12-29 23:46:57 INFO  STEP: Toggle Reviews
2025-12-29 23:46:57 INFO  STEP: Is reviwes window open?: true
2025-12-29 23:46:58 INFO  STEP: Number of reviews: 4
2025-12-29 23:46:58 INFO  STEP: stars:5
2025-12-29 23:46:58 INFO  STEP: stars:3
2025-12-29 23:46:58 INFO  STEP: stars:5
2025-12-29 23:46:59 INFO  STEP: stars:1
2025-12-29 23:46:59 INFO  STEP: sum of stars:14
2025-12-29 23:46:59 INFO  STEP: #1 Product rating: 4.5 ||| Actual rating:3.0
2025-12-29 23:46:59 INFO  STEP: === CARD 2 ===
2025-12-29 23:46:59 INFO  STEP: Toggle Reviews
2025-12-29 23:46:59 INFO  STEP: Is reviwes window open?: true
2025-12-29 23:47:00 INFO  STEP: Number of reviews: 4
2025-12-29 23:47:00 INFO  STEP: stars:5
2025-12-29 23:47:00 INFO  STEP: stars:5
2025-12-29 23:47:00 INFO  STEP: stars:5
2025-12-29 23:47:01 INFO  STEP: stars:4
2025-12-29 23:47:01 INFO  STEP: sum of stars:19
2025-12-29 23:47:01 INFO  STEP: #2 Product rating: 3.3 ||| Actual rating:4.0
2025-12-29 23:47:01 INFO  STEP: === CARD 3 ===
2025-12-29 23:47:01 INFO  STEP: Toggle Reviews
2025-12-29 23:47:01 INFO  STEP: Is reviwes window open?: true
2025-12-29 23:47:02 INFO  STEP: Number of reviews: 4
2025-12-29 23:47:02 INFO  STEP: stars:5
2025-12-29 23:47:02 INFO  STEP: stars:3
2025-12-29 23:47:03 INFO  STEP: stars:1
2025-12-29 23:47:03 INFO  STEP: stars:5
2025-12-29 23:47:03 INFO  STEP: sum of stars:14
2025-12-29 23:47:03 INFO  STEP: #3 Product rating: 3.9 ||| Actual rating:3.0
2025-12-29 23:47:03 INFO  STEP: === CARD 4 ===
2025-12-29 23:47:03 INFO  STEP: Toggle Reviews
2025-12-29 23:47:03 INFO  STEP: Is reviwes window open?: true
2025-12-29 23:47:04 INFO  STEP: Number of reviews: 4
2025-12-29 23:47:04 INFO  STEP: stars:5
2025-12-29 23:47:04 INFO  STEP: stars:4
2025-12-29 23:47:05 INFO  STEP: stars:4
2025-12-29 23:47:05 INFO  STEP: stars:5
2025-12-29 23:47:05 INFO  STEP: sum of stars:18
2025-12-29 23:47:05 INFO  STEP: #4 Product rating: 4.0 ||| Actual rating:4.0
2025-12-29 23:47:05 INFO  STEP: === CARD 5 ===
2025-12-29 23:47:05 INFO  STEP: Toggle Reviews
2025-12-29 23:47:05 INFO  STEP: Is reviwes window open?: true
2025-12-29 23:47:06 INFO  STEP: Number of reviews: 4
2025-12-29 23:47:06 INFO  STEP: stars:5
2025-12-29 23:47:06 INFO  STEP: stars:5
2025-12-29 23:47:07 INFO  STEP: stars:5
2025-12-29 23:47:07 INFO  STEP: stars:5
2025-12-29 23:47:07 INFO  STEP: sum of stars:20
2025-12-29 23:47:07 INFO  STEP: #5 Product rating: 4.6 ||| Actual rating:5.0
2025-12-29 23:47:07 ERROR STEP FAIL: All reviews ratings should match the product rating
2025-12-29 23:47:07 ERROR === FAIL  tests.productCardsTests.RatingMatchesReviewsTests.reviewsShouldMatchRating[Exp#10 [f1=2, f2=1, f3=1, f4=3, f5=3, f6=2, f7=2, f8=1]] ===
java.lang.AssertionError: All reviews ratings should match the product rating
	at org.junit.Assert.fail(Assert.java:89) ~[junit-4.13.jar:4.13]
	at org.junit.Assert.assertTrue(Assert.java:42) ~[junit-4.13.jar:4.13]
	at tests.BaseTest.checkTrue(BaseTest.java:92) ~[test-classes/:?]
	at tests.productCardsTests.RatingMatchesReviewsTests.reviewsShouldMatchRating(RatingMatchesReviewsTests.java:80) ~[test-classes/:?]
	at jdk.internal.reflect.DirectMethodHandleAccessor.invoke(DirectMethodHandleAccessor.java:103) ~[?:?]
	at java.lang.reflect.Method.invoke(Method.java:580) ~[?:?]
	at org.junit.runners.model.FrameworkMethod$1.runReflectiveCall(FrameworkMethod.java:59) ~[junit-4.13.jar:4.13]
	at org.junit.internal.runners.model.ReflectiveCallable.run(ReflectiveCallable.java:12) ~[junit-4.13.jar:4.13]
	at org.junit.runners.model.FrameworkMethod.invokeExplosively(FrameworkMethod.java:56) ~[junit-4.13.jar:4.13]
	at org.junit.internal.runners.statements.InvokeMethod.evaluate(InvokeMethod.java:17) ~[junit-4.13.jar:4.13]
	at org.junit.internal.runners.statements.RunBefores.evaluate(RunBefores.java:26) ~[junit-4.13.jar:4.13]
	at org.junit.internal.runners.statements.RunAfters.evaluate(RunAfters.java:27) ~[junit-4.13.jar:4.13]
	at org.junit.rules.TestWatcher$1.evaluate(TestWatcher.java:61) [junit-4.13.jar:4.13]
	at org.junit.runners.ParentRunner$3.evaluate(ParentRunner.java:306) [junit-4.13.jar:4.13]
	at org.junit.runners.BlockJUnit4ClassRunner$1.evaluate(BlockJUnit4ClassRunner.java:100) [junit-4.13.jar:4.13]
	at org.junit.runners.ParentRunner.runLeaf(ParentRunner.java:366) [junit-4.13.jar:4.13]
	at org.junit.runners.BlockJUnit4ClassRunner.runChild(BlockJUnit4ClassRunner.java:103) [junit-4.13.jar:4.13]
	at org.junit.runners.BlockJUnit4ClassRunner.runChild(BlockJUnit4ClassRunner.java:63) [junit-4.13.jar:4.13]
	at org.junit.runners.ParentRunner$4.run(ParentRunner.java:331) [junit-4.13.jar:4.13]
	at org.junit.runners.ParentRunner$1.schedule(ParentRunner.java:79) [junit-4.13.jar:4.13]
	at org.junit.runners.ParentRunner.runChildren(ParentRunner.java:329) [junit-4.13.jar:4.13]
	at org.junit.runners.ParentRunner.access$100(ParentRunner.java:66) [junit-4.13.jar:4.13]
	at org.junit.runners.ParentRunner$2.evaluate(ParentRunner.java:293) [junit-4.13.jar:4.13]
	at org.junit.runners.ParentRunner.run(ParentRunner.java:413) [junit-4.13.jar:4.13]
	at org.junit.runners.Suite.runChild(Suite.java:128) [junit-4.13.jar:4.13]
	at org.junit.runners.Suite.runChild(Suite.java:27) [junit-4.13.jar:4.13]
	at org.junit.runners.ParentRunner$4.run(ParentRunner.java:331) [junit-4.13.jar:4.13]
	at org.junit.runners.ParentRunner$1.schedule(ParentRunner.java:79) [junit-4.13.jar:4.13]
	at org.junit.runners.ParentRunner.runChildren(ParentRunner.java:329) [junit-4.13.jar:4.13]
	at org.junit.runners.ParentRunner.access$100(ParentRunner.java:66) [junit-4.13.jar:4.13]
	at org.junit.runners.ParentRunner$2.evaluate(ParentRunner.java:293) [junit-4.13.jar:4.13]
	at org.junit.internal.runners.statements.RunAfters.evaluate(RunAfters.java:27) [junit-4.13.jar:4.13]
	at org.junit.runners.ParentRunner$3.evaluate(ParentRunner.java:306) [junit-4.13.jar:4.13]
	at org.junit.runners.ParentRunner.run(ParentRunner.java:413) [junit-4.13.jar:4.13]
	at org.eclipse.jdt.internal.junit4.runner.JUnit4TestReference.run(JUnit4TestReference.java:93) [.cp/:?]
	at org.eclipse.jdt.internal.junit.runner.TestExecution.run(TestExecution.java:40) [.cp/:?]
	at org.eclipse.jdt.internal.junit.runner.RemoteTestRunner.runTests(RemoteTestRunner.java:530) [.cp/:?]
	at org.eclipse.jdt.internal.junit.runner.RemoteTestRunner.runTests(RemoteTestRunner.java:758) [.cp/:?]
	at org.eclipse.jdt.internal.junit.runner.RemoteTestRunner.run(RemoteTestRunner.java:453) [.cp/:?]
	at org.eclipse.jdt.internal.junit.runner.RemoteTestRunner.main(RemoteTestRunner.java:211) [.cp/:?]
2025-12-29 23:47:07 INFO  === END   tests.productCardsTests.RatingMatchesReviewsTests.reviewsShouldMatchRating[Exp#10 [f1=2, f2=1, f3=1, f4=3, f5=3, f6=2, f7=2, f8=1]] ===
2025-12-29 23:47:07 INFO  === START tests.productCardsTests.RatingMatchesReviewsTests.numberOfReviewsShouldMatch[Exp#10 [f1=2, f2=1, f3=1, f4=3, f5=3, f6=2, f7=2, f8=1]] ===
2025-12-29 23:47:07 INFO  STEP: ♻️ Using existing results for same input.
2025-12-29 23:47:07 INFO  STEP: === CARD 1 ===
2025-12-29 23:47:07 INFO  STEP: Toggle Reviews
2025-12-29 23:47:07 INFO  STEP: Is reviwes window open?: true
2025-12-29 23:47:08 INFO  STEP: #1 review_count:5 actual_count: 4
2025-12-29 23:47:08 INFO  STEP: === CARD 2 ===
2025-12-29 23:47:08 INFO  STEP: Toggle Reviews
2025-12-29 23:47:08 INFO  STEP: Is reviwes window open?: true
2025-12-29 23:47:09 INFO  STEP: #2 review_count:5 actual_count: 4
2025-12-29 23:47:09 INFO  STEP: === CARD 3 ===
2025-12-29 23:47:09 INFO  STEP: Toggle Reviews
2025-12-29 23:47:09 INFO  STEP: Is reviwes window open?: true
2025-12-29 23:47:09 INFO  STEP: #3 review_count:5 actual_count: 4
2025-12-29 23:47:09 INFO  STEP: === CARD 4 ===
2025-12-29 23:47:09 INFO  STEP: Toggle Reviews
2025-12-29 23:47:10 INFO  STEP: Is reviwes window open?: true
2025-12-29 23:47:10 INFO  STEP: #4 review_count:5 actual_count: 4
2025-12-29 23:47:10 INFO  STEP: === CARD 5 ===
2025-12-29 23:47:10 INFO  STEP: Toggle Reviews
2025-12-29 23:47:10 INFO  STEP: Is reviwes window open?: true
2025-12-29 23:47:11 INFO  STEP: #5 review_count:5 actual_count: 4
2025-12-29 23:47:11 ERROR STEP FAIL: number of reviews should match review count
2025-12-29 23:47:11 ERROR === FAIL  tests.productCardsTests.RatingMatchesReviewsTests.numberOfReviewsShouldMatch[Exp#10 [f1=2, f2=1, f3=1, f4=3, f5=3, f6=2, f7=2, f8=1]] ===
java.lang.AssertionError: number of reviews should match review count
	at org.junit.Assert.fail(Assert.java:89) ~[junit-4.13.jar:4.13]
	at org.junit.Assert.assertTrue(Assert.java:42) ~[junit-4.13.jar:4.13]
	at tests.BaseTest.checkTrue(BaseTest.java:92) ~[test-classes/:?]
	at tests.productCardsTests.RatingMatchesReviewsTests.numberOfReviewsShouldMatch(RatingMatchesReviewsTests.java:107) ~[test-classes/:?]
	at jdk.internal.reflect.DirectMethodHandleAccessor.invoke(DirectMethodHandleAccessor.java:103) ~[?:?]
	at java.lang.reflect.Method.invoke(Method.java:580) ~[?:?]
	at org.junit.runners.model.FrameworkMethod$1.runReflectiveCall(FrameworkMethod.java:59) ~[junit-4.13.jar:4.13]
	at org.junit.internal.runners.model.ReflectiveCallable.run(ReflectiveCallable.java:12) ~[junit-4.13.jar:4.13]
	at org.junit.runners.model.FrameworkMethod.invokeExplosively(FrameworkMethod.java:56) ~[junit-4.13.jar:4.13]
	at org.junit.internal.runners.statements.InvokeMethod.evaluate(InvokeMethod.java:17) ~[junit-4.13.jar:4.13]
	at org.junit.internal.runners.statements.RunBefores.evaluate(RunBefores.java:26) ~[junit-4.13.jar:4.13]
	at org.junit.internal.runners.statements.RunAfters.evaluate(RunAfters.java:27) ~[junit-4.13.jar:4.13]
	at org.junit.rules.TestWatcher$1.evaluate(TestWatcher.java:61) [junit-4.13.jar:4.13]
	at org.junit.runners.ParentRunner$3.evaluate(ParentRunner.java:306) [junit-4.13.jar:4.13]
	at org.junit.runners.BlockJUnit4ClassRunner$1.evaluate(BlockJUnit4ClassRunner.java:100) [junit-4.13.jar:4.13]
	at org.junit.runners.ParentRunner.runLeaf(ParentRunner.java:366) [junit-4.13.jar:4.13]
	at org.junit.runners.BlockJUnit4ClassRunner.runChild(BlockJUnit4ClassRunner.java:103) [junit-4.13.jar:4.13]
	at org.junit.runners.BlockJUnit4ClassRunner.runChild(BlockJUnit4ClassRunner.java:63) [junit-4.13.jar:4.13]
	at org.junit.runners.ParentRunner$4.run(ParentRunner.java:331) [junit-4.13.jar:4.13]
	at org.junit.runners.ParentRunner$1.schedule(ParentRunner.java:79) [junit-4.13.jar:4.13]
	at org.junit.runners.ParentRunner.runChildren(ParentRunner.java:329) [junit-4.13.jar:4.13]
	at org.junit.runners.ParentRunner.access$100(ParentRunner.java:66) [junit-4.13.jar:4.13]
	at org.junit.runners.ParentRunner$2.evaluate(ParentRunner.java:293) [junit-4.13.jar:4.13]
	at org.junit.runners.ParentRunner.run(ParentRunner.java:413) [junit-4.13.jar:4.13]
	at org.junit.runners.Suite.runChild(Suite.java:128) [junit-4.13.jar:4.13]
	at org.junit.runners.Suite.runChild(Suite.java:27) [junit-4.13.jar:4.13]
	at org.junit.runners.ParentRunner$4.run(ParentRunner.java:331) [junit-4.13.jar:4.13]
	at org.junit.runners.ParentRunner$1.schedule(ParentRunner.java:79) [junit-4.13.jar:4.13]
	at org.junit.runners.ParentRunner.runChildren(ParentRunner.java:329) [junit-4.13.jar:4.13]
	at org.junit.runners.ParentRunner.access$100(ParentRunner.java:66) [junit-4.13.jar:4.13]
	at org.junit.runners.ParentRunner$2.evaluate(ParentRunner.java:293) [junit-4.13.jar:4.13]
	at org.junit.internal.runners.statements.RunAfters.evaluate(RunAfters.java:27) [junit-4.13.jar:4.13]
	at org.junit.runners.ParentRunner$3.evaluate(ParentRunner.java:306) [junit-4.13.jar:4.13]
	at org.junit.runners.ParentRunner.run(ParentRunner.java:413) [junit-4.13.jar:4.13]
	at org.eclipse.jdt.internal.junit4.runner.JUnit4TestReference.run(JUnit4TestReference.java:93) [.cp/:?]
	at org.eclipse.jdt.internal.junit.runner.TestExecution.run(TestExecution.java:40) [.cp/:?]
	at org.eclipse.jdt.internal.junit.runner.RemoteTestRunner.runTests(RemoteTestRunner.java:530) [.cp/:?]
	at org.eclipse.jdt.internal.junit.runner.RemoteTestRunner.runTests(RemoteTestRunner.java:758) [.cp/:?]
	at org.eclipse.jdt.internal.junit.runner.RemoteTestRunner.run(RemoteTestRunner.java:453) [.cp/:?]
	at org.eclipse.jdt.internal.junit.runner.RemoteTestRunner.main(RemoteTestRunner.java:211) [.cp/:?]
2025-12-29 23:47:11 INFO  === END   tests.productCardsTests.RatingMatchesReviewsTests.numberOfReviewsShouldMatch[Exp#10 [f1=2, f2=1, f3=1, f4=3, f5=3, f6=2, f7=2, f8=1]] ===
2025-12-29 23:47:11 INFO  === START tests.productCardsTests.RatingMatchesReviewsTests.reviewsShouldMatchRating[Exp#11 [f1=2, f2=1, f3=2, f4=1, f5=1, f6=3, f7=3, f8=2]] ===
2025-12-29 23:47:11 INFO  STEP: 📝 New input: Filling form fields.
2025-12-29 23:47:17 INFO  STEP: === CARD 1 ===
2025-12-29 23:47:17 INFO  STEP: Toggle Reviews
2025-12-29 23:47:17 INFO  STEP: Is reviwes window open?: true
2025-12-29 23:47:18 INFO  STEP: Number of reviews: 4
2025-12-29 23:47:18 INFO  STEP: stars:5
2025-12-29 23:47:18 INFO  STEP: stars:3
2025-12-29 23:47:18 INFO  STEP: stars:5
2025-12-29 23:47:19 INFO  STEP: stars:1
2025-12-29 23:47:19 INFO  STEP: sum of stars:14
2025-12-29 23:47:19 INFO  STEP: #1 Product rating: 4.5 ||| Actual rating:3.0
2025-12-29 23:47:19 INFO  STEP: === CARD 2 ===
2025-12-29 23:47:19 INFO  STEP: Toggle Reviews
2025-12-29 23:47:19 INFO  STEP: Is reviwes window open?: true
2025-12-29 23:47:20 INFO  STEP: Number of reviews: 4
2025-12-29 23:47:20 INFO  STEP: stars:5
2025-12-29 23:47:20 INFO  STEP: stars:5
2025-12-29 23:47:21 INFO  STEP: stars:5
2025-12-29 23:47:21 INFO  STEP: stars:4
2025-12-29 23:47:21 INFO  STEP: sum of stars:19
2025-12-29 23:47:21 INFO  STEP: #2 Product rating: 3.3 ||| Actual rating:4.0
2025-12-29 23:47:21 INFO  STEP: === CARD 3 ===
2025-12-29 23:47:21 INFO  STEP: Toggle Reviews
2025-12-29 23:47:21 INFO  STEP: Is reviwes window open?: true
2025-12-29 23:47:22 INFO  STEP: Number of reviews: 4
2025-12-29 23:47:22 INFO  STEP: stars:5
2025-12-29 23:47:22 INFO  STEP: stars:3
2025-12-29 23:47:22 INFO  STEP: stars:1
2025-12-29 23:47:22 INFO  STEP: stars:5
2025-12-29 23:47:22 INFO  STEP: sum of stars:14
2025-12-29 23:47:22 INFO  STEP: #3 Product rating: 3.9 ||| Actual rating:3.0
2025-12-29 23:47:22 INFO  STEP: === CARD 4 ===
2025-12-29 23:47:22 INFO  STEP: Toggle Reviews
2025-12-29 23:47:23 INFO  STEP: Is reviwes window open?: true
2025-12-29 23:47:23 INFO  STEP: Number of reviews: 4
2025-12-29 23:47:23 INFO  STEP: stars:5
2025-12-29 23:47:23 INFO  STEP: stars:4
2025-12-29 23:47:23 INFO  STEP: stars:4
2025-12-29 23:47:23 INFO  STEP: stars:5
2025-12-29 23:47:23 INFO  STEP: sum of stars:18
2025-12-29 23:47:23 INFO  STEP: #4 Product rating: 4.0 ||| Actual rating:4.0
2025-12-29 23:47:23 INFO  STEP: === CARD 5 ===
2025-12-29 23:47:24 INFO  STEP: Toggle Reviews
2025-12-29 23:47:24 INFO  STEP: Is reviwes window open?: true
2025-12-29 23:47:24 INFO  STEP: Number of reviews: 4
2025-12-29 23:47:24 INFO  STEP: stars:5
2025-12-29 23:47:25 INFO  STEP: stars:5
2025-12-29 23:47:25 INFO  STEP: stars:5
2025-12-29 23:47:25 INFO  STEP: stars:5
2025-12-29 23:47:25 INFO  STEP: sum of stars:20
2025-12-29 23:47:25 INFO  STEP: #5 Product rating: 4.6 ||| Actual rating:5.0
2025-12-29 23:47:25 ERROR STEP FAIL: All reviews ratings should match the product rating
2025-12-29 23:47:25 ERROR === FAIL  tests.productCardsTests.RatingMatchesReviewsTests.reviewsShouldMatchRating[Exp#11 [f1=2, f2=1, f3=2, f4=1, f5=1, f6=3, f7=3, f8=2]] ===
java.lang.AssertionError: All reviews ratings should match the product rating
	at org.junit.Assert.fail(Assert.java:89) ~[junit-4.13.jar:4.13]
	at org.junit.Assert.assertTrue(Assert.java:42) ~[junit-4.13.jar:4.13]
	at tests.BaseTest.checkTrue(BaseTest.java:92) ~[test-classes/:?]
	at tests.productCardsTests.RatingMatchesReviewsTests.reviewsShouldMatchRating(RatingMatchesReviewsTests.java:80) ~[test-classes/:?]
	at jdk.internal.reflect.DirectMethodHandleAccessor.invoke(DirectMethodHandleAccessor.java:103) ~[?:?]
	at java.lang.reflect.Method.invoke(Method.java:580) ~[?:?]
	at org.junit.runners.model.FrameworkMethod$1.runReflectiveCall(FrameworkMethod.java:59) ~[junit-4.13.jar:4.13]
	at org.junit.internal.runners.model.ReflectiveCallable.run(ReflectiveCallable.java:12) ~[junit-4.13.jar:4.13]
	at org.junit.runners.model.FrameworkMethod.invokeExplosively(FrameworkMethod.java:56) ~[junit-4.13.jar:4.13]
	at org.junit.internal.runners.statements.InvokeMethod.evaluate(InvokeMethod.java:17) ~[junit-4.13.jar:4.13]
	at org.junit.internal.runners.statements.RunBefores.evaluate(RunBefores.java:26) ~[junit-4.13.jar:4.13]
	at org.junit.internal.runners.statements.RunAfters.evaluate(RunAfters.java:27) ~[junit-4.13.jar:4.13]
	at org.junit.rules.TestWatcher$1.evaluate(TestWatcher.java:61) [junit-4.13.jar:4.13]
	at org.junit.runners.ParentRunner$3.evaluate(ParentRunner.java:306) [junit-4.13.jar:4.13]
	at org.junit.runners.BlockJUnit4ClassRunner$1.evaluate(BlockJUnit4ClassRunner.java:100) [junit-4.13.jar:4.13]
	at org.junit.runners.ParentRunner.runLeaf(ParentRunner.java:366) [junit-4.13.jar:4.13]
	at org.junit.runners.BlockJUnit4ClassRunner.runChild(BlockJUnit4ClassRunner.java:103) [junit-4.13.jar:4.13]
	at org.junit.runners.BlockJUnit4ClassRunner.runChild(BlockJUnit4ClassRunner.java:63) [junit-4.13.jar:4.13]
	at org.junit.runners.ParentRunner$4.run(ParentRunner.java:331) [junit-4.13.jar:4.13]
	at org.junit.runners.ParentRunner$1.schedule(ParentRunner.java:79) [junit-4.13.jar:4.13]
	at org.junit.runners.ParentRunner.runChildren(ParentRunner.java:329) [junit-4.13.jar:4.13]
	at org.junit.runners.ParentRunner.access$100(ParentRunner.java:66) [junit-4.13.jar:4.13]
	at org.junit.runners.ParentRunner$2.evaluate(ParentRunner.java:293) [junit-4.13.jar:4.13]
	at org.junit.runners.ParentRunner.run(ParentRunner.java:413) [junit-4.13.jar:4.13]
	at org.junit.runners.Suite.runChild(Suite.java:128) [junit-4.13.jar:4.13]
	at org.junit.runners.Suite.runChild(Suite.java:27) [junit-4.13.jar:4.13]
	at org.junit.runners.ParentRunner$4.run(ParentRunner.java:331) [junit-4.13.jar:4.13]
	at org.junit.runners.ParentRunner$1.schedule(ParentRunner.java:79) [junit-4.13.jar:4.13]
	at org.junit.runners.ParentRunner.runChildren(ParentRunner.java:329) [junit-4.13.jar:4.13]
	at org.junit.runners.ParentRunner.access$100(ParentRunner.java:66) [junit-4.13.jar:4.13]
	at org.junit.runners.ParentRunner$2.evaluate(ParentRunner.java:293) [junit-4.13.jar:4.13]
	at org.junit.internal.runners.statements.RunAfters.evaluate(RunAfters.java:27) [junit-4.13.jar:4.13]
	at org.junit.runners.ParentRunner$3.evaluate(ParentRunner.java:306) [junit-4.13.jar:4.13]
	at org.junit.runners.ParentRunner.run(ParentRunner.java:413) [junit-4.13.jar:4.13]
	at org.eclipse.jdt.internal.junit4.runner.JUnit4TestReference.run(JUnit4TestReference.java:93) [.cp/:?]
	at org.eclipse.jdt.internal.junit.runner.TestExecution.run(TestExecution.java:40) [.cp/:?]
	at org.eclipse.jdt.internal.junit.runner.RemoteTestRunner.runTests(RemoteTestRunner.java:530) [.cp/:?]
	at org.eclipse.jdt.internal.junit.runner.RemoteTestRunner.runTests(RemoteTestRunner.java:758) [.cp/:?]
	at org.eclipse.jdt.internal.junit.runner.RemoteTestRunner.run(RemoteTestRunner.java:453) [.cp/:?]
	at org.eclipse.jdt.internal.junit.runner.RemoteTestRunner.main(RemoteTestRunner.java:211) [.cp/:?]
2025-12-29 23:47:25 INFO  === END   tests.productCardsTests.RatingMatchesReviewsTests.reviewsShouldMatchRating[Exp#11 [f1=2, f2=1, f3=2, f4=1, f5=1, f6=3, f7=3, f8=2]] ===
2025-12-29 23:48:50 INFO  === START tests.productCardsTests.RatingMatchesReviewsTests.reviewsShouldMatchRating[Exp#1 [f1=1, f2=1, f3=1, f4=1, f5=1, f6=1, f7=1, f8=1]] ===
2025-12-29 23:48:54 INFO  STEP: 📝 New input: Filling form fields.
2025-12-29 23:49:05 INFO  STEP: === CARD 1 ===
2025-12-29 23:49:06 INFO  STEP: Toggle Reviews
2025-12-29 23:49:06 INFO  STEP: Is reviwes window open?: true
2025-12-29 23:49:07 INFO  STEP: Number of reviews: 4
2025-12-29 23:49:08 INFO  STEP: stars:5
2025-12-29 23:49:08 INFO  STEP: stars:3
2025-12-29 23:49:08 INFO  STEP: stars:3
2025-12-29 23:49:08 INFO  STEP: stars:5
2025-12-29 23:49:08 INFO  STEP: sum of stars:16
2025-12-29 23:49:08 INFO  STEP: #1 Product rating: 4.5 ||| Actual rating:4.0
2025-12-29 23:49:08 INFO  STEP: === CARD 2 ===
2025-12-29 23:49:09 INFO  STEP: Toggle Reviews
2025-12-29 23:49:09 INFO  STEP: Is reviwes window open?: true
2025-12-29 23:49:10 INFO  STEP: Number of reviews: 4
2025-12-29 23:49:10 INFO  STEP: stars:5
2025-12-29 23:49:11 INFO  STEP: stars:3
2025-12-29 23:49:11 INFO  STEP: stars:2
2025-12-29 23:49:11 INFO  STEP: stars:4
2025-12-29 23:49:11 INFO  STEP: sum of stars:14
2025-12-29 23:49:11 INFO  STEP: #2 Product rating: 4.4 ||| Actual rating:3.0
2025-12-29 23:49:11 INFO  STEP: === CARD 3 ===
2025-12-29 23:49:11 INFO  STEP: Toggle Reviews
2025-12-29 23:49:12 INFO  STEP: Is reviwes window open?: true
2025-12-29 23:49:13 INFO  STEP: Number of reviews: 4
2025-12-29 23:49:13 INFO  STEP: stars:5
2025-12-29 23:49:13 INFO  STEP: stars:5
2025-12-29 23:49:13 INFO  STEP: stars:3
2025-12-29 23:49:14 INFO  STEP: stars:4
2025-12-29 23:49:14 INFO  STEP: sum of stars:17
2025-12-29 23:49:14 INFO  STEP: #3 Product rating: 3.9 ||| Actual rating:4.0
2025-12-29 23:49:14 INFO  STEP: === CARD 4 ===
2025-12-29 23:49:14 INFO  STEP: Toggle Reviews
2025-12-29 23:49:14 INFO  STEP: Is reviwes window open?: true
2025-12-29 23:49:15 INFO  STEP: Number of reviews: 4
2025-12-29 23:49:15 INFO  STEP: stars:5
2025-12-29 23:49:15 INFO  STEP: stars:5
2025-12-29 23:49:16 INFO  STEP: stars:2
2025-12-29 23:49:16 INFO  STEP: stars:4
2025-12-29 23:49:16 INFO  STEP: sum of stars:16
2025-12-29 23:49:16 INFO  STEP: #4 Product rating: 3.0 ||| Actual rating:4.0
2025-12-29 23:49:16 INFO  STEP: === CARD 5 ===
2025-12-29 23:49:16 INFO  STEP: Toggle Reviews
2025-12-29 23:49:17 INFO  STEP: Is reviwes window open?: true
2025-12-29 23:49:17 INFO  STEP: Number of reviews: 4
2025-12-29 23:49:18 INFO  STEP: stars:5
2025-12-29 23:49:18 INFO  STEP: stars:5
2025-12-29 23:49:18 INFO  STEP: stars:5
2025-12-29 23:49:18 INFO  STEP: stars:4
2025-12-29 23:49:18 INFO  STEP: sum of stars:19
2025-12-29 23:49:18 INFO  STEP: #5 Product rating: 2.8 ||| Actual rating:4.0
2025-12-29 23:49:18 ERROR STEP FAIL: All reviews ratings should match the product rating
2025-12-29 23:49:18 ERROR === FAIL  tests.productCardsTests.RatingMatchesReviewsTests.reviewsShouldMatchRating[Exp#1 [f1=1, f2=1, f3=1, f4=1, f5=1, f6=1, f7=1, f8=1]] ===
java.lang.AssertionError: All reviews ratings should match the product rating
	at org.junit.Assert.fail(Assert.java:89) ~[junit-4.13.jar:4.13]
	at org.junit.Assert.assertTrue(Assert.java:42) ~[junit-4.13.jar:4.13]
	at tests.BaseTest.checkTrue(BaseTest.java:92) ~[test-classes/:?]
	at tests.productCardsTests.RatingMatchesReviewsTests.reviewsShouldMatchRating(RatingMatchesReviewsTests.java:80) ~[test-classes/:?]
	at jdk.internal.reflect.DirectMethodHandleAccessor.invoke(DirectMethodHandleAccessor.java:103) ~[?:?]
	at java.lang.reflect.Method.invoke(Method.java:580) ~[?:?]
	at org.junit.runners.model.FrameworkMethod$1.runReflectiveCall(FrameworkMethod.java:59) ~[junit-4.13.jar:4.13]
	at org.junit.internal.runners.model.ReflectiveCallable.run(ReflectiveCallable.java:12) ~[junit-4.13.jar:4.13]
	at org.junit.runners.model.FrameworkMethod.invokeExplosively(FrameworkMethod.java:56) ~[junit-4.13.jar:4.13]
	at org.junit.internal.runners.statements.InvokeMethod.evaluate(InvokeMethod.java:17) ~[junit-4.13.jar:4.13]
	at org.junit.internal.runners.statements.RunBefores.evaluate(RunBefores.java:26) ~[junit-4.13.jar:4.13]
	at org.junit.internal.runners.statements.RunAfters.evaluate(RunAfters.java:27) ~[junit-4.13.jar:4.13]
	at org.junit.rules.TestWatcher$1.evaluate(TestWatcher.java:61) [junit-4.13.jar:4.13]
	at org.junit.runners.ParentRunner$3.evaluate(ParentRunner.java:306) [junit-4.13.jar:4.13]
	at org.junit.runners.BlockJUnit4ClassRunner$1.evaluate(BlockJUnit4ClassRunner.java:100) [junit-4.13.jar:4.13]
	at org.junit.runners.ParentRunner.runLeaf(ParentRunner.java:366) [junit-4.13.jar:4.13]
	at org.junit.runners.BlockJUnit4ClassRunner.runChild(BlockJUnit4ClassRunner.java:103) [junit-4.13.jar:4.13]
	at org.junit.runners.BlockJUnit4ClassRunner.runChild(BlockJUnit4ClassRunner.java:63) [junit-4.13.jar:4.13]
	at org.junit.runners.ParentRunner$4.run(ParentRunner.java:331) [junit-4.13.jar:4.13]
	at org.junit.runners.ParentRunner$1.schedule(ParentRunner.java:79) [junit-4.13.jar:4.13]
	at org.junit.runners.ParentRunner.runChildren(ParentRunner.java:329) [junit-4.13.jar:4.13]
	at org.junit.runners.ParentRunner.access$100(ParentRunner.java:66) [junit-4.13.jar:4.13]
	at org.junit.runners.ParentRunner$2.evaluate(ParentRunner.java:293) [junit-4.13.jar:4.13]
	at org.junit.runners.ParentRunner.run(ParentRunner.java:413) [junit-4.13.jar:4.13]
	at org.junit.runners.Suite.runChild(Suite.java:128) [junit-4.13.jar:4.13]
	at org.junit.runners.Suite.runChild(Suite.java:27) [junit-4.13.jar:4.13]
	at org.junit.runners.ParentRunner$4.run(ParentRunner.java:331) [junit-4.13.jar:4.13]
	at org.junit.runners.ParentRunner$1.schedule(ParentRunner.java:79) [junit-4.13.jar:4.13]
	at org.junit.runners.ParentRunner.runChildren(ParentRunner.java:329) [junit-4.13.jar:4.13]
	at org.junit.runners.ParentRunner.access$100(ParentRunner.java:66) [junit-4.13.jar:4.13]
	at org.junit.runners.ParentRunner$2.evaluate(ParentRunner.java:293) [junit-4.13.jar:4.13]
	at org.junit.internal.runners.statements.RunAfters.evaluate(RunAfters.java:27) [junit-4.13.jar:4.13]
	at org.junit.runners.ParentRunner$3.evaluate(ParentRunner.java:306) [junit-4.13.jar:4.13]
	at org.junit.runners.ParentRunner.run(ParentRunner.java:413) [junit-4.13.jar:4.13]
	at org.eclipse.jdt.internal.junit4.runner.JUnit4TestReference.run(JUnit4TestReference.java:93) [.cp/:?]
	at org.eclipse.jdt.internal.junit.runner.TestExecution.run(TestExecution.java:40) [.cp/:?]
	at org.eclipse.jdt.internal.junit.runner.RemoteTestRunner.runTests(RemoteTestRunner.java:530) [.cp/:?]
	at org.eclipse.jdt.internal.junit.runner.RemoteTestRunner.runTests(RemoteTestRunner.java:758) [.cp/:?]
	at org.eclipse.jdt.internal.junit.runner.RemoteTestRunner.run(RemoteTestRunner.java:453) [.cp/:?]
	at org.eclipse.jdt.internal.junit.runner.RemoteTestRunner.main(RemoteTestRunner.java:211) [.cp/:?]
2025-12-29 23:49:18 INFO  === END   tests.productCardsTests.RatingMatchesReviewsTests.reviewsShouldMatchRating[Exp#1 [f1=1, f2=1, f3=1, f4=1, f5=1, f6=1, f7=1, f8=1]] ===
2025-12-29 23:49:18 INFO  === START tests.productCardsTests.RatingMatchesReviewsTests.numberOfReviewsShouldMatch[Exp#1 [f1=1, f2=1, f3=1, f4=1, f5=1, f6=1, f7=1, f8=1]] ===
2025-12-29 23:49:18 INFO  STEP: ♻️ Using existing results for same input.
2025-12-29 23:49:18 INFO  STEP: === CARD 1 ===
2025-12-29 23:49:19 INFO  STEP: Toggle Reviews
2025-12-29 23:49:19 INFO  STEP: Is reviwes window open?: true
2025-12-29 23:49:20 INFO  STEP: #1 review_count:4 actual_count: 4
2025-12-29 23:49:20 INFO  STEP: === CARD 2 ===
2025-12-29 23:49:20 INFO  STEP: Toggle Reviews
2025-12-29 23:49:20 INFO  STEP: Is reviwes window open?: true
2025-12-29 23:49:21 INFO  STEP: #2 review_count:4 actual_count: 4
2025-12-29 23:49:21 INFO  STEP: === CARD 3 ===
2025-12-29 23:49:21 INFO  STEP: Toggle Reviews
2025-12-29 23:49:21 INFO  STEP: Is reviwes window open?: true
2025-12-29 23:49:21 INFO  STEP: #3 review_count:4 actual_count: 4
2025-12-29 23:49:21 INFO  STEP: === CARD 4 ===
2025-12-29 23:49:21 INFO  STEP: Toggle Reviews
2025-12-29 23:49:21 INFO  STEP: Is reviwes window open?: true
2025-12-29 23:49:22 INFO  STEP: #4 review_count:4 actual_count: 4
2025-12-29 23:49:22 INFO  STEP: === CARD 5 ===
2025-12-29 23:49:22 INFO  STEP: Toggle Reviews
2025-12-29 23:49:22 INFO  STEP: Is reviwes window open?: true
2025-12-29 23:49:23 INFO  STEP: #5 review_count:4 actual_count: 4
2025-12-29 23:49:23 INFO  STEP PASS: number of reviews should match review count
2025-12-29 23:49:23 INFO  === PASS  tests.productCardsTests.RatingMatchesReviewsTests.numberOfReviewsShouldMatch[Exp#1 [f1=1, f2=1, f3=1, f4=1, f5=1, f6=1, f7=1, f8=1]] ===
2025-12-29 23:49:23 INFO  === END   tests.productCardsTests.RatingMatchesReviewsTests.numberOfReviewsShouldMatch[Exp#1 [f1=1, f2=1, f3=1, f4=1, f5=1, f6=1, f7=1, f8=1]] ===
2025-12-29 23:49:23 INFO  === START tests.productCardsTests.RatingMatchesReviewsTests.reviewsShouldMatchRating[Exp#2 [f1=1, f2=1, f3=2, f4=2, f5=2, f6=2, f7=2, f8=2]] ===
2025-12-29 23:49:23 INFO  STEP: 📝 New input: Filling form fields.
2025-12-29 23:49:28 INFO  STEP: === CARD 1 ===
2025-12-29 23:49:28 INFO  STEP: Toggle Reviews
2025-12-29 23:49:28 INFO  STEP: Is reviwes window open?: true
2025-12-29 23:49:29 INFO  STEP: Number of reviews: 4
2025-12-29 23:49:29 INFO  STEP: stars:5
2025-12-29 23:49:29 INFO  STEP: stars:3
2025-12-29 23:49:29 INFO  STEP: stars:5
2025-12-29 23:49:29 INFO  STEP: stars:1
2025-12-29 23:49:29 INFO  STEP: sum of stars:14
2025-12-29 23:49:29 INFO  STEP: #1 Product rating: 4.5 ||| Actual rating:3.0
2025-12-29 23:49:29 INFO  STEP: === CARD 2 ===
2025-12-29 23:49:29 INFO  STEP: Toggle Reviews
2025-12-29 23:49:30 INFO  STEP: Is reviwes window open?: true
2025-12-29 23:49:30 INFO  STEP: Number of reviews: 4
2025-12-29 23:49:30 INFO  STEP: stars:5
2025-12-29 23:49:30 INFO  STEP: stars:5
2025-12-29 23:49:31 INFO  STEP: stars:5
2025-12-29 23:49:31 INFO  STEP: stars:4
2025-12-29 23:49:31 INFO  STEP: sum of stars:19
2025-12-29 23:49:31 INFO  STEP: #2 Product rating: 3.3 ||| Actual rating:4.0
2025-12-29 23:49:31 INFO  STEP: === CARD 3 ===
2025-12-29 23:49:31 INFO  STEP: Toggle Reviews
2025-12-29 23:49:31 INFO  STEP: Is reviwes window open?: true
2025-12-29 23:49:32 INFO  STEP: Number of reviews: 4
2025-12-29 23:49:32 INFO  STEP: stars:5
2025-12-29 23:49:32 INFO  STEP: stars:3
2025-12-29 23:49:32 INFO  STEP: stars:1
2025-12-29 23:49:32 INFO  STEP: stars:5
2025-12-29 23:49:32 INFO  STEP: sum of stars:14
2025-12-29 23:49:32 INFO  STEP: #3 Product rating: 3.9 ||| Actual rating:3.0
2025-12-29 23:49:32 INFO  STEP: === CARD 4 ===
2025-12-29 23:49:32 INFO  STEP: Toggle Reviews
2025-12-29 23:49:33 INFO  STEP: Is reviwes window open?: true
2025-12-29 23:49:33 INFO  STEP: Number of reviews: 4
2025-12-29 23:49:33 INFO  STEP: stars:5
2025-12-29 23:49:33 INFO  STEP: stars:4
2025-12-29 23:49:34 INFO  STEP: stars:4
2025-12-29 23:49:34 INFO  STEP: stars:5
2025-12-29 23:49:34 INFO  STEP: sum of stars:18
2025-12-29 23:49:34 INFO  STEP: #4 Product rating: 4.0 ||| Actual rating:4.0
2025-12-29 23:49:34 INFO  STEP: === CARD 5 ===
2025-12-29 23:49:34 INFO  STEP: Toggle Reviews
2025-12-29 23:49:34 INFO  STEP: Is reviwes window open?: true
2025-12-29 23:49:35 INFO  STEP: Number of reviews: 4
2025-12-29 23:49:35 INFO  STEP: stars:5
2025-12-29 23:49:35 INFO  STEP: stars:5
2025-12-29 23:49:35 INFO  STEP: stars:5
2025-12-29 23:49:35 INFO  STEP: stars:5
2025-12-29 23:49:35 INFO  STEP: sum of stars:20
2025-12-29 23:49:35 INFO  STEP: #5 Product rating: 4.6 ||| Actual rating:5.0
2025-12-29 23:49:35 ERROR STEP FAIL: All reviews ratings should match the product rating
2025-12-29 23:49:35 ERROR === FAIL  tests.productCardsTests.RatingMatchesReviewsTests.reviewsShouldMatchRating[Exp#2 [f1=1, f2=1, f3=2, f4=2, f5=2, f6=2, f7=2, f8=2]] ===
java.lang.AssertionError: All reviews ratings should match the product rating
	at org.junit.Assert.fail(Assert.java:89) ~[junit-4.13.jar:4.13]
	at org.junit.Assert.assertTrue(Assert.java:42) ~[junit-4.13.jar:4.13]
	at tests.BaseTest.checkTrue(BaseTest.java:92) ~[test-classes/:?]
	at tests.productCardsTests.RatingMatchesReviewsTests.reviewsShouldMatchRating(RatingMatchesReviewsTests.java:80) ~[test-classes/:?]
	at jdk.internal.reflect.DirectMethodHandleAccessor.invoke(DirectMethodHandleAccessor.java:103) ~[?:?]
	at java.lang.reflect.Method.invoke(Method.java:580) ~[?:?]
	at org.junit.runners.model.FrameworkMethod$1.runReflectiveCall(FrameworkMethod.java:59) ~[junit-4.13.jar:4.13]
	at org.junit.internal.runners.model.ReflectiveCallable.run(ReflectiveCallable.java:12) ~[junit-4.13.jar:4.13]
	at org.junit.runners.model.FrameworkMethod.invokeExplosively(FrameworkMethod.java:56) ~[junit-4.13.jar:4.13]
	at org.junit.internal.runners.statements.InvokeMethod.evaluate(InvokeMethod.java:17) ~[junit-4.13.jar:4.13]
	at org.junit.internal.runners.statements.RunBefores.evaluate(RunBefores.java:26) ~[junit-4.13.jar:4.13]
	at org.junit.internal.runners.statements.RunAfters.evaluate(RunAfters.java:27) ~[junit-4.13.jar:4.13]
	at org.junit.rules.TestWatcher$1.evaluate(TestWatcher.java:61) [junit-4.13.jar:4.13]
	at org.junit.runners.ParentRunner$3.evaluate(ParentRunner.java:306) [junit-4.13.jar:4.13]
	at org.junit.runners.BlockJUnit4ClassRunner$1.evaluate(BlockJUnit4ClassRunner.java:100) [junit-4.13.jar:4.13]
	at org.junit.runners.ParentRunner.runLeaf(ParentRunner.java:366) [junit-4.13.jar:4.13]
	at org.junit.runners.BlockJUnit4ClassRunner.runChild(BlockJUnit4ClassRunner.java:103) [junit-4.13.jar:4.13]
	at org.junit.runners.BlockJUnit4ClassRunner.runChild(BlockJUnit4ClassRunner.java:63) [junit-4.13.jar:4.13]
	at org.junit.runners.ParentRunner$4.run(ParentRunner.java:331) [junit-4.13.jar:4.13]
	at org.junit.runners.ParentRunner$1.schedule(ParentRunner.java:79) [junit-4.13.jar:4.13]
	at org.junit.runners.ParentRunner.runChildren(ParentRunner.java:329) [junit-4.13.jar:4.13]
	at org.junit.runners.ParentRunner.access$100(ParentRunner.java:66) [junit-4.13.jar:4.13]
	at org.junit.runners.ParentRunner$2.evaluate(ParentRunner.java:293) [junit-4.13.jar:4.13]
	at org.junit.runners.ParentRunner.run(ParentRunner.java:413) [junit-4.13.jar:4.13]
	at org.junit.runners.Suite.runChild(Suite.java:128) [junit-4.13.jar:4.13]
	at org.junit.runners.Suite.runChild(Suite.java:27) [junit-4.13.jar:4.13]
	at org.junit.runners.ParentRunner$4.run(ParentRunner.java:331) [junit-4.13.jar:4.13]
	at org.junit.runners.ParentRunner$1.schedule(ParentRunner.java:79) [junit-4.13.jar:4.13]
	at org.junit.runners.ParentRunner.runChildren(ParentRunner.java:329) [junit-4.13.jar:4.13]
	at org.junit.runners.ParentRunner.access$100(ParentRunner.java:66) [junit-4.13.jar:4.13]
	at org.junit.runners.ParentRunner$2.evaluate(ParentRunner.java:293) [junit-4.13.jar:4.13]
	at org.junit.internal.runners.statements.RunAfters.evaluate(RunAfters.java:27) [junit-4.13.jar:4.13]
	at org.junit.runners.ParentRunner$3.evaluate(ParentRunner.java:306) [junit-4.13.jar:4.13]
	at org.junit.runners.ParentRunner.run(ParentRunner.java:413) [junit-4.13.jar:4.13]
	at org.eclipse.jdt.internal.junit4.runner.JUnit4TestReference.run(JUnit4TestReference.java:93) [.cp/:?]
	at org.eclipse.jdt.internal.junit.runner.TestExecution.run(TestExecution.java:40) [.cp/:?]
	at org.eclipse.jdt.internal.junit.runner.RemoteTestRunner.runTests(RemoteTestRunner.java:530) [.cp/:?]
	at org.eclipse.jdt.internal.junit.runner.RemoteTestRunner.runTests(RemoteTestRunner.java:758) [.cp/:?]
	at org.eclipse.jdt.internal.junit.runner.RemoteTestRunner.run(RemoteTestRunner.java:453) [.cp/:?]
	at org.eclipse.jdt.internal.junit.runner.RemoteTestRunner.main(RemoteTestRunner.java:211) [.cp/:?]
2025-12-29 23:49:35 INFO  === END   tests.productCardsTests.RatingMatchesReviewsTests.reviewsShouldMatchRating[Exp#2 [f1=1, f2=1, f3=2, f4=2, f5=2, f6=2, f7=2, f8=2]] ===
2025-12-29 23:49:35 INFO  === START tests.productCardsTests.RatingMatchesReviewsTests.numberOfReviewsShouldMatch[Exp#2 [f1=1, f2=1, f3=2, f4=2, f5=2, f6=2, f7=2, f8=2]] ===
2025-12-29 23:49:35 INFO  STEP: ♻️ Using existing results for same input.
2025-12-29 23:49:36 INFO  STEP: === CARD 1 ===
2025-12-29 23:49:36 INFO  STEP: Toggle Reviews
2025-12-29 23:49:36 INFO  STEP: Is reviwes window open?: true
2025-12-29 23:49:36 INFO  STEP: #1 review_count:4 actual_count: 4
2025-12-29 23:49:36 INFO  STEP: === CARD 2 ===
2025-12-29 23:49:36 INFO  STEP: Toggle Reviews
2025-12-29 23:49:36 INFO  STEP: Is reviwes window open?: true
2025-12-29 23:49:37 INFO  STEP: #2 review_count:4 actual_count: 4
2025-12-29 23:49:37 INFO  STEP: === CARD 3 ===
2025-12-29 23:49:37 INFO  STEP: Toggle Reviews
2025-12-29 23:49:37 INFO  STEP: Is reviwes window open?: true
2025-12-29 23:49:37 INFO  STEP: #3 review_count:4 actual_count: 4
2025-12-29 23:49:37 INFO  STEP: === CARD 4 ===
2025-12-29 23:49:38 INFO  STEP: Toggle Reviews
2025-12-29 23:49:38 INFO  STEP: Is reviwes window open?: true
2025-12-29 23:49:38 INFO  STEP: #4 review_count:4 actual_count: 4
2025-12-29 23:49:38 INFO  STEP: === CARD 5 ===
2025-12-29 23:49:38 INFO  STEP: Toggle Reviews
2025-12-29 23:49:38 INFO  STEP: Is reviwes window open?: true
2025-12-29 23:49:39 INFO  STEP: #5 review_count:4 actual_count: 4
2025-12-29 23:49:39 INFO  STEP PASS: number of reviews should match review count
2025-12-29 23:49:39 INFO  === PASS  tests.productCardsTests.RatingMatchesReviewsTests.numberOfReviewsShouldMatch[Exp#2 [f1=1, f2=1, f3=2, f4=2, f5=2, f6=2, f7=2, f8=2]] ===
2025-12-29 23:49:39 INFO  === END   tests.productCardsTests.RatingMatchesReviewsTests.numberOfReviewsShouldMatch[Exp#2 [f1=1, f2=1, f3=2, f4=2, f5=2, f6=2, f7=2, f8=2]] ===
2025-12-29 23:49:39 INFO  === START tests.productCardsTests.RatingMatchesReviewsTests.reviewsShouldMatchRating[Exp#3 [f1=1, f2=1, f3=3, f4=3, f5=3, f6=3, f7=3, f8=3]] ===
2025-12-29 23:49:39 INFO  STEP: 📝 New input: Filling form fields.
2025-12-29 23:49:44 INFO  STEP: === CARD 1 ===
2025-12-29 23:49:44 INFO  STEP: Toggle Reviews
2025-12-29 23:49:44 INFO  STEP: Is reviwes window open?: true
2025-12-29 23:49:45 INFO  STEP: Number of reviews: 4
2025-12-29 23:49:45 INFO  STEP: stars:5
2025-12-29 23:49:45 INFO  STEP: stars:1
2025-12-29 23:49:45 INFO  STEP: stars:2
2025-12-29 23:49:45 INFO  STEP: stars:4
2025-12-29 23:49:45 INFO  STEP: sum of stars:12
2025-12-29 23:49:45 INFO  STEP: #1 Product rating: 3.7 ||| Actual rating:3.0
2025-12-29 23:49:45 INFO  STEP: === CARD 2 ===
2025-12-29 23:49:45 INFO  STEP: Toggle Reviews
2025-12-29 23:49:46 INFO  STEP: Is reviwes window open?: true
2025-12-29 23:49:46 INFO  STEP: Number of reviews: 4
2025-12-29 23:49:46 INFO  STEP: stars:5
2025-12-29 23:49:46 INFO  STEP: stars:1
2025-12-29 23:49:47 INFO  STEP: stars:2
2025-12-29 23:49:47 INFO  STEP: stars:4
2025-12-29 23:49:47 INFO  STEP: sum of stars:12
2025-12-29 23:49:47 INFO  STEP: #2 Product rating: 3.7 ||| Actual rating:3.0
2025-12-29 23:49:47 INFO  STEP: === CARD 3 ===
2025-12-29 23:49:47 INFO  STEP: Toggle Reviews
2025-12-29 23:49:47 INFO  STEP: Is reviwes window open?: true
2025-12-29 23:49:47 INFO  STEP: Number of reviews: 4
2025-12-29 23:49:48 INFO  STEP: stars:5
2025-12-29 23:49:48 INFO  STEP: stars:4
2025-12-29 23:49:48 INFO  STEP: stars:5
2025-12-29 23:49:48 INFO  STEP: stars:4
2025-12-29 23:49:48 INFO  STEP: sum of stars:18
2025-12-29 23:49:48 INFO  STEP: #3 Product rating: 3.2 ||| Actual rating:4.0
2025-12-29 23:49:48 INFO  STEP: === CARD 4 ===
2025-12-29 23:49:48 INFO  STEP: Toggle Reviews
2025-12-29 23:49:49 INFO  STEP: Is reviwes window open?: true
2025-12-29 23:49:49 INFO  STEP: Number of reviews: 4
2025-12-29 23:49:49 INFO  STEP: stars:5
2025-12-29 23:49:49 INFO  STEP: stars:5
2025-12-29 23:49:50 INFO  STEP: stars:2
2025-12-29 23:49:50 INFO  STEP: stars:2
2025-12-29 23:49:50 INFO  STEP: sum of stars:14
2025-12-29 23:49:50 INFO  STEP: #4 Product rating: 4.7 ||| Actual rating:3.0
2025-12-29 23:49:50 ERROR STEP FAIL: All reviews ratings should match the product rating
2025-12-29 23:49:50 ERROR === FAIL  tests.productCardsTests.RatingMatchesReviewsTests.reviewsShouldMatchRating[Exp#3 [f1=1, f2=1, f3=3, f4=3, f5=3, f6=3, f7=3, f8=3]] ===
java.lang.AssertionError: All reviews ratings should match the product rating
	at org.junit.Assert.fail(Assert.java:89) ~[junit-4.13.jar:4.13]
	at org.junit.Assert.assertTrue(Assert.java:42) ~[junit-4.13.jar:4.13]
	at tests.BaseTest.checkTrue(BaseTest.java:92) ~[test-classes/:?]
	at tests.productCardsTests.RatingMatchesReviewsTests.reviewsShouldMatchRating(RatingMatchesReviewsTests.java:80) ~[test-classes/:?]
	at jdk.internal.reflect.DirectMethodHandleAccessor.invoke(DirectMethodHandleAccessor.java:103) ~[?:?]
	at java.lang.reflect.Method.invoke(Method.java:580) ~[?:?]
	at org.junit.runners.model.FrameworkMethod$1.runReflectiveCall(FrameworkMethod.java:59) ~[junit-4.13.jar:4.13]
	at org.junit.internal.runners.model.ReflectiveCallable.run(ReflectiveCallable.java:12) ~[junit-4.13.jar:4.13]
	at org.junit.runners.model.FrameworkMethod.invokeExplosively(FrameworkMethod.java:56) ~[junit-4.13.jar:4.13]
	at org.junit.internal.runners.statements.InvokeMethod.evaluate(InvokeMethod.java:17) ~[junit-4.13.jar:4.13]
	at org.junit.internal.runners.statements.RunBefores.evaluate(RunBefores.java:26) ~[junit-4.13.jar:4.13]
	at org.junit.internal.runners.statements.RunAfters.evaluate(RunAfters.java:27) ~[junit-4.13.jar:4.13]
	at org.junit.rules.TestWatcher$1.evaluate(TestWatcher.java:61) [junit-4.13.jar:4.13]
	at org.junit.runners.ParentRunner$3.evaluate(ParentRunner.java:306) [junit-4.13.jar:4.13]
	at org.junit.runners.BlockJUnit4ClassRunner$1.evaluate(BlockJUnit4ClassRunner.java:100) [junit-4.13.jar:4.13]
	at org.junit.runners.ParentRunner.runLeaf(ParentRunner.java:366) [junit-4.13.jar:4.13]
	at org.junit.runners.BlockJUnit4ClassRunner.runChild(BlockJUnit4ClassRunner.java:103) [junit-4.13.jar:4.13]
	at org.junit.runners.BlockJUnit4ClassRunner.runChild(BlockJUnit4ClassRunner.java:63) [junit-4.13.jar:4.13]
	at org.junit.runners.ParentRunner$4.run(ParentRunner.java:331) [junit-4.13.jar:4.13]
	at org.junit.runners.ParentRunner$1.schedule(ParentRunner.java:79) [junit-4.13.jar:4.13]
	at org.junit.runners.ParentRunner.runChildren(ParentRunner.java:329) [junit-4.13.jar:4.13]
	at org.junit.runners.ParentRunner.access$100(ParentRunner.java:66) [junit-4.13.jar:4.13]
	at org.junit.runners.ParentRunner$2.evaluate(ParentRunner.java:293) [junit-4.13.jar:4.13]
	at org.junit.runners.ParentRunner.run(ParentRunner.java:413) [junit-4.13.jar:4.13]
	at org.junit.runners.Suite.runChild(Suite.java:128) [junit-4.13.jar:4.13]
	at org.junit.runners.Suite.runChild(Suite.java:27) [junit-4.13.jar:4.13]
	at org.junit.runners.ParentRunner$4.run(ParentRunner.java:331) [junit-4.13.jar:4.13]
	at org.junit.runners.ParentRunner$1.schedule(ParentRunner.java:79) [junit-4.13.jar:4.13]
	at org.junit.runners.ParentRunner.runChildren(ParentRunner.java:329) [junit-4.13.jar:4.13]
	at org.junit.runners.ParentRunner.access$100(ParentRunner.java:66) [junit-4.13.jar:4.13]
	at org.junit.runners.ParentRunner$2.evaluate(ParentRunner.java:293) [junit-4.13.jar:4.13]
	at org.junit.internal.runners.statements.RunAfters.evaluate(RunAfters.java:27) [junit-4.13.jar:4.13]
	at org.junit.runners.ParentRunner$3.evaluate(ParentRunner.java:306) [junit-4.13.jar:4.13]
	at org.junit.runners.ParentRunner.run(ParentRunner.java:413) [junit-4.13.jar:4.13]
	at org.eclipse.jdt.internal.junit4.runner.JUnit4TestReference.run(JUnit4TestReference.java:93) [.cp/:?]
	at org.eclipse.jdt.internal.junit.runner.TestExecution.run(TestExecution.java:40) [.cp/:?]
	at org.eclipse.jdt.internal.junit.runner.RemoteTestRunner.runTests(RemoteTestRunner.java:530) [.cp/:?]
	at org.eclipse.jdt.internal.junit.runner.RemoteTestRunner.runTests(RemoteTestRunner.java:758) [.cp/:?]
	at org.eclipse.jdt.internal.junit.runner.RemoteTestRunner.run(RemoteTestRunner.java:453) [.cp/:?]
	at org.eclipse.jdt.internal.junit.runner.RemoteTestRunner.main(RemoteTestRunner.java:211) [.cp/:?]
2025-12-29 23:49:50 INFO  === END   tests.productCardsTests.RatingMatchesReviewsTests.reviewsShouldMatchRating[Exp#3 [f1=1, f2=1, f3=3, f4=3, f5=3, f6=3, f7=3, f8=3]] ===
2025-12-29 23:49:50 INFO  === START tests.productCardsTests.RatingMatchesReviewsTests.numberOfReviewsShouldMatch[Exp#3 [f1=1, f2=1, f3=3, f4=3, f5=3, f6=3, f7=3, f8=3]] ===
2025-12-29 23:49:50 INFO  STEP: ♻️ Using existing results for same input.
2025-12-29 23:49:50 INFO  STEP: === CARD 1 ===
2025-12-29 23:49:50 INFO  STEP: Toggle Reviews
2025-12-29 23:49:50 INFO  STEP: Is reviwes window open?: true
2025-12-29 23:49:51 INFO  STEP: #1 review_count:4 actual_count: 4
2025-12-29 23:49:51 INFO  STEP: === CARD 2 ===
2025-12-29 23:49:51 INFO  STEP: Toggle Reviews
2025-12-29 23:49:51 INFO  STEP: Is reviwes window open?: true
2025-12-29 23:49:51 INFO  STEP: #2 review_count:4 actual_count: 4
2025-12-29 23:49:51 INFO  STEP: === CARD 3 ===
2025-12-29 23:49:51 INFO  STEP: Toggle Reviews
2025-12-29 23:49:51 INFO  STEP: Is reviwes window open?: true
2025-12-29 23:49:52 INFO  STEP: #3 review_count:4 actual_count: 4
2025-12-29 23:49:52 INFO  STEP: === CARD 4 ===
2025-12-29 23:49:52 INFO  STEP: Toggle Reviews
2025-12-29 23:49:52 INFO  STEP: Is reviwes window open?: true
2025-12-29 23:49:53 INFO  STEP: #4 review_count:4 actual_count: 4
2025-12-29 23:49:53 INFO  STEP PASS: number of reviews should match review count
2025-12-29 23:49:53 INFO  === PASS  tests.productCardsTests.RatingMatchesReviewsTests.numberOfReviewsShouldMatch[Exp#3 [f1=1, f2=1, f3=3, f4=3, f5=3, f6=3, f7=3, f8=3]] ===
2025-12-29 23:49:53 INFO  === END   tests.productCardsTests.RatingMatchesReviewsTests.numberOfReviewsShouldMatch[Exp#3 [f1=1, f2=1, f3=3, f4=3, f5=3, f6=3, f7=3, f8=3]] ===
2025-12-29 23:49:53 INFO  === START tests.productCardsTests.RatingMatchesReviewsTests.reviewsShouldMatchRating[Exp#4 [f1=1, f2=2, f3=1, f4=1, f5=2, f6=2, f7=3, f8=3]] ===
2025-12-29 23:49:53 INFO  STEP: 📝 New input: Filling form fields.
2025-12-29 23:49:57 INFO  STEP: === CARD 1 ===
2025-12-29 23:49:57 INFO  STEP: Toggle Reviews
2025-12-29 23:49:58 INFO  STEP: Is reviwes window open?: true
2025-12-29 23:49:58 INFO  STEP: Number of reviews: 4
2025-12-29 23:49:58 INFO  STEP: stars:5
2025-12-29 23:49:58 INFO  STEP: stars:4
2025-12-29 23:49:58 INFO  STEP: stars:5
2025-12-29 23:49:58 INFO  STEP: stars:3
2025-12-29 23:49:58 INFO  STEP: sum of stars:17
2025-12-29 23:49:58 INFO  STEP: #1 Product rating: 3.0 ||| Actual rating:4.0
2025-12-29 23:49:58 INFO  STEP: === CARD 2 ===
2025-12-29 23:49:59 INFO  STEP: Toggle Reviews
2025-12-29 23:49:59 INFO  STEP: Is reviwes window open?: true
2025-12-29 23:49:59 INFO  STEP: Number of reviews: 4
2025-12-29 23:49:59 INFO  STEP: stars:5
2025-12-29 23:50:00 INFO  STEP: stars:4
2025-12-29 23:50:00 INFO  STEP: stars:5
2025-12-29 23:50:00 INFO  STEP: stars:2
2025-12-29 23:50:00 INFO  STEP: sum of stars:16
2025-12-29 23:50:00 INFO  STEP: #2 Product rating: 4.5 ||| Actual rating:4.0
2025-12-29 23:50:00 INFO  STEP: === CARD 3 ===
2025-12-29 23:50:00 INFO  STEP: Toggle Reviews
2025-12-29 23:50:00 INFO  STEP: Is reviwes window open?: true
2025-12-29 23:50:01 INFO  STEP: Number of reviews: 4
2025-12-29 23:50:01 INFO  STEP: stars:5
2025-12-29 23:50:01 INFO  STEP: stars:5
2025-12-29 23:50:01 INFO  STEP: stars:1
2025-12-29 23:50:01 INFO  STEP: stars:5
2025-12-29 23:50:01 INFO  STEP: sum of stars:16
2025-12-29 23:50:01 INFO  STEP: #3 Product rating: 4.7 ||| Actual rating:4.0
2025-12-29 23:50:01 INFO  STEP: === CARD 4 ===
2025-12-29 23:50:01 INFO  STEP: Toggle Reviews
2025-12-29 23:50:02 INFO  STEP: Is reviwes window open?: true
2025-12-29 23:50:02 INFO  STEP: Number of reviews: 4
2025-12-29 23:50:02 INFO  STEP: stars:5
2025-12-29 23:50:02 INFO  STEP: stars:5
2025-12-29 23:50:03 INFO  STEP: stars:3
2025-12-29 23:50:03 INFO  STEP: stars:5
2025-12-29 23:50:03 INFO  STEP: sum of stars:18
2025-12-29 23:50:03 INFO  STEP: #4 Product rating: 3.5 ||| Actual rating:4.0
2025-12-29 23:50:03 INFO  STEP: === CARD 5 ===
2025-12-29 23:50:03 INFO  STEP: Toggle Reviews
2025-12-29 23:50:03 INFO  STEP: Is reviwes window open?: true
2025-12-29 23:50:04 INFO  STEP: Number of reviews: 4
2025-12-29 23:50:04 INFO  STEP: stars:5
2025-12-29 23:50:04 INFO  STEP: stars:1
2025-12-29 23:50:04 INFO  STEP: stars:2
2025-12-29 23:50:04 INFO  STEP: stars:3
2025-12-29 23:50:04 INFO  STEP: sum of stars:11
2025-12-29 23:50:04 INFO  STEP: #5 Product rating: 3.2 ||| Actual rating:2.0
2025-12-29 23:50:04 ERROR STEP FAIL: All reviews ratings should match the product rating
2025-12-29 23:50:04 ERROR === FAIL  tests.productCardsTests.RatingMatchesReviewsTests.reviewsShouldMatchRating[Exp#4 [f1=1, f2=2, f3=1, f4=1, f5=2, f6=2, f7=3, f8=3]] ===
java.lang.AssertionError: All reviews ratings should match the product rating
	at org.junit.Assert.fail(Assert.java:89) ~[junit-4.13.jar:4.13]
	at org.junit.Assert.assertTrue(Assert.java:42) ~[junit-4.13.jar:4.13]
	at tests.BaseTest.checkTrue(BaseTest.java:92) ~[test-classes/:?]
	at tests.productCardsTests.RatingMatchesReviewsTests.reviewsShouldMatchRating(RatingMatchesReviewsTests.java:80) ~[test-classes/:?]
	at jdk.internal.reflect.DirectMethodHandleAccessor.invoke(DirectMethodHandleAccessor.java:103) ~[?:?]
	at java.lang.reflect.Method.invoke(Method.java:580) ~[?:?]
	at org.junit.runners.model.FrameworkMethod$1.runReflectiveCall(FrameworkMethod.java:59) ~[junit-4.13.jar:4.13]
	at org.junit.internal.runners.model.ReflectiveCallable.run(ReflectiveCallable.java:12) ~[junit-4.13.jar:4.13]
	at org.junit.runners.model.FrameworkMethod.invokeExplosively(FrameworkMethod.java:56) ~[junit-4.13.jar:4.13]
	at org.junit.internal.runners.statements.InvokeMethod.evaluate(InvokeMethod.java:17) ~[junit-4.13.jar:4.13]
	at org.junit.internal.runners.statements.RunBefores.evaluate(RunBefores.java:26) ~[junit-4.13.jar:4.13]
	at org.junit.internal.runners.statements.RunAfters.evaluate(RunAfters.java:27) ~[junit-4.13.jar:4.13]
	at org.junit.rules.TestWatcher$1.evaluate(TestWatcher.java:61) [junit-4.13.jar:4.13]
	at org.junit.runners.ParentRunner$3.evaluate(ParentRunner.java:306) [junit-4.13.jar:4.13]
	at org.junit.runners.BlockJUnit4ClassRunner$1.evaluate(BlockJUnit4ClassRunner.java:100) [junit-4.13.jar:4.13]
	at org.junit.runners.ParentRunner.runLeaf(ParentRunner.java:366) [junit-4.13.jar:4.13]
	at org.junit.runners.BlockJUnit4ClassRunner.runChild(BlockJUnit4ClassRunner.java:103) [junit-4.13.jar:4.13]
	at org.junit.runners.BlockJUnit4ClassRunner.runChild(BlockJUnit4ClassRunner.java:63) [junit-4.13.jar:4.13]
	at org.junit.runners.ParentRunner$4.run(ParentRunner.java:331) [junit-4.13.jar:4.13]
	at org.junit.runners.ParentRunner$1.schedule(ParentRunner.java:79) [junit-4.13.jar:4.13]
	at org.junit.runners.ParentRunner.runChildren(ParentRunner.java:329) [junit-4.13.jar:4.13]
	at org.junit.runners.ParentRunner.access$100(ParentRunner.java:66) [junit-4.13.jar:4.13]
	at org.junit.runners.ParentRunner$2.evaluate(ParentRunner.java:293) [junit-4.13.jar:4.13]
	at org.junit.runners.ParentRunner.run(ParentRunner.java:413) [junit-4.13.jar:4.13]
	at org.junit.runners.Suite.runChild(Suite.java:128) [junit-4.13.jar:4.13]
	at org.junit.runners.Suite.runChild(Suite.java:27) [junit-4.13.jar:4.13]
	at org.junit.runners.ParentRunner$4.run(ParentRunner.java:331) [junit-4.13.jar:4.13]
	at org.junit.runners.ParentRunner$1.schedule(ParentRunner.java:79) [junit-4.13.jar:4.13]
	at org.junit.runners.ParentRunner.runChildren(ParentRunner.java:329) [junit-4.13.jar:4.13]
	at org.junit.runners.ParentRunner.access$100(ParentRunner.java:66) [junit-4.13.jar:4.13]
	at org.junit.runners.ParentRunner$2.evaluate(ParentRunner.java:293) [junit-4.13.jar:4.13]
	at org.junit.internal.runners.statements.RunAfters.evaluate(RunAfters.java:27) [junit-4.13.jar:4.13]
	at org.junit.runners.ParentRunner$3.evaluate(ParentRunner.java:306) [junit-4.13.jar:4.13]
	at org.junit.runners.ParentRunner.run(ParentRunner.java:413) [junit-4.13.jar:4.13]
	at org.eclipse.jdt.internal.junit4.runner.JUnit4TestReference.run(JUnit4TestReference.java:93) [.cp/:?]
	at org.eclipse.jdt.internal.junit.runner.TestExecution.run(TestExecution.java:40) [.cp/:?]
	at org.eclipse.jdt.internal.junit.runner.RemoteTestRunner.runTests(RemoteTestRunner.java:530) [.cp/:?]
	at org.eclipse.jdt.internal.junit.runner.RemoteTestRunner.runTests(RemoteTestRunner.java:758) [.cp/:?]
	at org.eclipse.jdt.internal.junit.runner.RemoteTestRunner.run(RemoteTestRunner.java:453) [.cp/:?]
	at org.eclipse.jdt.internal.junit.runner.RemoteTestRunner.main(RemoteTestRunner.java:211) [.cp/:?]
2025-12-29 23:50:04 INFO  === END   tests.productCardsTests.RatingMatchesReviewsTests.reviewsShouldMatchRating[Exp#4 [f1=1, f2=2, f3=1, f4=1, f5=2, f6=2, f7=3, f8=3]] ===
2025-12-29 23:50:04 INFO  === START tests.productCardsTests.RatingMatchesReviewsTests.numberOfReviewsShouldMatch[Exp#4 [f1=1, f2=2, f3=1, f4=1, f5=2, f6=2, f7=3, f8=3]] ===
2025-12-29 23:50:04 INFO  STEP: ♻️ Using existing results for same input.
2025-12-29 23:50:04 INFO  STEP: === CARD 1 ===
2025-12-29 23:50:04 INFO  STEP: Toggle Reviews
2025-12-29 23:50:04 INFO  STEP: Is reviwes window open?: true
2025-12-29 23:50:05 INFO  STEP: #1 review_count:4 actual_count: 4
2025-12-29 23:50:05 INFO  STEP: === CARD 2 ===
2025-12-29 23:50:05 INFO  STEP: Toggle Reviews
2025-12-29 23:50:05 INFO  STEP: Is reviwes window open?: true
2025-12-29 23:50:05 INFO  STEP: #2 review_count:4 actual_count: 4
2025-12-29 23:50:05 INFO  STEP: === CARD 3 ===
2025-12-29 23:50:06 INFO  STEP: Toggle Reviews
2025-12-29 23:50:06 INFO  STEP: Is reviwes window open?: true
2025-12-29 23:50:06 INFO  STEP: #3 review_count:4 actual_count: 4
2025-12-29 23:50:06 INFO  STEP: === CARD 4 ===
2025-12-29 23:50:06 INFO  STEP: Toggle Reviews
2025-12-29 23:50:06 INFO  STEP: Is reviwes window open?: true
2025-12-29 23:50:07 INFO  STEP: #4 review_count:4 actual_count: 4
2025-12-29 23:50:07 INFO  STEP: === CARD 5 ===
2025-12-29 23:50:07 INFO  STEP: Toggle Reviews
2025-12-29 23:50:07 INFO  STEP: Is reviwes window open?: true
2025-12-29 23:50:07 INFO  STEP: #5 review_count:4 actual_count: 4
2025-12-29 23:50:07 INFO  STEP PASS: number of reviews should match review count
2025-12-29 23:50:07 INFO  === PASS  tests.productCardsTests.RatingMatchesReviewsTests.numberOfReviewsShouldMatch[Exp#4 [f1=1, f2=2, f3=1, f4=1, f5=2, f6=2, f7=3, f8=3]] ===
2025-12-29 23:50:07 INFO  === END   tests.productCardsTests.RatingMatchesReviewsTests.numberOfReviewsShouldMatch[Exp#4 [f1=1, f2=2, f3=1, f4=1, f5=2, f6=2, f7=3, f8=3]] ===
2025-12-29 23:50:07 INFO  === START tests.productCardsTests.RatingMatchesReviewsTests.reviewsShouldMatchRating[Exp#5 [f1=1, f2=2, f3=2, f4=2, f5=3, f6=3, f7=1, f8=1]] ===
2025-12-29 23:50:07 INFO  STEP: 📝 New input: Filling form fields.
2025-12-29 23:50:12 INFO  STEP: === CARD 1 ===
2025-12-29 23:50:12 INFO  STEP: Toggle Reviews
2025-12-29 23:50:12 INFO  STEP: Is reviwes window open?: true
2025-12-29 23:50:13 INFO  STEP: Number of reviews: 4
2025-12-29 23:50:13 INFO  STEP: stars:5
2025-12-29 23:50:13 INFO  STEP: stars:3
2025-12-29 23:50:13 INFO  STEP: stars:5
2025-12-29 23:50:13 INFO  STEP: stars:1
2025-12-29 23:50:13 INFO  STEP: sum of stars:14
2025-12-29 23:50:13 INFO  STEP: #1 Product rating: 4.5 ||| Actual rating:3.0
2025-12-29 23:50:13 INFO  STEP: === CARD 2 ===
2025-12-29 23:50:13 INFO  STEP: Toggle Reviews
2025-12-29 23:50:13 INFO  STEP: Is reviwes window open?: true
2025-12-29 23:50:14 INFO  STEP: Number of reviews: 4
2025-12-29 23:50:14 INFO  STEP: stars:5
2025-12-29 23:50:14 INFO  STEP: stars:5
2025-12-29 23:50:14 INFO  STEP: stars:5
2025-12-29 23:50:14 INFO  STEP: stars:4
2025-12-29 23:50:14 INFO  STEP: sum of stars:19
2025-12-29 23:50:14 INFO  STEP: #2 Product rating: 3.3 ||| Actual rating:4.0
2025-12-29 23:50:14 INFO  STEP: === CARD 3 ===
2025-12-29 23:50:14 INFO  STEP: Toggle Reviews
2025-12-29 23:50:15 INFO  STEP: Is reviwes window open?: true
2025-12-29 23:50:15 INFO  STEP: Number of reviews: 4
2025-12-29 23:50:15 INFO  STEP: stars:5
2025-12-29 23:50:16 INFO  STEP: stars:3
2025-12-29 23:50:16 INFO  STEP: stars:1
2025-12-29 23:50:16 INFO  STEP: stars:5
2025-12-29 23:50:16 INFO  STEP: sum of stars:14
2025-12-29 23:50:16 INFO  STEP: #3 Product rating: 3.9 ||| Actual rating:3.0
2025-12-29 23:50:16 INFO  STEP: === CARD 4 ===
2025-12-29 23:50:16 INFO  STEP: Toggle Reviews
2025-12-29 23:50:16 INFO  STEP: Is reviwes window open?: true
2025-12-29 23:50:17 INFO  STEP: Number of reviews: 4
2025-12-29 23:50:17 INFO  STEP: stars:5
2025-12-29 23:50:17 INFO  STEP: stars:4
2025-12-29 23:50:17 INFO  STEP: stars:4
2025-12-29 23:50:18 INFO  STEP: stars:5
2025-12-29 23:50:18 INFO  STEP: sum of stars:18
2025-12-29 23:50:18 INFO  STEP: #4 Product rating: 4.0 ||| Actual rating:4.0
2025-12-29 23:50:18 INFO  STEP: === CARD 5 ===
2025-12-29 23:50:18 INFO  STEP: Toggle Reviews
2025-12-29 23:50:18 INFO  STEP: Is reviwes window open?: true
2025-12-29 23:50:18 INFO  STEP: Number of reviews: 4
2025-12-29 23:50:19 INFO  STEP: stars:5
2025-12-29 23:50:19 INFO  STEP: stars:5
2025-12-29 23:50:19 INFO  STEP: stars:5
2025-12-29 23:50:19 INFO  STEP: stars:5
2025-12-29 23:50:19 INFO  STEP: sum of stars:20
2025-12-29 23:50:19 INFO  STEP: #5 Product rating: 4.6 ||| Actual rating:5.0
2025-12-29 23:50:19 ERROR STEP FAIL: All reviews ratings should match the product rating
2025-12-29 23:50:19 ERROR === FAIL  tests.productCardsTests.RatingMatchesReviewsTests.reviewsShouldMatchRating[Exp#5 [f1=1, f2=2, f3=2, f4=2, f5=3, f6=3, f7=1, f8=1]] ===
java.lang.AssertionError: All reviews ratings should match the product rating
	at org.junit.Assert.fail(Assert.java:89) ~[junit-4.13.jar:4.13]
	at org.junit.Assert.assertTrue(Assert.java:42) ~[junit-4.13.jar:4.13]
	at tests.BaseTest.checkTrue(BaseTest.java:92) ~[test-classes/:?]
	at tests.productCardsTests.RatingMatchesReviewsTests.reviewsShouldMatchRating(RatingMatchesReviewsTests.java:80) ~[test-classes/:?]
	at jdk.internal.reflect.DirectMethodHandleAccessor.invoke(DirectMethodHandleAccessor.java:103) ~[?:?]
	at java.lang.reflect.Method.invoke(Method.java:580) ~[?:?]
	at org.junit.runners.model.FrameworkMethod$1.runReflectiveCall(FrameworkMethod.java:59) ~[junit-4.13.jar:4.13]
	at org.junit.internal.runners.model.ReflectiveCallable.run(ReflectiveCallable.java:12) ~[junit-4.13.jar:4.13]
	at org.junit.runners.model.FrameworkMethod.invokeExplosively(FrameworkMethod.java:56) ~[junit-4.13.jar:4.13]
	at org.junit.internal.runners.statements.InvokeMethod.evaluate(InvokeMethod.java:17) ~[junit-4.13.jar:4.13]
	at org.junit.internal.runners.statements.RunBefores.evaluate(RunBefores.java:26) ~[junit-4.13.jar:4.13]
	at org.junit.internal.runners.statements.RunAfters.evaluate(RunAfters.java:27) ~[junit-4.13.jar:4.13]
	at org.junit.rules.TestWatcher$1.evaluate(TestWatcher.java:61) [junit-4.13.jar:4.13]
	at org.junit.runners.ParentRunner$3.evaluate(ParentRunner.java:306) [junit-4.13.jar:4.13]
	at org.junit.runners.BlockJUnit4ClassRunner$1.evaluate(BlockJUnit4ClassRunner.java:100) [junit-4.13.jar:4.13]
	at org.junit.runners.ParentRunner.runLeaf(ParentRunner.java:366) [junit-4.13.jar:4.13]
	at org.junit.runners.BlockJUnit4ClassRunner.runChild(BlockJUnit4ClassRunner.java:103) [junit-4.13.jar:4.13]
	at org.junit.runners.BlockJUnit4ClassRunner.runChild(BlockJUnit4ClassRunner.java:63) [junit-4.13.jar:4.13]
	at org.junit.runners.ParentRunner$4.run(ParentRunner.java:331) [junit-4.13.jar:4.13]
	at org.junit.runners.ParentRunner$1.schedule(ParentRunner.java:79) [junit-4.13.jar:4.13]
	at org.junit.runners.ParentRunner.runChildren(ParentRunner.java:329) [junit-4.13.jar:4.13]
	at org.junit.runners.ParentRunner.access$100(ParentRunner.java:66) [junit-4.13.jar:4.13]
	at org.junit.runners.ParentRunner$2.evaluate(ParentRunner.java:293) [junit-4.13.jar:4.13]
	at org.junit.runners.ParentRunner.run(ParentRunner.java:413) [junit-4.13.jar:4.13]
	at org.junit.runners.Suite.runChild(Suite.java:128) [junit-4.13.jar:4.13]
	at org.junit.runners.Suite.runChild(Suite.java:27) [junit-4.13.jar:4.13]
	at org.junit.runners.ParentRunner$4.run(ParentRunner.java:331) [junit-4.13.jar:4.13]
	at org.junit.runners.ParentRunner$1.schedule(ParentRunner.java:79) [junit-4.13.jar:4.13]
	at org.junit.runners.ParentRunner.runChildren(ParentRunner.java:329) [junit-4.13.jar:4.13]
	at org.junit.runners.ParentRunner.access$100(ParentRunner.java:66) [junit-4.13.jar:4.13]
	at org.junit.runners.ParentRunner$2.evaluate(ParentRunner.java:293) [junit-4.13.jar:4.13]
	at org.junit.internal.runners.statements.RunAfters.evaluate(RunAfters.java:27) [junit-4.13.jar:4.13]
	at org.junit.runners.ParentRunner$3.evaluate(ParentRunner.java:306) [junit-4.13.jar:4.13]
	at org.junit.runners.ParentRunner.run(ParentRunner.java:413) [junit-4.13.jar:4.13]
	at org.eclipse.jdt.internal.junit4.runner.JUnit4TestReference.run(JUnit4TestReference.java:93) [.cp/:?]
	at org.eclipse.jdt.internal.junit.runner.TestExecution.run(TestExecution.java:40) [.cp/:?]
	at org.eclipse.jdt.internal.junit.runner.RemoteTestRunner.runTests(RemoteTestRunner.java:530) [.cp/:?]
	at org.eclipse.jdt.internal.junit.runner.RemoteTestRunner.runTests(RemoteTestRunner.java:758) [.cp/:?]
	at org.eclipse.jdt.internal.junit.runner.RemoteTestRunner.run(RemoteTestRunner.java:453) [.cp/:?]
	at org.eclipse.jdt.internal.junit.runner.RemoteTestRunner.main(RemoteTestRunner.java:211) [.cp/:?]
2025-12-29 23:50:19 INFO  === END   tests.productCardsTests.RatingMatchesReviewsTests.reviewsShouldMatchRating[Exp#5 [f1=1, f2=2, f3=2, f4=2, f5=3, f6=3, f7=1, f8=1]] ===
2025-12-29 23:50:19 INFO  === START tests.productCardsTests.RatingMatchesReviewsTests.numberOfReviewsShouldMatch[Exp#5 [f1=1, f2=2, f3=2, f4=2, f5=3, f6=3, f7=1, f8=1]] ===
2025-12-29 23:50:19 INFO  STEP: ♻️ Using existing results for same input.
2025-12-29 23:50:19 INFO  STEP: === CARD 1 ===
2025-12-29 23:50:19 INFO  STEP: Toggle Reviews
2025-12-29 23:50:19 INFO  STEP: Is reviwes window open?: true
2025-12-29 23:50:20 INFO  STEP: #1 review_count:4 actual_count: 4
2025-12-29 23:50:20 INFO  STEP: === CARD 2 ===
2025-12-29 23:50:20 INFO  STEP: Toggle Reviews
2025-12-29 23:50:20 INFO  STEP: Is reviwes window open?: true
2025-12-29 23:50:21 INFO  STEP: #2 review_count:4 actual_count: 4
2025-12-29 23:50:21 INFO  STEP: === CARD 3 ===
2025-12-29 23:50:21 INFO  STEP: Toggle Reviews
2025-12-29 23:50:21 INFO  STEP: Is reviwes window open?: true
2025-12-29 23:50:21 INFO  STEP: #3 review_count:4 actual_count: 4
2025-12-29 23:50:21 INFO  STEP: === CARD 4 ===
2025-12-29 23:50:21 INFO  STEP: Toggle Reviews
2025-12-29 23:50:21 INFO  STEP: Is reviwes window open?: true
2025-12-29 23:50:22 INFO  STEP: #4 review_count:4 actual_count: 4
2025-12-29 23:50:22 INFO  STEP: === CARD 5 ===
2025-12-29 23:50:22 INFO  STEP: Toggle Reviews
2025-12-29 23:50:22 INFO  STEP: Is reviwes window open?: true
2025-12-29 23:50:22 INFO  STEP: #5 review_count:4 actual_count: 4
2025-12-29 23:50:22 INFO  STEP PASS: number of reviews should match review count
2025-12-29 23:50:22 INFO  === PASS  tests.productCardsTests.RatingMatchesReviewsTests.numberOfReviewsShouldMatch[Exp#5 [f1=1, f2=2, f3=2, f4=2, f5=3, f6=3, f7=1, f8=1]] ===
2025-12-29 23:50:22 INFO  === END   tests.productCardsTests.RatingMatchesReviewsTests.numberOfReviewsShouldMatch[Exp#5 [f1=1, f2=2, f3=2, f4=2, f5=3, f6=3, f7=1, f8=1]] ===
2025-12-29 23:50:22 INFO  === START tests.productCardsTests.RatingMatchesReviewsTests.reviewsShouldMatchRating[Exp#6 [f1=1, f2=2, f3=3, f4=3, f5=1, f6=1, f7=2, f8=2]] ===
2025-12-29 23:50:22 INFO  STEP: 📝 New input: Filling form fields.
2025-12-29 23:50:27 INFO  STEP: === CARD 1 ===
2025-12-29 23:50:27 INFO  STEP: Toggle Reviews
2025-12-29 23:50:27 INFO  STEP: Is reviwes window open?: true
2025-12-29 23:50:28 INFO  STEP: Number of reviews: 4
2025-12-29 23:50:28 INFO  STEP: stars:5
2025-12-29 23:50:28 INFO  STEP: stars:5
2025-12-29 23:50:29 INFO  STEP: stars:4
2025-12-29 23:50:29 INFO  STEP: stars:1
2025-12-29 23:50:29 INFO  STEP: sum of stars:15
2025-12-29 23:50:29 INFO  STEP: #1 Product rating: 2.6 ||| Actual rating:3.0
2025-12-29 23:50:29 INFO  STEP: === CARD 2 ===
2025-12-29 23:50:29 INFO  STEP: Toggle Reviews
2025-12-29 23:50:29 INFO  STEP: Is reviwes window open?: true
2025-12-29 23:50:30 INFO  STEP: Number of reviews: 4
2025-12-29 23:50:30 INFO  STEP: stars:5
2025-12-29 23:50:30 INFO  STEP: stars:5
2025-12-29 23:50:31 INFO  STEP: stars:2
2025-12-29 23:50:31 INFO  STEP: stars:4
2025-12-29 23:50:31 INFO  STEP: sum of stars:16
2025-12-29 23:50:31 INFO  STEP: #2 Product rating: 4.7 ||| Actual rating:4.0
2025-12-29 23:50:31 INFO  STEP: === CARD 3 ===
2025-12-29 23:50:31 INFO  STEP: Toggle Reviews
2025-12-29 23:50:31 INFO  STEP: Is reviwes window open?: true
2025-12-29 23:50:32 INFO  STEP: Number of reviews: 4
2025-12-29 23:50:32 INFO  STEP: stars:5
2025-12-29 23:50:32 INFO  STEP: stars:4
2025-12-29 23:50:33 INFO  STEP: stars:4
2025-12-29 23:50:33 INFO  STEP: stars:4
2025-12-29 23:50:33 INFO  STEP: sum of stars:17
2025-12-29 23:50:33 INFO  STEP: #3 Product rating: 4.9 ||| Actual rating:4.0
2025-12-29 23:50:33 INFO  STEP: === CARD 4 ===
2025-12-29 23:50:33 INFO  STEP: Toggle Reviews
2025-12-29 23:50:33 INFO  STEP: Is reviwes window open?: true
2025-12-29 23:50:34 INFO  STEP: Number of reviews: 4
2025-12-29 23:50:34 INFO  STEP: stars:5
2025-12-29 23:50:34 INFO  STEP: stars:1
2025-12-29 23:50:35 INFO  STEP: stars:4
2025-12-29 23:50:35 INFO  STEP: stars:3
2025-12-29 23:50:35 INFO  STEP: sum of stars:13
2025-12-29 23:50:35 INFO  STEP: #4 Product rating: 4.0 ||| Actual rating:3.0
2025-12-29 23:50:35 INFO  STEP: === CARD 5 ===
2025-12-29 23:50:35 INFO  STEP: Toggle Reviews
2025-12-29 23:50:35 INFO  STEP: Is reviwes window open?: true
2025-12-29 23:50:36 INFO  STEP: Number of reviews: 4
2025-12-29 23:50:36 INFO  STEP: stars:5
2025-12-29 23:50:36 INFO  STEP: stars:4
2025-12-29 23:50:37 INFO  STEP: stars:5
2025-12-29 23:50:37 INFO  STEP: stars:1
2025-12-29 23:50:37 INFO  STEP: sum of stars:15
2025-12-29 23:50:37 INFO  STEP: #5 Product rating: 4.6 ||| Actual rating:3.0
2025-12-29 23:50:37 ERROR STEP FAIL: All reviews ratings should match the product rating
2025-12-29 23:50:37 ERROR === FAIL  tests.productCardsTests.RatingMatchesReviewsTests.reviewsShouldMatchRating[Exp#6 [f1=1, f2=2, f3=3, f4=3, f5=1, f6=1, f7=2, f8=2]] ===
java.lang.AssertionError: All reviews ratings should match the product rating
	at org.junit.Assert.fail(Assert.java:89) ~[junit-4.13.jar:4.13]
	at org.junit.Assert.assertTrue(Assert.java:42) ~[junit-4.13.jar:4.13]
	at tests.BaseTest.checkTrue(BaseTest.java:92) ~[test-classes/:?]
	at tests.productCardsTests.RatingMatchesReviewsTests.reviewsShouldMatchRating(RatingMatchesReviewsTests.java:80) ~[test-classes/:?]
	at jdk.internal.reflect.DirectMethodHandleAccessor.invoke(DirectMethodHandleAccessor.java:103) ~[?:?]
	at java.lang.reflect.Method.invoke(Method.java:580) ~[?:?]
	at org.junit.runners.model.FrameworkMethod$1.runReflectiveCall(FrameworkMethod.java:59) ~[junit-4.13.jar:4.13]
	at org.junit.internal.runners.model.ReflectiveCallable.run(ReflectiveCallable.java:12) ~[junit-4.13.jar:4.13]
	at org.junit.runners.model.FrameworkMethod.invokeExplosively(FrameworkMethod.java:56) ~[junit-4.13.jar:4.13]
	at org.junit.internal.runners.statements.InvokeMethod.evaluate(InvokeMethod.java:17) ~[junit-4.13.jar:4.13]
	at org.junit.internal.runners.statements.RunBefores.evaluate(RunBefores.java:26) ~[junit-4.13.jar:4.13]
	at org.junit.internal.runners.statements.RunAfters.evaluate(RunAfters.java:27) ~[junit-4.13.jar:4.13]
	at org.junit.rules.TestWatcher$1.evaluate(TestWatcher.java:61) [junit-4.13.jar:4.13]
	at org.junit.runners.ParentRunner$3.evaluate(ParentRunner.java:306) [junit-4.13.jar:4.13]
	at org.junit.runners.BlockJUnit4ClassRunner$1.evaluate(BlockJUnit4ClassRunner.java:100) [junit-4.13.jar:4.13]
	at org.junit.runners.ParentRunner.runLeaf(ParentRunner.java:366) [junit-4.13.jar:4.13]
	at org.junit.runners.BlockJUnit4ClassRunner.runChild(BlockJUnit4ClassRunner.java:103) [junit-4.13.jar:4.13]
	at org.junit.runners.BlockJUnit4ClassRunner.runChild(BlockJUnit4ClassRunner.java:63) [junit-4.13.jar:4.13]
	at org.junit.runners.ParentRunner$4.run(ParentRunner.java:331) [junit-4.13.jar:4.13]
	at org.junit.runners.ParentRunner$1.schedule(ParentRunner.java:79) [junit-4.13.jar:4.13]
	at org.junit.runners.ParentRunner.runChildren(ParentRunner.java:329) [junit-4.13.jar:4.13]
	at org.junit.runners.ParentRunner.access$100(ParentRunner.java:66) [junit-4.13.jar:4.13]
	at org.junit.runners.ParentRunner$2.evaluate(ParentRunner.java:293) [junit-4.13.jar:4.13]
	at org.junit.runners.ParentRunner.run(ParentRunner.java:413) [junit-4.13.jar:4.13]
	at org.junit.runners.Suite.runChild(Suite.java:128) [junit-4.13.jar:4.13]
	at org.junit.runners.Suite.runChild(Suite.java:27) [junit-4.13.jar:4.13]
	at org.junit.runners.ParentRunner$4.run(ParentRunner.java:331) [junit-4.13.jar:4.13]
	at org.junit.runners.ParentRunner$1.schedule(ParentRunner.java:79) [junit-4.13.jar:4.13]
	at org.junit.runners.ParentRunner.runChildren(ParentRunner.java:329) [junit-4.13.jar:4.13]
	at org.junit.runners.ParentRunner.access$100(ParentRunner.java:66) [junit-4.13.jar:4.13]
	at org.junit.runners.ParentRunner$2.evaluate(ParentRunner.java:293) [junit-4.13.jar:4.13]
	at org.junit.internal.runners.statements.RunAfters.evaluate(RunAfters.java:27) [junit-4.13.jar:4.13]
	at org.junit.runners.ParentRunner$3.evaluate(ParentRunner.java:306) [junit-4.13.jar:4.13]
	at org.junit.runners.ParentRunner.run(ParentRunner.java:413) [junit-4.13.jar:4.13]
	at org.eclipse.jdt.internal.junit4.runner.JUnit4TestReference.run(JUnit4TestReference.java:93) [.cp/:?]
	at org.eclipse.jdt.internal.junit.runner.TestExecution.run(TestExecution.java:40) [.cp/:?]
	at org.eclipse.jdt.internal.junit.runner.RemoteTestRunner.runTests(RemoteTestRunner.java:530) [.cp/:?]
	at org.eclipse.jdt.internal.junit.runner.RemoteTestRunner.runTests(RemoteTestRunner.java:758) [.cp/:?]
	at org.eclipse.jdt.internal.junit.runner.RemoteTestRunner.run(RemoteTestRunner.java:453) [.cp/:?]
	at org.eclipse.jdt.internal.junit.runner.RemoteTestRunner.main(RemoteTestRunner.java:211) [.cp/:?]
2025-12-29 23:50:37 INFO  === END   tests.productCardsTests.RatingMatchesReviewsTests.reviewsShouldMatchRating[Exp#6 [f1=1, f2=2, f3=3, f4=3, f5=1, f6=1, f7=2, f8=2]] ===
2025-12-29 23:50:37 INFO  === START tests.productCardsTests.RatingMatchesReviewsTests.numberOfReviewsShouldMatch[Exp#6 [f1=1, f2=2, f3=3, f4=3, f5=1, f6=1, f7=2, f8=2]] ===
2025-12-29 23:50:37 INFO  STEP: ♻️ Using existing results for same input.
2025-12-29 23:50:37 INFO  STEP: === CARD 1 ===
2025-12-29 23:50:37 INFO  STEP: Toggle Reviews
2025-12-29 23:50:37 INFO  STEP: Is reviwes window open?: true
2025-12-29 23:50:38 INFO  STEP: #1 review_count:4 actual_count: 4
2025-12-29 23:50:38 INFO  STEP: === CARD 2 ===
2025-12-29 23:50:38 INFO  STEP: Toggle Reviews
2025-12-29 23:50:38 INFO  STEP: Is reviwes window open?: true
2025-12-29 23:50:39 INFO  STEP: #2 review_count:4 actual_count: 4
2025-12-29 23:50:39 INFO  STEP: === CARD 3 ===
2025-12-29 23:50:39 INFO  STEP: Toggle Reviews
2025-12-29 23:50:39 INFO  STEP: Is reviwes window open?: true
2025-12-29 23:50:39 INFO  STEP: #3 review_count:4 actual_count: 4
2025-12-29 23:50:39 INFO  STEP: === CARD 4 ===
2025-12-29 23:50:40 INFO  STEP: Toggle Reviews
2025-12-29 23:50:40 INFO  STEP: Is reviwes window open?: true
2025-12-29 23:50:40 INFO  STEP: #4 review_count:4 actual_count: 4
2025-12-29 23:50:40 INFO  STEP: === CARD 5 ===
2025-12-29 23:50:40 INFO  STEP: Toggle Reviews
2025-12-29 23:50:41 INFO  STEP: Is reviwes window open?: true
2025-12-29 23:50:41 INFO  STEP: #5 review_count:4 actual_count: 4
2025-12-29 23:50:41 INFO  STEP PASS: number of reviews should match review count
2025-12-29 23:50:41 INFO  === PASS  tests.productCardsTests.RatingMatchesReviewsTests.numberOfReviewsShouldMatch[Exp#6 [f1=1, f2=2, f3=3, f4=3, f5=1, f6=1, f7=2, f8=2]] ===
2025-12-29 23:50:41 INFO  === END   tests.productCardsTests.RatingMatchesReviewsTests.numberOfReviewsShouldMatch[Exp#6 [f1=1, f2=2, f3=3, f4=3, f5=1, f6=1, f7=2, f8=2]] ===
2025-12-29 23:50:41 INFO  === START tests.productCardsTests.RatingMatchesReviewsTests.reviewsShouldMatchRating[Exp#7 [f1=1, f2=3, f3=1, f4=2, f5=1, f6=3, f7=2, f8=3]] ===
2025-12-29 23:50:41 INFO  STEP: 📝 New input: Filling form fields.
2025-12-29 23:50:47 INFO  STEP: === CARD 1 ===
2025-12-29 23:50:47 INFO  STEP: Toggle Reviews
2025-12-29 23:50:47 INFO  STEP: Is reviwes window open?: true
2025-12-29 23:50:48 INFO  STEP: Number of reviews: 4
2025-12-29 23:50:48 INFO  STEP: stars:5
2025-12-29 23:50:49 INFO  STEP: stars:5
2025-12-29 23:50:49 INFO  STEP: stars:4
2025-12-29 23:50:49 INFO  STEP: stars:1
2025-12-29 23:50:49 INFO  STEP: sum of stars:15
2025-12-29 23:50:49 INFO  STEP: #1 Product rating: 2.6 ||| Actual rating:3.0
2025-12-29 23:50:49 INFO  STEP: === CARD 2 ===
2025-12-29 23:50:49 INFO  STEP: Toggle Reviews
2025-12-29 23:50:49 INFO  STEP: Is reviwes window open?: true
2025-12-29 23:50:50 INFO  STEP: Number of reviews: 4
2025-12-29 23:50:50 INFO  STEP: stars:5
2025-12-29 23:50:50 INFO  STEP: stars:5
2025-12-29 23:50:51 INFO  STEP: stars:2
2025-12-29 23:50:51 INFO  STEP: stars:4
2025-12-29 23:50:51 INFO  STEP: sum of stars:16
2025-12-29 23:50:51 INFO  STEP: #2 Product rating: 4.7 ||| Actual rating:4.0
2025-12-29 23:50:51 INFO  STEP: === CARD 3 ===
2025-12-29 23:50:51 INFO  STEP: Toggle Reviews
2025-12-29 23:50:51 INFO  STEP: Is reviwes window open?: true
2025-12-29 23:50:52 INFO  STEP: Number of reviews: 4
2025-12-29 23:50:52 INFO  STEP: stars:5
2025-12-29 23:50:52 INFO  STEP: stars:4
2025-12-29 23:50:53 INFO  STEP: stars:4
2025-12-29 23:50:53 INFO  STEP: stars:4
2025-12-29 23:50:53 INFO  STEP: sum of stars:17
2025-12-29 23:50:53 INFO  STEP: #3 Product rating: 4.9 ||| Actual rating:4.0
2025-12-29 23:50:53 INFO  STEP: === CARD 4 ===
2025-12-29 23:50:53 INFO  STEP: Toggle Reviews
2025-12-29 23:50:53 INFO  STEP: Is reviwes window open?: true
2025-12-29 23:50:54 INFO  STEP: Number of reviews: 4
2025-12-29 23:50:54 INFO  STEP: stars:5
2025-12-29 23:50:55 INFO  STEP: stars:1
2025-12-29 23:50:55 INFO  STEP: stars:4
2025-12-29 23:50:55 INFO  STEP: stars:3
2025-12-29 23:50:55 INFO  STEP: sum of stars:13
2025-12-29 23:50:55 INFO  STEP: #4 Product rating: 4.0 ||| Actual rating:3.0
2025-12-29 23:50:55 INFO  STEP: === CARD 5 ===
2025-12-29 23:50:55 INFO  STEP: Toggle Reviews
2025-12-29 23:50:56 INFO  STEP: Is reviwes window open?: true
2025-12-29 23:50:56 INFO  STEP: Number of reviews: 4
2025-12-29 23:50:56 INFO  STEP: stars:5
2025-12-29 23:50:56 INFO  STEP: stars:4
2025-12-29 23:50:56 INFO  STEP: stars:5
2025-12-29 23:50:57 INFO  STEP: stars:1
2025-12-29 23:50:57 INFO  STEP: sum of stars:15
2025-12-29 23:50:57 INFO  STEP: #5 Product rating: 4.6 ||| Actual rating:3.0
2025-12-29 23:50:57 ERROR STEP FAIL: All reviews ratings should match the product rating
2025-12-29 23:50:57 ERROR === FAIL  tests.productCardsTests.RatingMatchesReviewsTests.reviewsShouldMatchRating[Exp#7 [f1=1, f2=3, f3=1, f4=2, f5=1, f6=3, f7=2, f8=3]] ===
java.lang.AssertionError: All reviews ratings should match the product rating
	at org.junit.Assert.fail(Assert.java:89) ~[junit-4.13.jar:4.13]
	at org.junit.Assert.assertTrue(Assert.java:42) ~[junit-4.13.jar:4.13]
	at tests.BaseTest.checkTrue(BaseTest.java:92) ~[test-classes/:?]
	at tests.productCardsTests.RatingMatchesReviewsTests.reviewsShouldMatchRating(RatingMatchesReviewsTests.java:80) ~[test-classes/:?]
	at jdk.internal.reflect.DirectMethodHandleAccessor.invoke(DirectMethodHandleAccessor.java:103) ~[?:?]
	at java.lang.reflect.Method.invoke(Method.java:580) ~[?:?]
	at org.junit.runners.model.FrameworkMethod$1.runReflectiveCall(FrameworkMethod.java:59) ~[junit-4.13.jar:4.13]
	at org.junit.internal.runners.model.ReflectiveCallable.run(ReflectiveCallable.java:12) ~[junit-4.13.jar:4.13]
	at org.junit.runners.model.FrameworkMethod.invokeExplosively(FrameworkMethod.java:56) ~[junit-4.13.jar:4.13]
	at org.junit.internal.runners.statements.InvokeMethod.evaluate(InvokeMethod.java:17) ~[junit-4.13.jar:4.13]
	at org.junit.internal.runners.statements.RunBefores.evaluate(RunBefores.java:26) ~[junit-4.13.jar:4.13]
	at org.junit.internal.runners.statements.RunAfters.evaluate(RunAfters.java:27) ~[junit-4.13.jar:4.13]
	at org.junit.rules.TestWatcher$1.evaluate(TestWatcher.java:61) [junit-4.13.jar:4.13]
	at org.junit.runners.ParentRunner$3.evaluate(ParentRunner.java:306) [junit-4.13.jar:4.13]
	at org.junit.runners.BlockJUnit4ClassRunner$1.evaluate(BlockJUnit4ClassRunner.java:100) [junit-4.13.jar:4.13]
	at org.junit.runners.ParentRunner.runLeaf(ParentRunner.java:366) [junit-4.13.jar:4.13]
	at org.junit.runners.BlockJUnit4ClassRunner.runChild(BlockJUnit4ClassRunner.java:103) [junit-4.13.jar:4.13]
	at org.junit.runners.BlockJUnit4ClassRunner.runChild(BlockJUnit4ClassRunner.java:63) [junit-4.13.jar:4.13]
	at org.junit.runners.ParentRunner$4.run(ParentRunner.java:331) [junit-4.13.jar:4.13]
	at org.junit.runners.ParentRunner$1.schedule(ParentRunner.java:79) [junit-4.13.jar:4.13]
	at org.junit.runners.ParentRunner.runChildren(ParentRunner.java:329) [junit-4.13.jar:4.13]
	at org.junit.runners.ParentRunner.access$100(ParentRunner.java:66) [junit-4.13.jar:4.13]
	at org.junit.runners.ParentRunner$2.evaluate(ParentRunner.java:293) [junit-4.13.jar:4.13]
	at org.junit.runners.ParentRunner.run(ParentRunner.java:413) [junit-4.13.jar:4.13]
	at org.junit.runners.Suite.runChild(Suite.java:128) [junit-4.13.jar:4.13]
	at org.junit.runners.Suite.runChild(Suite.java:27) [junit-4.13.jar:4.13]
	at org.junit.runners.ParentRunner$4.run(ParentRunner.java:331) [junit-4.13.jar:4.13]
	at org.junit.runners.ParentRunner$1.schedule(ParentRunner.java:79) [junit-4.13.jar:4.13]
	at org.junit.runners.ParentRunner.runChildren(ParentRunner.java:329) [junit-4.13.jar:4.13]
	at org.junit.runners.ParentRunner.access$100(ParentRunner.java:66) [junit-4.13.jar:4.13]
	at org.junit.runners.ParentRunner$2.evaluate(ParentRunner.java:293) [junit-4.13.jar:4.13]
	at org.junit.internal.runners.statements.RunAfters.evaluate(RunAfters.java:27) [junit-4.13.jar:4.13]
	at org.junit.runners.ParentRunner$3.evaluate(ParentRunner.java:306) [junit-4.13.jar:4.13]
	at org.junit.runners.ParentRunner.run(ParentRunner.java:413) [junit-4.13.jar:4.13]
	at org.eclipse.jdt.internal.junit4.runner.JUnit4TestReference.run(JUnit4TestReference.java:93) [.cp/:?]
	at org.eclipse.jdt.internal.junit.runner.TestExecution.run(TestExecution.java:40) [.cp/:?]
	at org.eclipse.jdt.internal.junit.runner.RemoteTestRunner.runTests(RemoteTestRunner.java:530) [.cp/:?]
	at org.eclipse.jdt.internal.junit.runner.RemoteTestRunner.runTests(RemoteTestRunner.java:758) [.cp/:?]
	at org.eclipse.jdt.internal.junit.runner.RemoteTestRunner.run(RemoteTestRunner.java:453) [.cp/:?]
	at org.eclipse.jdt.internal.junit.runner.RemoteTestRunner.main(RemoteTestRunner.java:211) [.cp/:?]
2025-12-29 23:50:57 INFO  === END   tests.productCardsTests.RatingMatchesReviewsTests.reviewsShouldMatchRating[Exp#7 [f1=1, f2=3, f3=1, f4=2, f5=1, f6=3, f7=2, f8=3]] ===
2025-12-29 23:50:57 INFO  === START tests.productCardsTests.RatingMatchesReviewsTests.numberOfReviewsShouldMatch[Exp#7 [f1=1, f2=3, f3=1, f4=2, f5=1, f6=3, f7=2, f8=3]] ===
2025-12-29 23:50:57 INFO  STEP: ♻️ Using existing results for same input.
2025-12-29 23:50:57 INFO  STEP: === CARD 1 ===
2025-12-29 23:50:57 INFO  STEP: Toggle Reviews
2025-12-29 23:50:57 INFO  STEP: Is reviwes window open?: true
2025-12-29 23:50:58 INFO  STEP: #1 review_count:4 actual_count: 4
2025-12-29 23:50:58 INFO  STEP: === CARD 2 ===
2025-12-29 23:50:58 INFO  STEP: Toggle Reviews
2025-12-29 23:50:58 INFO  STEP: Is reviwes window open?: true
2025-12-29 23:50:58 INFO  STEP: #2 review_count:4 actual_count: 4
2025-12-29 23:50:58 INFO  STEP: === CARD 3 ===
2025-12-29 23:50:59 INFO  STEP: Toggle Reviews
2025-12-29 23:50:59 INFO  STEP: Is reviwes window open?: true
2025-12-29 23:50:59 INFO  STEP: #3 review_count:4 actual_count: 4
2025-12-29 23:50:59 INFO  STEP: === CARD 4 ===
2025-12-29 23:50:59 INFO  STEP: Toggle Reviews
2025-12-29 23:50:59 INFO  STEP: Is reviwes window open?: true
2025-12-29 23:51:00 INFO  STEP: #4 review_count:4 actual_count: 4
2025-12-29 23:51:00 INFO  STEP: === CARD 5 ===
2025-12-29 23:51:00 INFO  STEP: Toggle Reviews
2025-12-29 23:51:00 INFO  STEP: Is reviwes window open?: true
2025-12-29 23:51:01 INFO  STEP: #5 review_count:4 actual_count: 4
2025-12-29 23:51:01 INFO  STEP PASS: number of reviews should match review count
2025-12-29 23:51:01 INFO  === PASS  tests.productCardsTests.RatingMatchesReviewsTests.numberOfReviewsShouldMatch[Exp#7 [f1=1, f2=3, f3=1, f4=2, f5=1, f6=3, f7=2, f8=3]] ===
2025-12-29 23:51:01 INFO  === END   tests.productCardsTests.RatingMatchesReviewsTests.numberOfReviewsShouldMatch[Exp#7 [f1=1, f2=3, f3=1, f4=2, f5=1, f6=3, f7=2, f8=3]] ===
2025-12-29 23:51:01 INFO  === START tests.productCardsTests.RatingMatchesReviewsTests.reviewsShouldMatchRating[Exp#8 [f1=1, f2=3, f3=2, f4=3, f5=2, f6=1, f7=3, f8=1]] ===
2025-12-29 23:51:01 INFO  STEP: 📝 New input: Filling form fields.
2025-12-29 23:51:07 INFO  STEP: === CARD 1 ===
2025-12-29 23:51:08 INFO  STEP: Toggle Reviews
2025-12-29 23:51:08 INFO  STEP: Is reviwes window open?: true
2025-12-29 23:51:09 INFO  STEP: Number of reviews: 4
2025-12-29 23:51:09 INFO  STEP: stars:5
2025-12-29 23:51:09 INFO  STEP: stars:5
2025-12-29 23:51:09 INFO  STEP: stars:1
2025-12-29 23:51:09 INFO  STEP: stars:5
2025-12-29 23:51:09 INFO  STEP: sum of stars:16
2025-12-29 23:51:09 INFO  STEP: #1 Product rating: 2.8 ||| Actual rating:4.0
2025-12-29 23:51:09 INFO  STEP: === CARD 2 ===
2025-12-29 23:51:09 INFO  STEP: Toggle Reviews
2025-12-29 23:51:10 INFO  STEP: Is reviwes window open?: true
2025-12-29 23:51:10 INFO  STEP: Number of reviews: 4
2025-12-29 23:51:10 INFO  STEP: stars:5
2025-12-29 23:51:10 INFO  STEP: stars:4
2025-12-29 23:51:10 INFO  STEP: stars:5
2025-12-29 23:51:11 INFO  STEP: stars:2
2025-12-29 23:51:11 INFO  STEP: sum of stars:16
2025-12-29 23:51:11 INFO  STEP: #2 Product rating: 3.9 ||| Actual rating:4.0
2025-12-29 23:51:11 INFO  STEP: === CARD 3 ===
2025-12-29 23:51:11 INFO  STEP: Toggle Reviews
2025-12-29 23:51:11 INFO  STEP: Is reviwes window open?: true
2025-12-29 23:51:11 INFO  STEP: Number of reviews: 4
2025-12-29 23:51:12 INFO  STEP: stars:5
2025-12-29 23:51:12 INFO  STEP: stars:3
2025-12-29 23:51:12 INFO  STEP: stars:4
2025-12-29 23:51:12 INFO  STEP: stars:5
2025-12-29 23:51:12 INFO  STEP: sum of stars:17
2025-12-29 23:51:12 INFO  STEP: #3 Product rating: 3.4 ||| Actual rating:4.0
2025-12-29 23:51:12 INFO  STEP: === CARD 4 ===
2025-12-29 23:51:12 INFO  STEP: Toggle Reviews
2025-12-29 23:51:12 INFO  STEP: Is reviwes window open?: true
2025-12-29 23:51:13 INFO  STEP: Number of reviews: 4
2025-12-29 23:51:13 INFO  STEP: stars:5
2025-12-29 23:51:13 INFO  STEP: stars:4
2025-12-29 23:51:13 INFO  STEP: stars:5
2025-12-29 23:51:13 INFO  STEP: stars:2
2025-12-29 23:51:13 INFO  STEP: sum of stars:16
2025-12-29 23:51:13 INFO  STEP: #4 Product rating: 2.5 ||| Actual rating:4.0
2025-12-29 23:51:13 INFO  STEP: === CARD 5 ===
2025-12-29 23:51:14 INFO  STEP: Toggle Reviews
2025-12-29 23:51:14 INFO  STEP: Is reviwes window open?: true
2025-12-29 23:51:14 INFO  STEP: Number of reviews: 4
2025-12-29 23:51:14 INFO  STEP: stars:5
2025-12-29 23:51:15 INFO  STEP: stars:5
2025-12-29 23:51:15 INFO  STEP: stars:3
2025-12-29 23:51:15 INFO  STEP: stars:5
2025-12-29 23:51:15 INFO  STEP: sum of stars:18
2025-12-29 23:51:15 INFO  STEP: #5 Product rating: 4.1 ||| Actual rating:4.0
2025-12-29 23:51:15 ERROR STEP FAIL: All reviews ratings should match the product rating
2025-12-29 23:51:15 ERROR === FAIL  tests.productCardsTests.RatingMatchesReviewsTests.reviewsShouldMatchRating[Exp#8 [f1=1, f2=3, f3=2, f4=3, f5=2, f6=1, f7=3, f8=1]] ===
java.lang.AssertionError: All reviews ratings should match the product rating
	at org.junit.Assert.fail(Assert.java:89) ~[junit-4.13.jar:4.13]
	at org.junit.Assert.assertTrue(Assert.java:42) ~[junit-4.13.jar:4.13]
	at tests.BaseTest.checkTrue(BaseTest.java:92) ~[test-classes/:?]
	at tests.productCardsTests.RatingMatchesReviewsTests.reviewsShouldMatchRating(RatingMatchesReviewsTests.java:80) ~[test-classes/:?]
	at jdk.internal.reflect.DirectMethodHandleAccessor.invoke(DirectMethodHandleAccessor.java:103) ~[?:?]
	at java.lang.reflect.Method.invoke(Method.java:580) ~[?:?]
	at org.junit.runners.model.FrameworkMethod$1.runReflectiveCall(FrameworkMethod.java:59) ~[junit-4.13.jar:4.13]
	at org.junit.internal.runners.model.ReflectiveCallable.run(ReflectiveCallable.java:12) ~[junit-4.13.jar:4.13]
	at org.junit.runners.model.FrameworkMethod.invokeExplosively(FrameworkMethod.java:56) ~[junit-4.13.jar:4.13]
	at org.junit.internal.runners.statements.InvokeMethod.evaluate(InvokeMethod.java:17) ~[junit-4.13.jar:4.13]
	at org.junit.internal.runners.statements.RunBefores.evaluate(RunBefores.java:26) ~[junit-4.13.jar:4.13]
	at org.junit.internal.runners.statements.RunAfters.evaluate(RunAfters.java:27) ~[junit-4.13.jar:4.13]
	at org.junit.rules.TestWatcher$1.evaluate(TestWatcher.java:61) [junit-4.13.jar:4.13]
	at org.junit.runners.ParentRunner$3.evaluate(ParentRunner.java:306) [junit-4.13.jar:4.13]
	at org.junit.runners.BlockJUnit4ClassRunner$1.evaluate(BlockJUnit4ClassRunner.java:100) [junit-4.13.jar:4.13]
	at org.junit.runners.ParentRunner.runLeaf(ParentRunner.java:366) [junit-4.13.jar:4.13]
	at org.junit.runners.BlockJUnit4ClassRunner.runChild(BlockJUnit4ClassRunner.java:103) [junit-4.13.jar:4.13]
	at org.junit.runners.BlockJUnit4ClassRunner.runChild(BlockJUnit4ClassRunner.java:63) [junit-4.13.jar:4.13]
	at org.junit.runners.ParentRunner$4.run(ParentRunner.java:331) [junit-4.13.jar:4.13]
	at org.junit.runners.ParentRunner$1.schedule(ParentRunner.java:79) [junit-4.13.jar:4.13]
	at org.junit.runners.ParentRunner.runChildren(ParentRunner.java:329) [junit-4.13.jar:4.13]
	at org.junit.runners.ParentRunner.access$100(ParentRunner.java:66) [junit-4.13.jar:4.13]
	at org.junit.runners.ParentRunner$2.evaluate(ParentRunner.java:293) [junit-4.13.jar:4.13]
	at org.junit.runners.ParentRunner.run(ParentRunner.java:413) [junit-4.13.jar:4.13]
	at org.junit.runners.Suite.runChild(Suite.java:128) [junit-4.13.jar:4.13]
	at org.junit.runners.Suite.runChild(Suite.java:27) [junit-4.13.jar:4.13]
	at org.junit.runners.ParentRunner$4.run(ParentRunner.java:331) [junit-4.13.jar:4.13]
	at org.junit.runners.ParentRunner$1.schedule(ParentRunner.java:79) [junit-4.13.jar:4.13]
	at org.junit.runners.ParentRunner.runChildren(ParentRunner.java:329) [junit-4.13.jar:4.13]
	at org.junit.runners.ParentRunner.access$100(ParentRunner.java:66) [junit-4.13.jar:4.13]
	at org.junit.runners.ParentRunner$2.evaluate(ParentRunner.java:293) [junit-4.13.jar:4.13]
	at org.junit.internal.runners.statements.RunAfters.evaluate(RunAfters.java:27) [junit-4.13.jar:4.13]
	at org.junit.runners.ParentRunner$3.evaluate(ParentRunner.java:306) [junit-4.13.jar:4.13]
	at org.junit.runners.ParentRunner.run(ParentRunner.java:413) [junit-4.13.jar:4.13]
	at org.eclipse.jdt.internal.junit4.runner.JUnit4TestReference.run(JUnit4TestReference.java:93) [.cp/:?]
	at org.eclipse.jdt.internal.junit.runner.TestExecution.run(TestExecution.java:40) [.cp/:?]
	at org.eclipse.jdt.internal.junit.runner.RemoteTestRunner.runTests(RemoteTestRunner.java:530) [.cp/:?]
	at org.eclipse.jdt.internal.junit.runner.RemoteTestRunner.runTests(RemoteTestRunner.java:758) [.cp/:?]
	at org.eclipse.jdt.internal.junit.runner.RemoteTestRunner.run(RemoteTestRunner.java:453) [.cp/:?]
	at org.eclipse.jdt.internal.junit.runner.RemoteTestRunner.main(RemoteTestRunner.java:211) [.cp/:?]
2025-12-29 23:51:15 INFO  === END   tests.productCardsTests.RatingMatchesReviewsTests.reviewsShouldMatchRating[Exp#8 [f1=1, f2=3, f3=2, f4=3, f5=2, f6=1, f7=3, f8=1]] ===
2025-12-29 23:51:15 INFO  === START tests.productCardsTests.RatingMatchesReviewsTests.numberOfReviewsShouldMatch[Exp#8 [f1=1, f2=3, f3=2, f4=3, f5=2, f6=1, f7=3, f8=1]] ===
2025-12-29 23:51:15 INFO  STEP: ♻️ Using existing results for same input.
2025-12-29 23:51:15 INFO  STEP: === CARD 1 ===
2025-12-29 23:51:15 INFO  STEP: Toggle Reviews
2025-12-29 23:51:15 INFO  STEP: Is reviwes window open?: true
2025-12-29 23:51:16 INFO  STEP: #1 review_count:4 actual_count: 4
2025-12-29 23:51:16 INFO  STEP: === CARD 2 ===
2025-12-29 23:51:16 INFO  STEP: Toggle Reviews
2025-12-29 23:51:16 INFO  STEP: Is reviwes window open?: true
2025-12-29 23:51:16 INFO  STEP: #2 review_count:4 actual_count: 4
2025-12-29 23:51:16 INFO  STEP: === CARD 3 ===
2025-12-29 23:51:16 INFO  STEP: Toggle Reviews
2025-12-29 23:51:16 INFO  STEP: Is reviwes window open?: true
2025-12-29 23:51:17 INFO  STEP: #3 review_count:4 actual_count: 4
2025-12-29 23:51:17 INFO  STEP: === CARD 4 ===
2025-12-29 23:51:17 INFO  STEP: Toggle Reviews
2025-12-29 23:51:17 INFO  STEP: Is reviwes window open?: true
2025-12-29 23:51:17 INFO  STEP: #4 review_count:4 actual_count: 4
2025-12-29 23:51:17 INFO  STEP: === CARD 5 ===
2025-12-29 23:51:17 INFO  STEP: Toggle Reviews
2025-12-29 23:51:17 INFO  STEP: Is reviwes window open?: true
2025-12-29 23:51:18 INFO  STEP: #5 review_count:4 actual_count: 4
2025-12-29 23:51:18 INFO  STEP PASS: number of reviews should match review count
2025-12-29 23:51:18 INFO  === PASS  tests.productCardsTests.RatingMatchesReviewsTests.numberOfReviewsShouldMatch[Exp#8 [f1=1, f2=3, f3=2, f4=3, f5=2, f6=1, f7=3, f8=1]] ===
2025-12-29 23:51:18 INFO  === END   tests.productCardsTests.RatingMatchesReviewsTests.numberOfReviewsShouldMatch[Exp#8 [f1=1, f2=3, f3=2, f4=3, f5=2, f6=1, f7=3, f8=1]] ===
2025-12-29 23:51:18 INFO  === START tests.productCardsTests.RatingMatchesReviewsTests.reviewsShouldMatchRating[Exp#9 [f1=1, f2=3, f3=3, f4=1, f5=3, f6=2, f7=1, f8=2]] ===
2025-12-29 23:51:18 INFO  STEP: 📝 New input: Filling form fields.
2025-12-29 23:51:22 INFO  STEP: === CARD 1 ===
2025-12-29 23:51:22 INFO  STEP: Toggle Reviews
2025-12-29 23:51:22 INFO  STEP: Is reviwes window open?: true
2025-12-29 23:51:23 INFO  STEP: Number of reviews: 4
2025-12-29 23:51:23 INFO  STEP: stars:5
2025-12-29 23:51:23 INFO  STEP: stars:5
2025-12-29 23:51:23 INFO  STEP: stars:4
2025-12-29 23:51:23 INFO  STEP: stars:1
2025-12-29 23:51:23 INFO  STEP: sum of stars:15
2025-12-29 23:51:23 INFO  STEP: #1 Product rating: 2.6 ||| Actual rating:3.0
2025-12-29 23:51:23 INFO  STEP: === CARD 2 ===
2025-12-29 23:51:23 INFO  STEP: Toggle Reviews
2025-12-29 23:51:24 INFO  STEP: Is reviwes window open?: true
2025-12-29 23:51:24 INFO  STEP: Number of reviews: 4
2025-12-29 23:51:24 INFO  STEP: stars:5
2025-12-29 23:51:24 INFO  STEP: stars:5
2025-12-29 23:51:25 INFO  STEP: stars:2
2025-12-29 23:51:25 INFO  STEP: stars:4
2025-12-29 23:51:25 INFO  STEP: sum of stars:16
2025-12-29 23:51:25 INFO  STEP: #2 Product rating: 4.7 ||| Actual rating:4.0
2025-12-29 23:51:25 INFO  STEP: === CARD 3 ===
2025-12-29 23:51:25 INFO  STEP: Toggle Reviews
2025-12-29 23:51:25 INFO  STEP: Is reviwes window open?: true
2025-12-29 23:51:25 INFO  STEP: Number of reviews: 4
2025-12-29 23:51:26 INFO  STEP: stars:5
2025-12-29 23:51:26 INFO  STEP: stars:4
2025-12-29 23:51:26 INFO  STEP: stars:4
2025-12-29 23:51:26 INFO  STEP: stars:4
2025-12-29 23:51:26 INFO  STEP: sum of stars:17
2025-12-29 23:51:26 INFO  STEP: #3 Product rating: 4.9 ||| Actual rating:4.0
2025-12-29 23:51:26 INFO  STEP: === CARD 4 ===
2025-12-29 23:51:26 INFO  STEP: Toggle Reviews
2025-12-29 23:51:26 INFO  STEP: Is reviwes window open?: true
2025-12-29 23:51:27 INFO  STEP: Number of reviews: 4
2025-12-29 23:51:27 INFO  STEP: stars:5
2025-12-29 23:51:27 INFO  STEP: stars:1
2025-12-29 23:51:27 INFO  STEP: stars:4
2025-12-29 23:51:27 INFO  STEP: stars:3
2025-12-29 23:51:27 INFO  STEP: sum of stars:13
2025-12-29 23:51:27 INFO  STEP: #4 Product rating: 4.0 ||| Actual rating:3.0
2025-12-29 23:51:27 INFO  STEP: === CARD 5 ===
2025-12-29 23:51:27 INFO  STEP: Toggle Reviews
2025-12-29 23:51:27 INFO  STEP: Is reviwes window open?: true
2025-12-29 23:51:28 INFO  STEP: Number of reviews: 4
2025-12-29 23:51:28 INFO  STEP: stars:5
2025-12-29 23:51:28 INFO  STEP: stars:4
2025-12-29 23:51:28 INFO  STEP: stars:5
2025-12-29 23:51:28 INFO  STEP: stars:1
2025-12-29 23:51:28 INFO  STEP: sum of stars:15
2025-12-29 23:51:28 INFO  STEP: #5 Product rating: 4.6 ||| Actual rating:3.0
2025-12-29 23:51:28 ERROR STEP FAIL: All reviews ratings should match the product rating
2025-12-29 23:51:28 ERROR === FAIL  tests.productCardsTests.RatingMatchesReviewsTests.reviewsShouldMatchRating[Exp#9 [f1=1, f2=3, f3=3, f4=1, f5=3, f6=2, f7=1, f8=2]] ===
java.lang.AssertionError: All reviews ratings should match the product rating
	at org.junit.Assert.fail(Assert.java:89) ~[junit-4.13.jar:4.13]
	at org.junit.Assert.assertTrue(Assert.java:42) ~[junit-4.13.jar:4.13]
	at tests.BaseTest.checkTrue(BaseTest.java:92) ~[test-classes/:?]
	at tests.productCardsTests.RatingMatchesReviewsTests.reviewsShouldMatchRating(RatingMatchesReviewsTests.java:80) ~[test-classes/:?]
	at jdk.internal.reflect.DirectMethodHandleAccessor.invoke(DirectMethodHandleAccessor.java:103) ~[?:?]
	at java.lang.reflect.Method.invoke(Method.java:580) ~[?:?]
	at org.junit.runners.model.FrameworkMethod$1.runReflectiveCall(FrameworkMethod.java:59) ~[junit-4.13.jar:4.13]
	at org.junit.internal.runners.model.ReflectiveCallable.run(ReflectiveCallable.java:12) ~[junit-4.13.jar:4.13]
	at org.junit.runners.model.FrameworkMethod.invokeExplosively(FrameworkMethod.java:56) ~[junit-4.13.jar:4.13]
	at org.junit.internal.runners.statements.InvokeMethod.evaluate(InvokeMethod.java:17) ~[junit-4.13.jar:4.13]
	at org.junit.internal.runners.statements.RunBefores.evaluate(RunBefores.java:26) ~[junit-4.13.jar:4.13]
	at org.junit.internal.runners.statements.RunAfters.evaluate(RunAfters.java:27) ~[junit-4.13.jar:4.13]
	at org.junit.rules.TestWatcher$1.evaluate(TestWatcher.java:61) [junit-4.13.jar:4.13]
	at org.junit.runners.ParentRunner$3.evaluate(ParentRunner.java:306) [junit-4.13.jar:4.13]
	at org.junit.runners.BlockJUnit4ClassRunner$1.evaluate(BlockJUnit4ClassRunner.java:100) [junit-4.13.jar:4.13]
	at org.junit.runners.ParentRunner.runLeaf(ParentRunner.java:366) [junit-4.13.jar:4.13]
	at org.junit.runners.BlockJUnit4ClassRunner.runChild(BlockJUnit4ClassRunner.java:103) [junit-4.13.jar:4.13]
	at org.junit.runners.BlockJUnit4ClassRunner.runChild(BlockJUnit4ClassRunner.java:63) [junit-4.13.jar:4.13]
	at org.junit.runners.ParentRunner$4.run(ParentRunner.java:331) [junit-4.13.jar:4.13]
	at org.junit.runners.ParentRunner$1.schedule(ParentRunner.java:79) [junit-4.13.jar:4.13]
	at org.junit.runners.ParentRunner.runChildren(ParentRunner.java:329) [junit-4.13.jar:4.13]
	at org.junit.runners.ParentRunner.access$100(ParentRunner.java:66) [junit-4.13.jar:4.13]
	at org.junit.runners.ParentRunner$2.evaluate(ParentRunner.java:293) [junit-4.13.jar:4.13]
	at org.junit.runners.ParentRunner.run(ParentRunner.java:413) [junit-4.13.jar:4.13]
	at org.junit.runners.Suite.runChild(Suite.java:128) [junit-4.13.jar:4.13]
	at org.junit.runners.Suite.runChild(Suite.java:27) [junit-4.13.jar:4.13]
	at org.junit.runners.ParentRunner$4.run(ParentRunner.java:331) [junit-4.13.jar:4.13]
	at org.junit.runners.ParentRunner$1.schedule(ParentRunner.java:79) [junit-4.13.jar:4.13]
	at org.junit.runners.ParentRunner.runChildren(ParentRunner.java:329) [junit-4.13.jar:4.13]
	at org.junit.runners.ParentRunner.access$100(ParentRunner.java:66) [junit-4.13.jar:4.13]
	at org.junit.runners.ParentRunner$2.evaluate(ParentRunner.java:293) [junit-4.13.jar:4.13]
	at org.junit.internal.runners.statements.RunAfters.evaluate(RunAfters.java:27) [junit-4.13.jar:4.13]
	at org.junit.runners.ParentRunner$3.evaluate(ParentRunner.java:306) [junit-4.13.jar:4.13]
	at org.junit.runners.ParentRunner.run(ParentRunner.java:413) [junit-4.13.jar:4.13]
	at org.eclipse.jdt.internal.junit4.runner.JUnit4TestReference.run(JUnit4TestReference.java:93) [.cp/:?]
	at org.eclipse.jdt.internal.junit.runner.TestExecution.run(TestExecution.java:40) [.cp/:?]
	at org.eclipse.jdt.internal.junit.runner.RemoteTestRunner.runTests(RemoteTestRunner.java:530) [.cp/:?]
	at org.eclipse.jdt.internal.junit.runner.RemoteTestRunner.runTests(RemoteTestRunner.java:758) [.cp/:?]
	at org.eclipse.jdt.internal.junit.runner.RemoteTestRunner.run(RemoteTestRunner.java:453) [.cp/:?]
	at org.eclipse.jdt.internal.junit.runner.RemoteTestRunner.main(RemoteTestRunner.java:211) [.cp/:?]
2025-12-29 23:51:28 INFO  === END   tests.productCardsTests.RatingMatchesReviewsTests.reviewsShouldMatchRating[Exp#9 [f1=1, f2=3, f3=3, f4=1, f5=3, f6=2, f7=1, f8=2]] ===
2025-12-29 23:51:28 INFO  === START tests.productCardsTests.RatingMatchesReviewsTests.numberOfReviewsShouldMatch[Exp#9 [f1=1, f2=3, f3=3, f4=1, f5=3, f6=2, f7=1, f8=2]] ===
2025-12-29 23:51:28 INFO  STEP: ♻️ Using existing results for same input.
2025-12-29 23:51:28 INFO  STEP: === CARD 1 ===
2025-12-29 23:51:28 INFO  STEP: Toggle Reviews
2025-12-29 23:51:28 INFO  STEP: Is reviwes window open?: true
2025-12-29 23:51:29 INFO  STEP: #1 review_count:4 actual_count: 4
2025-12-29 23:51:29 INFO  STEP: === CARD 2 ===
2025-12-29 23:51:29 INFO  STEP: Toggle Reviews
2025-12-29 23:51:29 INFO  STEP: Is reviwes window open?: true
2025-12-29 23:51:30 INFO  STEP: #2 review_count:4 actual_count: 4
2025-12-29 23:51:30 INFO  STEP: === CARD 3 ===
2025-12-29 23:51:30 INFO  STEP: Toggle Reviews
2025-12-29 23:51:30 INFO  STEP: Is reviwes window open?: true
2025-12-29 23:51:30 INFO  STEP: #3 review_count:4 actual_count: 4
2025-12-29 23:51:30 INFO  STEP: === CARD 4 ===
2025-12-29 23:51:30 INFO  STEP: Toggle Reviews
2025-12-29 23:51:30 INFO  STEP: Is reviwes window open?: true
2025-12-29 23:51:31 INFO  STEP: #4 review_count:4 actual_count: 4
2025-12-29 23:51:31 INFO  STEP: === CARD 5 ===
2025-12-29 23:51:31 INFO  STEP: Toggle Reviews
2025-12-29 23:51:31 INFO  STEP: Is reviwes window open?: true
2025-12-29 23:51:31 INFO  STEP: #5 review_count:4 actual_count: 4
2025-12-29 23:51:31 INFO  STEP PASS: number of reviews should match review count
2025-12-29 23:51:31 INFO  === PASS  tests.productCardsTests.RatingMatchesReviewsTests.numberOfReviewsShouldMatch[Exp#9 [f1=1, f2=3, f3=3, f4=1, f5=3, f6=2, f7=1, f8=2]] ===
2025-12-29 23:51:31 INFO  === END   tests.productCardsTests.RatingMatchesReviewsTests.numberOfReviewsShouldMatch[Exp#9 [f1=1, f2=3, f3=3, f4=1, f5=3, f6=2, f7=1, f8=2]] ===
2025-12-29 23:51:31 INFO  === START tests.productCardsTests.RatingMatchesReviewsTests.reviewsShouldMatchRating[Exp#10 [f1=2, f2=1, f3=1, f4=3, f5=3, f6=2, f7=2, f8=1]] ===
2025-12-29 23:51:31 INFO  STEP: 📝 New input: Filling form fields.
2025-12-29 23:51:36 INFO  STEP: === CARD 1 ===
2025-12-29 23:51:36 INFO  STEP: Toggle Reviews
2025-12-29 23:51:36 INFO  STEP: Is reviwes window open?: true
2025-12-29 23:51:37 INFO  STEP: Number of reviews: 4
2025-12-29 23:51:37 INFO  STEP: stars:5
2025-12-29 23:51:37 INFO  STEP: stars:3
2025-12-29 23:51:37 INFO  STEP: stars:5
2025-12-29 23:51:37 INFO  STEP: stars:1
2025-12-29 23:51:37 INFO  STEP: sum of stars:14
2025-12-29 23:51:37 INFO  STEP: #1 Product rating: 4.5 ||| Actual rating:3.0
2025-12-29 23:51:37 INFO  STEP: === CARD 2 ===
2025-12-29 23:51:38 INFO  STEP: Toggle Reviews
2025-12-29 23:51:38 INFO  STEP: Is reviwes window open?: true
2025-12-29 23:51:38 INFO  STEP: Number of reviews: 4
2025-12-29 23:51:38 INFO  STEP: stars:5
2025-12-29 23:51:39 INFO  STEP: stars:5
2025-12-29 23:51:39 INFO  STEP: stars:5
2025-12-29 23:51:39 INFO  STEP: stars:4
2025-12-29 23:51:39 INFO  STEP: sum of stars:19
2025-12-29 23:51:39 INFO  STEP: #2 Product rating: 3.3 ||| Actual rating:4.0
2025-12-29 23:51:39 INFO  STEP: === CARD 3 ===
2025-12-29 23:51:39 INFO  STEP: Toggle Reviews
2025-12-29 23:51:39 INFO  STEP: Is reviwes window open?: true
2025-12-29 23:51:40 INFO  STEP: Number of reviews: 4
2025-12-29 23:51:40 INFO  STEP: stars:5
2025-12-29 23:51:40 INFO  STEP: stars:3
2025-12-29 23:51:40 INFO  STEP: stars:1
2025-12-29 23:51:40 INFO  STEP: stars:5
2025-12-29 23:51:40 INFO  STEP: sum of stars:14
2025-12-29 23:51:40 INFO  STEP: #3 Product rating: 3.9 ||| Actual rating:3.0
2025-12-29 23:51:40 INFO  STEP: === CARD 4 ===
2025-12-29 23:51:41 INFO  STEP: Toggle Reviews
2025-12-29 23:51:41 INFO  STEP: Is reviwes window open?: true
2025-12-29 23:51:41 INFO  STEP: Number of reviews: 4
2025-12-29 23:51:41 INFO  STEP: stars:5
2025-12-29 23:51:41 INFO  STEP: stars:4
2025-12-29 23:51:42 INFO  STEP: stars:4
2025-12-29 23:51:42 INFO  STEP: stars:5
2025-12-29 23:51:42 INFO  STEP: sum of stars:18
2025-12-29 23:51:42 INFO  STEP: #4 Product rating: 4.0 ||| Actual rating:4.0
2025-12-29 23:51:42 INFO  STEP: === CARD 5 ===
2025-12-29 23:51:42 INFO  STEP: Toggle Reviews
2025-12-29 23:51:42 INFO  STEP: Is reviwes window open?: true
2025-12-29 23:51:43 INFO  STEP: Number of reviews: 4
2025-12-29 23:51:43 INFO  STEP: stars:5
2025-12-29 23:51:43 INFO  STEP: stars:5
2025-12-29 23:51:43 INFO  STEP: stars:5
2025-12-29 23:51:43 INFO  STEP: stars:5
2025-12-29 23:51:43 INFO  STEP: sum of stars:20
2025-12-29 23:51:43 INFO  STEP: #5 Product rating: 4.6 ||| Actual rating:5.0
2025-12-29 23:51:43 ERROR STEP FAIL: All reviews ratings should match the product rating
2025-12-29 23:51:43 ERROR === FAIL  tests.productCardsTests.RatingMatchesReviewsTests.reviewsShouldMatchRating[Exp#10 [f1=2, f2=1, f3=1, f4=3, f5=3, f6=2, f7=2, f8=1]] ===
java.lang.AssertionError: All reviews ratings should match the product rating
	at org.junit.Assert.fail(Assert.java:89) ~[junit-4.13.jar:4.13]
	at org.junit.Assert.assertTrue(Assert.java:42) ~[junit-4.13.jar:4.13]
	at tests.BaseTest.checkTrue(BaseTest.java:92) ~[test-classes/:?]
	at tests.productCardsTests.RatingMatchesReviewsTests.reviewsShouldMatchRating(RatingMatchesReviewsTests.java:80) ~[test-classes/:?]
	at jdk.internal.reflect.DirectMethodHandleAccessor.invoke(DirectMethodHandleAccessor.java:103) ~[?:?]
	at java.lang.reflect.Method.invoke(Method.java:580) ~[?:?]
	at org.junit.runners.model.FrameworkMethod$1.runReflectiveCall(FrameworkMethod.java:59) ~[junit-4.13.jar:4.13]
	at org.junit.internal.runners.model.ReflectiveCallable.run(ReflectiveCallable.java:12) ~[junit-4.13.jar:4.13]
	at org.junit.runners.model.FrameworkMethod.invokeExplosively(FrameworkMethod.java:56) ~[junit-4.13.jar:4.13]
	at org.junit.internal.runners.statements.InvokeMethod.evaluate(InvokeMethod.java:17) ~[junit-4.13.jar:4.13]
	at org.junit.internal.runners.statements.RunBefores.evaluate(RunBefores.java:26) ~[junit-4.13.jar:4.13]
	at org.junit.internal.runners.statements.RunAfters.evaluate(RunAfters.java:27) ~[junit-4.13.jar:4.13]
	at org.junit.rules.TestWatcher$1.evaluate(TestWatcher.java:61) [junit-4.13.jar:4.13]
	at org.junit.runners.ParentRunner$3.evaluate(ParentRunner.java:306) [junit-4.13.jar:4.13]
	at org.junit.runners.BlockJUnit4ClassRunner$1.evaluate(BlockJUnit4ClassRunner.java:100) [junit-4.13.jar:4.13]
	at org.junit.runners.ParentRunner.runLeaf(ParentRunner.java:366) [junit-4.13.jar:4.13]
	at org.junit.runners.BlockJUnit4ClassRunner.runChild(BlockJUnit4ClassRunner.java:103) [junit-4.13.jar:4.13]
	at org.junit.runners.BlockJUnit4ClassRunner.runChild(BlockJUnit4ClassRunner.java:63) [junit-4.13.jar:4.13]
	at org.junit.runners.ParentRunner$4.run(ParentRunner.java:331) [junit-4.13.jar:4.13]
	at org.junit.runners.ParentRunner$1.schedule(ParentRunner.java:79) [junit-4.13.jar:4.13]
	at org.junit.runners.ParentRunner.runChildren(ParentRunner.java:329) [junit-4.13.jar:4.13]
	at org.junit.runners.ParentRunner.access$100(ParentRunner.java:66) [junit-4.13.jar:4.13]
	at org.junit.runners.ParentRunner$2.evaluate(ParentRunner.java:293) [junit-4.13.jar:4.13]
	at org.junit.runners.ParentRunner.run(ParentRunner.java:413) [junit-4.13.jar:4.13]
	at org.junit.runners.Suite.runChild(Suite.java:128) [junit-4.13.jar:4.13]
	at org.junit.runners.Suite.runChild(Suite.java:27) [junit-4.13.jar:4.13]
	at org.junit.runners.ParentRunner$4.run(ParentRunner.java:331) [junit-4.13.jar:4.13]
	at org.junit.runners.ParentRunner$1.schedule(ParentRunner.java:79) [junit-4.13.jar:4.13]
	at org.junit.runners.ParentRunner.runChildren(ParentRunner.java:329) [junit-4.13.jar:4.13]
	at org.junit.runners.ParentRunner.access$100(ParentRunner.java:66) [junit-4.13.jar:4.13]
	at org.junit.runners.ParentRunner$2.evaluate(ParentRunner.java:293) [junit-4.13.jar:4.13]
	at org.junit.internal.runners.statements.RunAfters.evaluate(RunAfters.java:27) [junit-4.13.jar:4.13]
	at org.junit.runners.ParentRunner$3.evaluate(ParentRunner.java:306) [junit-4.13.jar:4.13]
	at org.junit.runners.ParentRunner.run(ParentRunner.java:413) [junit-4.13.jar:4.13]
	at org.eclipse.jdt.internal.junit4.runner.JUnit4TestReference.run(JUnit4TestReference.java:93) [.cp/:?]
	at org.eclipse.jdt.internal.junit.runner.TestExecution.run(TestExecution.java:40) [.cp/:?]
	at org.eclipse.jdt.internal.junit.runner.RemoteTestRunner.runTests(RemoteTestRunner.java:530) [.cp/:?]
	at org.eclipse.jdt.internal.junit.runner.RemoteTestRunner.runTests(RemoteTestRunner.java:758) [.cp/:?]
	at org.eclipse.jdt.internal.junit.runner.RemoteTestRunner.run(RemoteTestRunner.java:453) [.cp/:?]
	at org.eclipse.jdt.internal.junit.runner.RemoteTestRunner.main(RemoteTestRunner.java:211) [.cp/:?]
2025-12-29 23:51:43 INFO  === END   tests.productCardsTests.RatingMatchesReviewsTests.reviewsShouldMatchRating[Exp#10 [f1=2, f2=1, f3=1, f4=3, f5=3, f6=2, f7=2, f8=1]] ===
2025-12-29 23:51:43 INFO  === START tests.productCardsTests.RatingMatchesReviewsTests.numberOfReviewsShouldMatch[Exp#10 [f1=2, f2=1, f3=1, f4=3, f5=3, f6=2, f7=2, f8=1]] ===
2025-12-29 23:51:43 INFO  STEP: ♻️ Using existing results for same input.
2025-12-29 23:51:43 INFO  STEP: === CARD 1 ===
2025-12-29 23:51:43 INFO  STEP: Toggle Reviews
2025-12-29 23:51:43 INFO  STEP: Is reviwes window open?: true
2025-12-29 23:51:44 INFO  STEP: #1 review_count:4 actual_count: 4
2025-12-29 23:51:44 INFO  STEP: === CARD 2 ===
2025-12-29 23:51:44 INFO  STEP: Toggle Reviews
2025-12-29 23:51:44 INFO  STEP: Is reviwes window open?: true
2025-12-29 23:51:45 INFO  STEP: #2 review_count:4 actual_count: 4
2025-12-29 23:51:45 INFO  STEP: === CARD 3 ===
2025-12-29 23:51:45 INFO  STEP: Toggle Reviews
2025-12-29 23:51:45 INFO  STEP: Is reviwes window open?: true
2025-12-29 23:51:45 INFO  STEP: #3 review_count:4 actual_count: 4
2025-12-29 23:51:45 INFO  STEP: === CARD 4 ===
2025-12-29 23:51:45 INFO  STEP: Toggle Reviews
2025-12-29 23:51:45 INFO  STEP: Is reviwes window open?: true
2025-12-29 23:51:46 INFO  STEP: #4 review_count:4 actual_count: 4
2025-12-29 23:51:46 INFO  STEP: === CARD 5 ===
2025-12-29 23:51:46 INFO  STEP: Toggle Reviews
2025-12-29 23:51:46 INFO  STEP: Is reviwes window open?: true
2025-12-29 23:51:47 INFO  STEP: #5 review_count:4 actual_count: 4
2025-12-29 23:51:47 INFO  STEP PASS: number of reviews should match review count
2025-12-29 23:51:47 INFO  === PASS  tests.productCardsTests.RatingMatchesReviewsTests.numberOfReviewsShouldMatch[Exp#10 [f1=2, f2=1, f3=1, f4=3, f5=3, f6=2, f7=2, f8=1]] ===
2025-12-29 23:51:47 INFO  === END   tests.productCardsTests.RatingMatchesReviewsTests.numberOfReviewsShouldMatch[Exp#10 [f1=2, f2=1, f3=1, f4=3, f5=3, f6=2, f7=2, f8=1]] ===
2025-12-29 23:51:47 INFO  === START tests.productCardsTests.RatingMatchesReviewsTests.reviewsShouldMatchRating[Exp#11 [f1=2, f2=1, f3=2, f4=1, f5=1, f6=3, f7=3, f8=2]] ===
2025-12-29 23:51:47 INFO  STEP: 📝 New input: Filling form fields.
2025-12-29 23:51:51 INFO  STEP: === CARD 1 ===
2025-12-29 23:51:51 INFO  STEP: Toggle Reviews
2025-12-29 23:51:52 INFO  STEP: Is reviwes window open?: true
2025-12-29 23:51:52 INFO  STEP: Number of reviews: 4
2025-12-29 23:51:52 INFO  STEP: stars:5
2025-12-29 23:51:52 INFO  STEP: stars:3
2025-12-29 23:51:52 INFO  STEP: stars:5
2025-12-29 23:51:52 INFO  STEP: stars:1
2025-12-29 23:51:52 INFO  STEP: sum of stars:14
2025-12-29 23:51:52 INFO  STEP: #1 Product rating: 4.5 ||| Actual rating:3.0
2025-12-29 23:51:52 INFO  STEP: === CARD 2 ===
2025-12-29 23:51:53 INFO  STEP: Toggle Reviews
2025-12-29 23:51:53 INFO  STEP: Is reviwes window open?: true
2025-12-29 23:51:53 INFO  STEP: Number of reviews: 4
2025-12-29 23:51:53 INFO  STEP: stars:5
2025-12-29 23:51:54 INFO  STEP: stars:5
2025-12-29 23:51:54 INFO  STEP: stars:5
2025-12-29 23:51:54 INFO  STEP: stars:4
2025-12-29 23:51:54 INFO  STEP: sum of stars:19
2025-12-29 23:51:54 INFO  STEP: #2 Product rating: 3.3 ||| Actual rating:4.0
2025-12-29 23:51:54 INFO  STEP: === CARD 3 ===
2025-12-29 23:51:54 INFO  STEP: Toggle Reviews
2025-12-29 23:51:54 INFO  STEP: Is reviwes window open?: true
2025-12-29 23:51:54 INFO  STEP: Number of reviews: 4
2025-12-29 23:51:55 INFO  STEP: stars:5
2025-12-29 23:51:55 INFO  STEP: stars:3
2025-12-29 23:51:55 INFO  STEP: stars:1
2025-12-29 23:51:55 INFO  STEP: stars:5
2025-12-29 23:51:55 INFO  STEP: sum of stars:14
2025-12-29 23:51:55 INFO  STEP: #3 Product rating: 3.9 ||| Actual rating:3.0
2025-12-29 23:51:55 INFO  STEP: === CARD 4 ===
2025-12-29 23:51:55 INFO  STEP: Toggle Reviews
2025-12-29 23:51:55 INFO  STEP: Is reviwes window open?: true
2025-12-29 23:51:56 INFO  STEP: Number of reviews: 4
2025-12-29 23:51:56 INFO  STEP: stars:5
2025-12-29 23:51:56 INFO  STEP: stars:4
2025-12-29 23:51:56 INFO  STEP: stars:4
2025-12-29 23:51:56 INFO  STEP: stars:5
2025-12-29 23:51:56 INFO  STEP: sum of stars:18
2025-12-29 23:51:56 INFO  STEP: #4 Product rating: 4.0 ||| Actual rating:4.0
2025-12-29 23:51:56 INFO  STEP: === CARD 5 ===
2025-12-29 23:51:56 INFO  STEP: Toggle Reviews
2025-12-29 23:51:56 INFO  STEP: Is reviwes window open?: true
2025-12-29 23:51:57 INFO  STEP: Number of reviews: 4
2025-12-29 23:51:57 INFO  STEP: stars:5
2025-12-29 23:51:57 INFO  STEP: stars:5
2025-12-29 23:51:57 INFO  STEP: stars:5
2025-12-29 23:51:57 INFO  STEP: stars:5
2025-12-29 23:51:57 INFO  STEP: sum of stars:20
2025-12-29 23:51:57 INFO  STEP: #5 Product rating: 4.6 ||| Actual rating:5.0
2025-12-29 23:51:57 ERROR STEP FAIL: All reviews ratings should match the product rating
2025-12-29 23:51:57 ERROR === FAIL  tests.productCardsTests.RatingMatchesReviewsTests.reviewsShouldMatchRating[Exp#11 [f1=2, f2=1, f3=2, f4=1, f5=1, f6=3, f7=3, f8=2]] ===
java.lang.AssertionError: All reviews ratings should match the product rating
	at org.junit.Assert.fail(Assert.java:89) ~[junit-4.13.jar:4.13]
	at org.junit.Assert.assertTrue(Assert.java:42) ~[junit-4.13.jar:4.13]
	at tests.BaseTest.checkTrue(BaseTest.java:92) ~[test-classes/:?]
	at tests.productCardsTests.RatingMatchesReviewsTests.reviewsShouldMatchRating(RatingMatchesReviewsTests.java:80) ~[test-classes/:?]
	at jdk.internal.reflect.DirectMethodHandleAccessor.invoke(DirectMethodHandleAccessor.java:103) ~[?:?]
	at java.lang.reflect.Method.invoke(Method.java:580) ~[?:?]
	at org.junit.runners.model.FrameworkMethod$1.runReflectiveCall(FrameworkMethod.java:59) ~[junit-4.13.jar:4.13]
	at org.junit.internal.runners.model.ReflectiveCallable.run(ReflectiveCallable.java:12) ~[junit-4.13.jar:4.13]
	at org.junit.runners.model.FrameworkMethod.invokeExplosively(FrameworkMethod.java:56) ~[junit-4.13.jar:4.13]
	at org.junit.internal.runners.statements.InvokeMethod.evaluate(InvokeMethod.java:17) ~[junit-4.13.jar:4.13]
	at org.junit.internal.runners.statements.RunBefores.evaluate(RunBefores.java:26) ~[junit-4.13.jar:4.13]
	at org.junit.internal.runners.statements.RunAfters.evaluate(RunAfters.java:27) ~[junit-4.13.jar:4.13]
	at org.junit.rules.TestWatcher$1.evaluate(TestWatcher.java:61) [junit-4.13.jar:4.13]
	at org.junit.runners.ParentRunner$3.evaluate(ParentRunner.java:306) [junit-4.13.jar:4.13]
	at org.junit.runners.BlockJUnit4ClassRunner$1.evaluate(BlockJUnit4ClassRunner.java:100) [junit-4.13.jar:4.13]
	at org.junit.runners.ParentRunner.runLeaf(ParentRunner.java:366) [junit-4.13.jar:4.13]
	at org.junit.runners.BlockJUnit4ClassRunner.runChild(BlockJUnit4ClassRunner.java:103) [junit-4.13.jar:4.13]
	at org.junit.runners.BlockJUnit4ClassRunner.runChild(BlockJUnit4ClassRunner.java:63) [junit-4.13.jar:4.13]
	at org.junit.runners.ParentRunner$4.run(ParentRunner.java:331) [junit-4.13.jar:4.13]
	at org.junit.runners.ParentRunner$1.schedule(ParentRunner.java:79) [junit-4.13.jar:4.13]
	at org.junit.runners.ParentRunner.runChildren(ParentRunner.java:329) [junit-4.13.jar:4.13]
	at org.junit.runners.ParentRunner.access$100(ParentRunner.java:66) [junit-4.13.jar:4.13]
	at org.junit.runners.ParentRunner$2.evaluate(ParentRunner.java:293) [junit-4.13.jar:4.13]
	at org.junit.runners.ParentRunner.run(ParentRunner.java:413) [junit-4.13.jar:4.13]
	at org.junit.runners.Suite.runChild(Suite.java:128) [junit-4.13.jar:4.13]
	at org.junit.runners.Suite.runChild(Suite.java:27) [junit-4.13.jar:4.13]
	at org.junit.runners.ParentRunner$4.run(ParentRunner.java:331) [junit-4.13.jar:4.13]
	at org.junit.runners.ParentRunner$1.schedule(ParentRunner.java:79) [junit-4.13.jar:4.13]
	at org.junit.runners.ParentRunner.runChildren(ParentRunner.java:329) [junit-4.13.jar:4.13]
	at org.junit.runners.ParentRunner.access$100(ParentRunner.java:66) [junit-4.13.jar:4.13]
	at org.junit.runners.ParentRunner$2.evaluate(ParentRunner.java:293) [junit-4.13.jar:4.13]
	at org.junit.internal.runners.statements.RunAfters.evaluate(RunAfters.java:27) [junit-4.13.jar:4.13]
	at org.junit.runners.ParentRunner$3.evaluate(ParentRunner.java:306) [junit-4.13.jar:4.13]
	at org.junit.runners.ParentRunner.run(ParentRunner.java:413) [junit-4.13.jar:4.13]
	at org.eclipse.jdt.internal.junit4.runner.JUnit4TestReference.run(JUnit4TestReference.java:93) [.cp/:?]
	at org.eclipse.jdt.internal.junit.runner.TestExecution.run(TestExecution.java:40) [.cp/:?]
	at org.eclipse.jdt.internal.junit.runner.RemoteTestRunner.runTests(RemoteTestRunner.java:530) [.cp/:?]
	at org.eclipse.jdt.internal.junit.runner.RemoteTestRunner.runTests(RemoteTestRunner.java:758) [.cp/:?]
	at org.eclipse.jdt.internal.junit.runner.RemoteTestRunner.run(RemoteTestRunner.java:453) [.cp/:?]
	at org.eclipse.jdt.internal.junit.runner.RemoteTestRunner.main(RemoteTestRunner.java:211) [.cp/:?]
2025-12-29 23:51:57 INFO  === END   tests.productCardsTests.RatingMatchesReviewsTests.reviewsShouldMatchRating[Exp#11 [f1=2, f2=1, f3=2, f4=1, f5=1, f6=3, f7=3, f8=2]] ===
2025-12-29 23:51:57 INFO  === START tests.productCardsTests.RatingMatchesReviewsTests.numberOfReviewsShouldMatch[Exp#11 [f1=2, f2=1, f3=2, f4=1, f5=1, f6=3, f7=3, f8=2]] ===
2025-12-29 23:51:57 INFO  STEP: ♻️ Using existing results for same input.
2025-12-29 23:51:57 INFO  STEP: === CARD 1 ===
2025-12-29 23:51:58 INFO  STEP: Toggle Reviews
2025-12-29 23:51:58 INFO  STEP: Is reviwes window open?: true
2025-12-29 23:51:58 INFO  STEP: #1 review_count:4 actual_count: 4
2025-12-29 23:51:58 INFO  STEP: === CARD 2 ===
2025-12-29 23:51:58 INFO  STEP: Toggle Reviews
2025-12-29 23:51:58 INFO  STEP: Is reviwes window open?: true
2025-12-29 23:51:58 INFO  STEP: #2 review_count:4 actual_count: 4
2025-12-29 23:51:58 INFO  STEP: === CARD 3 ===
2025-12-29 23:51:59 INFO  STEP: Toggle Reviews
2025-12-29 23:51:59 INFO  STEP: Is reviwes window open?: true
2025-12-29 23:51:59 INFO  STEP: #3 review_count:4 actual_count: 4
2025-12-29 23:51:59 INFO  STEP: === CARD 4 ===
2025-12-29 23:51:59 INFO  STEP: Toggle Reviews
2025-12-29 23:51:59 INFO  STEP: Is reviwes window open?: true
2025-12-29 23:52:00 INFO  STEP: #4 review_count:4 actual_count: 4
2025-12-29 23:52:00 INFO  STEP: === CARD 5 ===
2025-12-29 23:52:00 INFO  STEP: Toggle Reviews
2025-12-29 23:52:00 INFO  STEP: Is reviwes window open?: true
2025-12-29 23:52:00 INFO  STEP: #5 review_count:4 actual_count: 4
2025-12-29 23:52:00 INFO  STEP PASS: number of reviews should match review count
2025-12-29 23:52:00 INFO  === PASS  tests.productCardsTests.RatingMatchesReviewsTests.numberOfReviewsShouldMatch[Exp#11 [f1=2, f2=1, f3=2, f4=1, f5=1, f6=3, f7=3, f8=2]] ===
2025-12-29 23:52:00 INFO  === END   tests.productCardsTests.RatingMatchesReviewsTests.numberOfReviewsShouldMatch[Exp#11 [f1=2, f2=1, f3=2, f4=1, f5=1, f6=3, f7=3, f8=2]] ===
2025-12-29 23:52:00 INFO  === START tests.productCardsTests.RatingMatchesReviewsTests.reviewsShouldMatchRating[Exp#12 [f1=2, f2=1, f3=3, f4=2, f5=2, f6=1, f7=1, f8=3]] ===
2025-12-29 23:52:00 INFO  STEP: 📝 New input: Filling form fields.
2025-12-29 23:52:05 INFO  STEP: === CARD 1 ===
2025-12-29 23:52:05 INFO  STEP: Toggle Reviews
2025-12-29 23:52:05 INFO  STEP: Is reviwes window open?: true
2025-12-29 23:52:05 INFO  STEP: Number of reviews: 4
2025-12-29 23:52:06 INFO  STEP: stars:5
2025-12-29 23:52:06 INFO  STEP: stars:5
2025-12-29 23:52:06 INFO  STEP: stars:4
2025-12-29 23:52:06 INFO  STEP: stars:1
2025-12-29 23:52:06 INFO  STEP: sum of stars:15
2025-12-29 23:52:06 INFO  STEP: #1 Product rating: 2.6 ||| Actual rating:3.0
2025-12-29 23:52:06 INFO  STEP: === CARD 2 ===
2025-12-29 23:52:06 INFO  STEP: Toggle Reviews
2025-12-29 23:52:06 INFO  STEP: Is reviwes window open?: true
2025-12-29 23:52:07 INFO  STEP: Number of reviews: 4
2025-12-29 23:52:07 INFO  STEP: stars:5
2025-12-29 23:52:07 INFO  STEP: stars:5
2025-12-29 23:52:07 INFO  STEP: stars:2
2025-12-29 23:52:07 INFO  STEP: stars:4
2025-12-29 23:52:07 INFO  STEP: sum of stars:16
2025-12-29 23:52:07 INFO  STEP: #2 Product rating: 4.7 ||| Actual rating:4.0
2025-12-29 23:52:07 INFO  STEP: === CARD 3 ===
2025-12-29 23:52:07 INFO  STEP: Toggle Reviews
2025-12-29 23:52:08 INFO  STEP: Is reviwes window open?: true
2025-12-29 23:52:08 INFO  STEP: Number of reviews: 4
2025-12-29 23:52:08 INFO  STEP: stars:5
2025-12-29 23:52:08 INFO  STEP: stars:4
2025-12-29 23:52:09 INFO  STEP: stars:4
2025-12-29 23:52:09 INFO  STEP: stars:4
2025-12-29 23:52:09 INFO  STEP: sum of stars:17
2025-12-29 23:52:09 INFO  STEP: #3 Product rating: 4.9 ||| Actual rating:4.0
2025-12-29 23:52:09 INFO  STEP: === CARD 4 ===
2025-12-29 23:52:09 INFO  STEP: Toggle Reviews
2025-12-29 23:52:09 INFO  STEP: Is reviwes window open?: true
2025-12-29 23:52:10 INFO  STEP: Number of reviews: 4
2025-12-29 23:52:10 INFO  STEP: stars:5
2025-12-29 23:52:10 INFO  STEP: stars:1
2025-12-29 23:52:10 INFO  STEP: stars:4
2025-12-29 23:52:10 INFO  STEP: stars:3
2025-12-29 23:52:10 INFO  STEP: sum of stars:13
2025-12-29 23:52:10 INFO  STEP: #4 Product rating: 4.0 ||| Actual rating:3.0
2025-12-29 23:52:10 INFO  STEP: === CARD 5 ===
2025-12-29 23:52:10 INFO  STEP: Toggle Reviews
2025-12-29 23:52:11 INFO  STEP: Is reviwes window open?: true
2025-12-29 23:52:11 INFO  STEP: Number of reviews: 4
2025-12-29 23:52:11 INFO  STEP: stars:5
2025-12-29 23:52:11 INFO  STEP: stars:4
2025-12-29 23:52:12 INFO  STEP: stars:5
2025-12-29 23:52:12 INFO  STEP: stars:1
2025-12-29 23:52:12 INFO  STEP: sum of stars:15
2025-12-29 23:52:12 INFO  STEP: #5 Product rating: 4.6 ||| Actual rating:3.0
2025-12-29 23:52:12 ERROR STEP FAIL: All reviews ratings should match the product rating
2025-12-29 23:52:12 ERROR === FAIL  tests.productCardsTests.RatingMatchesReviewsTests.reviewsShouldMatchRating[Exp#12 [f1=2, f2=1, f3=3, f4=2, f5=2, f6=1, f7=1, f8=3]] ===
java.lang.AssertionError: All reviews ratings should match the product rating
	at org.junit.Assert.fail(Assert.java:89) ~[junit-4.13.jar:4.13]
	at org.junit.Assert.assertTrue(Assert.java:42) ~[junit-4.13.jar:4.13]
	at tests.BaseTest.checkTrue(BaseTest.java:92) ~[test-classes/:?]
	at tests.productCardsTests.RatingMatchesReviewsTests.reviewsShouldMatchRating(RatingMatchesReviewsTests.java:80) ~[test-classes/:?]
	at jdk.internal.reflect.DirectMethodHandleAccessor.invoke(DirectMethodHandleAccessor.java:103) ~[?:?]
	at java.lang.reflect.Method.invoke(Method.java:580) ~[?:?]
	at org.junit.runners.model.FrameworkMethod$1.runReflectiveCall(FrameworkMethod.java:59) ~[junit-4.13.jar:4.13]
	at org.junit.internal.runners.model.ReflectiveCallable.run(ReflectiveCallable.java:12) ~[junit-4.13.jar:4.13]
	at org.junit.runners.model.FrameworkMethod.invokeExplosively(FrameworkMethod.java:56) ~[junit-4.13.jar:4.13]
	at org.junit.internal.runners.statements.InvokeMethod.evaluate(InvokeMethod.java:17) ~[junit-4.13.jar:4.13]
	at org.junit.internal.runners.statements.RunBefores.evaluate(RunBefores.java:26) ~[junit-4.13.jar:4.13]
	at org.junit.internal.runners.statements.RunAfters.evaluate(RunAfters.java:27) ~[junit-4.13.jar:4.13]
	at org.junit.rules.TestWatcher$1.evaluate(TestWatcher.java:61) [junit-4.13.jar:4.13]
	at org.junit.runners.ParentRunner$3.evaluate(ParentRunner.java:306) [junit-4.13.jar:4.13]
	at org.junit.runners.BlockJUnit4ClassRunner$1.evaluate(BlockJUnit4ClassRunner.java:100) [junit-4.13.jar:4.13]
	at org.junit.runners.ParentRunner.runLeaf(ParentRunner.java:366) [junit-4.13.jar:4.13]
	at org.junit.runners.BlockJUnit4ClassRunner.runChild(BlockJUnit4ClassRunner.java:103) [junit-4.13.jar:4.13]
	at org.junit.runners.BlockJUnit4ClassRunner.runChild(BlockJUnit4ClassRunner.java:63) [junit-4.13.jar:4.13]
	at org.junit.runners.ParentRunner$4.run(ParentRunner.java:331) [junit-4.13.jar:4.13]
	at org.junit.runners.ParentRunner$1.schedule(ParentRunner.java:79) [junit-4.13.jar:4.13]
	at org.junit.runners.ParentRunner.runChildren(ParentRunner.java:329) [junit-4.13.jar:4.13]
	at org.junit.runners.ParentRunner.access$100(ParentRunner.java:66) [junit-4.13.jar:4.13]
	at org.junit.runners.ParentRunner$2.evaluate(ParentRunner.java:293) [junit-4.13.jar:4.13]
	at org.junit.runners.ParentRunner.run(ParentRunner.java:413) [junit-4.13.jar:4.13]
	at org.junit.runners.Suite.runChild(Suite.java:128) [junit-4.13.jar:4.13]
	at org.junit.runners.Suite.runChild(Suite.java:27) [junit-4.13.jar:4.13]
	at org.junit.runners.ParentRunner$4.run(ParentRunner.java:331) [junit-4.13.jar:4.13]
	at org.junit.runners.ParentRunner$1.schedule(ParentRunner.java:79) [junit-4.13.jar:4.13]
	at org.junit.runners.ParentRunner.runChildren(ParentRunner.java:329) [junit-4.13.jar:4.13]
	at org.junit.runners.ParentRunner.access$100(ParentRunner.java:66) [junit-4.13.jar:4.13]
	at org.junit.runners.ParentRunner$2.evaluate(ParentRunner.java:293) [junit-4.13.jar:4.13]
	at org.junit.internal.runners.statements.RunAfters.evaluate(RunAfters.java:27) [junit-4.13.jar:4.13]
	at org.junit.runners.ParentRunner$3.evaluate(ParentRunner.java:306) [junit-4.13.jar:4.13]
	at org.junit.runners.ParentRunner.run(ParentRunner.java:413) [junit-4.13.jar:4.13]
	at org.eclipse.jdt.internal.junit4.runner.JUnit4TestReference.run(JUnit4TestReference.java:93) [.cp/:?]
	at org.eclipse.jdt.internal.junit.runner.TestExecution.run(TestExecution.java:40) [.cp/:?]
	at org.eclipse.jdt.internal.junit.runner.RemoteTestRunner.runTests(RemoteTestRunner.java:530) [.cp/:?]
	at org.eclipse.jdt.internal.junit.runner.RemoteTestRunner.runTests(RemoteTestRunner.java:758) [.cp/:?]
	at org.eclipse.jdt.internal.junit.runner.RemoteTestRunner.run(RemoteTestRunner.java:453) [.cp/:?]
	at org.eclipse.jdt.internal.junit.runner.RemoteTestRunner.main(RemoteTestRunner.java:211) [.cp/:?]
2025-12-29 23:52:12 INFO  === END   tests.productCardsTests.RatingMatchesReviewsTests.reviewsShouldMatchRating[Exp#12 [f1=2, f2=1, f3=3, f4=2, f5=2, f6=1, f7=1, f8=3]] ===
2025-12-29 23:52:12 INFO  === START tests.productCardsTests.RatingMatchesReviewsTests.numberOfReviewsShouldMatch[Exp#12 [f1=2, f2=1, f3=3, f4=2, f5=2, f6=1, f7=1, f8=3]] ===
2025-12-29 23:52:12 INFO  STEP: ♻️ Using existing results for same input.
2025-12-29 23:52:12 INFO  STEP: === CARD 1 ===
2025-12-29 23:52:12 INFO  STEP: Toggle Reviews
2025-12-29 23:52:12 INFO  STEP: Is reviwes window open?: true
2025-12-29 23:52:13 INFO  STEP: #1 review_count:4 actual_count: 4
2025-12-29 23:52:13 INFO  STEP: === CARD 2 ===
2025-12-29 23:52:13 INFO  STEP: Toggle Reviews
2025-12-29 23:52:13 INFO  STEP: Is reviwes window open?: true
2025-12-29 23:52:13 INFO  STEP: #2 review_count:4 actual_count: 4
2025-12-29 23:52:13 INFO  STEP: === CARD 3 ===
2025-12-29 23:52:13 INFO  STEP: Toggle Reviews
2025-12-29 23:52:14 INFO  STEP: Is reviwes window open?: true
2025-12-29 23:52:14 INFO  STEP: #3 review_count:4 actual_count: 4
2025-12-29 23:52:14 INFO  STEP: === CARD 4 ===
2025-12-29 23:52:14 INFO  STEP: Toggle Reviews
2025-12-29 23:52:14 INFO  STEP: Is reviwes window open?: true
2025-12-29 23:52:15 INFO  STEP: #4 review_count:4 actual_count: 4
2025-12-29 23:52:15 INFO  STEP: === CARD 5 ===
2025-12-29 23:52:15 INFO  STEP: Toggle Reviews
2025-12-29 23:52:15 INFO  STEP: Is reviwes window open?: true
2025-12-29 23:52:15 INFO  STEP: #5 review_count:4 actual_count: 4
2025-12-29 23:52:15 INFO  STEP PASS: number of reviews should match review count
2025-12-29 23:52:15 INFO  === PASS  tests.productCardsTests.RatingMatchesReviewsTests.numberOfReviewsShouldMatch[Exp#12 [f1=2, f2=1, f3=3, f4=2, f5=2, f6=1, f7=1, f8=3]] ===
2025-12-29 23:52:15 INFO  === END   tests.productCardsTests.RatingMatchesReviewsTests.numberOfReviewsShouldMatch[Exp#12 [f1=2, f2=1, f3=3, f4=2, f5=2, f6=1, f7=1, f8=3]] ===
2025-12-29 23:52:15 INFO  === START tests.productCardsTests.RatingMatchesReviewsTests.reviewsShouldMatchRating[Exp#13 [f1=2, f2=2, f3=1, f4=2, f5=3, f6=1, f7=3, f8=2]] ===
2025-12-29 23:52:15 INFO  STEP: 📝 New input: Filling form fields.
2025-12-29 23:52:26 INFO  STEP: === CARD 1 ===
2025-12-29 23:52:26 INFO  STEP: Toggle Reviews
2025-12-29 23:52:26 INFO  STEP: Is reviwes window open?: true
2025-12-29 23:52:26 INFO  STEP: Number of reviews: 4
2025-12-29 23:52:26 INFO  STEP: stars:5
2025-12-29 23:52:27 INFO  STEP: stars:5
2025-12-29 23:52:27 INFO  STEP: stars:4
2025-12-29 23:52:27 INFO  STEP: stars:1
2025-12-29 23:52:27 INFO  STEP: sum of stars:15
2025-12-29 23:52:27 INFO  STEP: #1 Product rating: 2.6 ||| Actual rating:3.0
2025-12-29 23:52:27 INFO  STEP: === CARD 2 ===
2025-12-29 23:52:27 INFO  STEP: Toggle Reviews
2025-12-29 23:52:27 INFO  STEP: Is reviwes window open?: true
2025-12-29 23:52:28 INFO  STEP: Number of reviews: 4
2025-12-29 23:52:28 INFO  STEP: stars:5
2025-12-29 23:52:28 INFO  STEP: stars:5
2025-12-29 23:52:28 INFO  STEP: stars:2
2025-12-29 23:52:28 INFO  STEP: stars:4
2025-12-29 23:52:28 INFO  STEP: sum of stars:16
2025-12-29 23:52:28 INFO  STEP: #2 Product rating: 4.7 ||| Actual rating:4.0
2025-12-29 23:52:28 INFO  STEP: === CARD 3 ===
2025-12-29 23:52:29 INFO  STEP: Toggle Reviews
2025-12-29 23:52:29 INFO  STEP: Is reviwes window open?: true
2025-12-29 23:52:29 INFO  STEP: Number of reviews: 4
2025-12-29 23:52:29 INFO  STEP: stars:5
2025-12-29 23:52:30 INFO  STEP: stars:4
2025-12-29 23:52:30 INFO  STEP: stars:4
2025-12-29 23:52:30 INFO  STEP: stars:4
2025-12-29 23:52:30 INFO  STEP: sum of stars:17
2025-12-29 23:52:30 INFO  STEP: #3 Product rating: 4.9 ||| Actual rating:4.0
2025-12-29 23:52:30 INFO  STEP: === CARD 4 ===
2025-12-29 23:52:30 INFO  STEP: Toggle Reviews
2025-12-29 23:52:30 INFO  STEP: Is reviwes window open?: true
2025-12-29 23:52:31 INFO  STEP: Number of reviews: 4
2025-12-29 23:52:31 INFO  STEP: stars:5
2025-12-29 23:52:31 INFO  STEP: stars:1
2025-12-29 23:52:31 INFO  STEP: stars:4
2025-12-29 23:52:31 INFO  STEP: stars:3
2025-12-29 23:52:31 INFO  STEP: sum of stars:13
2025-12-29 23:52:31 INFO  STEP: #4 Product rating: 4.0 ||| Actual rating:3.0
2025-12-29 23:52:31 INFO  STEP: === CARD 5 ===
2025-12-29 23:52:31 INFO  STEP: Toggle Reviews
2025-12-29 23:52:32 INFO  STEP: Is reviwes window open?: true
2025-12-29 23:52:32 INFO  STEP: Number of reviews: 4
2025-12-29 23:52:32 INFO  STEP: stars:5
2025-12-29 23:52:33 INFO  STEP: stars:4
2025-12-29 23:52:33 INFO  STEP: stars:5
2025-12-29 23:52:33 INFO  STEP: stars:1
2025-12-29 23:52:33 INFO  STEP: sum of stars:15
2025-12-29 23:52:33 INFO  STEP: #5 Product rating: 4.6 ||| Actual rating:3.0
2025-12-29 23:52:33 ERROR STEP FAIL: All reviews ratings should match the product rating
2025-12-29 23:52:33 ERROR === FAIL  tests.productCardsTests.RatingMatchesReviewsTests.reviewsShouldMatchRating[Exp#13 [f1=2, f2=2, f3=1, f4=2, f5=3, f6=1, f7=3, f8=2]] ===
java.lang.AssertionError: All reviews ratings should match the product rating
	at org.junit.Assert.fail(Assert.java:89) ~[junit-4.13.jar:4.13]
	at org.junit.Assert.assertTrue(Assert.java:42) ~[junit-4.13.jar:4.13]
	at tests.BaseTest.checkTrue(BaseTest.java:92) ~[test-classes/:?]
	at tests.productCardsTests.RatingMatchesReviewsTests.reviewsShouldMatchRating(RatingMatchesReviewsTests.java:80) ~[test-classes/:?]
	at jdk.internal.reflect.DirectMethodHandleAccessor.invoke(DirectMethodHandleAccessor.java:103) ~[?:?]
	at java.lang.reflect.Method.invoke(Method.java:580) ~[?:?]
	at org.junit.runners.model.FrameworkMethod$1.runReflectiveCall(FrameworkMethod.java:59) ~[junit-4.13.jar:4.13]
	at org.junit.internal.runners.model.ReflectiveCallable.run(ReflectiveCallable.java:12) ~[junit-4.13.jar:4.13]
	at org.junit.runners.model.FrameworkMethod.invokeExplosively(FrameworkMethod.java:56) ~[junit-4.13.jar:4.13]
	at org.junit.internal.runners.statements.InvokeMethod.evaluate(InvokeMethod.java:17) ~[junit-4.13.jar:4.13]
	at org.junit.internal.runners.statements.RunBefores.evaluate(RunBefores.java:26) ~[junit-4.13.jar:4.13]
	at org.junit.internal.runners.statements.RunAfters.evaluate(RunAfters.java:27) ~[junit-4.13.jar:4.13]
	at org.junit.rules.TestWatcher$1.evaluate(TestWatcher.java:61) [junit-4.13.jar:4.13]
	at org.junit.runners.ParentRunner$3.evaluate(ParentRunner.java:306) [junit-4.13.jar:4.13]
	at org.junit.runners.BlockJUnit4ClassRunner$1.evaluate(BlockJUnit4ClassRunner.java:100) [junit-4.13.jar:4.13]
	at org.junit.runners.ParentRunner.runLeaf(ParentRunner.java:366) [junit-4.13.jar:4.13]
	at org.junit.runners.BlockJUnit4ClassRunner.runChild(BlockJUnit4ClassRunner.java:103) [junit-4.13.jar:4.13]
	at org.junit.runners.BlockJUnit4ClassRunner.runChild(BlockJUnit4ClassRunner.java:63) [junit-4.13.jar:4.13]
	at org.junit.runners.ParentRunner$4.run(ParentRunner.java:331) [junit-4.13.jar:4.13]
	at org.junit.runners.ParentRunner$1.schedule(ParentRunner.java:79) [junit-4.13.jar:4.13]
	at org.junit.runners.ParentRunner.runChildren(ParentRunner.java:329) [junit-4.13.jar:4.13]
	at org.junit.runners.ParentRunner.access$100(ParentRunner.java:66) [junit-4.13.jar:4.13]
	at org.junit.runners.ParentRunner$2.evaluate(ParentRunner.java:293) [junit-4.13.jar:4.13]
	at org.junit.runners.ParentRunner.run(ParentRunner.java:413) [junit-4.13.jar:4.13]
	at org.junit.runners.Suite.runChild(Suite.java:128) [junit-4.13.jar:4.13]
	at org.junit.runners.Suite.runChild(Suite.java:27) [junit-4.13.jar:4.13]
	at org.junit.runners.ParentRunner$4.run(ParentRunner.java:331) [junit-4.13.jar:4.13]
	at org.junit.runners.ParentRunner$1.schedule(ParentRunner.java:79) [junit-4.13.jar:4.13]
	at org.junit.runners.ParentRunner.runChildren(ParentRunner.java:329) [junit-4.13.jar:4.13]
	at org.junit.runners.ParentRunner.access$100(ParentRunner.java:66) [junit-4.13.jar:4.13]
	at org.junit.runners.ParentRunner$2.evaluate(ParentRunner.java:293) [junit-4.13.jar:4.13]
	at org.junit.internal.runners.statements.RunAfters.evaluate(RunAfters.java:27) [junit-4.13.jar:4.13]
	at org.junit.runners.ParentRunner$3.evaluate(ParentRunner.java:306) [junit-4.13.jar:4.13]
	at org.junit.runners.ParentRunner.run(ParentRunner.java:413) [junit-4.13.jar:4.13]
	at org.eclipse.jdt.internal.junit4.runner.JUnit4TestReference.run(JUnit4TestReference.java:93) [.cp/:?]
	at org.eclipse.jdt.internal.junit.runner.TestExecution.run(TestExecution.java:40) [.cp/:?]
	at org.eclipse.jdt.internal.junit.runner.RemoteTestRunner.runTests(RemoteTestRunner.java:530) [.cp/:?]
	at org.eclipse.jdt.internal.junit.runner.RemoteTestRunner.runTests(RemoteTestRunner.java:758) [.cp/:?]
	at org.eclipse.jdt.internal.junit.runner.RemoteTestRunner.run(RemoteTestRunner.java:453) [.cp/:?]
	at org.eclipse.jdt.internal.junit.runner.RemoteTestRunner.main(RemoteTestRunner.java:211) [.cp/:?]
2025-12-29 23:52:33 INFO  === END   tests.productCardsTests.RatingMatchesReviewsTests.reviewsShouldMatchRating[Exp#13 [f1=2, f2=2, f3=1, f4=2, f5=3, f6=1, f7=3, f8=2]] ===
2025-12-29 23:52:33 INFO  === START tests.productCardsTests.RatingMatchesReviewsTests.numberOfReviewsShouldMatch[Exp#13 [f1=2, f2=2, f3=1, f4=2, f5=3, f6=1, f7=3, f8=2]] ===
2025-12-29 23:52:33 INFO  STEP: ♻️ Using existing results for same input.
2025-12-29 23:52:33 INFO  STEP: === CARD 1 ===
2025-12-29 23:52:33 INFO  STEP: Toggle Reviews
2025-12-29 23:52:33 INFO  STEP: Is reviwes window open?: true
2025-12-29 23:52:33 INFO  STEP: #1 review_count:4 actual_count: 4
2025-12-29 23:52:33 INFO  STEP: === CARD 2 ===
2025-12-29 23:52:34 INFO  STEP: Toggle Reviews
2025-12-29 23:52:34 INFO  STEP: Is reviwes window open?: true
2025-12-29 23:52:34 INFO  STEP: #2 review_count:4 actual_count: 4
2025-12-29 23:52:34 INFO  STEP: === CARD 3 ===
2025-12-29 23:52:34 INFO  STEP: Toggle Reviews
2025-12-29 23:52:34 INFO  STEP: Is reviwes window open?: true
2025-12-29 23:52:35 INFO  STEP: #3 review_count:4 actual_count: 4
2025-12-29 23:52:35 INFO  STEP: === CARD 4 ===
2025-12-29 23:52:35 INFO  STEP: Toggle Reviews
2025-12-29 23:52:35 INFO  STEP: Is reviwes window open?: true
2025-12-29 23:52:35 INFO  STEP: #4 review_count:4 actual_count: 4
2025-12-29 23:52:35 INFO  STEP: === CARD 5 ===
2025-12-29 23:52:35 INFO  STEP: Toggle Reviews
2025-12-29 23:52:35 INFO  STEP: Is reviwes window open?: true
2025-12-29 23:52:36 INFO  STEP: #5 review_count:4 actual_count: 4
2025-12-29 23:52:36 INFO  STEP PASS: number of reviews should match review count
2025-12-29 23:52:36 INFO  === PASS  tests.productCardsTests.RatingMatchesReviewsTests.numberOfReviewsShouldMatch[Exp#13 [f1=2, f2=2, f3=1, f4=2, f5=3, f6=1, f7=3, f8=2]] ===
2025-12-29 23:52:36 INFO  === END   tests.productCardsTests.RatingMatchesReviewsTests.numberOfReviewsShouldMatch[Exp#13 [f1=2, f2=2, f3=1, f4=2, f5=3, f6=1, f7=3, f8=2]] ===
2025-12-29 23:52:36 INFO  === START tests.productCardsTests.RatingMatchesReviewsTests.reviewsShouldMatchRating[Exp#14 [f1=2, f2=2, f3=2, f4=3, f5=1, f6=2, f7=1, f8=3]] ===
2025-12-29 23:52:36 INFO  STEP: 📝 New input: Filling form fields.
2025-12-29 23:52:40 INFO  STEP: === CARD 1 ===
2025-12-29 23:52:41 INFO  STEP: Toggle Reviews
2025-12-29 23:52:41 INFO  STEP: Is reviwes window open?: true
2025-12-29 23:52:41 INFO  STEP: Number of reviews: 4
2025-12-29 23:52:42 INFO  STEP: stars:5
2025-12-29 23:52:42 INFO  STEP: stars:4
2025-12-29 23:52:42 INFO  STEP: stars:3
2025-12-29 23:52:42 INFO  STEP: stars:4
2025-12-29 23:52:42 INFO  STEP: sum of stars:16
2025-12-29 23:52:42 INFO  STEP: #1 Product rating: 3.5 ||| Actual rating:4.0
2025-12-29 23:52:42 INFO  STEP: === CARD 2 ===
2025-12-29 23:52:42 INFO  STEP: Toggle Reviews
2025-12-29 23:52:43 INFO  STEP: Is reviwes window open?: true
2025-12-29 23:52:43 INFO  STEP: Number of reviews: 4
2025-12-29 23:52:43 INFO  STEP: stars:5
2025-12-29 23:52:43 INFO  STEP: stars:1
2025-12-29 23:52:44 INFO  STEP: stars:4
2025-12-29 23:52:44 INFO  STEP: stars:4
2025-12-29 23:52:44 INFO  STEP: sum of stars:14
2025-12-29 23:52:44 INFO  STEP: #2 Product rating: 3.3 ||| Actual rating:3.0
2025-12-29 23:52:44 INFO  STEP: === CARD 3 ===
2025-12-29 23:52:44 INFO  STEP: Toggle Reviews
2025-12-29 23:52:44 INFO  STEP: Is reviwes window open?: true
2025-12-29 23:52:45 INFO  STEP: Number of reviews: 4
2025-12-29 23:52:45 INFO  STEP: stars:5
2025-12-29 23:52:45 INFO  STEP: stars:2
2025-12-29 23:52:45 INFO  STEP: stars:5
2025-12-29 23:52:45 INFO  STEP: stars:4
2025-12-29 23:52:45 INFO  STEP: sum of stars:16
2025-12-29 23:52:45 INFO  STEP: #3 Product rating: 3.6 ||| Actual rating:4.0
2025-12-29 23:52:45 INFO  STEP: === CARD 4 ===
2025-12-29 23:52:45 INFO  STEP: Toggle Reviews
2025-12-29 23:52:46 INFO  STEP: Is reviwes window open?: true
2025-12-29 23:52:46 INFO  STEP: Number of reviews: 4
2025-12-29 23:52:46 INFO  STEP: stars:5
2025-12-29 23:52:46 INFO  STEP: stars:4
2025-12-29 23:52:47 INFO  STEP: stars:4
2025-12-29 23:52:47 INFO  STEP: stars:4
2025-12-29 23:52:47 INFO  STEP: sum of stars:17
2025-12-29 23:52:47 INFO  STEP: #4 Product rating: 4.4 ||| Actual rating:4.0
2025-12-29 23:52:47 INFO  STEP: === CARD 5 ===
2025-12-29 23:52:47 INFO  STEP: Toggle Reviews
2025-12-29 23:52:47 INFO  STEP: Is reviwes window open?: true
2025-12-29 23:52:48 INFO  STEP: Number of reviews: 4
2025-12-29 23:52:48 INFO  STEP: stars:5
2025-12-29 23:52:48 INFO  STEP: stars:4
2025-12-29 23:52:48 INFO  STEP: stars:5
2025-12-29 23:52:48 INFO  STEP: stars:2
2025-12-29 23:52:48 INFO  STEP: sum of stars:16
2025-12-29 23:52:48 INFO  STEP: #5 Product rating: 3.1 ||| Actual rating:4.0
2025-12-29 23:52:48 ERROR STEP FAIL: All reviews ratings should match the product rating
2025-12-29 23:52:48 ERROR === FAIL  tests.productCardsTests.RatingMatchesReviewsTests.reviewsShouldMatchRating[Exp#14 [f1=2, f2=2, f3=2, f4=3, f5=1, f6=2, f7=1, f8=3]] ===
java.lang.AssertionError: All reviews ratings should match the product rating
	at org.junit.Assert.fail(Assert.java:89) ~[junit-4.13.jar:4.13]
	at org.junit.Assert.assertTrue(Assert.java:42) ~[junit-4.13.jar:4.13]
	at tests.BaseTest.checkTrue(BaseTest.java:92) ~[test-classes/:?]
	at tests.productCardsTests.RatingMatchesReviewsTests.reviewsShouldMatchRating(RatingMatchesReviewsTests.java:80) ~[test-classes/:?]
	at jdk.internal.reflect.DirectMethodHandleAccessor.invoke(DirectMethodHandleAccessor.java:103) ~[?:?]
	at java.lang.reflect.Method.invoke(Method.java:580) ~[?:?]
	at org.junit.runners.model.FrameworkMethod$1.runReflectiveCall(FrameworkMethod.java:59) ~[junit-4.13.jar:4.13]
	at org.junit.internal.runners.model.ReflectiveCallable.run(ReflectiveCallable.java:12) ~[junit-4.13.jar:4.13]
	at org.junit.runners.model.FrameworkMethod.invokeExplosively(FrameworkMethod.java:56) ~[junit-4.13.jar:4.13]
	at org.junit.internal.runners.statements.InvokeMethod.evaluate(InvokeMethod.java:17) ~[junit-4.13.jar:4.13]
	at org.junit.internal.runners.statements.RunBefores.evaluate(RunBefores.java:26) ~[junit-4.13.jar:4.13]
	at org.junit.internal.runners.statements.RunAfters.evaluate(RunAfters.java:27) ~[junit-4.13.jar:4.13]
	at org.junit.rules.TestWatcher$1.evaluate(TestWatcher.java:61) [junit-4.13.jar:4.13]
	at org.junit.runners.ParentRunner$3.evaluate(ParentRunner.java:306) [junit-4.13.jar:4.13]
	at org.junit.runners.BlockJUnit4ClassRunner$1.evaluate(BlockJUnit4ClassRunner.java:100) [junit-4.13.jar:4.13]
	at org.junit.runners.ParentRunner.runLeaf(ParentRunner.java:366) [junit-4.13.jar:4.13]
	at org.junit.runners.BlockJUnit4ClassRunner.runChild(BlockJUnit4ClassRunner.java:103) [junit-4.13.jar:4.13]
	at org.junit.runners.BlockJUnit4ClassRunner.runChild(BlockJUnit4ClassRunner.java:63) [junit-4.13.jar:4.13]
	at org.junit.runners.ParentRunner$4.run(ParentRunner.java:331) [junit-4.13.jar:4.13]
	at org.junit.runners.ParentRunner$1.schedule(ParentRunner.java:79) [junit-4.13.jar:4.13]
	at org.junit.runners.ParentRunner.runChildren(ParentRunner.java:329) [junit-4.13.jar:4.13]
	at org.junit.runners.ParentRunner.access$100(ParentRunner.java:66) [junit-4.13.jar:4.13]
	at org.junit.runners.ParentRunner$2.evaluate(ParentRunner.java:293) [junit-4.13.jar:4.13]
	at org.junit.runners.ParentRunner.run(ParentRunner.java:413) [junit-4.13.jar:4.13]
	at org.junit.runners.Suite.runChild(Suite.java:128) [junit-4.13.jar:4.13]
	at org.junit.runners.Suite.runChild(Suite.java:27) [junit-4.13.jar:4.13]
	at org.junit.runners.ParentRunner$4.run(ParentRunner.java:331) [junit-4.13.jar:4.13]
	at org.junit.runners.ParentRunner$1.schedule(ParentRunner.java:79) [junit-4.13.jar:4.13]
	at org.junit.runners.ParentRunner.runChildren(ParentRunner.java:329) [junit-4.13.jar:4.13]
	at org.junit.runners.ParentRunner.access$100(ParentRunner.java:66) [junit-4.13.jar:4.13]
	at org.junit.runners.ParentRunner$2.evaluate(ParentRunner.java:293) [junit-4.13.jar:4.13]
	at org.junit.internal.runners.statements.RunAfters.evaluate(RunAfters.java:27) [junit-4.13.jar:4.13]
	at org.junit.runners.ParentRunner$3.evaluate(ParentRunner.java:306) [junit-4.13.jar:4.13]
	at org.junit.runners.ParentRunner.run(ParentRunner.java:413) [junit-4.13.jar:4.13]
	at org.eclipse.jdt.internal.junit4.runner.JUnit4TestReference.run(JUnit4TestReference.java:93) [.cp/:?]
	at org.eclipse.jdt.internal.junit.runner.TestExecution.run(TestExecution.java:40) [.cp/:?]
	at org.eclipse.jdt.internal.junit.runner.RemoteTestRunner.runTests(RemoteTestRunner.java:530) [.cp/:?]
	at org.eclipse.jdt.internal.junit.runner.RemoteTestRunner.runTests(RemoteTestRunner.java:758) [.cp/:?]
	at org.eclipse.jdt.internal.junit.runner.RemoteTestRunner.run(RemoteTestRunner.java:453) [.cp/:?]
	at org.eclipse.jdt.internal.junit.runner.RemoteTestRunner.main(RemoteTestRunner.java:211) [.cp/:?]
2025-12-29 23:52:48 INFO  === END   tests.productCardsTests.RatingMatchesReviewsTests.reviewsShouldMatchRating[Exp#14 [f1=2, f2=2, f3=2, f4=3, f5=1, f6=2, f7=1, f8=3]] ===
2025-12-29 23:52:48 INFO  === START tests.productCardsTests.RatingMatchesReviewsTests.numberOfReviewsShouldMatch[Exp#14 [f1=2, f2=2, f3=2, f4=3, f5=1, f6=2, f7=1, f8=3]] ===
2025-12-29 23:52:48 INFO  STEP: ♻️ Using existing results for same input.
2025-12-29 23:52:48 INFO  STEP: === CARD 1 ===
2025-12-29 23:52:48 INFO  STEP: Toggle Reviews
2025-12-29 23:52:48 INFO  STEP: Is reviwes window open?: true
2025-12-29 23:52:49 INFO  STEP: #1 review_count:4 actual_count: 4
2025-12-29 23:52:49 INFO  STEP: === CARD 2 ===
2025-12-29 23:52:49 INFO  STEP: Toggle Reviews
2025-12-29 23:52:49 INFO  STEP: Is reviwes window open?: true
2025-12-29 23:52:50 INFO  STEP: #2 review_count:4 actual_count: 4
2025-12-29 23:52:50 INFO  STEP: === CARD 3 ===
2025-12-29 23:52:50 INFO  STEP: Toggle Reviews
2025-12-29 23:52:50 INFO  STEP: Is reviwes window open?: true
2025-12-29 23:52:50 INFO  STEP: #3 review_count:4 actual_count: 4
2025-12-29 23:52:50 INFO  STEP: === CARD 4 ===
2025-12-29 23:52:50 INFO  STEP: Toggle Reviews
2025-12-29 23:52:50 INFO  STEP: Is reviwes window open?: true
2025-12-29 23:52:51 INFO  STEP: #4 review_count:4 actual_count: 4
2025-12-29 23:52:51 INFO  STEP: === CARD 5 ===
2025-12-29 23:52:51 INFO  STEP: Toggle Reviews
2025-12-29 23:52:51 INFO  STEP: Is reviwes window open?: true
2025-12-29 23:52:51 INFO  STEP: #5 review_count:4 actual_count: 4
2025-12-29 23:52:51 INFO  STEP PASS: number of reviews should match review count
2025-12-29 23:52:51 INFO  === PASS  tests.productCardsTests.RatingMatchesReviewsTests.numberOfReviewsShouldMatch[Exp#14 [f1=2, f2=2, f3=2, f4=3, f5=1, f6=2, f7=1, f8=3]] ===
2025-12-29 23:52:51 INFO  === END   tests.productCardsTests.RatingMatchesReviewsTests.numberOfReviewsShouldMatch[Exp#14 [f1=2, f2=2, f3=2, f4=3, f5=1, f6=2, f7=1, f8=3]] ===
2025-12-29 23:52:51 INFO  === START tests.productCardsTests.RatingMatchesReviewsTests.reviewsShouldMatchRating[Exp#15 [f1=2, f2=2, f3=3, f4=1, f5=2, f6=3, f7=2, f8=1]] ===
2025-12-29 23:52:51 INFO  STEP: 📝 New input: Filling form fields.
2025-12-29 23:52:56 INFO  STEP: === CARD 1 ===
2025-12-29 23:52:56 INFO  STEP: Toggle Reviews
2025-12-29 23:52:56 INFO  STEP: Is reviwes window open?: true
2025-12-29 23:52:57 INFO  STEP: Number of reviews: 4
2025-12-29 23:52:57 INFO  STEP: stars:5
2025-12-29 23:52:57 INFO  STEP: stars:4
2025-12-29 23:52:57 INFO  STEP: stars:2
2025-12-29 23:52:57 INFO  STEP: stars:3
2025-12-29 23:52:57 INFO  STEP: sum of stars:14
2025-12-29 23:52:57 INFO  STEP: #1 Product rating: 2.5 ||| Actual rating:3.0
2025-12-29 23:52:57 INFO  STEP: === CARD 2 ===
2025-12-29 23:52:58 INFO  STEP: Toggle Reviews
2025-12-29 23:52:58 INFO  STEP: Is reviwes window open?: true
2025-12-29 23:52:58 INFO  STEP: Number of reviews: 4
2025-12-29 23:52:58 INFO  STEP: stars:5
2025-12-29 23:52:59 INFO  STEP: stars:5
2025-12-29 23:52:59 INFO  STEP: stars:5
2025-12-29 23:52:59 INFO  STEP: stars:1
2025-12-29 23:52:59 INFO  STEP: sum of stars:16
2025-12-29 23:52:59 INFO  STEP: #2 Product rating: 4.9 ||| Actual rating:4.0
2025-12-29 23:52:59 INFO  STEP: === CARD 3 ===
2025-12-29 23:52:59 INFO  STEP: Toggle Reviews
2025-12-29 23:52:59 INFO  STEP: Is reviwes window open?: true
2025-12-29 23:53:00 INFO  STEP: Number of reviews: 4
2025-12-29 23:53:00 INFO  STEP: stars:5
2025-12-29 23:53:00 INFO  STEP: stars:5
2025-12-29 23:53:00 INFO  STEP: stars:1
2025-12-29 23:53:00 INFO  STEP: stars:1
2025-12-29 23:53:00 INFO  STEP: sum of stars:12
2025-12-29 23:53:00 INFO  STEP: #3 Product rating: 3.9 ||| Actual rating:3.0
2025-12-29 23:53:00 INFO  STEP: === CARD 4 ===
2025-12-29 23:53:00 INFO  STEP: Toggle Reviews
2025-12-29 23:53:01 INFO  STEP: Is reviwes window open?: true
2025-12-29 23:53:01 INFO  STEP: Number of reviews: 4
2025-12-29 23:53:02 INFO  STEP: stars:5
2025-12-29 23:53:02 INFO  STEP: stars:4
2025-12-29 23:53:02 INFO  STEP: stars:5
2025-12-29 23:53:02 INFO  STEP: stars:4
2025-12-29 23:53:02 INFO  STEP: sum of stars:18
2025-12-29 23:53:02 INFO  STEP: #4 Product rating: 4.0 ||| Actual rating:4.0
2025-12-29 23:53:02 INFO  STEP: === CARD 5 ===
2025-12-29 23:53:02 INFO  STEP: Toggle Reviews
2025-12-29 23:53:03 INFO  STEP: Is reviwes window open?: true
2025-12-29 23:53:03 INFO  STEP: Number of reviews: 4
2025-12-29 23:53:03 INFO  STEP: stars:5
2025-12-29 23:53:04 INFO  STEP: stars:4
2025-12-29 23:53:04 INFO  STEP: stars:5
2025-12-29 23:53:04 INFO  STEP: stars:4
2025-12-29 23:53:04 INFO  STEP: sum of stars:18
2025-12-29 23:53:04 INFO  STEP: #5 Product rating: 3.0 ||| Actual rating:4.0
2025-12-29 23:53:04 ERROR STEP FAIL: All reviews ratings should match the product rating
2025-12-29 23:53:04 ERROR === FAIL  tests.productCardsTests.RatingMatchesReviewsTests.reviewsShouldMatchRating[Exp#15 [f1=2, f2=2, f3=3, f4=1, f5=2, f6=3, f7=2, f8=1]] ===
java.lang.AssertionError: All reviews ratings should match the product rating
	at org.junit.Assert.fail(Assert.java:89) ~[junit-4.13.jar:4.13]
	at org.junit.Assert.assertTrue(Assert.java:42) ~[junit-4.13.jar:4.13]
	at tests.BaseTest.checkTrue(BaseTest.java:92) ~[test-classes/:?]
	at tests.productCardsTests.RatingMatchesReviewsTests.reviewsShouldMatchRating(RatingMatchesReviewsTests.java:80) ~[test-classes/:?]
	at jdk.internal.reflect.DirectMethodHandleAccessor.invoke(DirectMethodHandleAccessor.java:103) ~[?:?]
	at java.lang.reflect.Method.invoke(Method.java:580) ~[?:?]
	at org.junit.runners.model.FrameworkMethod$1.runReflectiveCall(FrameworkMethod.java:59) ~[junit-4.13.jar:4.13]
	at org.junit.internal.runners.model.ReflectiveCallable.run(ReflectiveCallable.java:12) ~[junit-4.13.jar:4.13]
	at org.junit.runners.model.FrameworkMethod.invokeExplosively(FrameworkMethod.java:56) ~[junit-4.13.jar:4.13]
	at org.junit.internal.runners.statements.InvokeMethod.evaluate(InvokeMethod.java:17) ~[junit-4.13.jar:4.13]
	at org.junit.internal.runners.statements.RunBefores.evaluate(RunBefores.java:26) ~[junit-4.13.jar:4.13]
	at org.junit.internal.runners.statements.RunAfters.evaluate(RunAfters.java:27) ~[junit-4.13.jar:4.13]
	at org.junit.rules.TestWatcher$1.evaluate(TestWatcher.java:61) [junit-4.13.jar:4.13]
	at org.junit.runners.ParentRunner$3.evaluate(ParentRunner.java:306) [junit-4.13.jar:4.13]
	at org.junit.runners.BlockJUnit4ClassRunner$1.evaluate(BlockJUnit4ClassRunner.java:100) [junit-4.13.jar:4.13]
	at org.junit.runners.ParentRunner.runLeaf(ParentRunner.java:366) [junit-4.13.jar:4.13]
	at org.junit.runners.BlockJUnit4ClassRunner.runChild(BlockJUnit4ClassRunner.java:103) [junit-4.13.jar:4.13]
	at org.junit.runners.BlockJUnit4ClassRunner.runChild(BlockJUnit4ClassRunner.java:63) [junit-4.13.jar:4.13]
	at org.junit.runners.ParentRunner$4.run(ParentRunner.java:331) [junit-4.13.jar:4.13]
	at org.junit.runners.ParentRunner$1.schedule(ParentRunner.java:79) [junit-4.13.jar:4.13]
	at org.junit.runners.ParentRunner.runChildren(ParentRunner.java:329) [junit-4.13.jar:4.13]
	at org.junit.runners.ParentRunner.access$100(ParentRunner.java:66) [junit-4.13.jar:4.13]
	at org.junit.runners.ParentRunner$2.evaluate(ParentRunner.java:293) [junit-4.13.jar:4.13]
	at org.junit.runners.ParentRunner.run(ParentRunner.java:413) [junit-4.13.jar:4.13]
	at org.junit.runners.Suite.runChild(Suite.java:128) [junit-4.13.jar:4.13]
	at org.junit.runners.Suite.runChild(Suite.java:27) [junit-4.13.jar:4.13]
	at org.junit.runners.ParentRunner$4.run(ParentRunner.java:331) [junit-4.13.jar:4.13]
	at org.junit.runners.ParentRunner$1.schedule(ParentRunner.java:79) [junit-4.13.jar:4.13]
	at org.junit.runners.ParentRunner.runChildren(ParentRunner.java:329) [junit-4.13.jar:4.13]
	at org.junit.runners.ParentRunner.access$100(ParentRunner.java:66) [junit-4.13.jar:4.13]
	at org.junit.runners.ParentRunner$2.evaluate(ParentRunner.java:293) [junit-4.13.jar:4.13]
	at org.junit.internal.runners.statements.RunAfters.evaluate(RunAfters.java:27) [junit-4.13.jar:4.13]
	at org.junit.runners.ParentRunner$3.evaluate(ParentRunner.java:306) [junit-4.13.jar:4.13]
	at org.junit.runners.ParentRunner.run(ParentRunner.java:413) [junit-4.13.jar:4.13]
	at org.eclipse.jdt.internal.junit4.runner.JUnit4TestReference.run(JUnit4TestReference.java:93) [.cp/:?]
	at org.eclipse.jdt.internal.junit.runner.TestExecution.run(TestExecution.java:40) [.cp/:?]
	at org.eclipse.jdt.internal.junit.runner.RemoteTestRunner.runTests(RemoteTestRunner.java:530) [.cp/:?]
	at org.eclipse.jdt.internal.junit.runner.RemoteTestRunner.runTests(RemoteTestRunner.java:758) [.cp/:?]
	at org.eclipse.jdt.internal.junit.runner.RemoteTestRunner.run(RemoteTestRunner.java:453) [.cp/:?]
	at org.eclipse.jdt.internal.junit.runner.RemoteTestRunner.main(RemoteTestRunner.java:211) [.cp/:?]
2025-12-29 23:53:04 INFO  === END   tests.productCardsTests.RatingMatchesReviewsTests.reviewsShouldMatchRating[Exp#15 [f1=2, f2=2, f3=3, f4=1, f5=2, f6=3, f7=2, f8=1]] ===
2025-12-29 23:57:27 INFO  === START tests.productCardsTests.RatingMatchesReviewsTests.reviewsShouldMatchRating[Exp#1 [f1=1, f2=1, f3=1, f4=1, f5=1, f6=1, f7=1, f8=1]] ===
2025-12-29 23:57:30 INFO  STEP: 📝 New input: Filling form fields.
2025-12-29 23:57:40 INFO  STEP: === CARD 1 ===
2025-12-29 23:57:41 INFO  STEP: Toggle Reviews
2025-12-29 23:57:41 INFO  STEP: Is reviwes window open?: true
2025-12-29 23:57:42 INFO  STEP: Number of reviews: 4
2025-12-29 23:57:42 INFO  STEP: stars:5
2025-12-29 23:57:42 INFO  STEP: stars:3
2025-12-29 23:57:42 INFO  STEP: stars:3
2025-12-29 23:57:42 INFO  STEP: stars:5
2025-12-29 23:57:42 INFO  STEP: sum of stars:16
2025-12-29 23:57:42 INFO  STEP: #1 Product rating: 4.5 ||| Actual rating:4.0
2025-12-29 23:57:42 INFO  STEP: === CARD 2 ===
2025-12-29 23:57:43 INFO  STEP: Toggle Reviews
2025-12-29 23:57:43 INFO  STEP: Is reviwes window open?: true
2025-12-29 23:57:44 INFO  STEP: Number of reviews: 4
2025-12-29 23:57:44 INFO  STEP: stars:5
2025-12-29 23:57:44 INFO  STEP: stars:3
2025-12-29 23:57:45 INFO  STEP: stars:2
2025-12-29 23:57:45 INFO  STEP: stars:4
2025-12-29 23:57:45 INFO  STEP: sum of stars:14
2025-12-29 23:57:45 INFO  STEP: #2 Product rating: 4.4 ||| Actual rating:3.0
2025-12-29 23:57:45 INFO  STEP: === CARD 3 ===
2025-12-29 23:57:45 INFO  STEP: Toggle Reviews
2025-12-29 23:57:45 INFO  STEP: Is reviwes window open?: true
2025-12-29 23:57:46 INFO  STEP: Number of reviews: 4
2025-12-29 23:57:46 INFO  STEP: stars:5
2025-12-29 23:57:47 INFO  STEP: stars:5
2025-12-29 23:57:47 INFO  STEP: stars:3
2025-12-29 23:57:47 INFO  STEP: stars:4
2025-12-29 23:57:47 INFO  STEP: sum of stars:17
2025-12-29 23:57:47 INFO  STEP: #3 Product rating: 3.9 ||| Actual rating:4.0
2025-12-29 23:57:47 INFO  STEP: === CARD 4 ===
2025-12-29 23:57:47 INFO  STEP: Toggle Reviews
2025-12-29 23:57:48 INFO  STEP: Is reviwes window open?: true
2025-12-29 23:57:48 INFO  STEP: Number of reviews: 4
2025-12-29 23:57:49 INFO  STEP: stars:5
2025-12-29 23:57:49 INFO  STEP: stars:5
2025-12-29 23:57:49 INFO  STEP: stars:2
2025-12-29 23:57:49 INFO  STEP: stars:4
2025-12-29 23:57:49 INFO  STEP: sum of stars:16
2025-12-29 23:57:49 INFO  STEP: #4 Product rating: 3.0 ||| Actual rating:4.0
2025-12-29 23:57:49 INFO  STEP: === CARD 5 ===
2025-12-29 23:57:49 INFO  STEP: Toggle Reviews
2025-12-29 23:57:50 INFO  STEP: Is reviwes window open?: true
2025-12-29 23:57:51 INFO  STEP: Number of reviews: 4
2025-12-29 23:57:51 INFO  STEP: stars:5
2025-12-29 23:57:51 INFO  STEP: stars:5
2025-12-29 23:57:51 INFO  STEP: stars:5
2025-12-29 23:57:52 INFO  STEP: stars:4
2025-12-29 23:57:52 INFO  STEP: sum of stars:19
2025-12-29 23:57:52 INFO  STEP: #5 Product rating: 2.8 ||| Actual rating:4.0
2025-12-29 23:57:52 ERROR STEP FAIL: All reviews ratings should match the product rating
2025-12-29 23:57:52 ERROR === FAIL  tests.productCardsTests.RatingMatchesReviewsTests.reviewsShouldMatchRating[Exp#1 [f1=1, f2=1, f3=1, f4=1, f5=1, f6=1, f7=1, f8=1]] ===
java.lang.AssertionError: All reviews ratings should match the product rating
	at org.junit.Assert.fail(Assert.java:89) ~[junit-4.13.jar:4.13]
	at org.junit.Assert.assertTrue(Assert.java:42) ~[junit-4.13.jar:4.13]
	at tests.BaseTest.checkTrue(BaseTest.java:92) ~[test-classes/:?]
	at tests.productCardsTests.RatingMatchesReviewsTests.reviewsShouldMatchRating(RatingMatchesReviewsTests.java:80) ~[test-classes/:?]
	at jdk.internal.reflect.DirectMethodHandleAccessor.invoke(DirectMethodHandleAccessor.java:103) ~[?:?]
	at java.lang.reflect.Method.invoke(Method.java:580) ~[?:?]
	at org.junit.runners.model.FrameworkMethod$1.runReflectiveCall(FrameworkMethod.java:59) ~[junit-4.13.jar:4.13]
	at org.junit.internal.runners.model.ReflectiveCallable.run(ReflectiveCallable.java:12) ~[junit-4.13.jar:4.13]
	at org.junit.runners.model.FrameworkMethod.invokeExplosively(FrameworkMethod.java:56) ~[junit-4.13.jar:4.13]
	at org.junit.internal.runners.statements.InvokeMethod.evaluate(InvokeMethod.java:17) ~[junit-4.13.jar:4.13]
	at org.junit.internal.runners.statements.RunBefores.evaluate(RunBefores.java:26) ~[junit-4.13.jar:4.13]
	at org.junit.internal.runners.statements.RunAfters.evaluate(RunAfters.java:27) ~[junit-4.13.jar:4.13]
	at org.junit.rules.TestWatcher$1.evaluate(TestWatcher.java:61) [junit-4.13.jar:4.13]
	at org.junit.runners.ParentRunner$3.evaluate(ParentRunner.java:306) [junit-4.13.jar:4.13]
	at org.junit.runners.BlockJUnit4ClassRunner$1.evaluate(BlockJUnit4ClassRunner.java:100) [junit-4.13.jar:4.13]
	at org.junit.runners.ParentRunner.runLeaf(ParentRunner.java:366) [junit-4.13.jar:4.13]
	at org.junit.runners.BlockJUnit4ClassRunner.runChild(BlockJUnit4ClassRunner.java:103) [junit-4.13.jar:4.13]
	at org.junit.runners.BlockJUnit4ClassRunner.runChild(BlockJUnit4ClassRunner.java:63) [junit-4.13.jar:4.13]
	at org.junit.runners.ParentRunner$4.run(ParentRunner.java:331) [junit-4.13.jar:4.13]
	at org.junit.runners.ParentRunner$1.schedule(ParentRunner.java:79) [junit-4.13.jar:4.13]
	at org.junit.runners.ParentRunner.runChildren(ParentRunner.java:329) [junit-4.13.jar:4.13]
	at org.junit.runners.ParentRunner.access$100(ParentRunner.java:66) [junit-4.13.jar:4.13]
	at org.junit.runners.ParentRunner$2.evaluate(ParentRunner.java:293) [junit-4.13.jar:4.13]
	at org.junit.runners.ParentRunner.run(ParentRunner.java:413) [junit-4.13.jar:4.13]
	at org.junit.runners.Suite.runChild(Suite.java:128) [junit-4.13.jar:4.13]
	at org.junit.runners.Suite.runChild(Suite.java:27) [junit-4.13.jar:4.13]
	at org.junit.runners.ParentRunner$4.run(ParentRunner.java:331) [junit-4.13.jar:4.13]
	at org.junit.runners.ParentRunner$1.schedule(ParentRunner.java:79) [junit-4.13.jar:4.13]
	at org.junit.runners.ParentRunner.runChildren(ParentRunner.java:329) [junit-4.13.jar:4.13]
	at org.junit.runners.ParentRunner.access$100(ParentRunner.java:66) [junit-4.13.jar:4.13]
	at org.junit.runners.ParentRunner$2.evaluate(ParentRunner.java:293) [junit-4.13.jar:4.13]
	at org.junit.internal.runners.statements.RunAfters.evaluate(RunAfters.java:27) [junit-4.13.jar:4.13]
	at org.junit.runners.ParentRunner$3.evaluate(ParentRunner.java:306) [junit-4.13.jar:4.13]
	at org.junit.runners.ParentRunner.run(ParentRunner.java:413) [junit-4.13.jar:4.13]
	at org.eclipse.jdt.internal.junit4.runner.JUnit4TestReference.run(JUnit4TestReference.java:93) [.cp/:?]
	at org.eclipse.jdt.internal.junit.runner.TestExecution.run(TestExecution.java:40) [.cp/:?]
	at org.eclipse.jdt.internal.junit.runner.RemoteTestRunner.runTests(RemoteTestRunner.java:530) [.cp/:?]
	at org.eclipse.jdt.internal.junit.runner.RemoteTestRunner.runTests(RemoteTestRunner.java:758) [.cp/:?]
	at org.eclipse.jdt.internal.junit.runner.RemoteTestRunner.run(RemoteTestRunner.java:453) [.cp/:?]
	at org.eclipse.jdt.internal.junit.runner.RemoteTestRunner.main(RemoteTestRunner.java:211) [.cp/:?]
2025-12-29 23:57:52 INFO  === END   tests.productCardsTests.RatingMatchesReviewsTests.reviewsShouldMatchRating[Exp#1 [f1=1, f2=1, f3=1, f4=1, f5=1, f6=1, f7=1, f8=1]] ===
2025-12-29 23:57:52 INFO  === START tests.productCardsTests.RatingMatchesReviewsTests.numberOfReviewsShouldMatch[Exp#1 [f1=1, f2=1, f3=1, f4=1, f5=1, f6=1, f7=1, f8=1]] ===
2025-12-29 23:57:52 INFO  STEP: ♻️ Using existing results for same input.
2025-12-29 23:57:52 INFO  STEP: === CARD 1 ===
2025-12-29 23:57:52 INFO  STEP: Toggle Reviews
2025-12-29 23:57:52 INFO  STEP: Is reviwes window open?: true
2025-12-29 23:57:53 INFO  STEP: #1 review_count:4 actual_count: 4
2025-12-29 23:57:53 INFO  STEP: === CARD 2 ===
2025-12-29 23:57:53 INFO  STEP: Toggle Reviews
2025-12-29 23:57:53 INFO  STEP: Is reviwes window open?: true
2025-12-29 23:57:54 INFO  STEP: #2 review_count:4 actual_count: 4
2025-12-29 23:57:54 INFO  STEP: === CARD 3 ===
2025-12-29 23:57:54 INFO  STEP: Toggle Reviews
2025-12-29 23:57:54 INFO  STEP: Is reviwes window open?: true
2025-12-29 23:57:55 INFO  STEP: #3 review_count:4 actual_count: 4
2025-12-29 23:57:55 INFO  STEP: === CARD 4 ===
2025-12-29 23:57:55 INFO  STEP: Toggle Reviews
2025-12-29 23:57:55 INFO  STEP: Is reviwes window open?: true
2025-12-29 23:57:56 INFO  STEP: #4 review_count:4 actual_count: 4
2025-12-29 23:57:56 INFO  STEP: === CARD 5 ===
2025-12-29 23:57:56 INFO  STEP: Toggle Reviews
2025-12-29 23:57:56 INFO  STEP: Is reviwes window open?: true
2025-12-29 23:57:57 INFO  STEP: #5 review_count:4 actual_count: 4
2025-12-29 23:57:57 INFO  STEP PASS: number of reviews should match review count
2025-12-29 23:57:57 INFO  === PASS  tests.productCardsTests.RatingMatchesReviewsTests.numberOfReviewsShouldMatch[Exp#1 [f1=1, f2=1, f3=1, f4=1, f5=1, f6=1, f7=1, f8=1]] ===
2025-12-29 23:57:57 INFO  === END   tests.productCardsTests.RatingMatchesReviewsTests.numberOfReviewsShouldMatch[Exp#1 [f1=1, f2=1, f3=1, f4=1, f5=1, f6=1, f7=1, f8=1]] ===
2025-12-29 23:57:57 INFO  === START tests.productCardsTests.RatingMatchesReviewsTests.reviewsShouldMatchRating[Exp#2 [f1=1, f2=1, f3=2, f4=2, f5=2, f6=2, f7=2, f8=2]] ===
2025-12-29 23:57:57 INFO  STEP: 📝 New input: Filling form fields.
2025-12-29 23:58:03 INFO  STEP: === CARD 1 ===
2025-12-29 23:58:03 INFO  STEP: Toggle Reviews
2025-12-29 23:58:04 INFO  STEP: Is reviwes window open?: true
2025-12-29 23:58:04 INFO  STEP: Number of reviews: 4
2025-12-29 23:58:05 INFO  STEP: stars:5
2025-12-29 23:58:05 INFO  STEP: stars:3
2025-12-29 23:58:05 INFO  STEP: stars:5
2025-12-29 23:58:05 INFO  STEP: stars:1
2025-12-29 23:58:05 INFO  STEP: sum of stars:14
2025-12-29 23:58:05 INFO  STEP: #1 Product rating: 4.5 ||| Actual rating:3.0
2025-12-29 23:58:05 INFO  STEP: === CARD 2 ===
2025-12-29 23:58:05 INFO  STEP: Toggle Reviews
2025-12-29 23:58:06 INFO  STEP: Is reviwes window open?: true
2025-12-29 23:58:06 INFO  STEP: Number of reviews: 4
2025-12-29 23:58:07 INFO  STEP: stars:5
2025-12-29 23:58:07 INFO  STEP: stars:5
2025-12-29 23:58:07 INFO  STEP: stars:5
2025-12-29 23:58:07 INFO  STEP: stars:4
2025-12-29 23:58:07 INFO  STEP: sum of stars:19
2025-12-29 23:58:07 INFO  STEP: #2 Product rating: 3.3 ||| Actual rating:4.0
2025-12-29 23:58:07 INFO  STEP: === CARD 3 ===
2025-12-29 23:58:08 INFO  STEP: Toggle Reviews
2025-12-29 23:58:08 INFO  STEP: Is reviwes window open?: true
2025-12-29 23:58:08 INFO  STEP: Number of reviews: 4
2025-12-29 23:58:08 INFO  STEP: stars:5
2025-12-29 23:58:09 INFO  STEP: stars:3
2025-12-29 23:58:09 INFO  STEP: stars:1
2025-12-29 23:58:09 INFO  STEP: stars:5
2025-12-29 23:58:09 INFO  STEP: sum of stars:14
2025-12-29 23:58:09 INFO  STEP: #3 Product rating: 3.9 ||| Actual rating:3.0
2025-12-29 23:58:09 INFO  STEP: === CARD 4 ===
2025-12-29 23:58:09 INFO  STEP: Toggle Reviews
2025-12-29 23:58:09 INFO  STEP: Is reviwes window open?: true
2025-12-29 23:58:10 INFO  STEP: Number of reviews: 4
2025-12-29 23:58:10 INFO  STEP: stars:5
2025-12-29 23:58:10 INFO  STEP: stars:4
2025-12-29 23:58:10 INFO  STEP: stars:4
2025-12-29 23:58:10 INFO  STEP: stars:5
2025-12-29 23:58:10 INFO  STEP: sum of stars:18
2025-12-29 23:58:10 INFO  STEP: #4 Product rating: 4.0 ||| Actual rating:4.0
2025-12-29 23:58:10 INFO  STEP: === CARD 5 ===
2025-12-29 23:58:10 INFO  STEP: Toggle Reviews
2025-12-29 23:58:11 INFO  STEP: Is reviwes window open?: true
2025-12-29 23:58:11 INFO  STEP: Number of reviews: 4
2025-12-29 23:58:11 INFO  STEP: stars:5
2025-12-29 23:58:12 INFO  STEP: stars:5
2025-12-29 23:58:12 INFO  STEP: stars:5
2025-12-29 23:58:12 INFO  STEP: stars:5
2025-12-29 23:58:12 INFO  STEP: sum of stars:20
2025-12-29 23:58:12 INFO  STEP: #5 Product rating: 4.6 ||| Actual rating:5.0
2025-12-29 23:58:12 ERROR STEP FAIL: All reviews ratings should match the product rating
2025-12-29 23:58:12 ERROR === FAIL  tests.productCardsTests.RatingMatchesReviewsTests.reviewsShouldMatchRating[Exp#2 [f1=1, f2=1, f3=2, f4=2, f5=2, f6=2, f7=2, f8=2]] ===
java.lang.AssertionError: All reviews ratings should match the product rating
	at org.junit.Assert.fail(Assert.java:89) ~[junit-4.13.jar:4.13]
	at org.junit.Assert.assertTrue(Assert.java:42) ~[junit-4.13.jar:4.13]
	at tests.BaseTest.checkTrue(BaseTest.java:92) ~[test-classes/:?]
	at tests.productCardsTests.RatingMatchesReviewsTests.reviewsShouldMatchRating(RatingMatchesReviewsTests.java:80) ~[test-classes/:?]
	at jdk.internal.reflect.DirectMethodHandleAccessor.invoke(DirectMethodHandleAccessor.java:103) ~[?:?]
	at java.lang.reflect.Method.invoke(Method.java:580) ~[?:?]
	at org.junit.runners.model.FrameworkMethod$1.runReflectiveCall(FrameworkMethod.java:59) ~[junit-4.13.jar:4.13]
	at org.junit.internal.runners.model.ReflectiveCallable.run(ReflectiveCallable.java:12) ~[junit-4.13.jar:4.13]
	at org.junit.runners.model.FrameworkMethod.invokeExplosively(FrameworkMethod.java:56) ~[junit-4.13.jar:4.13]
	at org.junit.internal.runners.statements.InvokeMethod.evaluate(InvokeMethod.java:17) ~[junit-4.13.jar:4.13]
	at org.junit.internal.runners.statements.RunBefores.evaluate(RunBefores.java:26) ~[junit-4.13.jar:4.13]
	at org.junit.internal.runners.statements.RunAfters.evaluate(RunAfters.java:27) ~[junit-4.13.jar:4.13]
	at org.junit.rules.TestWatcher$1.evaluate(TestWatcher.java:61) [junit-4.13.jar:4.13]
	at org.junit.runners.ParentRunner$3.evaluate(ParentRunner.java:306) [junit-4.13.jar:4.13]
	at org.junit.runners.BlockJUnit4ClassRunner$1.evaluate(BlockJUnit4ClassRunner.java:100) [junit-4.13.jar:4.13]
	at org.junit.runners.ParentRunner.runLeaf(ParentRunner.java:366) [junit-4.13.jar:4.13]
	at org.junit.runners.BlockJUnit4ClassRunner.runChild(BlockJUnit4ClassRunner.java:103) [junit-4.13.jar:4.13]
	at org.junit.runners.BlockJUnit4ClassRunner.runChild(BlockJUnit4ClassRunner.java:63) [junit-4.13.jar:4.13]
	at org.junit.runners.ParentRunner$4.run(ParentRunner.java:331) [junit-4.13.jar:4.13]
	at org.junit.runners.ParentRunner$1.schedule(ParentRunner.java:79) [junit-4.13.jar:4.13]
	at org.junit.runners.ParentRunner.runChildren(ParentRunner.java:329) [junit-4.13.jar:4.13]
	at org.junit.runners.ParentRunner.access$100(ParentRunner.java:66) [junit-4.13.jar:4.13]
	at org.junit.runners.ParentRunner$2.evaluate(ParentRunner.java:293) [junit-4.13.jar:4.13]
	at org.junit.runners.ParentRunner.run(ParentRunner.java:413) [junit-4.13.jar:4.13]
	at org.junit.runners.Suite.runChild(Suite.java:128) [junit-4.13.jar:4.13]
	at org.junit.runners.Suite.runChild(Suite.java:27) [junit-4.13.jar:4.13]
	at org.junit.runners.ParentRunner$4.run(ParentRunner.java:331) [junit-4.13.jar:4.13]
	at org.junit.runners.ParentRunner$1.schedule(ParentRunner.java:79) [junit-4.13.jar:4.13]
	at org.junit.runners.ParentRunner.runChildren(ParentRunner.java:329) [junit-4.13.jar:4.13]
	at org.junit.runners.ParentRunner.access$100(ParentRunner.java:66) [junit-4.13.jar:4.13]
	at org.junit.runners.ParentRunner$2.evaluate(ParentRunner.java:293) [junit-4.13.jar:4.13]
	at org.junit.internal.runners.statements.RunAfters.evaluate(RunAfters.java:27) [junit-4.13.jar:4.13]
	at org.junit.runners.ParentRunner$3.evaluate(ParentRunner.java:306) [junit-4.13.jar:4.13]
	at org.junit.runners.ParentRunner.run(ParentRunner.java:413) [junit-4.13.jar:4.13]
	at org.eclipse.jdt.internal.junit4.runner.JUnit4TestReference.run(JUnit4TestReference.java:93) [.cp/:?]
	at org.eclipse.jdt.internal.junit.runner.TestExecution.run(TestExecution.java:40) [.cp/:?]
	at org.eclipse.jdt.internal.junit.runner.RemoteTestRunner.runTests(RemoteTestRunner.java:530) [.cp/:?]
	at org.eclipse.jdt.internal.junit.runner.RemoteTestRunner.runTests(RemoteTestRunner.java:758) [.cp/:?]
	at org.eclipse.jdt.internal.junit.runner.RemoteTestRunner.run(RemoteTestRunner.java:453) [.cp/:?]
	at org.eclipse.jdt.internal.junit.runner.RemoteTestRunner.main(RemoteTestRunner.java:211) [.cp/:?]
2025-12-29 23:58:12 INFO  === END   tests.productCardsTests.RatingMatchesReviewsTests.reviewsShouldMatchRating[Exp#2 [f1=1, f2=1, f3=2, f4=2, f5=2, f6=2, f7=2, f8=2]] ===
2025-12-29 23:58:12 INFO  === START tests.productCardsTests.RatingMatchesReviewsTests.numberOfReviewsShouldMatch[Exp#2 [f1=1, f2=1, f3=2, f4=2, f5=2, f6=2, f7=2, f8=2]] ===
2025-12-29 23:58:12 INFO  STEP: ♻️ Using existing results for same input.
2025-12-29 23:58:12 INFO  STEP: === CARD 1 ===
2025-12-29 23:58:12 INFO  STEP: Toggle Reviews
2025-12-29 23:58:12 INFO  STEP: Is reviwes window open?: true
2025-12-29 23:58:13 INFO  STEP: #1 review_count:4 actual_count: 4
2025-12-29 23:58:13 INFO  STEP: === CARD 2 ===
2025-12-29 23:58:13 INFO  STEP: Toggle Reviews
2025-12-29 23:58:13 INFO  STEP: Is reviwes window open?: true
2025-12-29 23:58:13 INFO  STEP: #2 review_count:4 actual_count: 4
2025-12-29 23:58:13 INFO  STEP: === CARD 3 ===
2025-12-29 23:58:13 INFO  STEP: Toggle Reviews
2025-12-29 23:58:13 INFO  STEP: Is reviwes window open?: true
2025-12-29 23:58:14 INFO  STEP: #3 review_count:4 actual_count: 4
2025-12-29 23:58:14 INFO  STEP: === CARD 4 ===
2025-12-29 23:58:14 INFO  STEP: Toggle Reviews
2025-12-29 23:58:14 INFO  STEP: Is reviwes window open?: true
2025-12-29 23:58:15 INFO  STEP: #4 review_count:4 actual_count: 4
2025-12-29 23:58:15 INFO  STEP: === CARD 5 ===
2025-12-29 23:58:15 INFO  STEP: Toggle Reviews
2025-12-29 23:58:15 INFO  STEP: Is reviwes window open?: true
2025-12-29 23:58:16 INFO  STEP: #5 review_count:4 actual_count: 4
2025-12-29 23:58:16 INFO  STEP PASS: number of reviews should match review count
2025-12-29 23:58:16 INFO  === PASS  tests.productCardsTests.RatingMatchesReviewsTests.numberOfReviewsShouldMatch[Exp#2 [f1=1, f2=1, f3=2, f4=2, f5=2, f6=2, f7=2, f8=2]] ===
2025-12-29 23:58:16 INFO  === END   tests.productCardsTests.RatingMatchesReviewsTests.numberOfReviewsShouldMatch[Exp#2 [f1=1, f2=1, f3=2, f4=2, f5=2, f6=2, f7=2, f8=2]] ===
2025-12-29 23:58:16 INFO  === START tests.productCardsTests.RatingMatchesReviewsTests.reviewsShouldMatchRating[Exp#3 [f1=1, f2=1, f3=3, f4=3, f5=3, f6=3, f7=3, f8=3]] ===
2025-12-29 23:58:16 INFO  STEP: 📝 New input: Filling form fields.
2025-12-29 23:58:21 INFO  STEP: === CARD 1 ===
2025-12-29 23:58:21 INFO  STEP: Toggle Reviews
2025-12-29 23:58:21 INFO  STEP: Is reviwes window open?: true
2025-12-29 23:58:22 INFO  STEP: Number of reviews: 4
2025-12-29 23:58:22 INFO  STEP: stars:5
2025-12-29 23:58:22 INFO  STEP: stars:1
2025-12-29 23:58:22 INFO  STEP: stars:2
2025-12-29 23:58:22 INFO  STEP: stars:4
2025-12-29 23:58:22 INFO  STEP: sum of stars:12
2025-12-29 23:58:22 INFO  STEP: #1 Product rating: 3.7 ||| Actual rating:3.0
2025-12-29 23:58:22 INFO  STEP: === CARD 2 ===
2025-12-29 23:58:22 INFO  STEP: Toggle Reviews
2025-12-29 23:58:23 INFO  STEP: Is reviwes window open?: true
2025-12-29 23:58:23 INFO  STEP: Number of reviews: 4
2025-12-29 23:58:23 INFO  STEP: stars:5
2025-12-29 23:58:23 INFO  STEP: stars:1
2025-12-29 23:58:23 INFO  STEP: stars:2
2025-12-29 23:58:24 INFO  STEP: stars:4
2025-12-29 23:58:24 INFO  STEP: sum of stars:12
2025-12-29 23:58:24 INFO  STEP: #2 Product rating: 3.7 ||| Actual rating:3.0
2025-12-29 23:58:24 INFO  STEP: === CARD 3 ===
2025-12-29 23:58:24 INFO  STEP: Toggle Reviews
2025-12-29 23:58:24 INFO  STEP: Is reviwes window open?: true
2025-12-29 23:58:24 INFO  STEP: Number of reviews: 4
2025-12-29 23:58:25 INFO  STEP: stars:5
2025-12-29 23:58:25 INFO  STEP: stars:4
2025-12-29 23:58:25 INFO  STEP: stars:5
2025-12-29 23:58:25 INFO  STEP: stars:4
2025-12-29 23:58:25 INFO  STEP: sum of stars:18
2025-12-29 23:58:25 INFO  STEP: #3 Product rating: 3.2 ||| Actual rating:4.0
2025-12-29 23:58:25 INFO  STEP: === CARD 4 ===
2025-12-29 23:58:25 INFO  STEP: Toggle Reviews
2025-12-29 23:58:25 INFO  STEP: Is reviwes window open?: true
2025-12-29 23:58:26 INFO  STEP: Number of reviews: 4
2025-12-29 23:58:26 INFO  STEP: stars:5
2025-12-29 23:58:26 INFO  STEP: stars:5
2025-12-29 23:58:26 INFO  STEP: stars:2
2025-12-29 23:58:26 INFO  STEP: stars:2
2025-12-29 23:58:26 INFO  STEP: sum of stars:14
2025-12-29 23:58:26 INFO  STEP: #4 Product rating: 4.7 ||| Actual rating:3.0
2025-12-29 23:58:26 ERROR STEP FAIL: All reviews ratings should match the product rating
2025-12-29 23:58:26 ERROR === FAIL  tests.productCardsTests.RatingMatchesReviewsTests.reviewsShouldMatchRating[Exp#3 [f1=1, f2=1, f3=3, f4=3, f5=3, f6=3, f7=3, f8=3]] ===
java.lang.AssertionError: All reviews ratings should match the product rating
	at org.junit.Assert.fail(Assert.java:89) ~[junit-4.13.jar:4.13]
	at org.junit.Assert.assertTrue(Assert.java:42) ~[junit-4.13.jar:4.13]
	at tests.BaseTest.checkTrue(BaseTest.java:92) ~[test-classes/:?]
	at tests.productCardsTests.RatingMatchesReviewsTests.reviewsShouldMatchRating(RatingMatchesReviewsTests.java:80) ~[test-classes/:?]
	at jdk.internal.reflect.DirectMethodHandleAccessor.invoke(DirectMethodHandleAccessor.java:103) ~[?:?]
	at java.lang.reflect.Method.invoke(Method.java:580) ~[?:?]
	at org.junit.runners.model.FrameworkMethod$1.runReflectiveCall(FrameworkMethod.java:59) ~[junit-4.13.jar:4.13]
	at org.junit.internal.runners.model.ReflectiveCallable.run(ReflectiveCallable.java:12) ~[junit-4.13.jar:4.13]
	at org.junit.runners.model.FrameworkMethod.invokeExplosively(FrameworkMethod.java:56) ~[junit-4.13.jar:4.13]
	at org.junit.internal.runners.statements.InvokeMethod.evaluate(InvokeMethod.java:17) ~[junit-4.13.jar:4.13]
	at org.junit.internal.runners.statements.RunBefores.evaluate(RunBefores.java:26) ~[junit-4.13.jar:4.13]
	at org.junit.internal.runners.statements.RunAfters.evaluate(RunAfters.java:27) ~[junit-4.13.jar:4.13]
	at org.junit.rules.TestWatcher$1.evaluate(TestWatcher.java:61) [junit-4.13.jar:4.13]
	at org.junit.runners.ParentRunner$3.evaluate(ParentRunner.java:306) [junit-4.13.jar:4.13]
	at org.junit.runners.BlockJUnit4ClassRunner$1.evaluate(BlockJUnit4ClassRunner.java:100) [junit-4.13.jar:4.13]
	at org.junit.runners.ParentRunner.runLeaf(ParentRunner.java:366) [junit-4.13.jar:4.13]
	at org.junit.runners.BlockJUnit4ClassRunner.runChild(BlockJUnit4ClassRunner.java:103) [junit-4.13.jar:4.13]
	at org.junit.runners.BlockJUnit4ClassRunner.runChild(BlockJUnit4ClassRunner.java:63) [junit-4.13.jar:4.13]
	at org.junit.runners.ParentRunner$4.run(ParentRunner.java:331) [junit-4.13.jar:4.13]
	at org.junit.runners.ParentRunner$1.schedule(ParentRunner.java:79) [junit-4.13.jar:4.13]
	at org.junit.runners.ParentRunner.runChildren(ParentRunner.java:329) [junit-4.13.jar:4.13]
	at org.junit.runners.ParentRunner.access$100(ParentRunner.java:66) [junit-4.13.jar:4.13]
	at org.junit.runners.ParentRunner$2.evaluate(ParentRunner.java:293) [junit-4.13.jar:4.13]
	at org.junit.runners.ParentRunner.run(ParentRunner.java:413) [junit-4.13.jar:4.13]
	at org.junit.runners.Suite.runChild(Suite.java:128) [junit-4.13.jar:4.13]
	at org.junit.runners.Suite.runChild(Suite.java:27) [junit-4.13.jar:4.13]
	at org.junit.runners.ParentRunner$4.run(ParentRunner.java:331) [junit-4.13.jar:4.13]
	at org.junit.runners.ParentRunner$1.schedule(ParentRunner.java:79) [junit-4.13.jar:4.13]
	at org.junit.runners.ParentRunner.runChildren(ParentRunner.java:329) [junit-4.13.jar:4.13]
	at org.junit.runners.ParentRunner.access$100(ParentRunner.java:66) [junit-4.13.jar:4.13]
	at org.junit.runners.ParentRunner$2.evaluate(ParentRunner.java:293) [junit-4.13.jar:4.13]
	at org.junit.internal.runners.statements.RunAfters.evaluate(RunAfters.java:27) [junit-4.13.jar:4.13]
	at org.junit.runners.ParentRunner$3.evaluate(ParentRunner.java:306) [junit-4.13.jar:4.13]
	at org.junit.runners.ParentRunner.run(ParentRunner.java:413) [junit-4.13.jar:4.13]
	at org.eclipse.jdt.internal.junit4.runner.JUnit4TestReference.run(JUnit4TestReference.java:93) [.cp/:?]
	at org.eclipse.jdt.internal.junit.runner.TestExecution.run(TestExecution.java:40) [.cp/:?]
	at org.eclipse.jdt.internal.junit.runner.RemoteTestRunner.runTests(RemoteTestRunner.java:530) [.cp/:?]
	at org.eclipse.jdt.internal.junit.runner.RemoteTestRunner.runTests(RemoteTestRunner.java:758) [.cp/:?]
	at org.eclipse.jdt.internal.junit.runner.RemoteTestRunner.run(RemoteTestRunner.java:453) [.cp/:?]
	at org.eclipse.jdt.internal.junit.runner.RemoteTestRunner.main(RemoteTestRunner.java:211) [.cp/:?]
2025-12-29 23:58:27 INFO  === END   tests.productCardsTests.RatingMatchesReviewsTests.reviewsShouldMatchRating[Exp#3 [f1=1, f2=1, f3=3, f4=3, f5=3, f6=3, f7=3, f8=3]] ===
2025-12-29 23:58:27 INFO  === START tests.productCardsTests.RatingMatchesReviewsTests.numberOfReviewsShouldMatch[Exp#3 [f1=1, f2=1, f3=3, f4=3, f5=3, f6=3, f7=3, f8=3]] ===
2025-12-29 23:58:27 INFO  STEP: ♻️ Using existing results for same input.
2025-12-29 23:58:27 INFO  STEP: === CARD 1 ===
2025-12-29 23:58:27 INFO  STEP: Toggle Reviews
2025-12-29 23:58:27 INFO  STEP: Is reviwes window open?: true
2025-12-29 23:58:27 INFO  STEP: #1 review_count:4 actual_count: 4
2025-12-29 23:58:27 INFO  STEP: === CARD 2 ===
2025-12-29 23:58:27 INFO  STEP: Toggle Reviews
2025-12-29 23:58:27 INFO  STEP: Is reviwes window open?: true
2025-12-29 23:58:28 INFO  STEP: #2 review_count:4 actual_count: 4
2025-12-29 23:58:28 INFO  STEP: === CARD 3 ===
2025-12-29 23:58:28 INFO  STEP: Toggle Reviews
2025-12-29 23:58:28 INFO  STEP: Is reviwes window open?: true
2025-12-29 23:58:29 INFO  STEP: #3 review_count:4 actual_count: 4
2025-12-29 23:58:29 INFO  STEP: === CARD 4 ===
2025-12-29 23:58:29 INFO  STEP: Toggle Reviews
2025-12-29 23:58:29 INFO  STEP: Is reviwes window open?: true
2025-12-29 23:58:30 INFO  STEP: #4 review_count:4 actual_count: 4
2025-12-29 23:58:30 INFO  STEP PASS: number of reviews should match review count
2025-12-29 23:58:30 INFO  === PASS  tests.productCardsTests.RatingMatchesReviewsTests.numberOfReviewsShouldMatch[Exp#3 [f1=1, f2=1, f3=3, f4=3, f5=3, f6=3, f7=3, f8=3]] ===
2025-12-29 23:58:30 INFO  === END   tests.productCardsTests.RatingMatchesReviewsTests.numberOfReviewsShouldMatch[Exp#3 [f1=1, f2=1, f3=3, f4=3, f5=3, f6=3, f7=3, f8=3]] ===
2025-12-29 23:58:30 INFO  === START tests.productCardsTests.RatingMatchesReviewsTests.reviewsShouldMatchRating[Exp#4 [f1=1, f2=2, f3=1, f4=1, f5=2, f6=2, f7=3, f8=3]] ===
2025-12-29 23:58:30 INFO  STEP: 📝 New input: Filling form fields.
2025-12-29 23:58:34 INFO  STEP: === CARD 1 ===
2025-12-29 23:58:35 INFO  STEP: Toggle Reviews
2025-12-29 23:58:35 INFO  STEP: Is reviwes window open?: true
2025-12-29 23:58:35 INFO  STEP: Number of reviews: 4
2025-12-29 23:58:35 INFO  STEP: stars:5
2025-12-29 23:58:36 INFO  STEP: stars:4
2025-12-29 23:58:36 INFO  STEP: stars:5
2025-12-29 23:58:36 INFO  STEP: stars:3
2025-12-29 23:58:36 INFO  STEP: sum of stars:17
2025-12-29 23:58:36 INFO  STEP: #1 Product rating: 3.0 ||| Actual rating:4.0
2025-12-29 23:58:36 INFO  STEP: === CARD 2 ===
2025-12-29 23:58:36 INFO  STEP: Toggle Reviews
2025-12-29 23:58:36 INFO  STEP: Is reviwes window open?: true
2025-12-29 23:58:37 INFO  STEP: Number of reviews: 4
2025-12-29 23:58:37 INFO  STEP: stars:5
2025-12-29 23:58:37 INFO  STEP: stars:4
2025-12-29 23:58:37 INFO  STEP: stars:5
2025-12-29 23:58:37 INFO  STEP: stars:2
2025-12-29 23:58:37 INFO  STEP: sum of stars:16
2025-12-29 23:58:37 INFO  STEP: #2 Product rating: 4.5 ||| Actual rating:4.0
2025-12-29 23:58:37 INFO  STEP: === CARD 3 ===
2025-12-29 23:58:38 INFO  STEP: Toggle Reviews
2025-12-29 23:58:38 INFO  STEP: Is reviwes window open?: true
2025-12-29 23:58:38 INFO  STEP: Number of reviews: 4
2025-12-29 23:58:38 INFO  STEP: stars:5
2025-12-29 23:58:39 INFO  STEP: stars:5
2025-12-29 23:58:39 INFO  STEP: stars:1
2025-12-29 23:58:39 INFO  STEP: stars:5
2025-12-29 23:58:39 INFO  STEP: sum of stars:16
2025-12-29 23:58:39 INFO  STEP: #3 Product rating: 4.7 ||| Actual rating:4.0
2025-12-29 23:58:39 INFO  STEP: === CARD 4 ===
2025-12-29 23:58:39 INFO  STEP: Toggle Reviews
2025-12-29 23:58:39 INFO  STEP: Is reviwes window open?: true
2025-12-29 23:58:40 INFO  STEP: Number of reviews: 4
2025-12-29 23:58:40 INFO  STEP: stars:5
2025-12-29 23:58:40 INFO  STEP: stars:5
2025-12-29 23:58:40 INFO  STEP: stars:3
2025-12-29 23:58:40 INFO  STEP: stars:5
2025-12-29 23:58:40 INFO  STEP: sum of stars:18
2025-12-29 23:58:40 INFO  STEP: #4 Product rating: 3.5 ||| Actual rating:4.0
2025-12-29 23:58:40 INFO  STEP: === CARD 5 ===
2025-12-29 23:58:40 INFO  STEP: Toggle Reviews
2025-12-29 23:58:41 INFO  STEP: Is reviwes window open?: true
2025-12-29 23:58:41 INFO  STEP: Number of reviews: 4
2025-12-29 23:58:41 INFO  STEP: stars:5
2025-12-29 23:58:41 INFO  STEP: stars:1
2025-12-29 23:58:42 INFO  STEP: stars:2
2025-12-29 23:58:42 INFO  STEP: stars:3
2025-12-29 23:58:42 INFO  STEP: sum of stars:11
2025-12-29 23:58:42 INFO  STEP: #5 Product rating: 3.2 ||| Actual rating:2.0
2025-12-29 23:58:42 ERROR STEP FAIL: All reviews ratings should match the product rating
2025-12-29 23:58:42 ERROR === FAIL  tests.productCardsTests.RatingMatchesReviewsTests.reviewsShouldMatchRating[Exp#4 [f1=1, f2=2, f3=1, f4=1, f5=2, f6=2, f7=3, f8=3]] ===
java.lang.AssertionError: All reviews ratings should match the product rating
	at org.junit.Assert.fail(Assert.java:89) ~[junit-4.13.jar:4.13]
	at org.junit.Assert.assertTrue(Assert.java:42) ~[junit-4.13.jar:4.13]
	at tests.BaseTest.checkTrue(BaseTest.java:92) ~[test-classes/:?]
	at tests.productCardsTests.RatingMatchesReviewsTests.reviewsShouldMatchRating(RatingMatchesReviewsTests.java:80) ~[test-classes/:?]
	at jdk.internal.reflect.DirectMethodHandleAccessor.invoke(DirectMethodHandleAccessor.java:103) ~[?:?]
	at java.lang.reflect.Method.invoke(Method.java:580) ~[?:?]
	at org.junit.runners.model.FrameworkMethod$1.runReflectiveCall(FrameworkMethod.java:59) ~[junit-4.13.jar:4.13]
	at org.junit.internal.runners.model.ReflectiveCallable.run(ReflectiveCallable.java:12) ~[junit-4.13.jar:4.13]
	at org.junit.runners.model.FrameworkMethod.invokeExplosively(FrameworkMethod.java:56) ~[junit-4.13.jar:4.13]
	at org.junit.internal.runners.statements.InvokeMethod.evaluate(InvokeMethod.java:17) ~[junit-4.13.jar:4.13]
	at org.junit.internal.runners.statements.RunBefores.evaluate(RunBefores.java:26) ~[junit-4.13.jar:4.13]
	at org.junit.internal.runners.statements.RunAfters.evaluate(RunAfters.java:27) ~[junit-4.13.jar:4.13]
	at org.junit.rules.TestWatcher$1.evaluate(TestWatcher.java:61) [junit-4.13.jar:4.13]
	at org.junit.runners.ParentRunner$3.evaluate(ParentRunner.java:306) [junit-4.13.jar:4.13]
	at org.junit.runners.BlockJUnit4ClassRunner$1.evaluate(BlockJUnit4ClassRunner.java:100) [junit-4.13.jar:4.13]
	at org.junit.runners.ParentRunner.runLeaf(ParentRunner.java:366) [junit-4.13.jar:4.13]
	at org.junit.runners.BlockJUnit4ClassRunner.runChild(BlockJUnit4ClassRunner.java:103) [junit-4.13.jar:4.13]
	at org.junit.runners.BlockJUnit4ClassRunner.runChild(BlockJUnit4ClassRunner.java:63) [junit-4.13.jar:4.13]
	at org.junit.runners.ParentRunner$4.run(ParentRunner.java:331) [junit-4.13.jar:4.13]
	at org.junit.runners.ParentRunner$1.schedule(ParentRunner.java:79) [junit-4.13.jar:4.13]
	at org.junit.runners.ParentRunner.runChildren(ParentRunner.java:329) [junit-4.13.jar:4.13]
	at org.junit.runners.ParentRunner.access$100(ParentRunner.java:66) [junit-4.13.jar:4.13]
	at org.junit.runners.ParentRunner$2.evaluate(ParentRunner.java:293) [junit-4.13.jar:4.13]
	at org.junit.runners.ParentRunner.run(ParentRunner.java:413) [junit-4.13.jar:4.13]
	at org.junit.runners.Suite.runChild(Suite.java:128) [junit-4.13.jar:4.13]
	at org.junit.runners.Suite.runChild(Suite.java:27) [junit-4.13.jar:4.13]
	at org.junit.runners.ParentRunner$4.run(ParentRunner.java:331) [junit-4.13.jar:4.13]
	at org.junit.runners.ParentRunner$1.schedule(ParentRunner.java:79) [junit-4.13.jar:4.13]
	at org.junit.runners.ParentRunner.runChildren(ParentRunner.java:329) [junit-4.13.jar:4.13]
	at org.junit.runners.ParentRunner.access$100(ParentRunner.java:66) [junit-4.13.jar:4.13]
	at org.junit.runners.ParentRunner$2.evaluate(ParentRunner.java:293) [junit-4.13.jar:4.13]
	at org.junit.internal.runners.statements.RunAfters.evaluate(RunAfters.java:27) [junit-4.13.jar:4.13]
	at org.junit.runners.ParentRunner$3.evaluate(ParentRunner.java:306) [junit-4.13.jar:4.13]
	at org.junit.runners.ParentRunner.run(ParentRunner.java:413) [junit-4.13.jar:4.13]
	at org.eclipse.jdt.internal.junit4.runner.JUnit4TestReference.run(JUnit4TestReference.java:93) [.cp/:?]
	at org.eclipse.jdt.internal.junit.runner.TestExecution.run(TestExecution.java:40) [.cp/:?]
	at org.eclipse.jdt.internal.junit.runner.RemoteTestRunner.runTests(RemoteTestRunner.java:530) [.cp/:?]
	at org.eclipse.jdt.internal.junit.runner.RemoteTestRunner.runTests(RemoteTestRunner.java:758) [.cp/:?]
	at org.eclipse.jdt.internal.junit.runner.RemoteTestRunner.run(RemoteTestRunner.java:453) [.cp/:?]
	at org.eclipse.jdt.internal.junit.runner.RemoteTestRunner.main(RemoteTestRunner.java:211) [.cp/:?]
2025-12-29 23:58:42 INFO  === END   tests.productCardsTests.RatingMatchesReviewsTests.reviewsShouldMatchRating[Exp#4 [f1=1, f2=2, f3=1, f4=1, f5=2, f6=2, f7=3, f8=3]] ===
2025-12-29 23:58:42 INFO  === START tests.productCardsTests.RatingMatchesReviewsTests.numberOfReviewsShouldMatch[Exp#4 [f1=1, f2=2, f3=1, f4=1, f5=2, f6=2, f7=3, f8=3]] ===
2025-12-29 23:58:42 INFO  STEP: ♻️ Using existing results for same input.
2025-12-29 23:58:42 INFO  STEP: === CARD 1 ===
2025-12-29 23:58:42 INFO  STEP: Toggle Reviews
2025-12-29 23:58:42 INFO  STEP: Is reviwes window open?: true
2025-12-29 23:58:43 INFO  STEP: #1 review_count:4 actual_count: 4
2025-12-29 23:58:43 INFO  STEP: === CARD 2 ===
2025-12-29 23:58:43 INFO  STEP: Toggle Reviews
2025-12-29 23:58:43 INFO  STEP: Is reviwes window open?: true
2025-12-29 23:58:43 INFO  STEP: #2 review_count:4 actual_count: 4
2025-12-29 23:58:43 INFO  STEP: === CARD 3 ===
2025-12-29 23:58:43 INFO  STEP: Toggle Reviews
2025-12-29 23:58:43 INFO  STEP: Is reviwes window open?: true
2025-12-29 23:58:44 INFO  STEP: #3 review_count:4 actual_count: 4
2025-12-29 23:58:44 INFO  STEP: === CARD 4 ===
2025-12-29 23:58:44 INFO  STEP: Toggle Reviews
2025-12-29 23:58:44 INFO  STEP: Is reviwes window open?: true
2025-12-29 23:58:45 INFO  STEP: #4 review_count:4 actual_count: 4
2025-12-29 23:58:45 INFO  STEP: === CARD 5 ===
2025-12-29 23:58:45 INFO  STEP: Toggle Reviews
2025-12-29 23:58:45 INFO  STEP: Is reviwes window open?: true
2025-12-29 23:58:45 INFO  STEP: #5 review_count:4 actual_count: 4
2025-12-29 23:58:45 INFO  STEP PASS: number of reviews should match review count
2025-12-29 23:58:45 INFO  === PASS  tests.productCardsTests.RatingMatchesReviewsTests.numberOfReviewsShouldMatch[Exp#4 [f1=1, f2=2, f3=1, f4=1, f5=2, f6=2, f7=3, f8=3]] ===
2025-12-29 23:58:45 INFO  === END   tests.productCardsTests.RatingMatchesReviewsTests.numberOfReviewsShouldMatch[Exp#4 [f1=1, f2=2, f3=1, f4=1, f5=2, f6=2, f7=3, f8=3]] ===
2025-12-29 23:58:45 INFO  === START tests.productCardsTests.RatingMatchesReviewsTests.reviewsShouldMatchRating[Exp#5 [f1=1, f2=2, f3=2, f4=2, f5=3, f6=3, f7=1, f8=1]] ===
2025-12-29 23:58:45 INFO  STEP: 📝 New input: Filling form fields.
2025-12-29 23:58:51 INFO  STEP: === CARD 1 ===
2025-12-29 23:58:51 INFO  STEP: Toggle Reviews
2025-12-29 23:58:52 INFO  STEP: Is reviwes window open?: true
2025-12-29 23:58:52 INFO  STEP: Number of reviews: 4
2025-12-29 23:58:53 INFO  STEP: stars:5
2025-12-29 23:58:53 INFO  STEP: stars:3
2025-12-29 23:58:53 INFO  STEP: stars:5
2025-12-29 23:58:53 INFO  STEP: stars:1
2025-12-29 23:58:53 INFO  STEP: sum of stars:14
2025-12-29 23:58:53 INFO  STEP: #1 Product rating: 4.5 ||| Actual rating:3.0
2025-12-29 23:58:53 INFO  STEP: === CARD 2 ===
2025-12-29 23:58:53 INFO  STEP: Toggle Reviews
2025-12-29 23:58:54 INFO  STEP: Is reviwes window open?: true
2025-12-29 23:58:55 INFO  STEP: Number of reviews: 4
2025-12-29 23:58:55 INFO  STEP: stars:5
2025-12-29 23:58:55 INFO  STEP: stars:5
2025-12-29 23:58:55 INFO  STEP: stars:5
2025-12-29 23:58:56 INFO  STEP: stars:4
2025-12-29 23:58:56 INFO  STEP: sum of stars:19
2025-12-29 23:58:56 INFO  STEP: #2 Product rating: 3.3 ||| Actual rating:4.0
2025-12-29 23:58:56 INFO  STEP: === CARD 3 ===
2025-12-29 23:58:56 INFO  STEP: Toggle Reviews
2025-12-29 23:58:56 INFO  STEP: Is reviwes window open?: true
2025-12-29 23:58:57 INFO  STEP: Number of reviews: 4
2025-12-29 23:58:57 INFO  STEP: stars:5
2025-12-29 23:58:57 INFO  STEP: stars:3
2025-12-29 23:58:57 INFO  STEP: stars:1
2025-12-29 23:58:57 INFO  STEP: stars:5
2025-12-29 23:58:57 INFO  STEP: sum of stars:14
2025-12-29 23:58:57 INFO  STEP: #3 Product rating: 3.9 ||| Actual rating:3.0
2025-12-29 23:58:57 INFO  STEP: === CARD 4 ===
2025-12-29 23:58:58 INFO  STEP: Toggle Reviews
2025-12-29 23:58:58 INFO  STEP: Is reviwes window open?: true
2025-12-29 23:58:59 INFO  STEP: Number of reviews: 4
2025-12-29 23:58:59 INFO  STEP: stars:5
2025-12-29 23:58:59 INFO  STEP: stars:4
2025-12-29 23:58:59 INFO  STEP: stars:4
2025-12-29 23:58:59 INFO  STEP: stars:5
2025-12-29 23:58:59 INFO  STEP: sum of stars:18
2025-12-29 23:58:59 INFO  STEP: #4 Product rating: 4.0 ||| Actual rating:4.0
2025-12-29 23:58:59 INFO  STEP: === CARD 5 ===
2025-12-29 23:59:00 INFO  STEP: Toggle Reviews
2025-12-29 23:59:00 INFO  STEP: Is reviwes window open?: true
2025-12-29 23:59:01 INFO  STEP: Number of reviews: 4
2025-12-29 23:59:01 INFO  STEP: stars:5
2025-12-29 23:59:01 INFO  STEP: stars:5
2025-12-29 23:59:01 INFO  STEP: stars:5
2025-12-29 23:59:02 INFO  STEP: stars:5
2025-12-29 23:59:02 INFO  STEP: sum of stars:20
2025-12-29 23:59:02 INFO  STEP: #5 Product rating: 4.6 ||| Actual rating:5.0
2025-12-29 23:59:02 ERROR STEP FAIL: All reviews ratings should match the product rating
2025-12-29 23:59:02 ERROR === FAIL  tests.productCardsTests.RatingMatchesReviewsTests.reviewsShouldMatchRating[Exp#5 [f1=1, f2=2, f3=2, f4=2, f5=3, f6=3, f7=1, f8=1]] ===
java.lang.AssertionError: All reviews ratings should match the product rating
	at org.junit.Assert.fail(Assert.java:89) ~[junit-4.13.jar:4.13]
	at org.junit.Assert.assertTrue(Assert.java:42) ~[junit-4.13.jar:4.13]
	at tests.BaseTest.checkTrue(BaseTest.java:92) ~[test-classes/:?]
	at tests.productCardsTests.RatingMatchesReviewsTests.reviewsShouldMatchRating(RatingMatchesReviewsTests.java:80) ~[test-classes/:?]
	at jdk.internal.reflect.DirectMethodHandleAccessor.invoke(DirectMethodHandleAccessor.java:103) ~[?:?]
	at java.lang.reflect.Method.invoke(Method.java:580) ~[?:?]
	at org.junit.runners.model.FrameworkMethod$1.runReflectiveCall(FrameworkMethod.java:59) ~[junit-4.13.jar:4.13]
	at org.junit.internal.runners.model.ReflectiveCallable.run(ReflectiveCallable.java:12) ~[junit-4.13.jar:4.13]
	at org.junit.runners.model.FrameworkMethod.invokeExplosively(FrameworkMethod.java:56) ~[junit-4.13.jar:4.13]
	at org.junit.internal.runners.statements.InvokeMethod.evaluate(InvokeMethod.java:17) ~[junit-4.13.jar:4.13]
	at org.junit.internal.runners.statements.RunBefores.evaluate(RunBefores.java:26) ~[junit-4.13.jar:4.13]
	at org.junit.internal.runners.statements.RunAfters.evaluate(RunAfters.java:27) ~[junit-4.13.jar:4.13]
	at org.junit.rules.TestWatcher$1.evaluate(TestWatcher.java:61) [junit-4.13.jar:4.13]
	at org.junit.runners.ParentRunner$3.evaluate(ParentRunner.java:306) [junit-4.13.jar:4.13]
	at org.junit.runners.BlockJUnit4ClassRunner$1.evaluate(BlockJUnit4ClassRunner.java:100) [junit-4.13.jar:4.13]
	at org.junit.runners.ParentRunner.runLeaf(ParentRunner.java:366) [junit-4.13.jar:4.13]
	at org.junit.runners.BlockJUnit4ClassRunner.runChild(BlockJUnit4ClassRunner.java:103) [junit-4.13.jar:4.13]
	at org.junit.runners.BlockJUnit4ClassRunner.runChild(BlockJUnit4ClassRunner.java:63) [junit-4.13.jar:4.13]
	at org.junit.runners.ParentRunner$4.run(ParentRunner.java:331) [junit-4.13.jar:4.13]
	at org.junit.runners.ParentRunner$1.schedule(ParentRunner.java:79) [junit-4.13.jar:4.13]
	at org.junit.runners.ParentRunner.runChildren(ParentRunner.java:329) [junit-4.13.jar:4.13]
	at org.junit.runners.ParentRunner.access$100(ParentRunner.java:66) [junit-4.13.jar:4.13]
	at org.junit.runners.ParentRunner$2.evaluate(ParentRunner.java:293) [junit-4.13.jar:4.13]
	at org.junit.runners.ParentRunner.run(ParentRunner.java:413) [junit-4.13.jar:4.13]
	at org.junit.runners.Suite.runChild(Suite.java:128) [junit-4.13.jar:4.13]
	at org.junit.runners.Suite.runChild(Suite.java:27) [junit-4.13.jar:4.13]
	at org.junit.runners.ParentRunner$4.run(ParentRunner.java:331) [junit-4.13.jar:4.13]
	at org.junit.runners.ParentRunner$1.schedule(ParentRunner.java:79) [junit-4.13.jar:4.13]
	at org.junit.runners.ParentRunner.runChildren(ParentRunner.java:329) [junit-4.13.jar:4.13]
	at org.junit.runners.ParentRunner.access$100(ParentRunner.java:66) [junit-4.13.jar:4.13]
	at org.junit.runners.ParentRunner$2.evaluate(ParentRunner.java:293) [junit-4.13.jar:4.13]
	at org.junit.internal.runners.statements.RunAfters.evaluate(RunAfters.java:27) [junit-4.13.jar:4.13]
	at org.junit.runners.ParentRunner$3.evaluate(ParentRunner.java:306) [junit-4.13.jar:4.13]
	at org.junit.runners.ParentRunner.run(ParentRunner.java:413) [junit-4.13.jar:4.13]
	at org.eclipse.jdt.internal.junit4.runner.JUnit4TestReference.run(JUnit4TestReference.java:93) [.cp/:?]
	at org.eclipse.jdt.internal.junit.runner.TestExecution.run(TestExecution.java:40) [.cp/:?]
	at org.eclipse.jdt.internal.junit.runner.RemoteTestRunner.runTests(RemoteTestRunner.java:530) [.cp/:?]
	at org.eclipse.jdt.internal.junit.runner.RemoteTestRunner.runTests(RemoteTestRunner.java:758) [.cp/:?]
	at org.eclipse.jdt.internal.junit.runner.RemoteTestRunner.run(RemoteTestRunner.java:453) [.cp/:?]
	at org.eclipse.jdt.internal.junit.runner.RemoteTestRunner.main(RemoteTestRunner.java:211) [.cp/:?]
2025-12-29 23:59:02 INFO  === END   tests.productCardsTests.RatingMatchesReviewsTests.reviewsShouldMatchRating[Exp#5 [f1=1, f2=2, f3=2, f4=2, f5=3, f6=3, f7=1, f8=1]] ===
2025-12-29 23:59:02 INFO  === START tests.productCardsTests.RatingMatchesReviewsTests.numberOfReviewsShouldMatch[Exp#5 [f1=1, f2=2, f3=2, f4=2, f5=3, f6=3, f7=1, f8=1]] ===
2025-12-29 23:59:02 INFO  STEP: ♻️ Using existing results for same input.
2025-12-29 23:59:02 INFO  STEP: === CARD 1 ===
2025-12-29 23:59:02 INFO  STEP: Toggle Reviews
2025-12-29 23:59:02 INFO  STEP: Is reviwes window open?: true
2025-12-29 23:59:03 INFO  STEP: #1 review_count:4 actual_count: 4
2025-12-29 23:59:03 INFO  STEP: === CARD 2 ===
2025-12-29 23:59:03 INFO  STEP: Toggle Reviews
2025-12-29 23:59:03 INFO  STEP: Is reviwes window open?: true
2025-12-29 23:59:03 INFO  STEP: #2 review_count:4 actual_count: 4
2025-12-29 23:59:04 INFO  STEP: === CARD 3 ===
2025-12-29 23:59:04 INFO  STEP: Toggle Reviews
2025-12-29 23:59:04 INFO  STEP: Is reviwes window open?: true
2025-12-29 23:59:04 INFO  STEP: #3 review_count:4 actual_count: 4
2025-12-29 23:59:04 INFO  STEP: === CARD 4 ===
2025-12-29 23:59:05 INFO  STEP: Toggle Reviews
2025-12-29 23:59:05 INFO  STEP: Is reviwes window open?: true
2025-12-29 23:59:05 INFO  STEP: #4 review_count:4 actual_count: 4
2025-12-29 23:59:05 INFO  STEP: === CARD 5 ===
2025-12-29 23:59:06 INFO  STEP: Toggle Reviews
2025-12-29 23:59:06 INFO  STEP: Is reviwes window open?: true
2025-12-29 23:59:06 INFO  STEP: #5 review_count:4 actual_count: 4
2025-12-29 23:59:06 INFO  STEP PASS: number of reviews should match review count
2025-12-29 23:59:06 INFO  === PASS  tests.productCardsTests.RatingMatchesReviewsTests.numberOfReviewsShouldMatch[Exp#5 [f1=1, f2=2, f3=2, f4=2, f5=3, f6=3, f7=1, f8=1]] ===
2025-12-29 23:59:06 INFO  === END   tests.productCardsTests.RatingMatchesReviewsTests.numberOfReviewsShouldMatch[Exp#5 [f1=1, f2=2, f3=2, f4=2, f5=3, f6=3, f7=1, f8=1]] ===
2025-12-29 23:59:06 INFO  === START tests.productCardsTests.RatingMatchesReviewsTests.reviewsShouldMatchRating[Exp#6 [f1=1, f2=2, f3=3, f4=3, f5=1, f6=1, f7=2, f8=2]] ===
2025-12-29 23:59:06 INFO  STEP: 📝 New input: Filling form fields.
2025-12-29 23:59:12 INFO  STEP: === CARD 1 ===
2025-12-29 23:59:13 INFO  STEP: Toggle Reviews
2025-12-29 23:59:13 INFO  STEP: Is reviwes window open?: true
2025-12-29 23:59:14 INFO  STEP: Number of reviews: 4
2025-12-29 23:59:14 INFO  STEP: stars:5
2025-12-29 23:59:14 INFO  STEP: stars:5
2025-12-29 23:59:14 INFO  STEP: stars:4
2025-12-29 23:59:14 INFO  STEP: stars:1
2025-12-29 23:59:14 INFO  STEP: sum of stars:15
2025-12-29 23:59:14 INFO  STEP: #1 Product rating: 2.6 ||| Actual rating:3.0
2025-12-29 23:59:14 INFO  STEP: === CARD 2 ===
2025-12-29 23:59:15 INFO  STEP: Toggle Reviews
2025-12-29 23:59:15 INFO  STEP: Is reviwes window open?: true
2025-12-29 23:59:16 INFO  STEP: Number of reviews: 4
2025-12-29 23:59:16 INFO  STEP: stars:5
2025-12-29 23:59:16 INFO  STEP: stars:5
2025-12-29 23:59:16 INFO  STEP: stars:2
2025-12-29 23:59:16 INFO  STEP: stars:4
2025-12-29 23:59:16 INFO  STEP: sum of stars:16
2025-12-29 23:59:16 INFO  STEP: #2 Product rating: 4.7 ||| Actual rating:4.0
2025-12-29 23:59:16 INFO  STEP: === CARD 3 ===
2025-12-29 23:59:17 INFO  STEP: Toggle Reviews
2025-12-29 23:59:17 INFO  STEP: Is reviwes window open?: true
2025-12-29 23:59:18 INFO  STEP: Number of reviews: 4
2025-12-29 23:59:18 INFO  STEP: stars:5
2025-12-29 23:59:18 INFO  STEP: stars:4
2025-12-29 23:59:18 INFO  STEP: stars:4
2025-12-29 23:59:18 INFO  STEP: stars:4
2025-12-29 23:59:18 INFO  STEP: sum of stars:17
2025-12-29 23:59:18 INFO  STEP: #3 Product rating: 4.9 ||| Actual rating:4.0
2025-12-29 23:59:18 INFO  STEP: === CARD 4 ===
2025-12-29 23:59:19 INFO  STEP: Toggle Reviews
2025-12-29 23:59:19 INFO  STEP: Is reviwes window open?: true
2025-12-29 23:59:20 INFO  STEP: Number of reviews: 4
2025-12-29 23:59:20 INFO  STEP: stars:5
2025-12-29 23:59:20 INFO  STEP: stars:1
2025-12-29 23:59:20 INFO  STEP: stars:4
2025-12-29 23:59:21 INFO  STEP: stars:3
2025-12-29 23:59:21 INFO  STEP: sum of stars:13
2025-12-29 23:59:21 INFO  STEP: #4 Product rating: 4.0 ||| Actual rating:3.0
2025-12-29 23:59:21 INFO  STEP: === CARD 5 ===
2025-12-29 23:59:21 INFO  STEP: Toggle Reviews
2025-12-29 23:59:21 INFO  STEP: Is reviwes window open?: true
2025-12-29 23:59:22 INFO  STEP: Number of reviews: 4
2025-12-29 23:59:22 INFO  STEP: stars:5
2025-12-29 23:59:22 INFO  STEP: stars:4
2025-12-29 23:59:23 INFO  STEP: stars:5
2025-12-29 23:59:23 INFO  STEP: stars:1
2025-12-29 23:59:23 INFO  STEP: sum of stars:15
2025-12-29 23:59:23 INFO  STEP: #5 Product rating: 4.6 ||| Actual rating:3.0
2025-12-29 23:59:23 ERROR STEP FAIL: All reviews ratings should match the product rating
2025-12-29 23:59:23 ERROR === FAIL  tests.productCardsTests.RatingMatchesReviewsTests.reviewsShouldMatchRating[Exp#6 [f1=1, f2=2, f3=3, f4=3, f5=1, f6=1, f7=2, f8=2]] ===
java.lang.AssertionError: All reviews ratings should match the product rating
	at org.junit.Assert.fail(Assert.java:89) ~[junit-4.13.jar:4.13]
	at org.junit.Assert.assertTrue(Assert.java:42) ~[junit-4.13.jar:4.13]
	at tests.BaseTest.checkTrue(BaseTest.java:92) ~[test-classes/:?]
	at tests.productCardsTests.RatingMatchesReviewsTests.reviewsShouldMatchRating(RatingMatchesReviewsTests.java:80) ~[test-classes/:?]
	at jdk.internal.reflect.DirectMethodHandleAccessor.invoke(DirectMethodHandleAccessor.java:103) ~[?:?]
	at java.lang.reflect.Method.invoke(Method.java:580) ~[?:?]
	at org.junit.runners.model.FrameworkMethod$1.runReflectiveCall(FrameworkMethod.java:59) ~[junit-4.13.jar:4.13]
	at org.junit.internal.runners.model.ReflectiveCallable.run(ReflectiveCallable.java:12) ~[junit-4.13.jar:4.13]
	at org.junit.runners.model.FrameworkMethod.invokeExplosively(FrameworkMethod.java:56) ~[junit-4.13.jar:4.13]
	at org.junit.internal.runners.statements.InvokeMethod.evaluate(InvokeMethod.java:17) ~[junit-4.13.jar:4.13]
	at org.junit.internal.runners.statements.RunBefores.evaluate(RunBefores.java:26) ~[junit-4.13.jar:4.13]
	at org.junit.internal.runners.statements.RunAfters.evaluate(RunAfters.java:27) ~[junit-4.13.jar:4.13]
	at org.junit.rules.TestWatcher$1.evaluate(TestWatcher.java:61) [junit-4.13.jar:4.13]
	at org.junit.runners.ParentRunner$3.evaluate(ParentRunner.java:306) [junit-4.13.jar:4.13]
	at org.junit.runners.BlockJUnit4ClassRunner$1.evaluate(BlockJUnit4ClassRunner.java:100) [junit-4.13.jar:4.13]
	at org.junit.runners.ParentRunner.runLeaf(ParentRunner.java:366) [junit-4.13.jar:4.13]
	at org.junit.runners.BlockJUnit4ClassRunner.runChild(BlockJUnit4ClassRunner.java:103) [junit-4.13.jar:4.13]
	at org.junit.runners.BlockJUnit4ClassRunner.runChild(BlockJUnit4ClassRunner.java:63) [junit-4.13.jar:4.13]
	at org.junit.runners.ParentRunner$4.run(ParentRunner.java:331) [junit-4.13.jar:4.13]
	at org.junit.runners.ParentRunner$1.schedule(ParentRunner.java:79) [junit-4.13.jar:4.13]
	at org.junit.runners.ParentRunner.runChildren(ParentRunner.java:329) [junit-4.13.jar:4.13]
	at org.junit.runners.ParentRunner.access$100(ParentRunner.java:66) [junit-4.13.jar:4.13]
	at org.junit.runners.ParentRunner$2.evaluate(ParentRunner.java:293) [junit-4.13.jar:4.13]
	at org.junit.runners.ParentRunner.run(ParentRunner.java:413) [junit-4.13.jar:4.13]
	at org.junit.runners.Suite.runChild(Suite.java:128) [junit-4.13.jar:4.13]
	at org.junit.runners.Suite.runChild(Suite.java:27) [junit-4.13.jar:4.13]
	at org.junit.runners.ParentRunner$4.run(ParentRunner.java:331) [junit-4.13.jar:4.13]
	at org.junit.runners.ParentRunner$1.schedule(ParentRunner.java:79) [junit-4.13.jar:4.13]
	at org.junit.runners.ParentRunner.runChildren(ParentRunner.java:329) [junit-4.13.jar:4.13]
	at org.junit.runners.ParentRunner.access$100(ParentRunner.java:66) [junit-4.13.jar:4.13]
	at org.junit.runners.ParentRunner$2.evaluate(ParentRunner.java:293) [junit-4.13.jar:4.13]
	at org.junit.internal.runners.statements.RunAfters.evaluate(RunAfters.java:27) [junit-4.13.jar:4.13]
	at org.junit.runners.ParentRunner$3.evaluate(ParentRunner.java:306) [junit-4.13.jar:4.13]
	at org.junit.runners.ParentRunner.run(ParentRunner.java:413) [junit-4.13.jar:4.13]
	at org.eclipse.jdt.internal.junit4.runner.JUnit4TestReference.run(JUnit4TestReference.java:93) [.cp/:?]
	at org.eclipse.jdt.internal.junit.runner.TestExecution.run(TestExecution.java:40) [.cp/:?]
	at org.eclipse.jdt.internal.junit.runner.RemoteTestRunner.runTests(RemoteTestRunner.java:530) [.cp/:?]
	at org.eclipse.jdt.internal.junit.runner.RemoteTestRunner.runTests(RemoteTestRunner.java:758) [.cp/:?]
	at org.eclipse.jdt.internal.junit.runner.RemoteTestRunner.run(RemoteTestRunner.java:453) [.cp/:?]
	at org.eclipse.jdt.internal.junit.runner.RemoteTestRunner.main(RemoteTestRunner.java:211) [.cp/:?]
2025-12-29 23:59:23 INFO  === END   tests.productCardsTests.RatingMatchesReviewsTests.reviewsShouldMatchRating[Exp#6 [f1=1, f2=2, f3=3, f4=3, f5=1, f6=1, f7=2, f8=2]] ===
2025-12-29 23:59:23 INFO  === START tests.productCardsTests.RatingMatchesReviewsTests.numberOfReviewsShouldMatch[Exp#6 [f1=1, f2=2, f3=3, f4=3, f5=1, f6=1, f7=2, f8=2]] ===
2025-12-29 23:59:23 INFO  STEP: ♻️ Using existing results for same input.
2025-12-29 23:59:23 INFO  STEP: === CARD 1 ===
2025-12-29 23:59:23 INFO  STEP: Toggle Reviews
2025-12-29 23:59:23 INFO  STEP: Is reviwes window open?: true
2025-12-29 23:59:24 INFO  STEP: #1 review_count:4 actual_count: 4
2025-12-29 23:59:24 INFO  STEP: === CARD 2 ===
2025-12-29 23:59:24 INFO  STEP: Toggle Reviews
2025-12-29 23:59:24 INFO  STEP: Is reviwes window open?: true
2025-12-29 23:59:25 INFO  STEP: #2 review_count:4 actual_count: 4
2025-12-29 23:59:25 INFO  STEP: === CARD 3 ===
2025-12-29 23:59:25 INFO  STEP: Toggle Reviews
2025-12-29 23:59:25 INFO  STEP: Is reviwes window open?: true
2025-12-29 23:59:26 INFO  STEP: #3 review_count:4 actual_count: 4
2025-12-29 23:59:26 INFO  STEP: === CARD 4 ===
2025-12-29 23:59:26 INFO  STEP: Toggle Reviews
2025-12-29 23:59:26 INFO  STEP: Is reviwes window open?: true
2025-12-29 23:59:27 INFO  STEP: #4 review_count:4 actual_count: 4
2025-12-29 23:59:27 INFO  STEP: === CARD 5 ===
2025-12-29 23:59:27 INFO  STEP: Toggle Reviews
2025-12-29 23:59:27 INFO  STEP: Is reviwes window open?: true
2025-12-29 23:59:27 INFO  STEP: #5 review_count:4 actual_count: 4
2025-12-29 23:59:27 INFO  STEP PASS: number of reviews should match review count
2025-12-29 23:59:27 INFO  === PASS  tests.productCardsTests.RatingMatchesReviewsTests.numberOfReviewsShouldMatch[Exp#6 [f1=1, f2=2, f3=3, f4=3, f5=1, f6=1, f7=2, f8=2]] ===
2025-12-29 23:59:27 INFO  === END   tests.productCardsTests.RatingMatchesReviewsTests.numberOfReviewsShouldMatch[Exp#6 [f1=1, f2=2, f3=3, f4=3, f5=1, f6=1, f7=2, f8=2]] ===
2025-12-29 23:59:27 INFO  === START tests.productCardsTests.RatingMatchesReviewsTests.reviewsShouldMatchRating[Exp#7 [f1=1, f2=3, f3=1, f4=2, f5=1, f6=3, f7=2, f8=3]] ===
2025-12-29 23:59:27 INFO  STEP: 📝 New input: Filling form fields.
2025-12-29 23:59:33 INFO  STEP: === CARD 1 ===
2025-12-29 23:59:33 INFO  STEP: Toggle Reviews
2025-12-29 23:59:34 INFO  STEP: Is reviwes window open?: true
2025-12-29 23:59:34 INFO  STEP: Number of reviews: 4
2025-12-29 23:59:35 INFO  STEP: stars:5
2025-12-29 23:59:35 INFO  STEP: stars:5
2025-12-29 23:59:35 INFO  STEP: stars:4
2025-12-29 23:59:35 INFO  STEP: stars:1
2025-12-29 23:59:35 INFO  STEP: sum of stars:15
2025-12-29 23:59:35 INFO  STEP: #1 Product rating: 2.6 ||| Actual rating:3.0
2025-12-29 23:59:35 INFO  STEP: === CARD 2 ===
2025-12-29 23:59:35 INFO  STEP: Toggle Reviews
2025-12-29 23:59:36 INFO  STEP: Is reviwes window open?: true
2025-12-29 23:59:36 INFO  STEP: Number of reviews: 4
2025-12-29 23:59:37 INFO  STEP: stars:5
2025-12-29 23:59:37 INFO  STEP: stars:5
2025-12-29 23:59:37 INFO  STEP: stars:2
2025-12-29 23:59:37 INFO  STEP: stars:4
2025-12-29 23:59:37 INFO  STEP: sum of stars:16
2025-12-29 23:59:37 INFO  STEP: #2 Product rating: 4.7 ||| Actual rating:4.0
2025-12-29 23:59:37 INFO  STEP: === CARD 3 ===
2025-12-29 23:59:37 INFO  STEP: Toggle Reviews
2025-12-29 23:59:38 INFO  STEP: Is reviwes window open?: true
2025-12-29 23:59:38 INFO  STEP: Number of reviews: 4
2025-12-29 23:59:39 INFO  STEP: stars:5
2025-12-29 23:59:39 INFO  STEP: stars:4
2025-12-29 23:59:39 INFO  STEP: stars:4
2025-12-29 23:59:39 INFO  STEP: stars:4
2025-12-29 23:59:39 INFO  STEP: sum of stars:17
2025-12-29 23:59:39 INFO  STEP: #3 Product rating: 4.9 ||| Actual rating:4.0
2025-12-29 23:59:39 INFO  STEP: === CARD 4 ===
2025-12-29 23:59:40 INFO  STEP: Toggle Reviews
2025-12-29 23:59:40 INFO  STEP: Is reviwes window open?: true
2025-12-29 23:59:40 INFO  STEP: Number of reviews: 4
2025-12-29 23:59:41 INFO  STEP: stars:5
2025-12-29 23:59:41 INFO  STEP: stars:1
2025-12-29 23:59:41 INFO  STEP: stars:4
2025-12-29 23:59:41 INFO  STEP: stars:3
2025-12-29 23:59:41 INFO  STEP: sum of stars:13
2025-12-29 23:59:41 INFO  STEP: #4 Product rating: 4.0 ||| Actual rating:3.0
2025-12-29 23:59:41 INFO  STEP: === CARD 5 ===
2025-12-29 23:59:42 INFO  STEP: Toggle Reviews
2025-12-29 23:59:42 INFO  STEP: Is reviwes window open?: true
2025-12-29 23:59:43 INFO  STEP: Number of reviews: 4
2025-12-29 23:59:43 INFO  STEP: stars:5
2025-12-29 23:59:43 INFO  STEP: stars:4
2025-12-29 23:59:43 INFO  STEP: stars:5
2025-12-29 23:59:43 INFO  STEP: stars:1
2025-12-29 23:59:43 INFO  STEP: sum of stars:15
2025-12-29 23:59:43 INFO  STEP: #5 Product rating: 4.6 ||| Actual rating:3.0
2025-12-29 23:59:43 ERROR STEP FAIL: All reviews ratings should match the product rating
2025-12-29 23:59:43 ERROR === FAIL  tests.productCardsTests.RatingMatchesReviewsTests.reviewsShouldMatchRating[Exp#7 [f1=1, f2=3, f3=1, f4=2, f5=1, f6=3, f7=2, f8=3]] ===
java.lang.AssertionError: All reviews ratings should match the product rating
	at org.junit.Assert.fail(Assert.java:89) ~[junit-4.13.jar:4.13]
	at org.junit.Assert.assertTrue(Assert.java:42) ~[junit-4.13.jar:4.13]
	at tests.BaseTest.checkTrue(BaseTest.java:92) ~[test-classes/:?]
	at tests.productCardsTests.RatingMatchesReviewsTests.reviewsShouldMatchRating(RatingMatchesReviewsTests.java:80) ~[test-classes/:?]
	at jdk.internal.reflect.DirectMethodHandleAccessor.invoke(DirectMethodHandleAccessor.java:103) ~[?:?]
	at java.lang.reflect.Method.invoke(Method.java:580) ~[?:?]
	at org.junit.runners.model.FrameworkMethod$1.runReflectiveCall(FrameworkMethod.java:59) ~[junit-4.13.jar:4.13]
	at org.junit.internal.runners.model.ReflectiveCallable.run(ReflectiveCallable.java:12) ~[junit-4.13.jar:4.13]
	at org.junit.runners.model.FrameworkMethod.invokeExplosively(FrameworkMethod.java:56) ~[junit-4.13.jar:4.13]
	at org.junit.internal.runners.statements.InvokeMethod.evaluate(InvokeMethod.java:17) ~[junit-4.13.jar:4.13]
	at org.junit.internal.runners.statements.RunBefores.evaluate(RunBefores.java:26) ~[junit-4.13.jar:4.13]
	at org.junit.internal.runners.statements.RunAfters.evaluate(RunAfters.java:27) ~[junit-4.13.jar:4.13]
	at org.junit.rules.TestWatcher$1.evaluate(TestWatcher.java:61) [junit-4.13.jar:4.13]
	at org.junit.runners.ParentRunner$3.evaluate(ParentRunner.java:306) [junit-4.13.jar:4.13]
	at org.junit.runners.BlockJUnit4ClassRunner$1.evaluate(BlockJUnit4ClassRunner.java:100) [junit-4.13.jar:4.13]
	at org.junit.runners.ParentRunner.runLeaf(ParentRunner.java:366) [junit-4.13.jar:4.13]
	at org.junit.runners.BlockJUnit4ClassRunner.runChild(BlockJUnit4ClassRunner.java:103) [junit-4.13.jar:4.13]
	at org.junit.runners.BlockJUnit4ClassRunner.runChild(BlockJUnit4ClassRunner.java:63) [junit-4.13.jar:4.13]
	at org.junit.runners.ParentRunner$4.run(ParentRunner.java:331) [junit-4.13.jar:4.13]
	at org.junit.runners.ParentRunner$1.schedule(ParentRunner.java:79) [junit-4.13.jar:4.13]
	at org.junit.runners.ParentRunner.runChildren(ParentRunner.java:329) [junit-4.13.jar:4.13]
	at org.junit.runners.ParentRunner.access$100(ParentRunner.java:66) [junit-4.13.jar:4.13]
	at org.junit.runners.ParentRunner$2.evaluate(ParentRunner.java:293) [junit-4.13.jar:4.13]
	at org.junit.runners.ParentRunner.run(ParentRunner.java:413) [junit-4.13.jar:4.13]
	at org.junit.runners.Suite.runChild(Suite.java:128) [junit-4.13.jar:4.13]
	at org.junit.runners.Suite.runChild(Suite.java:27) [junit-4.13.jar:4.13]
	at org.junit.runners.ParentRunner$4.run(ParentRunner.java:331) [junit-4.13.jar:4.13]
	at org.junit.runners.ParentRunner$1.schedule(ParentRunner.java:79) [junit-4.13.jar:4.13]
	at org.junit.runners.ParentRunner.runChildren(ParentRunner.java:329) [junit-4.13.jar:4.13]
	at org.junit.runners.ParentRunner.access$100(ParentRunner.java:66) [junit-4.13.jar:4.13]
	at org.junit.runners.ParentRunner$2.evaluate(ParentRunner.java:293) [junit-4.13.jar:4.13]
	at org.junit.internal.runners.statements.RunAfters.evaluate(RunAfters.java:27) [junit-4.13.jar:4.13]
	at org.junit.runners.ParentRunner$3.evaluate(ParentRunner.java:306) [junit-4.13.jar:4.13]
	at org.junit.runners.ParentRunner.run(ParentRunner.java:413) [junit-4.13.jar:4.13]
	at org.eclipse.jdt.internal.junit4.runner.JUnit4TestReference.run(JUnit4TestReference.java:93) [.cp/:?]
	at org.eclipse.jdt.internal.junit.runner.TestExecution.run(TestExecution.java:40) [.cp/:?]
	at org.eclipse.jdt.internal.junit.runner.RemoteTestRunner.runTests(RemoteTestRunner.java:530) [.cp/:?]
	at org.eclipse.jdt.internal.junit.runner.RemoteTestRunner.runTests(RemoteTestRunner.java:758) [.cp/:?]
	at org.eclipse.jdt.internal.junit.runner.RemoteTestRunner.run(RemoteTestRunner.java:453) [.cp/:?]
	at org.eclipse.jdt.internal.junit.runner.RemoteTestRunner.main(RemoteTestRunner.java:211) [.cp/:?]
2025-12-29 23:59:43 INFO  === END   tests.productCardsTests.RatingMatchesReviewsTests.reviewsShouldMatchRating[Exp#7 [f1=1, f2=3, f3=1, f4=2, f5=1, f6=3, f7=2, f8=3]] ===
2025-12-29 23:59:43 INFO  === START tests.productCardsTests.RatingMatchesReviewsTests.numberOfReviewsShouldMatch[Exp#7 [f1=1, f2=3, f3=1, f4=2, f5=1, f6=3, f7=2, f8=3]] ===
2025-12-29 23:59:43 INFO  STEP: ♻️ Using existing results for same input.
2025-12-29 23:59:43 INFO  STEP: === CARD 1 ===
2025-12-29 23:59:44 INFO  STEP: Toggle Reviews
2025-12-29 23:59:44 INFO  STEP: Is reviwes window open?: true
2025-12-29 23:59:44 INFO  STEP: #1 review_count:4 actual_count: 4
2025-12-29 23:59:44 INFO  STEP: === CARD 2 ===
2025-12-29 23:59:44 INFO  STEP: Toggle Reviews
2025-12-29 23:59:45 INFO  STEP: Is reviwes window open?: true
2025-12-29 23:59:45 INFO  STEP: #2 review_count:4 actual_count: 4
2025-12-29 23:59:45 INFO  STEP: === CARD 3 ===
2025-12-29 23:59:45 INFO  STEP: Toggle Reviews
2025-12-29 23:59:45 INFO  STEP: Is reviwes window open?: true
2025-12-29 23:59:46 INFO  STEP: #3 review_count:4 actual_count: 4
2025-12-29 23:59:46 INFO  STEP: === CARD 4 ===
2025-12-29 23:59:46 INFO  STEP: Toggle Reviews
2025-12-29 23:59:46 INFO  STEP: Is reviwes window open?: true
2025-12-29 23:59:47 INFO  STEP: #4 review_count:4 actual_count: 4
2025-12-29 23:59:47 INFO  STEP: === CARD 5 ===
2025-12-29 23:59:47 INFO  STEP: Toggle Reviews
2025-12-29 23:59:47 INFO  STEP: Is reviwes window open?: true
2025-12-29 23:59:48 INFO  STEP: #5 review_count:4 actual_count: 4
2025-12-29 23:59:48 INFO  STEP PASS: number of reviews should match review count
2025-12-29 23:59:48 INFO  === PASS  tests.productCardsTests.RatingMatchesReviewsTests.numberOfReviewsShouldMatch[Exp#7 [f1=1, f2=3, f3=1, f4=2, f5=1, f6=3, f7=2, f8=3]] ===
2025-12-29 23:59:48 INFO  === END   tests.productCardsTests.RatingMatchesReviewsTests.numberOfReviewsShouldMatch[Exp#7 [f1=1, f2=3, f3=1, f4=2, f5=1, f6=3, f7=2, f8=3]] ===
2025-12-29 23:59:48 INFO  === START tests.productCardsTests.RatingMatchesReviewsTests.reviewsShouldMatchRating[Exp#8 [f1=1, f2=3, f3=2, f4=3, f5=2, f6=1, f7=3, f8=1]] ===
2025-12-29 23:59:48 INFO  STEP: 📝 New input: Filling form fields.
2025-12-29 23:59:54 INFO  STEP: === CARD 1 ===
2025-12-29 23:59:54 INFO  STEP: Toggle Reviews
2025-12-29 23:59:55 INFO  STEP: Is reviwes window open?: true
2025-12-29 23:59:55 INFO  STEP: Number of reviews: 4
2025-12-29 23:59:55 INFO  STEP: stars:5
2025-12-29 23:59:56 INFO  STEP: stars:5
2025-12-29 23:59:56 INFO  STEP: stars:1
2025-12-29 23:59:56 INFO  STEP: stars:5
2025-12-29 23:59:56 INFO  STEP: sum of stars:16
2025-12-29 23:59:56 INFO  STEP: #1 Product rating: 2.8 ||| Actual rating:4.0
2025-12-29 23:59:56 INFO  STEP: === CARD 2 ===
2025-12-29 23:59:56 INFO  STEP: Toggle Reviews
2025-12-29 23:59:57 INFO  STEP: Is reviwes window open?: true
2025-12-29 23:59:57 INFO  STEP: Number of reviews: 4
2025-12-29 23:59:57 INFO  STEP: stars:5
2025-12-29 23:59:58 INFO  STEP: stars:4
2025-12-29 23:59:58 INFO  STEP: stars:5
2025-12-29 23:59:58 INFO  STEP: stars:2
2025-12-29 23:59:58 INFO  STEP: sum of stars:16
2025-12-29 23:59:58 INFO  STEP: #2 Product rating: 3.9 ||| Actual rating:4.0
2025-12-29 23:59:58 INFO  STEP: === CARD 3 ===
2025-12-29 23:59:58 INFO  STEP: Toggle Reviews
2025-12-29 23:59:59 INFO  STEP: Is reviwes window open?: true
2025-12-29 23:59:59 INFO  STEP: Number of reviews: 4
2025-12-30 00:00:00 INFO  STEP: stars:5
2025-12-30 00:00:00 INFO  STEP: stars:3
2025-12-30 00:00:00 INFO  STEP: stars:4
2025-12-30 00:00:00 INFO  STEP: stars:5
2025-12-30 00:00:00 INFO  STEP: sum of stars:17
2025-12-30 00:00:00 INFO  STEP: #3 Product rating: 3.4 ||| Actual rating:4.0
2025-12-30 00:00:00 INFO  STEP: === CARD 4 ===
2025-12-30 00:00:01 INFO  STEP: Toggle Reviews
2025-12-30 00:00:01 INFO  STEP: Is reviwes window open?: true
2025-12-30 00:00:02 INFO  STEP: Number of reviews: 4
2025-12-30 00:00:02 INFO  STEP: stars:5
2025-12-30 00:00:02 INFO  STEP: stars:4
2025-12-30 00:00:02 INFO  STEP: stars:5
2025-12-30 00:00:03 INFO  STEP: stars:2
2025-12-30 00:00:03 INFO  STEP: sum of stars:16
2025-12-30 00:00:03 INFO  STEP: #4 Product rating: 2.5 ||| Actual rating:4.0
2025-12-30 00:00:03 INFO  STEP: === CARD 5 ===
2025-12-30 00:00:03 INFO  STEP: Toggle Reviews
2025-12-30 00:00:03 INFO  STEP: Is reviwes window open?: true
2025-12-30 00:00:04 INFO  STEP: Number of reviews: 4
2025-12-30 00:00:04 INFO  STEP: stars:5
2025-12-30 00:00:04 INFO  STEP: stars:5
2025-12-30 00:00:04 INFO  STEP: stars:3
2025-12-30 00:00:05 INFO  STEP: stars:5
2025-12-30 00:00:05 INFO  STEP: sum of stars:18
2025-12-30 00:00:05 INFO  STEP: #5 Product rating: 4.1 ||| Actual rating:4.0
2025-12-30 00:00:05 ERROR STEP FAIL: All reviews ratings should match the product rating
2025-12-30 00:00:05 ERROR === FAIL  tests.productCardsTests.RatingMatchesReviewsTests.reviewsShouldMatchRating[Exp#8 [f1=1, f2=3, f3=2, f4=3, f5=2, f6=1, f7=3, f8=1]] ===
java.lang.AssertionError: All reviews ratings should match the product rating
	at org.junit.Assert.fail(Assert.java:89) ~[junit-4.13.jar:4.13]
	at org.junit.Assert.assertTrue(Assert.java:42) ~[junit-4.13.jar:4.13]
	at tests.BaseTest.checkTrue(BaseTest.java:92) ~[test-classes/:?]
	at tests.productCardsTests.RatingMatchesReviewsTests.reviewsShouldMatchRating(RatingMatchesReviewsTests.java:80) ~[test-classes/:?]
	at jdk.internal.reflect.DirectMethodHandleAccessor.invoke(DirectMethodHandleAccessor.java:103) ~[?:?]
	at java.lang.reflect.Method.invoke(Method.java:580) ~[?:?]
	at org.junit.runners.model.FrameworkMethod$1.runReflectiveCall(FrameworkMethod.java:59) ~[junit-4.13.jar:4.13]
	at org.junit.internal.runners.model.ReflectiveCallable.run(ReflectiveCallable.java:12) ~[junit-4.13.jar:4.13]
	at org.junit.runners.model.FrameworkMethod.invokeExplosively(FrameworkMethod.java:56) ~[junit-4.13.jar:4.13]
	at org.junit.internal.runners.statements.InvokeMethod.evaluate(InvokeMethod.java:17) ~[junit-4.13.jar:4.13]
	at org.junit.internal.runners.statements.RunBefores.evaluate(RunBefores.java:26) ~[junit-4.13.jar:4.13]
	at org.junit.internal.runners.statements.RunAfters.evaluate(RunAfters.java:27) ~[junit-4.13.jar:4.13]
	at org.junit.rules.TestWatcher$1.evaluate(TestWatcher.java:61) [junit-4.13.jar:4.13]
	at org.junit.runners.ParentRunner$3.evaluate(ParentRunner.java:306) [junit-4.13.jar:4.13]
	at org.junit.runners.BlockJUnit4ClassRunner$1.evaluate(BlockJUnit4ClassRunner.java:100) [junit-4.13.jar:4.13]
	at org.junit.runners.ParentRunner.runLeaf(ParentRunner.java:366) [junit-4.13.jar:4.13]
	at org.junit.runners.BlockJUnit4ClassRunner.runChild(BlockJUnit4ClassRunner.java:103) [junit-4.13.jar:4.13]
	at org.junit.runners.BlockJUnit4ClassRunner.runChild(BlockJUnit4ClassRunner.java:63) [junit-4.13.jar:4.13]
	at org.junit.runners.ParentRunner$4.run(ParentRunner.java:331) [junit-4.13.jar:4.13]
	at org.junit.runners.ParentRunner$1.schedule(ParentRunner.java:79) [junit-4.13.jar:4.13]
	at org.junit.runners.ParentRunner.runChildren(ParentRunner.java:329) [junit-4.13.jar:4.13]
	at org.junit.runners.ParentRunner.access$100(ParentRunner.java:66) [junit-4.13.jar:4.13]
	at org.junit.runners.ParentRunner$2.evaluate(ParentRunner.java:293) [junit-4.13.jar:4.13]
	at org.junit.runners.ParentRunner.run(ParentRunner.java:413) [junit-4.13.jar:4.13]
	at org.junit.runners.Suite.runChild(Suite.java:128) [junit-4.13.jar:4.13]
	at org.junit.runners.Suite.runChild(Suite.java:27) [junit-4.13.jar:4.13]
	at org.junit.runners.ParentRunner$4.run(ParentRunner.java:331) [junit-4.13.jar:4.13]
	at org.junit.runners.ParentRunner$1.schedule(ParentRunner.java:79) [junit-4.13.jar:4.13]
	at org.junit.runners.ParentRunner.runChildren(ParentRunner.java:329) [junit-4.13.jar:4.13]
	at org.junit.runners.ParentRunner.access$100(ParentRunner.java:66) [junit-4.13.jar:4.13]
	at org.junit.runners.ParentRunner$2.evaluate(ParentRunner.java:293) [junit-4.13.jar:4.13]
	at org.junit.internal.runners.statements.RunAfters.evaluate(RunAfters.java:27) [junit-4.13.jar:4.13]
	at org.junit.runners.ParentRunner$3.evaluate(ParentRunner.java:306) [junit-4.13.jar:4.13]
	at org.junit.runners.ParentRunner.run(ParentRunner.java:413) [junit-4.13.jar:4.13]
	at org.eclipse.jdt.internal.junit4.runner.JUnit4TestReference.run(JUnit4TestReference.java:93) [.cp/:?]
	at org.eclipse.jdt.internal.junit.runner.TestExecution.run(TestExecution.java:40) [.cp/:?]
	at org.eclipse.jdt.internal.junit.runner.RemoteTestRunner.runTests(RemoteTestRunner.java:530) [.cp/:?]
	at org.eclipse.jdt.internal.junit.runner.RemoteTestRunner.runTests(RemoteTestRunner.java:758) [.cp/:?]
	at org.eclipse.jdt.internal.junit.runner.RemoteTestRunner.run(RemoteTestRunner.java:453) [.cp/:?]
	at org.eclipse.jdt.internal.junit.runner.RemoteTestRunner.main(RemoteTestRunner.java:211) [.cp/:?]
2025-12-30 00:00:05 INFO  === END   tests.productCardsTests.RatingMatchesReviewsTests.reviewsShouldMatchRating[Exp#8 [f1=1, f2=3, f3=2, f4=3, f5=2, f6=1, f7=3, f8=1]] ===
2025-12-30 00:00:05 INFO  === START tests.productCardsTests.RatingMatchesReviewsTests.numberOfReviewsShouldMatch[Exp#8 [f1=1, f2=3, f3=2, f4=3, f5=2, f6=1, f7=3, f8=1]] ===
2025-12-30 00:00:05 INFO  STEP: ♻️ Using existing results for same input.
2025-12-30 00:00:05 INFO  STEP: === CARD 1 ===
2025-12-30 00:00:05 INFO  STEP: Toggle Reviews
2025-12-30 00:00:05 INFO  STEP: Is reviwes window open?: true
2025-12-30 00:00:06 INFO  STEP: #1 review_count:4 actual_count: 4
2025-12-30 00:00:06 INFO  STEP: === CARD 2 ===
2025-12-30 00:00:06 INFO  STEP: Toggle Reviews
2025-12-30 00:00:06 INFO  STEP: Is reviwes window open?: true
2025-12-30 00:00:06 INFO  STEP: #2 review_count:4 actual_count: 4
2025-12-30 00:00:06 INFO  STEP: === CARD 3 ===
2025-12-30 00:00:07 INFO  STEP: Toggle Reviews
2025-12-30 00:00:07 INFO  STEP: Is reviwes window open?: true
2025-12-30 00:00:07 INFO  STEP: #3 review_count:4 actual_count: 4
2025-12-30 00:00:07 INFO  STEP: === CARD 4 ===
2025-12-30 00:00:07 INFO  STEP: Toggle Reviews
2025-12-30 00:00:07 INFO  STEP: Is reviwes window open?: true
2025-12-30 00:00:08 INFO  STEP: #4 review_count:4 actual_count: 4
2025-12-30 00:00:08 INFO  STEP: === CARD 5 ===
2025-12-30 00:00:08 INFO  STEP: Toggle Reviews
2025-12-30 00:00:08 INFO  STEP: Is reviwes window open?: true
2025-12-30 00:00:09 INFO  STEP: #5 review_count:4 actual_count: 4
2025-12-30 00:00:09 INFO  STEP PASS: number of reviews should match review count
2025-12-30 00:00:09 INFO  === PASS  tests.productCardsTests.RatingMatchesReviewsTests.numberOfReviewsShouldMatch[Exp#8 [f1=1, f2=3, f3=2, f4=3, f5=2, f6=1, f7=3, f8=1]] ===
2025-12-30 00:00:09 INFO  === END   tests.productCardsTests.RatingMatchesReviewsTests.numberOfReviewsShouldMatch[Exp#8 [f1=1, f2=3, f3=2, f4=3, f5=2, f6=1, f7=3, f8=1]] ===
2025-12-30 00:00:09 INFO  === START tests.productCardsTests.RatingMatchesReviewsTests.reviewsShouldMatchRating[Exp#9 [f1=1, f2=3, f3=3, f4=1, f5=3, f6=2, f7=1, f8=2]] ===
2025-12-30 00:00:09 INFO  STEP: 📝 New input: Filling form fields.
2025-12-30 00:00:14 INFO  STEP: === CARD 1 ===
2025-12-30 00:00:14 INFO  STEP: Toggle Reviews
2025-12-30 00:00:15 INFO  STEP: Is reviwes window open?: true
2025-12-30 00:00:15 INFO  STEP: Number of reviews: 4
2025-12-30 00:00:15 INFO  STEP: stars:5
2025-12-30 00:00:16 INFO  STEP: stars:5
2025-12-30 00:00:16 INFO  STEP: stars:4
2025-12-30 00:00:16 INFO  STEP: stars:1
2025-12-30 00:00:16 INFO  STEP: sum of stars:15
2025-12-30 00:00:16 INFO  STEP: #1 Product rating: 2.6 ||| Actual rating:3.0
2025-12-30 00:00:16 INFO  STEP: === CARD 2 ===
2025-12-30 00:00:16 INFO  STEP: Toggle Reviews
2025-12-30 00:00:17 INFO  STEP: Is reviwes window open?: true
2025-12-30 00:00:17 INFO  STEP: Number of reviews: 4
2025-12-30 00:00:17 INFO  STEP: stars:5
2025-12-30 00:00:18 INFO  STEP: stars:5
2025-12-30 00:00:18 INFO  STEP: stars:2
2025-12-30 00:00:18 INFO  STEP: stars:4
2025-12-30 00:00:18 INFO  STEP: sum of stars:16
2025-12-30 00:00:18 INFO  STEP: #2 Product rating: 4.7 ||| Actual rating:4.0
2025-12-30 00:00:18 INFO  STEP: === CARD 3 ===
2025-12-30 00:00:18 INFO  STEP: Toggle Reviews
2025-12-30 00:00:18 INFO  STEP: Is reviwes window open?: true
2025-12-30 00:00:19 INFO  STEP: Number of reviews: 4
2025-12-30 00:00:19 INFO  STEP: stars:5
2025-12-30 00:00:19 INFO  STEP: stars:4
2025-12-30 00:00:20 INFO  STEP: stars:4
2025-12-30 00:00:20 INFO  STEP: stars:4
2025-12-30 00:00:20 INFO  STEP: sum of stars:17
2025-12-30 00:00:20 INFO  STEP: #3 Product rating: 4.9 ||| Actual rating:4.0
2025-12-30 00:00:20 INFO  STEP: === CARD 4 ===
2025-12-30 00:00:20 INFO  STEP: Toggle Reviews
2025-12-30 00:00:20 INFO  STEP: Is reviwes window open?: true
2025-12-30 00:00:21 INFO  STEP: Number of reviews: 4
2025-12-30 00:00:22 INFO  STEP: stars:5
2025-12-30 00:00:22 INFO  STEP: stars:1
2025-12-30 00:00:22 INFO  STEP: stars:4
2025-12-30 00:00:22 INFO  STEP: stars:3
2025-12-30 00:00:22 INFO  STEP: sum of stars:13
2025-12-30 00:00:22 INFO  STEP: #4 Product rating: 4.0 ||| Actual rating:3.0
2025-12-30 00:00:22 INFO  STEP: === CARD 5 ===
2025-12-30 00:00:22 INFO  STEP: Toggle Reviews
2025-12-30 00:00:23 INFO  STEP: Is reviwes window open?: true
2025-12-30 00:00:23 INFO  STEP: Number of reviews: 4
2025-12-30 00:00:23 INFO  STEP: stars:5
2025-12-30 00:00:23 INFO  STEP: stars:4
2025-12-30 00:00:23 INFO  STEP: stars:5
2025-12-30 00:00:24 INFO  STEP: stars:1
2025-12-30 00:00:24 INFO  STEP: sum of stars:15
2025-12-30 00:00:24 INFO  STEP: #5 Product rating: 4.6 ||| Actual rating:3.0
2025-12-30 00:00:24 ERROR STEP FAIL: All reviews ratings should match the product rating
2025-12-30 00:00:24 ERROR === FAIL  tests.productCardsTests.RatingMatchesReviewsTests.reviewsShouldMatchRating[Exp#9 [f1=1, f2=3, f3=3, f4=1, f5=3, f6=2, f7=1, f8=2]] ===
java.lang.AssertionError: All reviews ratings should match the product rating
	at org.junit.Assert.fail(Assert.java:89) ~[junit-4.13.jar:4.13]
	at org.junit.Assert.assertTrue(Assert.java:42) ~[junit-4.13.jar:4.13]
	at tests.BaseTest.checkTrue(BaseTest.java:92) ~[test-classes/:?]
	at tests.productCardsTests.RatingMatchesReviewsTests.reviewsShouldMatchRating(RatingMatchesReviewsTests.java:80) ~[test-classes/:?]
	at jdk.internal.reflect.DirectMethodHandleAccessor.invoke(DirectMethodHandleAccessor.java:103) ~[?:?]
	at java.lang.reflect.Method.invoke(Method.java:580) ~[?:?]
	at org.junit.runners.model.FrameworkMethod$1.runReflectiveCall(FrameworkMethod.java:59) ~[junit-4.13.jar:4.13]
	at org.junit.internal.runners.model.ReflectiveCallable.run(ReflectiveCallable.java:12) ~[junit-4.13.jar:4.13]
	at org.junit.runners.model.FrameworkMethod.invokeExplosively(FrameworkMethod.java:56) ~[junit-4.13.jar:4.13]
	at org.junit.internal.runners.statements.InvokeMethod.evaluate(InvokeMethod.java:17) ~[junit-4.13.jar:4.13]
	at org.junit.internal.runners.statements.RunBefores.evaluate(RunBefores.java:26) ~[junit-4.13.jar:4.13]
	at org.junit.internal.runners.statements.RunAfters.evaluate(RunAfters.java:27) ~[junit-4.13.jar:4.13]
	at org.junit.rules.TestWatcher$1.evaluate(TestWatcher.java:61) [junit-4.13.jar:4.13]
	at org.junit.runners.ParentRunner$3.evaluate(ParentRunner.java:306) [junit-4.13.jar:4.13]
	at org.junit.runners.BlockJUnit4ClassRunner$1.evaluate(BlockJUnit4ClassRunner.java:100) [junit-4.13.jar:4.13]
	at org.junit.runners.ParentRunner.runLeaf(ParentRunner.java:366) [junit-4.13.jar:4.13]
	at org.junit.runners.BlockJUnit4ClassRunner.runChild(BlockJUnit4ClassRunner.java:103) [junit-4.13.jar:4.13]
	at org.junit.runners.BlockJUnit4ClassRunner.runChild(BlockJUnit4ClassRunner.java:63) [junit-4.13.jar:4.13]
	at org.junit.runners.ParentRunner$4.run(ParentRunner.java:331) [junit-4.13.jar:4.13]
	at org.junit.runners.ParentRunner$1.schedule(ParentRunner.java:79) [junit-4.13.jar:4.13]
	at org.junit.runners.ParentRunner.runChildren(ParentRunner.java:329) [junit-4.13.jar:4.13]
	at org.junit.runners.ParentRunner.access$100(ParentRunner.java:66) [junit-4.13.jar:4.13]
	at org.junit.runners.ParentRunner$2.evaluate(ParentRunner.java:293) [junit-4.13.jar:4.13]
	at org.junit.runners.ParentRunner.run(ParentRunner.java:413) [junit-4.13.jar:4.13]
	at org.junit.runners.Suite.runChild(Suite.java:128) [junit-4.13.jar:4.13]
	at org.junit.runners.Suite.runChild(Suite.java:27) [junit-4.13.jar:4.13]
	at org.junit.runners.ParentRunner$4.run(ParentRunner.java:331) [junit-4.13.jar:4.13]
	at org.junit.runners.ParentRunner$1.schedule(ParentRunner.java:79) [junit-4.13.jar:4.13]
	at org.junit.runners.ParentRunner.runChildren(ParentRunner.java:329) [junit-4.13.jar:4.13]
	at org.junit.runners.ParentRunner.access$100(ParentRunner.java:66) [junit-4.13.jar:4.13]
	at org.junit.runners.ParentRunner$2.evaluate(ParentRunner.java:293) [junit-4.13.jar:4.13]
	at org.junit.internal.runners.statements.RunAfters.evaluate(RunAfters.java:27) [junit-4.13.jar:4.13]
	at org.junit.runners.ParentRunner$3.evaluate(ParentRunner.java:306) [junit-4.13.jar:4.13]
	at org.junit.runners.ParentRunner.run(ParentRunner.java:413) [junit-4.13.jar:4.13]
	at org.eclipse.jdt.internal.junit4.runner.JUnit4TestReference.run(JUnit4TestReference.java:93) [.cp/:?]
	at org.eclipse.jdt.internal.junit.runner.TestExecution.run(TestExecution.java:40) [.cp/:?]
	at org.eclipse.jdt.internal.junit.runner.RemoteTestRunner.runTests(RemoteTestRunner.java:530) [.cp/:?]
	at org.eclipse.jdt.internal.junit.runner.RemoteTestRunner.runTests(RemoteTestRunner.java:758) [.cp/:?]
	at org.eclipse.jdt.internal.junit.runner.RemoteTestRunner.run(RemoteTestRunner.java:453) [.cp/:?]
	at org.eclipse.jdt.internal.junit.runner.RemoteTestRunner.main(RemoteTestRunner.java:211) [.cp/:?]
2025-12-30 00:00:24 INFO  === END   tests.productCardsTests.RatingMatchesReviewsTests.reviewsShouldMatchRating[Exp#9 [f1=1, f2=3, f3=3, f4=1, f5=3, f6=2, f7=1, f8=2]] ===
2025-12-30 00:00:24 INFO  === START tests.productCardsTests.RatingMatchesReviewsTests.numberOfReviewsShouldMatch[Exp#9 [f1=1, f2=3, f3=3, f4=1, f5=3, f6=2, f7=1, f8=2]] ===
2025-12-30 00:00:24 INFO  STEP: ♻️ Using existing results for same input.
2025-12-30 00:00:24 INFO  STEP: === CARD 1 ===
2025-12-30 00:00:24 INFO  STEP: Toggle Reviews
2025-12-30 00:00:24 INFO  STEP: Is reviwes window open?: true
2025-12-30 00:00:25 INFO  STEP: #1 review_count:4 actual_count: 4
2025-12-30 00:00:25 INFO  STEP: === CARD 2 ===
2025-12-30 00:00:25 INFO  STEP: Toggle Reviews
2025-12-30 00:00:25 INFO  STEP: Is reviwes window open?: true
2025-12-30 00:00:25 INFO  STEP: #2 review_count:4 actual_count: 4
2025-12-30 00:00:25 INFO  STEP: === CARD 3 ===
2025-12-30 00:00:25 INFO  STEP: Toggle Reviews
2025-12-30 00:00:26 INFO  STEP: Is reviwes window open?: true
2025-12-30 00:00:26 INFO  STEP: #3 review_count:4 actual_count: 4
2025-12-30 00:00:26 INFO  STEP: === CARD 4 ===
2025-12-30 00:00:26 INFO  STEP: Toggle Reviews
2025-12-30 00:00:26 INFO  STEP: Is reviwes window open?: true
2025-12-30 00:00:27 INFO  STEP: #4 review_count:4 actual_count: 4
2025-12-30 00:00:27 INFO  STEP: === CARD 5 ===
2025-12-30 00:00:27 INFO  STEP: Toggle Reviews
2025-12-30 00:00:27 INFO  STEP: Is reviwes window open?: true
2025-12-30 00:00:28 INFO  STEP: #5 review_count:4 actual_count: 4
2025-12-30 00:00:28 INFO  STEP PASS: number of reviews should match review count
2025-12-30 00:00:28 INFO  === PASS  tests.productCardsTests.RatingMatchesReviewsTests.numberOfReviewsShouldMatch[Exp#9 [f1=1, f2=3, f3=3, f4=1, f5=3, f6=2, f7=1, f8=2]] ===
2025-12-30 00:00:28 INFO  === END   tests.productCardsTests.RatingMatchesReviewsTests.numberOfReviewsShouldMatch[Exp#9 [f1=1, f2=3, f3=3, f4=1, f5=3, f6=2, f7=1, f8=2]] ===
2025-12-30 00:00:28 INFO  === START tests.productCardsTests.RatingMatchesReviewsTests.reviewsShouldMatchRating[Exp#10 [f1=2, f2=1, f3=1, f4=3, f5=3, f6=2, f7=2, f8=1]] ===
2025-12-30 00:00:28 INFO  STEP: 📝 New input: Filling form fields.
2025-12-30 00:00:34 INFO  STEP: === CARD 1 ===
2025-12-30 00:00:34 INFO  STEP: Toggle Reviews
2025-12-30 00:00:35 INFO  STEP: Is reviwes window open?: true
2025-12-30 00:00:35 INFO  STEP: Number of reviews: 4
2025-12-30 00:00:35 INFO  STEP: stars:5
2025-12-30 00:00:36 INFO  STEP: stars:3
2025-12-30 00:00:36 INFO  STEP: stars:5
2025-12-30 00:00:36 INFO  STEP: stars:1
2025-12-30 00:00:36 INFO  STEP: sum of stars:14
2025-12-30 00:00:36 INFO  STEP: #1 Product rating: 4.5 ||| Actual rating:3.0
2025-12-30 00:00:36 INFO  STEP: === CARD 2 ===
2025-12-30 00:00:36 INFO  STEP: Toggle Reviews
2025-12-30 00:00:37 INFO  STEP: Is reviwes window open?: true
2025-12-30 00:00:37 INFO  STEP: Number of reviews: 4
2025-12-30 00:00:37 INFO  STEP: stars:5
2025-12-30 00:00:38 INFO  STEP: stars:5
2025-12-30 00:00:38 INFO  STEP: stars:5
2025-12-30 00:00:38 INFO  STEP: stars:4
2025-12-30 00:00:38 INFO  STEP: sum of stars:19
2025-12-30 00:00:38 INFO  STEP: #2 Product rating: 3.3 ||| Actual rating:4.0
2025-12-30 00:00:38 INFO  STEP: === CARD 3 ===
2025-12-30 00:00:38 INFO  STEP: Toggle Reviews
2025-12-30 00:00:39 INFO  STEP: Is reviwes window open?: true
2025-12-30 00:00:39 INFO  STEP: Number of reviews: 4
2025-12-30 00:00:39 INFO  STEP: stars:5
2025-12-30 00:00:39 INFO  STEP: stars:3
2025-12-30 00:00:40 INFO  STEP: stars:1
2025-12-30 00:00:40 INFO  STEP: stars:5
2025-12-30 00:00:40 INFO  STEP: sum of stars:14
2025-12-30 00:00:40 INFO  STEP: #3 Product rating: 3.9 ||| Actual rating:3.0
2025-12-30 00:00:40 INFO  STEP: === CARD 4 ===
2025-12-30 00:00:40 INFO  STEP: Toggle Reviews
2025-12-30 00:00:40 INFO  STEP: Is reviwes window open?: true
2025-12-30 00:00:40 INFO  STEP: Number of reviews: 4
2025-12-30 00:00:41 INFO  STEP: stars:5
2025-12-30 00:00:41 INFO  STEP: stars:4
2025-12-30 00:00:41 INFO  STEP: stars:4
2025-12-30 00:00:41 INFO  STEP: stars:5
2025-12-30 00:00:41 INFO  STEP: sum of stars:18
2025-12-30 00:00:41 INFO  STEP: #4 Product rating: 4.0 ||| Actual rating:4.0
2025-12-30 00:00:41 INFO  STEP: === CARD 5 ===
2025-12-30 00:00:41 INFO  STEP: Toggle Reviews
2025-12-30 00:00:42 INFO  STEP: Is reviwes window open?: true
2025-12-30 00:00:42 INFO  STEP: Number of reviews: 4
2025-12-30 00:00:43 INFO  STEP: stars:5
2025-12-30 00:00:43 INFO  STEP: stars:5
2025-12-30 00:00:43 INFO  STEP: stars:5
2025-12-30 00:00:43 INFO  STEP: stars:5
2025-12-30 00:00:43 INFO  STEP: sum of stars:20
2025-12-30 00:00:43 INFO  STEP: #5 Product rating: 4.6 ||| Actual rating:5.0
2025-12-30 00:00:43 ERROR STEP FAIL: All reviews ratings should match the product rating
2025-12-30 00:00:43 ERROR === FAIL  tests.productCardsTests.RatingMatchesReviewsTests.reviewsShouldMatchRating[Exp#10 [f1=2, f2=1, f3=1, f4=3, f5=3, f6=2, f7=2, f8=1]] ===
java.lang.AssertionError: All reviews ratings should match the product rating
	at org.junit.Assert.fail(Assert.java:89) ~[junit-4.13.jar:4.13]
	at org.junit.Assert.assertTrue(Assert.java:42) ~[junit-4.13.jar:4.13]
	at tests.BaseTest.checkTrue(BaseTest.java:92) ~[test-classes/:?]
	at tests.productCardsTests.RatingMatchesReviewsTests.reviewsShouldMatchRating(RatingMatchesReviewsTests.java:80) ~[test-classes/:?]
	at jdk.internal.reflect.DirectMethodHandleAccessor.invoke(DirectMethodHandleAccessor.java:103) ~[?:?]
	at java.lang.reflect.Method.invoke(Method.java:580) ~[?:?]
	at org.junit.runners.model.FrameworkMethod$1.runReflectiveCall(FrameworkMethod.java:59) ~[junit-4.13.jar:4.13]
	at org.junit.internal.runners.model.ReflectiveCallable.run(ReflectiveCallable.java:12) ~[junit-4.13.jar:4.13]
	at org.junit.runners.model.FrameworkMethod.invokeExplosively(FrameworkMethod.java:56) ~[junit-4.13.jar:4.13]
	at org.junit.internal.runners.statements.InvokeMethod.evaluate(InvokeMethod.java:17) ~[junit-4.13.jar:4.13]
	at org.junit.internal.runners.statements.RunBefores.evaluate(RunBefores.java:26) ~[junit-4.13.jar:4.13]
	at org.junit.internal.runners.statements.RunAfters.evaluate(RunAfters.java:27) ~[junit-4.13.jar:4.13]
	at org.junit.rules.TestWatcher$1.evaluate(TestWatcher.java:61) [junit-4.13.jar:4.13]
	at org.junit.runners.ParentRunner$3.evaluate(ParentRunner.java:306) [junit-4.13.jar:4.13]
	at org.junit.runners.BlockJUnit4ClassRunner$1.evaluate(BlockJUnit4ClassRunner.java:100) [junit-4.13.jar:4.13]
	at org.junit.runners.ParentRunner.runLeaf(ParentRunner.java:366) [junit-4.13.jar:4.13]
	at org.junit.runners.BlockJUnit4ClassRunner.runChild(BlockJUnit4ClassRunner.java:103) [junit-4.13.jar:4.13]
	at org.junit.runners.BlockJUnit4ClassRunner.runChild(BlockJUnit4ClassRunner.java:63) [junit-4.13.jar:4.13]
	at org.junit.runners.ParentRunner$4.run(ParentRunner.java:331) [junit-4.13.jar:4.13]
	at org.junit.runners.ParentRunner$1.schedule(ParentRunner.java:79) [junit-4.13.jar:4.13]
	at org.junit.runners.ParentRunner.runChildren(ParentRunner.java:329) [junit-4.13.jar:4.13]
	at org.junit.runners.ParentRunner.access$100(ParentRunner.java:66) [junit-4.13.jar:4.13]
	at org.junit.runners.ParentRunner$2.evaluate(ParentRunner.java:293) [junit-4.13.jar:4.13]
	at org.junit.runners.ParentRunner.run(ParentRunner.java:413) [junit-4.13.jar:4.13]
	at org.junit.runners.Suite.runChild(Suite.java:128) [junit-4.13.jar:4.13]
	at org.junit.runners.Suite.runChild(Suite.java:27) [junit-4.13.jar:4.13]
	at org.junit.runners.ParentRunner$4.run(ParentRunner.java:331) [junit-4.13.jar:4.13]
	at org.junit.runners.ParentRunner$1.schedule(ParentRunner.java:79) [junit-4.13.jar:4.13]
	at org.junit.runners.ParentRunner.runChildren(ParentRunner.java:329) [junit-4.13.jar:4.13]
	at org.junit.runners.ParentRunner.access$100(ParentRunner.java:66) [junit-4.13.jar:4.13]
	at org.junit.runners.ParentRunner$2.evaluate(ParentRunner.java:293) [junit-4.13.jar:4.13]
	at org.junit.internal.runners.statements.RunAfters.evaluate(RunAfters.java:27) [junit-4.13.jar:4.13]
	at org.junit.runners.ParentRunner$3.evaluate(ParentRunner.java:306) [junit-4.13.jar:4.13]
	at org.junit.runners.ParentRunner.run(ParentRunner.java:413) [junit-4.13.jar:4.13]
	at org.eclipse.jdt.internal.junit4.runner.JUnit4TestReference.run(JUnit4TestReference.java:93) [.cp/:?]
	at org.eclipse.jdt.internal.junit.runner.TestExecution.run(TestExecution.java:40) [.cp/:?]
	at org.eclipse.jdt.internal.junit.runner.RemoteTestRunner.runTests(RemoteTestRunner.java:530) [.cp/:?]
	at org.eclipse.jdt.internal.junit.runner.RemoteTestRunner.runTests(RemoteTestRunner.java:758) [.cp/:?]
	at org.eclipse.jdt.internal.junit.runner.RemoteTestRunner.run(RemoteTestRunner.java:453) [.cp/:?]
	at org.eclipse.jdt.internal.junit.runner.RemoteTestRunner.main(RemoteTestRunner.java:211) [.cp/:?]
2025-12-30 00:00:43 INFO  === END   tests.productCardsTests.RatingMatchesReviewsTests.reviewsShouldMatchRating[Exp#10 [f1=2, f2=1, f3=1, f4=3, f5=3, f6=2, f7=2, f8=1]] ===
2025-12-30 00:00:43 INFO  === START tests.productCardsTests.RatingMatchesReviewsTests.numberOfReviewsShouldMatch[Exp#10 [f1=2, f2=1, f3=1, f4=3, f5=3, f6=2, f7=2, f8=1]] ===
2025-12-30 00:00:43 INFO  STEP: ♻️ Using existing results for same input.
2025-12-30 00:00:43 INFO  STEP: === CARD 1 ===
2025-12-30 00:00:43 INFO  STEP: Toggle Reviews
2025-12-30 00:00:43 INFO  STEP: Is reviwes window open?: true
2025-12-30 00:00:44 INFO  STEP: #1 review_count:4 actual_count: 4
2025-12-30 00:00:44 INFO  STEP: === CARD 2 ===
2025-12-30 00:00:44 INFO  STEP: Toggle Reviews
2025-12-30 00:00:44 INFO  STEP: Is reviwes window open?: true
2025-12-30 00:00:45 INFO  STEP: #2 review_count:4 actual_count: 4
2025-12-30 00:00:45 INFO  STEP: === CARD 3 ===
2025-12-30 00:00:45 INFO  STEP: Toggle Reviews
2025-12-30 00:00:45 INFO  STEP: Is reviwes window open?: true
2025-12-30 00:00:46 INFO  STEP: #3 review_count:4 actual_count: 4
2025-12-30 00:00:46 INFO  STEP: === CARD 4 ===
2025-12-30 00:00:46 INFO  STEP: Toggle Reviews
2025-12-30 00:00:46 INFO  STEP: Is reviwes window open?: true
2025-12-30 00:00:47 INFO  STEP: #4 review_count:4 actual_count: 4
2025-12-30 00:00:47 INFO  STEP: === CARD 5 ===
2025-12-30 00:00:47 INFO  STEP: Toggle Reviews
2025-12-30 00:00:47 INFO  STEP: Is reviwes window open?: true
2025-12-30 00:00:47 INFO  STEP: #5 review_count:4 actual_count: 4
2025-12-30 00:00:47 INFO  STEP PASS: number of reviews should match review count
2025-12-30 00:00:47 INFO  === PASS  tests.productCardsTests.RatingMatchesReviewsTests.numberOfReviewsShouldMatch[Exp#10 [f1=2, f2=1, f3=1, f4=3, f5=3, f6=2, f7=2, f8=1]] ===
2025-12-30 00:00:47 INFO  === END   tests.productCardsTests.RatingMatchesReviewsTests.numberOfReviewsShouldMatch[Exp#10 [f1=2, f2=1, f3=1, f4=3, f5=3, f6=2, f7=2, f8=1]] ===
2025-12-30 00:00:47 INFO  === START tests.productCardsTests.RatingMatchesReviewsTests.reviewsShouldMatchRating[Exp#11 [f1=2, f2=1, f3=2, f4=1, f5=1, f6=3, f7=3, f8=2]] ===
2025-12-30 00:00:47 INFO  STEP: 📝 New input: Filling form fields.
2025-12-30 00:00:53 INFO  STEP: === CARD 1 ===
2025-12-30 00:00:53 INFO  STEP: Toggle Reviews
2025-12-30 00:00:53 INFO  STEP: Is reviwes window open?: true
2025-12-30 00:00:54 INFO  STEP: Number of reviews: 4
2025-12-30 00:00:54 INFO  STEP: stars:5
2025-12-30 00:00:54 INFO  STEP: stars:3
2025-12-30 00:00:55 INFO  STEP: stars:5
2025-12-30 00:00:55 INFO  STEP: stars:1
2025-12-30 00:00:55 INFO  STEP: sum of stars:14
2025-12-30 00:00:55 INFO  STEP: #1 Product rating: 4.5 ||| Actual rating:3.0
2025-12-30 00:00:55 INFO  STEP: === CARD 2 ===
2025-12-30 00:00:55 INFO  STEP: Toggle Reviews
2025-12-30 00:00:55 INFO  STEP: Is reviwes window open?: true
2025-12-30 00:00:56 INFO  STEP: Number of reviews: 4
2025-12-30 00:00:56 INFO  STEP: stars:5
2025-12-30 00:00:57 INFO  STEP: stars:5
2025-12-30 00:00:57 INFO  STEP: stars:5
2025-12-30 00:00:57 INFO  STEP: stars:4
2025-12-30 00:00:57 INFO  STEP: sum of stars:19
2025-12-30 00:00:57 INFO  STEP: #2 Product rating: 3.3 ||| Actual rating:4.0
2025-12-30 00:00:57 INFO  STEP: === CARD 3 ===
2025-12-30 00:00:57 INFO  STEP: Toggle Reviews
2025-12-30 00:00:57 INFO  STEP: Is reviwes window open?: true
2025-12-30 00:00:58 INFO  STEP: Number of reviews: 4
2025-12-30 00:00:58 INFO  STEP: stars:5
2025-12-30 00:00:59 INFO  STEP: stars:3
2025-12-30 00:00:59 INFO  STEP: stars:1
2025-12-30 00:00:59 INFO  STEP: stars:5
2025-12-30 00:00:59 INFO  STEP: sum of stars:14
2025-12-30 00:00:59 INFO  STEP: #3 Product rating: 3.9 ||| Actual rating:3.0
2025-12-30 00:00:59 INFO  STEP: === CARD 4 ===
2025-12-30 00:00:59 INFO  STEP: Toggle Reviews
2025-12-30 00:01:00 INFO  STEP: Is reviwes window open?: true
2025-12-30 00:01:00 INFO  STEP: Number of reviews: 4
2025-12-30 00:01:00 INFO  STEP: stars:5
2025-12-30 00:01:01 INFO  STEP: stars:4
2025-12-30 00:01:01 INFO  STEP: stars:4
2025-12-30 00:01:01 INFO  STEP: stars:5
2025-12-30 00:01:01 INFO  STEP: sum of stars:18
2025-12-30 00:01:01 INFO  STEP: #4 Product rating: 4.0 ||| Actual rating:4.0
2025-12-30 00:01:01 INFO  STEP: === CARD 5 ===
2025-12-30 00:01:01 INFO  STEP: Toggle Reviews
2025-12-30 00:01:01 INFO  STEP: Is reviwes window open?: true
2025-12-30 00:01:02 INFO  STEP: Number of reviews: 4
2025-12-30 00:01:02 INFO  STEP: stars:5
2025-12-30 00:01:02 INFO  STEP: stars:5
2025-12-30 00:01:03 INFO  STEP: stars:5
2025-12-30 00:01:03 INFO  STEP: stars:5
2025-12-30 00:01:03 INFO  STEP: sum of stars:20
2025-12-30 00:01:03 INFO  STEP: #5 Product rating: 4.6 ||| Actual rating:5.0
2025-12-30 00:01:03 ERROR STEP FAIL: All reviews ratings should match the product rating
2025-12-30 00:01:03 ERROR === FAIL  tests.productCardsTests.RatingMatchesReviewsTests.reviewsShouldMatchRating[Exp#11 [f1=2, f2=1, f3=2, f4=1, f5=1, f6=3, f7=3, f8=2]] ===
java.lang.AssertionError: All reviews ratings should match the product rating
	at org.junit.Assert.fail(Assert.java:89) ~[junit-4.13.jar:4.13]
	at org.junit.Assert.assertTrue(Assert.java:42) ~[junit-4.13.jar:4.13]
	at tests.BaseTest.checkTrue(BaseTest.java:92) ~[test-classes/:?]
	at tests.productCardsTests.RatingMatchesReviewsTests.reviewsShouldMatchRating(RatingMatchesReviewsTests.java:80) ~[test-classes/:?]
	at jdk.internal.reflect.DirectMethodHandleAccessor.invoke(DirectMethodHandleAccessor.java:103) ~[?:?]
	at java.lang.reflect.Method.invoke(Method.java:580) ~[?:?]
	at org.junit.runners.model.FrameworkMethod$1.runReflectiveCall(FrameworkMethod.java:59) ~[junit-4.13.jar:4.13]
	at org.junit.internal.runners.model.ReflectiveCallable.run(ReflectiveCallable.java:12) ~[junit-4.13.jar:4.13]
	at org.junit.runners.model.FrameworkMethod.invokeExplosively(FrameworkMethod.java:56) ~[junit-4.13.jar:4.13]
	at org.junit.internal.runners.statements.InvokeMethod.evaluate(InvokeMethod.java:17) ~[junit-4.13.jar:4.13]
	at org.junit.internal.runners.statements.RunBefores.evaluate(RunBefores.java:26) ~[junit-4.13.jar:4.13]
	at org.junit.internal.runners.statements.RunAfters.evaluate(RunAfters.java:27) ~[junit-4.13.jar:4.13]
	at org.junit.rules.TestWatcher$1.evaluate(TestWatcher.java:61) [junit-4.13.jar:4.13]
	at org.junit.runners.ParentRunner$3.evaluate(ParentRunner.java:306) [junit-4.13.jar:4.13]
	at org.junit.runners.BlockJUnit4ClassRunner$1.evaluate(BlockJUnit4ClassRunner.java:100) [junit-4.13.jar:4.13]
	at org.junit.runners.ParentRunner.runLeaf(ParentRunner.java:366) [junit-4.13.jar:4.13]
	at org.junit.runners.BlockJUnit4ClassRunner.runChild(BlockJUnit4ClassRunner.java:103) [junit-4.13.jar:4.13]
	at org.junit.runners.BlockJUnit4ClassRunner.runChild(BlockJUnit4ClassRunner.java:63) [junit-4.13.jar:4.13]
	at org.junit.runners.ParentRunner$4.run(ParentRunner.java:331) [junit-4.13.jar:4.13]
	at org.junit.runners.ParentRunner$1.schedule(ParentRunner.java:79) [junit-4.13.jar:4.13]
	at org.junit.runners.ParentRunner.runChildren(ParentRunner.java:329) [junit-4.13.jar:4.13]
	at org.junit.runners.ParentRunner.access$100(ParentRunner.java:66) [junit-4.13.jar:4.13]
	at org.junit.runners.ParentRunner$2.evaluate(ParentRunner.java:293) [junit-4.13.jar:4.13]
	at org.junit.runners.ParentRunner.run(ParentRunner.java:413) [junit-4.13.jar:4.13]
	at org.junit.runners.Suite.runChild(Suite.java:128) [junit-4.13.jar:4.13]
	at org.junit.runners.Suite.runChild(Suite.java:27) [junit-4.13.jar:4.13]
	at org.junit.runners.ParentRunner$4.run(ParentRunner.java:331) [junit-4.13.jar:4.13]
	at org.junit.runners.ParentRunner$1.schedule(ParentRunner.java:79) [junit-4.13.jar:4.13]
	at org.junit.runners.ParentRunner.runChildren(ParentRunner.java:329) [junit-4.13.jar:4.13]
	at org.junit.runners.ParentRunner.access$100(ParentRunner.java:66) [junit-4.13.jar:4.13]
	at org.junit.runners.ParentRunner$2.evaluate(ParentRunner.java:293) [junit-4.13.jar:4.13]
	at org.junit.internal.runners.statements.RunAfters.evaluate(RunAfters.java:27) [junit-4.13.jar:4.13]
	at org.junit.runners.ParentRunner$3.evaluate(ParentRunner.java:306) [junit-4.13.jar:4.13]
	at org.junit.runners.ParentRunner.run(ParentRunner.java:413) [junit-4.13.jar:4.13]
	at org.eclipse.jdt.internal.junit4.runner.JUnit4TestReference.run(JUnit4TestReference.java:93) [.cp/:?]
	at org.eclipse.jdt.internal.junit.runner.TestExecution.run(TestExecution.java:40) [.cp/:?]
	at org.eclipse.jdt.internal.junit.runner.RemoteTestRunner.runTests(RemoteTestRunner.java:530) [.cp/:?]
	at org.eclipse.jdt.internal.junit.runner.RemoteTestRunner.runTests(RemoteTestRunner.java:758) [.cp/:?]
	at org.eclipse.jdt.internal.junit.runner.RemoteTestRunner.run(RemoteTestRunner.java:453) [.cp/:?]
	at org.eclipse.jdt.internal.junit.runner.RemoteTestRunner.main(RemoteTestRunner.java:211) [.cp/:?]
2025-12-30 00:01:03 INFO  === END   tests.productCardsTests.RatingMatchesReviewsTests.reviewsShouldMatchRating[Exp#11 [f1=2, f2=1, f3=2, f4=1, f5=1, f6=3, f7=3, f8=2]] ===
2025-12-30 00:01:03 INFO  === START tests.productCardsTests.RatingMatchesReviewsTests.numberOfReviewsShouldMatch[Exp#11 [f1=2, f2=1, f3=2, f4=1, f5=1, f6=3, f7=3, f8=2]] ===
2025-12-30 00:01:03 INFO  STEP: ♻️ Using existing results for same input.
2025-12-30 00:01:03 INFO  STEP: === CARD 1 ===
2025-12-30 00:01:03 INFO  STEP: Toggle Reviews
2025-12-30 00:01:03 INFO  STEP: Is reviwes window open?: true
2025-12-30 00:01:04 INFO  STEP: #1 review_count:4 actual_count: 4
2025-12-30 00:01:04 INFO  STEP: === CARD 2 ===
2025-12-30 00:01:04 INFO  STEP: Toggle Reviews
2025-12-30 00:01:04 INFO  STEP: Is reviwes window open?: true
2025-12-30 00:01:05 INFO  STEP: #2 review_count:4 actual_count: 4
2025-12-30 00:01:05 INFO  STEP: === CARD 3 ===
2025-12-30 00:01:05 INFO  STEP: Toggle Reviews
2025-12-30 00:01:05 INFO  STEP: Is reviwes window open?: true
2025-12-30 00:01:05 INFO  STEP: #3 review_count:4 actual_count: 4
2025-12-30 00:01:05 INFO  STEP: === CARD 4 ===
2025-12-30 00:01:05 INFO  STEP: Toggle Reviews
2025-12-30 00:01:06 INFO  STEP: Is reviwes window open?: true
2025-12-30 00:01:06 INFO  STEP: #4 review_count:4 actual_count: 4
2025-12-30 00:01:06 INFO  STEP: === CARD 5 ===
2025-12-30 00:01:06 INFO  STEP: Toggle Reviews
2025-12-30 00:01:06 INFO  STEP: Is reviwes window open?: true
2025-12-30 00:01:07 INFO  STEP: #5 review_count:4 actual_count: 4
2025-12-30 00:01:07 INFO  STEP PASS: number of reviews should match review count
2025-12-30 00:01:07 INFO  === PASS  tests.productCardsTests.RatingMatchesReviewsTests.numberOfReviewsShouldMatch[Exp#11 [f1=2, f2=1, f3=2, f4=1, f5=1, f6=3, f7=3, f8=2]] ===
2025-12-30 00:01:07 INFO  === END   tests.productCardsTests.RatingMatchesReviewsTests.numberOfReviewsShouldMatch[Exp#11 [f1=2, f2=1, f3=2, f4=1, f5=1, f6=3, f7=3, f8=2]] ===
2025-12-30 00:01:07 INFO  === START tests.productCardsTests.RatingMatchesReviewsTests.reviewsShouldMatchRating[Exp#12 [f1=2, f2=1, f3=3, f4=2, f5=2, f6=1, f7=1, f8=3]] ===
2025-12-30 00:01:07 INFO  STEP: 📝 New input: Filling form fields.
2025-12-30 00:01:13 INFO  STEP: === CARD 1 ===
2025-12-30 00:01:13 INFO  STEP: Toggle Reviews
2025-12-30 00:01:14 INFO  STEP: Is reviwes window open?: true
2025-12-30 00:01:14 INFO  STEP: Number of reviews: 4
2025-12-30 00:01:14 INFO  STEP: stars:5
2025-12-30 00:01:15 INFO  STEP: stars:5
2025-12-30 00:01:15 INFO  STEP: stars:4
2025-12-30 00:01:15 INFO  STEP: stars:1
2025-12-30 00:01:15 INFO  STEP: sum of stars:15
2025-12-30 00:01:15 INFO  STEP: #1 Product rating: 2.6 ||| Actual rating:3.0
2025-12-30 00:01:15 INFO  STEP: === CARD 2 ===
2025-12-30 00:01:15 INFO  STEP: Toggle Reviews
2025-12-30 00:01:16 INFO  STEP: Is reviwes window open?: true
2025-12-30 00:01:16 INFO  STEP: Number of reviews: 4
2025-12-30 00:01:17 INFO  STEP: stars:5
2025-12-30 00:01:17 INFO  STEP: stars:5
2025-12-30 00:01:17 INFO  STEP: stars:2
2025-12-30 00:01:17 INFO  STEP: stars:4
2025-12-30 00:01:17 INFO  STEP: sum of stars:16
2025-12-30 00:01:17 INFO  STEP: #2 Product rating: 4.7 ||| Actual rating:4.0
2025-12-30 00:01:17 INFO  STEP: === CARD 3 ===
2025-12-30 00:01:17 INFO  STEP: Toggle Reviews
2025-12-30 00:01:18 INFO  STEP: Is reviwes window open?: true
2025-12-30 00:01:18 INFO  STEP: Number of reviews: 4
2025-12-30 00:01:18 INFO  STEP: stars:5
2025-12-30 00:01:19 INFO  STEP: stars:4
2025-12-30 00:01:19 INFO  STEP: stars:4
2025-12-30 00:01:19 INFO  STEP: stars:4
2025-12-30 00:01:19 INFO  STEP: sum of stars:17
2025-12-30 00:01:19 INFO  STEP: #3 Product rating: 4.9 ||| Actual rating:4.0
2025-12-30 00:01:19 INFO  STEP: === CARD 4 ===
2025-12-30 00:01:19 INFO  STEP: Toggle Reviews
2025-12-30 00:01:20 INFO  STEP: Is reviwes window open?: true
2025-12-30 00:01:20 INFO  STEP: Number of reviews: 4
2025-12-30 00:01:21 INFO  STEP: stars:5
2025-12-30 00:01:21 INFO  STEP: stars:1
2025-12-30 00:01:21 INFO  STEP: stars:4
2025-12-30 00:01:21 INFO  STEP: stars:3
2025-12-30 00:01:21 INFO  STEP: sum of stars:13
2025-12-30 00:01:21 INFO  STEP: #4 Product rating: 4.0 ||| Actual rating:3.0
2025-12-30 00:01:21 INFO  STEP: === CARD 5 ===
2025-12-30 00:01:21 INFO  STEP: Toggle Reviews
2025-12-30 00:01:22 INFO  STEP: Is reviwes window open?: true
2025-12-30 00:01:22 INFO  STEP: Number of reviews: 4
2025-12-30 00:01:22 INFO  STEP: stars:5
2025-12-30 00:01:23 INFO  STEP: stars:4
2025-12-30 00:01:23 INFO  STEP: stars:5
2025-12-30 00:01:23 INFO  STEP: stars:1
2025-12-30 00:01:23 INFO  STEP: sum of stars:15
2025-12-30 00:01:23 INFO  STEP: #5 Product rating: 4.6 ||| Actual rating:3.0
2025-12-30 00:01:23 ERROR STEP FAIL: All reviews ratings should match the product rating
2025-12-30 00:01:23 ERROR === FAIL  tests.productCardsTests.RatingMatchesReviewsTests.reviewsShouldMatchRating[Exp#12 [f1=2, f2=1, f3=3, f4=2, f5=2, f6=1, f7=1, f8=3]] ===
java.lang.AssertionError: All reviews ratings should match the product rating
	at org.junit.Assert.fail(Assert.java:89) ~[junit-4.13.jar:4.13]
	at org.junit.Assert.assertTrue(Assert.java:42) ~[junit-4.13.jar:4.13]
	at tests.BaseTest.checkTrue(BaseTest.java:92) ~[test-classes/:?]
	at tests.productCardsTests.RatingMatchesReviewsTests.reviewsShouldMatchRating(RatingMatchesReviewsTests.java:80) ~[test-classes/:?]
	at jdk.internal.reflect.DirectMethodHandleAccessor.invoke(DirectMethodHandleAccessor.java:103) ~[?:?]
	at java.lang.reflect.Method.invoke(Method.java:580) ~[?:?]
	at org.junit.runners.model.FrameworkMethod$1.runReflectiveCall(FrameworkMethod.java:59) ~[junit-4.13.jar:4.13]
	at org.junit.internal.runners.model.ReflectiveCallable.run(ReflectiveCallable.java:12) ~[junit-4.13.jar:4.13]
	at org.junit.runners.model.FrameworkMethod.invokeExplosively(FrameworkMethod.java:56) ~[junit-4.13.jar:4.13]
	at org.junit.internal.runners.statements.InvokeMethod.evaluate(InvokeMethod.java:17) ~[junit-4.13.jar:4.13]
	at org.junit.internal.runners.statements.RunBefores.evaluate(RunBefores.java:26) ~[junit-4.13.jar:4.13]
	at org.junit.internal.runners.statements.RunAfters.evaluate(RunAfters.java:27) ~[junit-4.13.jar:4.13]
	at org.junit.rules.TestWatcher$1.evaluate(TestWatcher.java:61) [junit-4.13.jar:4.13]
	at org.junit.runners.ParentRunner$3.evaluate(ParentRunner.java:306) [junit-4.13.jar:4.13]
	at org.junit.runners.BlockJUnit4ClassRunner$1.evaluate(BlockJUnit4ClassRunner.java:100) [junit-4.13.jar:4.13]
	at org.junit.runners.ParentRunner.runLeaf(ParentRunner.java:366) [junit-4.13.jar:4.13]
	at org.junit.runners.BlockJUnit4ClassRunner.runChild(BlockJUnit4ClassRunner.java:103) [junit-4.13.jar:4.13]
	at org.junit.runners.BlockJUnit4ClassRunner.runChild(BlockJUnit4ClassRunner.java:63) [junit-4.13.jar:4.13]
	at org.junit.runners.ParentRunner$4.run(ParentRunner.java:331) [junit-4.13.jar:4.13]
	at org.junit.runners.ParentRunner$1.schedule(ParentRunner.java:79) [junit-4.13.jar:4.13]
	at org.junit.runners.ParentRunner.runChildren(ParentRunner.java:329) [junit-4.13.jar:4.13]
	at org.junit.runners.ParentRunner.access$100(ParentRunner.java:66) [junit-4.13.jar:4.13]
	at org.junit.runners.ParentRunner$2.evaluate(ParentRunner.java:293) [junit-4.13.jar:4.13]
	at org.junit.runners.ParentRunner.run(ParentRunner.java:413) [junit-4.13.jar:4.13]
	at org.junit.runners.Suite.runChild(Suite.java:128) [junit-4.13.jar:4.13]
	at org.junit.runners.Suite.runChild(Suite.java:27) [junit-4.13.jar:4.13]
	at org.junit.runners.ParentRunner$4.run(ParentRunner.java:331) [junit-4.13.jar:4.13]
	at org.junit.runners.ParentRunner$1.schedule(ParentRunner.java:79) [junit-4.13.jar:4.13]
	at org.junit.runners.ParentRunner.runChildren(ParentRunner.java:329) [junit-4.13.jar:4.13]
	at org.junit.runners.ParentRunner.access$100(ParentRunner.java:66) [junit-4.13.jar:4.13]
	at org.junit.runners.ParentRunner$2.evaluate(ParentRunner.java:293) [junit-4.13.jar:4.13]
	at org.junit.internal.runners.statements.RunAfters.evaluate(RunAfters.java:27) [junit-4.13.jar:4.13]
	at org.junit.runners.ParentRunner$3.evaluate(ParentRunner.java:306) [junit-4.13.jar:4.13]
	at org.junit.runners.ParentRunner.run(ParentRunner.java:413) [junit-4.13.jar:4.13]
	at org.eclipse.jdt.internal.junit4.runner.JUnit4TestReference.run(JUnit4TestReference.java:93) [.cp/:?]
	at org.eclipse.jdt.internal.junit.runner.TestExecution.run(TestExecution.java:40) [.cp/:?]
	at org.eclipse.jdt.internal.junit.runner.RemoteTestRunner.runTests(RemoteTestRunner.java:530) [.cp/:?]
	at org.eclipse.jdt.internal.junit.runner.RemoteTestRunner.runTests(RemoteTestRunner.java:758) [.cp/:?]
	at org.eclipse.jdt.internal.junit.runner.RemoteTestRunner.run(RemoteTestRunner.java:453) [.cp/:?]
	at org.eclipse.jdt.internal.junit.runner.RemoteTestRunner.main(RemoteTestRunner.java:211) [.cp/:?]
2025-12-30 00:01:23 INFO  === END   tests.productCardsTests.RatingMatchesReviewsTests.reviewsShouldMatchRating[Exp#12 [f1=2, f2=1, f3=3, f4=2, f5=2, f6=1, f7=1, f8=3]] ===
2025-12-30 00:01:23 INFO  === START tests.productCardsTests.RatingMatchesReviewsTests.numberOfReviewsShouldMatch[Exp#12 [f1=2, f2=1, f3=3, f4=2, f5=2, f6=1, f7=1, f8=3]] ===
2025-12-30 00:01:23 INFO  STEP: ♻️ Using existing results for same input.
2025-12-30 00:01:23 INFO  STEP: === CARD 1 ===
2025-12-30 00:01:23 INFO  STEP: Toggle Reviews
2025-12-30 00:01:23 INFO  STEP: Is reviwes window open?: true
2025-12-30 00:01:24 INFO  STEP: #1 review_count:4 actual_count: 4
2025-12-30 00:01:24 INFO  STEP: === CARD 2 ===
2025-12-30 00:01:24 INFO  STEP: Toggle Reviews
2025-12-30 00:01:24 INFO  STEP: Is reviwes window open?: true
2025-12-30 00:01:25 INFO  STEP: #2 review_count:4 actual_count: 4
2025-12-30 00:01:25 INFO  STEP: === CARD 3 ===
2025-12-30 00:01:25 INFO  STEP: Toggle Reviews
2025-12-30 00:01:25 INFO  STEP: Is reviwes window open?: true
2025-12-30 00:01:26 INFO  STEP: #3 review_count:4 actual_count: 4
2025-12-30 00:01:26 INFO  STEP: === CARD 4 ===
2025-12-30 00:01:26 INFO  STEP: Toggle Reviews
2025-12-30 00:01:26 INFO  STEP: Is reviwes window open?: true
2025-12-30 00:01:26 INFO  STEP: #4 review_count:4 actual_count: 4
2025-12-30 00:01:26 INFO  STEP: === CARD 5 ===
2025-12-30 00:01:27 INFO  STEP: Toggle Reviews
2025-12-30 00:01:27 INFO  STEP: Is reviwes window open?: true
2025-12-30 00:01:27 INFO  STEP: #5 review_count:4 actual_count: 4
2025-12-30 00:01:27 INFO  STEP PASS: number of reviews should match review count
2025-12-30 00:01:27 INFO  === PASS  tests.productCardsTests.RatingMatchesReviewsTests.numberOfReviewsShouldMatch[Exp#12 [f1=2, f2=1, f3=3, f4=2, f5=2, f6=1, f7=1, f8=3]] ===
2025-12-30 00:01:27 INFO  === END   tests.productCardsTests.RatingMatchesReviewsTests.numberOfReviewsShouldMatch[Exp#12 [f1=2, f2=1, f3=3, f4=2, f5=2, f6=1, f7=1, f8=3]] ===
2025-12-30 00:01:27 INFO  === START tests.productCardsTests.RatingMatchesReviewsTests.reviewsShouldMatchRating[Exp#13 [f1=2, f2=2, f3=1, f4=2, f5=3, f6=1, f7=3, f8=2]] ===
2025-12-30 00:01:27 INFO  STEP: 📝 New input: Filling form fields.
2025-12-30 00:01:33 INFO  STEP: === CARD 1 ===
2025-12-30 00:01:33 INFO  STEP: Toggle Reviews
2025-12-30 00:01:34 INFO  STEP: Is reviwes window open?: true
2025-12-30 00:01:34 INFO  STEP: Number of reviews: 4
2025-12-30 00:01:34 INFO  STEP: stars:5
2025-12-30 00:01:35 INFO  STEP: stars:5
2025-12-30 00:01:35 INFO  STEP: stars:4
2025-12-30 00:01:35 INFO  STEP: stars:1
2025-12-30 00:01:35 INFO  STEP: sum of stars:15
2025-12-30 00:01:35 INFO  STEP: #1 Product rating: 2.6 ||| Actual rating:3.0
2025-12-30 00:01:35 INFO  STEP: === CARD 2 ===
2025-12-30 00:01:35 INFO  STEP: Toggle Reviews
2025-12-30 00:01:36 INFO  STEP: Is reviwes window open?: true
2025-12-30 00:01:36 INFO  STEP: Number of reviews: 4
2025-12-30 00:01:36 INFO  STEP: stars:5
2025-12-30 00:01:37 INFO  STEP: stars:5
2025-12-30 00:01:37 INFO  STEP: stars:2
2025-12-30 00:01:37 INFO  STEP: stars:4
2025-12-30 00:01:37 INFO  STEP: sum of stars:16
2025-12-30 00:01:37 INFO  STEP: #2 Product rating: 4.7 ||| Actual rating:4.0
2025-12-30 00:01:37 INFO  STEP: === CARD 3 ===
2025-12-30 00:01:37 INFO  STEP: Toggle Reviews
2025-12-30 00:01:37 INFO  STEP: Is reviwes window open?: true
2025-12-30 00:01:38 INFO  STEP: Number of reviews: 4
2025-12-30 00:01:38 INFO  STEP: stars:5
2025-12-30 00:01:39 INFO  STEP: stars:4
2025-12-30 00:01:39 INFO  STEP: stars:4
2025-12-30 00:01:39 INFO  STEP: stars:4
2025-12-30 00:01:39 INFO  STEP: sum of stars:17
2025-12-30 00:01:39 INFO  STEP: #3 Product rating: 4.9 ||| Actual rating:4.0
2025-12-30 00:01:39 INFO  STEP: === CARD 4 ===
2025-12-30 00:01:39 INFO  STEP: Toggle Reviews
2025-12-30 00:01:40 INFO  STEP: Is reviwes window open?: true
2025-12-30 00:01:40 INFO  STEP: Number of reviews: 4
2025-12-30 00:01:41 INFO  STEP: stars:5
2025-12-30 00:01:41 INFO  STEP: stars:1
2025-12-30 00:01:41 INFO  STEP: stars:4
2025-12-30 00:01:41 INFO  STEP: stars:3
2025-12-30 00:01:41 INFO  STEP: sum of stars:13
2025-12-30 00:01:41 INFO  STEP: #4 Product rating: 4.0 ||| Actual rating:3.0
2025-12-30 00:01:41 INFO  STEP: === CARD 5 ===
2025-12-30 00:01:41 INFO  STEP: Toggle Reviews
2025-12-30 00:01:41 INFO  STEP: Is reviwes window open?: true
2025-12-30 00:01:41 INFO  STEP: Number of reviews: 4
2025-12-30 00:01:42 INFO  STEP: stars:5
2025-12-30 00:01:42 INFO  STEP: stars:4
2025-12-30 00:01:42 INFO  STEP: stars:5
2025-12-30 00:01:42 INFO  STEP: stars:1
2025-12-30 00:01:42 INFO  STEP: sum of stars:15
2025-12-30 00:01:42 INFO  STEP: #5 Product rating: 4.6 ||| Actual rating:3.0
2025-12-30 00:01:42 ERROR STEP FAIL: All reviews ratings should match the product rating
2025-12-30 00:01:42 ERROR === FAIL  tests.productCardsTests.RatingMatchesReviewsTests.reviewsShouldMatchRating[Exp#13 [f1=2, f2=2, f3=1, f4=2, f5=3, f6=1, f7=3, f8=2]] ===
java.lang.AssertionError: All reviews ratings should match the product rating
	at org.junit.Assert.fail(Assert.java:89) ~[junit-4.13.jar:4.13]
	at org.junit.Assert.assertTrue(Assert.java:42) ~[junit-4.13.jar:4.13]
	at tests.BaseTest.checkTrue(BaseTest.java:92) ~[test-classes/:?]
	at tests.productCardsTests.RatingMatchesReviewsTests.reviewsShouldMatchRating(RatingMatchesReviewsTests.java:80) ~[test-classes/:?]
	at jdk.internal.reflect.DirectMethodHandleAccessor.invoke(DirectMethodHandleAccessor.java:103) ~[?:?]
	at java.lang.reflect.Method.invoke(Method.java:580) ~[?:?]
	at org.junit.runners.model.FrameworkMethod$1.runReflectiveCall(FrameworkMethod.java:59) ~[junit-4.13.jar:4.13]
	at org.junit.internal.runners.model.ReflectiveCallable.run(ReflectiveCallable.java:12) ~[junit-4.13.jar:4.13]
	at org.junit.runners.model.FrameworkMethod.invokeExplosively(FrameworkMethod.java:56) ~[junit-4.13.jar:4.13]
	at org.junit.internal.runners.statements.InvokeMethod.evaluate(InvokeMethod.java:17) ~[junit-4.13.jar:4.13]
	at org.junit.internal.runners.statements.RunBefores.evaluate(RunBefores.java:26) ~[junit-4.13.jar:4.13]
	at org.junit.internal.runners.statements.RunAfters.evaluate(RunAfters.java:27) ~[junit-4.13.jar:4.13]
	at org.junit.rules.TestWatcher$1.evaluate(TestWatcher.java:61) [junit-4.13.jar:4.13]
	at org.junit.runners.ParentRunner$3.evaluate(ParentRunner.java:306) [junit-4.13.jar:4.13]
	at org.junit.runners.BlockJUnit4ClassRunner$1.evaluate(BlockJUnit4ClassRunner.java:100) [junit-4.13.jar:4.13]
	at org.junit.runners.ParentRunner.runLeaf(ParentRunner.java:366) [junit-4.13.jar:4.13]
	at org.junit.runners.BlockJUnit4ClassRunner.runChild(BlockJUnit4ClassRunner.java:103) [junit-4.13.jar:4.13]
	at org.junit.runners.BlockJUnit4ClassRunner.runChild(BlockJUnit4ClassRunner.java:63) [junit-4.13.jar:4.13]
	at org.junit.runners.ParentRunner$4.run(ParentRunner.java:331) [junit-4.13.jar:4.13]
	at org.junit.runners.ParentRunner$1.schedule(ParentRunner.java:79) [junit-4.13.jar:4.13]
	at org.junit.runners.ParentRunner.runChildren(ParentRunner.java:329) [junit-4.13.jar:4.13]
	at org.junit.runners.ParentRunner.access$100(ParentRunner.java:66) [junit-4.13.jar:4.13]
	at org.junit.runners.ParentRunner$2.evaluate(ParentRunner.java:293) [junit-4.13.jar:4.13]
	at org.junit.runners.ParentRunner.run(ParentRunner.java:413) [junit-4.13.jar:4.13]
	at org.junit.runners.Suite.runChild(Suite.java:128) [junit-4.13.jar:4.13]
	at org.junit.runners.Suite.runChild(Suite.java:27) [junit-4.13.jar:4.13]
	at org.junit.runners.ParentRunner$4.run(ParentRunner.java:331) [junit-4.13.jar:4.13]
	at org.junit.runners.ParentRunner$1.schedule(ParentRunner.java:79) [junit-4.13.jar:4.13]
	at org.junit.runners.ParentRunner.runChildren(ParentRunner.java:329) [junit-4.13.jar:4.13]
	at org.junit.runners.ParentRunner.access$100(ParentRunner.java:66) [junit-4.13.jar:4.13]
	at org.junit.runners.ParentRunner$2.evaluate(ParentRunner.java:293) [junit-4.13.jar:4.13]
	at org.junit.internal.runners.statements.RunAfters.evaluate(RunAfters.java:27) [junit-4.13.jar:4.13]
	at org.junit.runners.ParentRunner$3.evaluate(ParentRunner.java:306) [junit-4.13.jar:4.13]
	at org.junit.runners.ParentRunner.run(ParentRunner.java:413) [junit-4.13.jar:4.13]
	at org.eclipse.jdt.internal.junit4.runner.JUnit4TestReference.run(JUnit4TestReference.java:93) [.cp/:?]
	at org.eclipse.jdt.internal.junit.runner.TestExecution.run(TestExecution.java:40) [.cp/:?]
	at org.eclipse.jdt.internal.junit.runner.RemoteTestRunner.runTests(RemoteTestRunner.java:530) [.cp/:?]
	at org.eclipse.jdt.internal.junit.runner.RemoteTestRunner.runTests(RemoteTestRunner.java:758) [.cp/:?]
	at org.eclipse.jdt.internal.junit.runner.RemoteTestRunner.run(RemoteTestRunner.java:453) [.cp/:?]
	at org.eclipse.jdt.internal.junit.runner.RemoteTestRunner.main(RemoteTestRunner.java:211) [.cp/:?]
2025-12-30 00:01:42 INFO  === END   tests.productCardsTests.RatingMatchesReviewsTests.reviewsShouldMatchRating[Exp#13 [f1=2, f2=2, f3=1, f4=2, f5=3, f6=1, f7=3, f8=2]] ===
2025-12-30 00:01:42 INFO  === START tests.productCardsTests.RatingMatchesReviewsTests.numberOfReviewsShouldMatch[Exp#13 [f1=2, f2=2, f3=1, f4=2, f5=3, f6=1, f7=3, f8=2]] ===
2025-12-30 00:01:42 INFO  STEP: ♻️ Using existing results for same input.
2025-12-30 00:01:42 INFO  STEP: === CARD 1 ===
2025-12-30 00:01:42 INFO  STEP: Toggle Reviews
2025-12-30 00:01:42 INFO  STEP: Is reviwes window open?: true
2025-12-30 00:01:43 INFO  STEP: #1 review_count:4 actual_count: 4
2025-12-30 00:01:43 INFO  STEP: === CARD 2 ===
2025-12-30 00:01:43 INFO  STEP: Toggle Reviews
2025-12-30 00:01:43 INFO  STEP: Is reviwes window open?: true
2025-12-30 00:01:44 INFO  STEP: #2 review_count:4 actual_count: 4
2025-12-30 00:01:44 INFO  STEP: === CARD 3 ===
2025-12-30 00:01:44 INFO  STEP: Toggle Reviews
2025-12-30 00:01:44 INFO  STEP: Is reviwes window open?: true
2025-12-30 00:01:45 INFO  STEP: #3 review_count:4 actual_count: 4
2025-12-30 00:01:45 INFO  STEP: === CARD 4 ===
2025-12-30 00:01:45 INFO  STEP: Toggle Reviews
2025-12-30 00:01:45 INFO  STEP: Is reviwes window open?: true
2025-12-30 00:01:46 INFO  STEP: #4 review_count:4 actual_count: 4
2025-12-30 00:01:46 INFO  STEP: === CARD 5 ===
2025-12-30 00:01:46 INFO  STEP: Toggle Reviews
2025-12-30 00:01:46 INFO  STEP: Is reviwes window open?: true
2025-12-30 00:01:47 INFO  STEP: #5 review_count:4 actual_count: 4
2025-12-30 00:01:47 INFO  STEP PASS: number of reviews should match review count
2025-12-30 00:01:47 INFO  === PASS  tests.productCardsTests.RatingMatchesReviewsTests.numberOfReviewsShouldMatch[Exp#13 [f1=2, f2=2, f3=1, f4=2, f5=3, f6=1, f7=3, f8=2]] ===
2025-12-30 00:01:47 INFO  === END   tests.productCardsTests.RatingMatchesReviewsTests.numberOfReviewsShouldMatch[Exp#13 [f1=2, f2=2, f3=1, f4=2, f5=3, f6=1, f7=3, f8=2]] ===
2025-12-30 00:01:47 INFO  === START tests.productCardsTests.RatingMatchesReviewsTests.reviewsShouldMatchRating[Exp#14 [f1=2, f2=2, f3=2, f4=3, f5=1, f6=2, f7=1, f8=3]] ===
2025-12-30 00:01:47 INFO  STEP: 📝 New input: Filling form fields.
2025-12-30 00:01:52 INFO  STEP: === CARD 1 ===
2025-12-30 00:01:52 INFO  STEP: Toggle Reviews
2025-12-30 00:01:53 INFO  STEP: Is reviwes window open?: true
2025-12-30 00:01:53 INFO  STEP: Number of reviews: 4
2025-12-30 00:01:54 INFO  STEP: stars:5
2025-12-30 00:01:54 INFO  STEP: stars:4
2025-12-30 00:01:54 INFO  STEP: stars:3
2025-12-30 00:01:54 INFO  STEP: stars:4
2025-12-30 00:01:54 INFO  STEP: sum of stars:16
2025-12-30 00:01:54 INFO  STEP: #1 Product rating: 3.5 ||| Actual rating:4.0
2025-12-30 00:01:54 INFO  STEP: === CARD 2 ===
2025-12-30 00:01:54 INFO  STEP: Toggle Reviews
2025-12-30 00:01:55 INFO  STEP: Is reviwes window open?: true
2025-12-30 00:01:55 INFO  STEP: Number of reviews: 4
2025-12-30 00:01:55 INFO  STEP: stars:5
2025-12-30 00:01:56 INFO  STEP: stars:1
2025-12-30 00:01:56 INFO  STEP: stars:4
2025-12-30 00:01:56 INFO  STEP: stars:4
2025-12-30 00:01:56 INFO  STEP: sum of stars:14
2025-12-30 00:01:56 INFO  STEP: #2 Product rating: 3.3 ||| Actual rating:3.0
2025-12-30 00:01:56 INFO  STEP: === CARD 3 ===
2025-12-30 00:01:56 INFO  STEP: Toggle Reviews
2025-12-30 00:01:57 INFO  STEP: Is reviwes window open?: true
2025-12-30 00:01:57 INFO  STEP: Number of reviews: 4
2025-12-30 00:01:57 INFO  STEP: stars:5
2025-12-30 00:01:58 INFO  STEP: stars:2
2025-12-30 00:01:58 INFO  STEP: stars:5
2025-12-30 00:01:58 INFO  STEP: stars:4
2025-12-30 00:01:58 INFO  STEP: sum of stars:16
2025-12-30 00:01:58 INFO  STEP: #3 Product rating: 3.6 ||| Actual rating:4.0
2025-12-30 00:01:58 INFO  STEP: === CARD 4 ===
2025-12-30 00:01:58 INFO  STEP: Toggle Reviews
2025-12-30 00:01:58 INFO  STEP: Is reviwes window open?: true
2025-12-30 00:01:59 INFO  STEP: Number of reviews: 4
2025-12-30 00:01:59 INFO  STEP: stars:5
2025-12-30 00:02:00 INFO  STEP: stars:4
2025-12-30 00:02:00 INFO  STEP: stars:4
2025-12-30 00:02:00 INFO  STEP: stars:4
2025-12-30 00:02:00 INFO  STEP: sum of stars:17
2025-12-30 00:02:00 INFO  STEP: #4 Product rating: 4.4 ||| Actual rating:4.0
2025-12-30 00:02:00 INFO  STEP: === CARD 5 ===
2025-12-30 00:02:00 INFO  STEP: Toggle Reviews
2025-12-30 00:02:01 INFO  STEP: Is reviwes window open?: true
2025-12-30 00:02:01 INFO  STEP: Number of reviews: 4
2025-12-30 00:02:01 INFO  STEP: stars:5
2025-12-30 00:02:02 INFO  STEP: stars:4
2025-12-30 00:02:02 INFO  STEP: stars:5
2025-12-30 00:02:02 INFO  STEP: stars:2
2025-12-30 00:02:02 INFO  STEP: sum of stars:16
2025-12-30 00:02:02 INFO  STEP: #5 Product rating: 3.1 ||| Actual rating:4.0
2025-12-30 00:02:02 ERROR STEP FAIL: All reviews ratings should match the product rating
2025-12-30 00:02:02 ERROR === FAIL  tests.productCardsTests.RatingMatchesReviewsTests.reviewsShouldMatchRating[Exp#14 [f1=2, f2=2, f3=2, f4=3, f5=1, f6=2, f7=1, f8=3]] ===
java.lang.AssertionError: All reviews ratings should match the product rating
	at org.junit.Assert.fail(Assert.java:89) ~[junit-4.13.jar:4.13]
	at org.junit.Assert.assertTrue(Assert.java:42) ~[junit-4.13.jar:4.13]
	at tests.BaseTest.checkTrue(BaseTest.java:92) ~[test-classes/:?]
	at tests.productCardsTests.RatingMatchesReviewsTests.reviewsShouldMatchRating(RatingMatchesReviewsTests.java:80) ~[test-classes/:?]
	at jdk.internal.reflect.DirectMethodHandleAccessor.invoke(DirectMethodHandleAccessor.java:103) ~[?:?]
	at java.lang.reflect.Method.invoke(Method.java:580) ~[?:?]
	at org.junit.runners.model.FrameworkMethod$1.runReflectiveCall(FrameworkMethod.java:59) ~[junit-4.13.jar:4.13]
	at org.junit.internal.runners.model.ReflectiveCallable.run(ReflectiveCallable.java:12) ~[junit-4.13.jar:4.13]
	at org.junit.runners.model.FrameworkMethod.invokeExplosively(FrameworkMethod.java:56) ~[junit-4.13.jar:4.13]
	at org.junit.internal.runners.statements.InvokeMethod.evaluate(InvokeMethod.java:17) ~[junit-4.13.jar:4.13]
	at org.junit.internal.runners.statements.RunBefores.evaluate(RunBefores.java:26) ~[junit-4.13.jar:4.13]
	at org.junit.internal.runners.statements.RunAfters.evaluate(RunAfters.java:27) ~[junit-4.13.jar:4.13]
	at org.junit.rules.TestWatcher$1.evaluate(TestWatcher.java:61) [junit-4.13.jar:4.13]
	at org.junit.runners.ParentRunner$3.evaluate(ParentRunner.java:306) [junit-4.13.jar:4.13]
	at org.junit.runners.BlockJUnit4ClassRunner$1.evaluate(BlockJUnit4ClassRunner.java:100) [junit-4.13.jar:4.13]
	at org.junit.runners.ParentRunner.runLeaf(ParentRunner.java:366) [junit-4.13.jar:4.13]
	at org.junit.runners.BlockJUnit4ClassRunner.runChild(BlockJUnit4ClassRunner.java:103) [junit-4.13.jar:4.13]
	at org.junit.runners.BlockJUnit4ClassRunner.runChild(BlockJUnit4ClassRunner.java:63) [junit-4.13.jar:4.13]
	at org.junit.runners.ParentRunner$4.run(ParentRunner.java:331) [junit-4.13.jar:4.13]
	at org.junit.runners.ParentRunner$1.schedule(ParentRunner.java:79) [junit-4.13.jar:4.13]
	at org.junit.runners.ParentRunner.runChildren(ParentRunner.java:329) [junit-4.13.jar:4.13]
	at org.junit.runners.ParentRunner.access$100(ParentRunner.java:66) [junit-4.13.jar:4.13]
	at org.junit.runners.ParentRunner$2.evaluate(ParentRunner.java:293) [junit-4.13.jar:4.13]
	at org.junit.runners.ParentRunner.run(ParentRunner.java:413) [junit-4.13.jar:4.13]
	at org.junit.runners.Suite.runChild(Suite.java:128) [junit-4.13.jar:4.13]
	at org.junit.runners.Suite.runChild(Suite.java:27) [junit-4.13.jar:4.13]
	at org.junit.runners.ParentRunner$4.run(ParentRunner.java:331) [junit-4.13.jar:4.13]
	at org.junit.runners.ParentRunner$1.schedule(ParentRunner.java:79) [junit-4.13.jar:4.13]
	at org.junit.runners.ParentRunner.runChildren(ParentRunner.java:329) [junit-4.13.jar:4.13]
	at org.junit.runners.ParentRunner.access$100(ParentRunner.java:66) [junit-4.13.jar:4.13]
	at org.junit.runners.ParentRunner$2.evaluate(ParentRunner.java:293) [junit-4.13.jar:4.13]
	at org.junit.internal.runners.statements.RunAfters.evaluate(RunAfters.java:27) [junit-4.13.jar:4.13]
	at org.junit.runners.ParentRunner$3.evaluate(ParentRunner.java:306) [junit-4.13.jar:4.13]
	at org.junit.runners.ParentRunner.run(ParentRunner.java:413) [junit-4.13.jar:4.13]
	at org.eclipse.jdt.internal.junit4.runner.JUnit4TestReference.run(JUnit4TestReference.java:93) [.cp/:?]
	at org.eclipse.jdt.internal.junit.runner.TestExecution.run(TestExecution.java:40) [.cp/:?]
	at org.eclipse.jdt.internal.junit.runner.RemoteTestRunner.runTests(RemoteTestRunner.java:530) [.cp/:?]
	at org.eclipse.jdt.internal.junit.runner.RemoteTestRunner.runTests(RemoteTestRunner.java:758) [.cp/:?]
	at org.eclipse.jdt.internal.junit.runner.RemoteTestRunner.run(RemoteTestRunner.java:453) [.cp/:?]
	at org.eclipse.jdt.internal.junit.runner.RemoteTestRunner.main(RemoteTestRunner.java:211) [.cp/:?]
2025-12-30 00:02:02 INFO  === END   tests.productCardsTests.RatingMatchesReviewsTests.reviewsShouldMatchRating[Exp#14 [f1=2, f2=2, f3=2, f4=3, f5=1, f6=2, f7=1, f8=3]] ===
2025-12-30 00:02:02 INFO  === START tests.productCardsTests.RatingMatchesReviewsTests.numberOfReviewsShouldMatch[Exp#14 [f1=2, f2=2, f3=2, f4=3, f5=1, f6=2, f7=1, f8=3]] ===
2025-12-30 00:02:02 INFO  STEP: ♻️ Using existing results for same input.
2025-12-30 00:02:02 INFO  STEP: === CARD 1 ===
2025-12-30 00:02:02 INFO  STEP: Toggle Reviews
2025-12-30 00:02:02 INFO  STEP: Is reviwes window open?: true
2025-12-30 00:02:03 INFO  STEP: #1 review_count:4 actual_count: 4
2025-12-30 00:02:03 INFO  STEP: === CARD 2 ===
2025-12-30 00:02:03 INFO  STEP: Toggle Reviews
2025-12-30 00:02:03 INFO  STEP: Is reviwes window open?: true
2025-12-30 00:02:04 INFO  STEP: #2 review_count:4 actual_count: 4
2025-12-30 00:02:04 INFO  STEP: === CARD 3 ===
2025-12-30 00:02:04 INFO  STEP: Toggle Reviews
2025-12-30 00:02:04 INFO  STEP: Is reviwes window open?: true
2025-12-30 00:02:05 INFO  STEP: #3 review_count:4 actual_count: 4
2025-12-30 00:02:05 INFO  STEP: === CARD 4 ===
2025-12-30 00:02:05 INFO  STEP: Toggle Reviews
2025-12-30 00:02:05 INFO  STEP: Is reviwes window open?: true
2025-12-30 00:02:05 INFO  STEP: #4 review_count:4 actual_count: 4
2025-12-30 00:02:05 INFO  STEP: === CARD 5 ===
2025-12-30 00:02:05 INFO  STEP: Toggle Reviews
2025-12-30 00:02:06 INFO  STEP: Is reviwes window open?: true
2025-12-30 00:02:06 INFO  STEP: #5 review_count:4 actual_count: 4
2025-12-30 00:02:06 INFO  STEP PASS: number of reviews should match review count
2025-12-30 00:02:06 INFO  === PASS  tests.productCardsTests.RatingMatchesReviewsTests.numberOfReviewsShouldMatch[Exp#14 [f1=2, f2=2, f3=2, f4=3, f5=1, f6=2, f7=1, f8=3]] ===
2025-12-30 00:02:06 INFO  === END   tests.productCardsTests.RatingMatchesReviewsTests.numberOfReviewsShouldMatch[Exp#14 [f1=2, f2=2, f3=2, f4=3, f5=1, f6=2, f7=1, f8=3]] ===
2025-12-30 00:02:06 INFO  === START tests.productCardsTests.RatingMatchesReviewsTests.reviewsShouldMatchRating[Exp#15 [f1=2, f2=2, f3=3, f4=1, f5=2, f6=3, f7=2, f8=1]] ===
2025-12-30 00:02:06 INFO  STEP: 📝 New input: Filling form fields.
2025-12-30 00:02:12 INFO  STEP: === CARD 1 ===
2025-12-30 00:02:12 INFO  STEP: Toggle Reviews
2025-12-30 00:02:12 INFO  STEP: Is reviwes window open?: true
2025-12-30 00:02:13 INFO  STEP: Number of reviews: 4
2025-12-30 00:02:13 INFO  STEP: stars:5
2025-12-30 00:02:13 INFO  STEP: stars:4
2025-12-30 00:02:13 INFO  STEP: stars:2
2025-12-30 00:02:13 INFO  STEP: stars:3
2025-12-30 00:02:13 INFO  STEP: sum of stars:14
2025-12-30 00:02:13 INFO  STEP: #1 Product rating: 2.5 ||| Actual rating:3.0
2025-12-30 00:02:13 INFO  STEP: === CARD 2 ===
2025-12-30 00:02:14 INFO  STEP: Toggle Reviews
2025-12-30 00:02:14 INFO  STEP: Is reviwes window open?: true
2025-12-30 00:02:15 INFO  STEP: Number of reviews: 4
2025-12-30 00:02:15 INFO  STEP: stars:5
2025-12-30 00:02:15 INFO  STEP: stars:5
2025-12-30 00:02:15 INFO  STEP: stars:5
2025-12-30 00:02:15 INFO  STEP: stars:1
2025-12-30 00:02:15 INFO  STEP: sum of stars:16
2025-12-30 00:02:15 INFO  STEP: #2 Product rating: 4.9 ||| Actual rating:4.0
2025-12-30 00:02:15 INFO  STEP: === CARD 3 ===
2025-12-30 00:02:16 INFO  STEP: Toggle Reviews
2025-12-30 00:02:16 INFO  STEP: Is reviwes window open?: true
2025-12-30 00:02:17 INFO  STEP: Number of reviews: 4
2025-12-30 00:02:17 INFO  STEP: stars:5
2025-12-30 00:02:17 INFO  STEP: stars:5
2025-12-30 00:02:17 INFO  STEP: stars:1
2025-12-30 00:02:17 INFO  STEP: stars:1
2025-12-30 00:02:17 INFO  STEP: sum of stars:12
2025-12-30 00:02:17 INFO  STEP: #3 Product rating: 3.9 ||| Actual rating:3.0
2025-12-30 00:02:17 INFO  STEP: === CARD 4 ===
2025-12-30 00:02:18 INFO  STEP: Toggle Reviews
2025-12-30 00:02:18 INFO  STEP: Is reviwes window open?: true
2025-12-30 00:02:19 INFO  STEP: Number of reviews: 4
2025-12-30 00:02:19 INFO  STEP: stars:5
2025-12-30 00:02:19 INFO  STEP: stars:4
2025-12-30 00:02:19 INFO  STEP: stars:5
2025-12-30 00:02:19 INFO  STEP: stars:4
2025-12-30 00:02:19 INFO  STEP: sum of stars:18
2025-12-30 00:02:19 INFO  STEP: #4 Product rating: 4.0 ||| Actual rating:4.0
2025-12-30 00:02:19 INFO  STEP: === CARD 5 ===
2025-12-30 00:02:20 INFO  STEP: Toggle Reviews
2025-12-30 00:02:20 INFO  STEP: Is reviwes window open?: true
2025-12-30 00:02:21 INFO  STEP: Number of reviews: 4
2025-12-30 00:02:21 INFO  STEP: stars:5
2025-12-30 00:02:21 INFO  STEP: stars:4
2025-12-30 00:02:21 INFO  STEP: stars:5
2025-12-30 00:02:21 INFO  STEP: stars:4
2025-12-30 00:02:21 INFO  STEP: sum of stars:18
2025-12-30 00:02:21 INFO  STEP: #5 Product rating: 3.0 ||| Actual rating:4.0
2025-12-30 00:02:21 ERROR STEP FAIL: All reviews ratings should match the product rating
2025-12-30 00:02:21 ERROR === FAIL  tests.productCardsTests.RatingMatchesReviewsTests.reviewsShouldMatchRating[Exp#15 [f1=2, f2=2, f3=3, f4=1, f5=2, f6=3, f7=2, f8=1]] ===
java.lang.AssertionError: All reviews ratings should match the product rating
	at org.junit.Assert.fail(Assert.java:89) ~[junit-4.13.jar:4.13]
	at org.junit.Assert.assertTrue(Assert.java:42) ~[junit-4.13.jar:4.13]
	at tests.BaseTest.checkTrue(BaseTest.java:92) ~[test-classes/:?]
	at tests.productCardsTests.RatingMatchesReviewsTests.reviewsShouldMatchRating(RatingMatchesReviewsTests.java:80) ~[test-classes/:?]
	at jdk.internal.reflect.DirectMethodHandleAccessor.invoke(DirectMethodHandleAccessor.java:103) ~[?:?]
	at java.lang.reflect.Method.invoke(Method.java:580) ~[?:?]
	at org.junit.runners.model.FrameworkMethod$1.runReflectiveCall(FrameworkMethod.java:59) ~[junit-4.13.jar:4.13]
	at org.junit.internal.runners.model.ReflectiveCallable.run(ReflectiveCallable.java:12) ~[junit-4.13.jar:4.13]
	at org.junit.runners.model.FrameworkMethod.invokeExplosively(FrameworkMethod.java:56) ~[junit-4.13.jar:4.13]
	at org.junit.internal.runners.statements.InvokeMethod.evaluate(InvokeMethod.java:17) ~[junit-4.13.jar:4.13]
	at org.junit.internal.runners.statements.RunBefores.evaluate(RunBefores.java:26) ~[junit-4.13.jar:4.13]
	at org.junit.internal.runners.statements.RunAfters.evaluate(RunAfters.java:27) ~[junit-4.13.jar:4.13]
	at org.junit.rules.TestWatcher$1.evaluate(TestWatcher.java:61) [junit-4.13.jar:4.13]
	at org.junit.runners.ParentRunner$3.evaluate(ParentRunner.java:306) [junit-4.13.jar:4.13]
	at org.junit.runners.BlockJUnit4ClassRunner$1.evaluate(BlockJUnit4ClassRunner.java:100) [junit-4.13.jar:4.13]
	at org.junit.runners.ParentRunner.runLeaf(ParentRunner.java:366) [junit-4.13.jar:4.13]
	at org.junit.runners.BlockJUnit4ClassRunner.runChild(BlockJUnit4ClassRunner.java:103) [junit-4.13.jar:4.13]
	at org.junit.runners.BlockJUnit4ClassRunner.runChild(BlockJUnit4ClassRunner.java:63) [junit-4.13.jar:4.13]
	at org.junit.runners.ParentRunner$4.run(ParentRunner.java:331) [junit-4.13.jar:4.13]
	at org.junit.runners.ParentRunner$1.schedule(ParentRunner.java:79) [junit-4.13.jar:4.13]
	at org.junit.runners.ParentRunner.runChildren(ParentRunner.java:329) [junit-4.13.jar:4.13]
	at org.junit.runners.ParentRunner.access$100(ParentRunner.java:66) [junit-4.13.jar:4.13]
	at org.junit.runners.ParentRunner$2.evaluate(ParentRunner.java:293) [junit-4.13.jar:4.13]
	at org.junit.runners.ParentRunner.run(ParentRunner.java:413) [junit-4.13.jar:4.13]
	at org.junit.runners.Suite.runChild(Suite.java:128) [junit-4.13.jar:4.13]
	at org.junit.runners.Suite.runChild(Suite.java:27) [junit-4.13.jar:4.13]
	at org.junit.runners.ParentRunner$4.run(ParentRunner.java:331) [junit-4.13.jar:4.13]
	at org.junit.runners.ParentRunner$1.schedule(ParentRunner.java:79) [junit-4.13.jar:4.13]
	at org.junit.runners.ParentRunner.runChildren(ParentRunner.java:329) [junit-4.13.jar:4.13]
	at org.junit.runners.ParentRunner.access$100(ParentRunner.java:66) [junit-4.13.jar:4.13]
	at org.junit.runners.ParentRunner$2.evaluate(ParentRunner.java:293) [junit-4.13.jar:4.13]
	at org.junit.internal.runners.statements.RunAfters.evaluate(RunAfters.java:27) [junit-4.13.jar:4.13]
	at org.junit.runners.ParentRunner$3.evaluate(ParentRunner.java:306) [junit-4.13.jar:4.13]
	at org.junit.runners.ParentRunner.run(ParentRunner.java:413) [junit-4.13.jar:4.13]
	at org.eclipse.jdt.internal.junit4.runner.JUnit4TestReference.run(JUnit4TestReference.java:93) [.cp/:?]
	at org.eclipse.jdt.internal.junit.runner.TestExecution.run(TestExecution.java:40) [.cp/:?]
	at org.eclipse.jdt.internal.junit.runner.RemoteTestRunner.runTests(RemoteTestRunner.java:530) [.cp/:?]
	at org.eclipse.jdt.internal.junit.runner.RemoteTestRunner.runTests(RemoteTestRunner.java:758) [.cp/:?]
	at org.eclipse.jdt.internal.junit.runner.RemoteTestRunner.run(RemoteTestRunner.java:453) [.cp/:?]
	at org.eclipse.jdt.internal.junit.runner.RemoteTestRunner.main(RemoteTestRunner.java:211) [.cp/:?]
2025-12-30 00:02:21 INFO  === END   tests.productCardsTests.RatingMatchesReviewsTests.reviewsShouldMatchRating[Exp#15 [f1=2, f2=2, f3=3, f4=1, f5=2, f6=3, f7=2, f8=1]] ===
2025-12-30 00:02:21 INFO  === START tests.productCardsTests.RatingMatchesReviewsTests.numberOfReviewsShouldMatch[Exp#15 [f1=2, f2=2, f3=3, f4=1, f5=2, f6=3, f7=2, f8=1]] ===
2025-12-30 00:02:21 INFO  STEP: ♻️ Using existing results for same input.
2025-12-30 00:02:21 INFO  STEP: === CARD 1 ===
2025-12-30 00:02:22 INFO  STEP: Toggle Reviews
2025-12-30 00:02:22 INFO  STEP: Is reviwes window open?: true
2025-12-30 00:02:22 INFO  STEP: #1 review_count:4 actual_count: 4
2025-12-30 00:02:22 INFO  STEP: === CARD 2 ===
2025-12-30 00:02:22 INFO  STEP: Toggle Reviews
2025-12-30 00:02:22 INFO  STEP: Is reviwes window open?: true
2025-12-30 00:02:23 INFO  STEP: #2 review_count:4 actual_count: 4
2025-12-30 00:02:23 INFO  STEP: === CARD 3 ===
2025-12-30 00:02:23 INFO  STEP: Toggle Reviews
2025-12-30 00:02:23 INFO  STEP: Is reviwes window open?: true
2025-12-30 00:02:24 INFO  STEP: #3 review_count:4 actual_count: 4
2025-12-30 00:02:24 INFO  STEP: === CARD 4 ===
2025-12-30 00:02:24 INFO  STEP: Toggle Reviews
2025-12-30 00:02:24 INFO  STEP: Is reviwes window open?: true
2025-12-30 00:02:25 INFO  STEP: #4 review_count:4 actual_count: 4
2025-12-30 00:02:25 INFO  STEP: === CARD 5 ===
2025-12-30 00:02:25 INFO  STEP: Toggle Reviews
2025-12-30 00:02:25 INFO  STEP: Is reviwes window open?: true
2025-12-30 00:02:26 INFO  STEP: #5 review_count:4 actual_count: 4
2025-12-30 00:02:26 INFO  STEP PASS: number of reviews should match review count
2025-12-30 00:02:26 INFO  === PASS  tests.productCardsTests.RatingMatchesReviewsTests.numberOfReviewsShouldMatch[Exp#15 [f1=2, f2=2, f3=3, f4=1, f5=2, f6=3, f7=2, f8=1]] ===
2025-12-30 00:02:26 INFO  === END   tests.productCardsTests.RatingMatchesReviewsTests.numberOfReviewsShouldMatch[Exp#15 [f1=2, f2=2, f3=3, f4=1, f5=2, f6=3, f7=2, f8=1]] ===
2025-12-30 00:02:26 INFO  === START tests.productCardsTests.RatingMatchesReviewsTests.reviewsShouldMatchRating[Exp#16 [f1=2, f2=3, f3=1, f4=3, f5=2, f6=3, f7=1, f8=2]] ===
2025-12-30 00:02:26 INFO  STEP: 📝 New input: Filling form fields.
2025-12-30 00:02:31 INFO  STEP: === CARD 1 ===
2025-12-30 00:02:32 INFO  STEP: Toggle Reviews
2025-12-30 00:02:32 INFO  STEP: Is reviwes window open?: true
2025-12-30 00:02:33 INFO  STEP: Number of reviews: 4
2025-12-30 00:02:33 INFO  STEP: stars:5
2025-12-30 00:02:33 INFO  STEP: stars:5
2025-12-30 00:02:33 INFO  STEP: stars:1
2025-12-30 00:02:33 INFO  STEP: stars:5
2025-12-30 00:02:33 INFO  STEP: sum of stars:16
2025-12-30 00:02:33 INFO  STEP: #1 Product rating: 2.8 ||| Actual rating:4.0
2025-12-30 00:02:33 INFO  STEP: === CARD 2 ===
2025-12-30 00:02:34 INFO  STEP: Toggle Reviews
2025-12-30 00:02:34 INFO  STEP: Is reviwes window open?: true
2025-12-30 00:02:35 INFO  STEP: Number of reviews: 4
2025-12-30 00:02:35 INFO  STEP: stars:5
2025-12-30 00:02:35 INFO  STEP: stars:4
2025-12-30 00:02:35 INFO  STEP: stars:5
2025-12-30 00:02:35 INFO  STEP: stars:2
2025-12-30 00:02:35 INFO  STEP: sum of stars:16
2025-12-30 00:02:35 INFO  STEP: #2 Product rating: 3.9 ||| Actual rating:4.0
2025-12-30 00:02:35 INFO  STEP: === CARD 3 ===
2025-12-30 00:02:35 INFO  STEP: Toggle Reviews
2025-12-30 00:02:36 INFO  STEP: Is reviwes window open?: true
2025-12-30 00:02:36 INFO  STEP: Number of reviews: 4
2025-12-30 00:02:37 INFO  STEP: stars:5
2025-12-30 00:02:37 INFO  STEP: stars:3
2025-12-30 00:02:37 INFO  STEP: stars:4
2025-12-30 00:02:37 INFO  STEP: stars:5
2025-12-30 00:02:37 INFO  STEP: sum of stars:17
2025-12-30 00:02:37 INFO  STEP: #3 Product rating: 3.4 ||| Actual rating:4.0
2025-12-30 00:02:37 INFO  STEP: === CARD 4 ===
2025-12-30 00:02:37 INFO  STEP: Toggle Reviews
2025-12-30 00:02:38 INFO  STEP: Is reviwes window open?: true
2025-12-30 00:02:38 INFO  STEP: Number of reviews: 4
2025-12-30 00:02:39 INFO  STEP: stars:5
2025-12-30 00:02:39 INFO  STEP: stars:4
2025-12-30 00:02:39 INFO  STEP: stars:5
2025-12-30 00:02:39 INFO  STEP: stars:2
2025-12-30 00:02:39 INFO  STEP: sum of stars:16
2025-12-30 00:02:39 INFO  STEP: #4 Product rating: 2.5 ||| Actual rating:4.0
2025-12-30 00:02:39 INFO  STEP: === CARD 5 ===
2025-12-30 00:02:39 INFO  STEP: Toggle Reviews
2025-12-30 00:02:40 INFO  STEP: Is reviwes window open?: true
2025-12-30 00:02:40 INFO  STEP: Number of reviews: 4
2025-12-30 00:02:40 INFO  STEP: stars:5
2025-12-30 00:02:41 INFO  STEP: stars:5
2025-12-30 00:02:41 INFO  STEP: stars:3
2025-12-30 00:02:41 INFO  STEP: stars:5
2025-12-30 00:02:41 INFO  STEP: sum of stars:18
2025-12-30 00:02:41 INFO  STEP: #5 Product rating: 4.1 ||| Actual rating:4.0
2025-12-30 00:02:41 ERROR STEP FAIL: All reviews ratings should match the product rating
2025-12-30 00:02:41 ERROR === FAIL  tests.productCardsTests.RatingMatchesReviewsTests.reviewsShouldMatchRating[Exp#16 [f1=2, f2=3, f3=1, f4=3, f5=2, f6=3, f7=1, f8=2]] ===
java.lang.AssertionError: All reviews ratings should match the product rating
	at org.junit.Assert.fail(Assert.java:89) ~[junit-4.13.jar:4.13]
	at org.junit.Assert.assertTrue(Assert.java:42) ~[junit-4.13.jar:4.13]
	at tests.BaseTest.checkTrue(BaseTest.java:92) ~[test-classes/:?]
	at tests.productCardsTests.RatingMatchesReviewsTests.reviewsShouldMatchRating(RatingMatchesReviewsTests.java:80) ~[test-classes/:?]
	at jdk.internal.reflect.DirectMethodHandleAccessor.invoke(DirectMethodHandleAccessor.java:103) ~[?:?]
	at java.lang.reflect.Method.invoke(Method.java:580) ~[?:?]
	at org.junit.runners.model.FrameworkMethod$1.runReflectiveCall(FrameworkMethod.java:59) ~[junit-4.13.jar:4.13]
	at org.junit.internal.runners.model.ReflectiveCallable.run(ReflectiveCallable.java:12) ~[junit-4.13.jar:4.13]
	at org.junit.runners.model.FrameworkMethod.invokeExplosively(FrameworkMethod.java:56) ~[junit-4.13.jar:4.13]
	at org.junit.internal.runners.statements.InvokeMethod.evaluate(InvokeMethod.java:17) ~[junit-4.13.jar:4.13]
	at org.junit.internal.runners.statements.RunBefores.evaluate(RunBefores.java:26) ~[junit-4.13.jar:4.13]
	at org.junit.internal.runners.statements.RunAfters.evaluate(RunAfters.java:27) ~[junit-4.13.jar:4.13]
	at org.junit.rules.TestWatcher$1.evaluate(TestWatcher.java:61) [junit-4.13.jar:4.13]
	at org.junit.runners.ParentRunner$3.evaluate(ParentRunner.java:306) [junit-4.13.jar:4.13]
	at org.junit.runners.BlockJUnit4ClassRunner$1.evaluate(BlockJUnit4ClassRunner.java:100) [junit-4.13.jar:4.13]
	at org.junit.runners.ParentRunner.runLeaf(ParentRunner.java:366) [junit-4.13.jar:4.13]
	at org.junit.runners.BlockJUnit4ClassRunner.runChild(BlockJUnit4ClassRunner.java:103) [junit-4.13.jar:4.13]
	at org.junit.runners.BlockJUnit4ClassRunner.runChild(BlockJUnit4ClassRunner.java:63) [junit-4.13.jar:4.13]
	at org.junit.runners.ParentRunner$4.run(ParentRunner.java:331) [junit-4.13.jar:4.13]
	at org.junit.runners.ParentRunner$1.schedule(ParentRunner.java:79) [junit-4.13.jar:4.13]
	at org.junit.runners.ParentRunner.runChildren(ParentRunner.java:329) [junit-4.13.jar:4.13]
	at org.junit.runners.ParentRunner.access$100(ParentRunner.java:66) [junit-4.13.jar:4.13]
	at org.junit.runners.ParentRunner$2.evaluate(ParentRunner.java:293) [junit-4.13.jar:4.13]
	at org.junit.runners.ParentRunner.run(ParentRunner.java:413) [junit-4.13.jar:4.13]
	at org.junit.runners.Suite.runChild(Suite.java:128) [junit-4.13.jar:4.13]
	at org.junit.runners.Suite.runChild(Suite.java:27) [junit-4.13.jar:4.13]
	at org.junit.runners.ParentRunner$4.run(ParentRunner.java:331) [junit-4.13.jar:4.13]
	at org.junit.runners.ParentRunner$1.schedule(ParentRunner.java:79) [junit-4.13.jar:4.13]
	at org.junit.runners.ParentRunner.runChildren(ParentRunner.java:329) [junit-4.13.jar:4.13]
	at org.junit.runners.ParentRunner.access$100(ParentRunner.java:66) [junit-4.13.jar:4.13]
	at org.junit.runners.ParentRunner$2.evaluate(ParentRunner.java:293) [junit-4.13.jar:4.13]
	at org.junit.internal.runners.statements.RunAfters.evaluate(RunAfters.java:27) [junit-4.13.jar:4.13]
	at org.junit.runners.ParentRunner$3.evaluate(ParentRunner.java:306) [junit-4.13.jar:4.13]
	at org.junit.runners.ParentRunner.run(ParentRunner.java:413) [junit-4.13.jar:4.13]
	at org.eclipse.jdt.internal.junit4.runner.JUnit4TestReference.run(JUnit4TestReference.java:93) [.cp/:?]
	at org.eclipse.jdt.internal.junit.runner.TestExecution.run(TestExecution.java:40) [.cp/:?]
	at org.eclipse.jdt.internal.junit.runner.RemoteTestRunner.runTests(RemoteTestRunner.java:530) [.cp/:?]
	at org.eclipse.jdt.internal.junit.runner.RemoteTestRunner.runTests(RemoteTestRunner.java:758) [.cp/:?]
	at org.eclipse.jdt.internal.junit.runner.RemoteTestRunner.run(RemoteTestRunner.java:453) [.cp/:?]
	at org.eclipse.jdt.internal.junit.runner.RemoteTestRunner.main(RemoteTestRunner.java:211) [.cp/:?]
2025-12-30 00:02:41 INFO  === END   tests.productCardsTests.RatingMatchesReviewsTests.reviewsShouldMatchRating[Exp#16 [f1=2, f2=3, f3=1, f4=3, f5=2, f6=3, f7=1, f8=2]] ===
2025-12-30 00:02:41 INFO  === START tests.productCardsTests.RatingMatchesReviewsTests.numberOfReviewsShouldMatch[Exp#16 [f1=2, f2=3, f3=1, f4=3, f5=2, f6=3, f7=1, f8=2]] ===
2025-12-30 00:02:41 INFO  STEP: ♻️ Using existing results for same input.
2025-12-30 00:02:41 INFO  STEP: === CARD 1 ===
2025-12-30 00:02:41 INFO  STEP: Toggle Reviews
2025-12-30 00:02:41 INFO  STEP: Is reviwes window open?: true
2025-12-30 00:02:42 INFO  STEP: #1 review_count:4 actual_count: 4
2025-12-30 00:02:42 INFO  STEP: === CARD 2 ===
2025-12-30 00:02:42 INFO  STEP: Toggle Reviews
2025-12-30 00:02:42 INFO  STEP: Is reviwes window open?: true
2025-12-30 00:02:43 INFO  STEP: #2 review_count:4 actual_count: 4
2025-12-30 00:02:43 INFO  STEP: === CARD 3 ===
2025-12-30 00:02:43 INFO  STEP: Toggle Reviews
2025-12-30 00:02:43 INFO  STEP: Is reviwes window open?: true
2025-12-30 00:02:44 INFO  STEP: #3 review_count:4 actual_count: 4
2025-12-30 00:02:44 INFO  STEP: === CARD 4 ===
2025-12-30 00:02:44 INFO  STEP: Toggle Reviews
2025-12-30 00:02:44 INFO  STEP: Is reviwes window open?: true
2025-12-30 00:02:44 INFO  STEP: #4 review_count:4 actual_count: 4
2025-12-30 00:02:44 INFO  STEP: === CARD 5 ===
2025-12-30 00:02:45 INFO  STEP: Toggle Reviews
2025-12-30 00:02:45 INFO  STEP: Is reviwes window open?: true
2025-12-30 00:02:45 INFO  STEP: #5 review_count:4 actual_count: 4
2025-12-30 00:02:45 INFO  STEP PASS: number of reviews should match review count
2025-12-30 00:02:45 INFO  === PASS  tests.productCardsTests.RatingMatchesReviewsTests.numberOfReviewsShouldMatch[Exp#16 [f1=2, f2=3, f3=1, f4=3, f5=2, f6=3, f7=1, f8=2]] ===
2025-12-30 00:02:45 INFO  === END   tests.productCardsTests.RatingMatchesReviewsTests.numberOfReviewsShouldMatch[Exp#16 [f1=2, f2=3, f3=1, f4=3, f5=2, f6=3, f7=1, f8=2]] ===
2025-12-30 00:02:45 INFO  === START tests.productCardsTests.RatingMatchesReviewsTests.reviewsShouldMatchRating[Exp#17 [f1=2, f2=3, f3=2, f4=1, f5=3, f6=1, f7=2, f8=3]] ===
2025-12-30 00:02:45 INFO  STEP: 📝 New input: Filling form fields.
2025-12-30 00:02:50 INFO  STEP: === CARD 1 ===
2025-12-30 00:02:51 INFO  STEP: Toggle Reviews
2025-12-30 00:02:51 INFO  STEP: Is reviwes window open?: true
2025-12-30 00:02:52 INFO  STEP: Number of reviews: 4
2025-12-30 00:02:52 INFO  STEP: stars:5
2025-12-30 00:02:52 INFO  STEP: stars:1
2025-12-30 00:02:52 INFO  STEP: stars:2
2025-12-30 00:02:52 INFO  STEP: stars:4
2025-12-30 00:02:52 INFO  STEP: sum of stars:12
2025-12-30 00:02:52 INFO  STEP: #1 Product rating: 3.7 ||| Actual rating:3.0
2025-12-30 00:02:52 INFO  STEP: === CARD 2 ===
2025-12-30 00:02:53 INFO  STEP: Toggle Reviews
2025-12-30 00:02:53 INFO  STEP: Is reviwes window open?: true
2025-12-30 00:02:54 INFO  STEP: Number of reviews: 4
2025-12-30 00:02:54 INFO  STEP: stars:5
2025-12-30 00:02:54 INFO  STEP: stars:1
2025-12-30 00:02:54 INFO  STEP: stars:2
2025-12-30 00:02:54 INFO  STEP: stars:4
2025-12-30 00:02:54 INFO  STEP: sum of stars:12
2025-12-30 00:02:54 INFO  STEP: #2 Product rating: 3.7 ||| Actual rating:3.0
2025-12-30 00:02:54 INFO  STEP: === CARD 3 ===
2025-12-30 00:02:55 INFO  STEP: Toggle Reviews
2025-12-30 00:02:55 INFO  STEP: Is reviwes window open?: true
2025-12-30 00:02:55 INFO  STEP: Number of reviews: 4
2025-12-30 00:02:56 INFO  STEP: stars:5
2025-12-30 00:02:56 INFO  STEP: stars:4
2025-12-30 00:02:56 INFO  STEP: stars:5
2025-12-30 00:02:56 INFO  STEP: stars:4
2025-12-30 00:02:56 INFO  STEP: sum of stars:18
2025-12-30 00:02:56 INFO  STEP: #3 Product rating: 3.2 ||| Actual rating:4.0
2025-12-30 00:02:56 INFO  STEP: === CARD 4 ===
2025-12-30 00:02:56 INFO  STEP: Toggle Reviews
2025-12-30 00:02:57 INFO  STEP: Is reviwes window open?: true
2025-12-30 00:02:57 INFO  STEP: Number of reviews: 4
2025-12-30 00:02:58 INFO  STEP: stars:5
2025-12-30 00:02:58 INFO  STEP: stars:5
2025-12-30 00:02:58 INFO  STEP: stars:2
2025-12-30 00:02:58 INFO  STEP: stars:2
2025-12-30 00:02:58 INFO  STEP: sum of stars:14
2025-12-30 00:02:58 INFO  STEP: #4 Product rating: 4.7 ||| Actual rating:3.0
2025-12-30 00:02:58 ERROR STEP FAIL: All reviews ratings should match the product rating
2025-12-30 00:02:58 ERROR === FAIL  tests.productCardsTests.RatingMatchesReviewsTests.reviewsShouldMatchRating[Exp#17 [f1=2, f2=3, f3=2, f4=1, f5=3, f6=1, f7=2, f8=3]] ===
java.lang.AssertionError: All reviews ratings should match the product rating
	at org.junit.Assert.fail(Assert.java:89) ~[junit-4.13.jar:4.13]
	at org.junit.Assert.assertTrue(Assert.java:42) ~[junit-4.13.jar:4.13]
	at tests.BaseTest.checkTrue(BaseTest.java:92) ~[test-classes/:?]
	at tests.productCardsTests.RatingMatchesReviewsTests.reviewsShouldMatchRating(RatingMatchesReviewsTests.java:80) ~[test-classes/:?]
	at jdk.internal.reflect.DirectMethodHandleAccessor.invoke(DirectMethodHandleAccessor.java:103) ~[?:?]
	at java.lang.reflect.Method.invoke(Method.java:580) ~[?:?]
	at org.junit.runners.model.FrameworkMethod$1.runReflectiveCall(FrameworkMethod.java:59) ~[junit-4.13.jar:4.13]
	at org.junit.internal.runners.model.ReflectiveCallable.run(ReflectiveCallable.java:12) ~[junit-4.13.jar:4.13]
	at org.junit.runners.model.FrameworkMethod.invokeExplosively(FrameworkMethod.java:56) ~[junit-4.13.jar:4.13]
	at org.junit.internal.runners.statements.InvokeMethod.evaluate(InvokeMethod.java:17) ~[junit-4.13.jar:4.13]
	at org.junit.internal.runners.statements.RunBefores.evaluate(RunBefores.java:26) ~[junit-4.13.jar:4.13]
	at org.junit.internal.runners.statements.RunAfters.evaluate(RunAfters.java:27) ~[junit-4.13.jar:4.13]
	at org.junit.rules.TestWatcher$1.evaluate(TestWatcher.java:61) [junit-4.13.jar:4.13]
	at org.junit.runners.ParentRunner$3.evaluate(ParentRunner.java:306) [junit-4.13.jar:4.13]
	at org.junit.runners.BlockJUnit4ClassRunner$1.evaluate(BlockJUnit4ClassRunner.java:100) [junit-4.13.jar:4.13]
	at org.junit.runners.ParentRunner.runLeaf(ParentRunner.java:366) [junit-4.13.jar:4.13]
	at org.junit.runners.BlockJUnit4ClassRunner.runChild(BlockJUnit4ClassRunner.java:103) [junit-4.13.jar:4.13]
	at org.junit.runners.BlockJUnit4ClassRunner.runChild(BlockJUnit4ClassRunner.java:63) [junit-4.13.jar:4.13]
	at org.junit.runners.ParentRunner$4.run(ParentRunner.java:331) [junit-4.13.jar:4.13]
	at org.junit.runners.ParentRunner$1.schedule(ParentRunner.java:79) [junit-4.13.jar:4.13]
	at org.junit.runners.ParentRunner.runChildren(ParentRunner.java:329) [junit-4.13.jar:4.13]
	at org.junit.runners.ParentRunner.access$100(ParentRunner.java:66) [junit-4.13.jar:4.13]
	at org.junit.runners.ParentRunner$2.evaluate(ParentRunner.java:293) [junit-4.13.jar:4.13]
	at org.junit.runners.ParentRunner.run(ParentRunner.java:413) [junit-4.13.jar:4.13]
	at org.junit.runners.Suite.runChild(Suite.java:128) [junit-4.13.jar:4.13]
	at org.junit.runners.Suite.runChild(Suite.java:27) [junit-4.13.jar:4.13]
	at org.junit.runners.ParentRunner$4.run(ParentRunner.java:331) [junit-4.13.jar:4.13]
	at org.junit.runners.ParentRunner$1.schedule(ParentRunner.java:79) [junit-4.13.jar:4.13]
	at org.junit.runners.ParentRunner.runChildren(ParentRunner.java:329) [junit-4.13.jar:4.13]
	at org.junit.runners.ParentRunner.access$100(ParentRunner.java:66) [junit-4.13.jar:4.13]
	at org.junit.runners.ParentRunner$2.evaluate(ParentRunner.java:293) [junit-4.13.jar:4.13]
	at org.junit.internal.runners.statements.RunAfters.evaluate(RunAfters.java:27) [junit-4.13.jar:4.13]
	at org.junit.runners.ParentRunner$3.evaluate(ParentRunner.java:306) [junit-4.13.jar:4.13]
	at org.junit.runners.ParentRunner.run(ParentRunner.java:413) [junit-4.13.jar:4.13]
	at org.eclipse.jdt.internal.junit4.runner.JUnit4TestReference.run(JUnit4TestReference.java:93) [.cp/:?]
	at org.eclipse.jdt.internal.junit.runner.TestExecution.run(TestExecution.java:40) [.cp/:?]
	at org.eclipse.jdt.internal.junit.runner.RemoteTestRunner.runTests(RemoteTestRunner.java:530) [.cp/:?]
	at org.eclipse.jdt.internal.junit.runner.RemoteTestRunner.runTests(RemoteTestRunner.java:758) [.cp/:?]
	at org.eclipse.jdt.internal.junit.runner.RemoteTestRunner.run(RemoteTestRunner.java:453) [.cp/:?]
	at org.eclipse.jdt.internal.junit.runner.RemoteTestRunner.main(RemoteTestRunner.java:211) [.cp/:?]
2025-12-30 00:02:58 INFO  === END   tests.productCardsTests.RatingMatchesReviewsTests.reviewsShouldMatchRating[Exp#17 [f1=2, f2=3, f3=2, f4=1, f5=3, f6=1, f7=2, f8=3]] ===
2025-12-30 00:02:58 INFO  === START tests.productCardsTests.RatingMatchesReviewsTests.numberOfReviewsShouldMatch[Exp#17 [f1=2, f2=3, f3=2, f4=1, f5=3, f6=1, f7=2, f8=3]] ===
2025-12-30 00:02:58 INFO  STEP: ♻️ Using existing results for same input.
2025-12-30 00:02:58 INFO  STEP: === CARD 1 ===
2025-12-30 00:02:58 INFO  STEP: Toggle Reviews
2025-12-30 00:02:58 INFO  STEP: Is reviwes window open?: true
2025-12-30 00:02:59 INFO  STEP: #1 review_count:4 actual_count: 4
2025-12-30 00:02:59 INFO  STEP: === CARD 2 ===
2025-12-30 00:02:59 INFO  STEP: Toggle Reviews
2025-12-30 00:02:59 INFO  STEP: Is reviwes window open?: true
2025-12-30 00:03:00 INFO  STEP: #2 review_count:4 actual_count: 4
2025-12-30 00:03:00 INFO  STEP: === CARD 3 ===
2025-12-30 00:03:00 INFO  STEP: Toggle Reviews
2025-12-30 00:03:00 INFO  STEP: Is reviwes window open?: true
2025-12-30 00:03:01 INFO  STEP: #3 review_count:4 actual_count: 4
2025-12-30 00:03:01 INFO  STEP: === CARD 4 ===
2025-12-30 00:03:01 INFO  STEP: Toggle Reviews
2025-12-30 00:03:01 INFO  STEP: Is reviwes window open?: true
2025-12-30 00:03:02 INFO  STEP: #4 review_count:4 actual_count: 4
2025-12-30 00:03:02 INFO  STEP PASS: number of reviews should match review count
2025-12-30 00:03:02 INFO  === PASS  tests.productCardsTests.RatingMatchesReviewsTests.numberOfReviewsShouldMatch[Exp#17 [f1=2, f2=3, f3=2, f4=1, f5=3, f6=1, f7=2, f8=3]] ===
2025-12-30 00:03:02 INFO  === END   tests.productCardsTests.RatingMatchesReviewsTests.numberOfReviewsShouldMatch[Exp#17 [f1=2, f2=3, f3=2, f4=1, f5=3, f6=1, f7=2, f8=3]] ===
2025-12-30 00:03:02 INFO  === START tests.productCardsTests.RatingMatchesReviewsTests.reviewsShouldMatchRating[Exp#18 [f1=2, f2=3, f3=3, f4=2, f5=1, f6=2, f7=3, f8=1]] ===
2025-12-30 00:03:02 INFO  STEP: 📝 New input: Filling form fields.
2025-12-30 00:03:07 INFO  STEP: === CARD 1 ===
2025-12-30 00:03:07 INFO  STEP: Toggle Reviews
2025-12-30 00:03:08 INFO  STEP: Is reviwes window open?: true
2025-12-30 00:03:08 INFO  STEP: Number of reviews: 4
2025-12-30 00:03:08 INFO  STEP: stars:5
2025-12-30 00:03:09 INFO  STEP: stars:5
2025-12-30 00:03:09 INFO  STEP: stars:1
2025-12-30 00:03:09 INFO  STEP: stars:5
2025-12-30 00:03:09 INFO  STEP: sum of stars:16
2025-12-30 00:03:09 INFO  STEP: #1 Product rating: 2.8 ||| Actual rating:4.0
2025-12-30 00:03:09 INFO  STEP: === CARD 2 ===
2025-12-30 00:03:09 INFO  STEP: Toggle Reviews
2025-12-30 00:03:09 INFO  STEP: Is reviwes window open?: true
2025-12-30 00:03:10 INFO  STEP: Number of reviews: 4
2025-12-30 00:03:10 INFO  STEP: stars:5
2025-12-30 00:03:10 INFO  STEP: stars:4
2025-12-30 00:03:11 INFO  STEP: stars:5
2025-12-30 00:03:11 INFO  STEP: stars:2
2025-12-30 00:03:11 INFO  STEP: sum of stars:16
2025-12-30 00:03:11 INFO  STEP: #2 Product rating: 3.9 ||| Actual rating:4.0
2025-12-30 00:03:11 INFO  STEP: === CARD 3 ===
2025-12-30 00:03:11 INFO  STEP: Toggle Reviews
2025-12-30 00:03:11 INFO  STEP: Is reviwes window open?: true
2025-12-30 00:03:12 INFO  STEP: Number of reviews: 4
2025-12-30 00:03:12 INFO  STEP: stars:5
2025-12-30 00:03:12 INFO  STEP: stars:3
2025-12-30 00:03:13 INFO  STEP: stars:4
2025-12-30 00:03:13 INFO  STEP: stars:5
2025-12-30 00:03:13 INFO  STEP: sum of stars:17
2025-12-30 00:03:13 INFO  STEP: #3 Product rating: 3.4 ||| Actual rating:4.0
2025-12-30 00:03:13 INFO  STEP: === CARD 4 ===
2025-12-30 00:03:13 INFO  STEP: Toggle Reviews
2025-12-30 00:03:13 INFO  STEP: Is reviwes window open?: true
2025-12-30 00:03:14 INFO  STEP: Number of reviews: 4
2025-12-30 00:03:14 INFO  STEP: stars:5
2025-12-30 00:03:14 INFO  STEP: stars:4
2025-12-30 00:03:14 INFO  STEP: stars:5
2025-12-30 00:03:15 INFO  STEP: stars:2
2025-12-30 00:03:15 INFO  STEP: sum of stars:16
2025-12-30 00:03:15 INFO  STEP: #4 Product rating: 2.5 ||| Actual rating:4.0
2025-12-30 00:03:15 INFO  STEP: === CARD 5 ===
2025-12-30 00:03:15 INFO  STEP: Toggle Reviews
2025-12-30 00:03:15 INFO  STEP: Is reviwes window open?: true
2025-12-30 00:03:16 INFO  STEP: Number of reviews: 4
2025-12-30 00:03:16 INFO  STEP: stars:5
2025-12-30 00:03:16 INFO  STEP: stars:5
2025-12-30 00:03:16 INFO  STEP: stars:3
2025-12-30 00:03:17 INFO  STEP: stars:5
2025-12-30 00:03:17 INFO  STEP: sum of stars:18
2025-12-30 00:03:17 INFO  STEP: #5 Product rating: 4.1 ||| Actual rating:4.0
2025-12-30 00:03:17 ERROR STEP FAIL: All reviews ratings should match the product rating
2025-12-30 00:03:17 ERROR === FAIL  tests.productCardsTests.RatingMatchesReviewsTests.reviewsShouldMatchRating[Exp#18 [f1=2, f2=3, f3=3, f4=2, f5=1, f6=2, f7=3, f8=1]] ===
java.lang.AssertionError: All reviews ratings should match the product rating
	at org.junit.Assert.fail(Assert.java:89) ~[junit-4.13.jar:4.13]
	at org.junit.Assert.assertTrue(Assert.java:42) ~[junit-4.13.jar:4.13]
	at tests.BaseTest.checkTrue(BaseTest.java:92) ~[test-classes/:?]
	at tests.productCardsTests.RatingMatchesReviewsTests.reviewsShouldMatchRating(RatingMatchesReviewsTests.java:80) ~[test-classes/:?]
	at jdk.internal.reflect.DirectMethodHandleAccessor.invoke(DirectMethodHandleAccessor.java:103) ~[?:?]
	at java.lang.reflect.Method.invoke(Method.java:580) ~[?:?]
	at org.junit.runners.model.FrameworkMethod$1.runReflectiveCall(FrameworkMethod.java:59) ~[junit-4.13.jar:4.13]
	at org.junit.internal.runners.model.ReflectiveCallable.run(ReflectiveCallable.java:12) ~[junit-4.13.jar:4.13]
	at org.junit.runners.model.FrameworkMethod.invokeExplosively(FrameworkMethod.java:56) ~[junit-4.13.jar:4.13]
	at org.junit.internal.runners.statements.InvokeMethod.evaluate(InvokeMethod.java:17) ~[junit-4.13.jar:4.13]
	at org.junit.internal.runners.statements.RunBefores.evaluate(RunBefores.java:26) ~[junit-4.13.jar:4.13]
	at org.junit.internal.runners.statements.RunAfters.evaluate(RunAfters.java:27) ~[junit-4.13.jar:4.13]
	at org.junit.rules.TestWatcher$1.evaluate(TestWatcher.java:61) [junit-4.13.jar:4.13]
	at org.junit.runners.ParentRunner$3.evaluate(ParentRunner.java:306) [junit-4.13.jar:4.13]
	at org.junit.runners.BlockJUnit4ClassRunner$1.evaluate(BlockJUnit4ClassRunner.java:100) [junit-4.13.jar:4.13]
	at org.junit.runners.ParentRunner.runLeaf(ParentRunner.java:366) [junit-4.13.jar:4.13]
	at org.junit.runners.BlockJUnit4ClassRunner.runChild(BlockJUnit4ClassRunner.java:103) [junit-4.13.jar:4.13]
	at org.junit.runners.BlockJUnit4ClassRunner.runChild(BlockJUnit4ClassRunner.java:63) [junit-4.13.jar:4.13]
	at org.junit.runners.ParentRunner$4.run(ParentRunner.java:331) [junit-4.13.jar:4.13]
	at org.junit.runners.ParentRunner$1.schedule(ParentRunner.java:79) [junit-4.13.jar:4.13]
	at org.junit.runners.ParentRunner.runChildren(ParentRunner.java:329) [junit-4.13.jar:4.13]
	at org.junit.runners.ParentRunner.access$100(ParentRunner.java:66) [junit-4.13.jar:4.13]
	at org.junit.runners.ParentRunner$2.evaluate(ParentRunner.java:293) [junit-4.13.jar:4.13]
	at org.junit.runners.ParentRunner.run(ParentRunner.java:413) [junit-4.13.jar:4.13]
	at org.junit.runners.Suite.runChild(Suite.java:128) [junit-4.13.jar:4.13]
	at org.junit.runners.Suite.runChild(Suite.java:27) [junit-4.13.jar:4.13]
	at org.junit.runners.ParentRunner$4.run(ParentRunner.java:331) [junit-4.13.jar:4.13]
	at org.junit.runners.ParentRunner$1.schedule(ParentRunner.java:79) [junit-4.13.jar:4.13]
	at org.junit.runners.ParentRunner.runChildren(ParentRunner.java:329) [junit-4.13.jar:4.13]
	at org.junit.runners.ParentRunner.access$100(ParentRunner.java:66) [junit-4.13.jar:4.13]
	at org.junit.runners.ParentRunner$2.evaluate(ParentRunner.java:293) [junit-4.13.jar:4.13]
	at org.junit.internal.runners.statements.RunAfters.evaluate(RunAfters.java:27) [junit-4.13.jar:4.13]
	at org.junit.runners.ParentRunner$3.evaluate(ParentRunner.java:306) [junit-4.13.jar:4.13]
	at org.junit.runners.ParentRunner.run(ParentRunner.java:413) [junit-4.13.jar:4.13]
	at org.eclipse.jdt.internal.junit4.runner.JUnit4TestReference.run(JUnit4TestReference.java:93) [.cp/:?]
	at org.eclipse.jdt.internal.junit.runner.TestExecution.run(TestExecution.java:40) [.cp/:?]
	at org.eclipse.jdt.internal.junit.runner.RemoteTestRunner.runTests(RemoteTestRunner.java:530) [.cp/:?]
	at org.eclipse.jdt.internal.junit.runner.RemoteTestRunner.runTests(RemoteTestRunner.java:758) [.cp/:?]
	at org.eclipse.jdt.internal.junit.runner.RemoteTestRunner.run(RemoteTestRunner.java:453) [.cp/:?]
	at org.eclipse.jdt.internal.junit.runner.RemoteTestRunner.main(RemoteTestRunner.java:211) [.cp/:?]
2025-12-30 00:03:17 INFO  === END   tests.productCardsTests.RatingMatchesReviewsTests.reviewsShouldMatchRating[Exp#18 [f1=2, f2=3, f3=3, f4=2, f5=1, f6=2, f7=3, f8=1]] ===
2025-12-30 00:03:17 INFO  === START tests.productCardsTests.RatingMatchesReviewsTests.numberOfReviewsShouldMatch[Exp#18 [f1=2, f2=3, f3=3, f4=2, f5=1, f6=2, f7=3, f8=1]] ===
2025-12-30 00:03:17 INFO  STEP: ♻️ Using existing results for same input.
2025-12-30 00:03:17 INFO  STEP: === CARD 1 ===
2025-12-30 00:03:17 INFO  STEP: Toggle Reviews
2025-12-30 00:03:17 INFO  STEP: Is reviwes window open?: true
2025-12-30 00:03:17 INFO  STEP: #1 review_count:4 actual_count: 4
2025-12-30 00:03:17 INFO  STEP: === CARD 2 ===
2025-12-30 00:03:17 INFO  STEP: Toggle Reviews
2025-12-30 00:03:18 INFO  STEP: Is reviwes window open?: true
2025-12-30 00:03:18 INFO  STEP: #2 review_count:4 actual_count: 4
2025-12-30 00:03:18 INFO  STEP: === CARD 3 ===
2025-12-30 00:03:18 INFO  STEP: Toggle Reviews
2025-12-30 00:03:18 INFO  STEP: Is reviwes window open?: true
2025-12-30 00:03:19 INFO  STEP: #3 review_count:4 actual_count: 4
2025-12-30 00:03:19 INFO  STEP: === CARD 4 ===
2025-12-30 00:03:19 INFO  STEP: Toggle Reviews
2025-12-30 00:03:19 INFO  STEP: Is reviwes window open?: true
2025-12-30 00:03:20 INFO  STEP: #4 review_count:4 actual_count: 4
2025-12-30 00:03:20 INFO  STEP: === CARD 5 ===
2025-12-30 00:03:20 INFO  STEP: Toggle Reviews
2025-12-30 00:03:20 INFO  STEP: Is reviwes window open?: true
2025-12-30 00:03:21 INFO  STEP: #5 review_count:4 actual_count: 4
2025-12-30 00:03:21 INFO  STEP PASS: number of reviews should match review count
2025-12-30 00:03:21 INFO  === PASS  tests.productCardsTests.RatingMatchesReviewsTests.numberOfReviewsShouldMatch[Exp#18 [f1=2, f2=3, f3=3, f4=2, f5=1, f6=2, f7=3, f8=1]] ===
2025-12-30 00:03:21 INFO  === END   tests.productCardsTests.RatingMatchesReviewsTests.numberOfReviewsShouldMatch[Exp#18 [f1=2, f2=3, f3=3, f4=2, f5=1, f6=2, f7=3, f8=1]] ===
2025-12-30 00:03:21 INFO  === START tests.productCardsTests.RatingMatchesReviewsTests.reviewsShouldMatchRating[Exp#19 [f1=2, f2=3, f3=3, f4=2, f5=1, f6=1, f7=1, f8=2]] ===
2025-12-30 00:03:21 INFO  STEP: 📝 New input: Filling form fields.
2025-12-30 00:03:26 INFO  STEP: === CARD 1 ===
2025-12-30 00:03:26 INFO  STEP: Toggle Reviews
2025-12-30 00:03:27 INFO  STEP: Is reviwes window open?: true
2025-12-30 00:03:27 INFO  STEP: Number of reviews: 4
2025-12-30 00:03:27 INFO  STEP: stars:5
2025-12-30 00:03:28 INFO  STEP: stars:4
2025-12-30 00:03:28 INFO  STEP: stars:5
2025-12-30 00:03:28 INFO  STEP: stars:3
2025-12-30 00:03:28 INFO  STEP: sum of stars:17
2025-12-30 00:03:28 INFO  STEP: #1 Product rating: 3.0 ||| Actual rating:4.0
2025-12-30 00:03:28 INFO  STEP: === CARD 2 ===
2025-12-30 00:03:28 INFO  STEP: Toggle Reviews
2025-12-30 00:03:28 INFO  STEP: Is reviwes window open?: true
2025-12-30 00:03:29 INFO  STEP: Number of reviews: 4
2025-12-30 00:03:29 INFO  STEP: stars:5
2025-12-30 00:03:29 INFO  STEP: stars:4
2025-12-30 00:03:29 INFO  STEP: stars:5
2025-12-30 00:03:29 INFO  STEP: stars:2
2025-12-30 00:03:29 INFO  STEP: sum of stars:16
2025-12-30 00:03:29 INFO  STEP: #2 Product rating: 4.5 ||| Actual rating:4.0
2025-12-30 00:03:29 INFO  STEP: === CARD 3 ===
2025-12-30 00:03:29 INFO  STEP: Toggle Reviews
2025-12-30 00:03:30 INFO  STEP: Is reviwes window open?: true
2025-12-30 00:03:30 INFO  STEP: Number of reviews: 4
2025-12-30 00:03:30 INFO  STEP: stars:5
2025-12-30 00:03:31 INFO  STEP: stars:5
2025-12-30 00:03:31 INFO  STEP: stars:1
2025-12-30 00:03:31 INFO  STEP: stars:5
2025-12-30 00:03:31 INFO  STEP: sum of stars:16
2025-12-30 00:03:31 INFO  STEP: #3 Product rating: 4.7 ||| Actual rating:4.0
2025-12-30 00:03:31 INFO  STEP: === CARD 4 ===
2025-12-30 00:03:31 INFO  STEP: Toggle Reviews
2025-12-30 00:03:31 INFO  STEP: Is reviwes window open?: true
2025-12-30 00:03:32 INFO  STEP: Number of reviews: 4
2025-12-30 00:03:32 INFO  STEP: stars:5
2025-12-30 00:03:32 INFO  STEP: stars:5
2025-12-30 00:03:32 INFO  STEP: stars:3
2025-12-30 00:03:32 INFO  STEP: stars:5
2025-12-30 00:03:32 INFO  STEP: sum of stars:18
2025-12-30 00:03:32 INFO  STEP: #4 Product rating: 3.5 ||| Actual rating:4.0
2025-12-30 00:03:32 INFO  STEP: === CARD 5 ===
2025-12-30 00:03:32 INFO  STEP: Toggle Reviews
2025-12-30 00:03:32 INFO  STEP: Is reviwes window open?: true
2025-12-30 00:03:33 INFO  STEP: Number of reviews: 4
2025-12-30 00:03:33 INFO  STEP: stars:5
2025-12-30 00:03:33 INFO  STEP: stars:1
2025-12-30 00:03:33 INFO  STEP: stars:2
2025-12-30 00:03:34 INFO  STEP: stars:3
2025-12-30 00:03:34 INFO  STEP: sum of stars:11
2025-12-30 00:03:34 INFO  STEP: #5 Product rating: 3.2 ||| Actual rating:2.0
2025-12-30 00:03:34 ERROR STEP FAIL: All reviews ratings should match the product rating
2025-12-30 00:03:34 ERROR === FAIL  tests.productCardsTests.RatingMatchesReviewsTests.reviewsShouldMatchRating[Exp#19 [f1=2, f2=3, f3=3, f4=2, f5=1, f6=1, f7=1, f8=2]] ===
java.lang.AssertionError: All reviews ratings should match the product rating
	at org.junit.Assert.fail(Assert.java:89) ~[junit-4.13.jar:4.13]
	at org.junit.Assert.assertTrue(Assert.java:42) ~[junit-4.13.jar:4.13]
	at tests.BaseTest.checkTrue(BaseTest.java:92) ~[test-classes/:?]
	at tests.productCardsTests.RatingMatchesReviewsTests.reviewsShouldMatchRating(RatingMatchesReviewsTests.java:80) ~[test-classes/:?]
	at jdk.internal.reflect.DirectMethodHandleAccessor.invoke(DirectMethodHandleAccessor.java:103) ~[?:?]
	at java.lang.reflect.Method.invoke(Method.java:580) ~[?:?]
	at org.junit.runners.model.FrameworkMethod$1.runReflectiveCall(FrameworkMethod.java:59) ~[junit-4.13.jar:4.13]
	at org.junit.internal.runners.model.ReflectiveCallable.run(ReflectiveCallable.java:12) ~[junit-4.13.jar:4.13]
	at org.junit.runners.model.FrameworkMethod.invokeExplosively(FrameworkMethod.java:56) ~[junit-4.13.jar:4.13]
	at org.junit.internal.runners.statements.InvokeMethod.evaluate(InvokeMethod.java:17) ~[junit-4.13.jar:4.13]
	at org.junit.internal.runners.statements.RunBefores.evaluate(RunBefores.java:26) ~[junit-4.13.jar:4.13]
	at org.junit.internal.runners.statements.RunAfters.evaluate(RunAfters.java:27) ~[junit-4.13.jar:4.13]
	at org.junit.rules.TestWatcher$1.evaluate(TestWatcher.java:61) [junit-4.13.jar:4.13]
	at org.junit.runners.ParentRunner$3.evaluate(ParentRunner.java:306) [junit-4.13.jar:4.13]
	at org.junit.runners.BlockJUnit4ClassRunner$1.evaluate(BlockJUnit4ClassRunner.java:100) [junit-4.13.jar:4.13]
	at org.junit.runners.ParentRunner.runLeaf(ParentRunner.java:366) [junit-4.13.jar:4.13]
	at org.junit.runners.BlockJUnit4ClassRunner.runChild(BlockJUnit4ClassRunner.java:103) [junit-4.13.jar:4.13]
	at org.junit.runners.BlockJUnit4ClassRunner.runChild(BlockJUnit4ClassRunner.java:63) [junit-4.13.jar:4.13]
	at org.junit.runners.ParentRunner$4.run(ParentRunner.java:331) [junit-4.13.jar:4.13]
	at org.junit.runners.ParentRunner$1.schedule(ParentRunner.java:79) [junit-4.13.jar:4.13]
	at org.junit.runners.ParentRunner.runChildren(ParentRunner.java:329) [junit-4.13.jar:4.13]
	at org.junit.runners.ParentRunner.access$100(ParentRunner.java:66) [junit-4.13.jar:4.13]
	at org.junit.runners.ParentRunner$2.evaluate(ParentRunner.java:293) [junit-4.13.jar:4.13]
	at org.junit.runners.ParentRunner.run(ParentRunner.java:413) [junit-4.13.jar:4.13]
	at org.junit.runners.Suite.runChild(Suite.java:128) [junit-4.13.jar:4.13]
	at org.junit.runners.Suite.runChild(Suite.java:27) [junit-4.13.jar:4.13]
	at org.junit.runners.ParentRunner$4.run(ParentRunner.java:331) [junit-4.13.jar:4.13]
	at org.junit.runners.ParentRunner$1.schedule(ParentRunner.java:79) [junit-4.13.jar:4.13]
	at org.junit.runners.ParentRunner.runChildren(ParentRunner.java:329) [junit-4.13.jar:4.13]
	at org.junit.runners.ParentRunner.access$100(ParentRunner.java:66) [junit-4.13.jar:4.13]
	at org.junit.runners.ParentRunner$2.evaluate(ParentRunner.java:293) [junit-4.13.jar:4.13]
	at org.junit.internal.runners.statements.RunAfters.evaluate(RunAfters.java:27) [junit-4.13.jar:4.13]
	at org.junit.runners.ParentRunner$3.evaluate(ParentRunner.java:306) [junit-4.13.jar:4.13]
	at org.junit.runners.ParentRunner.run(ParentRunner.java:413) [junit-4.13.jar:4.13]
	at org.eclipse.jdt.internal.junit4.runner.JUnit4TestReference.run(JUnit4TestReference.java:93) [.cp/:?]
	at org.eclipse.jdt.internal.junit.runner.TestExecution.run(TestExecution.java:40) [.cp/:?]
	at org.eclipse.jdt.internal.junit.runner.RemoteTestRunner.runTests(RemoteTestRunner.java:530) [.cp/:?]
	at org.eclipse.jdt.internal.junit.runner.RemoteTestRunner.runTests(RemoteTestRunner.java:758) [.cp/:?]
	at org.eclipse.jdt.internal.junit.runner.RemoteTestRunner.run(RemoteTestRunner.java:453) [.cp/:?]
	at org.eclipse.jdt.internal.junit.runner.RemoteTestRunner.main(RemoteTestRunner.java:211) [.cp/:?]
2025-12-30 00:03:34 INFO  === END   tests.productCardsTests.RatingMatchesReviewsTests.reviewsShouldMatchRating[Exp#19 [f1=2, f2=3, f3=3, f4=2, f5=1, f6=1, f7=1, f8=2]] ===
2025-12-30 00:03:34 INFO  === START tests.productCardsTests.RatingMatchesReviewsTests.numberOfReviewsShouldMatch[Exp#19 [f1=2, f2=3, f3=3, f4=2, f5=1, f6=1, f7=1, f8=2]] ===
2025-12-30 00:03:34 INFO  STEP: ♻️ Using existing results for same input.
2025-12-30 00:03:34 INFO  STEP: === CARD 1 ===
2025-12-30 00:03:34 INFO  STEP: Toggle Reviews
2025-12-30 00:03:34 INFO  STEP: Is reviwes window open?: true
2025-12-30 00:03:34 INFO  STEP: #1 review_count:4 actual_count: 4
2025-12-30 00:03:34 INFO  STEP: === CARD 2 ===
2025-12-30 00:03:34 INFO  STEP: Toggle Reviews
2025-12-30 00:03:34 INFO  STEP: Is reviwes window open?: true
2025-12-30 00:03:35 INFO  STEP: #2 review_count:4 actual_count: 4
2025-12-30 00:03:35 INFO  STEP: === CARD 3 ===
2025-12-30 00:03:35 INFO  STEP: Toggle Reviews
2025-12-30 00:03:35 INFO  STEP: Is reviwes window open?: true
2025-12-30 00:03:35 INFO  STEP: #3 review_count:4 actual_count: 4
2025-12-30 00:03:35 INFO  STEP: === CARD 4 ===
2025-12-30 00:03:36 INFO  STEP: Toggle Reviews
2025-12-30 00:03:36 INFO  STEP: Is reviwes window open?: true
2025-12-30 00:03:36 INFO  STEP: #4 review_count:4 actual_count: 4
2025-12-30 00:03:36 INFO  STEP: === CARD 5 ===
2025-12-30 00:03:36 INFO  STEP: Toggle Reviews
2025-12-30 00:03:36 INFO  STEP: Is reviwes window open?: true
2025-12-30 00:03:37 INFO  STEP: #5 review_count:4 actual_count: 4
2025-12-30 00:03:37 INFO  STEP PASS: number of reviews should match review count
2025-12-30 00:03:37 INFO  === PASS  tests.productCardsTests.RatingMatchesReviewsTests.numberOfReviewsShouldMatch[Exp#19 [f1=2, f2=3, f3=3, f4=2, f5=1, f6=1, f7=1, f8=2]] ===
2025-12-30 00:03:37 INFO  === END   tests.productCardsTests.RatingMatchesReviewsTests.numberOfReviewsShouldMatch[Exp#19 [f1=2, f2=3, f3=3, f4=2, f5=1, f6=1, f7=1, f8=2]] ===
2025-12-30 00:03:37 INFO  === START tests.productCardsTests.RatingMatchesReviewsTests.reviewsShouldMatchRating[Exp#20 [f1=2, f2=3, f3=3, f4=3, f5=3, f6=3, f7=3, f8=3]] ===
2025-12-30 00:03:37 INFO  STEP: 📝 New input: Filling form fields.
2025-12-30 00:03:43 INFO  STEP: === CARD 1 ===
2025-12-30 00:03:43 INFO  STEP: Toggle Reviews
2025-12-30 00:03:44 INFO  STEP: Is reviwes window open?: true
2025-12-30 00:03:44 INFO  STEP: Number of reviews: 4
2025-12-30 00:03:44 INFO  STEP: stars:5
2025-12-30 00:03:44 INFO  STEP: stars:1
2025-12-30 00:03:44 INFO  STEP: stars:2
2025-12-30 00:03:44 INFO  STEP: stars:4
2025-12-30 00:03:44 INFO  STEP: sum of stars:12
2025-12-30 00:03:44 INFO  STEP: #1 Product rating: 3.7 ||| Actual rating:3.0
2025-12-30 00:03:44 INFO  STEP: === CARD 2 ===
2025-12-30 00:03:45 INFO  STEP: Toggle Reviews
2025-12-30 00:03:45 INFO  STEP: Is reviwes window open?: true
2025-12-30 00:03:45 INFO  STEP: Number of reviews: 4
2025-12-30 00:03:45 INFO  STEP: stars:5
2025-12-30 00:03:45 INFO  STEP: stars:1
2025-12-30 00:03:46 INFO  STEP: stars:2
2025-12-30 00:03:46 INFO  STEP: stars:4
2025-12-30 00:03:46 INFO  STEP: sum of stars:12
2025-12-30 00:03:46 INFO  STEP: #2 Product rating: 3.7 ||| Actual rating:3.0
2025-12-30 00:03:46 INFO  STEP: === CARD 3 ===
2025-12-30 00:03:46 INFO  STEP: Toggle Reviews
2025-12-30 00:03:46 INFO  STEP: Is reviwes window open?: true
2025-12-30 00:03:46 INFO  STEP: Number of reviews: 4
2025-12-30 00:03:46 INFO  STEP: stars:5
2025-12-30 00:03:47 INFO  STEP: stars:4
2025-12-30 00:03:47 INFO  STEP: stars:5
2025-12-30 00:03:47 INFO  STEP: stars:4
2025-12-30 00:03:47 INFO  STEP: sum of stars:18
2025-12-30 00:03:47 INFO  STEP: #3 Product rating: 3.2 ||| Actual rating:4.0
2025-12-30 00:03:47 INFO  STEP: === CARD 4 ===
2025-12-30 00:03:47 INFO  STEP: Toggle Reviews
2025-12-30 00:03:47 INFO  STEP: Is reviwes window open?: true
2025-12-30 00:03:48 INFO  STEP: Number of reviews: 4
2025-12-30 00:03:48 INFO  STEP: stars:5
2025-12-30 00:03:48 INFO  STEP: stars:5
2025-12-30 00:03:48 INFO  STEP: stars:2
2025-12-30 00:03:48 INFO  STEP: stars:2
2025-12-30 00:03:48 INFO  STEP: sum of stars:14
2025-12-30 00:03:48 INFO  STEP: #4 Product rating: 4.7 ||| Actual rating:3.0
2025-12-30 00:03:48 ERROR STEP FAIL: All reviews ratings should match the product rating
2025-12-30 00:03:48 ERROR === FAIL  tests.productCardsTests.RatingMatchesReviewsTests.reviewsShouldMatchRating[Exp#20 [f1=2, f2=3, f3=3, f4=3, f5=3, f6=3, f7=3, f8=3]] ===
java.lang.AssertionError: All reviews ratings should match the product rating
	at org.junit.Assert.fail(Assert.java:89) ~[junit-4.13.jar:4.13]
	at org.junit.Assert.assertTrue(Assert.java:42) ~[junit-4.13.jar:4.13]
	at tests.BaseTest.checkTrue(BaseTest.java:92) ~[test-classes/:?]
	at tests.productCardsTests.RatingMatchesReviewsTests.reviewsShouldMatchRating(RatingMatchesReviewsTests.java:80) ~[test-classes/:?]
	at jdk.internal.reflect.DirectMethodHandleAccessor.invoke(DirectMethodHandleAccessor.java:103) ~[?:?]
	at java.lang.reflect.Method.invoke(Method.java:580) ~[?:?]
	at org.junit.runners.model.FrameworkMethod$1.runReflectiveCall(FrameworkMethod.java:59) ~[junit-4.13.jar:4.13]
	at org.junit.internal.runners.model.ReflectiveCallable.run(ReflectiveCallable.java:12) ~[junit-4.13.jar:4.13]
	at org.junit.runners.model.FrameworkMethod.invokeExplosively(FrameworkMethod.java:56) ~[junit-4.13.jar:4.13]
	at org.junit.internal.runners.statements.InvokeMethod.evaluate(InvokeMethod.java:17) ~[junit-4.13.jar:4.13]
	at org.junit.internal.runners.statements.RunBefores.evaluate(RunBefores.java:26) ~[junit-4.13.jar:4.13]
	at org.junit.internal.runners.statements.RunAfters.evaluate(RunAfters.java:27) ~[junit-4.13.jar:4.13]
	at org.junit.rules.TestWatcher$1.evaluate(TestWatcher.java:61) [junit-4.13.jar:4.13]
	at org.junit.runners.ParentRunner$3.evaluate(ParentRunner.java:306) [junit-4.13.jar:4.13]
	at org.junit.runners.BlockJUnit4ClassRunner$1.evaluate(BlockJUnit4ClassRunner.java:100) [junit-4.13.jar:4.13]
	at org.junit.runners.ParentRunner.runLeaf(ParentRunner.java:366) [junit-4.13.jar:4.13]
	at org.junit.runners.BlockJUnit4ClassRunner.runChild(BlockJUnit4ClassRunner.java:103) [junit-4.13.jar:4.13]
	at org.junit.runners.BlockJUnit4ClassRunner.runChild(BlockJUnit4ClassRunner.java:63) [junit-4.13.jar:4.13]
	at org.junit.runners.ParentRunner$4.run(ParentRunner.java:331) [junit-4.13.jar:4.13]
	at org.junit.runners.ParentRunner$1.schedule(ParentRunner.java:79) [junit-4.13.jar:4.13]
	at org.junit.runners.ParentRunner.runChildren(ParentRunner.java:329) [junit-4.13.jar:4.13]
	at org.junit.runners.ParentRunner.access$100(ParentRunner.java:66) [junit-4.13.jar:4.13]
	at org.junit.runners.ParentRunner$2.evaluate(ParentRunner.java:293) [junit-4.13.jar:4.13]
	at org.junit.runners.ParentRunner.run(ParentRunner.java:413) [junit-4.13.jar:4.13]
	at org.junit.runners.Suite.runChild(Suite.java:128) [junit-4.13.jar:4.13]
	at org.junit.runners.Suite.runChild(Suite.java:27) [junit-4.13.jar:4.13]
	at org.junit.runners.ParentRunner$4.run(ParentRunner.java:331) [junit-4.13.jar:4.13]
	at org.junit.runners.ParentRunner$1.schedule(ParentRunner.java:79) [junit-4.13.jar:4.13]
	at org.junit.runners.ParentRunner.runChildren(ParentRunner.java:329) [junit-4.13.jar:4.13]
	at org.junit.runners.ParentRunner.access$100(ParentRunner.java:66) [junit-4.13.jar:4.13]
	at org.junit.runners.ParentRunner$2.evaluate(ParentRunner.java:293) [junit-4.13.jar:4.13]
	at org.junit.internal.runners.statements.RunAfters.evaluate(RunAfters.java:27) [junit-4.13.jar:4.13]
	at org.junit.runners.ParentRunner$3.evaluate(ParentRunner.java:306) [junit-4.13.jar:4.13]
	at org.junit.runners.ParentRunner.run(ParentRunner.java:413) [junit-4.13.jar:4.13]
	at org.eclipse.jdt.internal.junit4.runner.JUnit4TestReference.run(JUnit4TestReference.java:93) [.cp/:?]
	at org.eclipse.jdt.internal.junit.runner.TestExecution.run(TestExecution.java:40) [.cp/:?]
	at org.eclipse.jdt.internal.junit.runner.RemoteTestRunner.runTests(RemoteTestRunner.java:530) [.cp/:?]
	at org.eclipse.jdt.internal.junit.runner.RemoteTestRunner.runTests(RemoteTestRunner.java:758) [.cp/:?]
	at org.eclipse.jdt.internal.junit.runner.RemoteTestRunner.run(RemoteTestRunner.java:453) [.cp/:?]
	at org.eclipse.jdt.internal.junit.runner.RemoteTestRunner.main(RemoteTestRunner.java:211) [.cp/:?]
2025-12-30 00:03:48 INFO  === END   tests.productCardsTests.RatingMatchesReviewsTests.reviewsShouldMatchRating[Exp#20 [f1=2, f2=3, f3=3, f4=3, f5=3, f6=3, f7=3, f8=3]] ===
2025-12-30 00:03:48 INFO  === START tests.productCardsTests.RatingMatchesReviewsTests.numberOfReviewsShouldMatch[Exp#20 [f1=2, f2=3, f3=3, f4=3, f5=3, f6=3, f7=3, f8=3]] ===
2025-12-30 00:03:48 INFO  STEP: ♻️ Using existing results for same input.
2025-12-30 00:03:48 INFO  STEP: === CARD 1 ===
2025-12-30 00:03:48 INFO  STEP: Toggle Reviews
2025-12-30 00:03:48 INFO  STEP: Is reviwes window open?: true
2025-12-30 00:03:49 INFO  STEP: #1 review_count:4 actual_count: 4
2025-12-30 00:03:49 INFO  STEP: === CARD 2 ===
2025-12-30 00:03:49 INFO  STEP: Toggle Reviews
2025-12-30 00:03:49 INFO  STEP: Is reviwes window open?: true
2025-12-30 00:03:50 INFO  STEP: #2 review_count:4 actual_count: 4
2025-12-30 00:03:50 INFO  STEP: === CARD 3 ===
2025-12-30 00:03:50 INFO  STEP: Toggle Reviews
2025-12-30 00:03:50 INFO  STEP: Is reviwes window open?: true
2025-12-30 00:03:50 INFO  STEP: #3 review_count:4 actual_count: 4
2025-12-30 00:03:50 INFO  STEP: === CARD 4 ===
2025-12-30 00:03:50 INFO  STEP: Toggle Reviews
2025-12-30 00:03:50 INFO  STEP: Is reviwes window open?: true
2025-12-30 00:03:51 INFO  STEP: #4 review_count:4 actual_count: 4
2025-12-30 00:03:51 INFO  STEP PASS: number of reviews should match review count
2025-12-30 00:03:51 INFO  === PASS  tests.productCardsTests.RatingMatchesReviewsTests.numberOfReviewsShouldMatch[Exp#20 [f1=2, f2=3, f3=3, f4=3, f5=3, f6=3, f7=3, f8=3]] ===
2025-12-30 00:03:51 INFO  === END   tests.productCardsTests.RatingMatchesReviewsTests.numberOfReviewsShouldMatch[Exp#20 [f1=2, f2=3, f3=3, f4=3, f5=3, f6=3, f7=3, f8=3]] ===
2025-12-30 00:03:58 INFO  === START tests.productCardsTests.RatingMatchesReviewsTests.reviewsShouldMatchRating[Exp#1 [f1=1, f2=1, f3=1, f4=1, f5=1, f6=1, f7=1, f8=1]] ===
2025-12-30 00:04:01 INFO  STEP: 📝 New input: Filling form fields.
2025-12-30 00:04:07 INFO  STEP: === CARD 1 ===
2025-12-30 00:04:07 INFO  STEP: Toggle Reviews
2025-12-30 00:04:08 INFO  STEP: Is reviwes window open?: true
2025-12-30 00:04:08 INFO  STEP: Number of reviews: 4
2025-12-30 00:04:08 INFO  STEP: stars:5
2025-12-30 00:04:09 INFO  STEP: stars:3
2025-12-30 00:04:09 INFO  STEP: stars:3
2025-12-30 00:04:09 INFO  STEP: stars:5
2025-12-30 00:04:09 INFO  STEP: sum of stars:16
2025-12-30 00:04:09 INFO  STEP: #1 Product rating: 4.5 ||| Actual rating:4.0
2025-12-30 00:04:09 INFO  STEP: === CARD 2 ===
2025-12-30 00:04:09 INFO  STEP: Toggle Reviews
2025-12-30 00:04:09 INFO  STEP: Is reviwes window open?: true
2025-12-30 00:04:10 INFO  STEP: Number of reviews: 4
2025-12-30 00:04:10 INFO  STEP: stars:5
2025-12-30 00:04:10 INFO  STEP: stars:3
2025-12-30 00:04:10 INFO  STEP: stars:2
2025-12-30 00:04:11 INFO  STEP: stars:4
2025-12-30 00:04:11 INFO  STEP: sum of stars:14
2025-12-30 00:04:11 INFO  STEP: #2 Product rating: 4.4 ||| Actual rating:3.0
2025-12-30 00:04:11 INFO  STEP: === CARD 3 ===
2025-12-30 00:04:11 INFO  STEP: Toggle Reviews
2025-12-30 00:04:11 INFO  STEP: Is reviwes window open?: true
2025-12-30 00:04:11 INFO  STEP: Number of reviews: 4
2025-12-30 00:04:12 INFO  STEP: stars:5
2025-12-30 00:04:12 INFO  STEP: stars:5
2025-12-30 00:04:12 INFO  STEP: stars:3
2025-12-30 00:04:12 INFO  STEP: stars:4
2025-12-30 00:04:12 INFO  STEP: sum of stars:17
2025-12-30 00:04:12 INFO  STEP: #3 Product rating: 3.9 ||| Actual rating:4.0
2025-12-30 00:04:12 INFO  STEP: === CARD 4 ===
2025-12-30 00:04:12 INFO  STEP: Toggle Reviews
2025-12-30 00:04:12 INFO  STEP: Is reviwes window open?: true
2025-12-30 00:04:13 INFO  STEP: Number of reviews: 4
2025-12-30 00:04:13 INFO  STEP: stars:5
2025-12-30 00:04:13 INFO  STEP: stars:5
2025-12-30 00:04:13 INFO  STEP: stars:2
2025-12-30 00:04:13 INFO  STEP: stars:4
2025-12-30 00:04:13 INFO  STEP: sum of stars:16
2025-12-30 00:04:13 INFO  STEP: #4 Product rating: 3.0 ||| Actual rating:4.0
2025-12-30 00:04:13 INFO  STEP: === CARD 5 ===
2025-12-30 00:04:13 INFO  STEP: Toggle Reviews
2025-12-30 00:04:14 INFO  STEP: Is reviwes window open?: true
2025-12-30 00:04:14 INFO  STEP: Number of reviews: 4
2025-12-30 00:04:14 INFO  STEP: stars:5
2025-12-30 00:04:14 INFO  STEP: stars:5
2025-12-30 00:04:14 INFO  STEP: stars:5
2025-12-30 00:04:14 INFO  STEP: stars:4
2025-12-30 00:04:14 INFO  STEP: sum of stars:19
2025-12-30 00:04:14 INFO  STEP: #5 Product rating: 2.8 ||| Actual rating:4.0
2025-12-30 00:04:14 ERROR STEP FAIL: All reviews ratings should match the product rating
2025-12-30 00:04:14 ERROR === FAIL  tests.productCardsTests.RatingMatchesReviewsTests.reviewsShouldMatchRating[Exp#1 [f1=1, f2=1, f3=1, f4=1, f5=1, f6=1, f7=1, f8=1]] ===
java.lang.AssertionError: All reviews ratings should match the product rating
	at org.junit.Assert.fail(Assert.java:89) ~[junit-4.13.jar:4.13]
	at org.junit.Assert.assertTrue(Assert.java:42) ~[junit-4.13.jar:4.13]
	at tests.BaseTest.checkTrue(BaseTest.java:92) ~[test-classes/:?]
	at tests.productCardsTests.RatingMatchesReviewsTests.reviewsShouldMatchRating(RatingMatchesReviewsTests.java:80) ~[test-classes/:?]
	at jdk.internal.reflect.DirectMethodHandleAccessor.invoke(DirectMethodHandleAccessor.java:103) ~[?:?]
	at java.lang.reflect.Method.invoke(Method.java:580) ~[?:?]
	at org.junit.runners.model.FrameworkMethod$1.runReflectiveCall(FrameworkMethod.java:59) ~[junit-4.13.jar:4.13]
	at org.junit.internal.runners.model.ReflectiveCallable.run(ReflectiveCallable.java:12) ~[junit-4.13.jar:4.13]
	at org.junit.runners.model.FrameworkMethod.invokeExplosively(FrameworkMethod.java:56) ~[junit-4.13.jar:4.13]
	at org.junit.internal.runners.statements.InvokeMethod.evaluate(InvokeMethod.java:17) ~[junit-4.13.jar:4.13]
	at org.junit.internal.runners.statements.RunBefores.evaluate(RunBefores.java:26) ~[junit-4.13.jar:4.13]
	at org.junit.internal.runners.statements.RunAfters.evaluate(RunAfters.java:27) ~[junit-4.13.jar:4.13]
	at org.junit.rules.TestWatcher$1.evaluate(TestWatcher.java:61) [junit-4.13.jar:4.13]
	at org.junit.runners.ParentRunner$3.evaluate(ParentRunner.java:306) [junit-4.13.jar:4.13]
	at org.junit.runners.BlockJUnit4ClassRunner$1.evaluate(BlockJUnit4ClassRunner.java:100) [junit-4.13.jar:4.13]
	at org.junit.runners.ParentRunner.runLeaf(ParentRunner.java:366) [junit-4.13.jar:4.13]
	at org.junit.runners.BlockJUnit4ClassRunner.runChild(BlockJUnit4ClassRunner.java:103) [junit-4.13.jar:4.13]
	at org.junit.runners.BlockJUnit4ClassRunner.runChild(BlockJUnit4ClassRunner.java:63) [junit-4.13.jar:4.13]
	at org.junit.runners.ParentRunner$4.run(ParentRunner.java:331) [junit-4.13.jar:4.13]
	at org.junit.runners.ParentRunner$1.schedule(ParentRunner.java:79) [junit-4.13.jar:4.13]
	at org.junit.runners.ParentRunner.runChildren(ParentRunner.java:329) [junit-4.13.jar:4.13]
	at org.junit.runners.ParentRunner.access$100(ParentRunner.java:66) [junit-4.13.jar:4.13]
	at org.junit.runners.ParentRunner$2.evaluate(ParentRunner.java:293) [junit-4.13.jar:4.13]
	at org.junit.runners.ParentRunner.run(ParentRunner.java:413) [junit-4.13.jar:4.13]
	at org.junit.runners.Suite.runChild(Suite.java:128) [junit-4.13.jar:4.13]
	at org.junit.runners.Suite.runChild(Suite.java:27) [junit-4.13.jar:4.13]
	at org.junit.runners.ParentRunner$4.run(ParentRunner.java:331) [junit-4.13.jar:4.13]
	at org.junit.runners.ParentRunner$1.schedule(ParentRunner.java:79) [junit-4.13.jar:4.13]
	at org.junit.runners.ParentRunner.runChildren(ParentRunner.java:329) [junit-4.13.jar:4.13]
	at org.junit.runners.ParentRunner.access$100(ParentRunner.java:66) [junit-4.13.jar:4.13]
	at org.junit.runners.ParentRunner$2.evaluate(ParentRunner.java:293) [junit-4.13.jar:4.13]
	at org.junit.internal.runners.statements.RunAfters.evaluate(RunAfters.java:27) [junit-4.13.jar:4.13]
	at org.junit.runners.ParentRunner$3.evaluate(ParentRunner.java:306) [junit-4.13.jar:4.13]
	at org.junit.runners.ParentRunner.run(ParentRunner.java:413) [junit-4.13.jar:4.13]
	at org.eclipse.jdt.internal.junit4.runner.JUnit4TestReference.run(JUnit4TestReference.java:93) [.cp/:?]
	at org.eclipse.jdt.internal.junit.runner.TestExecution.run(TestExecution.java:40) [.cp/:?]
	at org.eclipse.jdt.internal.junit.runner.RemoteTestRunner.runTests(RemoteTestRunner.java:530) [.cp/:?]
	at org.eclipse.jdt.internal.junit.runner.RemoteTestRunner.runTests(RemoteTestRunner.java:758) [.cp/:?]
	at org.eclipse.jdt.internal.junit.runner.RemoteTestRunner.run(RemoteTestRunner.java:453) [.cp/:?]
	at org.eclipse.jdt.internal.junit.runner.RemoteTestRunner.main(RemoteTestRunner.java:211) [.cp/:?]
2025-12-30 00:04:14 INFO  === END   tests.productCardsTests.RatingMatchesReviewsTests.reviewsShouldMatchRating[Exp#1 [f1=1, f2=1, f3=1, f4=1, f5=1, f6=1, f7=1, f8=1]] ===
2025-12-30 00:04:15 INFO  === START tests.productCardsTests.RatingMatchesReviewsTests.numberOfReviewsShouldMatch[Exp#1 [f1=1, f2=1, f3=1, f4=1, f5=1, f6=1, f7=1, f8=1]] ===
2025-12-30 00:04:15 INFO  STEP: ♻️ Using existing results for same input.
2025-12-30 00:04:15 INFO  STEP: === CARD 1 ===
2025-12-30 00:04:15 INFO  STEP: Toggle Reviews
2025-12-30 00:04:15 INFO  STEP: Is reviwes window open?: true
2025-12-30 00:04:15 INFO  STEP: #1 review_count:4 actual_count: 4
2025-12-30 00:04:15 INFO  STEP: === CARD 2 ===
2025-12-30 00:04:15 INFO  STEP: Toggle Reviews
2025-12-30 00:04:15 INFO  STEP: Is reviwes window open?: true
2025-12-30 00:04:16 INFO  STEP: #2 review_count:4 actual_count: 4
2025-12-30 00:04:16 INFO  STEP: === CARD 3 ===
2025-12-30 00:04:16 INFO  STEP: Toggle Reviews
2025-12-30 00:04:16 INFO  STEP: Is reviwes window open?: true
2025-12-30 00:04:16 INFO  STEP: #3 review_count:4 actual_count: 4
2025-12-30 00:04:16 INFO  STEP: === CARD 4 ===
2025-12-30 00:04:16 INFO  STEP: Toggle Reviews
2025-12-30 00:04:16 INFO  STEP: Is reviwes window open?: true
2025-12-30 00:04:17 INFO  STEP: #4 review_count:4 actual_count: 4
2025-12-30 00:04:17 INFO  STEP: === CARD 5 ===
2025-12-30 00:04:17 INFO  STEP: Toggle Reviews
2025-12-30 00:04:17 INFO  STEP: Is reviwes window open?: true
2025-12-30 00:04:17 INFO  STEP: #5 review_count:4 actual_count: 4
2025-12-30 00:04:17 INFO  STEP PASS: number of reviews should match review count
2025-12-30 00:04:17 INFO  === PASS  tests.productCardsTests.RatingMatchesReviewsTests.numberOfReviewsShouldMatch[Exp#1 [f1=1, f2=1, f3=1, f4=1, f5=1, f6=1, f7=1, f8=1]] ===
2025-12-30 00:04:17 INFO  === END   tests.productCardsTests.RatingMatchesReviewsTests.numberOfReviewsShouldMatch[Exp#1 [f1=1, f2=1, f3=1, f4=1, f5=1, f6=1, f7=1, f8=1]] ===
2025-12-30 00:04:17 INFO  === START tests.productCardsTests.RatingMatchesReviewsTests.reviewsShouldMatchRating[Exp#2 [f1=1, f2=1, f3=2, f4=2, f5=2, f6=2, f7=2, f8=2]] ===
2025-12-30 00:04:17 INFO  STEP: 📝 New input: Filling form fields.
2025-12-30 00:04:22 INFO  STEP: === CARD 1 ===
2025-12-30 00:04:22 INFO  STEP: Toggle Reviews
2025-12-30 00:04:22 INFO  STEP: Is reviwes window open?: true
2025-12-30 00:04:23 INFO  STEP: Number of reviews: 4
2025-12-30 00:04:23 INFO  STEP: stars:5
2025-12-30 00:04:23 INFO  STEP: stars:3
2025-12-30 00:04:23 INFO  STEP: stars:5
2025-12-30 00:04:23 INFO  STEP: stars:1
2025-12-30 00:04:23 INFO  STEP: sum of stars:14
2025-12-30 00:04:23 INFO  STEP: #1 Product rating: 4.5 ||| Actual rating:3.0
2025-12-30 00:04:23 INFO  STEP: === CARD 2 ===
2025-12-30 00:04:23 INFO  STEP: Toggle Reviews
2025-12-30 00:04:24 INFO  STEP: Is reviwes window open?: true
2025-12-30 00:04:24 INFO  STEP: Number of reviews: 4
2025-12-30 00:04:24 INFO  STEP: stars:5
2025-12-30 00:04:24 INFO  STEP: stars:5
2025-12-30 00:04:24 INFO  STEP: stars:5
2025-12-30 00:04:25 INFO  STEP: stars:4
2025-12-30 00:04:25 INFO  STEP: sum of stars:19
2025-12-30 00:04:25 INFO  STEP: #2 Product rating: 3.3 ||| Actual rating:4.0
2025-12-30 00:04:25 INFO  STEP: === CARD 3 ===
2025-12-30 00:04:25 INFO  STEP: Toggle Reviews
2025-12-30 00:04:25 INFO  STEP: Is reviwes window open?: true
2025-12-30 00:04:25 INFO  STEP: Number of reviews: 4
2025-12-30 00:04:26 INFO  STEP: stars:5
2025-12-30 00:04:26 INFO  STEP: stars:3
2025-12-30 00:04:26 INFO  STEP: stars:1
2025-12-30 00:04:26 INFO  STEP: stars:5
2025-12-30 00:04:26 INFO  STEP: sum of stars:14
2025-12-30 00:04:26 INFO  STEP: #3 Product rating: 3.9 ||| Actual rating:3.0
2025-12-30 00:04:26 INFO  STEP: === CARD 4 ===
2025-12-30 00:04:26 INFO  STEP: Toggle Reviews
2025-12-30 00:04:26 INFO  STEP: Is reviwes window open?: true
2025-12-30 00:04:27 INFO  STEP: Number of reviews: 4
2025-12-30 00:04:27 INFO  STEP: stars:5
2025-12-30 00:04:27 INFO  STEP: stars:4
2025-12-30 00:04:27 INFO  STEP: stars:4
2025-12-30 00:04:27 INFO  STEP: stars:5
2025-12-30 00:04:27 INFO  STEP: sum of stars:18
2025-12-30 00:04:27 INFO  STEP: #4 Product rating: 4.0 ||| Actual rating:4.0
2025-12-30 00:04:27 INFO  STEP: === CARD 5 ===
2025-12-30 00:04:28 INFO  STEP: Toggle Reviews
2025-12-30 00:04:28 INFO  STEP: Is reviwes window open?: true
2025-12-30 00:04:28 INFO  STEP: Number of reviews: 4
2025-12-30 00:04:28 INFO  STEP: stars:5
2025-12-30 00:04:29 INFO  STEP: stars:5
2025-12-30 00:04:29 INFO  STEP: stars:5
2025-12-30 00:04:29 INFO  STEP: stars:5
2025-12-30 00:04:29 INFO  STEP: sum of stars:20
2025-12-30 00:04:29 INFO  STEP: #5 Product rating: 4.6 ||| Actual rating:5.0
2025-12-30 00:04:29 ERROR STEP FAIL: All reviews ratings should match the product rating
2025-12-30 00:04:29 ERROR === FAIL  tests.productCardsTests.RatingMatchesReviewsTests.reviewsShouldMatchRating[Exp#2 [f1=1, f2=1, f3=2, f4=2, f5=2, f6=2, f7=2, f8=2]] ===
java.lang.AssertionError: All reviews ratings should match the product rating
	at org.junit.Assert.fail(Assert.java:89) ~[junit-4.13.jar:4.13]
	at org.junit.Assert.assertTrue(Assert.java:42) ~[junit-4.13.jar:4.13]
	at tests.BaseTest.checkTrue(BaseTest.java:92) ~[test-classes/:?]
	at tests.productCardsTests.RatingMatchesReviewsTests.reviewsShouldMatchRating(RatingMatchesReviewsTests.java:80) ~[test-classes/:?]
	at jdk.internal.reflect.DirectMethodHandleAccessor.invoke(DirectMethodHandleAccessor.java:103) ~[?:?]
	at java.lang.reflect.Method.invoke(Method.java:580) ~[?:?]
	at org.junit.runners.model.FrameworkMethod$1.runReflectiveCall(FrameworkMethod.java:59) ~[junit-4.13.jar:4.13]
	at org.junit.internal.runners.model.ReflectiveCallable.run(ReflectiveCallable.java:12) ~[junit-4.13.jar:4.13]
	at org.junit.runners.model.FrameworkMethod.invokeExplosively(FrameworkMethod.java:56) ~[junit-4.13.jar:4.13]
	at org.junit.internal.runners.statements.InvokeMethod.evaluate(InvokeMethod.java:17) ~[junit-4.13.jar:4.13]
	at org.junit.internal.runners.statements.RunBefores.evaluate(RunBefores.java:26) ~[junit-4.13.jar:4.13]
	at org.junit.internal.runners.statements.RunAfters.evaluate(RunAfters.java:27) ~[junit-4.13.jar:4.13]
	at org.junit.rules.TestWatcher$1.evaluate(TestWatcher.java:61) [junit-4.13.jar:4.13]
	at org.junit.runners.ParentRunner$3.evaluate(ParentRunner.java:306) [junit-4.13.jar:4.13]
	at org.junit.runners.BlockJUnit4ClassRunner$1.evaluate(BlockJUnit4ClassRunner.java:100) [junit-4.13.jar:4.13]
	at org.junit.runners.ParentRunner.runLeaf(ParentRunner.java:366) [junit-4.13.jar:4.13]
	at org.junit.runners.BlockJUnit4ClassRunner.runChild(BlockJUnit4ClassRunner.java:103) [junit-4.13.jar:4.13]
	at org.junit.runners.BlockJUnit4ClassRunner.runChild(BlockJUnit4ClassRunner.java:63) [junit-4.13.jar:4.13]
	at org.junit.runners.ParentRunner$4.run(ParentRunner.java:331) [junit-4.13.jar:4.13]
	at org.junit.runners.ParentRunner$1.schedule(ParentRunner.java:79) [junit-4.13.jar:4.13]
	at org.junit.runners.ParentRunner.runChildren(ParentRunner.java:329) [junit-4.13.jar:4.13]
	at org.junit.runners.ParentRunner.access$100(ParentRunner.java:66) [junit-4.13.jar:4.13]
	at org.junit.runners.ParentRunner$2.evaluate(ParentRunner.java:293) [junit-4.13.jar:4.13]
	at org.junit.runners.ParentRunner.run(ParentRunner.java:413) [junit-4.13.jar:4.13]
	at org.junit.runners.Suite.runChild(Suite.java:128) [junit-4.13.jar:4.13]
	at org.junit.runners.Suite.runChild(Suite.java:27) [junit-4.13.jar:4.13]
	at org.junit.runners.ParentRunner$4.run(ParentRunner.java:331) [junit-4.13.jar:4.13]
	at org.junit.runners.ParentRunner$1.schedule(ParentRunner.java:79) [junit-4.13.jar:4.13]
	at org.junit.runners.ParentRunner.runChildren(ParentRunner.java:329) [junit-4.13.jar:4.13]
	at org.junit.runners.ParentRunner.access$100(ParentRunner.java:66) [junit-4.13.jar:4.13]
	at org.junit.runners.ParentRunner$2.evaluate(ParentRunner.java:293) [junit-4.13.jar:4.13]
	at org.junit.internal.runners.statements.RunAfters.evaluate(RunAfters.java:27) [junit-4.13.jar:4.13]
	at org.junit.runners.ParentRunner$3.evaluate(ParentRunner.java:306) [junit-4.13.jar:4.13]
	at org.junit.runners.ParentRunner.run(ParentRunner.java:413) [junit-4.13.jar:4.13]
	at org.eclipse.jdt.internal.junit4.runner.JUnit4TestReference.run(JUnit4TestReference.java:93) [.cp/:?]
	at org.eclipse.jdt.internal.junit.runner.TestExecution.run(TestExecution.java:40) [.cp/:?]
	at org.eclipse.jdt.internal.junit.runner.RemoteTestRunner.runTests(RemoteTestRunner.java:530) [.cp/:?]
	at org.eclipse.jdt.internal.junit.runner.RemoteTestRunner.runTests(RemoteTestRunner.java:758) [.cp/:?]
	at org.eclipse.jdt.internal.junit.runner.RemoteTestRunner.run(RemoteTestRunner.java:453) [.cp/:?]
	at org.eclipse.jdt.internal.junit.runner.RemoteTestRunner.main(RemoteTestRunner.java:211) [.cp/:?]
2025-12-30 00:04:29 INFO  === END   tests.productCardsTests.RatingMatchesReviewsTests.reviewsShouldMatchRating[Exp#2 [f1=1, f2=1, f3=2, f4=2, f5=2, f6=2, f7=2, f8=2]] ===
2025-12-30 01:18:01 INFO  === START tests.resultPageTests.ProductCardNumberTests.resultPage_shouldHaveExactly5ProductCards[Exp#1 [f1=1, f2=1, f3=1, f4=1, f5=1, f6=1, f7=1, f8=1]] ===
2025-12-30 01:18:10 INFO  STEP: P Score is: 9.3
2025-12-30 01:18:10 INFO  STEP: Verify cards count (actual = 5)
2025-12-30 01:18:10 INFO  STEP PASS: Expected 5 product cards
2025-12-30 01:18:10 INFO  === PASS  tests.resultPageTests.ProductCardNumberTests.resultPage_shouldHaveExactly5ProductCards[Exp#1 [f1=1, f2=1, f3=1, f4=1, f5=1, f6=1, f7=1, f8=1]] ===
2025-12-30 01:18:10 INFO  === END   tests.resultPageTests.ProductCardNumberTests.resultPage_shouldHaveExactly5ProductCards[Exp#1 [f1=1, f2=1, f3=1, f4=1, f5=1, f6=1, f7=1, f8=1]] ===
2025-12-30 01:18:10 INFO  === START tests.resultPageTests.ProductCardNumberTests.resultPage_shouldHaveExactly5ProductCards[Exp#2 [f1=1, f2=1, f3=2, f4=2, f5=2, f6=2, f7=2, f8=2]] ===
2025-12-30 01:18:14 INFO  STEP: P Score is: 16.4
2025-12-30 01:18:14 INFO  STEP: Verify cards count (actual = 5)
2025-12-30 01:18:14 INFO  STEP PASS: Expected 5 product cards
2025-12-30 01:18:14 INFO  === PASS  tests.resultPageTests.ProductCardNumberTests.resultPage_shouldHaveExactly5ProductCards[Exp#2 [f1=1, f2=1, f3=2, f4=2, f5=2, f6=2, f7=2, f8=2]] ===
2025-12-30 01:18:14 INFO  === END   tests.resultPageTests.ProductCardNumberTests.resultPage_shouldHaveExactly5ProductCards[Exp#2 [f1=1, f2=1, f3=2, f4=2, f5=2, f6=2, f7=2, f8=2]] ===
2025-12-30 01:18:14 INFO  === START tests.resultPageTests.ProductCardNumberTests.resultPage_shouldHaveExactly5ProductCards[Exp#3 [f1=1, f2=1, f3=3, f4=3, f5=3, f6=3, f7=3, f8=3]] ===
2025-12-30 01:18:18 INFO  STEP: P Score is: 23.5
2025-12-30 01:18:18 INFO  STEP: Verify cards count (actual = 4)
2025-12-30 01:18:18 ERROR STEP FAIL: Expected 5 product cards
2025-12-30 01:18:18 ERROR === FAIL  tests.resultPageTests.ProductCardNumberTests.resultPage_shouldHaveExactly5ProductCards[Exp#3 [f1=1, f2=1, f3=3, f4=3, f5=3, f6=3, f7=3, f8=3]] ===
java.lang.AssertionError: Expected 5 product cards
	at org.junit.Assert.fail(Assert.java:89) ~[junit-4.13.jar:4.13]
	at org.junit.Assert.assertTrue(Assert.java:42) ~[junit-4.13.jar:4.13]
	at tests.BaseTest.checkTrue(BaseTest.java:92) ~[test-classes/:?]
	at tests.resultPageTests.ProductCardNumberTests.resultPage_shouldHaveExactly5ProductCards(ProductCardNumberTests.java:33) ~[test-classes/:?]
	at jdk.internal.reflect.DirectMethodHandleAccessor.invoke(DirectMethodHandleAccessor.java:103) ~[?:?]
	at java.lang.reflect.Method.invoke(Method.java:580) ~[?:?]
	at org.junit.runners.model.FrameworkMethod$1.runReflectiveCall(FrameworkMethod.java:59) ~[junit-4.13.jar:4.13]
	at org.junit.internal.runners.model.ReflectiveCallable.run(ReflectiveCallable.java:12) ~[junit-4.13.jar:4.13]
	at org.junit.runners.model.FrameworkMethod.invokeExplosively(FrameworkMethod.java:56) ~[junit-4.13.jar:4.13]
	at org.junit.internal.runners.statements.InvokeMethod.evaluate(InvokeMethod.java:17) ~[junit-4.13.jar:4.13]
	at org.junit.internal.runners.statements.RunBefores.evaluate(RunBefores.java:26) ~[junit-4.13.jar:4.13]
	at org.junit.internal.runners.statements.RunAfters.evaluate(RunAfters.java:27) ~[junit-4.13.jar:4.13]
	at org.junit.rules.TestWatcher$1.evaluate(TestWatcher.java:61) [junit-4.13.jar:4.13]
	at org.junit.runners.ParentRunner$3.evaluate(ParentRunner.java:306) [junit-4.13.jar:4.13]
	at org.junit.runners.BlockJUnit4ClassRunner$1.evaluate(BlockJUnit4ClassRunner.java:100) [junit-4.13.jar:4.13]
	at org.junit.runners.ParentRunner.runLeaf(ParentRunner.java:366) [junit-4.13.jar:4.13]
	at org.junit.runners.BlockJUnit4ClassRunner.runChild(BlockJUnit4ClassRunner.java:103) [junit-4.13.jar:4.13]
	at org.junit.runners.BlockJUnit4ClassRunner.runChild(BlockJUnit4ClassRunner.java:63) [junit-4.13.jar:4.13]
	at org.junit.runners.ParentRunner$4.run(ParentRunner.java:331) [junit-4.13.jar:4.13]
	at org.junit.runners.ParentRunner$1.schedule(ParentRunner.java:79) [junit-4.13.jar:4.13]
	at org.junit.runners.ParentRunner.runChildren(ParentRunner.java:329) [junit-4.13.jar:4.13]
	at org.junit.runners.ParentRunner.access$100(ParentRunner.java:66) [junit-4.13.jar:4.13]
	at org.junit.runners.ParentRunner$2.evaluate(ParentRunner.java:293) [junit-4.13.jar:4.13]
	at org.junit.runners.ParentRunner.run(ParentRunner.java:413) [junit-4.13.jar:4.13]
	at org.junit.runners.Suite.runChild(Suite.java:128) [junit-4.13.jar:4.13]
	at org.junit.runners.Suite.runChild(Suite.java:27) [junit-4.13.jar:4.13]
	at org.junit.runners.ParentRunner$4.run(ParentRunner.java:331) [junit-4.13.jar:4.13]
	at org.junit.runners.ParentRunner$1.schedule(ParentRunner.java:79) [junit-4.13.jar:4.13]
	at org.junit.runners.ParentRunner.runChildren(ParentRunner.java:329) [junit-4.13.jar:4.13]
	at org.junit.runners.ParentRunner.access$100(ParentRunner.java:66) [junit-4.13.jar:4.13]
	at org.junit.runners.ParentRunner$2.evaluate(ParentRunner.java:293) [junit-4.13.jar:4.13]
	at org.junit.internal.runners.statements.RunAfters.evaluate(RunAfters.java:27) [junit-4.13.jar:4.13]
	at org.junit.runners.ParentRunner$3.evaluate(ParentRunner.java:306) [junit-4.13.jar:4.13]
	at org.junit.runners.ParentRunner.run(ParentRunner.java:413) [junit-4.13.jar:4.13]
	at org.eclipse.jdt.internal.junit4.runner.JUnit4TestReference.run(JUnit4TestReference.java:93) [.cp/:?]
	at org.eclipse.jdt.internal.junit.runner.TestExecution.run(TestExecution.java:40) [.cp/:?]
	at org.eclipse.jdt.internal.junit.runner.RemoteTestRunner.runTests(RemoteTestRunner.java:530) [.cp/:?]
	at org.eclipse.jdt.internal.junit.runner.RemoteTestRunner.runTests(RemoteTestRunner.java:758) [.cp/:?]
	at org.eclipse.jdt.internal.junit.runner.RemoteTestRunner.run(RemoteTestRunner.java:453) [.cp/:?]
	at org.eclipse.jdt.internal.junit.runner.RemoteTestRunner.main(RemoteTestRunner.java:211) [.cp/:?]
2025-12-30 01:18:18 INFO  === END   tests.resultPageTests.ProductCardNumberTests.resultPage_shouldHaveExactly5ProductCards[Exp#3 [f1=1, f2=1, f3=3, f4=3, f5=3, f6=3, f7=3, f8=3]] ===
2025-12-30 01:18:18 INFO  === START tests.resultPageTests.ProductCardNumberTests.resultPage_shouldHaveExactly5ProductCards[Exp#4 [f1=1, f2=2, f3=1, f4=1, f5=2, f6=2, f7=3, f8=3]] ===
2025-12-30 01:18:21 INFO  STEP: P Score is: 17.3
2025-12-30 01:18:21 INFO  STEP: Verify cards count (actual = 5)
2025-12-30 01:18:21 INFO  STEP PASS: Expected 5 product cards
2025-12-30 01:18:21 INFO  === PASS  tests.resultPageTests.ProductCardNumberTests.resultPage_shouldHaveExactly5ProductCards[Exp#4 [f1=1, f2=2, f3=1, f4=1, f5=2, f6=2, f7=3, f8=3]] ===
2025-12-30 01:18:21 INFO  === END   tests.resultPageTests.ProductCardNumberTests.resultPage_shouldHaveExactly5ProductCards[Exp#4 [f1=1, f2=2, f3=1, f4=1, f5=2, f6=2, f7=3, f8=3]] ===
2025-12-30 01:18:21 INFO  === START tests.resultPageTests.ProductCardNumberTests.resultPage_shouldHaveExactly5ProductCards[Exp#5 [f1=1, f2=2, f3=2, f4=2, f5=3, f6=3, f7=1, f8=1]] ===
2025-12-30 01:18:24 INFO  STEP: P Score is: 16.9
2025-12-30 01:18:24 INFO  STEP: Verify cards count (actual = 5)
2025-12-30 01:18:24 INFO  STEP PASS: Expected 5 product cards
2025-12-30 01:18:24 INFO  === PASS  tests.resultPageTests.ProductCardNumberTests.resultPage_shouldHaveExactly5ProductCards[Exp#5 [f1=1, f2=2, f3=2, f4=2, f5=3, f6=3, f7=1, f8=1]] ===
2025-12-30 01:18:24 INFO  === END   tests.resultPageTests.ProductCardNumberTests.resultPage_shouldHaveExactly5ProductCards[Exp#5 [f1=1, f2=2, f3=2, f4=2, f5=3, f6=3, f7=1, f8=1]] ===
2025-12-30 01:18:24 INFO  === START tests.resultPageTests.ProductCardNumberTests.resultPage_shouldHaveExactly5ProductCards[Exp#6 [f1=1, f2=2, f3=3, f4=3, f5=1, f6=1, f7=2, f8=2]] ===
2025-12-30 01:18:28 INFO  STEP: P Score is: 18.6
2025-12-30 01:18:28 INFO  STEP: Verify cards count (actual = 5)
2025-12-30 01:18:28 INFO  STEP PASS: Expected 5 product cards
2025-12-30 01:18:28 INFO  === PASS  tests.resultPageTests.ProductCardNumberTests.resultPage_shouldHaveExactly5ProductCards[Exp#6 [f1=1, f2=2, f3=3, f4=3, f5=1, f6=1, f7=2, f8=2]] ===
2025-12-30 01:18:28 INFO  === END   tests.resultPageTests.ProductCardNumberTests.resultPage_shouldHaveExactly5ProductCards[Exp#6 [f1=1, f2=2, f3=3, f4=3, f5=1, f6=1, f7=2, f8=2]] ===
2025-12-30 01:18:28 INFO  === START tests.resultPageTests.ProductCardNumberTests.resultPage_shouldHaveExactly5ProductCards[Exp#7 [f1=1, f2=3, f3=1, f4=2, f5=1, f6=3, f7=2, f8=3]] ===
2025-12-30 01:18:31 INFO  STEP: P Score is: 18.7
2025-12-30 01:18:31 INFO  STEP: Verify cards count (actual = 5)
2025-12-30 01:18:31 INFO  STEP PASS: Expected 5 product cards
2025-12-30 01:18:31 INFO  === PASS  tests.resultPageTests.ProductCardNumberTests.resultPage_shouldHaveExactly5ProductCards[Exp#7 [f1=1, f2=3, f3=1, f4=2, f5=1, f6=3, f7=2, f8=3]] ===
2025-12-30 01:18:31 INFO  === END   tests.resultPageTests.ProductCardNumberTests.resultPage_shouldHaveExactly5ProductCards[Exp#7 [f1=1, f2=3, f3=1, f4=2, f5=1, f6=3, f7=2, f8=3]] ===
2025-12-30 01:18:31 INFO  === START tests.resultPageTests.ProductCardNumberTests.resultPage_shouldHaveExactly5ProductCards[Exp#8 [f1=1, f2=3, f3=2, f4=3, f5=2, f6=1, f7=3, f8=1]] ===
2025-12-30 01:18:35 INFO  STEP: P Score is: 19.2
2025-12-30 01:18:35 INFO  STEP: Verify cards count (actual = 5)
2025-12-30 01:18:35 INFO  STEP PASS: Expected 5 product cards
2025-12-30 01:18:35 INFO  === PASS  tests.resultPageTests.ProductCardNumberTests.resultPage_shouldHaveExactly5ProductCards[Exp#8 [f1=1, f2=3, f3=2, f4=3, f5=2, f6=1, f7=3, f8=1]] ===
2025-12-30 01:18:35 INFO  === END   tests.resultPageTests.ProductCardNumberTests.resultPage_shouldHaveExactly5ProductCards[Exp#8 [f1=1, f2=3, f3=2, f4=3, f5=2, f6=1, f7=3, f8=1]] ===
2025-12-30 01:18:35 INFO  === START tests.resultPageTests.ProductCardNumberTests.resultPage_shouldHaveExactly5ProductCards[Exp#9 [f1=1, f2=3, f3=3, f4=1, f5=3, f6=2, f7=1, f8=2]] ===
2025-12-30 01:18:38 INFO  STEP: P Score is: 18.5
2025-12-30 01:18:38 INFO  STEP: Verify cards count (actual = 5)
2025-12-30 01:18:38 INFO  STEP PASS: Expected 5 product cards
2025-12-30 01:18:38 INFO  === PASS  tests.resultPageTests.ProductCardNumberTests.resultPage_shouldHaveExactly5ProductCards[Exp#9 [f1=1, f2=3, f3=3, f4=1, f5=3, f6=2, f7=1, f8=2]] ===
2025-12-30 01:18:38 INFO  === END   tests.resultPageTests.ProductCardNumberTests.resultPage_shouldHaveExactly5ProductCards[Exp#9 [f1=1, f2=3, f3=3, f4=1, f5=3, f6=2, f7=1, f8=2]] ===
2025-12-30 01:18:38 INFO  === START tests.resultPageTests.ProductCardNumberTests.resultPage_shouldHaveExactly5ProductCards[Exp#10 [f1=2, f2=1, f3=1, f4=3, f5=3, f6=2, f7=2, f8=1]] ===
2025-12-30 01:18:42 INFO  STEP: P Score is: 17.2
2025-12-30 01:18:42 INFO  STEP: Verify cards count (actual = 5)
2025-12-30 01:18:42 INFO  STEP PASS: Expected 5 product cards
2025-12-30 01:18:42 INFO  === PASS  tests.resultPageTests.ProductCardNumberTests.resultPage_shouldHaveExactly5ProductCards[Exp#10 [f1=2, f2=1, f3=1, f4=3, f5=3, f6=2, f7=2, f8=1]] ===
2025-12-30 01:18:42 INFO  === END   tests.resultPageTests.ProductCardNumberTests.resultPage_shouldHaveExactly5ProductCards[Exp#10 [f1=2, f2=1, f3=1, f4=3, f5=3, f6=2, f7=2, f8=1]] ===
2025-12-30 01:18:42 INFO  === START tests.resultPageTests.ProductCardNumberTests.resultPage_shouldHaveExactly5ProductCards[Exp#11 [f1=2, f2=1, f3=2, f4=1, f5=1, f6=3, f7=3, f8=2]] ===
2025-12-30 01:18:45 INFO  STEP: P Score is: 16.8
2025-12-30 01:18:45 INFO  STEP: Verify cards count (actual = 5)
2025-12-30 01:18:45 INFO  STEP PASS: Expected 5 product cards
2025-12-30 01:18:45 INFO  === PASS  tests.resultPageTests.ProductCardNumberTests.resultPage_shouldHaveExactly5ProductCards[Exp#11 [f1=2, f2=1, f3=2, f4=1, f5=1, f6=3, f7=3, f8=2]] ===
2025-12-30 01:18:45 INFO  === END   tests.resultPageTests.ProductCardNumberTests.resultPage_shouldHaveExactly5ProductCards[Exp#11 [f1=2, f2=1, f3=2, f4=1, f5=1, f6=3, f7=3, f8=2]] ===
2025-12-30 01:18:45 INFO  === START tests.resultPageTests.ProductCardNumberTests.resultPage_shouldHaveExactly5ProductCards[Exp#12 [f1=2, f2=1, f3=3, f4=2, f5=2, f6=1, f7=1, f8=3]] ===
2025-12-30 01:18:49 INFO  STEP: P Score is: 18.2
2025-12-30 01:18:49 INFO  STEP: Verify cards count (actual = 5)
2025-12-30 01:18:49 INFO  STEP PASS: Expected 5 product cards
2025-12-30 01:18:49 INFO  === PASS  tests.resultPageTests.ProductCardNumberTests.resultPage_shouldHaveExactly5ProductCards[Exp#12 [f1=2, f2=1, f3=3, f4=2, f5=2, f6=1, f7=1, f8=3]] ===
2025-12-30 01:18:49 INFO  === END   tests.resultPageTests.ProductCardNumberTests.resultPage_shouldHaveExactly5ProductCards[Exp#12 [f1=2, f2=1, f3=3, f4=2, f5=2, f6=1, f7=1, f8=3]] ===
2025-12-30 01:18:49 INFO  === START tests.resultPageTests.ProductCardNumberTests.resultPage_shouldHaveExactly5ProductCards[Exp#13 [f1=2, f2=2, f3=1, f4=2, f5=3, f6=1, f7=3, f8=2]] ===
2025-12-30 01:18:52 INFO  STEP: P Score is: 18.6
2025-12-30 01:18:52 INFO  STEP: Verify cards count (actual = 5)
2025-12-30 01:18:52 INFO  STEP PASS: Expected 5 product cards
2025-12-30 01:18:52 INFO  === PASS  tests.resultPageTests.ProductCardNumberTests.resultPage_shouldHaveExactly5ProductCards[Exp#13 [f1=2, f2=2, f3=1, f4=2, f5=3, f6=1, f7=3, f8=2]] ===
2025-12-30 01:18:52 INFO  === END   tests.resultPageTests.ProductCardNumberTests.resultPage_shouldHaveExactly5ProductCards[Exp#13 [f1=2, f2=2, f3=1, f4=2, f5=3, f6=1, f7=3, f8=2]] ===
2025-12-30 01:18:52 INFO  === START tests.resultPageTests.ProductCardNumberTests.resultPage_shouldHaveExactly5ProductCards[Exp#14 [f1=2, f2=2, f3=2, f4=3, f5=1, f6=2, f7=1, f8=3]] ===
2025-12-30 01:18:56 INFO  STEP: P Score is: 19.4
2025-12-30 01:18:56 INFO  STEP: Verify cards count (actual = 5)
2025-12-30 01:18:56 INFO  STEP PASS: Expected 5 product cards
2025-12-30 01:18:56 INFO  === PASS  tests.resultPageTests.ProductCardNumberTests.resultPage_shouldHaveExactly5ProductCards[Exp#14 [f1=2, f2=2, f3=2, f4=3, f5=1, f6=2, f7=1, f8=3]] ===
2025-12-30 01:18:56 INFO  === END   tests.resultPageTests.ProductCardNumberTests.resultPage_shouldHaveExactly5ProductCards[Exp#14 [f1=2, f2=2, f3=2, f4=3, f5=1, f6=2, f7=1, f8=3]] ===
2025-12-30 01:18:56 INFO  === START tests.resultPageTests.ProductCardNumberTests.resultPage_shouldHaveExactly5ProductCards[Exp#15 [f1=2, f2=2, f3=3, f4=1, f5=2, f6=3, f7=2, f8=1]] ===
2025-12-30 01:18:59 INFO  STEP: P Score is: 17.8
2025-12-30 01:18:59 INFO  STEP: Verify cards count (actual = 5)
2025-12-30 01:18:59 INFO  STEP PASS: Expected 5 product cards
2025-12-30 01:18:59 INFO  === PASS  tests.resultPageTests.ProductCardNumberTests.resultPage_shouldHaveExactly5ProductCards[Exp#15 [f1=2, f2=2, f3=3, f4=1, f5=2, f6=3, f7=2, f8=1]] ===
2025-12-30 01:18:59 INFO  === END   tests.resultPageTests.ProductCardNumberTests.resultPage_shouldHaveExactly5ProductCards[Exp#15 [f1=2, f2=2, f3=3, f4=1, f5=2, f6=3, f7=2, f8=1]] ===
2025-12-30 01:18:59 INFO  === START tests.resultPageTests.ProductCardNumberTests.resultPage_shouldHaveExactly5ProductCards[Exp#16 [f1=2, f2=3, f3=1, f4=3, f5=2, f6=3, f7=1, f8=2]] ===
2025-12-30 01:19:03 INFO  STEP: P Score is: 19.7
2025-12-30 01:19:03 INFO  STEP: Verify cards count (actual = 5)
2025-12-30 01:19:03 INFO  STEP PASS: Expected 5 product cards
2025-12-30 01:19:03 INFO  === PASS  tests.resultPageTests.ProductCardNumberTests.resultPage_shouldHaveExactly5ProductCards[Exp#16 [f1=2, f2=3, f3=1, f4=3, f5=2, f6=3, f7=1, f8=2]] ===
2025-12-30 01:19:03 INFO  === END   tests.resultPageTests.ProductCardNumberTests.resultPage_shouldHaveExactly5ProductCards[Exp#16 [f1=2, f2=3, f3=1, f4=3, f5=2, f6=3, f7=1, f8=2]] ===
2025-12-30 01:19:03 INFO  === START tests.resultPageTests.ProductCardNumberTests.resultPage_shouldHaveExactly5ProductCards[Exp#17 [f1=2, f2=3, f3=2, f4=1, f5=3, f6=1, f7=2, f8=3]] ===
2025-12-30 01:19:07 INFO  STEP: P Score is: 19.9
2025-12-30 01:19:07 INFO  STEP: Verify cards count (actual = 4)
2025-12-30 01:19:07 ERROR STEP FAIL: Expected 5 product cards
2025-12-30 01:19:07 ERROR === FAIL  tests.resultPageTests.ProductCardNumberTests.resultPage_shouldHaveExactly5ProductCards[Exp#17 [f1=2, f2=3, f3=2, f4=1, f5=3, f6=1, f7=2, f8=3]] ===
java.lang.AssertionError: Expected 5 product cards
	at org.junit.Assert.fail(Assert.java:89) ~[junit-4.13.jar:4.13]
	at org.junit.Assert.assertTrue(Assert.java:42) ~[junit-4.13.jar:4.13]
	at tests.BaseTest.checkTrue(BaseTest.java:92) ~[test-classes/:?]
	at tests.resultPageTests.ProductCardNumberTests.resultPage_shouldHaveExactly5ProductCards(ProductCardNumberTests.java:33) ~[test-classes/:?]
	at jdk.internal.reflect.DirectMethodHandleAccessor.invoke(DirectMethodHandleAccessor.java:103) ~[?:?]
	at java.lang.reflect.Method.invoke(Method.java:580) ~[?:?]
	at org.junit.runners.model.FrameworkMethod$1.runReflectiveCall(FrameworkMethod.java:59) ~[junit-4.13.jar:4.13]
	at org.junit.internal.runners.model.ReflectiveCallable.run(ReflectiveCallable.java:12) ~[junit-4.13.jar:4.13]
	at org.junit.runners.model.FrameworkMethod.invokeExplosively(FrameworkMethod.java:56) ~[junit-4.13.jar:4.13]
	at org.junit.internal.runners.statements.InvokeMethod.evaluate(InvokeMethod.java:17) ~[junit-4.13.jar:4.13]
	at org.junit.internal.runners.statements.RunBefores.evaluate(RunBefores.java:26) ~[junit-4.13.jar:4.13]
	at org.junit.internal.runners.statements.RunAfters.evaluate(RunAfters.java:27) ~[junit-4.13.jar:4.13]
	at org.junit.rules.TestWatcher$1.evaluate(TestWatcher.java:61) [junit-4.13.jar:4.13]
	at org.junit.runners.ParentRunner$3.evaluate(ParentRunner.java:306) [junit-4.13.jar:4.13]
	at org.junit.runners.BlockJUnit4ClassRunner$1.evaluate(BlockJUnit4ClassRunner.java:100) [junit-4.13.jar:4.13]
	at org.junit.runners.ParentRunner.runLeaf(ParentRunner.java:366) [junit-4.13.jar:4.13]
	at org.junit.runners.BlockJUnit4ClassRunner.runChild(BlockJUnit4ClassRunner.java:103) [junit-4.13.jar:4.13]
	at org.junit.runners.BlockJUnit4ClassRunner.runChild(BlockJUnit4ClassRunner.java:63) [junit-4.13.jar:4.13]
	at org.junit.runners.ParentRunner$4.run(ParentRunner.java:331) [junit-4.13.jar:4.13]
	at org.junit.runners.ParentRunner$1.schedule(ParentRunner.java:79) [junit-4.13.jar:4.13]
	at org.junit.runners.ParentRunner.runChildren(ParentRunner.java:329) [junit-4.13.jar:4.13]
	at org.junit.runners.ParentRunner.access$100(ParentRunner.java:66) [junit-4.13.jar:4.13]
	at org.junit.runners.ParentRunner$2.evaluate(ParentRunner.java:293) [junit-4.13.jar:4.13]
	at org.junit.runners.ParentRunner.run(ParentRunner.java:413) [junit-4.13.jar:4.13]
	at org.junit.runners.Suite.runChild(Suite.java:128) [junit-4.13.jar:4.13]
	at org.junit.runners.Suite.runChild(Suite.java:27) [junit-4.13.jar:4.13]
	at org.junit.runners.ParentRunner$4.run(ParentRunner.java:331) [junit-4.13.jar:4.13]
	at org.junit.runners.ParentRunner$1.schedule(ParentRunner.java:79) [junit-4.13.jar:4.13]
	at org.junit.runners.ParentRunner.runChildren(ParentRunner.java:329) [junit-4.13.jar:4.13]
	at org.junit.runners.ParentRunner.access$100(ParentRunner.java:66) [junit-4.13.jar:4.13]
	at org.junit.runners.ParentRunner$2.evaluate(ParentRunner.java:293) [junit-4.13.jar:4.13]
	at org.junit.internal.runners.statements.RunAfters.evaluate(RunAfters.java:27) [junit-4.13.jar:4.13]
	at org.junit.runners.ParentRunner$3.evaluate(ParentRunner.java:306) [junit-4.13.jar:4.13]
	at org.junit.runners.ParentRunner.run(ParentRunner.java:413) [junit-4.13.jar:4.13]
	at org.eclipse.jdt.internal.junit4.runner.JUnit4TestReference.run(JUnit4TestReference.java:93) [.cp/:?]
	at org.eclipse.jdt.internal.junit.runner.TestExecution.run(TestExecution.java:40) [.cp/:?]
	at org.eclipse.jdt.internal.junit.runner.RemoteTestRunner.runTests(RemoteTestRunner.java:530) [.cp/:?]
	at org.eclipse.jdt.internal.junit.runner.RemoteTestRunner.runTests(RemoteTestRunner.java:758) [.cp/:?]
	at org.eclipse.jdt.internal.junit.runner.RemoteTestRunner.run(RemoteTestRunner.java:453) [.cp/:?]
	at org.eclipse.jdt.internal.junit.runner.RemoteTestRunner.main(RemoteTestRunner.java:211) [.cp/:?]
2025-12-30 01:19:07 INFO  === END   tests.resultPageTests.ProductCardNumberTests.resultPage_shouldHaveExactly5ProductCards[Exp#17 [f1=2, f2=3, f3=2, f4=1, f5=3, f6=1, f7=2, f8=3]] ===
2025-12-30 01:19:07 INFO  === START tests.resultPageTests.ProductCardNumberTests.resultPage_shouldHaveExactly5ProductCards[Exp#18 [f1=2, f2=3, f3=3, f4=2, f5=1, f6=2, f7=3, f8=1]] ===
2025-12-30 01:19:10 INFO  STEP: P Score is: 19.8
2025-12-30 01:19:10 INFO  STEP: Verify cards count (actual = 5)
2025-12-30 01:19:10 INFO  STEP PASS: Expected 5 product cards
2025-12-30 01:19:10 INFO  === PASS  tests.resultPageTests.ProductCardNumberTests.resultPage_shouldHaveExactly5ProductCards[Exp#18 [f1=2, f2=3, f3=3, f4=2, f5=1, f6=2, f7=3, f8=1]] ===
2025-12-30 01:19:10 INFO  === END   tests.resultPageTests.ProductCardNumberTests.resultPage_shouldHaveExactly5ProductCards[Exp#18 [f1=2, f2=3, f3=3, f4=2, f5=1, f6=2, f7=3, f8=1]] ===
2025-12-30 01:19:10 INFO  === START tests.resultPageTests.ProductCardNumberTests.resultPage_shouldHaveExactly5ProductCards[Exp#19 [f1=2, f2=3, f3=3, f4=2, f5=1, f6=1, f7=1, f8=2]] ===
2025-12-30 01:19:14 INFO  STEP: P Score is: 18.2
2025-12-30 01:19:14 INFO  STEP: Verify cards count (actual = 5)
2025-12-30 01:19:14 INFO  STEP PASS: Expected 5 product cards
2025-12-30 01:19:14 INFO  === PASS  tests.resultPageTests.ProductCardNumberTests.resultPage_shouldHaveExactly5ProductCards[Exp#19 [f1=2, f2=3, f3=3, f4=2, f5=1, f6=1, f7=1, f8=2]] ===
2025-12-30 01:19:14 INFO  === END   tests.resultPageTests.ProductCardNumberTests.resultPage_shouldHaveExactly5ProductCards[Exp#19 [f1=2, f2=3, f3=3, f4=2, f5=1, f6=1, f7=1, f8=2]] ===
2025-12-30 01:19:14 INFO  === START tests.resultPageTests.ProductCardNumberTests.resultPage_shouldHaveExactly5ProductCards[Exp#20 [f1=2, f2=3, f3=3, f4=3, f5=3, f6=3, f7=3, f8=3]] ===
2025-12-30 01:19:18 INFO  STEP: P Score is: 26.9
2025-12-30 01:19:18 INFO  STEP: Verify cards count (actual = 4)
2025-12-30 01:19:18 ERROR STEP FAIL: Expected 5 product cards
2025-12-30 01:19:18 ERROR === FAIL  tests.resultPageTests.ProductCardNumberTests.resultPage_shouldHaveExactly5ProductCards[Exp#20 [f1=2, f2=3, f3=3, f4=3, f5=3, f6=3, f7=3, f8=3]] ===
java.lang.AssertionError: Expected 5 product cards
	at org.junit.Assert.fail(Assert.java:89) ~[junit-4.13.jar:4.13]
	at org.junit.Assert.assertTrue(Assert.java:42) ~[junit-4.13.jar:4.13]
	at tests.BaseTest.checkTrue(BaseTest.java:92) ~[test-classes/:?]
	at tests.resultPageTests.ProductCardNumberTests.resultPage_shouldHaveExactly5ProductCards(ProductCardNumberTests.java:33) ~[test-classes/:?]
	at jdk.internal.reflect.DirectMethodHandleAccessor.invoke(DirectMethodHandleAccessor.java:103) ~[?:?]
	at java.lang.reflect.Method.invoke(Method.java:580) ~[?:?]
	at org.junit.runners.model.FrameworkMethod$1.runReflectiveCall(FrameworkMethod.java:59) ~[junit-4.13.jar:4.13]
	at org.junit.internal.runners.model.ReflectiveCallable.run(ReflectiveCallable.java:12) ~[junit-4.13.jar:4.13]
	at org.junit.runners.model.FrameworkMethod.invokeExplosively(FrameworkMethod.java:56) ~[junit-4.13.jar:4.13]
	at org.junit.internal.runners.statements.InvokeMethod.evaluate(InvokeMethod.java:17) ~[junit-4.13.jar:4.13]
	at org.junit.internal.runners.statements.RunBefores.evaluate(RunBefores.java:26) ~[junit-4.13.jar:4.13]
	at org.junit.internal.runners.statements.RunAfters.evaluate(RunAfters.java:27) ~[junit-4.13.jar:4.13]
	at org.junit.rules.TestWatcher$1.evaluate(TestWatcher.java:61) [junit-4.13.jar:4.13]
	at org.junit.runners.ParentRunner$3.evaluate(ParentRunner.java:306) [junit-4.13.jar:4.13]
	at org.junit.runners.BlockJUnit4ClassRunner$1.evaluate(BlockJUnit4ClassRunner.java:100) [junit-4.13.jar:4.13]
	at org.junit.runners.ParentRunner.runLeaf(ParentRunner.java:366) [junit-4.13.jar:4.13]
	at org.junit.runners.BlockJUnit4ClassRunner.runChild(BlockJUnit4ClassRunner.java:103) [junit-4.13.jar:4.13]
	at org.junit.runners.BlockJUnit4ClassRunner.runChild(BlockJUnit4ClassRunner.java:63) [junit-4.13.jar:4.13]
	at org.junit.runners.ParentRunner$4.run(ParentRunner.java:331) [junit-4.13.jar:4.13]
	at org.junit.runners.ParentRunner$1.schedule(ParentRunner.java:79) [junit-4.13.jar:4.13]
	at org.junit.runners.ParentRunner.runChildren(ParentRunner.java:329) [junit-4.13.jar:4.13]
	at org.junit.runners.ParentRunner.access$100(ParentRunner.java:66) [junit-4.13.jar:4.13]
	at org.junit.runners.ParentRunner$2.evaluate(ParentRunner.java:293) [junit-4.13.jar:4.13]
	at org.junit.runners.ParentRunner.run(ParentRunner.java:413) [junit-4.13.jar:4.13]
	at org.junit.runners.Suite.runChild(Suite.java:128) [junit-4.13.jar:4.13]
	at org.junit.runners.Suite.runChild(Suite.java:27) [junit-4.13.jar:4.13]
	at org.junit.runners.ParentRunner$4.run(ParentRunner.java:331) [junit-4.13.jar:4.13]
	at org.junit.runners.ParentRunner$1.schedule(ParentRunner.java:79) [junit-4.13.jar:4.13]
	at org.junit.runners.ParentRunner.runChildren(ParentRunner.java:329) [junit-4.13.jar:4.13]
	at org.junit.runners.ParentRunner.access$100(ParentRunner.java:66) [junit-4.13.jar:4.13]
	at org.junit.runners.ParentRunner$2.evaluate(ParentRunner.java:293) [junit-4.13.jar:4.13]
	at org.junit.internal.runners.statements.RunAfters.evaluate(RunAfters.java:27) [junit-4.13.jar:4.13]
	at org.junit.runners.ParentRunner$3.evaluate(ParentRunner.java:306) [junit-4.13.jar:4.13]
	at org.junit.runners.ParentRunner.run(ParentRunner.java:413) [junit-4.13.jar:4.13]
	at org.eclipse.jdt.internal.junit4.runner.JUnit4TestReference.run(JUnit4TestReference.java:93) [.cp/:?]
	at org.eclipse.jdt.internal.junit.runner.TestExecution.run(TestExecution.java:40) [.cp/:?]
	at org.eclipse.jdt.internal.junit.runner.RemoteTestRunner.runTests(RemoteTestRunner.java:530) [.cp/:?]
	at org.eclipse.jdt.internal.junit.runner.RemoteTestRunner.runTests(RemoteTestRunner.java:758) [.cp/:?]
	at org.eclipse.jdt.internal.junit.runner.RemoteTestRunner.run(RemoteTestRunner.java:453) [.cp/:?]
	at org.eclipse.jdt.internal.junit.runner.RemoteTestRunner.main(RemoteTestRunner.java:211) [.cp/:?]
2025-12-30 01:19:18 INFO  === END   tests.resultPageTests.ProductCardNumberTests.resultPage_shouldHaveExactly5ProductCards[Exp#20 [f1=2, f2=3, f3=3, f4=3, f5=3, f6=3, f7=3, f8=3]] ===
2025-12-30 01:31:01 INFO  === START tests.productCardsTests.ProductCardThumbnailTests.isThereThumbnailInProductCard[Exp#1 [f1=1, f2=1, f3=1, f4=1, f5=1, f6=1, f7=1, f8=1]] ===
2025-12-30 01:31:03 INFO  STEP: 📝 New input: Filling form fields.
2025-12-30 01:31:10 INFO  STEP PASS: All products must have Thumbnail
2025-12-30 01:31:10 INFO  === PASS  tests.productCardsTests.ProductCardThumbnailTests.isThereThumbnailInProductCard[Exp#1 [f1=1, f2=1, f3=1, f4=1, f5=1, f6=1, f7=1, f8=1]] ===
2025-12-30 01:31:10 INFO  === END   tests.productCardsTests.ProductCardThumbnailTests.isThereThumbnailInProductCard[Exp#1 [f1=1, f2=1, f3=1, f4=1, f5=1, f6=1, f7=1, f8=1]] ===
2025-12-30 01:31:10 INFO  === START tests.productCardsTests.ProductCardThumbnailTests.isThereThumbnailInProductCard[Exp#2 [f1=1, f2=1, f3=2, f4=2, f5=2, f6=2, f7=2, f8=2]] ===
2025-12-30 01:31:10 INFO  STEP: 📝 New input: Filling form fields.
2025-12-30 01:31:14 INFO  STEP PASS: All products must have Thumbnail
2025-12-30 01:31:14 INFO  === PASS  tests.productCardsTests.ProductCardThumbnailTests.isThereThumbnailInProductCard[Exp#2 [f1=1, f2=1, f3=2, f4=2, f5=2, f6=2, f7=2, f8=2]] ===
2025-12-30 01:31:14 INFO  === END   tests.productCardsTests.ProductCardThumbnailTests.isThereThumbnailInProductCard[Exp#2 [f1=1, f2=1, f3=2, f4=2, f5=2, f6=2, f7=2, f8=2]] ===
2025-12-30 01:31:14 INFO  === START tests.productCardsTests.ProductCardThumbnailTests.isThereThumbnailInProductCard[Exp#3 [f1=1, f2=1, f3=3, f4=3, f5=3, f6=3, f7=3, f8=3]] ===
2025-12-30 01:31:14 INFO  STEP: 📝 New input: Filling form fields.
2025-12-30 01:31:17 INFO  STEP PASS: All products must have Thumbnail
2025-12-30 01:31:17 INFO  === PASS  tests.productCardsTests.ProductCardThumbnailTests.isThereThumbnailInProductCard[Exp#3 [f1=1, f2=1, f3=3, f4=3, f5=3, f6=3, f7=3, f8=3]] ===
2025-12-30 01:31:17 INFO  === END   tests.productCardsTests.ProductCardThumbnailTests.isThereThumbnailInProductCard[Exp#3 [f1=1, f2=1, f3=3, f4=3, f5=3, f6=3, f7=3, f8=3]] ===
2025-12-30 01:31:17 INFO  === START tests.productCardsTests.ProductCardThumbnailTests.isThereThumbnailInProductCard[Exp#4 [f1=1, f2=2, f3=1, f4=1, f5=2, f6=2, f7=3, f8=3]] ===
2025-12-30 01:31:17 INFO  STEP: 📝 New input: Filling form fields.
2025-12-30 01:31:20 INFO  STEP PASS: All products must have Thumbnail
2025-12-30 01:31:20 INFO  === PASS  tests.productCardsTests.ProductCardThumbnailTests.isThereThumbnailInProductCard[Exp#4 [f1=1, f2=2, f3=1, f4=1, f5=2, f6=2, f7=3, f8=3]] ===
2025-12-30 01:31:20 INFO  === END   tests.productCardsTests.ProductCardThumbnailTests.isThereThumbnailInProductCard[Exp#4 [f1=1, f2=2, f3=1, f4=1, f5=2, f6=2, f7=3, f8=3]] ===
2025-12-30 01:31:20 INFO  === START tests.productCardsTests.ProductCardThumbnailTests.isThereThumbnailInProductCard[Exp#5 [f1=1, f2=2, f3=2, f4=2, f5=3, f6=3, f7=1, f8=1]] ===
2025-12-30 01:31:20 INFO  STEP: 📝 New input: Filling form fields.
2025-12-30 01:31:24 INFO  STEP PASS: All products must have Thumbnail
2025-12-30 01:31:24 INFO  === PASS  tests.productCardsTests.ProductCardThumbnailTests.isThereThumbnailInProductCard[Exp#5 [f1=1, f2=2, f3=2, f4=2, f5=3, f6=3, f7=1, f8=1]] ===
2025-12-30 01:31:24 INFO  === END   tests.productCardsTests.ProductCardThumbnailTests.isThereThumbnailInProductCard[Exp#5 [f1=1, f2=2, f3=2, f4=2, f5=3, f6=3, f7=1, f8=1]] ===
2025-12-30 01:31:24 INFO  === START tests.productCardsTests.ProductCardThumbnailTests.isThereThumbnailInProductCard[Exp#6 [f1=1, f2=2, f3=3, f4=3, f5=1, f6=1, f7=2, f8=2]] ===
2025-12-30 01:31:24 INFO  STEP: 📝 New input: Filling form fields.
2025-12-30 01:31:25 ERROR === FAIL  tests.productCardsTests.ProductCardThumbnailTests.isThereThumbnailInProductCard[Exp#6 [f1=1, f2=2, f3=3, f4=3, f5=1, f6=1, f7=2, f8=2]] ===
org.openqa.selenium.NoSuchSessionException: invalid session id: session deleted as the browser has closed the connection
from disconnected: not connected to DevTools
  (Session info: chrome=143.0.7499.170)
Build info: version: '4.39.0', revision: '126f156aee'
System info: os.name: 'Windows 11', os.arch: 'amd64', os.version: '10.0', java.version: '23.0.1'
Driver info: org.openqa.selenium.chrome.ChromeDriver
Command: [72fdd376589c2e731904e201d88d26ce, findElement {value=dropdown-f1, using=id}]
Capabilities {acceptInsecureCerts: false, browserName: chrome, browserVersion: 143.0.7499.170, chrome: {chromedriverVersion: 143.0.7499.169 (164b20aab62..., userDataDir: C:\Users\igor1\AppData\Loca...}, fedcm:accounts: true, goog:chromeOptions: {debuggerAddress: localhost:51983}, goog:processID: 13432, networkConnectionEnabled: false, pageLoadStrategy: normal, platformName: windows, proxy: Proxy(), se:cdp: ws://localhost:51983/devtoo..., se:cdpVersion: 143.0.7499.170, setWindowRect: true, strictFileInteractability: false, timeouts: {implicit: 0, pageLoad: 300000, script: 30000}, unhandledPromptBehavior: dismiss and notify, webauthn:extension:credBlob: true, webauthn:extension:largeBlob: true, webauthn:extension:minPinLength: true, webauthn:extension:prf: true, webauthn:virtualAuthenticators: true}
Session ID: 72fdd376589c2e731904e201d88d26ce
	at jdk.internal.reflect.DirectConstructorHandleAccessor.newInstance(DirectConstructorHandleAccessor.java:62) ~[?:?]
	at java.lang.reflect.Constructor.newInstanceWithCaller(Constructor.java:501) ~[?:?]
	at java.lang.reflect.Constructor.newInstance(Constructor.java:485) ~[?:?]
	at org.openqa.selenium.remote.ErrorCodec.decode(ErrorCodec.java:167) ~[selenium-remote-driver-4.39.0.jar:?]
	at org.openqa.selenium.remote.codec.w3c.W3CHttpResponseCodec.decode(W3CHttpResponseCodec.java:142) ~[selenium-remote-driver-4.39.0.jar:?]
	at org.openqa.selenium.remote.codec.w3c.W3CHttpResponseCodec.decode(W3CHttpResponseCodec.java:49) ~[selenium-remote-driver-4.39.0.jar:?]
	at org.openqa.selenium.remote.HttpCommandExecutor.execute(HttpCommandExecutor.java:215) ~[selenium-remote-driver-4.39.0.jar:?]
	at org.openqa.selenium.remote.service.DriverCommandExecutor.invokeExecute(DriverCommandExecutor.java:216) ~[selenium-remote-driver-4.39.0.jar:?]
	at org.openqa.selenium.remote.service.DriverCommandExecutor.execute(DriverCommandExecutor.java:174) ~[selenium-remote-driver-4.39.0.jar:?]
	at org.openqa.selenium.remote.RemoteWebDriver.execute(RemoteWebDriver.java:561) ~[selenium-remote-driver-4.39.0.jar:?]
	at org.openqa.selenium.remote.ElementLocation$ElementFinder$2.findElement(ElementLocation.java:166) ~[selenium-remote-driver-4.39.0.jar:?]
	at org.openqa.selenium.remote.ElementLocation.findElement(ElementLocation.java:60) ~[selenium-remote-driver-4.39.0.jar:?]
	at org.openqa.selenium.remote.RemoteWebDriver.findElement(RemoteWebDriver.java:384) ~[selenium-remote-driver-4.39.0.jar:?]
	at org.openqa.selenium.remote.RemoteWebDriver.findElement(RemoteWebDriver.java:378) ~[selenium-remote-driver-4.39.0.jar:?]
	at org.openqa.selenium.support.ui.ExpectedConditions$7.apply(ExpectedConditions.java:198) ~[selenium-support-4.39.0.jar:?]
	at org.openqa.selenium.support.ui.ExpectedConditions$7.apply(ExpectedConditions.java:194) ~[selenium-support-4.39.0.jar:?]
	at org.openqa.selenium.support.ui.ExpectedConditions$22.apply(ExpectedConditions.java:632) ~[selenium-support-4.39.0.jar:?]
	at org.openqa.selenium.support.ui.ExpectedConditions$22.apply(ExpectedConditions.java:629) ~[selenium-support-4.39.0.jar:?]
	at org.openqa.selenium.support.ui.FluentWait.until(FluentWait.java:203) ~[selenium-support-4.39.0.jar:?]
	at pages.GiftFormPage.selectLevel(GiftFormPage.java:53) ~[test-classes/:?]
	at pages.GiftFormPage.fillAll(GiftFormPage.java:65) ~[test-classes/:?]
	at tests.BaseTest.goToResults(BaseTest.java:77) ~[test-classes/:?]
	at tests.productCardsTests.ProductCardThumbnailTests.getOrNavigate(ProductCardThumbnailTests.java:39) ~[test-classes/:?]
	at tests.productCardsTests.ProductCardThumbnailTests.isThereThumbnailInProductCard(ProductCardThumbnailTests.java:46) ~[test-classes/:?]
	at jdk.internal.reflect.DirectMethodHandleAccessor.invoke(DirectMethodHandleAccessor.java:103) ~[?:?]
	at java.lang.reflect.Method.invoke(Method.java:580) ~[?:?]
	at org.junit.runners.model.FrameworkMethod$1.runReflectiveCall(FrameworkMethod.java:59) ~[junit-4.13.jar:4.13]
	at org.junit.internal.runners.model.ReflectiveCallable.run(ReflectiveCallable.java:12) ~[junit-4.13.jar:4.13]
	at org.junit.runners.model.FrameworkMethod.invokeExplosively(FrameworkMethod.java:56) ~[junit-4.13.jar:4.13]
	at org.junit.internal.runners.statements.InvokeMethod.evaluate(InvokeMethod.java:17) ~[junit-4.13.jar:4.13]
	at org.junit.internal.runners.statements.RunBefores.evaluate(RunBefores.java:26) ~[junit-4.13.jar:4.13]
	at org.junit.internal.runners.statements.RunAfters.evaluate(RunAfters.java:27) ~[junit-4.13.jar:4.13]
	at org.junit.rules.TestWatcher$1.evaluate(TestWatcher.java:61) [junit-4.13.jar:4.13]
	at org.junit.runners.ParentRunner$3.evaluate(ParentRunner.java:306) [junit-4.13.jar:4.13]
	at org.junit.runners.BlockJUnit4ClassRunner$1.evaluate(BlockJUnit4ClassRunner.java:100) [junit-4.13.jar:4.13]
	at org.junit.runners.ParentRunner.runLeaf(ParentRunner.java:366) [junit-4.13.jar:4.13]
	at org.junit.runners.BlockJUnit4ClassRunner.runChild(BlockJUnit4ClassRunner.java:103) [junit-4.13.jar:4.13]
	at org.junit.runners.BlockJUnit4ClassRunner.runChild(BlockJUnit4ClassRunner.java:63) [junit-4.13.jar:4.13]
	at org.junit.runners.ParentRunner$4.run(ParentRunner.java:331) [junit-4.13.jar:4.13]
	at org.junit.runners.ParentRunner$1.schedule(ParentRunner.java:79) [junit-4.13.jar:4.13]
	at org.junit.runners.ParentRunner.runChildren(ParentRunner.java:329) [junit-4.13.jar:4.13]
	at org.junit.runners.ParentRunner.access$100(ParentRunner.java:66) [junit-4.13.jar:4.13]
	at org.junit.runners.ParentRunner$2.evaluate(ParentRunner.java:293) [junit-4.13.jar:4.13]
	at org.junit.runners.ParentRunner.run(ParentRunner.java:413) [junit-4.13.jar:4.13]
	at org.junit.runners.Suite.runChild(Suite.java:128) [junit-4.13.jar:4.13]
	at org.junit.runners.Suite.runChild(Suite.java:27) [junit-4.13.jar:4.13]
	at org.junit.runners.ParentRunner$4.run(ParentRunner.java:331) [junit-4.13.jar:4.13]
	at org.junit.runners.ParentRunner$1.schedule(ParentRunner.java:79) [junit-4.13.jar:4.13]
	at org.junit.runners.ParentRunner.runChildren(ParentRunner.java:329) [junit-4.13.jar:4.13]
	at org.junit.runners.ParentRunner.access$100(ParentRunner.java:66) [junit-4.13.jar:4.13]
	at org.junit.runners.ParentRunner$2.evaluate(ParentRunner.java:293) [junit-4.13.jar:4.13]
	at org.junit.internal.runners.statements.RunAfters.evaluate(RunAfters.java:27) [junit-4.13.jar:4.13]
	at org.junit.runners.ParentRunner$3.evaluate(ParentRunner.java:306) [junit-4.13.jar:4.13]
	at org.junit.runners.ParentRunner.run(ParentRunner.java:413) [junit-4.13.jar:4.13]
	at org.eclipse.jdt.internal.junit4.runner.JUnit4TestReference.run(JUnit4TestReference.java:93) [.cp/:?]
	at org.eclipse.jdt.internal.junit.runner.TestExecution.run(TestExecution.java:40) [.cp/:?]
	at org.eclipse.jdt.internal.junit.runner.RemoteTestRunner.runTests(RemoteTestRunner.java:530) [.cp/:?]
	at org.eclipse.jdt.internal.junit.runner.RemoteTestRunner.runTests(RemoteTestRunner.java:758) [.cp/:?]
	at org.eclipse.jdt.internal.junit.runner.RemoteTestRunner.run(RemoteTestRunner.java:453) [.cp/:?]
	at org.eclipse.jdt.internal.junit.runner.RemoteTestRunner.main(RemoteTestRunner.java:211) [.cp/:?]
2025-12-30 01:31:25 INFO  === END   tests.productCardsTests.ProductCardThumbnailTests.isThereThumbnailInProductCard[Exp#6 [f1=1, f2=2, f3=3, f4=3, f5=1, f6=1, f7=2, f8=2]] ===
2025-12-30 01:31:25 INFO  === START tests.productCardsTests.ProductCardThumbnailTests.isThereThumbnailInProductCard[Exp#7 [f1=1, f2=3, f3=1, f4=2, f5=1, f6=3, f7=2, f8=3]] ===
2025-12-30 01:31:25 INFO  STEP: 📝 New input: Filling form fields.
2025-12-30 01:31:25 ERROR === FAIL  tests.productCardsTests.ProductCardThumbnailTests.isThereThumbnailInProductCard[Exp#7 [f1=1, f2=3, f3=1, f4=2, f5=1, f6=3, f7=2, f8=3]] ===
org.openqa.selenium.NoSuchSessionException: invalid session id
Build info: version: '4.39.0', revision: '126f156aee'
System info: os.name: 'Windows 11', os.arch: 'amd64', os.version: '10.0', java.version: '23.0.1'
Driver info: org.openqa.selenium.chrome.ChromeDriver
Command: [72fdd376589c2e731904e201d88d26ce, get {url=https://app--gift-genius-e436c719.base44.app}]
Capabilities {acceptInsecureCerts: false, browserName: chrome, browserVersion: 143.0.7499.170, chrome: {chromedriverVersion: 143.0.7499.169 (164b20aab62..., userDataDir: C:\Users\igor1\AppData\Loca...}, fedcm:accounts: true, goog:chromeOptions: {debuggerAddress: localhost:51983}, goog:processID: 13432, networkConnectionEnabled: false, pageLoadStrategy: normal, platformName: windows, proxy: Proxy(), se:cdp: ws://localhost:51983/devtoo..., se:cdpVersion: 143.0.7499.170, setWindowRect: true, strictFileInteractability: false, timeouts: {implicit: 0, pageLoad: 300000, script: 30000}, unhandledPromptBehavior: dismiss and notify, webauthn:extension:credBlob: true, webauthn:extension:largeBlob: true, webauthn:extension:minPinLength: true, webauthn:extension:prf: true, webauthn:virtualAuthenticators: true}
Session ID: 72fdd376589c2e731904e201d88d26ce
	at jdk.internal.reflect.DirectConstructorHandleAccessor.newInstance(DirectConstructorHandleAccessor.java:62) ~[?:?]
	at java.lang.reflect.Constructor.newInstanceWithCaller(Constructor.java:501) ~[?:?]
	at java.lang.reflect.Constructor.newInstance(Constructor.java:485) ~[?:?]
	at org.openqa.selenium.remote.ErrorCodec.decode(ErrorCodec.java:167) ~[selenium-remote-driver-4.39.0.jar:?]
	at org.openqa.selenium.remote.codec.w3c.W3CHttpResponseCodec.decode(W3CHttpResponseCodec.java:142) ~[selenium-remote-driver-4.39.0.jar:?]
	at org.openqa.selenium.remote.codec.w3c.W3CHttpResponseCodec.decode(W3CHttpResponseCodec.java:49) ~[selenium-remote-driver-4.39.0.jar:?]
	at org.openqa.selenium.remote.HttpCommandExecutor.execute(HttpCommandExecutor.java:215) ~[selenium-remote-driver-4.39.0.jar:?]
	at org.openqa.selenium.remote.service.DriverCommandExecutor.invokeExecute(DriverCommandExecutor.java:216) ~[selenium-remote-driver-4.39.0.jar:?]
	at org.openqa.selenium.remote.service.DriverCommandExecutor.execute(DriverCommandExecutor.java:174) ~[selenium-remote-driver-4.39.0.jar:?]
	at org.openqa.selenium.remote.RemoteWebDriver.execute(RemoteWebDriver.java:561) ~[selenium-remote-driver-4.39.0.jar:?]
	at org.openqa.selenium.remote.RemoteWebDriver.get(RemoteWebDriver.java:329) ~[selenium-remote-driver-4.39.0.jar:?]
	at pages.GiftFormPage.open(GiftFormPage.java:33) ~[test-classes/:?]
	at tests.BaseTest.goToResults(BaseTest.java:76) ~[test-classes/:?]
	at tests.productCardsTests.ProductCardThumbnailTests.getOrNavigate(ProductCardThumbnailTests.java:39) ~[test-classes/:?]
	at tests.productCardsTests.ProductCardThumbnailTests.isThereThumbnailInProductCard(ProductCardThumbnailTests.java:46) ~[test-classes/:?]
	at jdk.internal.reflect.DirectMethodHandleAccessor.invoke(DirectMethodHandleAccessor.java:103) ~[?:?]
	at java.lang.reflect.Method.invoke(Method.java:580) ~[?:?]
	at org.junit.runners.model.FrameworkMethod$1.runReflectiveCall(FrameworkMethod.java:59) ~[junit-4.13.jar:4.13]
	at org.junit.internal.runners.model.ReflectiveCallable.run(ReflectiveCallable.java:12) ~[junit-4.13.jar:4.13]
	at org.junit.runners.model.FrameworkMethod.invokeExplosively(FrameworkMethod.java:56) ~[junit-4.13.jar:4.13]
	at org.junit.internal.runners.statements.InvokeMethod.evaluate(InvokeMethod.java:17) ~[junit-4.13.jar:4.13]
	at org.junit.internal.runners.statements.RunBefores.evaluate(RunBefores.java:26) ~[junit-4.13.jar:4.13]
	at org.junit.internal.runners.statements.RunAfters.evaluate(RunAfters.java:27) ~[junit-4.13.jar:4.13]
	at org.junit.rules.TestWatcher$1.evaluate(TestWatcher.java:61) [junit-4.13.jar:4.13]
	at org.junit.runners.ParentRunner$3.evaluate(ParentRunner.java:306) [junit-4.13.jar:4.13]
	at org.junit.runners.BlockJUnit4ClassRunner$1.evaluate(BlockJUnit4ClassRunner.java:100) [junit-4.13.jar:4.13]
	at org.junit.runners.ParentRunner.runLeaf(ParentRunner.java:366) [junit-4.13.jar:4.13]
	at org.junit.runners.BlockJUnit4ClassRunner.runChild(BlockJUnit4ClassRunner.java:103) [junit-4.13.jar:4.13]
	at org.junit.runners.BlockJUnit4ClassRunner.runChild(BlockJUnit4ClassRunner.java:63) [junit-4.13.jar:4.13]
	at org.junit.runners.ParentRunner$4.run(ParentRunner.java:331) [junit-4.13.jar:4.13]
	at org.junit.runners.ParentRunner$1.schedule(ParentRunner.java:79) [junit-4.13.jar:4.13]
	at org.junit.runners.ParentRunner.runChildren(ParentRunner.java:329) [junit-4.13.jar:4.13]
	at org.junit.runners.ParentRunner.access$100(ParentRunner.java:66) [junit-4.13.jar:4.13]
	at org.junit.runners.ParentRunner$2.evaluate(ParentRunner.java:293) [junit-4.13.jar:4.13]
	at org.junit.runners.ParentRunner.run(ParentRunner.java:413) [junit-4.13.jar:4.13]
	at org.junit.runners.Suite.runChild(Suite.java:128) [junit-4.13.jar:4.13]
	at org.junit.runners.Suite.runChild(Suite.java:27) [junit-4.13.jar:4.13]
	at org.junit.runners.ParentRunner$4.run(ParentRunner.java:331) [junit-4.13.jar:4.13]
	at org.junit.runners.ParentRunner$1.schedule(ParentRunner.java:79) [junit-4.13.jar:4.13]
	at org.junit.runners.ParentRunner.runChildren(ParentRunner.java:329) [junit-4.13.jar:4.13]
	at org.junit.runners.ParentRunner.access$100(ParentRunner.java:66) [junit-4.13.jar:4.13]
	at org.junit.runners.ParentRunner$2.evaluate(ParentRunner.java:293) [junit-4.13.jar:4.13]
	at org.junit.internal.runners.statements.RunAfters.evaluate(RunAfters.java:27) [junit-4.13.jar:4.13]
	at org.junit.runners.ParentRunner$3.evaluate(ParentRunner.java:306) [junit-4.13.jar:4.13]
	at org.junit.runners.ParentRunner.run(ParentRunner.java:413) [junit-4.13.jar:4.13]
	at org.eclipse.jdt.internal.junit4.runner.JUnit4TestReference.run(JUnit4TestReference.java:93) [.cp/:?]
	at org.eclipse.jdt.internal.junit.runner.TestExecution.run(TestExecution.java:40) [.cp/:?]
	at org.eclipse.jdt.internal.junit.runner.RemoteTestRunner.runTests(RemoteTestRunner.java:530) [.cp/:?]
	at org.eclipse.jdt.internal.junit.runner.RemoteTestRunner.runTests(RemoteTestRunner.java:758) [.cp/:?]
	at org.eclipse.jdt.internal.junit.runner.RemoteTestRunner.run(RemoteTestRunner.java:453) [.cp/:?]
	at org.eclipse.jdt.internal.junit.runner.RemoteTestRunner.main(RemoteTestRunner.java:211) [.cp/:?]
2025-12-30 01:31:25 INFO  === END   tests.productCardsTests.ProductCardThumbnailTests.isThereThumbnailInProductCard[Exp#7 [f1=1, f2=3, f3=1, f4=2, f5=1, f6=3, f7=2, f8=3]] ===
2025-12-30 01:31:25 INFO  === START tests.productCardsTests.ProductCardThumbnailTests.isThereThumbnailInProductCard[Exp#8 [f1=1, f2=3, f3=2, f4=3, f5=2, f6=1, f7=3, f8=1]] ===
2025-12-30 01:31:25 INFO  STEP: 📝 New input: Filling form fields.
2025-12-30 01:31:25 ERROR === FAIL  tests.productCardsTests.ProductCardThumbnailTests.isThereThumbnailInProductCard[Exp#8 [f1=1, f2=3, f3=2, f4=3, f5=2, f6=1, f7=3, f8=1]] ===
org.openqa.selenium.NoSuchSessionException: invalid session id
Build info: version: '4.39.0', revision: '126f156aee'
System info: os.name: 'Windows 11', os.arch: 'amd64', os.version: '10.0', java.version: '23.0.1'
Driver info: org.openqa.selenium.chrome.ChromeDriver
Command: [72fdd376589c2e731904e201d88d26ce, get {url=https://app--gift-genius-e436c719.base44.app}]
Capabilities {acceptInsecureCerts: false, browserName: chrome, browserVersion: 143.0.7499.170, chrome: {chromedriverVersion: 143.0.7499.169 (164b20aab62..., userDataDir: C:\Users\igor1\AppData\Loca...}, fedcm:accounts: true, goog:chromeOptions: {debuggerAddress: localhost:51983}, goog:processID: 13432, networkConnectionEnabled: false, pageLoadStrategy: normal, platformName: windows, proxy: Proxy(), se:cdp: ws://localhost:51983/devtoo..., se:cdpVersion: 143.0.7499.170, setWindowRect: true, strictFileInteractability: false, timeouts: {implicit: 0, pageLoad: 300000, script: 30000}, unhandledPromptBehavior: dismiss and notify, webauthn:extension:credBlob: true, webauthn:extension:largeBlob: true, webauthn:extension:minPinLength: true, webauthn:extension:prf: true, webauthn:virtualAuthenticators: true}
Session ID: 72fdd376589c2e731904e201d88d26ce
	at jdk.internal.reflect.DirectConstructorHandleAccessor.newInstance(DirectConstructorHandleAccessor.java:62) ~[?:?]
	at java.lang.reflect.Constructor.newInstanceWithCaller(Constructor.java:501) ~[?:?]
	at java.lang.reflect.Constructor.newInstance(Constructor.java:485) ~[?:?]
	at org.openqa.selenium.remote.ErrorCodec.decode(ErrorCodec.java:167) ~[selenium-remote-driver-4.39.0.jar:?]
	at org.openqa.selenium.remote.codec.w3c.W3CHttpResponseCodec.decode(W3CHttpResponseCodec.java:142) ~[selenium-remote-driver-4.39.0.jar:?]
	at org.openqa.selenium.remote.codec.w3c.W3CHttpResponseCodec.decode(W3CHttpResponseCodec.java:49) ~[selenium-remote-driver-4.39.0.jar:?]
	at org.openqa.selenium.remote.HttpCommandExecutor.execute(HttpCommandExecutor.java:215) ~[selenium-remote-driver-4.39.0.jar:?]
	at org.openqa.selenium.remote.service.DriverCommandExecutor.invokeExecute(DriverCommandExecutor.java:216) ~[selenium-remote-driver-4.39.0.jar:?]
	at org.openqa.selenium.remote.service.DriverCommandExecutor.execute(DriverCommandExecutor.java:174) ~[selenium-remote-driver-4.39.0.jar:?]
	at org.openqa.selenium.remote.RemoteWebDriver.execute(RemoteWebDriver.java:561) ~[selenium-remote-driver-4.39.0.jar:?]
	at org.openqa.selenium.remote.RemoteWebDriver.get(RemoteWebDriver.java:329) ~[selenium-remote-driver-4.39.0.jar:?]
	at pages.GiftFormPage.open(GiftFormPage.java:33) ~[test-classes/:?]
	at tests.BaseTest.goToResults(BaseTest.java:76) ~[test-classes/:?]
	at tests.productCardsTests.ProductCardThumbnailTests.getOrNavigate(ProductCardThumbnailTests.java:39) ~[test-classes/:?]
	at tests.productCardsTests.ProductCardThumbnailTests.isThereThumbnailInProductCard(ProductCardThumbnailTests.java:46) ~[test-classes/:?]
	at jdk.internal.reflect.DirectMethodHandleAccessor.invoke(DirectMethodHandleAccessor.java:103) ~[?:?]
	at java.lang.reflect.Method.invoke(Method.java:580) ~[?:?]
	at org.junit.runners.model.FrameworkMethod$1.runReflectiveCall(FrameworkMethod.java:59) ~[junit-4.13.jar:4.13]
	at org.junit.internal.runners.model.ReflectiveCallable.run(ReflectiveCallable.java:12) ~[junit-4.13.jar:4.13]
	at org.junit.runners.model.FrameworkMethod.invokeExplosively(FrameworkMethod.java:56) ~[junit-4.13.jar:4.13]
	at org.junit.internal.runners.statements.InvokeMethod.evaluate(InvokeMethod.java:17) ~[junit-4.13.jar:4.13]
	at org.junit.internal.runners.statements.RunBefores.evaluate(RunBefores.java:26) ~[junit-4.13.jar:4.13]
	at org.junit.internal.runners.statements.RunAfters.evaluate(RunAfters.java:27) ~[junit-4.13.jar:4.13]
	at org.junit.rules.TestWatcher$1.evaluate(TestWatcher.java:61) [junit-4.13.jar:4.13]
	at org.junit.runners.ParentRunner$3.evaluate(ParentRunner.java:306) [junit-4.13.jar:4.13]
	at org.junit.runners.BlockJUnit4ClassRunner$1.evaluate(BlockJUnit4ClassRunner.java:100) [junit-4.13.jar:4.13]
	at org.junit.runners.ParentRunner.runLeaf(ParentRunner.java:366) [junit-4.13.jar:4.13]
	at org.junit.runners.BlockJUnit4ClassRunner.runChild(BlockJUnit4ClassRunner.java:103) [junit-4.13.jar:4.13]
	at org.junit.runners.BlockJUnit4ClassRunner.runChild(BlockJUnit4ClassRunner.java:63) [junit-4.13.jar:4.13]
	at org.junit.runners.ParentRunner$4.run(ParentRunner.java:331) [junit-4.13.jar:4.13]
	at org.junit.runners.ParentRunner$1.schedule(ParentRunner.java:79) [junit-4.13.jar:4.13]
	at org.junit.runners.ParentRunner.runChildren(ParentRunner.java:329) [junit-4.13.jar:4.13]
	at org.junit.runners.ParentRunner.access$100(ParentRunner.java:66) [junit-4.13.jar:4.13]
	at org.junit.runners.ParentRunner$2.evaluate(ParentRunner.java:293) [junit-4.13.jar:4.13]
	at org.junit.runners.ParentRunner.run(ParentRunner.java:413) [junit-4.13.jar:4.13]
	at org.junit.runners.Suite.runChild(Suite.java:128) [junit-4.13.jar:4.13]
	at org.junit.runners.Suite.runChild(Suite.java:27) [junit-4.13.jar:4.13]
	at org.junit.runners.ParentRunner$4.run(ParentRunner.java:331) [junit-4.13.jar:4.13]
	at org.junit.runners.ParentRunner$1.schedule(ParentRunner.java:79) [junit-4.13.jar:4.13]
	at org.junit.runners.ParentRunner.runChildren(ParentRunner.java:329) [junit-4.13.jar:4.13]
	at org.junit.runners.ParentRunner.access$100(ParentRunner.java:66) [junit-4.13.jar:4.13]
	at org.junit.runners.ParentRunner$2.evaluate(ParentRunner.java:293) [junit-4.13.jar:4.13]
	at org.junit.internal.runners.statements.RunAfters.evaluate(RunAfters.java:27) [junit-4.13.jar:4.13]
	at org.junit.runners.ParentRunner$3.evaluate(ParentRunner.java:306) [junit-4.13.jar:4.13]
	at org.junit.runners.ParentRunner.run(ParentRunner.java:413) [junit-4.13.jar:4.13]
	at org.eclipse.jdt.internal.junit4.runner.JUnit4TestReference.run(JUnit4TestReference.java:93) [.cp/:?]
	at org.eclipse.jdt.internal.junit.runner.TestExecution.run(TestExecution.java:40) [.cp/:?]
	at org.eclipse.jdt.internal.junit.runner.RemoteTestRunner.runTests(RemoteTestRunner.java:530) [.cp/:?]
	at org.eclipse.jdt.internal.junit.runner.RemoteTestRunner.runTests(RemoteTestRunner.java:758) [.cp/:?]
	at org.eclipse.jdt.internal.junit.runner.RemoteTestRunner.run(RemoteTestRunner.java:453) [.cp/:?]
	at org.eclipse.jdt.internal.junit.runner.RemoteTestRunner.main(RemoteTestRunner.java:211) [.cp/:?]
2025-12-30 01:31:25 INFO  === END   tests.productCardsTests.ProductCardThumbnailTests.isThereThumbnailInProductCard[Exp#8 [f1=1, f2=3, f3=2, f4=3, f5=2, f6=1, f7=3, f8=1]] ===
2025-12-30 01:31:25 INFO  === START tests.productCardsTests.ProductCardThumbnailTests.isThereThumbnailInProductCard[Exp#9 [f1=1, f2=3, f3=3, f4=1, f5=3, f6=2, f7=1, f8=2]] ===
2025-12-30 01:31:25 INFO  STEP: 📝 New input: Filling form fields.
2025-12-30 01:31:25 ERROR === FAIL  tests.productCardsTests.ProductCardThumbnailTests.isThereThumbnailInProductCard[Exp#9 [f1=1, f2=3, f3=3, f4=1, f5=3, f6=2, f7=1, f8=2]] ===
org.openqa.selenium.NoSuchSessionException: invalid session id
Build info: version: '4.39.0', revision: '126f156aee'
System info: os.name: 'Windows 11', os.arch: 'amd64', os.version: '10.0', java.version: '23.0.1'
Driver info: org.openqa.selenium.chrome.ChromeDriver
Command: [72fdd376589c2e731904e201d88d26ce, get {url=https://app--gift-genius-e436c719.base44.app}]
Capabilities {acceptInsecureCerts: false, browserName: chrome, browserVersion: 143.0.7499.170, chrome: {chromedriverVersion: 143.0.7499.169 (164b20aab62..., userDataDir: C:\Users\igor1\AppData\Loca...}, fedcm:accounts: true, goog:chromeOptions: {debuggerAddress: localhost:51983}, goog:processID: 13432, networkConnectionEnabled: false, pageLoadStrategy: normal, platformName: windows, proxy: Proxy(), se:cdp: ws://localhost:51983/devtoo..., se:cdpVersion: 143.0.7499.170, setWindowRect: true, strictFileInteractability: false, timeouts: {implicit: 0, pageLoad: 300000, script: 30000}, unhandledPromptBehavior: dismiss and notify, webauthn:extension:credBlob: true, webauthn:extension:largeBlob: true, webauthn:extension:minPinLength: true, webauthn:extension:prf: true, webauthn:virtualAuthenticators: true}
Session ID: 72fdd376589c2e731904e201d88d26ce
	at jdk.internal.reflect.DirectConstructorHandleAccessor.newInstance(DirectConstructorHandleAccessor.java:62) ~[?:?]
	at java.lang.reflect.Constructor.newInstanceWithCaller(Constructor.java:501) ~[?:?]
	at java.lang.reflect.Constructor.newInstance(Constructor.java:485) ~[?:?]
	at org.openqa.selenium.remote.ErrorCodec.decode(ErrorCodec.java:167) ~[selenium-remote-driver-4.39.0.jar:?]
	at org.openqa.selenium.remote.codec.w3c.W3CHttpResponseCodec.decode(W3CHttpResponseCodec.java:142) ~[selenium-remote-driver-4.39.0.jar:?]
	at org.openqa.selenium.remote.codec.w3c.W3CHttpResponseCodec.decode(W3CHttpResponseCodec.java:49) ~[selenium-remote-driver-4.39.0.jar:?]
	at org.openqa.selenium.remote.HttpCommandExecutor.execute(HttpCommandExecutor.java:215) ~[selenium-remote-driver-4.39.0.jar:?]
	at org.openqa.selenium.remote.service.DriverCommandExecutor.invokeExecute(DriverCommandExecutor.java:216) ~[selenium-remote-driver-4.39.0.jar:?]
	at org.openqa.selenium.remote.service.DriverCommandExecutor.execute(DriverCommandExecutor.java:174) ~[selenium-remote-driver-4.39.0.jar:?]
	at org.openqa.selenium.remote.RemoteWebDriver.execute(RemoteWebDriver.java:561) ~[selenium-remote-driver-4.39.0.jar:?]
	at org.openqa.selenium.remote.RemoteWebDriver.get(RemoteWebDriver.java:329) ~[selenium-remote-driver-4.39.0.jar:?]
	at pages.GiftFormPage.open(GiftFormPage.java:33) ~[test-classes/:?]
	at tests.BaseTest.goToResults(BaseTest.java:76) ~[test-classes/:?]
	at tests.productCardsTests.ProductCardThumbnailTests.getOrNavigate(ProductCardThumbnailTests.java:39) ~[test-classes/:?]
	at tests.productCardsTests.ProductCardThumbnailTests.isThereThumbnailInProductCard(ProductCardThumbnailTests.java:46) ~[test-classes/:?]
	at jdk.internal.reflect.DirectMethodHandleAccessor.invoke(DirectMethodHandleAccessor.java:103) ~[?:?]
	at java.lang.reflect.Method.invoke(Method.java:580) ~[?:?]
	at org.junit.runners.model.FrameworkMethod$1.runReflectiveCall(FrameworkMethod.java:59) ~[junit-4.13.jar:4.13]
	at org.junit.internal.runners.model.ReflectiveCallable.run(ReflectiveCallable.java:12) ~[junit-4.13.jar:4.13]
	at org.junit.runners.model.FrameworkMethod.invokeExplosively(FrameworkMethod.java:56) ~[junit-4.13.jar:4.13]
	at org.junit.internal.runners.statements.InvokeMethod.evaluate(InvokeMethod.java:17) ~[junit-4.13.jar:4.13]
	at org.junit.internal.runners.statements.RunBefores.evaluate(RunBefores.java:26) ~[junit-4.13.jar:4.13]
	at org.junit.internal.runners.statements.RunAfters.evaluate(RunAfters.java:27) ~[junit-4.13.jar:4.13]
	at org.junit.rules.TestWatcher$1.evaluate(TestWatcher.java:61) [junit-4.13.jar:4.13]
	at org.junit.runners.ParentRunner$3.evaluate(ParentRunner.java:306) [junit-4.13.jar:4.13]
	at org.junit.runners.BlockJUnit4ClassRunner$1.evaluate(BlockJUnit4ClassRunner.java:100) [junit-4.13.jar:4.13]
	at org.junit.runners.ParentRunner.runLeaf(ParentRunner.java:366) [junit-4.13.jar:4.13]
	at org.junit.runners.BlockJUnit4ClassRunner.runChild(BlockJUnit4ClassRunner.java:103) [junit-4.13.jar:4.13]
	at org.junit.runners.BlockJUnit4ClassRunner.runChild(BlockJUnit4ClassRunner.java:63) [junit-4.13.jar:4.13]
	at org.junit.runners.ParentRunner$4.run(ParentRunner.java:331) [junit-4.13.jar:4.13]
	at org.junit.runners.ParentRunner$1.schedule(ParentRunner.java:79) [junit-4.13.jar:4.13]
	at org.junit.runners.ParentRunner.runChildren(ParentRunner.java:329) [junit-4.13.jar:4.13]
	at org.junit.runners.ParentRunner.access$100(ParentRunner.java:66) [junit-4.13.jar:4.13]
	at org.junit.runners.ParentRunner$2.evaluate(ParentRunner.java:293) [junit-4.13.jar:4.13]
	at org.junit.runners.ParentRunner.run(ParentRunner.java:413) [junit-4.13.jar:4.13]
	at org.junit.runners.Suite.runChild(Suite.java:128) [junit-4.13.jar:4.13]
	at org.junit.runners.Suite.runChild(Suite.java:27) [junit-4.13.jar:4.13]
	at org.junit.runners.ParentRunner$4.run(ParentRunner.java:331) [junit-4.13.jar:4.13]
	at org.junit.runners.ParentRunner$1.schedule(ParentRunner.java:79) [junit-4.13.jar:4.13]
	at org.junit.runners.ParentRunner.runChildren(ParentRunner.java:329) [junit-4.13.jar:4.13]
	at org.junit.runners.ParentRunner.access$100(ParentRunner.java:66) [junit-4.13.jar:4.13]
	at org.junit.runners.ParentRunner$2.evaluate(ParentRunner.java:293) [junit-4.13.jar:4.13]
	at org.junit.internal.runners.statements.RunAfters.evaluate(RunAfters.java:27) [junit-4.13.jar:4.13]
	at org.junit.runners.ParentRunner$3.evaluate(ParentRunner.java:306) [junit-4.13.jar:4.13]
	at org.junit.runners.ParentRunner.run(ParentRunner.java:413) [junit-4.13.jar:4.13]
	at org.eclipse.jdt.internal.junit4.runner.JUnit4TestReference.run(JUnit4TestReference.java:93) [.cp/:?]
	at org.eclipse.jdt.internal.junit.runner.TestExecution.run(TestExecution.java:40) [.cp/:?]
	at org.eclipse.jdt.internal.junit.runner.RemoteTestRunner.runTests(RemoteTestRunner.java:530) [.cp/:?]
	at org.eclipse.jdt.internal.junit.runner.RemoteTestRunner.runTests(RemoteTestRunner.java:758) [.cp/:?]
	at org.eclipse.jdt.internal.junit.runner.RemoteTestRunner.run(RemoteTestRunner.java:453) [.cp/:?]
	at org.eclipse.jdt.internal.junit.runner.RemoteTestRunner.main(RemoteTestRunner.java:211) [.cp/:?]
2025-12-30 01:31:25 INFO  === END   tests.productCardsTests.ProductCardThumbnailTests.isThereThumbnailInProductCard[Exp#9 [f1=1, f2=3, f3=3, f4=1, f5=3, f6=2, f7=1, f8=2]] ===
2025-12-30 01:31:25 INFO  === START tests.productCardsTests.ProductCardThumbnailTests.isThereThumbnailInProductCard[Exp#10 [f1=2, f2=1, f3=1, f4=3, f5=3, f6=2, f7=2, f8=1]] ===
2025-12-30 01:31:25 INFO  STEP: 📝 New input: Filling form fields.
2025-12-30 01:31:25 ERROR === FAIL  tests.productCardsTests.ProductCardThumbnailTests.isThereThumbnailInProductCard[Exp#10 [f1=2, f2=1, f3=1, f4=3, f5=3, f6=2, f7=2, f8=1]] ===
org.openqa.selenium.NoSuchSessionException: invalid session id
Build info: version: '4.39.0', revision: '126f156aee'
System info: os.name: 'Windows 11', os.arch: 'amd64', os.version: '10.0', java.version: '23.0.1'
Driver info: org.openqa.selenium.chrome.ChromeDriver
Command: [72fdd376589c2e731904e201d88d26ce, get {url=https://app--gift-genius-e436c719.base44.app}]
Capabilities {acceptInsecureCerts: false, browserName: chrome, browserVersion: 143.0.7499.170, chrome: {chromedriverVersion: 143.0.7499.169 (164b20aab62..., userDataDir: C:\Users\igor1\AppData\Loca...}, fedcm:accounts: true, goog:chromeOptions: {debuggerAddress: localhost:51983}, goog:processID: 13432, networkConnectionEnabled: false, pageLoadStrategy: normal, platformName: windows, proxy: Proxy(), se:cdp: ws://localhost:51983/devtoo..., se:cdpVersion: 143.0.7499.170, setWindowRect: true, strictFileInteractability: false, timeouts: {implicit: 0, pageLoad: 300000, script: 30000}, unhandledPromptBehavior: dismiss and notify, webauthn:extension:credBlob: true, webauthn:extension:largeBlob: true, webauthn:extension:minPinLength: true, webauthn:extension:prf: true, webauthn:virtualAuthenticators: true}
Session ID: 72fdd376589c2e731904e201d88d26ce
	at jdk.internal.reflect.DirectConstructorHandleAccessor.newInstance(DirectConstructorHandleAccessor.java:62) ~[?:?]
	at java.lang.reflect.Constructor.newInstanceWithCaller(Constructor.java:501) ~[?:?]
	at java.lang.reflect.Constructor.newInstance(Constructor.java:485) ~[?:?]
	at org.openqa.selenium.remote.ErrorCodec.decode(ErrorCodec.java:167) ~[selenium-remote-driver-4.39.0.jar:?]
	at org.openqa.selenium.remote.codec.w3c.W3CHttpResponseCodec.decode(W3CHttpResponseCodec.java:142) ~[selenium-remote-driver-4.39.0.jar:?]
	at org.openqa.selenium.remote.codec.w3c.W3CHttpResponseCodec.decode(W3CHttpResponseCodec.java:49) ~[selenium-remote-driver-4.39.0.jar:?]
	at org.openqa.selenium.remote.HttpCommandExecutor.execute(HttpCommandExecutor.java:215) ~[selenium-remote-driver-4.39.0.jar:?]
	at org.openqa.selenium.remote.service.DriverCommandExecutor.invokeExecute(DriverCommandExecutor.java:216) ~[selenium-remote-driver-4.39.0.jar:?]
	at org.openqa.selenium.remote.service.DriverCommandExecutor.execute(DriverCommandExecutor.java:174) ~[selenium-remote-driver-4.39.0.jar:?]
	at org.openqa.selenium.remote.RemoteWebDriver.execute(RemoteWebDriver.java:561) ~[selenium-remote-driver-4.39.0.jar:?]
	at org.openqa.selenium.remote.RemoteWebDriver.get(RemoteWebDriver.java:329) ~[selenium-remote-driver-4.39.0.jar:?]
	at pages.GiftFormPage.open(GiftFormPage.java:33) ~[test-classes/:?]
	at tests.BaseTest.goToResults(BaseTest.java:76) ~[test-classes/:?]
	at tests.productCardsTests.ProductCardThumbnailTests.getOrNavigate(ProductCardThumbnailTests.java:39) ~[test-classes/:?]
	at tests.productCardsTests.ProductCardThumbnailTests.isThereThumbnailInProductCard(ProductCardThumbnailTests.java:46) ~[test-classes/:?]
	at jdk.internal.reflect.DirectMethodHandleAccessor.invoke(DirectMethodHandleAccessor.java:103) ~[?:?]
	at java.lang.reflect.Method.invoke(Method.java:580) ~[?:?]
	at org.junit.runners.model.FrameworkMethod$1.runReflectiveCall(FrameworkMethod.java:59) ~[junit-4.13.jar:4.13]
	at org.junit.internal.runners.model.ReflectiveCallable.run(ReflectiveCallable.java:12) ~[junit-4.13.jar:4.13]
	at org.junit.runners.model.FrameworkMethod.invokeExplosively(FrameworkMethod.java:56) ~[junit-4.13.jar:4.13]
	at org.junit.internal.runners.statements.InvokeMethod.evaluate(InvokeMethod.java:17) ~[junit-4.13.jar:4.13]
	at org.junit.internal.runners.statements.RunBefores.evaluate(RunBefores.java:26) ~[junit-4.13.jar:4.13]
	at org.junit.internal.runners.statements.RunAfters.evaluate(RunAfters.java:27) ~[junit-4.13.jar:4.13]
	at org.junit.rules.TestWatcher$1.evaluate(TestWatcher.java:61) [junit-4.13.jar:4.13]
	at org.junit.runners.ParentRunner$3.evaluate(ParentRunner.java:306) [junit-4.13.jar:4.13]
	at org.junit.runners.BlockJUnit4ClassRunner$1.evaluate(BlockJUnit4ClassRunner.java:100) [junit-4.13.jar:4.13]
	at org.junit.runners.ParentRunner.runLeaf(ParentRunner.java:366) [junit-4.13.jar:4.13]
	at org.junit.runners.BlockJUnit4ClassRunner.runChild(BlockJUnit4ClassRunner.java:103) [junit-4.13.jar:4.13]
	at org.junit.runners.BlockJUnit4ClassRunner.runChild(BlockJUnit4ClassRunner.java:63) [junit-4.13.jar:4.13]
	at org.junit.runners.ParentRunner$4.run(ParentRunner.java:331) [junit-4.13.jar:4.13]
	at org.junit.runners.ParentRunner$1.schedule(ParentRunner.java:79) [junit-4.13.jar:4.13]
	at org.junit.runners.ParentRunner.runChildren(ParentRunner.java:329) [junit-4.13.jar:4.13]
	at org.junit.runners.ParentRunner.access$100(ParentRunner.java:66) [junit-4.13.jar:4.13]
	at org.junit.runners.ParentRunner$2.evaluate(ParentRunner.java:293) [junit-4.13.jar:4.13]
	at org.junit.runners.ParentRunner.run(ParentRunner.java:413) [junit-4.13.jar:4.13]
	at org.junit.runners.Suite.runChild(Suite.java:128) [junit-4.13.jar:4.13]
	at org.junit.runners.Suite.runChild(Suite.java:27) [junit-4.13.jar:4.13]
	at org.junit.runners.ParentRunner$4.run(ParentRunner.java:331) [junit-4.13.jar:4.13]
	at org.junit.runners.ParentRunner$1.schedule(ParentRunner.java:79) [junit-4.13.jar:4.13]
	at org.junit.runners.ParentRunner.runChildren(ParentRunner.java:329) [junit-4.13.jar:4.13]
	at org.junit.runners.ParentRunner.access$100(ParentRunner.java:66) [junit-4.13.jar:4.13]
	at org.junit.runners.ParentRunner$2.evaluate(ParentRunner.java:293) [junit-4.13.jar:4.13]
	at org.junit.internal.runners.statements.RunAfters.evaluate(RunAfters.java:27) [junit-4.13.jar:4.13]
	at org.junit.runners.ParentRunner$3.evaluate(ParentRunner.java:306) [junit-4.13.jar:4.13]
	at org.junit.runners.ParentRunner.run(ParentRunner.java:413) [junit-4.13.jar:4.13]
	at org.eclipse.jdt.internal.junit4.runner.JUnit4TestReference.run(JUnit4TestReference.java:93) [.cp/:?]
	at org.eclipse.jdt.internal.junit.runner.TestExecution.run(TestExecution.java:40) [.cp/:?]
	at org.eclipse.jdt.internal.junit.runner.RemoteTestRunner.runTests(RemoteTestRunner.java:530) [.cp/:?]
	at org.eclipse.jdt.internal.junit.runner.RemoteTestRunner.runTests(RemoteTestRunner.java:758) [.cp/:?]
	at org.eclipse.jdt.internal.junit.runner.RemoteTestRunner.run(RemoteTestRunner.java:453) [.cp/:?]
	at org.eclipse.jdt.internal.junit.runner.RemoteTestRunner.main(RemoteTestRunner.java:211) [.cp/:?]
2025-12-30 01:31:25 INFO  === END   tests.productCardsTests.ProductCardThumbnailTests.isThereThumbnailInProductCard[Exp#10 [f1=2, f2=1, f3=1, f4=3, f5=3, f6=2, f7=2, f8=1]] ===
2025-12-30 01:31:25 INFO  === START tests.productCardsTests.ProductCardThumbnailTests.isThereThumbnailInProductCard[Exp#11 [f1=2, f2=1, f3=2, f4=1, f5=1, f6=3, f7=3, f8=2]] ===
2025-12-30 01:31:25 INFO  STEP: 📝 New input: Filling form fields.
2025-12-30 01:31:25 ERROR === FAIL  tests.productCardsTests.ProductCardThumbnailTests.isThereThumbnailInProductCard[Exp#11 [f1=2, f2=1, f3=2, f4=1, f5=1, f6=3, f7=3, f8=2]] ===
org.openqa.selenium.NoSuchSessionException: invalid session id
Build info: version: '4.39.0', revision: '126f156aee'
System info: os.name: 'Windows 11', os.arch: 'amd64', os.version: '10.0', java.version: '23.0.1'
Driver info: org.openqa.selenium.chrome.ChromeDriver
Command: [72fdd376589c2e731904e201d88d26ce, get {url=https://app--gift-genius-e436c719.base44.app}]
Capabilities {acceptInsecureCerts: false, browserName: chrome, browserVersion: 143.0.7499.170, chrome: {chromedriverVersion: 143.0.7499.169 (164b20aab62..., userDataDir: C:\Users\igor1\AppData\Loca...}, fedcm:accounts: true, goog:chromeOptions: {debuggerAddress: localhost:51983}, goog:processID: 13432, networkConnectionEnabled: false, pageLoadStrategy: normal, platformName: windows, proxy: Proxy(), se:cdp: ws://localhost:51983/devtoo..., se:cdpVersion: 143.0.7499.170, setWindowRect: true, strictFileInteractability: false, timeouts: {implicit: 0, pageLoad: 300000, script: 30000}, unhandledPromptBehavior: dismiss and notify, webauthn:extension:credBlob: true, webauthn:extension:largeBlob: true, webauthn:extension:minPinLength: true, webauthn:extension:prf: true, webauthn:virtualAuthenticators: true}
Session ID: 72fdd376589c2e731904e201d88d26ce
	at jdk.internal.reflect.DirectConstructorHandleAccessor.newInstance(DirectConstructorHandleAccessor.java:62) ~[?:?]
	at java.lang.reflect.Constructor.newInstanceWithCaller(Constructor.java:501) ~[?:?]
	at java.lang.reflect.Constructor.newInstance(Constructor.java:485) ~[?:?]
	at org.openqa.selenium.remote.ErrorCodec.decode(ErrorCodec.java:167) ~[selenium-remote-driver-4.39.0.jar:?]
	at org.openqa.selenium.remote.codec.w3c.W3CHttpResponseCodec.decode(W3CHttpResponseCodec.java:142) ~[selenium-remote-driver-4.39.0.jar:?]
	at org.openqa.selenium.remote.codec.w3c.W3CHttpResponseCodec.decode(W3CHttpResponseCodec.java:49) ~[selenium-remote-driver-4.39.0.jar:?]
	at org.openqa.selenium.remote.HttpCommandExecutor.execute(HttpCommandExecutor.java:215) ~[selenium-remote-driver-4.39.0.jar:?]
	at org.openqa.selenium.remote.service.DriverCommandExecutor.invokeExecute(DriverCommandExecutor.java:216) ~[selenium-remote-driver-4.39.0.jar:?]
	at org.openqa.selenium.remote.service.DriverCommandExecutor.execute(DriverCommandExecutor.java:174) ~[selenium-remote-driver-4.39.0.jar:?]
	at org.openqa.selenium.remote.RemoteWebDriver.execute(RemoteWebDriver.java:561) ~[selenium-remote-driver-4.39.0.jar:?]
	at org.openqa.selenium.remote.RemoteWebDriver.get(RemoteWebDriver.java:329) ~[selenium-remote-driver-4.39.0.jar:?]
	at pages.GiftFormPage.open(GiftFormPage.java:33) ~[test-classes/:?]
	at tests.BaseTest.goToResults(BaseTest.java:76) ~[test-classes/:?]
	at tests.productCardsTests.ProductCardThumbnailTests.getOrNavigate(ProductCardThumbnailTests.java:39) ~[test-classes/:?]
	at tests.productCardsTests.ProductCardThumbnailTests.isThereThumbnailInProductCard(ProductCardThumbnailTests.java:46) ~[test-classes/:?]
	at jdk.internal.reflect.DirectMethodHandleAccessor.invoke(DirectMethodHandleAccessor.java:103) ~[?:?]
	at java.lang.reflect.Method.invoke(Method.java:580) ~[?:?]
	at org.junit.runners.model.FrameworkMethod$1.runReflectiveCall(FrameworkMethod.java:59) ~[junit-4.13.jar:4.13]
	at org.junit.internal.runners.model.ReflectiveCallable.run(ReflectiveCallable.java:12) ~[junit-4.13.jar:4.13]
	at org.junit.runners.model.FrameworkMethod.invokeExplosively(FrameworkMethod.java:56) ~[junit-4.13.jar:4.13]
	at org.junit.internal.runners.statements.InvokeMethod.evaluate(InvokeMethod.java:17) ~[junit-4.13.jar:4.13]
	at org.junit.internal.runners.statements.RunBefores.evaluate(RunBefores.java:26) ~[junit-4.13.jar:4.13]
	at org.junit.internal.runners.statements.RunAfters.evaluate(RunAfters.java:27) ~[junit-4.13.jar:4.13]
	at org.junit.rules.TestWatcher$1.evaluate(TestWatcher.java:61) [junit-4.13.jar:4.13]
	at org.junit.runners.ParentRunner$3.evaluate(ParentRunner.java:306) [junit-4.13.jar:4.13]
	at org.junit.runners.BlockJUnit4ClassRunner$1.evaluate(BlockJUnit4ClassRunner.java:100) [junit-4.13.jar:4.13]
	at org.junit.runners.ParentRunner.runLeaf(ParentRunner.java:366) [junit-4.13.jar:4.13]
	at org.junit.runners.BlockJUnit4ClassRunner.runChild(BlockJUnit4ClassRunner.java:103) [junit-4.13.jar:4.13]
	at org.junit.runners.BlockJUnit4ClassRunner.runChild(BlockJUnit4ClassRunner.java:63) [junit-4.13.jar:4.13]
	at org.junit.runners.ParentRunner$4.run(ParentRunner.java:331) [junit-4.13.jar:4.13]
	at org.junit.runners.ParentRunner$1.schedule(ParentRunner.java:79) [junit-4.13.jar:4.13]
	at org.junit.runners.ParentRunner.runChildren(ParentRunner.java:329) [junit-4.13.jar:4.13]
	at org.junit.runners.ParentRunner.access$100(ParentRunner.java:66) [junit-4.13.jar:4.13]
	at org.junit.runners.ParentRunner$2.evaluate(ParentRunner.java:293) [junit-4.13.jar:4.13]
	at org.junit.runners.ParentRunner.run(ParentRunner.java:413) [junit-4.13.jar:4.13]
	at org.junit.runners.Suite.runChild(Suite.java:128) [junit-4.13.jar:4.13]
	at org.junit.runners.Suite.runChild(Suite.java:27) [junit-4.13.jar:4.13]
	at org.junit.runners.ParentRunner$4.run(ParentRunner.java:331) [junit-4.13.jar:4.13]
	at org.junit.runners.ParentRunner$1.schedule(ParentRunner.java:79) [junit-4.13.jar:4.13]
	at org.junit.runners.ParentRunner.runChildren(ParentRunner.java:329) [junit-4.13.jar:4.13]
	at org.junit.runners.ParentRunner.access$100(ParentRunner.java:66) [junit-4.13.jar:4.13]
	at org.junit.runners.ParentRunner$2.evaluate(ParentRunner.java:293) [junit-4.13.jar:4.13]
	at org.junit.internal.runners.statements.RunAfters.evaluate(RunAfters.java:27) [junit-4.13.jar:4.13]
	at org.junit.runners.ParentRunner$3.evaluate(ParentRunner.java:306) [junit-4.13.jar:4.13]
	at org.junit.runners.ParentRunner.run(ParentRunner.java:413) [junit-4.13.jar:4.13]
	at org.eclipse.jdt.internal.junit4.runner.JUnit4TestReference.run(JUnit4TestReference.java:93) [.cp/:?]
	at org.eclipse.jdt.internal.junit.runner.TestExecution.run(TestExecution.java:40) [.cp/:?]
	at org.eclipse.jdt.internal.junit.runner.RemoteTestRunner.runTests(RemoteTestRunner.java:530) [.cp/:?]
	at org.eclipse.jdt.internal.junit.runner.RemoteTestRunner.runTests(RemoteTestRunner.java:758) [.cp/:?]
	at org.eclipse.jdt.internal.junit.runner.RemoteTestRunner.run(RemoteTestRunner.java:453) [.cp/:?]
	at org.eclipse.jdt.internal.junit.runner.RemoteTestRunner.main(RemoteTestRunner.java:211) [.cp/:?]
2025-12-30 01:31:25 INFO  === END   tests.productCardsTests.ProductCardThumbnailTests.isThereThumbnailInProductCard[Exp#11 [f1=2, f2=1, f3=2, f4=1, f5=1, f6=3, f7=3, f8=2]] ===
2025-12-30 01:31:25 INFO  === START tests.productCardsTests.ProductCardThumbnailTests.isThereThumbnailInProductCard[Exp#12 [f1=2, f2=1, f3=3, f4=2, f5=2, f6=1, f7=1, f8=3]] ===
2025-12-30 01:31:25 INFO  STEP: 📝 New input: Filling form fields.
2025-12-30 01:31:25 ERROR === FAIL  tests.productCardsTests.ProductCardThumbnailTests.isThereThumbnailInProductCard[Exp#12 [f1=2, f2=1, f3=3, f4=2, f5=2, f6=1, f7=1, f8=3]] ===
org.openqa.selenium.NoSuchSessionException: invalid session id
Build info: version: '4.39.0', revision: '126f156aee'
System info: os.name: 'Windows 11', os.arch: 'amd64', os.version: '10.0', java.version: '23.0.1'
Driver info: org.openqa.selenium.chrome.ChromeDriver
Command: [72fdd376589c2e731904e201d88d26ce, get {url=https://app--gift-genius-e436c719.base44.app}]
Capabilities {acceptInsecureCerts: false, browserName: chrome, browserVersion: 143.0.7499.170, chrome: {chromedriverVersion: 143.0.7499.169 (164b20aab62..., userDataDir: C:\Users\igor1\AppData\Loca...}, fedcm:accounts: true, goog:chromeOptions: {debuggerAddress: localhost:51983}, goog:processID: 13432, networkConnectionEnabled: false, pageLoadStrategy: normal, platformName: windows, proxy: Proxy(), se:cdp: ws://localhost:51983/devtoo..., se:cdpVersion: 143.0.7499.170, setWindowRect: true, strictFileInteractability: false, timeouts: {implicit: 0, pageLoad: 300000, script: 30000}, unhandledPromptBehavior: dismiss and notify, webauthn:extension:credBlob: true, webauthn:extension:largeBlob: true, webauthn:extension:minPinLength: true, webauthn:extension:prf: true, webauthn:virtualAuthenticators: true}
Session ID: 72fdd376589c2e731904e201d88d26ce
	at jdk.internal.reflect.DirectConstructorHandleAccessor.newInstance(DirectConstructorHandleAccessor.java:62) ~[?:?]
	at java.lang.reflect.Constructor.newInstanceWithCaller(Constructor.java:501) ~[?:?]
	at java.lang.reflect.Constructor.newInstance(Constructor.java:485) ~[?:?]
	at org.openqa.selenium.remote.ErrorCodec.decode(ErrorCodec.java:167) ~[selenium-remote-driver-4.39.0.jar:?]
	at org.openqa.selenium.remote.codec.w3c.W3CHttpResponseCodec.decode(W3CHttpResponseCodec.java:142) ~[selenium-remote-driver-4.39.0.jar:?]
	at org.openqa.selenium.remote.codec.w3c.W3CHttpResponseCodec.decode(W3CHttpResponseCodec.java:49) ~[selenium-remote-driver-4.39.0.jar:?]
	at org.openqa.selenium.remote.HttpCommandExecutor.execute(HttpCommandExecutor.java:215) ~[selenium-remote-driver-4.39.0.jar:?]
	at org.openqa.selenium.remote.service.DriverCommandExecutor.invokeExecute(DriverCommandExecutor.java:216) ~[selenium-remote-driver-4.39.0.jar:?]
	at org.openqa.selenium.remote.service.DriverCommandExecutor.execute(DriverCommandExecutor.java:174) ~[selenium-remote-driver-4.39.0.jar:?]
	at org.openqa.selenium.remote.RemoteWebDriver.execute(RemoteWebDriver.java:561) ~[selenium-remote-driver-4.39.0.jar:?]
	at org.openqa.selenium.remote.RemoteWebDriver.get(RemoteWebDriver.java:329) ~[selenium-remote-driver-4.39.0.jar:?]
	at pages.GiftFormPage.open(GiftFormPage.java:33) ~[test-classes/:?]
	at tests.BaseTest.goToResults(BaseTest.java:76) ~[test-classes/:?]
	at tests.productCardsTests.ProductCardThumbnailTests.getOrNavigate(ProductCardThumbnailTests.java:39) ~[test-classes/:?]
	at tests.productCardsTests.ProductCardThumbnailTests.isThereThumbnailInProductCard(ProductCardThumbnailTests.java:46) ~[test-classes/:?]
	at jdk.internal.reflect.DirectMethodHandleAccessor.invoke(DirectMethodHandleAccessor.java:103) ~[?:?]
	at java.lang.reflect.Method.invoke(Method.java:580) ~[?:?]
	at org.junit.runners.model.FrameworkMethod$1.runReflectiveCall(FrameworkMethod.java:59) ~[junit-4.13.jar:4.13]
	at org.junit.internal.runners.model.ReflectiveCallable.run(ReflectiveCallable.java:12) ~[junit-4.13.jar:4.13]
	at org.junit.runners.model.FrameworkMethod.invokeExplosively(FrameworkMethod.java:56) ~[junit-4.13.jar:4.13]
	at org.junit.internal.runners.statements.InvokeMethod.evaluate(InvokeMethod.java:17) ~[junit-4.13.jar:4.13]
	at org.junit.internal.runners.statements.RunBefores.evaluate(RunBefores.java:26) ~[junit-4.13.jar:4.13]
	at org.junit.internal.runners.statements.RunAfters.evaluate(RunAfters.java:27) ~[junit-4.13.jar:4.13]
	at org.junit.rules.TestWatcher$1.evaluate(TestWatcher.java:61) [junit-4.13.jar:4.13]
	at org.junit.runners.ParentRunner$3.evaluate(ParentRunner.java:306) [junit-4.13.jar:4.13]
	at org.junit.runners.BlockJUnit4ClassRunner$1.evaluate(BlockJUnit4ClassRunner.java:100) [junit-4.13.jar:4.13]
	at org.junit.runners.ParentRunner.runLeaf(ParentRunner.java:366) [junit-4.13.jar:4.13]
	at org.junit.runners.BlockJUnit4ClassRunner.runChild(BlockJUnit4ClassRunner.java:103) [junit-4.13.jar:4.13]
	at org.junit.runners.BlockJUnit4ClassRunner.runChild(BlockJUnit4ClassRunner.java:63) [junit-4.13.jar:4.13]
	at org.junit.runners.ParentRunner$4.run(ParentRunner.java:331) [junit-4.13.jar:4.13]
	at org.junit.runners.ParentRunner$1.schedule(ParentRunner.java:79) [junit-4.13.jar:4.13]
	at org.junit.runners.ParentRunner.runChildren(ParentRunner.java:329) [junit-4.13.jar:4.13]
	at org.junit.runners.ParentRunner.access$100(ParentRunner.java:66) [junit-4.13.jar:4.13]
	at org.junit.runners.ParentRunner$2.evaluate(ParentRunner.java:293) [junit-4.13.jar:4.13]
	at org.junit.runners.ParentRunner.run(ParentRunner.java:413) [junit-4.13.jar:4.13]
	at org.junit.runners.Suite.runChild(Suite.java:128) [junit-4.13.jar:4.13]
	at org.junit.runners.Suite.runChild(Suite.java:27) [junit-4.13.jar:4.13]
	at org.junit.runners.ParentRunner$4.run(ParentRunner.java:331) [junit-4.13.jar:4.13]
	at org.junit.runners.ParentRunner$1.schedule(ParentRunner.java:79) [junit-4.13.jar:4.13]
	at org.junit.runners.ParentRunner.runChildren(ParentRunner.java:329) [junit-4.13.jar:4.13]
	at org.junit.runners.ParentRunner.access$100(ParentRunner.java:66) [junit-4.13.jar:4.13]
	at org.junit.runners.ParentRunner$2.evaluate(ParentRunner.java:293) [junit-4.13.jar:4.13]
	at org.junit.internal.runners.statements.RunAfters.evaluate(RunAfters.java:27) [junit-4.13.jar:4.13]
	at org.junit.runners.ParentRunner$3.evaluate(ParentRunner.java:306) [junit-4.13.jar:4.13]
	at org.junit.runners.ParentRunner.run(ParentRunner.java:413) [junit-4.13.jar:4.13]
	at org.eclipse.jdt.internal.junit4.runner.JUnit4TestReference.run(JUnit4TestReference.java:93) [.cp/:?]
	at org.eclipse.jdt.internal.junit.runner.TestExecution.run(TestExecution.java:40) [.cp/:?]
	at org.eclipse.jdt.internal.junit.runner.RemoteTestRunner.runTests(RemoteTestRunner.java:530) [.cp/:?]
	at org.eclipse.jdt.internal.junit.runner.RemoteTestRunner.runTests(RemoteTestRunner.java:758) [.cp/:?]
	at org.eclipse.jdt.internal.junit.runner.RemoteTestRunner.run(RemoteTestRunner.java:453) [.cp/:?]
	at org.eclipse.jdt.internal.junit.runner.RemoteTestRunner.main(RemoteTestRunner.java:211) [.cp/:?]
2025-12-30 01:31:25 INFO  === END   tests.productCardsTests.ProductCardThumbnailTests.isThereThumbnailInProductCard[Exp#12 [f1=2, f2=1, f3=3, f4=2, f5=2, f6=1, f7=1, f8=3]] ===
2025-12-30 01:31:25 INFO  === START tests.productCardsTests.ProductCardThumbnailTests.isThereThumbnailInProductCard[Exp#13 [f1=2, f2=2, f3=1, f4=2, f5=3, f6=1, f7=3, f8=2]] ===
2025-12-30 01:31:25 INFO  STEP: 📝 New input: Filling form fields.
2025-12-30 01:31:25 ERROR === FAIL  tests.productCardsTests.ProductCardThumbnailTests.isThereThumbnailInProductCard[Exp#13 [f1=2, f2=2, f3=1, f4=2, f5=3, f6=1, f7=3, f8=2]] ===
org.openqa.selenium.NoSuchSessionException: invalid session id
Build info: version: '4.39.0', revision: '126f156aee'
System info: os.name: 'Windows 11', os.arch: 'amd64', os.version: '10.0', java.version: '23.0.1'
Driver info: org.openqa.selenium.chrome.ChromeDriver
Command: [72fdd376589c2e731904e201d88d26ce, get {url=https://app--gift-genius-e436c719.base44.app}]
Capabilities {acceptInsecureCerts: false, browserName: chrome, browserVersion: 143.0.7499.170, chrome: {chromedriverVersion: 143.0.7499.169 (164b20aab62..., userDataDir: C:\Users\igor1\AppData\Loca...}, fedcm:accounts: true, goog:chromeOptions: {debuggerAddress: localhost:51983}, goog:processID: 13432, networkConnectionEnabled: false, pageLoadStrategy: normal, platformName: windows, proxy: Proxy(), se:cdp: ws://localhost:51983/devtoo..., se:cdpVersion: 143.0.7499.170, setWindowRect: true, strictFileInteractability: false, timeouts: {implicit: 0, pageLoad: 300000, script: 30000}, unhandledPromptBehavior: dismiss and notify, webauthn:extension:credBlob: true, webauthn:extension:largeBlob: true, webauthn:extension:minPinLength: true, webauthn:extension:prf: true, webauthn:virtualAuthenticators: true}
Session ID: 72fdd376589c2e731904e201d88d26ce
	at jdk.internal.reflect.DirectConstructorHandleAccessor.newInstance(DirectConstructorHandleAccessor.java:62) ~[?:?]
	at java.lang.reflect.Constructor.newInstanceWithCaller(Constructor.java:501) ~[?:?]
	at java.lang.reflect.Constructor.newInstance(Constructor.java:485) ~[?:?]
	at org.openqa.selenium.remote.ErrorCodec.decode(ErrorCodec.java:167) ~[selenium-remote-driver-4.39.0.jar:?]
	at org.openqa.selenium.remote.codec.w3c.W3CHttpResponseCodec.decode(W3CHttpResponseCodec.java:142) ~[selenium-remote-driver-4.39.0.jar:?]
	at org.openqa.selenium.remote.codec.w3c.W3CHttpResponseCodec.decode(W3CHttpResponseCodec.java:49) ~[selenium-remote-driver-4.39.0.jar:?]
	at org.openqa.selenium.remote.HttpCommandExecutor.execute(HttpCommandExecutor.java:215) ~[selenium-remote-driver-4.39.0.jar:?]
	at org.openqa.selenium.remote.service.DriverCommandExecutor.invokeExecute(DriverCommandExecutor.java:216) ~[selenium-remote-driver-4.39.0.jar:?]
	at org.openqa.selenium.remote.service.DriverCommandExecutor.execute(DriverCommandExecutor.java:174) ~[selenium-remote-driver-4.39.0.jar:?]
	at org.openqa.selenium.remote.RemoteWebDriver.execute(RemoteWebDriver.java:561) ~[selenium-remote-driver-4.39.0.jar:?]
	at org.openqa.selenium.remote.RemoteWebDriver.get(RemoteWebDriver.java:329) ~[selenium-remote-driver-4.39.0.jar:?]
	at pages.GiftFormPage.open(GiftFormPage.java:33) ~[test-classes/:?]
	at tests.BaseTest.goToResults(BaseTest.java:76) ~[test-classes/:?]
	at tests.productCardsTests.ProductCardThumbnailTests.getOrNavigate(ProductCardThumbnailTests.java:39) ~[test-classes/:?]
	at tests.productCardsTests.ProductCardThumbnailTests.isThereThumbnailInProductCard(ProductCardThumbnailTests.java:46) ~[test-classes/:?]
	at jdk.internal.reflect.DirectMethodHandleAccessor.invoke(DirectMethodHandleAccessor.java:103) ~[?:?]
	at java.lang.reflect.Method.invoke(Method.java:580) ~[?:?]
	at org.junit.runners.model.FrameworkMethod$1.runReflectiveCall(FrameworkMethod.java:59) ~[junit-4.13.jar:4.13]
	at org.junit.internal.runners.model.ReflectiveCallable.run(ReflectiveCallable.java:12) ~[junit-4.13.jar:4.13]
	at org.junit.runners.model.FrameworkMethod.invokeExplosively(FrameworkMethod.java:56) ~[junit-4.13.jar:4.13]
	at org.junit.internal.runners.statements.InvokeMethod.evaluate(InvokeMethod.java:17) ~[junit-4.13.jar:4.13]
	at org.junit.internal.runners.statements.RunBefores.evaluate(RunBefores.java:26) ~[junit-4.13.jar:4.13]
	at org.junit.internal.runners.statements.RunAfters.evaluate(RunAfters.java:27) ~[junit-4.13.jar:4.13]
	at org.junit.rules.TestWatcher$1.evaluate(TestWatcher.java:61) [junit-4.13.jar:4.13]
	at org.junit.runners.ParentRunner$3.evaluate(ParentRunner.java:306) [junit-4.13.jar:4.13]
	at org.junit.runners.BlockJUnit4ClassRunner$1.evaluate(BlockJUnit4ClassRunner.java:100) [junit-4.13.jar:4.13]
	at org.junit.runners.ParentRunner.runLeaf(ParentRunner.java:366) [junit-4.13.jar:4.13]
	at org.junit.runners.BlockJUnit4ClassRunner.runChild(BlockJUnit4ClassRunner.java:103) [junit-4.13.jar:4.13]
	at org.junit.runners.BlockJUnit4ClassRunner.runChild(BlockJUnit4ClassRunner.java:63) [junit-4.13.jar:4.13]
	at org.junit.runners.ParentRunner$4.run(ParentRunner.java:331) [junit-4.13.jar:4.13]
	at org.junit.runners.ParentRunner$1.schedule(ParentRunner.java:79) [junit-4.13.jar:4.13]
	at org.junit.runners.ParentRunner.runChildren(ParentRunner.java:329) [junit-4.13.jar:4.13]
	at org.junit.runners.ParentRunner.access$100(ParentRunner.java:66) [junit-4.13.jar:4.13]
	at org.junit.runners.ParentRunner$2.evaluate(ParentRunner.java:293) [junit-4.13.jar:4.13]
	at org.junit.runners.ParentRunner.run(ParentRunner.java:413) [junit-4.13.jar:4.13]
	at org.junit.runners.Suite.runChild(Suite.java:128) [junit-4.13.jar:4.13]
	at org.junit.runners.Suite.runChild(Suite.java:27) [junit-4.13.jar:4.13]
	at org.junit.runners.ParentRunner$4.run(ParentRunner.java:331) [junit-4.13.jar:4.13]
	at org.junit.runners.ParentRunner$1.schedule(ParentRunner.java:79) [junit-4.13.jar:4.13]
	at org.junit.runners.ParentRunner.runChildren(ParentRunner.java:329) [junit-4.13.jar:4.13]
	at org.junit.runners.ParentRunner.access$100(ParentRunner.java:66) [junit-4.13.jar:4.13]
	at org.junit.runners.ParentRunner$2.evaluate(ParentRunner.java:293) [junit-4.13.jar:4.13]
	at org.junit.internal.runners.statements.RunAfters.evaluate(RunAfters.java:27) [junit-4.13.jar:4.13]
	at org.junit.runners.ParentRunner$3.evaluate(ParentRunner.java:306) [junit-4.13.jar:4.13]
	at org.junit.runners.ParentRunner.run(ParentRunner.java:413) [junit-4.13.jar:4.13]
	at org.eclipse.jdt.internal.junit4.runner.JUnit4TestReference.run(JUnit4TestReference.java:93) [.cp/:?]
	at org.eclipse.jdt.internal.junit.runner.TestExecution.run(TestExecution.java:40) [.cp/:?]
	at org.eclipse.jdt.internal.junit.runner.RemoteTestRunner.runTests(RemoteTestRunner.java:530) [.cp/:?]
	at org.eclipse.jdt.internal.junit.runner.RemoteTestRunner.runTests(RemoteTestRunner.java:758) [.cp/:?]
	at org.eclipse.jdt.internal.junit.runner.RemoteTestRunner.run(RemoteTestRunner.java:453) [.cp/:?]
	at org.eclipse.jdt.internal.junit.runner.RemoteTestRunner.main(RemoteTestRunner.java:211) [.cp/:?]
2025-12-30 01:31:25 INFO  === END   tests.productCardsTests.ProductCardThumbnailTests.isThereThumbnailInProductCard[Exp#13 [f1=2, f2=2, f3=1, f4=2, f5=3, f6=1, f7=3, f8=2]] ===
2025-12-30 01:31:25 INFO  === START tests.productCardsTests.ProductCardThumbnailTests.isThereThumbnailInProductCard[Exp#14 [f1=2, f2=2, f3=2, f4=3, f5=1, f6=2, f7=1, f8=3]] ===
2025-12-30 01:31:25 INFO  STEP: 📝 New input: Filling form fields.
2025-12-30 01:31:25 ERROR === FAIL  tests.productCardsTests.ProductCardThumbnailTests.isThereThumbnailInProductCard[Exp#14 [f1=2, f2=2, f3=2, f4=3, f5=1, f6=2, f7=1, f8=3]] ===
org.openqa.selenium.NoSuchSessionException: invalid session id
Build info: version: '4.39.0', revision: '126f156aee'
System info: os.name: 'Windows 11', os.arch: 'amd64', os.version: '10.0', java.version: '23.0.1'
Driver info: org.openqa.selenium.chrome.ChromeDriver
Command: [72fdd376589c2e731904e201d88d26ce, get {url=https://app--gift-genius-e436c719.base44.app}]
Capabilities {acceptInsecureCerts: false, browserName: chrome, browserVersion: 143.0.7499.170, chrome: {chromedriverVersion: 143.0.7499.169 (164b20aab62..., userDataDir: C:\Users\igor1\AppData\Loca...}, fedcm:accounts: true, goog:chromeOptions: {debuggerAddress: localhost:51983}, goog:processID: 13432, networkConnectionEnabled: false, pageLoadStrategy: normal, platformName: windows, proxy: Proxy(), se:cdp: ws://localhost:51983/devtoo..., se:cdpVersion: 143.0.7499.170, setWindowRect: true, strictFileInteractability: false, timeouts: {implicit: 0, pageLoad: 300000, script: 30000}, unhandledPromptBehavior: dismiss and notify, webauthn:extension:credBlob: true, webauthn:extension:largeBlob: true, webauthn:extension:minPinLength: true, webauthn:extension:prf: true, webauthn:virtualAuthenticators: true}
Session ID: 72fdd376589c2e731904e201d88d26ce
	at jdk.internal.reflect.DirectConstructorHandleAccessor.newInstance(DirectConstructorHandleAccessor.java:62) ~[?:?]
	at java.lang.reflect.Constructor.newInstanceWithCaller(Constructor.java:501) ~[?:?]
	at java.lang.reflect.Constructor.newInstance(Constructor.java:485) ~[?:?]
	at org.openqa.selenium.remote.ErrorCodec.decode(ErrorCodec.java:167) ~[selenium-remote-driver-4.39.0.jar:?]
	at org.openqa.selenium.remote.codec.w3c.W3CHttpResponseCodec.decode(W3CHttpResponseCodec.java:142) ~[selenium-remote-driver-4.39.0.jar:?]
	at org.openqa.selenium.remote.codec.w3c.W3CHttpResponseCodec.decode(W3CHttpResponseCodec.java:49) ~[selenium-remote-driver-4.39.0.jar:?]
	at org.openqa.selenium.remote.HttpCommandExecutor.execute(HttpCommandExecutor.java:215) ~[selenium-remote-driver-4.39.0.jar:?]
	at org.openqa.selenium.remote.service.DriverCommandExecutor.invokeExecute(DriverCommandExecutor.java:216) ~[selenium-remote-driver-4.39.0.jar:?]
	at org.openqa.selenium.remote.service.DriverCommandExecutor.execute(DriverCommandExecutor.java:174) ~[selenium-remote-driver-4.39.0.jar:?]
	at org.openqa.selenium.remote.RemoteWebDriver.execute(RemoteWebDriver.java:561) ~[selenium-remote-driver-4.39.0.jar:?]
	at org.openqa.selenium.remote.RemoteWebDriver.get(RemoteWebDriver.java:329) ~[selenium-remote-driver-4.39.0.jar:?]
	at pages.GiftFormPage.open(GiftFormPage.java:33) ~[test-classes/:?]
	at tests.BaseTest.goToResults(BaseTest.java:76) ~[test-classes/:?]
	at tests.productCardsTests.ProductCardThumbnailTests.getOrNavigate(ProductCardThumbnailTests.java:39) ~[test-classes/:?]
	at tests.productCardsTests.ProductCardThumbnailTests.isThereThumbnailInProductCard(ProductCardThumbnailTests.java:46) ~[test-classes/:?]
	at jdk.internal.reflect.DirectMethodHandleAccessor.invoke(DirectMethodHandleAccessor.java:103) ~[?:?]
	at java.lang.reflect.Method.invoke(Method.java:580) ~[?:?]
	at org.junit.runners.model.FrameworkMethod$1.runReflectiveCall(FrameworkMethod.java:59) ~[junit-4.13.jar:4.13]
	at org.junit.internal.runners.model.ReflectiveCallable.run(ReflectiveCallable.java:12) ~[junit-4.13.jar:4.13]
	at org.junit.runners.model.FrameworkMethod.invokeExplosively(FrameworkMethod.java:56) ~[junit-4.13.jar:4.13]
	at org.junit.internal.runners.statements.InvokeMethod.evaluate(InvokeMethod.java:17) ~[junit-4.13.jar:4.13]
	at org.junit.internal.runners.statements.RunBefores.evaluate(RunBefores.java:26) ~[junit-4.13.jar:4.13]
	at org.junit.internal.runners.statements.RunAfters.evaluate(RunAfters.java:27) ~[junit-4.13.jar:4.13]
	at org.junit.rules.TestWatcher$1.evaluate(TestWatcher.java:61) [junit-4.13.jar:4.13]
	at org.junit.runners.ParentRunner$3.evaluate(ParentRunner.java:306) [junit-4.13.jar:4.13]
	at org.junit.runners.BlockJUnit4ClassRunner$1.evaluate(BlockJUnit4ClassRunner.java:100) [junit-4.13.jar:4.13]
	at org.junit.runners.ParentRunner.runLeaf(ParentRunner.java:366) [junit-4.13.jar:4.13]
	at org.junit.runners.BlockJUnit4ClassRunner.runChild(BlockJUnit4ClassRunner.java:103) [junit-4.13.jar:4.13]
	at org.junit.runners.BlockJUnit4ClassRunner.runChild(BlockJUnit4ClassRunner.java:63) [junit-4.13.jar:4.13]
	at org.junit.runners.ParentRunner$4.run(ParentRunner.java:331) [junit-4.13.jar:4.13]
	at org.junit.runners.ParentRunner$1.schedule(ParentRunner.java:79) [junit-4.13.jar:4.13]
	at org.junit.runners.ParentRunner.runChildren(ParentRunner.java:329) [junit-4.13.jar:4.13]
	at org.junit.runners.ParentRunner.access$100(ParentRunner.java:66) [junit-4.13.jar:4.13]
	at org.junit.runners.ParentRunner$2.evaluate(ParentRunner.java:293) [junit-4.13.jar:4.13]
	at org.junit.runners.ParentRunner.run(ParentRunner.java:413) [junit-4.13.jar:4.13]
	at org.junit.runners.Suite.runChild(Suite.java:128) [junit-4.13.jar:4.13]
	at org.junit.runners.Suite.runChild(Suite.java:27) [junit-4.13.jar:4.13]
	at org.junit.runners.ParentRunner$4.run(ParentRunner.java:331) [junit-4.13.jar:4.13]
	at org.junit.runners.ParentRunner$1.schedule(ParentRunner.java:79) [junit-4.13.jar:4.13]
	at org.junit.runners.ParentRunner.runChildren(ParentRunner.java:329) [junit-4.13.jar:4.13]
	at org.junit.runners.ParentRunner.access$100(ParentRunner.java:66) [junit-4.13.jar:4.13]
	at org.junit.runners.ParentRunner$2.evaluate(ParentRunner.java:293) [junit-4.13.jar:4.13]
	at org.junit.internal.runners.statements.RunAfters.evaluate(RunAfters.java:27) [junit-4.13.jar:4.13]
	at org.junit.runners.ParentRunner$3.evaluate(ParentRunner.java:306) [junit-4.13.jar:4.13]
	at org.junit.runners.ParentRunner.run(ParentRunner.java:413) [junit-4.13.jar:4.13]
	at org.eclipse.jdt.internal.junit4.runner.JUnit4TestReference.run(JUnit4TestReference.java:93) [.cp/:?]
	at org.eclipse.jdt.internal.junit.runner.TestExecution.run(TestExecution.java:40) [.cp/:?]
	at org.eclipse.jdt.internal.junit.runner.RemoteTestRunner.runTests(RemoteTestRunner.java:530) [.cp/:?]
	at org.eclipse.jdt.internal.junit.runner.RemoteTestRunner.runTests(RemoteTestRunner.java:758) [.cp/:?]
	at org.eclipse.jdt.internal.junit.runner.RemoteTestRunner.run(RemoteTestRunner.java:453) [.cp/:?]
	at org.eclipse.jdt.internal.junit.runner.RemoteTestRunner.main(RemoteTestRunner.java:211) [.cp/:?]
2025-12-30 01:31:25 INFO  === END   tests.productCardsTests.ProductCardThumbnailTests.isThereThumbnailInProductCard[Exp#14 [f1=2, f2=2, f3=2, f4=3, f5=1, f6=2, f7=1, f8=3]] ===
2025-12-30 01:31:25 INFO  === START tests.productCardsTests.ProductCardThumbnailTests.isThereThumbnailInProductCard[Exp#15 [f1=2, f2=2, f3=3, f4=1, f5=2, f6=3, f7=2, f8=1]] ===
2025-12-30 01:31:25 INFO  STEP: 📝 New input: Filling form fields.
2025-12-30 01:31:25 ERROR === FAIL  tests.productCardsTests.ProductCardThumbnailTests.isThereThumbnailInProductCard[Exp#15 [f1=2, f2=2, f3=3, f4=1, f5=2, f6=3, f7=2, f8=1]] ===
org.openqa.selenium.NoSuchSessionException: invalid session id
Build info: version: '4.39.0', revision: '126f156aee'
System info: os.name: 'Windows 11', os.arch: 'amd64', os.version: '10.0', java.version: '23.0.1'
Driver info: org.openqa.selenium.chrome.ChromeDriver
Command: [72fdd376589c2e731904e201d88d26ce, get {url=https://app--gift-genius-e436c719.base44.app}]
Capabilities {acceptInsecureCerts: false, browserName: chrome, browserVersion: 143.0.7499.170, chrome: {chromedriverVersion: 143.0.7499.169 (164b20aab62..., userDataDir: C:\Users\igor1\AppData\Loca...}, fedcm:accounts: true, goog:chromeOptions: {debuggerAddress: localhost:51983}, goog:processID: 13432, networkConnectionEnabled: false, pageLoadStrategy: normal, platformName: windows, proxy: Proxy(), se:cdp: ws://localhost:51983/devtoo..., se:cdpVersion: 143.0.7499.170, setWindowRect: true, strictFileInteractability: false, timeouts: {implicit: 0, pageLoad: 300000, script: 30000}, unhandledPromptBehavior: dismiss and notify, webauthn:extension:credBlob: true, webauthn:extension:largeBlob: true, webauthn:extension:minPinLength: true, webauthn:extension:prf: true, webauthn:virtualAuthenticators: true}
Session ID: 72fdd376589c2e731904e201d88d26ce
	at jdk.internal.reflect.DirectConstructorHandleAccessor.newInstance(DirectConstructorHandleAccessor.java:62) ~[?:?]
	at java.lang.reflect.Constructor.newInstanceWithCaller(Constructor.java:501) ~[?:?]
	at java.lang.reflect.Constructor.newInstance(Constructor.java:485) ~[?:?]
	at org.openqa.selenium.remote.ErrorCodec.decode(ErrorCodec.java:167) ~[selenium-remote-driver-4.39.0.jar:?]
	at org.openqa.selenium.remote.codec.w3c.W3CHttpResponseCodec.decode(W3CHttpResponseCodec.java:142) ~[selenium-remote-driver-4.39.0.jar:?]
	at org.openqa.selenium.remote.codec.w3c.W3CHttpResponseCodec.decode(W3CHttpResponseCodec.java:49) ~[selenium-remote-driver-4.39.0.jar:?]
	at org.openqa.selenium.remote.HttpCommandExecutor.execute(HttpCommandExecutor.java:215) ~[selenium-remote-driver-4.39.0.jar:?]
	at org.openqa.selenium.remote.service.DriverCommandExecutor.invokeExecute(DriverCommandExecutor.java:216) ~[selenium-remote-driver-4.39.0.jar:?]
	at org.openqa.selenium.remote.service.DriverCommandExecutor.execute(DriverCommandExecutor.java:174) ~[selenium-remote-driver-4.39.0.jar:?]
	at org.openqa.selenium.remote.RemoteWebDriver.execute(RemoteWebDriver.java:561) ~[selenium-remote-driver-4.39.0.jar:?]
	at org.openqa.selenium.remote.RemoteWebDriver.get(RemoteWebDriver.java:329) ~[selenium-remote-driver-4.39.0.jar:?]
	at pages.GiftFormPage.open(GiftFormPage.java:33) ~[test-classes/:?]
	at tests.BaseTest.goToResults(BaseTest.java:76) ~[test-classes/:?]
	at tests.productCardsTests.ProductCardThumbnailTests.getOrNavigate(ProductCardThumbnailTests.java:39) ~[test-classes/:?]
	at tests.productCardsTests.ProductCardThumbnailTests.isThereThumbnailInProductCard(ProductCardThumbnailTests.java:46) ~[test-classes/:?]
	at jdk.internal.reflect.DirectMethodHandleAccessor.invoke(DirectMethodHandleAccessor.java:103) ~[?:?]
	at java.lang.reflect.Method.invoke(Method.java:580) ~[?:?]
	at org.junit.runners.model.FrameworkMethod$1.runReflectiveCall(FrameworkMethod.java:59) ~[junit-4.13.jar:4.13]
	at org.junit.internal.runners.model.ReflectiveCallable.run(ReflectiveCallable.java:12) ~[junit-4.13.jar:4.13]
	at org.junit.runners.model.FrameworkMethod.invokeExplosively(FrameworkMethod.java:56) ~[junit-4.13.jar:4.13]
	at org.junit.internal.runners.statements.InvokeMethod.evaluate(InvokeMethod.java:17) ~[junit-4.13.jar:4.13]
	at org.junit.internal.runners.statements.RunBefores.evaluate(RunBefores.java:26) ~[junit-4.13.jar:4.13]
	at org.junit.internal.runners.statements.RunAfters.evaluate(RunAfters.java:27) ~[junit-4.13.jar:4.13]
	at org.junit.rules.TestWatcher$1.evaluate(TestWatcher.java:61) [junit-4.13.jar:4.13]
	at org.junit.runners.ParentRunner$3.evaluate(ParentRunner.java:306) [junit-4.13.jar:4.13]
	at org.junit.runners.BlockJUnit4ClassRunner$1.evaluate(BlockJUnit4ClassRunner.java:100) [junit-4.13.jar:4.13]
	at org.junit.runners.ParentRunner.runLeaf(ParentRunner.java:366) [junit-4.13.jar:4.13]
	at org.junit.runners.BlockJUnit4ClassRunner.runChild(BlockJUnit4ClassRunner.java:103) [junit-4.13.jar:4.13]
	at org.junit.runners.BlockJUnit4ClassRunner.runChild(BlockJUnit4ClassRunner.java:63) [junit-4.13.jar:4.13]
	at org.junit.runners.ParentRunner$4.run(ParentRunner.java:331) [junit-4.13.jar:4.13]
	at org.junit.runners.ParentRunner$1.schedule(ParentRunner.java:79) [junit-4.13.jar:4.13]
	at org.junit.runners.ParentRunner.runChildren(ParentRunner.java:329) [junit-4.13.jar:4.13]
	at org.junit.runners.ParentRunner.access$100(ParentRunner.java:66) [junit-4.13.jar:4.13]
	at org.junit.runners.ParentRunner$2.evaluate(ParentRunner.java:293) [junit-4.13.jar:4.13]
	at org.junit.runners.ParentRunner.run(ParentRunner.java:413) [junit-4.13.jar:4.13]
	at org.junit.runners.Suite.runChild(Suite.java:128) [junit-4.13.jar:4.13]
	at org.junit.runners.Suite.runChild(Suite.java:27) [junit-4.13.jar:4.13]
	at org.junit.runners.ParentRunner$4.run(ParentRunner.java:331) [junit-4.13.jar:4.13]
	at org.junit.runners.ParentRunner$1.schedule(ParentRunner.java:79) [junit-4.13.jar:4.13]
	at org.junit.runners.ParentRunner.runChildren(ParentRunner.java:329) [junit-4.13.jar:4.13]
	at org.junit.runners.ParentRunner.access$100(ParentRunner.java:66) [junit-4.13.jar:4.13]
	at org.junit.runners.ParentRunner$2.evaluate(ParentRunner.java:293) [junit-4.13.jar:4.13]
	at org.junit.internal.runners.statements.RunAfters.evaluate(RunAfters.java:27) [junit-4.13.jar:4.13]
	at org.junit.runners.ParentRunner$3.evaluate(ParentRunner.java:306) [junit-4.13.jar:4.13]
	at org.junit.runners.ParentRunner.run(ParentRunner.java:413) [junit-4.13.jar:4.13]
	at org.eclipse.jdt.internal.junit4.runner.JUnit4TestReference.run(JUnit4TestReference.java:93) [.cp/:?]
	at org.eclipse.jdt.internal.junit.runner.TestExecution.run(TestExecution.java:40) [.cp/:?]
	at org.eclipse.jdt.internal.junit.runner.RemoteTestRunner.runTests(RemoteTestRunner.java:530) [.cp/:?]
	at org.eclipse.jdt.internal.junit.runner.RemoteTestRunner.runTests(RemoteTestRunner.java:758) [.cp/:?]
	at org.eclipse.jdt.internal.junit.runner.RemoteTestRunner.run(RemoteTestRunner.java:453) [.cp/:?]
	at org.eclipse.jdt.internal.junit.runner.RemoteTestRunner.main(RemoteTestRunner.java:211) [.cp/:?]
2025-12-30 01:31:25 INFO  === END   tests.productCardsTests.ProductCardThumbnailTests.isThereThumbnailInProductCard[Exp#15 [f1=2, f2=2, f3=3, f4=1, f5=2, f6=3, f7=2, f8=1]] ===
2025-12-30 01:31:25 INFO  === START tests.productCardsTests.ProductCardThumbnailTests.isThereThumbnailInProductCard[Exp#16 [f1=2, f2=3, f3=1, f4=3, f5=2, f6=3, f7=1, f8=2]] ===
2025-12-30 01:31:25 INFO  STEP: 📝 New input: Filling form fields.
2025-12-30 01:31:25 ERROR === FAIL  tests.productCardsTests.ProductCardThumbnailTests.isThereThumbnailInProductCard[Exp#16 [f1=2, f2=3, f3=1, f4=3, f5=2, f6=3, f7=1, f8=2]] ===
org.openqa.selenium.NoSuchSessionException: invalid session id
Build info: version: '4.39.0', revision: '126f156aee'
System info: os.name: 'Windows 11', os.arch: 'amd64', os.version: '10.0', java.version: '23.0.1'
Driver info: org.openqa.selenium.chrome.ChromeDriver
Command: [72fdd376589c2e731904e201d88d26ce, get {url=https://app--gift-genius-e436c719.base44.app}]
Capabilities {acceptInsecureCerts: false, browserName: chrome, browserVersion: 143.0.7499.170, chrome: {chromedriverVersion: 143.0.7499.169 (164b20aab62..., userDataDir: C:\Users\igor1\AppData\Loca...}, fedcm:accounts: true, goog:chromeOptions: {debuggerAddress: localhost:51983}, goog:processID: 13432, networkConnectionEnabled: false, pageLoadStrategy: normal, platformName: windows, proxy: Proxy(), se:cdp: ws://localhost:51983/devtoo..., se:cdpVersion: 143.0.7499.170, setWindowRect: true, strictFileInteractability: false, timeouts: {implicit: 0, pageLoad: 300000, script: 30000}, unhandledPromptBehavior: dismiss and notify, webauthn:extension:credBlob: true, webauthn:extension:largeBlob: true, webauthn:extension:minPinLength: true, webauthn:extension:prf: true, webauthn:virtualAuthenticators: true}
Session ID: 72fdd376589c2e731904e201d88d26ce
	at jdk.internal.reflect.DirectConstructorHandleAccessor.newInstance(DirectConstructorHandleAccessor.java:62) ~[?:?]
	at java.lang.reflect.Constructor.newInstanceWithCaller(Constructor.java:501) ~[?:?]
	at java.lang.reflect.Constructor.newInstance(Constructor.java:485) ~[?:?]
	at org.openqa.selenium.remote.ErrorCodec.decode(ErrorCodec.java:167) ~[selenium-remote-driver-4.39.0.jar:?]
	at org.openqa.selenium.remote.codec.w3c.W3CHttpResponseCodec.decode(W3CHttpResponseCodec.java:142) ~[selenium-remote-driver-4.39.0.jar:?]
	at org.openqa.selenium.remote.codec.w3c.W3CHttpResponseCodec.decode(W3CHttpResponseCodec.java:49) ~[selenium-remote-driver-4.39.0.jar:?]
	at org.openqa.selenium.remote.HttpCommandExecutor.execute(HttpCommandExecutor.java:215) ~[selenium-remote-driver-4.39.0.jar:?]
	at org.openqa.selenium.remote.service.DriverCommandExecutor.invokeExecute(DriverCommandExecutor.java:216) ~[selenium-remote-driver-4.39.0.jar:?]
	at org.openqa.selenium.remote.service.DriverCommandExecutor.execute(DriverCommandExecutor.java:174) ~[selenium-remote-driver-4.39.0.jar:?]
	at org.openqa.selenium.remote.RemoteWebDriver.execute(RemoteWebDriver.java:561) ~[selenium-remote-driver-4.39.0.jar:?]
	at org.openqa.selenium.remote.RemoteWebDriver.get(RemoteWebDriver.java:329) ~[selenium-remote-driver-4.39.0.jar:?]
	at pages.GiftFormPage.open(GiftFormPage.java:33) ~[test-classes/:?]
	at tests.BaseTest.goToResults(BaseTest.java:76) ~[test-classes/:?]
	at tests.productCardsTests.ProductCardThumbnailTests.getOrNavigate(ProductCardThumbnailTests.java:39) ~[test-classes/:?]
	at tests.productCardsTests.ProductCardThumbnailTests.isThereThumbnailInProductCard(ProductCardThumbnailTests.java:46) ~[test-classes/:?]
	at jdk.internal.reflect.DirectMethodHandleAccessor.invoke(DirectMethodHandleAccessor.java:103) ~[?:?]
	at java.lang.reflect.Method.invoke(Method.java:580) ~[?:?]
	at org.junit.runners.model.FrameworkMethod$1.runReflectiveCall(FrameworkMethod.java:59) ~[junit-4.13.jar:4.13]
	at org.junit.internal.runners.model.ReflectiveCallable.run(ReflectiveCallable.java:12) ~[junit-4.13.jar:4.13]
	at org.junit.runners.model.FrameworkMethod.invokeExplosively(FrameworkMethod.java:56) ~[junit-4.13.jar:4.13]
	at org.junit.internal.runners.statements.InvokeMethod.evaluate(InvokeMethod.java:17) ~[junit-4.13.jar:4.13]
	at org.junit.internal.runners.statements.RunBefores.evaluate(RunBefores.java:26) ~[junit-4.13.jar:4.13]
	at org.junit.internal.runners.statements.RunAfters.evaluate(RunAfters.java:27) ~[junit-4.13.jar:4.13]
	at org.junit.rules.TestWatcher$1.evaluate(TestWatcher.java:61) [junit-4.13.jar:4.13]
	at org.junit.runners.ParentRunner$3.evaluate(ParentRunner.java:306) [junit-4.13.jar:4.13]
	at org.junit.runners.BlockJUnit4ClassRunner$1.evaluate(BlockJUnit4ClassRunner.java:100) [junit-4.13.jar:4.13]
	at org.junit.runners.ParentRunner.runLeaf(ParentRunner.java:366) [junit-4.13.jar:4.13]
	at org.junit.runners.BlockJUnit4ClassRunner.runChild(BlockJUnit4ClassRunner.java:103) [junit-4.13.jar:4.13]
	at org.junit.runners.BlockJUnit4ClassRunner.runChild(BlockJUnit4ClassRunner.java:63) [junit-4.13.jar:4.13]
	at org.junit.runners.ParentRunner$4.run(ParentRunner.java:331) [junit-4.13.jar:4.13]
	at org.junit.runners.ParentRunner$1.schedule(ParentRunner.java:79) [junit-4.13.jar:4.13]
	at org.junit.runners.ParentRunner.runChildren(ParentRunner.java:329) [junit-4.13.jar:4.13]
	at org.junit.runners.ParentRunner.access$100(ParentRunner.java:66) [junit-4.13.jar:4.13]
	at org.junit.runners.ParentRunner$2.evaluate(ParentRunner.java:293) [junit-4.13.jar:4.13]
	at org.junit.runners.ParentRunner.run(ParentRunner.java:413) [junit-4.13.jar:4.13]
	at org.junit.runners.Suite.runChild(Suite.java:128) [junit-4.13.jar:4.13]
	at org.junit.runners.Suite.runChild(Suite.java:27) [junit-4.13.jar:4.13]
	at org.junit.runners.ParentRunner$4.run(ParentRunner.java:331) [junit-4.13.jar:4.13]
	at org.junit.runners.ParentRunner$1.schedule(ParentRunner.java:79) [junit-4.13.jar:4.13]
	at org.junit.runners.ParentRunner.runChildren(ParentRunner.java:329) [junit-4.13.jar:4.13]
	at org.junit.runners.ParentRunner.access$100(ParentRunner.java:66) [junit-4.13.jar:4.13]
	at org.junit.runners.ParentRunner$2.evaluate(ParentRunner.java:293) [junit-4.13.jar:4.13]
	at org.junit.internal.runners.statements.RunAfters.evaluate(RunAfters.java:27) [junit-4.13.jar:4.13]
	at org.junit.runners.ParentRunner$3.evaluate(ParentRunner.java:306) [junit-4.13.jar:4.13]
	at org.junit.runners.ParentRunner.run(ParentRunner.java:413) [junit-4.13.jar:4.13]
	at org.eclipse.jdt.internal.junit4.runner.JUnit4TestReference.run(JUnit4TestReference.java:93) [.cp/:?]
	at org.eclipse.jdt.internal.junit.runner.TestExecution.run(TestExecution.java:40) [.cp/:?]
	at org.eclipse.jdt.internal.junit.runner.RemoteTestRunner.runTests(RemoteTestRunner.java:530) [.cp/:?]
	at org.eclipse.jdt.internal.junit.runner.RemoteTestRunner.runTests(RemoteTestRunner.java:758) [.cp/:?]
	at org.eclipse.jdt.internal.junit.runner.RemoteTestRunner.run(RemoteTestRunner.java:453) [.cp/:?]
	at org.eclipse.jdt.internal.junit.runner.RemoteTestRunner.main(RemoteTestRunner.java:211) [.cp/:?]
2025-12-30 01:31:25 INFO  === END   tests.productCardsTests.ProductCardThumbnailTests.isThereThumbnailInProductCard[Exp#16 [f1=2, f2=3, f3=1, f4=3, f5=2, f6=3, f7=1, f8=2]] ===
2025-12-30 01:31:25 INFO  === START tests.productCardsTests.ProductCardThumbnailTests.isThereThumbnailInProductCard[Exp#17 [f1=2, f2=3, f3=2, f4=1, f5=3, f6=1, f7=2, f8=3]] ===
2025-12-30 01:31:25 INFO  STEP: 📝 New input: Filling form fields.
2025-12-30 01:31:25 ERROR === FAIL  tests.productCardsTests.ProductCardThumbnailTests.isThereThumbnailInProductCard[Exp#17 [f1=2, f2=3, f3=2, f4=1, f5=3, f6=1, f7=2, f8=3]] ===
org.openqa.selenium.NoSuchSessionException: invalid session id
Build info: version: '4.39.0', revision: '126f156aee'
System info: os.name: 'Windows 11', os.arch: 'amd64', os.version: '10.0', java.version: '23.0.1'
Driver info: org.openqa.selenium.chrome.ChromeDriver
Command: [72fdd376589c2e731904e201d88d26ce, get {url=https://app--gift-genius-e436c719.base44.app}]
Capabilities {acceptInsecureCerts: false, browserName: chrome, browserVersion: 143.0.7499.170, chrome: {chromedriverVersion: 143.0.7499.169 (164b20aab62..., userDataDir: C:\Users\igor1\AppData\Loca...}, fedcm:accounts: true, goog:chromeOptions: {debuggerAddress: localhost:51983}, goog:processID: 13432, networkConnectionEnabled: false, pageLoadStrategy: normal, platformName: windows, proxy: Proxy(), se:cdp: ws://localhost:51983/devtoo..., se:cdpVersion: 143.0.7499.170, setWindowRect: true, strictFileInteractability: false, timeouts: {implicit: 0, pageLoad: 300000, script: 30000}, unhandledPromptBehavior: dismiss and notify, webauthn:extension:credBlob: true, webauthn:extension:largeBlob: true, webauthn:extension:minPinLength: true, webauthn:extension:prf: true, webauthn:virtualAuthenticators: true}
Session ID: 72fdd376589c2e731904e201d88d26ce
	at jdk.internal.reflect.DirectConstructorHandleAccessor.newInstance(DirectConstructorHandleAccessor.java:62) ~[?:?]
	at java.lang.reflect.Constructor.newInstanceWithCaller(Constructor.java:501) ~[?:?]
	at java.lang.reflect.Constructor.newInstance(Constructor.java:485) ~[?:?]
	at org.openqa.selenium.remote.ErrorCodec.decode(ErrorCodec.java:167) ~[selenium-remote-driver-4.39.0.jar:?]
	at org.openqa.selenium.remote.codec.w3c.W3CHttpResponseCodec.decode(W3CHttpResponseCodec.java:142) ~[selenium-remote-driver-4.39.0.jar:?]
	at org.openqa.selenium.remote.codec.w3c.W3CHttpResponseCodec.decode(W3CHttpResponseCodec.java:49) ~[selenium-remote-driver-4.39.0.jar:?]
	at org.openqa.selenium.remote.HttpCommandExecutor.execute(HttpCommandExecutor.java:215) ~[selenium-remote-driver-4.39.0.jar:?]
	at org.openqa.selenium.remote.service.DriverCommandExecutor.invokeExecute(DriverCommandExecutor.java:216) ~[selenium-remote-driver-4.39.0.jar:?]
	at org.openqa.selenium.remote.service.DriverCommandExecutor.execute(DriverCommandExecutor.java:174) ~[selenium-remote-driver-4.39.0.jar:?]
	at org.openqa.selenium.remote.RemoteWebDriver.execute(RemoteWebDriver.java:561) ~[selenium-remote-driver-4.39.0.jar:?]
	at org.openqa.selenium.remote.RemoteWebDriver.get(RemoteWebDriver.java:329) ~[selenium-remote-driver-4.39.0.jar:?]
	at pages.GiftFormPage.open(GiftFormPage.java:33) ~[test-classes/:?]
	at tests.BaseTest.goToResults(BaseTest.java:76) ~[test-classes/:?]
	at tests.productCardsTests.ProductCardThumbnailTests.getOrNavigate(ProductCardThumbnailTests.java:39) ~[test-classes/:?]
	at tests.productCardsTests.ProductCardThumbnailTests.isThereThumbnailInProductCard(ProductCardThumbnailTests.java:46) ~[test-classes/:?]
	at jdk.internal.reflect.DirectMethodHandleAccessor.invoke(DirectMethodHandleAccessor.java:103) ~[?:?]
	at java.lang.reflect.Method.invoke(Method.java:580) ~[?:?]
	at org.junit.runners.model.FrameworkMethod$1.runReflectiveCall(FrameworkMethod.java:59) ~[junit-4.13.jar:4.13]
	at org.junit.internal.runners.model.ReflectiveCallable.run(ReflectiveCallable.java:12) ~[junit-4.13.jar:4.13]
	at org.junit.runners.model.FrameworkMethod.invokeExplosively(FrameworkMethod.java:56) ~[junit-4.13.jar:4.13]
	at org.junit.internal.runners.statements.InvokeMethod.evaluate(InvokeMethod.java:17) ~[junit-4.13.jar:4.13]
	at org.junit.internal.runners.statements.RunBefores.evaluate(RunBefores.java:26) ~[junit-4.13.jar:4.13]
	at org.junit.internal.runners.statements.RunAfters.evaluate(RunAfters.java:27) ~[junit-4.13.jar:4.13]
	at org.junit.rules.TestWatcher$1.evaluate(TestWatcher.java:61) [junit-4.13.jar:4.13]
	at org.junit.runners.ParentRunner$3.evaluate(ParentRunner.java:306) [junit-4.13.jar:4.13]
	at org.junit.runners.BlockJUnit4ClassRunner$1.evaluate(BlockJUnit4ClassRunner.java:100) [junit-4.13.jar:4.13]
	at org.junit.runners.ParentRunner.runLeaf(ParentRunner.java:366) [junit-4.13.jar:4.13]
	at org.junit.runners.BlockJUnit4ClassRunner.runChild(BlockJUnit4ClassRunner.java:103) [junit-4.13.jar:4.13]
	at org.junit.runners.BlockJUnit4ClassRunner.runChild(BlockJUnit4ClassRunner.java:63) [junit-4.13.jar:4.13]
	at org.junit.runners.ParentRunner$4.run(ParentRunner.java:331) [junit-4.13.jar:4.13]
	at org.junit.runners.ParentRunner$1.schedule(ParentRunner.java:79) [junit-4.13.jar:4.13]
	at org.junit.runners.ParentRunner.runChildren(ParentRunner.java:329) [junit-4.13.jar:4.13]
	at org.junit.runners.ParentRunner.access$100(ParentRunner.java:66) [junit-4.13.jar:4.13]
	at org.junit.runners.ParentRunner$2.evaluate(ParentRunner.java:293) [junit-4.13.jar:4.13]
	at org.junit.runners.ParentRunner.run(ParentRunner.java:413) [junit-4.13.jar:4.13]
	at org.junit.runners.Suite.runChild(Suite.java:128) [junit-4.13.jar:4.13]
	at org.junit.runners.Suite.runChild(Suite.java:27) [junit-4.13.jar:4.13]
	at org.junit.runners.ParentRunner$4.run(ParentRunner.java:331) [junit-4.13.jar:4.13]
	at org.junit.runners.ParentRunner$1.schedule(ParentRunner.java:79) [junit-4.13.jar:4.13]
	at org.junit.runners.ParentRunner.runChildren(ParentRunner.java:329) [junit-4.13.jar:4.13]
	at org.junit.runners.ParentRunner.access$100(ParentRunner.java:66) [junit-4.13.jar:4.13]
	at org.junit.runners.ParentRunner$2.evaluate(ParentRunner.java:293) [junit-4.13.jar:4.13]
	at org.junit.internal.runners.statements.RunAfters.evaluate(RunAfters.java:27) [junit-4.13.jar:4.13]
	at org.junit.runners.ParentRunner$3.evaluate(ParentRunner.java:306) [junit-4.13.jar:4.13]
	at org.junit.runners.ParentRunner.run(ParentRunner.java:413) [junit-4.13.jar:4.13]
	at org.eclipse.jdt.internal.junit4.runner.JUnit4TestReference.run(JUnit4TestReference.java:93) [.cp/:?]
	at org.eclipse.jdt.internal.junit.runner.TestExecution.run(TestExecution.java:40) [.cp/:?]
	at org.eclipse.jdt.internal.junit.runner.RemoteTestRunner.runTests(RemoteTestRunner.java:530) [.cp/:?]
	at org.eclipse.jdt.internal.junit.runner.RemoteTestRunner.runTests(RemoteTestRunner.java:758) [.cp/:?]
	at org.eclipse.jdt.internal.junit.runner.RemoteTestRunner.run(RemoteTestRunner.java:453) [.cp/:?]
	at org.eclipse.jdt.internal.junit.runner.RemoteTestRunner.main(RemoteTestRunner.java:211) [.cp/:?]
2025-12-30 01:31:25 INFO  === END   tests.productCardsTests.ProductCardThumbnailTests.isThereThumbnailInProductCard[Exp#17 [f1=2, f2=3, f3=2, f4=1, f5=3, f6=1, f7=2, f8=3]] ===
2025-12-30 01:31:25 INFO  === START tests.productCardsTests.ProductCardThumbnailTests.isThereThumbnailInProductCard[Exp#18 [f1=2, f2=3, f3=3, f4=2, f5=1, f6=2, f7=3, f8=1]] ===
2025-12-30 01:31:25 INFO  STEP: 📝 New input: Filling form fields.
2025-12-30 01:31:25 ERROR === FAIL  tests.productCardsTests.ProductCardThumbnailTests.isThereThumbnailInProductCard[Exp#18 [f1=2, f2=3, f3=3, f4=2, f5=1, f6=2, f7=3, f8=1]] ===
org.openqa.selenium.NoSuchSessionException: invalid session id
Build info: version: '4.39.0', revision: '126f156aee'
System info: os.name: 'Windows 11', os.arch: 'amd64', os.version: '10.0', java.version: '23.0.1'
Driver info: org.openqa.selenium.chrome.ChromeDriver
Command: [72fdd376589c2e731904e201d88d26ce, get {url=https://app--gift-genius-e436c719.base44.app}]
Capabilities {acceptInsecureCerts: false, browserName: chrome, browserVersion: 143.0.7499.170, chrome: {chromedriverVersion: 143.0.7499.169 (164b20aab62..., userDataDir: C:\Users\igor1\AppData\Loca...}, fedcm:accounts: true, goog:chromeOptions: {debuggerAddress: localhost:51983}, goog:processID: 13432, networkConnectionEnabled: false, pageLoadStrategy: normal, platformName: windows, proxy: Proxy(), se:cdp: ws://localhost:51983/devtoo..., se:cdpVersion: 143.0.7499.170, setWindowRect: true, strictFileInteractability: false, timeouts: {implicit: 0, pageLoad: 300000, script: 30000}, unhandledPromptBehavior: dismiss and notify, webauthn:extension:credBlob: true, webauthn:extension:largeBlob: true, webauthn:extension:minPinLength: true, webauthn:extension:prf: true, webauthn:virtualAuthenticators: true}
Session ID: 72fdd376589c2e731904e201d88d26ce
	at jdk.internal.reflect.DirectConstructorHandleAccessor.newInstance(DirectConstructorHandleAccessor.java:62) ~[?:?]
	at java.lang.reflect.Constructor.newInstanceWithCaller(Constructor.java:501) ~[?:?]
	at java.lang.reflect.Constructor.newInstance(Constructor.java:485) ~[?:?]
	at org.openqa.selenium.remote.ErrorCodec.decode(ErrorCodec.java:167) ~[selenium-remote-driver-4.39.0.jar:?]
	at org.openqa.selenium.remote.codec.w3c.W3CHttpResponseCodec.decode(W3CHttpResponseCodec.java:142) ~[selenium-remote-driver-4.39.0.jar:?]
	at org.openqa.selenium.remote.codec.w3c.W3CHttpResponseCodec.decode(W3CHttpResponseCodec.java:49) ~[selenium-remote-driver-4.39.0.jar:?]
	at org.openqa.selenium.remote.HttpCommandExecutor.execute(HttpCommandExecutor.java:215) ~[selenium-remote-driver-4.39.0.jar:?]
	at org.openqa.selenium.remote.service.DriverCommandExecutor.invokeExecute(DriverCommandExecutor.java:216) ~[selenium-remote-driver-4.39.0.jar:?]
	at org.openqa.selenium.remote.service.DriverCommandExecutor.execute(DriverCommandExecutor.java:174) ~[selenium-remote-driver-4.39.0.jar:?]
	at org.openqa.selenium.remote.RemoteWebDriver.execute(RemoteWebDriver.java:561) ~[selenium-remote-driver-4.39.0.jar:?]
	at org.openqa.selenium.remote.RemoteWebDriver.get(RemoteWebDriver.java:329) ~[selenium-remote-driver-4.39.0.jar:?]
	at pages.GiftFormPage.open(GiftFormPage.java:33) ~[test-classes/:?]
	at tests.BaseTest.goToResults(BaseTest.java:76) ~[test-classes/:?]
	at tests.productCardsTests.ProductCardThumbnailTests.getOrNavigate(ProductCardThumbnailTests.java:39) ~[test-classes/:?]
	at tests.productCardsTests.ProductCardThumbnailTests.isThereThumbnailInProductCard(ProductCardThumbnailTests.java:46) ~[test-classes/:?]
	at jdk.internal.reflect.DirectMethodHandleAccessor.invoke(DirectMethodHandleAccessor.java:103) ~[?:?]
	at java.lang.reflect.Method.invoke(Method.java:580) ~[?:?]
	at org.junit.runners.model.FrameworkMethod$1.runReflectiveCall(FrameworkMethod.java:59) ~[junit-4.13.jar:4.13]
	at org.junit.internal.runners.model.ReflectiveCallable.run(ReflectiveCallable.java:12) ~[junit-4.13.jar:4.13]
	at org.junit.runners.model.FrameworkMethod.invokeExplosively(FrameworkMethod.java:56) ~[junit-4.13.jar:4.13]
	at org.junit.internal.runners.statements.InvokeMethod.evaluate(InvokeMethod.java:17) ~[junit-4.13.jar:4.13]
	at org.junit.internal.runners.statements.RunBefores.evaluate(RunBefores.java:26) ~[junit-4.13.jar:4.13]
	at org.junit.internal.runners.statements.RunAfters.evaluate(RunAfters.java:27) ~[junit-4.13.jar:4.13]
	at org.junit.rules.TestWatcher$1.evaluate(TestWatcher.java:61) [junit-4.13.jar:4.13]
	at org.junit.runners.ParentRunner$3.evaluate(ParentRunner.java:306) [junit-4.13.jar:4.13]
	at org.junit.runners.BlockJUnit4ClassRunner$1.evaluate(BlockJUnit4ClassRunner.java:100) [junit-4.13.jar:4.13]
	at org.junit.runners.ParentRunner.runLeaf(ParentRunner.java:366) [junit-4.13.jar:4.13]
	at org.junit.runners.BlockJUnit4ClassRunner.runChild(BlockJUnit4ClassRunner.java:103) [junit-4.13.jar:4.13]
	at org.junit.runners.BlockJUnit4ClassRunner.runChild(BlockJUnit4ClassRunner.java:63) [junit-4.13.jar:4.13]
	at org.junit.runners.ParentRunner$4.run(ParentRunner.java:331) [junit-4.13.jar:4.13]
	at org.junit.runners.ParentRunner$1.schedule(ParentRunner.java:79) [junit-4.13.jar:4.13]
	at org.junit.runners.ParentRunner.runChildren(ParentRunner.java:329) [junit-4.13.jar:4.13]
	at org.junit.runners.ParentRunner.access$100(ParentRunner.java:66) [junit-4.13.jar:4.13]
	at org.junit.runners.ParentRunner$2.evaluate(ParentRunner.java:293) [junit-4.13.jar:4.13]
	at org.junit.runners.ParentRunner.run(ParentRunner.java:413) [junit-4.13.jar:4.13]
	at org.junit.runners.Suite.runChild(Suite.java:128) [junit-4.13.jar:4.13]
	at org.junit.runners.Suite.runChild(Suite.java:27) [junit-4.13.jar:4.13]
	at org.junit.runners.ParentRunner$4.run(ParentRunner.java:331) [junit-4.13.jar:4.13]
	at org.junit.runners.ParentRunner$1.schedule(ParentRunner.java:79) [junit-4.13.jar:4.13]
	at org.junit.runners.ParentRunner.runChildren(ParentRunner.java:329) [junit-4.13.jar:4.13]
	at org.junit.runners.ParentRunner.access$100(ParentRunner.java:66) [junit-4.13.jar:4.13]
	at org.junit.runners.ParentRunner$2.evaluate(ParentRunner.java:293) [junit-4.13.jar:4.13]
	at org.junit.internal.runners.statements.RunAfters.evaluate(RunAfters.java:27) [junit-4.13.jar:4.13]
	at org.junit.runners.ParentRunner$3.evaluate(ParentRunner.java:306) [junit-4.13.jar:4.13]
	at org.junit.runners.ParentRunner.run(ParentRunner.java:413) [junit-4.13.jar:4.13]
	at org.eclipse.jdt.internal.junit4.runner.JUnit4TestReference.run(JUnit4TestReference.java:93) [.cp/:?]
	at org.eclipse.jdt.internal.junit.runner.TestExecution.run(TestExecution.java:40) [.cp/:?]
	at org.eclipse.jdt.internal.junit.runner.RemoteTestRunner.runTests(RemoteTestRunner.java:530) [.cp/:?]
	at org.eclipse.jdt.internal.junit.runner.RemoteTestRunner.runTests(RemoteTestRunner.java:758) [.cp/:?]
	at org.eclipse.jdt.internal.junit.runner.RemoteTestRunner.run(RemoteTestRunner.java:453) [.cp/:?]
	at org.eclipse.jdt.internal.junit.runner.RemoteTestRunner.main(RemoteTestRunner.java:211) [.cp/:?]
2025-12-30 01:31:25 INFO  === END   tests.productCardsTests.ProductCardThumbnailTests.isThereThumbnailInProductCard[Exp#18 [f1=2, f2=3, f3=3, f4=2, f5=1, f6=2, f7=3, f8=1]] ===
2025-12-30 01:31:25 INFO  === START tests.productCardsTests.ProductCardThumbnailTests.isThereThumbnailInProductCard[Exp#19 [f1=2, f2=3, f3=3, f4=2, f5=1, f6=1, f7=1, f8=2]] ===
2025-12-30 01:31:25 INFO  STEP: 📝 New input: Filling form fields.
2025-12-30 01:31:25 ERROR === FAIL  tests.productCardsTests.ProductCardThumbnailTests.isThereThumbnailInProductCard[Exp#19 [f1=2, f2=3, f3=3, f4=2, f5=1, f6=1, f7=1, f8=2]] ===
org.openqa.selenium.NoSuchSessionException: invalid session id
Build info: version: '4.39.0', revision: '126f156aee'
System info: os.name: 'Windows 11', os.arch: 'amd64', os.version: '10.0', java.version: '23.0.1'
Driver info: org.openqa.selenium.chrome.ChromeDriver
Command: [72fdd376589c2e731904e201d88d26ce, get {url=https://app--gift-genius-e436c719.base44.app}]
Capabilities {acceptInsecureCerts: false, browserName: chrome, browserVersion: 143.0.7499.170, chrome: {chromedriverVersion: 143.0.7499.169 (164b20aab62..., userDataDir: C:\Users\igor1\AppData\Loca...}, fedcm:accounts: true, goog:chromeOptions: {debuggerAddress: localhost:51983}, goog:processID: 13432, networkConnectionEnabled: false, pageLoadStrategy: normal, platformName: windows, proxy: Proxy(), se:cdp: ws://localhost:51983/devtoo..., se:cdpVersion: 143.0.7499.170, setWindowRect: true, strictFileInteractability: false, timeouts: {implicit: 0, pageLoad: 300000, script: 30000}, unhandledPromptBehavior: dismiss and notify, webauthn:extension:credBlob: true, webauthn:extension:largeBlob: true, webauthn:extension:minPinLength: true, webauthn:extension:prf: true, webauthn:virtualAuthenticators: true}
Session ID: 72fdd376589c2e731904e201d88d26ce
	at jdk.internal.reflect.DirectConstructorHandleAccessor.newInstance(DirectConstructorHandleAccessor.java:62) ~[?:?]
	at java.lang.reflect.Constructor.newInstanceWithCaller(Constructor.java:501) ~[?:?]
	at java.lang.reflect.Constructor.newInstance(Constructor.java:485) ~[?:?]
	at org.openqa.selenium.remote.ErrorCodec.decode(ErrorCodec.java:167) ~[selenium-remote-driver-4.39.0.jar:?]
	at org.openqa.selenium.remote.codec.w3c.W3CHttpResponseCodec.decode(W3CHttpResponseCodec.java:142) ~[selenium-remote-driver-4.39.0.jar:?]
	at org.openqa.selenium.remote.codec.w3c.W3CHttpResponseCodec.decode(W3CHttpResponseCodec.java:49) ~[selenium-remote-driver-4.39.0.jar:?]
	at org.openqa.selenium.remote.HttpCommandExecutor.execute(HttpCommandExecutor.java:215) ~[selenium-remote-driver-4.39.0.jar:?]
	at org.openqa.selenium.remote.service.DriverCommandExecutor.invokeExecute(DriverCommandExecutor.java:216) ~[selenium-remote-driver-4.39.0.jar:?]
	at org.openqa.selenium.remote.service.DriverCommandExecutor.execute(DriverCommandExecutor.java:174) ~[selenium-remote-driver-4.39.0.jar:?]
	at org.openqa.selenium.remote.RemoteWebDriver.execute(RemoteWebDriver.java:561) ~[selenium-remote-driver-4.39.0.jar:?]
	at org.openqa.selenium.remote.RemoteWebDriver.get(RemoteWebDriver.java:329) ~[selenium-remote-driver-4.39.0.jar:?]
	at pages.GiftFormPage.open(GiftFormPage.java:33) ~[test-classes/:?]
	at tests.BaseTest.goToResults(BaseTest.java:76) ~[test-classes/:?]
	at tests.productCardsTests.ProductCardThumbnailTests.getOrNavigate(ProductCardThumbnailTests.java:39) ~[test-classes/:?]
	at tests.productCardsTests.ProductCardThumbnailTests.isThereThumbnailInProductCard(ProductCardThumbnailTests.java:46) ~[test-classes/:?]
	at jdk.internal.reflect.DirectMethodHandleAccessor.invoke(DirectMethodHandleAccessor.java:103) ~[?:?]
	at java.lang.reflect.Method.invoke(Method.java:580) ~[?:?]
	at org.junit.runners.model.FrameworkMethod$1.runReflectiveCall(FrameworkMethod.java:59) ~[junit-4.13.jar:4.13]
	at org.junit.internal.runners.model.ReflectiveCallable.run(ReflectiveCallable.java:12) ~[junit-4.13.jar:4.13]
	at org.junit.runners.model.FrameworkMethod.invokeExplosively(FrameworkMethod.java:56) ~[junit-4.13.jar:4.13]
	at org.junit.internal.runners.statements.InvokeMethod.evaluate(InvokeMethod.java:17) ~[junit-4.13.jar:4.13]
	at org.junit.internal.runners.statements.RunBefores.evaluate(RunBefores.java:26) ~[junit-4.13.jar:4.13]
	at org.junit.internal.runners.statements.RunAfters.evaluate(RunAfters.java:27) ~[junit-4.13.jar:4.13]
	at org.junit.rules.TestWatcher$1.evaluate(TestWatcher.java:61) [junit-4.13.jar:4.13]
	at org.junit.runners.ParentRunner$3.evaluate(ParentRunner.java:306) [junit-4.13.jar:4.13]
	at org.junit.runners.BlockJUnit4ClassRunner$1.evaluate(BlockJUnit4ClassRunner.java:100) [junit-4.13.jar:4.13]
	at org.junit.runners.ParentRunner.runLeaf(ParentRunner.java:366) [junit-4.13.jar:4.13]
	at org.junit.runners.BlockJUnit4ClassRunner.runChild(BlockJUnit4ClassRunner.java:103) [junit-4.13.jar:4.13]
	at org.junit.runners.BlockJUnit4ClassRunner.runChild(BlockJUnit4ClassRunner.java:63) [junit-4.13.jar:4.13]
	at org.junit.runners.ParentRunner$4.run(ParentRunner.java:331) [junit-4.13.jar:4.13]
	at org.junit.runners.ParentRunner$1.schedule(ParentRunner.java:79) [junit-4.13.jar:4.13]
	at org.junit.runners.ParentRunner.runChildren(ParentRunner.java:329) [junit-4.13.jar:4.13]
	at org.junit.runners.ParentRunner.access$100(ParentRunner.java:66) [junit-4.13.jar:4.13]
	at org.junit.runners.ParentRunner$2.evaluate(ParentRunner.java:293) [junit-4.13.jar:4.13]
	at org.junit.runners.ParentRunner.run(ParentRunner.java:413) [junit-4.13.jar:4.13]
	at org.junit.runners.Suite.runChild(Suite.java:128) [junit-4.13.jar:4.13]
	at org.junit.runners.Suite.runChild(Suite.java:27) [junit-4.13.jar:4.13]
	at org.junit.runners.ParentRunner$4.run(ParentRunner.java:331) [junit-4.13.jar:4.13]
	at org.junit.runners.ParentRunner$1.schedule(ParentRunner.java:79) [junit-4.13.jar:4.13]
	at org.junit.runners.ParentRunner.runChildren(ParentRunner.java:329) [junit-4.13.jar:4.13]
	at org.junit.runners.ParentRunner.access$100(ParentRunner.java:66) [junit-4.13.jar:4.13]
	at org.junit.runners.ParentRunner$2.evaluate(ParentRunner.java:293) [junit-4.13.jar:4.13]
	at org.junit.internal.runners.statements.RunAfters.evaluate(RunAfters.java:27) [junit-4.13.jar:4.13]
	at org.junit.runners.ParentRunner$3.evaluate(ParentRunner.java:306) [junit-4.13.jar:4.13]
	at org.junit.runners.ParentRunner.run(ParentRunner.java:413) [junit-4.13.jar:4.13]
	at org.eclipse.jdt.internal.junit4.runner.JUnit4TestReference.run(JUnit4TestReference.java:93) [.cp/:?]
	at org.eclipse.jdt.internal.junit.runner.TestExecution.run(TestExecution.java:40) [.cp/:?]
	at org.eclipse.jdt.internal.junit.runner.RemoteTestRunner.runTests(RemoteTestRunner.java:530) [.cp/:?]
	at org.eclipse.jdt.internal.junit.runner.RemoteTestRunner.runTests(RemoteTestRunner.java:758) [.cp/:?]
	at org.eclipse.jdt.internal.junit.runner.RemoteTestRunner.run(RemoteTestRunner.java:453) [.cp/:?]
	at org.eclipse.jdt.internal.junit.runner.RemoteTestRunner.main(RemoteTestRunner.java:211) [.cp/:?]
2025-12-30 01:31:25 INFO  === END   tests.productCardsTests.ProductCardThumbnailTests.isThereThumbnailInProductCard[Exp#19 [f1=2, f2=3, f3=3, f4=2, f5=1, f6=1, f7=1, f8=2]] ===
2025-12-30 01:31:25 INFO  === START tests.productCardsTests.ProductCardThumbnailTests.isThereThumbnailInProductCard[Exp#20 [f1=2, f2=3, f3=3, f4=3, f5=3, f6=3, f7=3, f8=3]] ===
2025-12-30 01:31:25 INFO  STEP: 📝 New input: Filling form fields.
2025-12-30 01:31:25 ERROR === FAIL  tests.productCardsTests.ProductCardThumbnailTests.isThereThumbnailInProductCard[Exp#20 [f1=2, f2=3, f3=3, f4=3, f5=3, f6=3, f7=3, f8=3]] ===
org.openqa.selenium.NoSuchSessionException: invalid session id
Build info: version: '4.39.0', revision: '126f156aee'
System info: os.name: 'Windows 11', os.arch: 'amd64', os.version: '10.0', java.version: '23.0.1'
Driver info: org.openqa.selenium.chrome.ChromeDriver
Command: [72fdd376589c2e731904e201d88d26ce, get {url=https://app--gift-genius-e436c719.base44.app}]
Capabilities {acceptInsecureCerts: false, browserName: chrome, browserVersion: 143.0.7499.170, chrome: {chromedriverVersion: 143.0.7499.169 (164b20aab62..., userDataDir: C:\Users\igor1\AppData\Loca...}, fedcm:accounts: true, goog:chromeOptions: {debuggerAddress: localhost:51983}, goog:processID: 13432, networkConnectionEnabled: false, pageLoadStrategy: normal, platformName: windows, proxy: Proxy(), se:cdp: ws://localhost:51983/devtoo..., se:cdpVersion: 143.0.7499.170, setWindowRect: true, strictFileInteractability: false, timeouts: {implicit: 0, pageLoad: 300000, script: 30000}, unhandledPromptBehavior: dismiss and notify, webauthn:extension:credBlob: true, webauthn:extension:largeBlob: true, webauthn:extension:minPinLength: true, webauthn:extension:prf: true, webauthn:virtualAuthenticators: true}
Session ID: 72fdd376589c2e731904e201d88d26ce
	at jdk.internal.reflect.DirectConstructorHandleAccessor.newInstance(DirectConstructorHandleAccessor.java:62) ~[?:?]
	at java.lang.reflect.Constructor.newInstanceWithCaller(Constructor.java:501) ~[?:?]
	at java.lang.reflect.Constructor.newInstance(Constructor.java:485) ~[?:?]
	at org.openqa.selenium.remote.ErrorCodec.decode(ErrorCodec.java:167) ~[selenium-remote-driver-4.39.0.jar:?]
	at org.openqa.selenium.remote.codec.w3c.W3CHttpResponseCodec.decode(W3CHttpResponseCodec.java:142) ~[selenium-remote-driver-4.39.0.jar:?]
	at org.openqa.selenium.remote.codec.w3c.W3CHttpResponseCodec.decode(W3CHttpResponseCodec.java:49) ~[selenium-remote-driver-4.39.0.jar:?]
	at org.openqa.selenium.remote.HttpCommandExecutor.execute(HttpCommandExecutor.java:215) ~[selenium-remote-driver-4.39.0.jar:?]
	at org.openqa.selenium.remote.service.DriverCommandExecutor.invokeExecute(DriverCommandExecutor.java:216) ~[selenium-remote-driver-4.39.0.jar:?]
	at org.openqa.selenium.remote.service.DriverCommandExecutor.execute(DriverCommandExecutor.java:174) ~[selenium-remote-driver-4.39.0.jar:?]
	at org.openqa.selenium.remote.RemoteWebDriver.execute(RemoteWebDriver.java:561) ~[selenium-remote-driver-4.39.0.jar:?]
	at org.openqa.selenium.remote.RemoteWebDriver.get(RemoteWebDriver.java:329) ~[selenium-remote-driver-4.39.0.jar:?]
	at pages.GiftFormPage.open(GiftFormPage.java:33) ~[test-classes/:?]
	at tests.BaseTest.goToResults(BaseTest.java:76) ~[test-classes/:?]
	at tests.productCardsTests.ProductCardThumbnailTests.getOrNavigate(ProductCardThumbnailTests.java:39) ~[test-classes/:?]
	at tests.productCardsTests.ProductCardThumbnailTests.isThereThumbnailInProductCard(ProductCardThumbnailTests.java:46) ~[test-classes/:?]
	at jdk.internal.reflect.DirectMethodHandleAccessor.invoke(DirectMethodHandleAccessor.java:103) ~[?:?]
	at java.lang.reflect.Method.invoke(Method.java:580) ~[?:?]
	at org.junit.runners.model.FrameworkMethod$1.runReflectiveCall(FrameworkMethod.java:59) ~[junit-4.13.jar:4.13]
	at org.junit.internal.runners.model.ReflectiveCallable.run(ReflectiveCallable.java:12) ~[junit-4.13.jar:4.13]
	at org.junit.runners.model.FrameworkMethod.invokeExplosively(FrameworkMethod.java:56) ~[junit-4.13.jar:4.13]
	at org.junit.internal.runners.statements.InvokeMethod.evaluate(InvokeMethod.java:17) ~[junit-4.13.jar:4.13]
	at org.junit.internal.runners.statements.RunBefores.evaluate(RunBefores.java:26) ~[junit-4.13.jar:4.13]
	at org.junit.internal.runners.statements.RunAfters.evaluate(RunAfters.java:27) ~[junit-4.13.jar:4.13]
	at org.junit.rules.TestWatcher$1.evaluate(TestWatcher.java:61) [junit-4.13.jar:4.13]
	at org.junit.runners.ParentRunner$3.evaluate(ParentRunner.java:306) [junit-4.13.jar:4.13]
	at org.junit.runners.BlockJUnit4ClassRunner$1.evaluate(BlockJUnit4ClassRunner.java:100) [junit-4.13.jar:4.13]
	at org.junit.runners.ParentRunner.runLeaf(ParentRunner.java:366) [junit-4.13.jar:4.13]
	at org.junit.runners.BlockJUnit4ClassRunner.runChild(BlockJUnit4ClassRunner.java:103) [junit-4.13.jar:4.13]
	at org.junit.runners.BlockJUnit4ClassRunner.runChild(BlockJUnit4ClassRunner.java:63) [junit-4.13.jar:4.13]
	at org.junit.runners.ParentRunner$4.run(ParentRunner.java:331) [junit-4.13.jar:4.13]
	at org.junit.runners.ParentRunner$1.schedule(ParentRunner.java:79) [junit-4.13.jar:4.13]
	at org.junit.runners.ParentRunner.runChildren(ParentRunner.java:329) [junit-4.13.jar:4.13]
	at org.junit.runners.ParentRunner.access$100(ParentRunner.java:66) [junit-4.13.jar:4.13]
	at org.junit.runners.ParentRunner$2.evaluate(ParentRunner.java:293) [junit-4.13.jar:4.13]
	at org.junit.runners.ParentRunner.run(ParentRunner.java:413) [junit-4.13.jar:4.13]
	at org.junit.runners.Suite.runChild(Suite.java:128) [junit-4.13.jar:4.13]
	at org.junit.runners.Suite.runChild(Suite.java:27) [junit-4.13.jar:4.13]
	at org.junit.runners.ParentRunner$4.run(ParentRunner.java:331) [junit-4.13.jar:4.13]
	at org.junit.runners.ParentRunner$1.schedule(ParentRunner.java:79) [junit-4.13.jar:4.13]
	at org.junit.runners.ParentRunner.runChildren(ParentRunner.java:329) [junit-4.13.jar:4.13]
	at org.junit.runners.ParentRunner.access$100(ParentRunner.java:66) [junit-4.13.jar:4.13]
	at org.junit.runners.ParentRunner$2.evaluate(ParentRunner.java:293) [junit-4.13.jar:4.13]
	at org.junit.internal.runners.statements.RunAfters.evaluate(RunAfters.java:27) [junit-4.13.jar:4.13]
	at org.junit.runners.ParentRunner$3.evaluate(ParentRunner.java:306) [junit-4.13.jar:4.13]
	at org.junit.runners.ParentRunner.run(ParentRunner.java:413) [junit-4.13.jar:4.13]
	at org.eclipse.jdt.internal.junit4.runner.JUnit4TestReference.run(JUnit4TestReference.java:93) [.cp/:?]
	at org.eclipse.jdt.internal.junit.runner.TestExecution.run(TestExecution.java:40) [.cp/:?]
	at org.eclipse.jdt.internal.junit.runner.RemoteTestRunner.runTests(RemoteTestRunner.java:530) [.cp/:?]
	at org.eclipse.jdt.internal.junit.runner.RemoteTestRunner.runTests(RemoteTestRunner.java:758) [.cp/:?]
	at org.eclipse.jdt.internal.junit.runner.RemoteTestRunner.run(RemoteTestRunner.java:453) [.cp/:?]
	at org.eclipse.jdt.internal.junit.runner.RemoteTestRunner.main(RemoteTestRunner.java:211) [.cp/:?]
2025-12-30 01:31:25 INFO  === END   tests.productCardsTests.ProductCardThumbnailTests.isThereThumbnailInProductCard[Exp#20 [f1=2, f2=3, f3=3, f4=3, f5=3, f6=3, f7=3, f8=3]] ===
2025-12-30 01:32:05 INFO  === START tests.productCardsTests.ProductCardThumbnailTests.isThereThumbnailInProductCard[Exp#1 [f1=1, f2=1, f3=1, f4=1, f5=1, f6=1, f7=1, f8=1]] ===
2025-12-30 01:32:07 INFO  STEP: 📝 New input: Filling form fields.
2025-12-30 01:32:12 INFO  STEP PASS: All products must have Thumbnail
2025-12-30 01:32:12 INFO  === PASS  tests.productCardsTests.ProductCardThumbnailTests.isThereThumbnailInProductCard[Exp#1 [f1=1, f2=1, f3=1, f4=1, f5=1, f6=1, f7=1, f8=1]] ===
2025-12-30 01:32:12 INFO  === END   tests.productCardsTests.ProductCardThumbnailTests.isThereThumbnailInProductCard[Exp#1 [f1=1, f2=1, f3=1, f4=1, f5=1, f6=1, f7=1, f8=1]] ===
2025-12-30 01:32:12 INFO  === START tests.productCardsTests.ProductCardThumbnailTests.isThereThumbnailInProductCard[Exp#2 [f1=1, f2=1, f3=2, f4=2, f5=2, f6=2, f7=2, f8=2]] ===
2025-12-30 01:32:12 INFO  STEP: 📝 New input: Filling form fields.
2025-12-30 01:32:17 INFO  STEP PASS: All products must have Thumbnail
2025-12-30 01:32:17 INFO  === PASS  tests.productCardsTests.ProductCardThumbnailTests.isThereThumbnailInProductCard[Exp#2 [f1=1, f2=1, f3=2, f4=2, f5=2, f6=2, f7=2, f8=2]] ===
2025-12-30 01:32:17 INFO  === END   tests.productCardsTests.ProductCardThumbnailTests.isThereThumbnailInProductCard[Exp#2 [f1=1, f2=1, f3=2, f4=2, f5=2, f6=2, f7=2, f8=2]] ===
2025-12-30 01:32:17 INFO  === START tests.productCardsTests.ProductCardThumbnailTests.isThereThumbnailInProductCard[Exp#3 [f1=1, f2=1, f3=3, f4=3, f5=3, f6=3, f7=3, f8=3]] ===
2025-12-30 01:32:17 INFO  STEP: 📝 New input: Filling form fields.
2025-12-30 01:32:20 INFO  STEP PASS: All products must have Thumbnail
2025-12-30 01:32:20 INFO  === PASS  tests.productCardsTests.ProductCardThumbnailTests.isThereThumbnailInProductCard[Exp#3 [f1=1, f2=1, f3=3, f4=3, f5=3, f6=3, f7=3, f8=3]] ===
2025-12-30 01:32:20 INFO  === END   tests.productCardsTests.ProductCardThumbnailTests.isThereThumbnailInProductCard[Exp#3 [f1=1, f2=1, f3=3, f4=3, f5=3, f6=3, f7=3, f8=3]] ===
2025-12-30 01:32:20 INFO  === START tests.productCardsTests.ProductCardThumbnailTests.isThereThumbnailInProductCard[Exp#4 [f1=1, f2=2, f3=1, f4=1, f5=2, f6=2, f7=3, f8=3]] ===
2025-12-30 01:32:20 INFO  STEP: 📝 New input: Filling form fields.
2025-12-30 01:32:24 INFO  STEP PASS: All products must have Thumbnail
2025-12-30 01:32:24 INFO  === PASS  tests.productCardsTests.ProductCardThumbnailTests.isThereThumbnailInProductCard[Exp#4 [f1=1, f2=2, f3=1, f4=1, f5=2, f6=2, f7=3, f8=3]] ===
2025-12-30 01:32:24 INFO  === END   tests.productCardsTests.ProductCardThumbnailTests.isThereThumbnailInProductCard[Exp#4 [f1=1, f2=2, f3=1, f4=1, f5=2, f6=2, f7=3, f8=3]] ===
2025-12-30 01:32:24 INFO  === START tests.productCardsTests.ProductCardThumbnailTests.isThereThumbnailInProductCard[Exp#5 [f1=1, f2=2, f3=2, f4=2, f5=3, f6=3, f7=1, f8=1]] ===
2025-12-30 01:32:24 INFO  STEP: 📝 New input: Filling form fields.
2025-12-30 01:32:28 INFO  STEP PASS: All products must have Thumbnail
2025-12-30 01:32:28 INFO  === PASS  tests.productCardsTests.ProductCardThumbnailTests.isThereThumbnailInProductCard[Exp#5 [f1=1, f2=2, f3=2, f4=2, f5=3, f6=3, f7=1, f8=1]] ===
2025-12-30 01:32:28 INFO  === END   tests.productCardsTests.ProductCardThumbnailTests.isThereThumbnailInProductCard[Exp#5 [f1=1, f2=2, f3=2, f4=2, f5=3, f6=3, f7=1, f8=1]] ===
2025-12-30 01:32:28 INFO  === START tests.productCardsTests.ProductCardThumbnailTests.isThereThumbnailInProductCard[Exp#6 [f1=1, f2=2, f3=3, f4=3, f5=1, f6=1, f7=2, f8=2]] ===
2025-12-30 01:32:28 INFO  STEP: 📝 New input: Filling form fields.
2025-12-30 01:32:31 INFO  STEP PASS: All products must have Thumbnail
2025-12-30 01:32:31 INFO  === PASS  tests.productCardsTests.ProductCardThumbnailTests.isThereThumbnailInProductCard[Exp#6 [f1=1, f2=2, f3=3, f4=3, f5=1, f6=1, f7=2, f8=2]] ===
2025-12-30 01:32:31 INFO  === END   tests.productCardsTests.ProductCardThumbnailTests.isThereThumbnailInProductCard[Exp#6 [f1=1, f2=2, f3=3, f4=3, f5=1, f6=1, f7=2, f8=2]] ===
2025-12-30 01:32:31 INFO  === START tests.productCardsTests.ProductCardThumbnailTests.isThereThumbnailInProductCard[Exp#7 [f1=1, f2=3, f3=1, f4=2, f5=1, f6=3, f7=2, f8=3]] ===
2025-12-30 01:32:31 INFO  STEP: 📝 New input: Filling form fields.
2025-12-30 01:49:10 INFO  === START tests.productCardsTests.ProductCardThumbnailTests.cardValidation[Exp#1 [f1=1, f2=1, f3=1, f4=1, f5=1, f6=1, f7=1, f8=1]] ===
2025-12-30 01:49:12 INFO  STEP: 📝 New input: Filling form fields.
2025-12-30 01:49:19 INFO  STEP: ==== Card #01 ====
2025-12-30 01:49:19 ERROR STEP FAIL: Card #01 does not have all the components
2025-12-30 01:49:19 ERROR === FAIL  tests.productCardsTests.ProductCardThumbnailTests.cardValidation[Exp#1 [f1=1, f2=1, f3=1, f4=1, f5=1, f6=1, f7=1, f8=1]] ===
java.lang.AssertionError: Card #01 does not have all the components
	at org.junit.Assert.fail(Assert.java:89) ~[junit-4.13.jar:4.13]
	at org.junit.Assert.assertTrue(Assert.java:42) ~[junit-4.13.jar:4.13]
	at org.junit.Assert.assertFalse(Assert.java:65) ~[junit-4.13.jar:4.13]
	at tests.BaseTest.checkFalse(BaseTest.java:100) ~[test-classes/:?]
	at tests.productCardsTests.ProductCardThumbnailTests.cardValidation(ProductCardThumbnailTests.java:59) ~[test-classes/:?]
	at jdk.internal.reflect.DirectMethodHandleAccessor.invoke(DirectMethodHandleAccessor.java:103) ~[?:?]
	at java.lang.reflect.Method.invoke(Method.java:580) ~[?:?]
	at org.junit.runners.model.FrameworkMethod$1.runReflectiveCall(FrameworkMethod.java:59) ~[junit-4.13.jar:4.13]
	at org.junit.internal.runners.model.ReflectiveCallable.run(ReflectiveCallable.java:12) ~[junit-4.13.jar:4.13]
	at org.junit.runners.model.FrameworkMethod.invokeExplosively(FrameworkMethod.java:56) ~[junit-4.13.jar:4.13]
	at org.junit.internal.runners.statements.InvokeMethod.evaluate(InvokeMethod.java:17) ~[junit-4.13.jar:4.13]
	at org.junit.internal.runners.statements.RunBefores.evaluate(RunBefores.java:26) ~[junit-4.13.jar:4.13]
	at org.junit.internal.runners.statements.RunAfters.evaluate(RunAfters.java:27) ~[junit-4.13.jar:4.13]
	at org.junit.rules.TestWatcher$1.evaluate(TestWatcher.java:61) [junit-4.13.jar:4.13]
	at org.junit.runners.ParentRunner$3.evaluate(ParentRunner.java:306) [junit-4.13.jar:4.13]
	at org.junit.runners.BlockJUnit4ClassRunner$1.evaluate(BlockJUnit4ClassRunner.java:100) [junit-4.13.jar:4.13]
	at org.junit.runners.ParentRunner.runLeaf(ParentRunner.java:366) [junit-4.13.jar:4.13]
	at org.junit.runners.BlockJUnit4ClassRunner.runChild(BlockJUnit4ClassRunner.java:103) [junit-4.13.jar:4.13]
	at org.junit.runners.BlockJUnit4ClassRunner.runChild(BlockJUnit4ClassRunner.java:63) [junit-4.13.jar:4.13]
	at org.junit.runners.ParentRunner$4.run(ParentRunner.java:331) [junit-4.13.jar:4.13]
	at org.junit.runners.ParentRunner$1.schedule(ParentRunner.java:79) [junit-4.13.jar:4.13]
	at org.junit.runners.ParentRunner.runChildren(ParentRunner.java:329) [junit-4.13.jar:4.13]
	at org.junit.runners.ParentRunner.access$100(ParentRunner.java:66) [junit-4.13.jar:4.13]
	at org.junit.runners.ParentRunner$2.evaluate(ParentRunner.java:293) [junit-4.13.jar:4.13]
	at org.junit.runners.ParentRunner.run(ParentRunner.java:413) [junit-4.13.jar:4.13]
	at org.junit.runners.Suite.runChild(Suite.java:128) [junit-4.13.jar:4.13]
	at org.junit.runners.Suite.runChild(Suite.java:27) [junit-4.13.jar:4.13]
	at org.junit.runners.ParentRunner$4.run(ParentRunner.java:331) [junit-4.13.jar:4.13]
	at org.junit.runners.ParentRunner$1.schedule(ParentRunner.java:79) [junit-4.13.jar:4.13]
	at org.junit.runners.ParentRunner.runChildren(ParentRunner.java:329) [junit-4.13.jar:4.13]
	at org.junit.runners.ParentRunner.access$100(ParentRunner.java:66) [junit-4.13.jar:4.13]
	at org.junit.runners.ParentRunner$2.evaluate(ParentRunner.java:293) [junit-4.13.jar:4.13]
	at org.junit.internal.runners.statements.RunAfters.evaluate(RunAfters.java:27) [junit-4.13.jar:4.13]
	at org.junit.runners.ParentRunner$3.evaluate(ParentRunner.java:306) [junit-4.13.jar:4.13]
	at org.junit.runners.ParentRunner.run(ParentRunner.java:413) [junit-4.13.jar:4.13]
	at org.eclipse.jdt.internal.junit4.runner.JUnit4TestReference.run(JUnit4TestReference.java:93) [.cp/:?]
	at org.eclipse.jdt.internal.junit.runner.TestExecution.run(TestExecution.java:40) [.cp/:?]
	at org.eclipse.jdt.internal.junit.runner.RemoteTestRunner.runTests(RemoteTestRunner.java:530) [.cp/:?]
	at org.eclipse.jdt.internal.junit.runner.RemoteTestRunner.runTests(RemoteTestRunner.java:758) [.cp/:?]
	at org.eclipse.jdt.internal.junit.runner.RemoteTestRunner.run(RemoteTestRunner.java:453) [.cp/:?]
	at org.eclipse.jdt.internal.junit.runner.RemoteTestRunner.main(RemoteTestRunner.java:211) [.cp/:?]
2025-12-30 01:49:19 INFO  === END   tests.productCardsTests.ProductCardThumbnailTests.cardValidation[Exp#1 [f1=1, f2=1, f3=1, f4=1, f5=1, f6=1, f7=1, f8=1]] ===
2025-12-30 01:49:19 INFO  === START tests.productCardsTests.ProductCardThumbnailTests.cardValidation[Exp#2 [f1=1, f2=1, f3=2, f4=2, f5=2, f6=2, f7=2, f8=2]] ===
2025-12-30 01:49:19 INFO  STEP: 📝 New input: Filling form fields.
2025-12-30 01:49:22 INFO  STEP: ==== Card #01 ====
2025-12-30 01:49:22 ERROR STEP FAIL: Card #01 does not have all the components
2025-12-30 01:49:22 ERROR === FAIL  tests.productCardsTests.ProductCardThumbnailTests.cardValidation[Exp#2 [f1=1, f2=1, f3=2, f4=2, f5=2, f6=2, f7=2, f8=2]] ===
java.lang.AssertionError: Card #01 does not have all the components
	at org.junit.Assert.fail(Assert.java:89) ~[junit-4.13.jar:4.13]
	at org.junit.Assert.assertTrue(Assert.java:42) ~[junit-4.13.jar:4.13]
	at org.junit.Assert.assertFalse(Assert.java:65) ~[junit-4.13.jar:4.13]
	at tests.BaseTest.checkFalse(BaseTest.java:100) ~[test-classes/:?]
	at tests.productCardsTests.ProductCardThumbnailTests.cardValidation(ProductCardThumbnailTests.java:59) ~[test-classes/:?]
	at jdk.internal.reflect.DirectMethodHandleAccessor.invoke(DirectMethodHandleAccessor.java:103) ~[?:?]
	at java.lang.reflect.Method.invoke(Method.java:580) ~[?:?]
	at org.junit.runners.model.FrameworkMethod$1.runReflectiveCall(FrameworkMethod.java:59) ~[junit-4.13.jar:4.13]
	at org.junit.internal.runners.model.ReflectiveCallable.run(ReflectiveCallable.java:12) ~[junit-4.13.jar:4.13]
	at org.junit.runners.model.FrameworkMethod.invokeExplosively(FrameworkMethod.java:56) ~[junit-4.13.jar:4.13]
	at org.junit.internal.runners.statements.InvokeMethod.evaluate(InvokeMethod.java:17) ~[junit-4.13.jar:4.13]
	at org.junit.internal.runners.statements.RunBefores.evaluate(RunBefores.java:26) ~[junit-4.13.jar:4.13]
	at org.junit.internal.runners.statements.RunAfters.evaluate(RunAfters.java:27) ~[junit-4.13.jar:4.13]
	at org.junit.rules.TestWatcher$1.evaluate(TestWatcher.java:61) [junit-4.13.jar:4.13]
	at org.junit.runners.ParentRunner$3.evaluate(ParentRunner.java:306) [junit-4.13.jar:4.13]
	at org.junit.runners.BlockJUnit4ClassRunner$1.evaluate(BlockJUnit4ClassRunner.java:100) [junit-4.13.jar:4.13]
	at org.junit.runners.ParentRunner.runLeaf(ParentRunner.java:366) [junit-4.13.jar:4.13]
	at org.junit.runners.BlockJUnit4ClassRunner.runChild(BlockJUnit4ClassRunner.java:103) [junit-4.13.jar:4.13]
	at org.junit.runners.BlockJUnit4ClassRunner.runChild(BlockJUnit4ClassRunner.java:63) [junit-4.13.jar:4.13]
	at org.junit.runners.ParentRunner$4.run(ParentRunner.java:331) [junit-4.13.jar:4.13]
	at org.junit.runners.ParentRunner$1.schedule(ParentRunner.java:79) [junit-4.13.jar:4.13]
	at org.junit.runners.ParentRunner.runChildren(ParentRunner.java:329) [junit-4.13.jar:4.13]
	at org.junit.runners.ParentRunner.access$100(ParentRunner.java:66) [junit-4.13.jar:4.13]
	at org.junit.runners.ParentRunner$2.evaluate(ParentRunner.java:293) [junit-4.13.jar:4.13]
	at org.junit.runners.ParentRunner.run(ParentRunner.java:413) [junit-4.13.jar:4.13]
	at org.junit.runners.Suite.runChild(Suite.java:128) [junit-4.13.jar:4.13]
	at org.junit.runners.Suite.runChild(Suite.java:27) [junit-4.13.jar:4.13]
	at org.junit.runners.ParentRunner$4.run(ParentRunner.java:331) [junit-4.13.jar:4.13]
	at org.junit.runners.ParentRunner$1.schedule(ParentRunner.java:79) [junit-4.13.jar:4.13]
	at org.junit.runners.ParentRunner.runChildren(ParentRunner.java:329) [junit-4.13.jar:4.13]
	at org.junit.runners.ParentRunner.access$100(ParentRunner.java:66) [junit-4.13.jar:4.13]
	at org.junit.runners.ParentRunner$2.evaluate(ParentRunner.java:293) [junit-4.13.jar:4.13]
	at org.junit.internal.runners.statements.RunAfters.evaluate(RunAfters.java:27) [junit-4.13.jar:4.13]
	at org.junit.runners.ParentRunner$3.evaluate(ParentRunner.java:306) [junit-4.13.jar:4.13]
	at org.junit.runners.ParentRunner.run(ParentRunner.java:413) [junit-4.13.jar:4.13]
	at org.eclipse.jdt.internal.junit4.runner.JUnit4TestReference.run(JUnit4TestReference.java:93) [.cp/:?]
	at org.eclipse.jdt.internal.junit.runner.TestExecution.run(TestExecution.java:40) [.cp/:?]
	at org.eclipse.jdt.internal.junit.runner.RemoteTestRunner.runTests(RemoteTestRunner.java:530) [.cp/:?]
	at org.eclipse.jdt.internal.junit.runner.RemoteTestRunner.runTests(RemoteTestRunner.java:758) [.cp/:?]
	at org.eclipse.jdt.internal.junit.runner.RemoteTestRunner.run(RemoteTestRunner.java:453) [.cp/:?]
	at org.eclipse.jdt.internal.junit.runner.RemoteTestRunner.main(RemoteTestRunner.java:211) [.cp/:?]
2025-12-30 01:49:22 INFO  === END   tests.productCardsTests.ProductCardThumbnailTests.cardValidation[Exp#2 [f1=1, f2=1, f3=2, f4=2, f5=2, f6=2, f7=2, f8=2]] ===
2025-12-30 01:49:22 INFO  === START tests.productCardsTests.ProductCardThumbnailTests.cardValidation[Exp#3 [f1=1, f2=1, f3=3, f4=3, f5=3, f6=3, f7=3, f8=3]] ===
2025-12-30 01:49:22 INFO  STEP: 📝 New input: Filling form fields.
2025-12-30 01:49:26 INFO  STEP: ==== Card #01 ====
2025-12-30 01:49:26 ERROR STEP FAIL: Card #01 does not have all the components
2025-12-30 01:49:26 ERROR === FAIL  tests.productCardsTests.ProductCardThumbnailTests.cardValidation[Exp#3 [f1=1, f2=1, f3=3, f4=3, f5=3, f6=3, f7=3, f8=3]] ===
java.lang.AssertionError: Card #01 does not have all the components
	at org.junit.Assert.fail(Assert.java:89) ~[junit-4.13.jar:4.13]
	at org.junit.Assert.assertTrue(Assert.java:42) ~[junit-4.13.jar:4.13]
	at org.junit.Assert.assertFalse(Assert.java:65) ~[junit-4.13.jar:4.13]
	at tests.BaseTest.checkFalse(BaseTest.java:100) ~[test-classes/:?]
	at tests.productCardsTests.ProductCardThumbnailTests.cardValidation(ProductCardThumbnailTests.java:59) ~[test-classes/:?]
	at jdk.internal.reflect.DirectMethodHandleAccessor.invoke(DirectMethodHandleAccessor.java:103) ~[?:?]
	at java.lang.reflect.Method.invoke(Method.java:580) ~[?:?]
	at org.junit.runners.model.FrameworkMethod$1.runReflectiveCall(FrameworkMethod.java:59) ~[junit-4.13.jar:4.13]
	at org.junit.internal.runners.model.ReflectiveCallable.run(ReflectiveCallable.java:12) ~[junit-4.13.jar:4.13]
	at org.junit.runners.model.FrameworkMethod.invokeExplosively(FrameworkMethod.java:56) ~[junit-4.13.jar:4.13]
	at org.junit.internal.runners.statements.InvokeMethod.evaluate(InvokeMethod.java:17) ~[junit-4.13.jar:4.13]
	at org.junit.internal.runners.statements.RunBefores.evaluate(RunBefores.java:26) ~[junit-4.13.jar:4.13]
	at org.junit.internal.runners.statements.RunAfters.evaluate(RunAfters.java:27) ~[junit-4.13.jar:4.13]
	at org.junit.rules.TestWatcher$1.evaluate(TestWatcher.java:61) [junit-4.13.jar:4.13]
	at org.junit.runners.ParentRunner$3.evaluate(ParentRunner.java:306) [junit-4.13.jar:4.13]
	at org.junit.runners.BlockJUnit4ClassRunner$1.evaluate(BlockJUnit4ClassRunner.java:100) [junit-4.13.jar:4.13]
	at org.junit.runners.ParentRunner.runLeaf(ParentRunner.java:366) [junit-4.13.jar:4.13]
	at org.junit.runners.BlockJUnit4ClassRunner.runChild(BlockJUnit4ClassRunner.java:103) [junit-4.13.jar:4.13]
	at org.junit.runners.BlockJUnit4ClassRunner.runChild(BlockJUnit4ClassRunner.java:63) [junit-4.13.jar:4.13]
	at org.junit.runners.ParentRunner$4.run(ParentRunner.java:331) [junit-4.13.jar:4.13]
	at org.junit.runners.ParentRunner$1.schedule(ParentRunner.java:79) [junit-4.13.jar:4.13]
	at org.junit.runners.ParentRunner.runChildren(ParentRunner.java:329) [junit-4.13.jar:4.13]
	at org.junit.runners.ParentRunner.access$100(ParentRunner.java:66) [junit-4.13.jar:4.13]
	at org.junit.runners.ParentRunner$2.evaluate(ParentRunner.java:293) [junit-4.13.jar:4.13]
	at org.junit.runners.ParentRunner.run(ParentRunner.java:413) [junit-4.13.jar:4.13]
	at org.junit.runners.Suite.runChild(Suite.java:128) [junit-4.13.jar:4.13]
	at org.junit.runners.Suite.runChild(Suite.java:27) [junit-4.13.jar:4.13]
	at org.junit.runners.ParentRunner$4.run(ParentRunner.java:331) [junit-4.13.jar:4.13]
	at org.junit.runners.ParentRunner$1.schedule(ParentRunner.java:79) [junit-4.13.jar:4.13]
	at org.junit.runners.ParentRunner.runChildren(ParentRunner.java:329) [junit-4.13.jar:4.13]
	at org.junit.runners.ParentRunner.access$100(ParentRunner.java:66) [junit-4.13.jar:4.13]
	at org.junit.runners.ParentRunner$2.evaluate(ParentRunner.java:293) [junit-4.13.jar:4.13]
	at org.junit.internal.runners.statements.RunAfters.evaluate(RunAfters.java:27) [junit-4.13.jar:4.13]
	at org.junit.runners.ParentRunner$3.evaluate(ParentRunner.java:306) [junit-4.13.jar:4.13]
	at org.junit.runners.ParentRunner.run(ParentRunner.java:413) [junit-4.13.jar:4.13]
	at org.eclipse.jdt.internal.junit4.runner.JUnit4TestReference.run(JUnit4TestReference.java:93) [.cp/:?]
	at org.eclipse.jdt.internal.junit.runner.TestExecution.run(TestExecution.java:40) [.cp/:?]
	at org.eclipse.jdt.internal.junit.runner.RemoteTestRunner.runTests(RemoteTestRunner.java:530) [.cp/:?]
	at org.eclipse.jdt.internal.junit.runner.RemoteTestRunner.runTests(RemoteTestRunner.java:758) [.cp/:?]
	at org.eclipse.jdt.internal.junit.runner.RemoteTestRunner.run(RemoteTestRunner.java:453) [.cp/:?]
	at org.eclipse.jdt.internal.junit.runner.RemoteTestRunner.main(RemoteTestRunner.java:211) [.cp/:?]
2025-12-30 01:49:26 INFO  === END   tests.productCardsTests.ProductCardThumbnailTests.cardValidation[Exp#3 [f1=1, f2=1, f3=3, f4=3, f5=3, f6=3, f7=3, f8=3]] ===
2025-12-30 01:49:26 INFO  === START tests.productCardsTests.ProductCardThumbnailTests.cardValidation[Exp#4 [f1=1, f2=2, f3=1, f4=1, f5=2, f6=2, f7=3, f8=3]] ===
2025-12-30 01:49:26 INFO  STEP: 📝 New input: Filling form fields.
2025-12-30 01:49:29 INFO  STEP: ==== Card #01 ====
2025-12-30 01:49:29 ERROR STEP FAIL: Card #01 does not have all the components
2025-12-30 01:49:29 ERROR === FAIL  tests.productCardsTests.ProductCardThumbnailTests.cardValidation[Exp#4 [f1=1, f2=2, f3=1, f4=1, f5=2, f6=2, f7=3, f8=3]] ===
java.lang.AssertionError: Card #01 does not have all the components
	at org.junit.Assert.fail(Assert.java:89) ~[junit-4.13.jar:4.13]
	at org.junit.Assert.assertTrue(Assert.java:42) ~[junit-4.13.jar:4.13]
	at org.junit.Assert.assertFalse(Assert.java:65) ~[junit-4.13.jar:4.13]
	at tests.BaseTest.checkFalse(BaseTest.java:100) ~[test-classes/:?]
	at tests.productCardsTests.ProductCardThumbnailTests.cardValidation(ProductCardThumbnailTests.java:59) ~[test-classes/:?]
	at jdk.internal.reflect.DirectMethodHandleAccessor.invoke(DirectMethodHandleAccessor.java:103) ~[?:?]
	at java.lang.reflect.Method.invoke(Method.java:580) ~[?:?]
	at org.junit.runners.model.FrameworkMethod$1.runReflectiveCall(FrameworkMethod.java:59) ~[junit-4.13.jar:4.13]
	at org.junit.internal.runners.model.ReflectiveCallable.run(ReflectiveCallable.java:12) ~[junit-4.13.jar:4.13]
	at org.junit.runners.model.FrameworkMethod.invokeExplosively(FrameworkMethod.java:56) ~[junit-4.13.jar:4.13]
	at org.junit.internal.runners.statements.InvokeMethod.evaluate(InvokeMethod.java:17) ~[junit-4.13.jar:4.13]
	at org.junit.internal.runners.statements.RunBefores.evaluate(RunBefores.java:26) ~[junit-4.13.jar:4.13]
	at org.junit.internal.runners.statements.RunAfters.evaluate(RunAfters.java:27) ~[junit-4.13.jar:4.13]
	at org.junit.rules.TestWatcher$1.evaluate(TestWatcher.java:61) [junit-4.13.jar:4.13]
	at org.junit.runners.ParentRunner$3.evaluate(ParentRunner.java:306) [junit-4.13.jar:4.13]
	at org.junit.runners.BlockJUnit4ClassRunner$1.evaluate(BlockJUnit4ClassRunner.java:100) [junit-4.13.jar:4.13]
	at org.junit.runners.ParentRunner.runLeaf(ParentRunner.java:366) [junit-4.13.jar:4.13]
	at org.junit.runners.BlockJUnit4ClassRunner.runChild(BlockJUnit4ClassRunner.java:103) [junit-4.13.jar:4.13]
	at org.junit.runners.BlockJUnit4ClassRunner.runChild(BlockJUnit4ClassRunner.java:63) [junit-4.13.jar:4.13]
	at org.junit.runners.ParentRunner$4.run(ParentRunner.java:331) [junit-4.13.jar:4.13]
	at org.junit.runners.ParentRunner$1.schedule(ParentRunner.java:79) [junit-4.13.jar:4.13]
	at org.junit.runners.ParentRunner.runChildren(ParentRunner.java:329) [junit-4.13.jar:4.13]
	at org.junit.runners.ParentRunner.access$100(ParentRunner.java:66) [junit-4.13.jar:4.13]
	at org.junit.runners.ParentRunner$2.evaluate(ParentRunner.java:293) [junit-4.13.jar:4.13]
	at org.junit.runners.ParentRunner.run(ParentRunner.java:413) [junit-4.13.jar:4.13]
	at org.junit.runners.Suite.runChild(Suite.java:128) [junit-4.13.jar:4.13]
	at org.junit.runners.Suite.runChild(Suite.java:27) [junit-4.13.jar:4.13]
	at org.junit.runners.ParentRunner$4.run(ParentRunner.java:331) [junit-4.13.jar:4.13]
	at org.junit.runners.ParentRunner$1.schedule(ParentRunner.java:79) [junit-4.13.jar:4.13]
	at org.junit.runners.ParentRunner.runChildren(ParentRunner.java:329) [junit-4.13.jar:4.13]
	at org.junit.runners.ParentRunner.access$100(ParentRunner.java:66) [junit-4.13.jar:4.13]
	at org.junit.runners.ParentRunner$2.evaluate(ParentRunner.java:293) [junit-4.13.jar:4.13]
	at org.junit.internal.runners.statements.RunAfters.evaluate(RunAfters.java:27) [junit-4.13.jar:4.13]
	at org.junit.runners.ParentRunner$3.evaluate(ParentRunner.java:306) [junit-4.13.jar:4.13]
	at org.junit.runners.ParentRunner.run(ParentRunner.java:413) [junit-4.13.jar:4.13]
	at org.eclipse.jdt.internal.junit4.runner.JUnit4TestReference.run(JUnit4TestReference.java:93) [.cp/:?]
	at org.eclipse.jdt.internal.junit.runner.TestExecution.run(TestExecution.java:40) [.cp/:?]
	at org.eclipse.jdt.internal.junit.runner.RemoteTestRunner.runTests(RemoteTestRunner.java:530) [.cp/:?]
	at org.eclipse.jdt.internal.junit.runner.RemoteTestRunner.runTests(RemoteTestRunner.java:758) [.cp/:?]
	at org.eclipse.jdt.internal.junit.runner.RemoteTestRunner.run(RemoteTestRunner.java:453) [.cp/:?]
	at org.eclipse.jdt.internal.junit.runner.RemoteTestRunner.main(RemoteTestRunner.java:211) [.cp/:?]
2025-12-30 01:49:29 INFO  === END   tests.productCardsTests.ProductCardThumbnailTests.cardValidation[Exp#4 [f1=1, f2=2, f3=1, f4=1, f5=2, f6=2, f7=3, f8=3]] ===
2025-12-30 01:49:29 INFO  === START tests.productCardsTests.ProductCardThumbnailTests.cardValidation[Exp#5 [f1=1, f2=2, f3=2, f4=2, f5=3, f6=3, f7=1, f8=1]] ===
2025-12-30 01:49:29 INFO  STEP: 📝 New input: Filling form fields.
2025-12-30 01:49:33 INFO  STEP: ==== Card #01 ====
2025-12-30 01:49:33 ERROR STEP FAIL: Card #01 does not have all the components
2025-12-30 01:49:33 ERROR === FAIL  tests.productCardsTests.ProductCardThumbnailTests.cardValidation[Exp#5 [f1=1, f2=2, f3=2, f4=2, f5=3, f6=3, f7=1, f8=1]] ===
java.lang.AssertionError: Card #01 does not have all the components
	at org.junit.Assert.fail(Assert.java:89) ~[junit-4.13.jar:4.13]
	at org.junit.Assert.assertTrue(Assert.java:42) ~[junit-4.13.jar:4.13]
	at org.junit.Assert.assertFalse(Assert.java:65) ~[junit-4.13.jar:4.13]
	at tests.BaseTest.checkFalse(BaseTest.java:100) ~[test-classes/:?]
	at tests.productCardsTests.ProductCardThumbnailTests.cardValidation(ProductCardThumbnailTests.java:59) ~[test-classes/:?]
	at jdk.internal.reflect.DirectMethodHandleAccessor.invoke(DirectMethodHandleAccessor.java:103) ~[?:?]
	at java.lang.reflect.Method.invoke(Method.java:580) ~[?:?]
	at org.junit.runners.model.FrameworkMethod$1.runReflectiveCall(FrameworkMethod.java:59) ~[junit-4.13.jar:4.13]
	at org.junit.internal.runners.model.ReflectiveCallable.run(ReflectiveCallable.java:12) ~[junit-4.13.jar:4.13]
	at org.junit.runners.model.FrameworkMethod.invokeExplosively(FrameworkMethod.java:56) ~[junit-4.13.jar:4.13]
	at org.junit.internal.runners.statements.InvokeMethod.evaluate(InvokeMethod.java:17) ~[junit-4.13.jar:4.13]
	at org.junit.internal.runners.statements.RunBefores.evaluate(RunBefores.java:26) ~[junit-4.13.jar:4.13]
	at org.junit.internal.runners.statements.RunAfters.evaluate(RunAfters.java:27) ~[junit-4.13.jar:4.13]
	at org.junit.rules.TestWatcher$1.evaluate(TestWatcher.java:61) [junit-4.13.jar:4.13]
	at org.junit.runners.ParentRunner$3.evaluate(ParentRunner.java:306) [junit-4.13.jar:4.13]
	at org.junit.runners.BlockJUnit4ClassRunner$1.evaluate(BlockJUnit4ClassRunner.java:100) [junit-4.13.jar:4.13]
	at org.junit.runners.ParentRunner.runLeaf(ParentRunner.java:366) [junit-4.13.jar:4.13]
	at org.junit.runners.BlockJUnit4ClassRunner.runChild(BlockJUnit4ClassRunner.java:103) [junit-4.13.jar:4.13]
	at org.junit.runners.BlockJUnit4ClassRunner.runChild(BlockJUnit4ClassRunner.java:63) [junit-4.13.jar:4.13]
	at org.junit.runners.ParentRunner$4.run(ParentRunner.java:331) [junit-4.13.jar:4.13]
	at org.junit.runners.ParentRunner$1.schedule(ParentRunner.java:79) [junit-4.13.jar:4.13]
	at org.junit.runners.ParentRunner.runChildren(ParentRunner.java:329) [junit-4.13.jar:4.13]
	at org.junit.runners.ParentRunner.access$100(ParentRunner.java:66) [junit-4.13.jar:4.13]
	at org.junit.runners.ParentRunner$2.evaluate(ParentRunner.java:293) [junit-4.13.jar:4.13]
	at org.junit.runners.ParentRunner.run(ParentRunner.java:413) [junit-4.13.jar:4.13]
	at org.junit.runners.Suite.runChild(Suite.java:128) [junit-4.13.jar:4.13]
	at org.junit.runners.Suite.runChild(Suite.java:27) [junit-4.13.jar:4.13]
	at org.junit.runners.ParentRunner$4.run(ParentRunner.java:331) [junit-4.13.jar:4.13]
	at org.junit.runners.ParentRunner$1.schedule(ParentRunner.java:79) [junit-4.13.jar:4.13]
	at org.junit.runners.ParentRunner.runChildren(ParentRunner.java:329) [junit-4.13.jar:4.13]
	at org.junit.runners.ParentRunner.access$100(ParentRunner.java:66) [junit-4.13.jar:4.13]
	at org.junit.runners.ParentRunner$2.evaluate(ParentRunner.java:293) [junit-4.13.jar:4.13]
	at org.junit.internal.runners.statements.RunAfters.evaluate(RunAfters.java:27) [junit-4.13.jar:4.13]
	at org.junit.runners.ParentRunner$3.evaluate(ParentRunner.java:306) [junit-4.13.jar:4.13]
	at org.junit.runners.ParentRunner.run(ParentRunner.java:413) [junit-4.13.jar:4.13]
	at org.eclipse.jdt.internal.junit4.runner.JUnit4TestReference.run(JUnit4TestReference.java:93) [.cp/:?]
	at org.eclipse.jdt.internal.junit.runner.TestExecution.run(TestExecution.java:40) [.cp/:?]
	at org.eclipse.jdt.internal.junit.runner.RemoteTestRunner.runTests(RemoteTestRunner.java:530) [.cp/:?]
	at org.eclipse.jdt.internal.junit.runner.RemoteTestRunner.runTests(RemoteTestRunner.java:758) [.cp/:?]
	at org.eclipse.jdt.internal.junit.runner.RemoteTestRunner.run(RemoteTestRunner.java:453) [.cp/:?]
	at org.eclipse.jdt.internal.junit.runner.RemoteTestRunner.main(RemoteTestRunner.java:211) [.cp/:?]
2025-12-30 01:49:33 INFO  === END   tests.productCardsTests.ProductCardThumbnailTests.cardValidation[Exp#5 [f1=1, f2=2, f3=2, f4=2, f5=3, f6=3, f7=1, f8=1]] ===
2025-12-30 01:49:33 INFO  === START tests.productCardsTests.ProductCardThumbnailTests.cardValidation[Exp#6 [f1=1, f2=2, f3=3, f4=3, f5=1, f6=1, f7=2, f8=2]] ===
2025-12-30 01:49:33 INFO  STEP: 📝 New input: Filling form fields.
2025-12-30 01:49:36 INFO  STEP: ==== Card #01 ====
2025-12-30 01:49:36 ERROR STEP FAIL: Card #01 does not have all the components
2025-12-30 01:49:36 ERROR === FAIL  tests.productCardsTests.ProductCardThumbnailTests.cardValidation[Exp#6 [f1=1, f2=2, f3=3, f4=3, f5=1, f6=1, f7=2, f8=2]] ===
java.lang.AssertionError: Card #01 does not have all the components
	at org.junit.Assert.fail(Assert.java:89) ~[junit-4.13.jar:4.13]
	at org.junit.Assert.assertTrue(Assert.java:42) ~[junit-4.13.jar:4.13]
	at org.junit.Assert.assertFalse(Assert.java:65) ~[junit-4.13.jar:4.13]
	at tests.BaseTest.checkFalse(BaseTest.java:100) ~[test-classes/:?]
	at tests.productCardsTests.ProductCardThumbnailTests.cardValidation(ProductCardThumbnailTests.java:59) ~[test-classes/:?]
	at jdk.internal.reflect.DirectMethodHandleAccessor.invoke(DirectMethodHandleAccessor.java:103) ~[?:?]
	at java.lang.reflect.Method.invoke(Method.java:580) ~[?:?]
	at org.junit.runners.model.FrameworkMethod$1.runReflectiveCall(FrameworkMethod.java:59) ~[junit-4.13.jar:4.13]
	at org.junit.internal.runners.model.ReflectiveCallable.run(ReflectiveCallable.java:12) ~[junit-4.13.jar:4.13]
	at org.junit.runners.model.FrameworkMethod.invokeExplosively(FrameworkMethod.java:56) ~[junit-4.13.jar:4.13]
	at org.junit.internal.runners.statements.InvokeMethod.evaluate(InvokeMethod.java:17) ~[junit-4.13.jar:4.13]
	at org.junit.internal.runners.statements.RunBefores.evaluate(RunBefores.java:26) ~[junit-4.13.jar:4.13]
	at org.junit.internal.runners.statements.RunAfters.evaluate(RunAfters.java:27) ~[junit-4.13.jar:4.13]
	at org.junit.rules.TestWatcher$1.evaluate(TestWatcher.java:61) [junit-4.13.jar:4.13]
	at org.junit.runners.ParentRunner$3.evaluate(ParentRunner.java:306) [junit-4.13.jar:4.13]
	at org.junit.runners.BlockJUnit4ClassRunner$1.evaluate(BlockJUnit4ClassRunner.java:100) [junit-4.13.jar:4.13]
	at org.junit.runners.ParentRunner.runLeaf(ParentRunner.java:366) [junit-4.13.jar:4.13]
	at org.junit.runners.BlockJUnit4ClassRunner.runChild(BlockJUnit4ClassRunner.java:103) [junit-4.13.jar:4.13]
	at org.junit.runners.BlockJUnit4ClassRunner.runChild(BlockJUnit4ClassRunner.java:63) [junit-4.13.jar:4.13]
	at org.junit.runners.ParentRunner$4.run(ParentRunner.java:331) [junit-4.13.jar:4.13]
	at org.junit.runners.ParentRunner$1.schedule(ParentRunner.java:79) [junit-4.13.jar:4.13]
	at org.junit.runners.ParentRunner.runChildren(ParentRunner.java:329) [junit-4.13.jar:4.13]
	at org.junit.runners.ParentRunner.access$100(ParentRunner.java:66) [junit-4.13.jar:4.13]
	at org.junit.runners.ParentRunner$2.evaluate(ParentRunner.java:293) [junit-4.13.jar:4.13]
	at org.junit.runners.ParentRunner.run(ParentRunner.java:413) [junit-4.13.jar:4.13]
	at org.junit.runners.Suite.runChild(Suite.java:128) [junit-4.13.jar:4.13]
	at org.junit.runners.Suite.runChild(Suite.java:27) [junit-4.13.jar:4.13]
	at org.junit.runners.ParentRunner$4.run(ParentRunner.java:331) [junit-4.13.jar:4.13]
	at org.junit.runners.ParentRunner$1.schedule(ParentRunner.java:79) [junit-4.13.jar:4.13]
	at org.junit.runners.ParentRunner.runChildren(ParentRunner.java:329) [junit-4.13.jar:4.13]
	at org.junit.runners.ParentRunner.access$100(ParentRunner.java:66) [junit-4.13.jar:4.13]
	at org.junit.runners.ParentRunner$2.evaluate(ParentRunner.java:293) [junit-4.13.jar:4.13]
	at org.junit.internal.runners.statements.RunAfters.evaluate(RunAfters.java:27) [junit-4.13.jar:4.13]
	at org.junit.runners.ParentRunner$3.evaluate(ParentRunner.java:306) [junit-4.13.jar:4.13]
	at org.junit.runners.ParentRunner.run(ParentRunner.java:413) [junit-4.13.jar:4.13]
	at org.eclipse.jdt.internal.junit4.runner.JUnit4TestReference.run(JUnit4TestReference.java:93) [.cp/:?]
	at org.eclipse.jdt.internal.junit.runner.TestExecution.run(TestExecution.java:40) [.cp/:?]
	at org.eclipse.jdt.internal.junit.runner.RemoteTestRunner.runTests(RemoteTestRunner.java:530) [.cp/:?]
	at org.eclipse.jdt.internal.junit.runner.RemoteTestRunner.runTests(RemoteTestRunner.java:758) [.cp/:?]
	at org.eclipse.jdt.internal.junit.runner.RemoteTestRunner.run(RemoteTestRunner.java:453) [.cp/:?]
	at org.eclipse.jdt.internal.junit.runner.RemoteTestRunner.main(RemoteTestRunner.java:211) [.cp/:?]
2025-12-30 01:49:36 INFO  === END   tests.productCardsTests.ProductCardThumbnailTests.cardValidation[Exp#6 [f1=1, f2=2, f3=3, f4=3, f5=1, f6=1, f7=2, f8=2]] ===
2025-12-30 01:49:36 INFO  === START tests.productCardsTests.ProductCardThumbnailTests.cardValidation[Exp#7 [f1=1, f2=3, f3=1, f4=2, f5=1, f6=3, f7=2, f8=3]] ===
2025-12-30 01:49:36 INFO  STEP: 📝 New input: Filling form fields.
2025-12-30 01:49:40 INFO  STEP: ==== Card #01 ====
2025-12-30 01:49:40 ERROR STEP FAIL: Card #01 does not have all the components
2025-12-30 01:49:40 ERROR === FAIL  tests.productCardsTests.ProductCardThumbnailTests.cardValidation[Exp#7 [f1=1, f2=3, f3=1, f4=2, f5=1, f6=3, f7=2, f8=3]] ===
java.lang.AssertionError: Card #01 does not have all the components
	at org.junit.Assert.fail(Assert.java:89) ~[junit-4.13.jar:4.13]
	at org.junit.Assert.assertTrue(Assert.java:42) ~[junit-4.13.jar:4.13]
	at org.junit.Assert.assertFalse(Assert.java:65) ~[junit-4.13.jar:4.13]
	at tests.BaseTest.checkFalse(BaseTest.java:100) ~[test-classes/:?]
	at tests.productCardsTests.ProductCardThumbnailTests.cardValidation(ProductCardThumbnailTests.java:59) ~[test-classes/:?]
	at jdk.internal.reflect.DirectMethodHandleAccessor.invoke(DirectMethodHandleAccessor.java:103) ~[?:?]
	at java.lang.reflect.Method.invoke(Method.java:580) ~[?:?]
	at org.junit.runners.model.FrameworkMethod$1.runReflectiveCall(FrameworkMethod.java:59) ~[junit-4.13.jar:4.13]
	at org.junit.internal.runners.model.ReflectiveCallable.run(ReflectiveCallable.java:12) ~[junit-4.13.jar:4.13]
	at org.junit.runners.model.FrameworkMethod.invokeExplosively(FrameworkMethod.java:56) ~[junit-4.13.jar:4.13]
	at org.junit.internal.runners.statements.InvokeMethod.evaluate(InvokeMethod.java:17) ~[junit-4.13.jar:4.13]
	at org.junit.internal.runners.statements.RunBefores.evaluate(RunBefores.java:26) ~[junit-4.13.jar:4.13]
	at org.junit.internal.runners.statements.RunAfters.evaluate(RunAfters.java:27) ~[junit-4.13.jar:4.13]
	at org.junit.rules.TestWatcher$1.evaluate(TestWatcher.java:61) [junit-4.13.jar:4.13]
	at org.junit.runners.ParentRunner$3.evaluate(ParentRunner.java:306) [junit-4.13.jar:4.13]
	at org.junit.runners.BlockJUnit4ClassRunner$1.evaluate(BlockJUnit4ClassRunner.java:100) [junit-4.13.jar:4.13]
	at org.junit.runners.ParentRunner.runLeaf(ParentRunner.java:366) [junit-4.13.jar:4.13]
	at org.junit.runners.BlockJUnit4ClassRunner.runChild(BlockJUnit4ClassRunner.java:103) [junit-4.13.jar:4.13]
	at org.junit.runners.BlockJUnit4ClassRunner.runChild(BlockJUnit4ClassRunner.java:63) [junit-4.13.jar:4.13]
	at org.junit.runners.ParentRunner$4.run(ParentRunner.java:331) [junit-4.13.jar:4.13]
	at org.junit.runners.ParentRunner$1.schedule(ParentRunner.java:79) [junit-4.13.jar:4.13]
	at org.junit.runners.ParentRunner.runChildren(ParentRunner.java:329) [junit-4.13.jar:4.13]
	at org.junit.runners.ParentRunner.access$100(ParentRunner.java:66) [junit-4.13.jar:4.13]
	at org.junit.runners.ParentRunner$2.evaluate(ParentRunner.java:293) [junit-4.13.jar:4.13]
	at org.junit.runners.ParentRunner.run(ParentRunner.java:413) [junit-4.13.jar:4.13]
	at org.junit.runners.Suite.runChild(Suite.java:128) [junit-4.13.jar:4.13]
	at org.junit.runners.Suite.runChild(Suite.java:27) [junit-4.13.jar:4.13]
	at org.junit.runners.ParentRunner$4.run(ParentRunner.java:331) [junit-4.13.jar:4.13]
	at org.junit.runners.ParentRunner$1.schedule(ParentRunner.java:79) [junit-4.13.jar:4.13]
	at org.junit.runners.ParentRunner.runChildren(ParentRunner.java:329) [junit-4.13.jar:4.13]
	at org.junit.runners.ParentRunner.access$100(ParentRunner.java:66) [junit-4.13.jar:4.13]
	at org.junit.runners.ParentRunner$2.evaluate(ParentRunner.java:293) [junit-4.13.jar:4.13]
	at org.junit.internal.runners.statements.RunAfters.evaluate(RunAfters.java:27) [junit-4.13.jar:4.13]
	at org.junit.runners.ParentRunner$3.evaluate(ParentRunner.java:306) [junit-4.13.jar:4.13]
	at org.junit.runners.ParentRunner.run(ParentRunner.java:413) [junit-4.13.jar:4.13]
	at org.eclipse.jdt.internal.junit4.runner.JUnit4TestReference.run(JUnit4TestReference.java:93) [.cp/:?]
	at org.eclipse.jdt.internal.junit.runner.TestExecution.run(TestExecution.java:40) [.cp/:?]
	at org.eclipse.jdt.internal.junit.runner.RemoteTestRunner.runTests(RemoteTestRunner.java:530) [.cp/:?]
	at org.eclipse.jdt.internal.junit.runner.RemoteTestRunner.runTests(RemoteTestRunner.java:758) [.cp/:?]
	at org.eclipse.jdt.internal.junit.runner.RemoteTestRunner.run(RemoteTestRunner.java:453) [.cp/:?]
	at org.eclipse.jdt.internal.junit.runner.RemoteTestRunner.main(RemoteTestRunner.java:211) [.cp/:?]
2025-12-30 01:49:40 INFO  === END   tests.productCardsTests.ProductCardThumbnailTests.cardValidation[Exp#7 [f1=1, f2=3, f3=1, f4=2, f5=1, f6=3, f7=2, f8=3]] ===
2025-12-30 01:49:40 INFO  === START tests.productCardsTests.ProductCardThumbnailTests.cardValidation[Exp#8 [f1=1, f2=3, f3=2, f4=3, f5=2, f6=1, f7=3, f8=1]] ===
2025-12-30 01:49:40 INFO  STEP: 📝 New input: Filling form fields.
2025-12-30 01:49:43 INFO  STEP: ==== Card #01 ====
2025-12-30 01:49:43 ERROR STEP FAIL: Card #01 does not have all the components
2025-12-30 01:49:43 ERROR === FAIL  tests.productCardsTests.ProductCardThumbnailTests.cardValidation[Exp#8 [f1=1, f2=3, f3=2, f4=3, f5=2, f6=1, f7=3, f8=1]] ===
java.lang.AssertionError: Card #01 does not have all the components
	at org.junit.Assert.fail(Assert.java:89) ~[junit-4.13.jar:4.13]
	at org.junit.Assert.assertTrue(Assert.java:42) ~[junit-4.13.jar:4.13]
	at org.junit.Assert.assertFalse(Assert.java:65) ~[junit-4.13.jar:4.13]
	at tests.BaseTest.checkFalse(BaseTest.java:100) ~[test-classes/:?]
	at tests.productCardsTests.ProductCardThumbnailTests.cardValidation(ProductCardThumbnailTests.java:59) ~[test-classes/:?]
	at jdk.internal.reflect.DirectMethodHandleAccessor.invoke(DirectMethodHandleAccessor.java:103) ~[?:?]
	at java.lang.reflect.Method.invoke(Method.java:580) ~[?:?]
	at org.junit.runners.model.FrameworkMethod$1.runReflectiveCall(FrameworkMethod.java:59) ~[junit-4.13.jar:4.13]
	at org.junit.internal.runners.model.ReflectiveCallable.run(ReflectiveCallable.java:12) ~[junit-4.13.jar:4.13]
	at org.junit.runners.model.FrameworkMethod.invokeExplosively(FrameworkMethod.java:56) ~[junit-4.13.jar:4.13]
	at org.junit.internal.runners.statements.InvokeMethod.evaluate(InvokeMethod.java:17) ~[junit-4.13.jar:4.13]
	at org.junit.internal.runners.statements.RunBefores.evaluate(RunBefores.java:26) ~[junit-4.13.jar:4.13]
	at org.junit.internal.runners.statements.RunAfters.evaluate(RunAfters.java:27) ~[junit-4.13.jar:4.13]
	at org.junit.rules.TestWatcher$1.evaluate(TestWatcher.java:61) [junit-4.13.jar:4.13]
	at org.junit.runners.ParentRunner$3.evaluate(ParentRunner.java:306) [junit-4.13.jar:4.13]
	at org.junit.runners.BlockJUnit4ClassRunner$1.evaluate(BlockJUnit4ClassRunner.java:100) [junit-4.13.jar:4.13]
	at org.junit.runners.ParentRunner.runLeaf(ParentRunner.java:366) [junit-4.13.jar:4.13]
	at org.junit.runners.BlockJUnit4ClassRunner.runChild(BlockJUnit4ClassRunner.java:103) [junit-4.13.jar:4.13]
	at org.junit.runners.BlockJUnit4ClassRunner.runChild(BlockJUnit4ClassRunner.java:63) [junit-4.13.jar:4.13]
	at org.junit.runners.ParentRunner$4.run(ParentRunner.java:331) [junit-4.13.jar:4.13]
	at org.junit.runners.ParentRunner$1.schedule(ParentRunner.java:79) [junit-4.13.jar:4.13]
	at org.junit.runners.ParentRunner.runChildren(ParentRunner.java:329) [junit-4.13.jar:4.13]
	at org.junit.runners.ParentRunner.access$100(ParentRunner.java:66) [junit-4.13.jar:4.13]
	at org.junit.runners.ParentRunner$2.evaluate(ParentRunner.java:293) [junit-4.13.jar:4.13]
	at org.junit.runners.ParentRunner.run(ParentRunner.java:413) [junit-4.13.jar:4.13]
	at org.junit.runners.Suite.runChild(Suite.java:128) [junit-4.13.jar:4.13]
	at org.junit.runners.Suite.runChild(Suite.java:27) [junit-4.13.jar:4.13]
	at org.junit.runners.ParentRunner$4.run(ParentRunner.java:331) [junit-4.13.jar:4.13]
	at org.junit.runners.ParentRunner$1.schedule(ParentRunner.java:79) [junit-4.13.jar:4.13]
	at org.junit.runners.ParentRunner.runChildren(ParentRunner.java:329) [junit-4.13.jar:4.13]
	at org.junit.runners.ParentRunner.access$100(ParentRunner.java:66) [junit-4.13.jar:4.13]
	at org.junit.runners.ParentRunner$2.evaluate(ParentRunner.java:293) [junit-4.13.jar:4.13]
	at org.junit.internal.runners.statements.RunAfters.evaluate(RunAfters.java:27) [junit-4.13.jar:4.13]
	at org.junit.runners.ParentRunner$3.evaluate(ParentRunner.java:306) [junit-4.13.jar:4.13]
	at org.junit.runners.ParentRunner.run(ParentRunner.java:413) [junit-4.13.jar:4.13]
	at org.eclipse.jdt.internal.junit4.runner.JUnit4TestReference.run(JUnit4TestReference.java:93) [.cp/:?]
	at org.eclipse.jdt.internal.junit.runner.TestExecution.run(TestExecution.java:40) [.cp/:?]
	at org.eclipse.jdt.internal.junit.runner.RemoteTestRunner.runTests(RemoteTestRunner.java:530) [.cp/:?]
	at org.eclipse.jdt.internal.junit.runner.RemoteTestRunner.runTests(RemoteTestRunner.java:758) [.cp/:?]
	at org.eclipse.jdt.internal.junit.runner.RemoteTestRunner.run(RemoteTestRunner.java:453) [.cp/:?]
	at org.eclipse.jdt.internal.junit.runner.RemoteTestRunner.main(RemoteTestRunner.java:211) [.cp/:?]
2025-12-30 01:49:43 INFO  === END   tests.productCardsTests.ProductCardThumbnailTests.cardValidation[Exp#8 [f1=1, f2=3, f3=2, f4=3, f5=2, f6=1, f7=3, f8=1]] ===
2025-12-30 01:49:43 INFO  === START tests.productCardsTests.ProductCardThumbnailTests.cardValidation[Exp#9 [f1=1, f2=3, f3=3, f4=1, f5=3, f6=2, f7=1, f8=2]] ===
2025-12-30 01:49:43 INFO  STEP: 📝 New input: Filling form fields.
2025-12-30 01:49:47 INFO  STEP: ==== Card #01 ====
2025-12-30 01:49:47 ERROR STEP FAIL: Card #01 does not have all the components
2025-12-30 01:49:47 ERROR === FAIL  tests.productCardsTests.ProductCardThumbnailTests.cardValidation[Exp#9 [f1=1, f2=3, f3=3, f4=1, f5=3, f6=2, f7=1, f8=2]] ===
java.lang.AssertionError: Card #01 does not have all the components
	at org.junit.Assert.fail(Assert.java:89) ~[junit-4.13.jar:4.13]
	at org.junit.Assert.assertTrue(Assert.java:42) ~[junit-4.13.jar:4.13]
	at org.junit.Assert.assertFalse(Assert.java:65) ~[junit-4.13.jar:4.13]
	at tests.BaseTest.checkFalse(BaseTest.java:100) ~[test-classes/:?]
	at tests.productCardsTests.ProductCardThumbnailTests.cardValidation(ProductCardThumbnailTests.java:59) ~[test-classes/:?]
	at jdk.internal.reflect.DirectMethodHandleAccessor.invoke(DirectMethodHandleAccessor.java:103) ~[?:?]
	at java.lang.reflect.Method.invoke(Method.java:580) ~[?:?]
	at org.junit.runners.model.FrameworkMethod$1.runReflectiveCall(FrameworkMethod.java:59) ~[junit-4.13.jar:4.13]
	at org.junit.internal.runners.model.ReflectiveCallable.run(ReflectiveCallable.java:12) ~[junit-4.13.jar:4.13]
	at org.junit.runners.model.FrameworkMethod.invokeExplosively(FrameworkMethod.java:56) ~[junit-4.13.jar:4.13]
	at org.junit.internal.runners.statements.InvokeMethod.evaluate(InvokeMethod.java:17) ~[junit-4.13.jar:4.13]
	at org.junit.internal.runners.statements.RunBefores.evaluate(RunBefores.java:26) ~[junit-4.13.jar:4.13]
	at org.junit.internal.runners.statements.RunAfters.evaluate(RunAfters.java:27) ~[junit-4.13.jar:4.13]
	at org.junit.rules.TestWatcher$1.evaluate(TestWatcher.java:61) [junit-4.13.jar:4.13]
	at org.junit.runners.ParentRunner$3.evaluate(ParentRunner.java:306) [junit-4.13.jar:4.13]
	at org.junit.runners.BlockJUnit4ClassRunner$1.evaluate(BlockJUnit4ClassRunner.java:100) [junit-4.13.jar:4.13]
	at org.junit.runners.ParentRunner.runLeaf(ParentRunner.java:366) [junit-4.13.jar:4.13]
	at org.junit.runners.BlockJUnit4ClassRunner.runChild(BlockJUnit4ClassRunner.java:103) [junit-4.13.jar:4.13]
	at org.junit.runners.BlockJUnit4ClassRunner.runChild(BlockJUnit4ClassRunner.java:63) [junit-4.13.jar:4.13]
	at org.junit.runners.ParentRunner$4.run(ParentRunner.java:331) [junit-4.13.jar:4.13]
	at org.junit.runners.ParentRunner$1.schedule(ParentRunner.java:79) [junit-4.13.jar:4.13]
	at org.junit.runners.ParentRunner.runChildren(ParentRunner.java:329) [junit-4.13.jar:4.13]
	at org.junit.runners.ParentRunner.access$100(ParentRunner.java:66) [junit-4.13.jar:4.13]
	at org.junit.runners.ParentRunner$2.evaluate(ParentRunner.java:293) [junit-4.13.jar:4.13]
	at org.junit.runners.ParentRunner.run(ParentRunner.java:413) [junit-4.13.jar:4.13]
	at org.junit.runners.Suite.runChild(Suite.java:128) [junit-4.13.jar:4.13]
	at org.junit.runners.Suite.runChild(Suite.java:27) [junit-4.13.jar:4.13]
	at org.junit.runners.ParentRunner$4.run(ParentRunner.java:331) [junit-4.13.jar:4.13]
	at org.junit.runners.ParentRunner$1.schedule(ParentRunner.java:79) [junit-4.13.jar:4.13]
	at org.junit.runners.ParentRunner.runChildren(ParentRunner.java:329) [junit-4.13.jar:4.13]
	at org.junit.runners.ParentRunner.access$100(ParentRunner.java:66) [junit-4.13.jar:4.13]
	at org.junit.runners.ParentRunner$2.evaluate(ParentRunner.java:293) [junit-4.13.jar:4.13]
	at org.junit.internal.runners.statements.RunAfters.evaluate(RunAfters.java:27) [junit-4.13.jar:4.13]
	at org.junit.runners.ParentRunner$3.evaluate(ParentRunner.java:306) [junit-4.13.jar:4.13]
	at org.junit.runners.ParentRunner.run(ParentRunner.java:413) [junit-4.13.jar:4.13]
	at org.eclipse.jdt.internal.junit4.runner.JUnit4TestReference.run(JUnit4TestReference.java:93) [.cp/:?]
	at org.eclipse.jdt.internal.junit.runner.TestExecution.run(TestExecution.java:40) [.cp/:?]
	at org.eclipse.jdt.internal.junit.runner.RemoteTestRunner.runTests(RemoteTestRunner.java:530) [.cp/:?]
	at org.eclipse.jdt.internal.junit.runner.RemoteTestRunner.runTests(RemoteTestRunner.java:758) [.cp/:?]
	at org.eclipse.jdt.internal.junit.runner.RemoteTestRunner.run(RemoteTestRunner.java:453) [.cp/:?]
	at org.eclipse.jdt.internal.junit.runner.RemoteTestRunner.main(RemoteTestRunner.java:211) [.cp/:?]
2025-12-30 01:49:47 INFO  === END   tests.productCardsTests.ProductCardThumbnailTests.cardValidation[Exp#9 [f1=1, f2=3, f3=3, f4=1, f5=3, f6=2, f7=1, f8=2]] ===
2025-12-30 01:49:47 INFO  === START tests.productCardsTests.ProductCardThumbnailTests.cardValidation[Exp#10 [f1=2, f2=1, f3=1, f4=3, f5=3, f6=2, f7=2, f8=1]] ===
2025-12-30 01:49:47 INFO  STEP: 📝 New input: Filling form fields.
2025-12-30 01:49:50 INFO  STEP: ==== Card #01 ====
2025-12-30 01:49:50 ERROR STEP FAIL: Card #01 does not have all the components
2025-12-30 01:49:50 ERROR === FAIL  tests.productCardsTests.ProductCardThumbnailTests.cardValidation[Exp#10 [f1=2, f2=1, f3=1, f4=3, f5=3, f6=2, f7=2, f8=1]] ===
java.lang.AssertionError: Card #01 does not have all the components
	at org.junit.Assert.fail(Assert.java:89) ~[junit-4.13.jar:4.13]
	at org.junit.Assert.assertTrue(Assert.java:42) ~[junit-4.13.jar:4.13]
	at org.junit.Assert.assertFalse(Assert.java:65) ~[junit-4.13.jar:4.13]
	at tests.BaseTest.checkFalse(BaseTest.java:100) ~[test-classes/:?]
	at tests.productCardsTests.ProductCardThumbnailTests.cardValidation(ProductCardThumbnailTests.java:59) ~[test-classes/:?]
	at jdk.internal.reflect.DirectMethodHandleAccessor.invoke(DirectMethodHandleAccessor.java:103) ~[?:?]
	at java.lang.reflect.Method.invoke(Method.java:580) ~[?:?]
	at org.junit.runners.model.FrameworkMethod$1.runReflectiveCall(FrameworkMethod.java:59) ~[junit-4.13.jar:4.13]
	at org.junit.internal.runners.model.ReflectiveCallable.run(ReflectiveCallable.java:12) ~[junit-4.13.jar:4.13]
	at org.junit.runners.model.FrameworkMethod.invokeExplosively(FrameworkMethod.java:56) ~[junit-4.13.jar:4.13]
	at org.junit.internal.runners.statements.InvokeMethod.evaluate(InvokeMethod.java:17) ~[junit-4.13.jar:4.13]
	at org.junit.internal.runners.statements.RunBefores.evaluate(RunBefores.java:26) ~[junit-4.13.jar:4.13]
	at org.junit.internal.runners.statements.RunAfters.evaluate(RunAfters.java:27) ~[junit-4.13.jar:4.13]
	at org.junit.rules.TestWatcher$1.evaluate(TestWatcher.java:61) [junit-4.13.jar:4.13]
	at org.junit.runners.ParentRunner$3.evaluate(ParentRunner.java:306) [junit-4.13.jar:4.13]
	at org.junit.runners.BlockJUnit4ClassRunner$1.evaluate(BlockJUnit4ClassRunner.java:100) [junit-4.13.jar:4.13]
	at org.junit.runners.ParentRunner.runLeaf(ParentRunner.java:366) [junit-4.13.jar:4.13]
	at org.junit.runners.BlockJUnit4ClassRunner.runChild(BlockJUnit4ClassRunner.java:103) [junit-4.13.jar:4.13]
	at org.junit.runners.BlockJUnit4ClassRunner.runChild(BlockJUnit4ClassRunner.java:63) [junit-4.13.jar:4.13]
	at org.junit.runners.ParentRunner$4.run(ParentRunner.java:331) [junit-4.13.jar:4.13]
	at org.junit.runners.ParentRunner$1.schedule(ParentRunner.java:79) [junit-4.13.jar:4.13]
	at org.junit.runners.ParentRunner.runChildren(ParentRunner.java:329) [junit-4.13.jar:4.13]
	at org.junit.runners.ParentRunner.access$100(ParentRunner.java:66) [junit-4.13.jar:4.13]
	at org.junit.runners.ParentRunner$2.evaluate(ParentRunner.java:293) [junit-4.13.jar:4.13]
	at org.junit.runners.ParentRunner.run(ParentRunner.java:413) [junit-4.13.jar:4.13]
	at org.junit.runners.Suite.runChild(Suite.java:128) [junit-4.13.jar:4.13]
	at org.junit.runners.Suite.runChild(Suite.java:27) [junit-4.13.jar:4.13]
	at org.junit.runners.ParentRunner$4.run(ParentRunner.java:331) [junit-4.13.jar:4.13]
	at org.junit.runners.ParentRunner$1.schedule(ParentRunner.java:79) [junit-4.13.jar:4.13]
	at org.junit.runners.ParentRunner.runChildren(ParentRunner.java:329) [junit-4.13.jar:4.13]
	at org.junit.runners.ParentRunner.access$100(ParentRunner.java:66) [junit-4.13.jar:4.13]
	at org.junit.runners.ParentRunner$2.evaluate(ParentRunner.java:293) [junit-4.13.jar:4.13]
	at org.junit.internal.runners.statements.RunAfters.evaluate(RunAfters.java:27) [junit-4.13.jar:4.13]
	at org.junit.runners.ParentRunner$3.evaluate(ParentRunner.java:306) [junit-4.13.jar:4.13]
	at org.junit.runners.ParentRunner.run(ParentRunner.java:413) [junit-4.13.jar:4.13]
	at org.eclipse.jdt.internal.junit4.runner.JUnit4TestReference.run(JUnit4TestReference.java:93) [.cp/:?]
	at org.eclipse.jdt.internal.junit.runner.TestExecution.run(TestExecution.java:40) [.cp/:?]
	at org.eclipse.jdt.internal.junit.runner.RemoteTestRunner.runTests(RemoteTestRunner.java:530) [.cp/:?]
	at org.eclipse.jdt.internal.junit.runner.RemoteTestRunner.runTests(RemoteTestRunner.java:758) [.cp/:?]
	at org.eclipse.jdt.internal.junit.runner.RemoteTestRunner.run(RemoteTestRunner.java:453) [.cp/:?]
	at org.eclipse.jdt.internal.junit.runner.RemoteTestRunner.main(RemoteTestRunner.java:211) [.cp/:?]
2025-12-30 01:49:50 INFO  === END   tests.productCardsTests.ProductCardThumbnailTests.cardValidation[Exp#10 [f1=2, f2=1, f3=1, f4=3, f5=3, f6=2, f7=2, f8=1]] ===
2025-12-30 01:49:50 INFO  === START tests.productCardsTests.ProductCardThumbnailTests.cardValidation[Exp#11 [f1=2, f2=1, f3=2, f4=1, f5=1, f6=3, f7=3, f8=2]] ===
2025-12-30 01:49:50 INFO  STEP: 📝 New input: Filling form fields.
2025-12-30 01:49:54 INFO  STEP: ==== Card #01 ====
2025-12-30 01:49:54 ERROR STEP FAIL: Card #01 does not have all the components
2025-12-30 01:49:54 ERROR === FAIL  tests.productCardsTests.ProductCardThumbnailTests.cardValidation[Exp#11 [f1=2, f2=1, f3=2, f4=1, f5=1, f6=3, f7=3, f8=2]] ===
java.lang.AssertionError: Card #01 does not have all the components
	at org.junit.Assert.fail(Assert.java:89) ~[junit-4.13.jar:4.13]
	at org.junit.Assert.assertTrue(Assert.java:42) ~[junit-4.13.jar:4.13]
	at org.junit.Assert.assertFalse(Assert.java:65) ~[junit-4.13.jar:4.13]
	at tests.BaseTest.checkFalse(BaseTest.java:100) ~[test-classes/:?]
	at tests.productCardsTests.ProductCardThumbnailTests.cardValidation(ProductCardThumbnailTests.java:59) ~[test-classes/:?]
	at jdk.internal.reflect.DirectMethodHandleAccessor.invoke(DirectMethodHandleAccessor.java:103) ~[?:?]
	at java.lang.reflect.Method.invoke(Method.java:580) ~[?:?]
	at org.junit.runners.model.FrameworkMethod$1.runReflectiveCall(FrameworkMethod.java:59) ~[junit-4.13.jar:4.13]
	at org.junit.internal.runners.model.ReflectiveCallable.run(ReflectiveCallable.java:12) ~[junit-4.13.jar:4.13]
	at org.junit.runners.model.FrameworkMethod.invokeExplosively(FrameworkMethod.java:56) ~[junit-4.13.jar:4.13]
	at org.junit.internal.runners.statements.InvokeMethod.evaluate(InvokeMethod.java:17) ~[junit-4.13.jar:4.13]
	at org.junit.internal.runners.statements.RunBefores.evaluate(RunBefores.java:26) ~[junit-4.13.jar:4.13]
	at org.junit.internal.runners.statements.RunAfters.evaluate(RunAfters.java:27) ~[junit-4.13.jar:4.13]
	at org.junit.rules.TestWatcher$1.evaluate(TestWatcher.java:61) [junit-4.13.jar:4.13]
	at org.junit.runners.ParentRunner$3.evaluate(ParentRunner.java:306) [junit-4.13.jar:4.13]
	at org.junit.runners.BlockJUnit4ClassRunner$1.evaluate(BlockJUnit4ClassRunner.java:100) [junit-4.13.jar:4.13]
	at org.junit.runners.ParentRunner.runLeaf(ParentRunner.java:366) [junit-4.13.jar:4.13]
	at org.junit.runners.BlockJUnit4ClassRunner.runChild(BlockJUnit4ClassRunner.java:103) [junit-4.13.jar:4.13]
	at org.junit.runners.BlockJUnit4ClassRunner.runChild(BlockJUnit4ClassRunner.java:63) [junit-4.13.jar:4.13]
	at org.junit.runners.ParentRunner$4.run(ParentRunner.java:331) [junit-4.13.jar:4.13]
	at org.junit.runners.ParentRunner$1.schedule(ParentRunner.java:79) [junit-4.13.jar:4.13]
	at org.junit.runners.ParentRunner.runChildren(ParentRunner.java:329) [junit-4.13.jar:4.13]
	at org.junit.runners.ParentRunner.access$100(ParentRunner.java:66) [junit-4.13.jar:4.13]
	at org.junit.runners.ParentRunner$2.evaluate(ParentRunner.java:293) [junit-4.13.jar:4.13]
	at org.junit.runners.ParentRunner.run(ParentRunner.java:413) [junit-4.13.jar:4.13]
	at org.junit.runners.Suite.runChild(Suite.java:128) [junit-4.13.jar:4.13]
	at org.junit.runners.Suite.runChild(Suite.java:27) [junit-4.13.jar:4.13]
	at org.junit.runners.ParentRunner$4.run(ParentRunner.java:331) [junit-4.13.jar:4.13]
	at org.junit.runners.ParentRunner$1.schedule(ParentRunner.java:79) [junit-4.13.jar:4.13]
	at org.junit.runners.ParentRunner.runChildren(ParentRunner.java:329) [junit-4.13.jar:4.13]
	at org.junit.runners.ParentRunner.access$100(ParentRunner.java:66) [junit-4.13.jar:4.13]
	at org.junit.runners.ParentRunner$2.evaluate(ParentRunner.java:293) [junit-4.13.jar:4.13]
	at org.junit.internal.runners.statements.RunAfters.evaluate(RunAfters.java:27) [junit-4.13.jar:4.13]
	at org.junit.runners.ParentRunner$3.evaluate(ParentRunner.java:306) [junit-4.13.jar:4.13]
	at org.junit.runners.ParentRunner.run(ParentRunner.java:413) [junit-4.13.jar:4.13]
	at org.eclipse.jdt.internal.junit4.runner.JUnit4TestReference.run(JUnit4TestReference.java:93) [.cp/:?]
	at org.eclipse.jdt.internal.junit.runner.TestExecution.run(TestExecution.java:40) [.cp/:?]
	at org.eclipse.jdt.internal.junit.runner.RemoteTestRunner.runTests(RemoteTestRunner.java:530) [.cp/:?]
	at org.eclipse.jdt.internal.junit.runner.RemoteTestRunner.runTests(RemoteTestRunner.java:758) [.cp/:?]
	at org.eclipse.jdt.internal.junit.runner.RemoteTestRunner.run(RemoteTestRunner.java:453) [.cp/:?]
	at org.eclipse.jdt.internal.junit.runner.RemoteTestRunner.main(RemoteTestRunner.java:211) [.cp/:?]
2025-12-30 01:49:54 INFO  === END   tests.productCardsTests.ProductCardThumbnailTests.cardValidation[Exp#11 [f1=2, f2=1, f3=2, f4=1, f5=1, f6=3, f7=3, f8=2]] ===
2025-12-30 01:49:54 INFO  === START tests.productCardsTests.ProductCardThumbnailTests.cardValidation[Exp#12 [f1=2, f2=1, f3=3, f4=2, f5=2, f6=1, f7=1, f8=3]] ===
2025-12-30 01:49:54 INFO  STEP: 📝 New input: Filling form fields.
2025-12-30 01:49:57 INFO  STEP: ==== Card #01 ====
2025-12-30 01:49:57 ERROR STEP FAIL: Card #01 does not have all the components
2025-12-30 01:49:57 ERROR === FAIL  tests.productCardsTests.ProductCardThumbnailTests.cardValidation[Exp#12 [f1=2, f2=1, f3=3, f4=2, f5=2, f6=1, f7=1, f8=3]] ===
java.lang.AssertionError: Card #01 does not have all the components
	at org.junit.Assert.fail(Assert.java:89) ~[junit-4.13.jar:4.13]
	at org.junit.Assert.assertTrue(Assert.java:42) ~[junit-4.13.jar:4.13]
	at org.junit.Assert.assertFalse(Assert.java:65) ~[junit-4.13.jar:4.13]
	at tests.BaseTest.checkFalse(BaseTest.java:100) ~[test-classes/:?]
	at tests.productCardsTests.ProductCardThumbnailTests.cardValidation(ProductCardThumbnailTests.java:59) ~[test-classes/:?]
	at jdk.internal.reflect.DirectMethodHandleAccessor.invoke(DirectMethodHandleAccessor.java:103) ~[?:?]
	at java.lang.reflect.Method.invoke(Method.java:580) ~[?:?]
	at org.junit.runners.model.FrameworkMethod$1.runReflectiveCall(FrameworkMethod.java:59) ~[junit-4.13.jar:4.13]
	at org.junit.internal.runners.model.ReflectiveCallable.run(ReflectiveCallable.java:12) ~[junit-4.13.jar:4.13]
	at org.junit.runners.model.FrameworkMethod.invokeExplosively(FrameworkMethod.java:56) ~[junit-4.13.jar:4.13]
	at org.junit.internal.runners.statements.InvokeMethod.evaluate(InvokeMethod.java:17) ~[junit-4.13.jar:4.13]
	at org.junit.internal.runners.statements.RunBefores.evaluate(RunBefores.java:26) ~[junit-4.13.jar:4.13]
	at org.junit.internal.runners.statements.RunAfters.evaluate(RunAfters.java:27) ~[junit-4.13.jar:4.13]
	at org.junit.rules.TestWatcher$1.evaluate(TestWatcher.java:61) [junit-4.13.jar:4.13]
	at org.junit.runners.ParentRunner$3.evaluate(ParentRunner.java:306) [junit-4.13.jar:4.13]
	at org.junit.runners.BlockJUnit4ClassRunner$1.evaluate(BlockJUnit4ClassRunner.java:100) [junit-4.13.jar:4.13]
	at org.junit.runners.ParentRunner.runLeaf(ParentRunner.java:366) [junit-4.13.jar:4.13]
	at org.junit.runners.BlockJUnit4ClassRunner.runChild(BlockJUnit4ClassRunner.java:103) [junit-4.13.jar:4.13]
	at org.junit.runners.BlockJUnit4ClassRunner.runChild(BlockJUnit4ClassRunner.java:63) [junit-4.13.jar:4.13]
	at org.junit.runners.ParentRunner$4.run(ParentRunner.java:331) [junit-4.13.jar:4.13]
	at org.junit.runners.ParentRunner$1.schedule(ParentRunner.java:79) [junit-4.13.jar:4.13]
	at org.junit.runners.ParentRunner.runChildren(ParentRunner.java:329) [junit-4.13.jar:4.13]
	at org.junit.runners.ParentRunner.access$100(ParentRunner.java:66) [junit-4.13.jar:4.13]
	at org.junit.runners.ParentRunner$2.evaluate(ParentRunner.java:293) [junit-4.13.jar:4.13]
	at org.junit.runners.ParentRunner.run(ParentRunner.java:413) [junit-4.13.jar:4.13]
	at org.junit.runners.Suite.runChild(Suite.java:128) [junit-4.13.jar:4.13]
	at org.junit.runners.Suite.runChild(Suite.java:27) [junit-4.13.jar:4.13]
	at org.junit.runners.ParentRunner$4.run(ParentRunner.java:331) [junit-4.13.jar:4.13]
	at org.junit.runners.ParentRunner$1.schedule(ParentRunner.java:79) [junit-4.13.jar:4.13]
	at org.junit.runners.ParentRunner.runChildren(ParentRunner.java:329) [junit-4.13.jar:4.13]
	at org.junit.runners.ParentRunner.access$100(ParentRunner.java:66) [junit-4.13.jar:4.13]
	at org.junit.runners.ParentRunner$2.evaluate(ParentRunner.java:293) [junit-4.13.jar:4.13]
	at org.junit.internal.runners.statements.RunAfters.evaluate(RunAfters.java:27) [junit-4.13.jar:4.13]
	at org.junit.runners.ParentRunner$3.evaluate(ParentRunner.java:306) [junit-4.13.jar:4.13]
	at org.junit.runners.ParentRunner.run(ParentRunner.java:413) [junit-4.13.jar:4.13]
	at org.eclipse.jdt.internal.junit4.runner.JUnit4TestReference.run(JUnit4TestReference.java:93) [.cp/:?]
	at org.eclipse.jdt.internal.junit.runner.TestExecution.run(TestExecution.java:40) [.cp/:?]
	at org.eclipse.jdt.internal.junit.runner.RemoteTestRunner.runTests(RemoteTestRunner.java:530) [.cp/:?]
	at org.eclipse.jdt.internal.junit.runner.RemoteTestRunner.runTests(RemoteTestRunner.java:758) [.cp/:?]
	at org.eclipse.jdt.internal.junit.runner.RemoteTestRunner.run(RemoteTestRunner.java:453) [.cp/:?]
	at org.eclipse.jdt.internal.junit.runner.RemoteTestRunner.main(RemoteTestRunner.java:211) [.cp/:?]
2025-12-30 01:49:57 INFO  === END   tests.productCardsTests.ProductCardThumbnailTests.cardValidation[Exp#12 [f1=2, f2=1, f3=3, f4=2, f5=2, f6=1, f7=1, f8=3]] ===
2025-12-30 01:49:57 INFO  === START tests.productCardsTests.ProductCardThumbnailTests.cardValidation[Exp#13 [f1=2, f2=2, f3=1, f4=2, f5=3, f6=1, f7=3, f8=2]] ===
2025-12-30 01:49:57 INFO  STEP: 📝 New input: Filling form fields.
2025-12-30 01:50:01 INFO  STEP: ==== Card #01 ====
2025-12-30 01:50:01 ERROR STEP FAIL: Card #01 does not have all the components
2025-12-30 01:50:01 ERROR === FAIL  tests.productCardsTests.ProductCardThumbnailTests.cardValidation[Exp#13 [f1=2, f2=2, f3=1, f4=2, f5=3, f6=1, f7=3, f8=2]] ===
java.lang.AssertionError: Card #01 does not have all the components
	at org.junit.Assert.fail(Assert.java:89) ~[junit-4.13.jar:4.13]
	at org.junit.Assert.assertTrue(Assert.java:42) ~[junit-4.13.jar:4.13]
	at org.junit.Assert.assertFalse(Assert.java:65) ~[junit-4.13.jar:4.13]
	at tests.BaseTest.checkFalse(BaseTest.java:100) ~[test-classes/:?]
	at tests.productCardsTests.ProductCardThumbnailTests.cardValidation(ProductCardThumbnailTests.java:59) ~[test-classes/:?]
	at jdk.internal.reflect.DirectMethodHandleAccessor.invoke(DirectMethodHandleAccessor.java:103) ~[?:?]
	at java.lang.reflect.Method.invoke(Method.java:580) ~[?:?]
	at org.junit.runners.model.FrameworkMethod$1.runReflectiveCall(FrameworkMethod.java:59) ~[junit-4.13.jar:4.13]
	at org.junit.internal.runners.model.ReflectiveCallable.run(ReflectiveCallable.java:12) ~[junit-4.13.jar:4.13]
	at org.junit.runners.model.FrameworkMethod.invokeExplosively(FrameworkMethod.java:56) ~[junit-4.13.jar:4.13]
	at org.junit.internal.runners.statements.InvokeMethod.evaluate(InvokeMethod.java:17) ~[junit-4.13.jar:4.13]
	at org.junit.internal.runners.statements.RunBefores.evaluate(RunBefores.java:26) ~[junit-4.13.jar:4.13]
	at org.junit.internal.runners.statements.RunAfters.evaluate(RunAfters.java:27) ~[junit-4.13.jar:4.13]
	at org.junit.rules.TestWatcher$1.evaluate(TestWatcher.java:61) [junit-4.13.jar:4.13]
	at org.junit.runners.ParentRunner$3.evaluate(ParentRunner.java:306) [junit-4.13.jar:4.13]
	at org.junit.runners.BlockJUnit4ClassRunner$1.evaluate(BlockJUnit4ClassRunner.java:100) [junit-4.13.jar:4.13]
	at org.junit.runners.ParentRunner.runLeaf(ParentRunner.java:366) [junit-4.13.jar:4.13]
	at org.junit.runners.BlockJUnit4ClassRunner.runChild(BlockJUnit4ClassRunner.java:103) [junit-4.13.jar:4.13]
	at org.junit.runners.BlockJUnit4ClassRunner.runChild(BlockJUnit4ClassRunner.java:63) [junit-4.13.jar:4.13]
	at org.junit.runners.ParentRunner$4.run(ParentRunner.java:331) [junit-4.13.jar:4.13]
	at org.junit.runners.ParentRunner$1.schedule(ParentRunner.java:79) [junit-4.13.jar:4.13]
	at org.junit.runners.ParentRunner.runChildren(ParentRunner.java:329) [junit-4.13.jar:4.13]
	at org.junit.runners.ParentRunner.access$100(ParentRunner.java:66) [junit-4.13.jar:4.13]
	at org.junit.runners.ParentRunner$2.evaluate(ParentRunner.java:293) [junit-4.13.jar:4.13]
	at org.junit.runners.ParentRunner.run(ParentRunner.java:413) [junit-4.13.jar:4.13]
	at org.junit.runners.Suite.runChild(Suite.java:128) [junit-4.13.jar:4.13]
	at org.junit.runners.Suite.runChild(Suite.java:27) [junit-4.13.jar:4.13]
	at org.junit.runners.ParentRunner$4.run(ParentRunner.java:331) [junit-4.13.jar:4.13]
	at org.junit.runners.ParentRunner$1.schedule(ParentRunner.java:79) [junit-4.13.jar:4.13]
	at org.junit.runners.ParentRunner.runChildren(ParentRunner.java:329) [junit-4.13.jar:4.13]
	at org.junit.runners.ParentRunner.access$100(ParentRunner.java:66) [junit-4.13.jar:4.13]
	at org.junit.runners.ParentRunner$2.evaluate(ParentRunner.java:293) [junit-4.13.jar:4.13]
	at org.junit.internal.runners.statements.RunAfters.evaluate(RunAfters.java:27) [junit-4.13.jar:4.13]
	at org.junit.runners.ParentRunner$3.evaluate(ParentRunner.java:306) [junit-4.13.jar:4.13]
	at org.junit.runners.ParentRunner.run(ParentRunner.java:413) [junit-4.13.jar:4.13]
	at org.eclipse.jdt.internal.junit4.runner.JUnit4TestReference.run(JUnit4TestReference.java:93) [.cp/:?]
	at org.eclipse.jdt.internal.junit.runner.TestExecution.run(TestExecution.java:40) [.cp/:?]
	at org.eclipse.jdt.internal.junit.runner.RemoteTestRunner.runTests(RemoteTestRunner.java:530) [.cp/:?]
	at org.eclipse.jdt.internal.junit.runner.RemoteTestRunner.runTests(RemoteTestRunner.java:758) [.cp/:?]
	at org.eclipse.jdt.internal.junit.runner.RemoteTestRunner.run(RemoteTestRunner.java:453) [.cp/:?]
	at org.eclipse.jdt.internal.junit.runner.RemoteTestRunner.main(RemoteTestRunner.java:211) [.cp/:?]
2025-12-30 01:50:01 INFO  === END   tests.productCardsTests.ProductCardThumbnailTests.cardValidation[Exp#13 [f1=2, f2=2, f3=1, f4=2, f5=3, f6=1, f7=3, f8=2]] ===
2025-12-30 01:50:01 INFO  === START tests.productCardsTests.ProductCardThumbnailTests.cardValidation[Exp#14 [f1=2, f2=2, f3=2, f4=3, f5=1, f6=2, f7=1, f8=3]] ===
2025-12-30 01:50:01 INFO  STEP: 📝 New input: Filling form fields.
2025-12-30 01:50:04 INFO  STEP: ==== Card #01 ====
2025-12-30 01:50:04 ERROR STEP FAIL: Card #01 does not have all the components
2025-12-30 01:50:04 ERROR === FAIL  tests.productCardsTests.ProductCardThumbnailTests.cardValidation[Exp#14 [f1=2, f2=2, f3=2, f4=3, f5=1, f6=2, f7=1, f8=3]] ===
java.lang.AssertionError: Card #01 does not have all the components
	at org.junit.Assert.fail(Assert.java:89) ~[junit-4.13.jar:4.13]
	at org.junit.Assert.assertTrue(Assert.java:42) ~[junit-4.13.jar:4.13]
	at org.junit.Assert.assertFalse(Assert.java:65) ~[junit-4.13.jar:4.13]
	at tests.BaseTest.checkFalse(BaseTest.java:100) ~[test-classes/:?]
	at tests.productCardsTests.ProductCardThumbnailTests.cardValidation(ProductCardThumbnailTests.java:59) ~[test-classes/:?]
	at jdk.internal.reflect.DirectMethodHandleAccessor.invoke(DirectMethodHandleAccessor.java:103) ~[?:?]
	at java.lang.reflect.Method.invoke(Method.java:580) ~[?:?]
	at org.junit.runners.model.FrameworkMethod$1.runReflectiveCall(FrameworkMethod.java:59) ~[junit-4.13.jar:4.13]
	at org.junit.internal.runners.model.ReflectiveCallable.run(ReflectiveCallable.java:12) ~[junit-4.13.jar:4.13]
	at org.junit.runners.model.FrameworkMethod.invokeExplosively(FrameworkMethod.java:56) ~[junit-4.13.jar:4.13]
	at org.junit.internal.runners.statements.InvokeMethod.evaluate(InvokeMethod.java:17) ~[junit-4.13.jar:4.13]
	at org.junit.internal.runners.statements.RunBefores.evaluate(RunBefores.java:26) ~[junit-4.13.jar:4.13]
	at org.junit.internal.runners.statements.RunAfters.evaluate(RunAfters.java:27) ~[junit-4.13.jar:4.13]
	at org.junit.rules.TestWatcher$1.evaluate(TestWatcher.java:61) [junit-4.13.jar:4.13]
	at org.junit.runners.ParentRunner$3.evaluate(ParentRunner.java:306) [junit-4.13.jar:4.13]
	at org.junit.runners.BlockJUnit4ClassRunner$1.evaluate(BlockJUnit4ClassRunner.java:100) [junit-4.13.jar:4.13]
	at org.junit.runners.ParentRunner.runLeaf(ParentRunner.java:366) [junit-4.13.jar:4.13]
	at org.junit.runners.BlockJUnit4ClassRunner.runChild(BlockJUnit4ClassRunner.java:103) [junit-4.13.jar:4.13]
	at org.junit.runners.BlockJUnit4ClassRunner.runChild(BlockJUnit4ClassRunner.java:63) [junit-4.13.jar:4.13]
	at org.junit.runners.ParentRunner$4.run(ParentRunner.java:331) [junit-4.13.jar:4.13]
	at org.junit.runners.ParentRunner$1.schedule(ParentRunner.java:79) [junit-4.13.jar:4.13]
	at org.junit.runners.ParentRunner.runChildren(ParentRunner.java:329) [junit-4.13.jar:4.13]
	at org.junit.runners.ParentRunner.access$100(ParentRunner.java:66) [junit-4.13.jar:4.13]
	at org.junit.runners.ParentRunner$2.evaluate(ParentRunner.java:293) [junit-4.13.jar:4.13]
	at org.junit.runners.ParentRunner.run(ParentRunner.java:413) [junit-4.13.jar:4.13]
	at org.junit.runners.Suite.runChild(Suite.java:128) [junit-4.13.jar:4.13]
	at org.junit.runners.Suite.runChild(Suite.java:27) [junit-4.13.jar:4.13]
	at org.junit.runners.ParentRunner$4.run(ParentRunner.java:331) [junit-4.13.jar:4.13]
	at org.junit.runners.ParentRunner$1.schedule(ParentRunner.java:79) [junit-4.13.jar:4.13]
	at org.junit.runners.ParentRunner.runChildren(ParentRunner.java:329) [junit-4.13.jar:4.13]
	at org.junit.runners.ParentRunner.access$100(ParentRunner.java:66) [junit-4.13.jar:4.13]
	at org.junit.runners.ParentRunner$2.evaluate(ParentRunner.java:293) [junit-4.13.jar:4.13]
	at org.junit.internal.runners.statements.RunAfters.evaluate(RunAfters.java:27) [junit-4.13.jar:4.13]
	at org.junit.runners.ParentRunner$3.evaluate(ParentRunner.java:306) [junit-4.13.jar:4.13]
	at org.junit.runners.ParentRunner.run(ParentRunner.java:413) [junit-4.13.jar:4.13]
	at org.eclipse.jdt.internal.junit4.runner.JUnit4TestReference.run(JUnit4TestReference.java:93) [.cp/:?]
	at org.eclipse.jdt.internal.junit.runner.TestExecution.run(TestExecution.java:40) [.cp/:?]
	at org.eclipse.jdt.internal.junit.runner.RemoteTestRunner.runTests(RemoteTestRunner.java:530) [.cp/:?]
	at org.eclipse.jdt.internal.junit.runner.RemoteTestRunner.runTests(RemoteTestRunner.java:758) [.cp/:?]
	at org.eclipse.jdt.internal.junit.runner.RemoteTestRunner.run(RemoteTestRunner.java:453) [.cp/:?]
	at org.eclipse.jdt.internal.junit.runner.RemoteTestRunner.main(RemoteTestRunner.java:211) [.cp/:?]
2025-12-30 01:50:04 INFO  === END   tests.productCardsTests.ProductCardThumbnailTests.cardValidation[Exp#14 [f1=2, f2=2, f3=2, f4=3, f5=1, f6=2, f7=1, f8=3]] ===
2025-12-30 01:50:04 INFO  === START tests.productCardsTests.ProductCardThumbnailTests.cardValidation[Exp#15 [f1=2, f2=2, f3=3, f4=1, f5=2, f6=3, f7=2, f8=1]] ===
2025-12-30 01:50:04 INFO  STEP: 📝 New input: Filling form fields.
2025-12-30 01:50:08 INFO  STEP: ==== Card #01 ====
2025-12-30 01:50:08 ERROR STEP FAIL: Card #01 does not have all the components
2025-12-30 01:50:08 ERROR === FAIL  tests.productCardsTests.ProductCardThumbnailTests.cardValidation[Exp#15 [f1=2, f2=2, f3=3, f4=1, f5=2, f6=3, f7=2, f8=1]] ===
java.lang.AssertionError: Card #01 does not have all the components
	at org.junit.Assert.fail(Assert.java:89) ~[junit-4.13.jar:4.13]
	at org.junit.Assert.assertTrue(Assert.java:42) ~[junit-4.13.jar:4.13]
	at org.junit.Assert.assertFalse(Assert.java:65) ~[junit-4.13.jar:4.13]
	at tests.BaseTest.checkFalse(BaseTest.java:100) ~[test-classes/:?]
	at tests.productCardsTests.ProductCardThumbnailTests.cardValidation(ProductCardThumbnailTests.java:59) ~[test-classes/:?]
	at jdk.internal.reflect.DirectMethodHandleAccessor.invoke(DirectMethodHandleAccessor.java:103) ~[?:?]
	at java.lang.reflect.Method.invoke(Method.java:580) ~[?:?]
	at org.junit.runners.model.FrameworkMethod$1.runReflectiveCall(FrameworkMethod.java:59) ~[junit-4.13.jar:4.13]
	at org.junit.internal.runners.model.ReflectiveCallable.run(ReflectiveCallable.java:12) ~[junit-4.13.jar:4.13]
	at org.junit.runners.model.FrameworkMethod.invokeExplosively(FrameworkMethod.java:56) ~[junit-4.13.jar:4.13]
	at org.junit.internal.runners.statements.InvokeMethod.evaluate(InvokeMethod.java:17) ~[junit-4.13.jar:4.13]
	at org.junit.internal.runners.statements.RunBefores.evaluate(RunBefores.java:26) ~[junit-4.13.jar:4.13]
	at org.junit.internal.runners.statements.RunAfters.evaluate(RunAfters.java:27) ~[junit-4.13.jar:4.13]
	at org.junit.rules.TestWatcher$1.evaluate(TestWatcher.java:61) [junit-4.13.jar:4.13]
	at org.junit.runners.ParentRunner$3.evaluate(ParentRunner.java:306) [junit-4.13.jar:4.13]
	at org.junit.runners.BlockJUnit4ClassRunner$1.evaluate(BlockJUnit4ClassRunner.java:100) [junit-4.13.jar:4.13]
	at org.junit.runners.ParentRunner.runLeaf(ParentRunner.java:366) [junit-4.13.jar:4.13]
	at org.junit.runners.BlockJUnit4ClassRunner.runChild(BlockJUnit4ClassRunner.java:103) [junit-4.13.jar:4.13]
	at org.junit.runners.BlockJUnit4ClassRunner.runChild(BlockJUnit4ClassRunner.java:63) [junit-4.13.jar:4.13]
	at org.junit.runners.ParentRunner$4.run(ParentRunner.java:331) [junit-4.13.jar:4.13]
	at org.junit.runners.ParentRunner$1.schedule(ParentRunner.java:79) [junit-4.13.jar:4.13]
	at org.junit.runners.ParentRunner.runChildren(ParentRunner.java:329) [junit-4.13.jar:4.13]
	at org.junit.runners.ParentRunner.access$100(ParentRunner.java:66) [junit-4.13.jar:4.13]
	at org.junit.runners.ParentRunner$2.evaluate(ParentRunner.java:293) [junit-4.13.jar:4.13]
	at org.junit.runners.ParentRunner.run(ParentRunner.java:413) [junit-4.13.jar:4.13]
	at org.junit.runners.Suite.runChild(Suite.java:128) [junit-4.13.jar:4.13]
	at org.junit.runners.Suite.runChild(Suite.java:27) [junit-4.13.jar:4.13]
	at org.junit.runners.ParentRunner$4.run(ParentRunner.java:331) [junit-4.13.jar:4.13]
	at org.junit.runners.ParentRunner$1.schedule(ParentRunner.java:79) [junit-4.13.jar:4.13]
	at org.junit.runners.ParentRunner.runChildren(ParentRunner.java:329) [junit-4.13.jar:4.13]
	at org.junit.runners.ParentRunner.access$100(ParentRunner.java:66) [junit-4.13.jar:4.13]
	at org.junit.runners.ParentRunner$2.evaluate(ParentRunner.java:293) [junit-4.13.jar:4.13]
	at org.junit.internal.runners.statements.RunAfters.evaluate(RunAfters.java:27) [junit-4.13.jar:4.13]
	at org.junit.runners.ParentRunner$3.evaluate(ParentRunner.java:306) [junit-4.13.jar:4.13]
	at org.junit.runners.ParentRunner.run(ParentRunner.java:413) [junit-4.13.jar:4.13]
	at org.eclipse.jdt.internal.junit4.runner.JUnit4TestReference.run(JUnit4TestReference.java:93) [.cp/:?]
	at org.eclipse.jdt.internal.junit.runner.TestExecution.run(TestExecution.java:40) [.cp/:?]
	at org.eclipse.jdt.internal.junit.runner.RemoteTestRunner.runTests(RemoteTestRunner.java:530) [.cp/:?]
	at org.eclipse.jdt.internal.junit.runner.RemoteTestRunner.runTests(RemoteTestRunner.java:758) [.cp/:?]
	at org.eclipse.jdt.internal.junit.runner.RemoteTestRunner.run(RemoteTestRunner.java:453) [.cp/:?]
	at org.eclipse.jdt.internal.junit.runner.RemoteTestRunner.main(RemoteTestRunner.java:211) [.cp/:?]
2025-12-30 01:50:08 INFO  === END   tests.productCardsTests.ProductCardThumbnailTests.cardValidation[Exp#15 [f1=2, f2=2, f3=3, f4=1, f5=2, f6=3, f7=2, f8=1]] ===
2025-12-30 01:50:08 INFO  === START tests.productCardsTests.ProductCardThumbnailTests.cardValidation[Exp#16 [f1=2, f2=3, f3=1, f4=3, f5=2, f6=3, f7=1, f8=2]] ===
2025-12-30 01:50:08 INFO  STEP: 📝 New input: Filling form fields.
2025-12-30 01:50:11 INFO  STEP: ==== Card #01 ====
2025-12-30 01:50:11 ERROR STEP FAIL: Card #01 does not have all the components
2025-12-30 01:50:11 ERROR === FAIL  tests.productCardsTests.ProductCardThumbnailTests.cardValidation[Exp#16 [f1=2, f2=3, f3=1, f4=3, f5=2, f6=3, f7=1, f8=2]] ===
java.lang.AssertionError: Card #01 does not have all the components
	at org.junit.Assert.fail(Assert.java:89) ~[junit-4.13.jar:4.13]
	at org.junit.Assert.assertTrue(Assert.java:42) ~[junit-4.13.jar:4.13]
	at org.junit.Assert.assertFalse(Assert.java:65) ~[junit-4.13.jar:4.13]
	at tests.BaseTest.checkFalse(BaseTest.java:100) ~[test-classes/:?]
	at tests.productCardsTests.ProductCardThumbnailTests.cardValidation(ProductCardThumbnailTests.java:59) ~[test-classes/:?]
	at jdk.internal.reflect.DirectMethodHandleAccessor.invoke(DirectMethodHandleAccessor.java:103) ~[?:?]
	at java.lang.reflect.Method.invoke(Method.java:580) ~[?:?]
	at org.junit.runners.model.FrameworkMethod$1.runReflectiveCall(FrameworkMethod.java:59) ~[junit-4.13.jar:4.13]
	at org.junit.internal.runners.model.ReflectiveCallable.run(ReflectiveCallable.java:12) ~[junit-4.13.jar:4.13]
	at org.junit.runners.model.FrameworkMethod.invokeExplosively(FrameworkMethod.java:56) ~[junit-4.13.jar:4.13]
	at org.junit.internal.runners.statements.InvokeMethod.evaluate(InvokeMethod.java:17) ~[junit-4.13.jar:4.13]
	at org.junit.internal.runners.statements.RunBefores.evaluate(RunBefores.java:26) ~[junit-4.13.jar:4.13]
	at org.junit.internal.runners.statements.RunAfters.evaluate(RunAfters.java:27) ~[junit-4.13.jar:4.13]
	at org.junit.rules.TestWatcher$1.evaluate(TestWatcher.java:61) [junit-4.13.jar:4.13]
	at org.junit.runners.ParentRunner$3.evaluate(ParentRunner.java:306) [junit-4.13.jar:4.13]
	at org.junit.runners.BlockJUnit4ClassRunner$1.evaluate(BlockJUnit4ClassRunner.java:100) [junit-4.13.jar:4.13]
	at org.junit.runners.ParentRunner.runLeaf(ParentRunner.java:366) [junit-4.13.jar:4.13]
	at org.junit.runners.BlockJUnit4ClassRunner.runChild(BlockJUnit4ClassRunner.java:103) [junit-4.13.jar:4.13]
	at org.junit.runners.BlockJUnit4ClassRunner.runChild(BlockJUnit4ClassRunner.java:63) [junit-4.13.jar:4.13]
	at org.junit.runners.ParentRunner$4.run(ParentRunner.java:331) [junit-4.13.jar:4.13]
	at org.junit.runners.ParentRunner$1.schedule(ParentRunner.java:79) [junit-4.13.jar:4.13]
	at org.junit.runners.ParentRunner.runChildren(ParentRunner.java:329) [junit-4.13.jar:4.13]
	at org.junit.runners.ParentRunner.access$100(ParentRunner.java:66) [junit-4.13.jar:4.13]
	at org.junit.runners.ParentRunner$2.evaluate(ParentRunner.java:293) [junit-4.13.jar:4.13]
	at org.junit.runners.ParentRunner.run(ParentRunner.java:413) [junit-4.13.jar:4.13]
	at org.junit.runners.Suite.runChild(Suite.java:128) [junit-4.13.jar:4.13]
	at org.junit.runners.Suite.runChild(Suite.java:27) [junit-4.13.jar:4.13]
	at org.junit.runners.ParentRunner$4.run(ParentRunner.java:331) [junit-4.13.jar:4.13]
	at org.junit.runners.ParentRunner$1.schedule(ParentRunner.java:79) [junit-4.13.jar:4.13]
	at org.junit.runners.ParentRunner.runChildren(ParentRunner.java:329) [junit-4.13.jar:4.13]
	at org.junit.runners.ParentRunner.access$100(ParentRunner.java:66) [junit-4.13.jar:4.13]
	at org.junit.runners.ParentRunner$2.evaluate(ParentRunner.java:293) [junit-4.13.jar:4.13]
	at org.junit.internal.runners.statements.RunAfters.evaluate(RunAfters.java:27) [junit-4.13.jar:4.13]
	at org.junit.runners.ParentRunner$3.evaluate(ParentRunner.java:306) [junit-4.13.jar:4.13]
	at org.junit.runners.ParentRunner.run(ParentRunner.java:413) [junit-4.13.jar:4.13]
	at org.eclipse.jdt.internal.junit4.runner.JUnit4TestReference.run(JUnit4TestReference.java:93) [.cp/:?]
	at org.eclipse.jdt.internal.junit.runner.TestExecution.run(TestExecution.java:40) [.cp/:?]
	at org.eclipse.jdt.internal.junit.runner.RemoteTestRunner.runTests(RemoteTestRunner.java:530) [.cp/:?]
	at org.eclipse.jdt.internal.junit.runner.RemoteTestRunner.runTests(RemoteTestRunner.java:758) [.cp/:?]
	at org.eclipse.jdt.internal.junit.runner.RemoteTestRunner.run(RemoteTestRunner.java:453) [.cp/:?]
	at org.eclipse.jdt.internal.junit.runner.RemoteTestRunner.main(RemoteTestRunner.java:211) [.cp/:?]
2025-12-30 01:50:11 INFO  === END   tests.productCardsTests.ProductCardThumbnailTests.cardValidation[Exp#16 [f1=2, f2=3, f3=1, f4=3, f5=2, f6=3, f7=1, f8=2]] ===
2025-12-30 01:50:11 INFO  === START tests.productCardsTests.ProductCardThumbnailTests.cardValidation[Exp#17 [f1=2, f2=3, f3=2, f4=1, f5=3, f6=1, f7=2, f8=3]] ===
2025-12-30 01:50:11 INFO  STEP: 📝 New input: Filling form fields.
2025-12-30 01:50:14 INFO  STEP: ==== Card #01 ====
2025-12-30 01:50:15 ERROR STEP FAIL: Card #01 does not have all the components
2025-12-30 01:50:15 ERROR === FAIL  tests.productCardsTests.ProductCardThumbnailTests.cardValidation[Exp#17 [f1=2, f2=3, f3=2, f4=1, f5=3, f6=1, f7=2, f8=3]] ===
java.lang.AssertionError: Card #01 does not have all the components
	at org.junit.Assert.fail(Assert.java:89) ~[junit-4.13.jar:4.13]
	at org.junit.Assert.assertTrue(Assert.java:42) ~[junit-4.13.jar:4.13]
	at org.junit.Assert.assertFalse(Assert.java:65) ~[junit-4.13.jar:4.13]
	at tests.BaseTest.checkFalse(BaseTest.java:100) ~[test-classes/:?]
	at tests.productCardsTests.ProductCardThumbnailTests.cardValidation(ProductCardThumbnailTests.java:59) ~[test-classes/:?]
	at jdk.internal.reflect.DirectMethodHandleAccessor.invoke(DirectMethodHandleAccessor.java:103) ~[?:?]
	at java.lang.reflect.Method.invoke(Method.java:580) ~[?:?]
	at org.junit.runners.model.FrameworkMethod$1.runReflectiveCall(FrameworkMethod.java:59) ~[junit-4.13.jar:4.13]
	at org.junit.internal.runners.model.ReflectiveCallable.run(ReflectiveCallable.java:12) ~[junit-4.13.jar:4.13]
	at org.junit.runners.model.FrameworkMethod.invokeExplosively(FrameworkMethod.java:56) ~[junit-4.13.jar:4.13]
	at org.junit.internal.runners.statements.InvokeMethod.evaluate(InvokeMethod.java:17) ~[junit-4.13.jar:4.13]
	at org.junit.internal.runners.statements.RunBefores.evaluate(RunBefores.java:26) ~[junit-4.13.jar:4.13]
	at org.junit.internal.runners.statements.RunAfters.evaluate(RunAfters.java:27) ~[junit-4.13.jar:4.13]
	at org.junit.rules.TestWatcher$1.evaluate(TestWatcher.java:61) [junit-4.13.jar:4.13]
	at org.junit.runners.ParentRunner$3.evaluate(ParentRunner.java:306) [junit-4.13.jar:4.13]
	at org.junit.runners.BlockJUnit4ClassRunner$1.evaluate(BlockJUnit4ClassRunner.java:100) [junit-4.13.jar:4.13]
	at org.junit.runners.ParentRunner.runLeaf(ParentRunner.java:366) [junit-4.13.jar:4.13]
	at org.junit.runners.BlockJUnit4ClassRunner.runChild(BlockJUnit4ClassRunner.java:103) [junit-4.13.jar:4.13]
	at org.junit.runners.BlockJUnit4ClassRunner.runChild(BlockJUnit4ClassRunner.java:63) [junit-4.13.jar:4.13]
	at org.junit.runners.ParentRunner$4.run(ParentRunner.java:331) [junit-4.13.jar:4.13]
	at org.junit.runners.ParentRunner$1.schedule(ParentRunner.java:79) [junit-4.13.jar:4.13]
	at org.junit.runners.ParentRunner.runChildren(ParentRunner.java:329) [junit-4.13.jar:4.13]
	at org.junit.runners.ParentRunner.access$100(ParentRunner.java:66) [junit-4.13.jar:4.13]
	at org.junit.runners.ParentRunner$2.evaluate(ParentRunner.java:293) [junit-4.13.jar:4.13]
	at org.junit.runners.ParentRunner.run(ParentRunner.java:413) [junit-4.13.jar:4.13]
	at org.junit.runners.Suite.runChild(Suite.java:128) [junit-4.13.jar:4.13]
	at org.junit.runners.Suite.runChild(Suite.java:27) [junit-4.13.jar:4.13]
	at org.junit.runners.ParentRunner$4.run(ParentRunner.java:331) [junit-4.13.jar:4.13]
	at org.junit.runners.ParentRunner$1.schedule(ParentRunner.java:79) [junit-4.13.jar:4.13]
	at org.junit.runners.ParentRunner.runChildren(ParentRunner.java:329) [junit-4.13.jar:4.13]
	at org.junit.runners.ParentRunner.access$100(ParentRunner.java:66) [junit-4.13.jar:4.13]
	at org.junit.runners.ParentRunner$2.evaluate(ParentRunner.java:293) [junit-4.13.jar:4.13]
	at org.junit.internal.runners.statements.RunAfters.evaluate(RunAfters.java:27) [junit-4.13.jar:4.13]
	at org.junit.runners.ParentRunner$3.evaluate(ParentRunner.java:306) [junit-4.13.jar:4.13]
	at org.junit.runners.ParentRunner.run(ParentRunner.java:413) [junit-4.13.jar:4.13]
	at org.eclipse.jdt.internal.junit4.runner.JUnit4TestReference.run(JUnit4TestReference.java:93) [.cp/:?]
	at org.eclipse.jdt.internal.junit.runner.TestExecution.run(TestExecution.java:40) [.cp/:?]
	at org.eclipse.jdt.internal.junit.runner.RemoteTestRunner.runTests(RemoteTestRunner.java:530) [.cp/:?]
	at org.eclipse.jdt.internal.junit.runner.RemoteTestRunner.runTests(RemoteTestRunner.java:758) [.cp/:?]
	at org.eclipse.jdt.internal.junit.runner.RemoteTestRunner.run(RemoteTestRunner.java:453) [.cp/:?]
	at org.eclipse.jdt.internal.junit.runner.RemoteTestRunner.main(RemoteTestRunner.java:211) [.cp/:?]
2025-12-30 01:50:15 INFO  === END   tests.productCardsTests.ProductCardThumbnailTests.cardValidation[Exp#17 [f1=2, f2=3, f3=2, f4=1, f5=3, f6=1, f7=2, f8=3]] ===
2025-12-30 01:51:47 INFO  === START tests.productCardsTests.ProductCardThumbnailTests.cardValidation[Exp#1 [f1=1, f2=1, f3=1, f4=1, f5=1, f6=1, f7=1, f8=1]] ===
2025-12-30 01:51:48 INFO  STEP: 📝 New input: Filling form fields.
2025-12-30 01:51:56 INFO  STEP: ==== Card #1 ====
2025-12-30 01:51:56 INFO  STEP PASS: Card #1 does not have all the components
2025-12-30 01:51:56 INFO  STEP: ==== Card #2 ====
2025-12-30 01:51:56 INFO  STEP PASS: Card #2 does not have all the components
2025-12-30 01:51:56 INFO  STEP: ==== Card #3 ====
2025-12-30 01:51:56 INFO  STEP PASS: Card #3 does not have all the components
2025-12-30 01:51:56 INFO  STEP: ==== Card #4 ====
2025-12-30 01:51:56 INFO  STEP PASS: Card #4 does not have all the components
2025-12-30 01:51:56 INFO  STEP: ==== Card #5 ====
2025-12-30 01:51:56 INFO  STEP PASS: Card #5 does not have all the components
2025-12-30 01:51:56 INFO  === PASS  tests.productCardsTests.ProductCardThumbnailTests.cardValidation[Exp#1 [f1=1, f2=1, f3=1, f4=1, f5=1, f6=1, f7=1, f8=1]] ===
2025-12-30 01:51:56 INFO  === END   tests.productCardsTests.ProductCardThumbnailTests.cardValidation[Exp#1 [f1=1, f2=1, f3=1, f4=1, f5=1, f6=1, f7=1, f8=1]] ===
2025-12-30 01:51:56 INFO  === START tests.productCardsTests.ProductCardThumbnailTests.cardValidation[Exp#2 [f1=1, f2=1, f3=2, f4=2, f5=2, f6=2, f7=2, f8=2]] ===
2025-12-30 01:51:56 INFO  STEP: 📝 New input: Filling form fields.
2025-12-30 01:52:00 INFO  STEP: ==== Card #1 ====
2025-12-30 01:52:01 INFO  STEP PASS: Card #1 does not have all the components
2025-12-30 01:52:01 INFO  STEP: ==== Card #2 ====
2025-12-30 01:52:01 INFO  STEP PASS: Card #2 does not have all the components
2025-12-30 01:52:01 INFO  STEP: ==== Card #3 ====
2025-12-30 01:52:01 INFO  STEP PASS: Card #3 does not have all the components
2025-12-30 01:52:01 INFO  STEP: ==== Card #4 ====
2025-12-30 01:52:01 INFO  STEP PASS: Card #4 does not have all the components
2025-12-30 01:52:01 INFO  STEP: ==== Card #5 ====
2025-12-30 01:52:01 INFO  STEP PASS: Card #5 does not have all the components
2025-12-30 01:52:01 INFO  === PASS  tests.productCardsTests.ProductCardThumbnailTests.cardValidation[Exp#2 [f1=1, f2=1, f3=2, f4=2, f5=2, f6=2, f7=2, f8=2]] ===
2025-12-30 01:52:01 INFO  === END   tests.productCardsTests.ProductCardThumbnailTests.cardValidation[Exp#2 [f1=1, f2=1, f3=2, f4=2, f5=2, f6=2, f7=2, f8=2]] ===
2025-12-30 01:52:01 INFO  === START tests.productCardsTests.ProductCardThumbnailTests.cardValidation[Exp#3 [f1=1, f2=1, f3=3, f4=3, f5=3, f6=3, f7=3, f8=3]] ===
2025-12-30 01:52:01 INFO  STEP: 📝 New input: Filling form fields.
2025-12-30 01:52:04 INFO  STEP: ==== Card #1 ====
2025-12-30 01:52:04 INFO  STEP PASS: Card #1 does not have all the components
2025-12-30 01:52:04 INFO  STEP: ==== Card #2 ====
2025-12-30 01:52:04 INFO  STEP PASS: Card #2 does not have all the components
2025-12-30 01:52:04 INFO  STEP: ==== Card #3 ====
2025-12-30 01:52:04 INFO  STEP PASS: Card #3 does not have all the components
2025-12-30 01:52:04 INFO  STEP: ==== Card #4 ====
2025-12-30 01:52:05 INFO  STEP PASS: Card #4 does not have all the components
2025-12-30 01:52:05 INFO  === PASS  tests.productCardsTests.ProductCardThumbnailTests.cardValidation[Exp#3 [f1=1, f2=1, f3=3, f4=3, f5=3, f6=3, f7=3, f8=3]] ===
2025-12-30 01:52:05 INFO  === END   tests.productCardsTests.ProductCardThumbnailTests.cardValidation[Exp#3 [f1=1, f2=1, f3=3, f4=3, f5=3, f6=3, f7=3, f8=3]] ===
2025-12-30 01:52:05 INFO  === START tests.productCardsTests.ProductCardThumbnailTests.cardValidation[Exp#4 [f1=1, f2=2, f3=1, f4=1, f5=2, f6=2, f7=3, f8=3]] ===
2025-12-30 01:52:05 INFO  STEP: 📝 New input: Filling form fields.
2025-12-30 01:52:08 INFO  STEP: ==== Card #1 ====
2025-12-30 01:52:08 INFO  STEP PASS: Card #1 does not have all the components
2025-12-30 01:52:08 INFO  STEP: ==== Card #2 ====
2025-12-30 01:52:08 INFO  STEP PASS: Card #2 does not have all the components
2025-12-30 01:52:08 INFO  STEP: ==== Card #3 ====
2025-12-30 01:52:08 INFO  STEP PASS: Card #3 does not have all the components
2025-12-30 01:52:08 INFO  STEP: ==== Card #4 ====
2025-12-30 01:52:08 INFO  STEP PASS: Card #4 does not have all the components
2025-12-30 01:52:08 INFO  STEP: ==== Card #5 ====
2025-12-30 01:52:09 INFO  STEP PASS: Card #5 does not have all the components
2025-12-30 01:52:09 INFO  === PASS  tests.productCardsTests.ProductCardThumbnailTests.cardValidation[Exp#4 [f1=1, f2=2, f3=1, f4=1, f5=2, f6=2, f7=3, f8=3]] ===
2025-12-30 01:52:09 INFO  === END   tests.productCardsTests.ProductCardThumbnailTests.cardValidation[Exp#4 [f1=1, f2=2, f3=1, f4=1, f5=2, f6=2, f7=3, f8=3]] ===
2025-12-30 01:52:09 INFO  === START tests.productCardsTests.ProductCardThumbnailTests.cardValidation[Exp#5 [f1=1, f2=2, f3=2, f4=2, f5=3, f6=3, f7=1, f8=1]] ===
2025-12-30 01:52:09 INFO  STEP: 📝 New input: Filling form fields.
2025-12-30 01:52:12 INFO  STEP: ==== Card #1 ====
2025-12-30 01:52:12 INFO  STEP PASS: Card #1 does not have all the components
2025-12-30 01:52:12 INFO  STEP: ==== Card #2 ====
2025-12-30 01:52:12 INFO  STEP PASS: Card #2 does not have all the components
2025-12-30 01:52:12 INFO  STEP: ==== Card #3 ====
2025-12-30 01:52:12 INFO  STEP PASS: Card #3 does not have all the components
2025-12-30 01:52:12 INFO  STEP: ==== Card #4 ====
2025-12-30 01:52:12 INFO  STEP PASS: Card #4 does not have all the components
2025-12-30 01:52:12 INFO  STEP: ==== Card #5 ====
2025-12-30 01:52:12 INFO  STEP PASS: Card #5 does not have all the components
2025-12-30 01:52:12 INFO  === PASS  tests.productCardsTests.ProductCardThumbnailTests.cardValidation[Exp#5 [f1=1, f2=2, f3=2, f4=2, f5=3, f6=3, f7=1, f8=1]] ===
2025-12-30 01:52:12 INFO  === END   tests.productCardsTests.ProductCardThumbnailTests.cardValidation[Exp#5 [f1=1, f2=2, f3=2, f4=2, f5=3, f6=3, f7=1, f8=1]] ===
2025-12-30 01:52:12 INFO  === START tests.productCardsTests.ProductCardThumbnailTests.cardValidation[Exp#6 [f1=1, f2=2, f3=3, f4=3, f5=1, f6=1, f7=2, f8=2]] ===
2025-12-30 01:52:12 INFO  STEP: 📝 New input: Filling form fields.
2025-12-30 01:52:16 INFO  STEP: ==== Card #1 ====
2025-12-30 01:52:16 INFO  STEP PASS: Card #1 does not have all the components
2025-12-30 01:52:16 INFO  STEP: ==== Card #2 ====
2025-12-30 01:52:16 INFO  STEP PASS: Card #2 does not have all the components
2025-12-30 01:52:16 INFO  STEP: ==== Card #3 ====
2025-12-30 01:52:16 INFO  STEP PASS: Card #3 does not have all the components
2025-12-30 01:52:16 INFO  STEP: ==== Card #4 ====
2025-12-30 01:52:16 INFO  STEP PASS: Card #4 does not have all the components
2025-12-30 01:52:16 INFO  STEP: ==== Card #5 ====
2025-12-30 01:52:16 INFO  STEP PASS: Card #5 does not have all the components
2025-12-30 01:52:16 INFO  === PASS  tests.productCardsTests.ProductCardThumbnailTests.cardValidation[Exp#6 [f1=1, f2=2, f3=3, f4=3, f5=1, f6=1, f7=2, f8=2]] ===
2025-12-30 01:52:16 INFO  === END   tests.productCardsTests.ProductCardThumbnailTests.cardValidation[Exp#6 [f1=1, f2=2, f3=3, f4=3, f5=1, f6=1, f7=2, f8=2]] ===
2025-12-30 01:52:16 INFO  === START tests.productCardsTests.ProductCardThumbnailTests.cardValidation[Exp#7 [f1=1, f2=3, f3=1, f4=2, f5=1, f6=3, f7=2, f8=3]] ===
2025-12-30 01:52:16 INFO  STEP: 📝 New input: Filling form fields.
2025-12-30 01:52:19 INFO  STEP: ==== Card #1 ====
2025-12-30 01:52:19 INFO  STEP PASS: Card #1 does not have all the components
2025-12-30 01:52:19 INFO  STEP: ==== Card #2 ====
2025-12-30 01:52:19 INFO  STEP PASS: Card #2 does not have all the components
2025-12-30 01:52:19 INFO  STEP: ==== Card #3 ====
2025-12-30 01:52:19 INFO  STEP PASS: Card #3 does not have all the components
2025-12-30 01:52:19 INFO  STEP: ==== Card #4 ====
2025-12-30 01:52:20 INFO  STEP PASS: Card #4 does not have all the components
2025-12-30 01:52:20 INFO  STEP: ==== Card #5 ====
2025-12-30 01:52:20 INFO  STEP PASS: Card #5 does not have all the components
2025-12-30 01:52:20 INFO  === PASS  tests.productCardsTests.ProductCardThumbnailTests.cardValidation[Exp#7 [f1=1, f2=3, f3=1, f4=2, f5=1, f6=3, f7=2, f8=3]] ===
2025-12-30 01:52:20 INFO  === END   tests.productCardsTests.ProductCardThumbnailTests.cardValidation[Exp#7 [f1=1, f2=3, f3=1, f4=2, f5=1, f6=3, f7=2, f8=3]] ===
2025-12-30 01:52:20 INFO  === START tests.productCardsTests.ProductCardThumbnailTests.cardValidation[Exp#8 [f1=1, f2=3, f3=2, f4=3, f5=2, f6=1, f7=3, f8=1]] ===
2025-12-30 01:52:20 INFO  STEP: 📝 New input: Filling form fields.
2025-12-30 01:52:25 INFO  STEP: ==== Card #1 ====
2025-12-30 01:52:25 INFO  STEP PASS: Card #1 does not have all the components
2025-12-30 01:52:25 INFO  STEP: ==== Card #2 ====
2025-12-30 01:52:25 INFO  STEP PASS: Card #2 does not have all the components
2025-12-30 01:52:25 INFO  STEP: ==== Card #3 ====
2025-12-30 01:52:25 INFO  STEP PASS: Card #3 does not have all the components
2025-12-30 01:52:25 INFO  STEP: ==== Card #4 ====
2025-12-30 01:52:25 INFO  STEP PASS: Card #4 does not have all the components
2025-12-30 01:52:25 INFO  STEP: ==== Card #5 ====
2025-12-30 01:52:25 INFO  STEP PASS: Card #5 does not have all the components
2025-12-30 01:52:25 INFO  === PASS  tests.productCardsTests.ProductCardThumbnailTests.cardValidation[Exp#8 [f1=1, f2=3, f3=2, f4=3, f5=2, f6=1, f7=3, f8=1]] ===
2025-12-30 01:52:25 INFO  === END   tests.productCardsTests.ProductCardThumbnailTests.cardValidation[Exp#8 [f1=1, f2=3, f3=2, f4=3, f5=2, f6=1, f7=3, f8=1]] ===
2025-12-30 01:52:25 INFO  === START tests.productCardsTests.ProductCardThumbnailTests.cardValidation[Exp#9 [f1=1, f2=3, f3=3, f4=1, f5=3, f6=2, f7=1, f8=2]] ===
2025-12-30 01:52:25 INFO  STEP: 📝 New input: Filling form fields.
2025-12-30 01:52:28 INFO  STEP: ==== Card #1 ====
2025-12-30 01:52:29 INFO  STEP PASS: Card #1 does not have all the components
2025-12-30 01:52:29 INFO  STEP: ==== Card #2 ====
2025-12-30 01:52:29 INFO  STEP PASS: Card #2 does not have all the components
2025-12-30 01:52:29 INFO  STEP: ==== Card #3 ====
2025-12-30 01:52:29 INFO  STEP PASS: Card #3 does not have all the components
2025-12-30 01:52:29 INFO  STEP: ==== Card #4 ====
2025-12-30 01:52:29 INFO  STEP PASS: Card #4 does not have all the components
2025-12-30 01:52:29 INFO  STEP: ==== Card #5 ====
2025-12-30 01:52:29 INFO  STEP PASS: Card #5 does not have all the components
2025-12-30 01:52:29 INFO  === PASS  tests.productCardsTests.ProductCardThumbnailTests.cardValidation[Exp#9 [f1=1, f2=3, f3=3, f4=1, f5=3, f6=2, f7=1, f8=2]] ===
2025-12-30 01:52:29 INFO  === END   tests.productCardsTests.ProductCardThumbnailTests.cardValidation[Exp#9 [f1=1, f2=3, f3=3, f4=1, f5=3, f6=2, f7=1, f8=2]] ===
2025-12-30 01:52:29 INFO  === START tests.productCardsTests.ProductCardThumbnailTests.cardValidation[Exp#10 [f1=2, f2=1, f3=1, f4=3, f5=3, f6=2, f7=2, f8=1]] ===
2025-12-30 01:52:29 INFO  STEP: 📝 New input: Filling form fields.
2025-12-30 01:52:32 INFO  STEP: ==== Card #1 ====
2025-12-30 01:52:32 INFO  STEP PASS: Card #1 does not have all the components
2025-12-30 01:52:32 INFO  STEP: ==== Card #2 ====
2025-12-30 01:52:32 INFO  STEP PASS: Card #2 does not have all the components
2025-12-30 01:52:32 INFO  STEP: ==== Card #3 ====
2025-12-30 01:52:32 INFO  STEP PASS: Card #3 does not have all the components
2025-12-30 01:52:32 INFO  STEP: ==== Card #4 ====
2025-12-30 01:52:33 INFO  STEP PASS: Card #4 does not have all the components
2025-12-30 01:52:33 INFO  STEP: ==== Card #5 ====
2025-12-30 01:52:33 INFO  STEP PASS: Card #5 does not have all the components
2025-12-30 01:52:33 INFO  === PASS  tests.productCardsTests.ProductCardThumbnailTests.cardValidation[Exp#10 [f1=2, f2=1, f3=1, f4=3, f5=3, f6=2, f7=2, f8=1]] ===
2025-12-30 01:52:33 INFO  === END   tests.productCardsTests.ProductCardThumbnailTests.cardValidation[Exp#10 [f1=2, f2=1, f3=1, f4=3, f5=3, f6=2, f7=2, f8=1]] ===
2025-12-30 01:52:33 INFO  === START tests.productCardsTests.ProductCardThumbnailTests.cardValidation[Exp#11 [f1=2, f2=1, f3=2, f4=1, f5=1, f6=3, f7=3, f8=2]] ===
2025-12-30 01:52:33 INFO  STEP: 📝 New input: Filling form fields.
2025-12-30 01:52:36 INFO  STEP: ==== Card #1 ====
2025-12-30 01:52:36 INFO  STEP PASS: Card #1 does not have all the components
2025-12-30 01:52:36 INFO  STEP: ==== Card #2 ====
2025-12-30 01:52:36 INFO  STEP PASS: Card #2 does not have all the components
2025-12-30 01:52:36 INFO  STEP: ==== Card #3 ====
2025-12-30 01:52:36 INFO  STEP PASS: Card #3 does not have all the components
2025-12-30 01:52:36 INFO  STEP: ==== Card #4 ====
2025-12-30 01:52:36 INFO  STEP PASS: Card #4 does not have all the components
2025-12-30 01:52:36 INFO  STEP: ==== Card #5 ====
2025-12-30 01:52:36 INFO  STEP PASS: Card #5 does not have all the components
2025-12-30 01:52:36 INFO  === PASS  tests.productCardsTests.ProductCardThumbnailTests.cardValidation[Exp#11 [f1=2, f2=1, f3=2, f4=1, f5=1, f6=3, f7=3, f8=2]] ===
2025-12-30 01:52:36 INFO  === END   tests.productCardsTests.ProductCardThumbnailTests.cardValidation[Exp#11 [f1=2, f2=1, f3=2, f4=1, f5=1, f6=3, f7=3, f8=2]] ===
2025-12-30 01:52:36 INFO  === START tests.productCardsTests.ProductCardThumbnailTests.cardValidation[Exp#12 [f1=2, f2=1, f3=3, f4=2, f5=2, f6=1, f7=1, f8=3]] ===
2025-12-30 01:52:36 INFO  STEP: 📝 New input: Filling form fields.
2025-12-30 01:52:40 INFO  STEP: ==== Card #1 ====
2025-12-30 01:52:40 INFO  STEP PASS: Card #1 does not have all the components
2025-12-30 01:52:40 INFO  STEP: ==== Card #2 ====
2025-12-30 01:52:40 INFO  STEP PASS: Card #2 does not have all the components
2025-12-30 01:52:40 INFO  STEP: ==== Card #3 ====
2025-12-30 01:52:40 INFO  STEP PASS: Card #3 does not have all the components
2025-12-30 01:52:40 INFO  STEP: ==== Card #4 ====
2025-12-30 01:52:40 INFO  STEP PASS: Card #4 does not have all the components
2025-12-30 01:52:40 INFO  STEP: ==== Card #5 ====
2025-12-30 01:52:40 INFO  STEP PASS: Card #5 does not have all the components
2025-12-30 01:52:40 INFO  === PASS  tests.productCardsTests.ProductCardThumbnailTests.cardValidation[Exp#12 [f1=2, f2=1, f3=3, f4=2, f5=2, f6=1, f7=1, f8=3]] ===
2025-12-30 01:52:40 INFO  === END   tests.productCardsTests.ProductCardThumbnailTests.cardValidation[Exp#12 [f1=2, f2=1, f3=3, f4=2, f5=2, f6=1, f7=1, f8=3]] ===
2025-12-30 01:52:40 INFO  === START tests.productCardsTests.ProductCardThumbnailTests.cardValidation[Exp#13 [f1=2, f2=2, f3=1, f4=2, f5=3, f6=1, f7=3, f8=2]] ===
2025-12-30 01:52:40 INFO  STEP: 📝 New input: Filling form fields.
2025-12-30 01:52:41 INFO  === START tests.inputPageTests.SubmitBtnValidationTests.testButtonDisabledUntilAllFieldsFilled ===
2025-12-30 01:52:44 INFO  STEP: ==== Card #1 ====
2025-12-30 01:52:44 INFO  STEP PASS: Card #1 does not have all the components
2025-12-30 01:52:44 INFO  STEP: ==== Card #2 ====
2025-12-30 01:52:44 INFO  STEP PASS: Card #2 does not have all the components
2025-12-30 01:52:44 INFO  STEP: ==== Card #3 ====
2025-12-30 01:52:44 INFO  STEP PASS: Card #3 does not have all the components
2025-12-30 01:52:44 INFO  STEP: ==== Card #4 ====
2025-12-30 01:52:44 INFO  STEP PASS: Card #4 does not have all the components
2025-12-30 01:52:44 INFO  STEP: ==== Card #5 ====
2025-12-30 01:52:44 INFO  STEP PASS: Card #5 does not have all the components
2025-12-30 01:52:44 INFO  === PASS  tests.productCardsTests.ProductCardThumbnailTests.cardValidation[Exp#13 [f1=2, f2=2, f3=1, f4=2, f5=3, f6=1, f7=3, f8=2]] ===
2025-12-30 01:52:44 INFO  === END   tests.productCardsTests.ProductCardThumbnailTests.cardValidation[Exp#13 [f1=2, f2=2, f3=1, f4=2, f5=3, f6=1, f7=3, f8=2]] ===
2025-12-30 01:52:44 INFO  === START tests.productCardsTests.ProductCardThumbnailTests.cardValidation[Exp#14 [f1=2, f2=2, f3=2, f4=3, f5=1, f6=2, f7=1, f8=3]] ===
2025-12-30 01:52:44 INFO  STEP: 📝 New input: Filling form fields.
2025-12-30 01:52:48 INFO  STEP: ==== Card #1 ====
2025-12-30 01:52:48 INFO  STEP PASS: Card #1 does not have all the components
2025-12-30 01:52:48 INFO  STEP: ==== Card #2 ====
2025-12-30 01:52:48 INFO  STEP PASS: Card #2 does not have all the components
2025-12-30 01:52:48 INFO  STEP: ==== Card #3 ====
2025-12-30 01:52:48 INFO  STEP PASS: Card #3 does not have all the components
2025-12-30 01:52:48 INFO  STEP: ==== Card #4 ====
2025-12-30 01:52:48 INFO  STEP PASS: Card #4 does not have all the components
2025-12-30 01:52:48 INFO  STEP: ==== Card #5 ====
2025-12-30 01:52:48 INFO  STEP PASS: Card #5 does not have all the components
2025-12-30 01:52:48 INFO  === PASS  tests.productCardsTests.ProductCardThumbnailTests.cardValidation[Exp#14 [f1=2, f2=2, f3=2, f4=3, f5=1, f6=2, f7=1, f8=3]] ===
2025-12-30 01:52:48 INFO  === END   tests.productCardsTests.ProductCardThumbnailTests.cardValidation[Exp#14 [f1=2, f2=2, f3=2, f4=3, f5=1, f6=2, f7=1, f8=3]] ===
2025-12-30 01:52:48 INFO  === START tests.productCardsTests.ProductCardThumbnailTests.cardValidation[Exp#15 [f1=2, f2=2, f3=3, f4=1, f5=2, f6=3, f7=2, f8=1]] ===
2025-12-30 01:52:48 INFO  STEP: 📝 New input: Filling form fields.
2025-12-30 01:52:48 INFO  STEP PASS: Button should be disabled on page load
2025-12-30 01:52:48 INFO  STEP PASS: Button should be disabled after 1 fill
2025-12-30 01:52:49 INFO  STEP PASS: Button should be disabled after 2 fill
2025-12-30 01:52:49 INFO  STEP PASS: Button should be disabled after 3 fill
2025-12-30 01:52:49 INFO  STEP PASS: Button should be disabled after 4 fill
2025-12-30 01:52:49 INFO  STEP PASS: Button should be disabled after 5 fill
2025-12-30 01:52:49 INFO  STEP PASS: Button should be disabled after 6 fill
2025-12-30 01:52:50 INFO  STEP PASS: Button should be disabled after 7 fill
2025-12-30 01:52:50 INFO  STEP PASS: Button should be enabled after filling all 8 fields
2025-12-30 01:52:50 INFO  === PASS  tests.inputPageTests.SubmitBtnValidationTests.testButtonDisabledUntilAllFieldsFilled ===
2025-12-30 01:52:50 INFO  === END   tests.inputPageTests.SubmitBtnValidationTests.testButtonDisabledUntilAllFieldsFilled ===
2025-12-30 01:52:52 INFO  STEP: ==== Card #1 ====
2025-12-30 01:52:52 INFO  STEP PASS: Card #1 does not have all the components
2025-12-30 01:52:52 INFO  STEP: ==== Card #2 ====
2025-12-30 01:52:52 INFO  STEP PASS: Card #2 does not have all the components
2025-12-30 01:52:52 INFO  STEP: ==== Card #3 ====
2025-12-30 01:52:52 INFO  STEP PASS: Card #3 does not have all the components
2025-12-30 01:52:52 INFO  STEP: ==== Card #4 ====
2025-12-30 01:52:52 INFO  STEP PASS: Card #4 does not have all the components
2025-12-30 01:52:52 INFO  STEP: ==== Card #5 ====
2025-12-30 01:52:52 INFO  STEP PASS: Card #5 does not have all the components
2025-12-30 01:52:52 INFO  === PASS  tests.productCardsTests.ProductCardThumbnailTests.cardValidation[Exp#15 [f1=2, f2=2, f3=3, f4=1, f5=2, f6=3, f7=2, f8=1]] ===
2025-12-30 01:52:52 INFO  === END   tests.productCardsTests.ProductCardThumbnailTests.cardValidation[Exp#15 [f1=2, f2=2, f3=3, f4=1, f5=2, f6=3, f7=2, f8=1]] ===
2025-12-30 01:52:52 INFO  === START tests.productCardsTests.ProductCardThumbnailTests.cardValidation[Exp#16 [f1=2, f2=3, f3=1, f4=3, f5=2, f6=3, f7=1, f8=2]] ===
2025-12-30 01:52:52 INFO  STEP: 📝 New input: Filling form fields.
2025-12-30 01:52:55 INFO  STEP: ==== Card #1 ====
2025-12-30 01:52:55 INFO  STEP PASS: Card #1 does not have all the components
2025-12-30 01:52:55 INFO  STEP: ==== Card #2 ====
2025-12-30 01:52:56 INFO  STEP PASS: Card #2 does not have all the components
2025-12-30 01:52:56 INFO  STEP: ==== Card #3 ====
2025-12-30 01:52:56 INFO  STEP PASS: Card #3 does not have all the components
2025-12-30 01:52:56 INFO  STEP: ==== Card #4 ====
2025-12-30 01:52:56 INFO  STEP PASS: Card #4 does not have all the components
2025-12-30 01:52:56 INFO  STEP: ==== Card #5 ====
2025-12-30 01:52:56 INFO  STEP PASS: Card #5 does not have all the components
2025-12-30 01:52:56 INFO  === PASS  tests.productCardsTests.ProductCardThumbnailTests.cardValidation[Exp#16 [f1=2, f2=3, f3=1, f4=3, f5=2, f6=3, f7=1, f8=2]] ===
2025-12-30 01:52:56 INFO  === END   tests.productCardsTests.ProductCardThumbnailTests.cardValidation[Exp#16 [f1=2, f2=3, f3=1, f4=3, f5=2, f6=3, f7=1, f8=2]] ===
2025-12-30 01:52:56 INFO  === START tests.productCardsTests.ProductCardThumbnailTests.cardValidation[Exp#17 [f1=2, f2=3, f3=2, f4=1, f5=3, f6=1, f7=2, f8=3]] ===
2025-12-30 01:52:56 INFO  STEP: 📝 New input: Filling form fields.
2025-12-30 01:52:59 INFO  STEP: ==== Card #1 ====
2025-12-30 01:52:59 INFO  STEP PASS: Card #1 does not have all the components
2025-12-30 01:52:59 INFO  STEP: ==== Card #2 ====
2025-12-30 01:52:59 INFO  STEP PASS: Card #2 does not have all the components
2025-12-30 01:52:59 INFO  STEP: ==== Card #3 ====
2025-12-30 01:52:59 INFO  STEP PASS: Card #3 does not have all the components
2025-12-30 01:52:59 INFO  STEP: ==== Card #4 ====
2025-12-30 01:52:59 INFO  STEP PASS: Card #4 does not have all the components
2025-12-30 01:52:59 INFO  === PASS  tests.productCardsTests.ProductCardThumbnailTests.cardValidation[Exp#17 [f1=2, f2=3, f3=2, f4=1, f5=3, f6=1, f7=2, f8=3]] ===
2025-12-30 01:52:59 INFO  === END   tests.productCardsTests.ProductCardThumbnailTests.cardValidation[Exp#17 [f1=2, f2=3, f3=2, f4=1, f5=3, f6=1, f7=2, f8=3]] ===
2025-12-30 01:52:59 INFO  === START tests.productCardsTests.ProductCardThumbnailTests.cardValidation[Exp#18 [f1=2, f2=3, f3=3, f4=2, f5=1, f6=2, f7=3, f8=1]] ===
2025-12-30 01:52:59 INFO  STEP: 📝 New input: Filling form fields.
2025-12-30 01:53:02 INFO  STEP: ==== Card #1 ====
2025-12-30 01:53:03 INFO  STEP PASS: Card #1 does not have all the components
2025-12-30 01:53:03 INFO  STEP: ==== Card #2 ====
2025-12-30 01:53:03 INFO  STEP PASS: Card #2 does not have all the components
2025-12-30 01:53:03 INFO  STEP: ==== Card #3 ====
2025-12-30 01:53:03 INFO  STEP PASS: Card #3 does not have all the components
2025-12-30 01:53:03 INFO  STEP: ==== Card #4 ====
2025-12-30 01:53:03 INFO  STEP PASS: Card #4 does not have all the components
2025-12-30 01:53:03 INFO  STEP: ==== Card #5 ====
2025-12-30 01:53:03 INFO  STEP PASS: Card #5 does not have all the components
2025-12-30 01:53:03 INFO  === PASS  tests.productCardsTests.ProductCardThumbnailTests.cardValidation[Exp#18 [f1=2, f2=3, f3=3, f4=2, f5=1, f6=2, f7=3, f8=1]] ===
2025-12-30 01:53:03 INFO  === END   tests.productCardsTests.ProductCardThumbnailTests.cardValidation[Exp#18 [f1=2, f2=3, f3=3, f4=2, f5=1, f6=2, f7=3, f8=1]] ===
2025-12-30 01:53:03 INFO  === START tests.productCardsTests.ProductCardThumbnailTests.cardValidation[Exp#19 [f1=2, f2=3, f3=3, f4=2, f5=1, f6=1, f7=1, f8=2]] ===
2025-12-30 01:53:03 INFO  STEP: 📝 New input: Filling form fields.
2025-12-30 01:53:06 INFO  STEP: ==== Card #1 ====
2025-12-30 01:53:06 INFO  STEP PASS: Card #1 does not have all the components
2025-12-30 01:53:06 INFO  STEP: ==== Card #2 ====
2025-12-30 01:53:06 INFO  STEP PASS: Card #2 does not have all the components
2025-12-30 01:53:06 INFO  STEP: ==== Card #3 ====
2025-12-30 01:53:07 INFO  STEP PASS: Card #3 does not have all the components
2025-12-30 01:53:07 INFO  STEP: ==== Card #4 ====
2025-12-30 01:53:07 INFO  STEP PASS: Card #4 does not have all the components
2025-12-30 01:53:07 INFO  STEP: ==== Card #5 ====
2025-12-30 01:53:07 INFO  STEP PASS: Card #5 does not have all the components
2025-12-30 01:53:07 INFO  === PASS  tests.productCardsTests.ProductCardThumbnailTests.cardValidation[Exp#19 [f1=2, f2=3, f3=3, f4=2, f5=1, f6=1, f7=1, f8=2]] ===
2025-12-30 01:53:07 INFO  === END   tests.productCardsTests.ProductCardThumbnailTests.cardValidation[Exp#19 [f1=2, f2=3, f3=3, f4=2, f5=1, f6=1, f7=1, f8=2]] ===
2025-12-30 01:53:07 INFO  === START tests.productCardsTests.ProductCardThumbnailTests.cardValidation[Exp#20 [f1=2, f2=3, f3=3, f4=3, f5=3, f6=3, f7=3, f8=3]] ===
2025-12-30 01:53:07 INFO  STEP: 📝 New input: Filling form fields.
2025-12-30 01:53:10 INFO  STEP: ==== Card #1 ====
2025-12-30 01:53:10 INFO  STEP PASS: Card #1 does not have all the components
2025-12-30 01:53:10 INFO  STEP: ==== Card #2 ====
2025-12-30 01:53:10 INFO  STEP PASS: Card #2 does not have all the components
2025-12-30 01:53:10 INFO  STEP: ==== Card #3 ====
2025-12-30 01:53:10 INFO  STEP PASS: Card #3 does not have all the components
2025-12-30 01:53:10 INFO  STEP: ==== Card #4 ====
2025-12-30 01:53:10 INFO  STEP PASS: Card #4 does not have all the components
2025-12-30 01:53:10 INFO  === PASS  tests.productCardsTests.ProductCardThumbnailTests.cardValidation[Exp#20 [f1=2, f2=3, f3=3, f4=3, f5=3, f6=3, f7=3, f8=3]] ===
2025-12-30 01:53:10 INFO  === END   tests.productCardsTests.ProductCardThumbnailTests.cardValidation[Exp#20 [f1=2, f2=3, f3=3, f4=3, f5=3, f6=3, f7=3, f8=3]] ===
2025-12-30 01:53:15 INFO  === START tests.inputPageTests.SubmitBtnValidationTests.testButtonDisabledUntilAllFieldsFilled ===
2025-12-30 01:53:21 INFO  STEP PASS: Button should be disabled on page load
2025-12-30 01:53:21 INFO  STEP PASS: Button should be disabled after 1 fill
2025-12-30 01:53:22 INFO  STEP PASS: Button should be disabled after 2 fill
2025-12-30 01:53:22 INFO  STEP PASS: Button should be disabled after 3 fill
2025-12-30 01:53:22 INFO  STEP PASS: Button should be disabled after 4 fill
2025-12-30 01:53:22 INFO  STEP PASS: Button should be disabled after 5 fill
2025-12-30 01:53:22 INFO  STEP PASS: Button should be disabled after 6 fill
2025-12-30 01:53:22 INFO  STEP PASS: Button should be disabled after 7 fill
2025-12-30 01:53:23 INFO  STEP PASS: Button should be enabled after filling all 8 fields
2025-12-30 01:53:23 INFO  === PASS  tests.inputPageTests.SubmitBtnValidationTests.testButtonDisabledUntilAllFieldsFilled ===
2025-12-30 01:53:23 INFO  === END   tests.inputPageTests.SubmitBtnValidationTests.testButtonDisabledUntilAllFieldsFilled ===
2025-12-30 01:54:17 INFO  === START tests.productCardsTests.ProductCardThumbnailTests.cardValidation[Exp#1 [f1=1, f2=1, f3=1, f4=1, f5=1, f6=1, f7=1, f8=1]] ===
2025-12-30 01:54:18 INFO  STEP: 📝 New input: Filling form fields.
2025-12-30 01:54:24 INFO  STEP: ==== Card #1 ====
2025-12-30 01:54:25 INFO  STEP PASS: Card #1 should have all the components
2025-12-30 01:54:25 INFO  STEP: ==== Card #2 ====
2025-12-30 01:54:25 INFO  STEP PASS: Card #2 should have all the components
2025-12-30 01:54:25 INFO  STEP: ==== Card #3 ====
2025-12-30 01:54:25 INFO  STEP PASS: Card #3 should have all the components
2025-12-30 01:54:25 INFO  STEP: ==== Card #4 ====
2025-12-30 01:54:25 INFO  STEP PASS: Card #4 should have all the components
2025-12-30 01:54:25 INFO  STEP: ==== Card #5 ====
2025-12-30 01:54:25 INFO  STEP PASS: Card #5 should have all the components
2025-12-30 01:54:25 INFO  === PASS  tests.productCardsTests.ProductCardThumbnailTests.cardValidation[Exp#1 [f1=1, f2=1, f3=1, f4=1, f5=1, f6=1, f7=1, f8=1]] ===
2025-12-30 01:54:25 INFO  === END   tests.productCardsTests.ProductCardThumbnailTests.cardValidation[Exp#1 [f1=1, f2=1, f3=1, f4=1, f5=1, f6=1, f7=1, f8=1]] ===
2025-12-30 01:54:25 INFO  === START tests.productCardsTests.ProductCardThumbnailTests.cardValidation[Exp#2 [f1=1, f2=1, f3=2, f4=2, f5=2, f6=2, f7=2, f8=2]] ===
2025-12-30 01:54:25 INFO  STEP: 📝 New input: Filling form fields.
2025-12-30 01:54:28 INFO  STEP: ==== Card #1 ====
2025-12-30 01:54:28 INFO  STEP PASS: Card #1 should have all the components
2025-12-30 01:54:28 INFO  STEP: ==== Card #2 ====
2025-12-30 01:54:29 INFO  STEP PASS: Card #2 should have all the components
2025-12-30 01:54:29 INFO  STEP: ==== Card #3 ====
2025-12-30 01:54:29 INFO  STEP PASS: Card #3 should have all the components
2025-12-30 01:54:29 INFO  STEP: ==== Card #4 ====
2025-12-30 01:54:29 INFO  STEP PASS: Card #4 should have all the components
2025-12-30 01:54:29 INFO  STEP: ==== Card #5 ====
2025-12-30 01:54:29 INFO  STEP PASS: Card #5 should have all the components
2025-12-30 01:54:29 INFO  === PASS  tests.productCardsTests.ProductCardThumbnailTests.cardValidation[Exp#2 [f1=1, f2=1, f3=2, f4=2, f5=2, f6=2, f7=2, f8=2]] ===
2025-12-30 01:54:29 INFO  === END   tests.productCardsTests.ProductCardThumbnailTests.cardValidation[Exp#2 [f1=1, f2=1, f3=2, f4=2, f5=2, f6=2, f7=2, f8=2]] ===
2025-12-30 01:54:29 INFO  === START tests.productCardsTests.ProductCardThumbnailTests.cardValidation[Exp#3 [f1=1, f2=1, f3=3, f4=3, f5=3, f6=3, f7=3, f8=3]] ===
2025-12-30 01:54:29 INFO  STEP: 📝 New input: Filling form fields.
2025-12-30 01:54:32 INFO  STEP: ==== Card #1 ====
2025-12-30 01:54:32 INFO  STEP PASS: Card #1 should have all the components
2025-12-30 01:54:32 INFO  STEP: ==== Card #2 ====
2025-12-30 01:54:32 INFO  STEP PASS: Card #2 should have all the components
2025-12-30 01:54:32 INFO  STEP: ==== Card #3 ====
2025-12-30 01:54:32 INFO  STEP PASS: Card #3 should have all the components
2025-12-30 01:54:32 INFO  STEP: ==== Card #4 ====
2025-12-30 01:54:32 INFO  STEP PASS: Card #4 should have all the components
2025-12-30 01:54:32 INFO  === PASS  tests.productCardsTests.ProductCardThumbnailTests.cardValidation[Exp#3 [f1=1, f2=1, f3=3, f4=3, f5=3, f6=3, f7=3, f8=3]] ===
2025-12-30 01:54:32 INFO  === END   tests.productCardsTests.ProductCardThumbnailTests.cardValidation[Exp#3 [f1=1, f2=1, f3=3, f4=3, f5=3, f6=3, f7=3, f8=3]] ===
2025-12-30 01:54:32 INFO  === START tests.productCardsTests.ProductCardThumbnailTests.cardValidation[Exp#4 [f1=1, f2=2, f3=1, f4=1, f5=2, f6=2, f7=3, f8=3]] ===
2025-12-30 01:54:32 INFO  STEP: 📝 New input: Filling form fields.
2025-12-30 01:54:36 INFO  STEP: ==== Card #1 ====
2025-12-30 01:54:36 INFO  STEP PASS: Card #1 should have all the components
2025-12-30 01:54:36 INFO  STEP: ==== Card #2 ====
2025-12-30 01:54:36 INFO  STEP PASS: Card #2 should have all the components
2025-12-30 01:54:36 INFO  STEP: ==== Card #3 ====
2025-12-30 01:54:36 INFO  STEP PASS: Card #3 should have all the components
2025-12-30 01:54:36 INFO  STEP: ==== Card #4 ====
2025-12-30 01:54:36 INFO  STEP PASS: Card #4 should have all the components
2025-12-30 01:54:36 INFO  STEP: ==== Card #5 ====
2025-12-30 01:54:36 INFO  STEP PASS: Card #5 should have all the components
2025-12-30 01:54:36 INFO  === PASS  tests.productCardsTests.ProductCardThumbnailTests.cardValidation[Exp#4 [f1=1, f2=2, f3=1, f4=1, f5=2, f6=2, f7=3, f8=3]] ===
2025-12-30 01:54:36 INFO  === END   tests.productCardsTests.ProductCardThumbnailTests.cardValidation[Exp#4 [f1=1, f2=2, f3=1, f4=1, f5=2, f6=2, f7=3, f8=3]] ===
2025-12-30 01:54:36 INFO  === START tests.productCardsTests.ProductCardThumbnailTests.cardValidation[Exp#5 [f1=1, f2=2, f3=2, f4=2, f5=3, f6=3, f7=1, f8=1]] ===
2025-12-30 01:54:36 INFO  STEP: 📝 New input: Filling form fields.
2025-12-30 01:54:39 INFO  STEP: ==== Card #1 ====
2025-12-30 01:54:39 INFO  STEP PASS: Card #1 should have all the components
2025-12-30 01:54:39 INFO  STEP: ==== Card #2 ====
2025-12-30 01:54:39 INFO  STEP PASS: Card #2 should have all the components
2025-12-30 01:54:39 INFO  STEP: ==== Card #3 ====
2025-12-30 01:54:39 INFO  STEP PASS: Card #3 should have all the components
2025-12-30 01:54:39 INFO  STEP: ==== Card #4 ====
2025-12-30 01:54:39 INFO  STEP PASS: Card #4 should have all the components
2025-12-30 01:54:39 INFO  STEP: ==== Card #5 ====
2025-12-30 01:54:40 INFO  STEP PASS: Card #5 should have all the components
2025-12-30 01:54:40 INFO  === PASS  tests.productCardsTests.ProductCardThumbnailTests.cardValidation[Exp#5 [f1=1, f2=2, f3=2, f4=2, f5=3, f6=3, f7=1, f8=1]] ===
2025-12-30 01:54:40 INFO  === END   tests.productCardsTests.ProductCardThumbnailTests.cardValidation[Exp#5 [f1=1, f2=2, f3=2, f4=2, f5=3, f6=3, f7=1, f8=1]] ===
2025-12-30 01:54:40 INFO  === START tests.productCardsTests.ProductCardThumbnailTests.cardValidation[Exp#6 [f1=1, f2=2, f3=3, f4=3, f5=1, f6=1, f7=2, f8=2]] ===
2025-12-30 01:54:40 INFO  STEP: 📝 New input: Filling form fields.
2025-12-30 01:54:43 INFO  STEP: ==== Card #1 ====
2025-12-30 01:54:43 INFO  STEP PASS: Card #1 should have all the components
2025-12-30 01:54:43 INFO  STEP: ==== Card #2 ====
2025-12-30 01:54:43 INFO  STEP PASS: Card #2 should have all the components
2025-12-30 01:54:43 INFO  STEP: ==== Card #3 ====
2025-12-30 01:54:43 INFO  STEP PASS: Card #3 should have all the components
2025-12-30 01:54:43 INFO  STEP: ==== Card #4 ====
2025-12-30 01:54:43 INFO  STEP PASS: Card #4 should have all the components
2025-12-30 01:54:43 INFO  STEP: ==== Card #5 ====
2025-12-30 01:54:43 INFO  STEP PASS: Card #5 should have all the components
2025-12-30 01:54:43 INFO  === PASS  tests.productCardsTests.ProductCardThumbnailTests.cardValidation[Exp#6 [f1=1, f2=2, f3=3, f4=3, f5=1, f6=1, f7=2, f8=2]] ===
2025-12-30 01:54:43 INFO  === END   tests.productCardsTests.ProductCardThumbnailTests.cardValidation[Exp#6 [f1=1, f2=2, f3=3, f4=3, f5=1, f6=1, f7=2, f8=2]] ===
2025-12-30 01:54:43 INFO  === START tests.productCardsTests.ProductCardThumbnailTests.cardValidation[Exp#7 [f1=1, f2=3, f3=1, f4=2, f5=1, f6=3, f7=2, f8=3]] ===
2025-12-30 01:54:43 INFO  STEP: 📝 New input: Filling form fields.
2025-12-30 01:54:47 INFO  STEP: ==== Card #1 ====
2025-12-30 01:54:47 INFO  STEP PASS: Card #1 should have all the components
2025-12-30 01:54:47 INFO  STEP: ==== Card #2 ====
2025-12-30 01:54:47 INFO  STEP PASS: Card #2 should have all the components
2025-12-30 01:54:47 INFO  STEP: ==== Card #3 ====
2025-12-30 01:54:47 INFO  STEP PASS: Card #3 should have all the components
2025-12-30 01:54:47 INFO  STEP: ==== Card #4 ====
2025-12-30 01:54:47 INFO  STEP PASS: Card #4 should have all the components
2025-12-30 01:54:47 INFO  STEP: ==== Card #5 ====
2025-12-30 01:54:47 INFO  STEP PASS: Card #5 should have all the components
2025-12-30 01:54:47 INFO  === PASS  tests.productCardsTests.ProductCardThumbnailTests.cardValidation[Exp#7 [f1=1, f2=3, f3=1, f4=2, f5=1, f6=3, f7=2, f8=3]] ===
2025-12-30 01:54:47 INFO  === END   tests.productCardsTests.ProductCardThumbnailTests.cardValidation[Exp#7 [f1=1, f2=3, f3=1, f4=2, f5=1, f6=3, f7=2, f8=3]] ===
2025-12-30 01:54:47 INFO  === START tests.productCardsTests.ProductCardThumbnailTests.cardValidation[Exp#8 [f1=1, f2=3, f3=2, f4=3, f5=2, f6=1, f7=3, f8=1]] ===
2025-12-30 01:54:47 INFO  STEP: 📝 New input: Filling form fields.
2025-12-30 01:54:50 INFO  === START tests.productCardsTests.ProductCardThumbnailTests.cardValidation[Exp#1 [f1=1, f2=1, f3=1, f4=1, f5=1, f6=1, f7=1, f8=1]] ===
2025-12-30 01:54:50 INFO  STEP: ==== Card #1 ====
2025-12-30 01:54:50 INFO  STEP PASS: Card #1 should have all the components
2025-12-30 01:54:50 INFO  STEP: ==== Card #2 ====
2025-12-30 01:54:51 INFO  STEP PASS: Card #2 should have all the components
2025-12-30 01:54:51 INFO  STEP: ==== Card #3 ====
2025-12-30 01:54:51 INFO  STEP PASS: Card #3 should have all the components
2025-12-30 01:54:51 INFO  STEP: ==== Card #4 ====
2025-12-30 01:54:51 INFO  STEP PASS: Card #4 should have all the components
2025-12-30 01:54:51 INFO  STEP: ==== Card #5 ====
2025-12-30 01:54:51 INFO  STEP PASS: Card #5 should have all the components
2025-12-30 01:54:51 INFO  === PASS  tests.productCardsTests.ProductCardThumbnailTests.cardValidation[Exp#8 [f1=1, f2=3, f3=2, f4=3, f5=2, f6=1, f7=3, f8=1]] ===
2025-12-30 01:54:51 INFO  === END   tests.productCardsTests.ProductCardThumbnailTests.cardValidation[Exp#8 [f1=1, f2=3, f3=2, f4=3, f5=2, f6=1, f7=3, f8=1]] ===
2025-12-30 01:54:51 INFO  === START tests.productCardsTests.ProductCardThumbnailTests.cardValidation[Exp#9 [f1=1, f2=3, f3=3, f4=1, f5=3, f6=2, f7=1, f8=2]] ===
2025-12-30 01:54:51 INFO  STEP: 📝 New input: Filling form fields.
2025-12-30 01:54:51 INFO  STEP: 📝 New input: Filling form fields.
2025-12-30 01:54:55 INFO  STEP: ==== Card #1 ====
2025-12-30 01:54:55 INFO  STEP PASS: Card #1 should have all the components
2025-12-30 01:54:55 INFO  STEP: ==== Card #2 ====
2025-12-30 01:54:55 INFO  STEP PASS: Card #2 should have all the components
2025-12-30 01:54:55 INFO  STEP: ==== Card #3 ====
2025-12-30 01:54:55 INFO  STEP PASS: Card #3 should have all the components
2025-12-30 01:54:55 INFO  STEP: ==== Card #4 ====
2025-12-30 01:54:55 INFO  STEP PASS: Card #4 should have all the components
2025-12-30 01:54:55 INFO  STEP: ==== Card #5 ====
2025-12-30 01:54:55 INFO  STEP PASS: Card #5 should have all the components
2025-12-30 01:54:55 INFO  === PASS  tests.productCardsTests.ProductCardThumbnailTests.cardValidation[Exp#9 [f1=1, f2=3, f3=3, f4=1, f5=3, f6=2, f7=1, f8=2]] ===
2025-12-30 01:54:55 INFO  === END   tests.productCardsTests.ProductCardThumbnailTests.cardValidation[Exp#9 [f1=1, f2=3, f3=3, f4=1, f5=3, f6=2, f7=1, f8=2]] ===
2025-12-30 01:54:55 INFO  === START tests.productCardsTests.ProductCardThumbnailTests.cardValidation[Exp#10 [f1=2, f2=1, f3=1, f4=3, f5=3, f6=2, f7=2, f8=1]] ===
2025-12-30 01:54:55 INFO  STEP: 📝 New input: Filling form fields.
2025-12-30 01:54:59 INFO  STEP: ==== Card #1 ====
2025-12-30 01:54:59 INFO  STEP PASS: Card #1 should have all the components
2025-12-30 01:54:59 INFO  STEP: ==== Card #2 ====
2025-12-30 01:54:59 INFO  STEP PASS: Card #1 should have all the components
2025-12-30 01:54:59 INFO  STEP PASS: Card #2 should have all the components
2025-12-30 01:54:59 INFO  STEP: ==== Card #3 ====
2025-12-30 01:54:59 INFO  STEP PASS: Card #2 should have all the components
2025-12-30 01:54:59 INFO  STEP PASS: Card #3 should have all the components
2025-12-30 01:54:59 INFO  STEP: ==== Card #4 ====
2025-12-30 01:54:59 INFO  STEP PASS: Card #3 should have all the components
2025-12-30 01:54:59 INFO  STEP PASS: Card #4 should have all the components
2025-12-30 01:54:59 INFO  STEP: ==== Card #5 ====
2025-12-30 01:54:59 INFO  STEP PASS: Card #5 should have all the components
2025-12-30 01:54:59 INFO  === PASS  tests.productCardsTests.ProductCardThumbnailTests.cardValidation[Exp#10 [f1=2, f2=1, f3=1, f4=3, f5=3, f6=2, f7=2, f8=1]] ===
2025-12-30 01:54:59 INFO  === END   tests.productCardsTests.ProductCardThumbnailTests.cardValidation[Exp#10 [f1=2, f2=1, f3=1, f4=3, f5=3, f6=2, f7=2, f8=1]] ===
2025-12-30 01:54:59 INFO  === START tests.productCardsTests.ProductCardThumbnailTests.cardValidation[Exp#11 [f1=2, f2=1, f3=2, f4=1, f5=1, f6=3, f7=3, f8=2]] ===
2025-12-30 01:54:59 INFO  STEP: 📝 New input: Filling form fields.
2025-12-30 01:54:59 INFO  STEP PASS: Card #4 should have all the components
2025-12-30 01:54:59 INFO  STEP PASS: Card #5 should have all the components
2025-12-30 01:54:59 INFO  === PASS  tests.productCardsTests.ProductCardThumbnailTests.cardValidation[Exp#1 [f1=1, f2=1, f3=1, f4=1, f5=1, f6=1, f7=1, f8=1]] ===
2025-12-30 01:54:59 INFO  === END   tests.productCardsTests.ProductCardThumbnailTests.cardValidation[Exp#1 [f1=1, f2=1, f3=1, f4=1, f5=1, f6=1, f7=1, f8=1]] ===
2025-12-30 01:54:59 INFO  === START tests.productCardsTests.ProductCardThumbnailTests.cardValidation[Exp#2 [f1=1, f2=1, f3=2, f4=2, f5=2, f6=2, f7=2, f8=2]] ===
2025-12-30 01:54:59 INFO  STEP: 📝 New input: Filling form fields.
2025-12-30 01:55:02 INFO  STEP: ==== Card #1 ====
2025-12-30 01:55:02 INFO  STEP PASS: Card #1 should have all the components
2025-12-30 01:55:02 INFO  STEP: ==== Card #2 ====
2025-12-30 01:55:02 INFO  STEP PASS: Card #2 should have all the components
2025-12-30 01:55:02 INFO  STEP: ==== Card #3 ====
2025-12-30 01:55:03 INFO  STEP PASS: Card #3 should have all the components
2025-12-30 01:55:03 INFO  STEP: ==== Card #4 ====
2025-12-30 01:55:03 INFO  === START tests.productCardsTests.ProductCardThumbnailTests.cardValidation[Exp#1 [f1=1, f2=1, f3=1, f4=1, f5=1, f6=1, f7=1, f8=1]] ===
2025-12-30 01:55:03 INFO  STEP PASS: Card #4 should have all the components
2025-12-30 01:55:03 INFO  STEP: ==== Card #5 ====
2025-12-30 01:55:03 INFO  STEP PASS: Card #5 should have all the components
2025-12-30 01:55:03 INFO  === PASS  tests.productCardsTests.ProductCardThumbnailTests.cardValidation[Exp#11 [f1=2, f2=1, f3=2, f4=1, f5=1, f6=3, f7=3, f8=2]] ===
2025-12-30 01:55:03 INFO  === END   tests.productCardsTests.ProductCardThumbnailTests.cardValidation[Exp#11 [f1=2, f2=1, f3=2, f4=1, f5=1, f6=3, f7=3, f8=2]] ===
2025-12-30 01:55:03 INFO  === START tests.productCardsTests.ProductCardThumbnailTests.cardValidation[Exp#12 [f1=2, f2=1, f3=3, f4=2, f5=2, f6=1, f7=1, f8=3]] ===
2025-12-30 01:55:03 INFO  STEP: 📝 New input: Filling form fields.
2025-12-30 01:55:03 INFO  STEP PASS: Card #1 should have all the components
2025-12-30 01:55:03 INFO  STEP PASS: Card #2 should have all the components
2025-12-30 01:55:03 INFO  STEP PASS: Card #3 should have all the components
2025-12-30 01:55:03 INFO  STEP PASS: Card #4 should have all the components
2025-12-30 01:55:03 INFO  STEP PASS: Card #5 should have all the components
2025-12-30 01:55:03 INFO  === PASS  tests.productCardsTests.ProductCardThumbnailTests.cardValidation[Exp#2 [f1=1, f2=1, f3=2, f4=2, f5=2, f6=2, f7=2, f8=2]] ===
2025-12-30 01:55:03 INFO  === END   tests.productCardsTests.ProductCardThumbnailTests.cardValidation[Exp#2 [f1=1, f2=1, f3=2, f4=2, f5=2, f6=2, f7=2, f8=2]] ===
2025-12-30 01:55:03 INFO  === START tests.productCardsTests.ProductCardThumbnailTests.cardValidation[Exp#3 [f1=1, f2=1, f3=3, f4=3, f5=3, f6=3, f7=3, f8=3]] ===
2025-12-30 01:55:03 INFO  STEP: 📝 New input: Filling form fields.
2025-12-30 01:55:05 INFO  STEP: 📝 New input: Filling form fields.
2025-12-30 01:55:07 INFO  STEP: ==== Card #1 ====
2025-12-30 01:55:07 INFO  STEP PASS: Card #1 should have all the components
2025-12-30 01:55:07 INFO  STEP: ==== Card #2 ====
2025-12-30 01:55:07 INFO  STEP PASS: Card #2 should have all the components
2025-12-30 01:55:07 INFO  STEP: ==== Card #3 ====
2025-12-30 01:55:07 INFO  STEP PASS: Card #3 should have all the components
2025-12-30 01:55:07 INFO  STEP: ==== Card #4 ====
2025-12-30 01:55:07 INFO  STEP PASS: Card #4 should have all the components
2025-12-30 01:55:07 INFO  STEP: ==== Card #5 ====
2025-12-30 01:55:07 INFO  STEP PASS: Card #5 should have all the components
2025-12-30 01:55:07 INFO  === PASS  tests.productCardsTests.ProductCardThumbnailTests.cardValidation[Exp#12 [f1=2, f2=1, f3=3, f4=2, f5=2, f6=1, f7=1, f8=3]] ===
2025-12-30 01:55:07 INFO  === END   tests.productCardsTests.ProductCardThumbnailTests.cardValidation[Exp#12 [f1=2, f2=1, f3=3, f4=2, f5=2, f6=1, f7=1, f8=3]] ===
2025-12-30 01:55:07 INFO  === START tests.productCardsTests.ProductCardThumbnailTests.cardValidation[Exp#13 [f1=2, f2=2, f3=1, f4=2, f5=3, f6=1, f7=3, f8=2]] ===
2025-12-30 01:55:07 INFO  STEP: 📝 New input: Filling form fields.
2025-12-30 01:55:08 INFO  STEP PASS: Card #1 should have all the components
2025-12-30 01:55:08 INFO  STEP PASS: Card #2 should have all the components
2025-12-30 01:55:08 INFO  STEP PASS: Card #3 should have all the components
2025-12-30 01:55:08 INFO  STEP PASS: Card #4 should have all the components
2025-12-30 01:55:08 INFO  === PASS  tests.productCardsTests.ProductCardThumbnailTests.cardValidation[Exp#3 [f1=1, f2=1, f3=3, f4=3, f5=3, f6=3, f7=3, f8=3]] ===
2025-12-30 01:55:08 INFO  === END   tests.productCardsTests.ProductCardThumbnailTests.cardValidation[Exp#3 [f1=1, f2=1, f3=3, f4=3, f5=3, f6=3, f7=3, f8=3]] ===
2025-12-30 01:55:08 INFO  === START tests.productCardsTests.ProductCardThumbnailTests.cardValidation[Exp#4 [f1=1, f2=2, f3=1, f4=1, f5=2, f6=2, f7=3, f8=3]] ===
2025-12-30 01:55:08 INFO  STEP: 📝 New input: Filling form fields.
2025-12-30 01:55:11 INFO  STEP: ==== Card #1 ====
2025-12-30 01:55:11 INFO  STEP PASS: Card #1 should have all the components
2025-12-30 01:55:11 INFO  STEP: ==== Card #2 ====
2025-12-30 01:55:12 INFO  STEP PASS: Card #2 should have all the components
2025-12-30 01:55:12 INFO  STEP: ==== Card #3 ====
2025-12-30 01:55:12 INFO  STEP PASS: Card #3 should have all the components
2025-12-30 01:55:12 INFO  STEP: ==== Card #4 ====
2025-12-30 01:55:12 INFO  STEP PASS: Card #4 should have all the components
2025-12-30 01:55:12 INFO  STEP: ==== Card #5 ====
2025-12-30 01:55:12 INFO  STEP PASS: Card #5 should have all the components
2025-12-30 01:55:12 INFO  === PASS  tests.productCardsTests.ProductCardThumbnailTests.cardValidation[Exp#13 [f1=2, f2=2, f3=1, f4=2, f5=3, f6=1, f7=3, f8=2]] ===
2025-12-30 01:55:12 INFO  === END   tests.productCardsTests.ProductCardThumbnailTests.cardValidation[Exp#13 [f1=2, f2=2, f3=1, f4=2, f5=3, f6=1, f7=3, f8=2]] ===
2025-12-30 01:55:12 INFO  === START tests.productCardsTests.ProductCardThumbnailTests.cardValidation[Exp#14 [f1=2, f2=2, f3=2, f4=3, f5=1, f6=2, f7=1, f8=3]] ===
2025-12-30 01:55:12 INFO  STEP: 📝 New input: Filling form fields.
2025-12-30 01:55:12 INFO  STEP PASS: Card #1 should have all the components
2025-12-30 01:55:12 INFO  STEP PASS: Card #2 should have all the components
2025-12-30 01:55:12 INFO  STEP PASS: Card #3 should have all the components
2025-12-30 01:55:12 INFO  STEP PASS: Card #1 should have all the components
2025-12-30 01:55:13 INFO  STEP PASS: Card #2 should have all the components
2025-12-30 01:55:13 INFO  STEP PASS: Card #4 should have all the components
2025-12-30 01:55:13 INFO  STEP PASS: Card #3 should have all the components
2025-12-30 01:55:13 INFO  STEP PASS: Card #5 should have all the components
2025-12-30 01:55:13 INFO  === PASS  tests.productCardsTests.ProductCardThumbnailTests.cardValidation[Exp#1 [f1=1, f2=1, f3=1, f4=1, f5=1, f6=1, f7=1, f8=1]] ===
2025-12-30 01:55:13 INFO  === END   tests.productCardsTests.ProductCardThumbnailTests.cardValidation[Exp#1 [f1=1, f2=1, f3=1, f4=1, f5=1, f6=1, f7=1, f8=1]] ===
2025-12-30 01:55:13 INFO  === START tests.productCardsTests.ProductCardThumbnailTests.cardValidation[Exp#2 [f1=1, f2=1, f3=2, f4=2, f5=2, f6=2, f7=2, f8=2]] ===
2025-12-30 01:55:13 INFO  STEP: 📝 New input: Filling form fields.
2025-12-30 01:55:13 INFO  STEP PASS: Card #4 should have all the components
2025-12-30 01:55:13 INFO  STEP PASS: Card #5 should have all the components
2025-12-30 01:55:13 INFO  === PASS  tests.productCardsTests.ProductCardThumbnailTests.cardValidation[Exp#4 [f1=1, f2=2, f3=1, f4=1, f5=2, f6=2, f7=3, f8=3]] ===
2025-12-30 01:55:13 INFO  === END   tests.productCardsTests.ProductCardThumbnailTests.cardValidation[Exp#4 [f1=1, f2=2, f3=1, f4=1, f5=2, f6=2, f7=3, f8=3]] ===
2025-12-30 01:55:13 INFO  === START tests.productCardsTests.ProductCardThumbnailTests.cardValidation[Exp#5 [f1=1, f2=2, f3=2, f4=2, f5=3, f6=3, f7=1, f8=1]] ===
2025-12-30 01:55:13 INFO  STEP: 📝 New input: Filling form fields.
2025-12-30 01:55:16 INFO  STEP: ==== Card #1 ====
2025-12-30 01:55:16 INFO  STEP PASS: Card #1 should have all the components
2025-12-30 01:55:16 INFO  STEP: ==== Card #2 ====
2025-12-30 01:55:16 INFO  STEP PASS: Card #2 should have all the components
2025-12-30 01:55:16 INFO  STEP: ==== Card #3 ====
2025-12-30 01:55:16 INFO  STEP PASS: Card #3 should have all the components
2025-12-30 01:55:16 INFO  STEP: ==== Card #4 ====
2025-12-30 01:55:16 INFO  STEP PASS: Card #4 should have all the components
2025-12-30 01:55:16 INFO  STEP: ==== Card #5 ====
2025-12-30 01:55:16 INFO  STEP PASS: Card #5 should have all the components
2025-12-30 01:55:16 INFO  === PASS  tests.productCardsTests.ProductCardThumbnailTests.cardValidation[Exp#14 [f1=2, f2=2, f3=2, f4=3, f5=1, f6=2, f7=1, f8=3]] ===
2025-12-30 01:55:16 INFO  === END   tests.productCardsTests.ProductCardThumbnailTests.cardValidation[Exp#14 [f1=2, f2=2, f3=2, f4=3, f5=1, f6=2, f7=1, f8=3]] ===
2025-12-30 01:55:16 INFO  === START tests.productCardsTests.ProductCardThumbnailTests.cardValidation[Exp#15 [f1=2, f2=2, f3=3, f4=1, f5=2, f6=3, f7=2, f8=1]] ===
2025-12-30 01:55:16 INFO  STEP: 📝 New input: Filling form fields.
2025-12-30 01:55:17 INFO  STEP PASS: Card #1 should have all the components
2025-12-30 01:55:17 INFO  STEP PASS: Card #2 should have all the components
2025-12-30 01:55:17 INFO  STEP PASS: Card #3 should have all the components
2025-12-30 01:55:17 INFO  STEP PASS: Card #4 should have all the components
2025-12-30 01:55:17 INFO  STEP PASS: Card #5 should have all the components
2025-12-30 01:55:17 INFO  === PASS  tests.productCardsTests.ProductCardThumbnailTests.cardValidation[Exp#5 [f1=1, f2=2, f3=2, f4=2, f5=3, f6=3, f7=1, f8=1]] ===
2025-12-30 01:55:17 INFO  === END   tests.productCardsTests.ProductCardThumbnailTests.cardValidation[Exp#5 [f1=1, f2=2, f3=2, f4=2, f5=3, f6=3, f7=1, f8=1]] ===
2025-12-30 01:55:17 INFO  === START tests.productCardsTests.ProductCardThumbnailTests.cardValidation[Exp#6 [f1=1, f2=2, f3=3, f4=3, f5=1, f6=1, f7=2, f8=2]] ===
2025-12-30 01:55:17 INFO  STEP: 📝 New input: Filling form fields.
2025-12-30 01:55:18 INFO  STEP PASS: Card #1 should have all the components
2025-12-30 01:55:18 INFO  STEP PASS: Card #2 should have all the components
2025-12-30 01:55:18 INFO  STEP PASS: Card #3 should have all the components
2025-12-30 01:55:18 INFO  STEP PASS: Card #4 should have all the components
2025-12-30 01:55:18 INFO  STEP PASS: Card #5 should have all the components
2025-12-30 01:55:18 INFO  === PASS  tests.productCardsTests.ProductCardThumbnailTests.cardValidation[Exp#2 [f1=1, f2=1, f3=2, f4=2, f5=2, f6=2, f7=2, f8=2]] ===
2025-12-30 01:55:18 INFO  === END   tests.productCardsTests.ProductCardThumbnailTests.cardValidation[Exp#2 [f1=1, f2=1, f3=2, f4=2, f5=2, f6=2, f7=2, f8=2]] ===
2025-12-30 01:55:18 INFO  === START tests.productCardsTests.ProductCardThumbnailTests.cardValidation[Exp#3 [f1=1, f2=1, f3=3, f4=3, f5=3, f6=3, f7=3, f8=3]] ===
2025-12-30 01:55:18 INFO  STEP: 📝 New input: Filling form fields.
2025-12-30 01:55:20 INFO  STEP: ==== Card #1 ====
2025-12-30 01:55:20 INFO  STEP PASS: Card #1 should have all the components
2025-12-30 01:55:20 INFO  STEP: ==== Card #2 ====
2025-12-30 01:55:21 INFO  STEP PASS: Card #2 should have all the components
2025-12-30 01:55:21 INFO  STEP: ==== Card #3 ====
2025-12-30 01:55:21 INFO  STEP PASS: Card #3 should have all the components
2025-12-30 01:55:21 INFO  STEP: ==== Card #4 ====
2025-12-30 01:55:21 INFO  STEP PASS: Card #4 should have all the components
2025-12-30 01:55:21 INFO  STEP: ==== Card #5 ====
2025-12-30 01:55:21 INFO  STEP PASS: Card #5 should have all the components
2025-12-30 01:55:21 INFO  === PASS  tests.productCardsTests.ProductCardThumbnailTests.cardValidation[Exp#15 [f1=2, f2=2, f3=3, f4=1, f5=2, f6=3, f7=2, f8=1]] ===
2025-12-30 01:55:21 INFO  === END   tests.productCardsTests.ProductCardThumbnailTests.cardValidation[Exp#15 [f1=2, f2=2, f3=3, f4=1, f5=2, f6=3, f7=2, f8=1]] ===
2025-12-30 01:55:21 INFO  === START tests.productCardsTests.ProductCardThumbnailTests.cardValidation[Exp#16 [f1=2, f2=3, f3=1, f4=3, f5=2, f6=3, f7=1, f8=2]] ===
2025-12-30 01:55:21 INFO  STEP: 📝 New input: Filling form fields.
2025-12-30 01:55:22 INFO  STEP PASS: Card #1 should have all the components
2025-12-30 01:55:22 INFO  STEP PASS: Card #2 should have all the components
2025-12-30 01:55:22 INFO  STEP PASS: Card #3 should have all the components
2025-12-30 01:55:22 INFO  STEP PASS: Card #4 should have all the components
2025-12-30 01:55:22 INFO  STEP PASS: Card #5 should have all the components
2025-12-30 01:55:22 INFO  === PASS  tests.productCardsTests.ProductCardThumbnailTests.cardValidation[Exp#6 [f1=1, f2=2, f3=3, f4=3, f5=1, f6=1, f7=2, f8=2]] ===
2025-12-30 01:55:22 INFO  === END   tests.productCardsTests.ProductCardThumbnailTests.cardValidation[Exp#6 [f1=1, f2=2, f3=3, f4=3, f5=1, f6=1, f7=2, f8=2]] ===
2025-12-30 01:55:22 INFO  === START tests.productCardsTests.ProductCardThumbnailTests.cardValidation[Exp#7 [f1=1, f2=3, f3=1, f4=2, f5=1, f6=3, f7=2, f8=3]] ===
2025-12-30 01:55:22 INFO  STEP: 📝 New input: Filling form fields.
2025-12-30 01:55:23 INFO  STEP PASS: Card #1 should have all the components
2025-12-30 01:55:23 INFO  STEP PASS: Card #2 should have all the components
2025-12-30 01:55:23 INFO  STEP PASS: Card #3 should have all the components
2025-12-30 01:55:23 INFO  STEP PASS: Card #4 should have all the components
2025-12-30 01:55:23 INFO  === PASS  tests.productCardsTests.ProductCardThumbnailTests.cardValidation[Exp#3 [f1=1, f2=1, f3=3, f4=3, f5=3, f6=3, f7=3, f8=3]] ===
2025-12-30 01:55:23 INFO  === END   tests.productCardsTests.ProductCardThumbnailTests.cardValidation[Exp#3 [f1=1, f2=1, f3=3, f4=3, f5=3, f6=3, f7=3, f8=3]] ===
2025-12-30 01:55:23 INFO  === START tests.productCardsTests.ProductCardThumbnailTests.cardValidation[Exp#4 [f1=1, f2=2, f3=1, f4=1, f5=2, f6=2, f7=3, f8=3]] ===
2025-12-30 01:55:23 INFO  STEP: 📝 New input: Filling form fields.
2025-12-30 01:55:25 INFO  STEP: ==== Card #1 ====
2025-12-30 01:55:25 INFO  STEP PASS: Card #1 should have all the components
2025-12-30 01:55:25 INFO  STEP: ==== Card #2 ====
2025-12-30 01:55:25 INFO  STEP PASS: Card #2 should have all the components
2025-12-30 01:55:25 INFO  STEP: ==== Card #3 ====
2025-12-30 01:55:25 INFO  STEP PASS: Card #3 should have all the components
2025-12-30 01:55:25 INFO  STEP: ==== Card #4 ====
2025-12-30 01:55:25 INFO  STEP PASS: Card #4 should have all the components
2025-12-30 01:55:25 INFO  STEP: ==== Card #5 ====
2025-12-30 01:55:26 INFO  STEP PASS: Card #5 should have all the components
2025-12-30 01:55:26 INFO  === PASS  tests.productCardsTests.ProductCardThumbnailTests.cardValidation[Exp#16 [f1=2, f2=3, f3=1, f4=3, f5=2, f6=3, f7=1, f8=2]] ===
2025-12-30 01:55:26 INFO  === END   tests.productCardsTests.ProductCardThumbnailTests.cardValidation[Exp#16 [f1=2, f2=3, f3=1, f4=3, f5=2, f6=3, f7=1, f8=2]] ===
2025-12-30 01:55:26 INFO  === START tests.productCardsTests.ProductCardThumbnailTests.cardValidation[Exp#17 [f1=2, f2=3, f3=2, f4=1, f5=3, f6=1, f7=2, f8=3]] ===
2025-12-30 01:55:26 INFO  STEP: 📝 New input: Filling form fields.
2025-12-30 01:55:26 INFO  STEP PASS: Card #1 should have all the components
2025-12-30 01:55:26 INFO  STEP PASS: Card #2 should have all the components
2025-12-30 01:55:26 INFO  STEP PASS: Card #3 should have all the components
2025-12-30 01:55:26 INFO  STEP PASS: Card #4 should have all the components
2025-12-30 01:55:26 INFO  STEP PASS: Card #5 should have all the components
2025-12-30 01:55:26 INFO  === PASS  tests.productCardsTests.ProductCardThumbnailTests.cardValidation[Exp#7 [f1=1, f2=3, f3=1, f4=2, f5=1, f6=3, f7=2, f8=3]] ===
2025-12-30 01:55:26 INFO  === END   tests.productCardsTests.ProductCardThumbnailTests.cardValidation[Exp#7 [f1=1, f2=3, f3=1, f4=2, f5=1, f6=3, f7=2, f8=3]] ===
2025-12-30 01:55:26 INFO  === START tests.productCardsTests.ProductCardThumbnailTests.cardValidation[Exp#8 [f1=1, f2=3, f3=2, f4=3, f5=2, f6=1, f7=3, f8=1]] ===
2025-12-30 01:55:26 INFO  STEP: 📝 New input: Filling form fields.
2025-12-30 01:55:27 INFO  STEP PASS: Card #1 should have all the components
2025-12-30 01:55:27 INFO  STEP PASS: Card #2 should have all the components
2025-12-30 01:55:27 INFO  STEP PASS: Card #3 should have all the components
2025-12-30 01:55:27 INFO  STEP PASS: Card #4 should have all the components
2025-12-30 01:55:27 INFO  STEP PASS: Card #5 should have all the components
2025-12-30 01:55:27 INFO  === PASS  tests.productCardsTests.ProductCardThumbnailTests.cardValidation[Exp#4 [f1=1, f2=2, f3=1, f4=1, f5=2, f6=2, f7=3, f8=3]] ===
2025-12-30 01:55:27 INFO  === END   tests.productCardsTests.ProductCardThumbnailTests.cardValidation[Exp#4 [f1=1, f2=2, f3=1, f4=1, f5=2, f6=2, f7=3, f8=3]] ===
2025-12-30 01:55:27 INFO  === START tests.productCardsTests.ProductCardThumbnailTests.cardValidation[Exp#5 [f1=1, f2=2, f3=2, f4=2, f5=3, f6=3, f7=1, f8=1]] ===
2025-12-30 01:55:27 INFO  STEP: 📝 New input: Filling form fields.
2025-12-30 01:55:29 INFO  STEP: ==== Card #1 ====
2025-12-30 01:55:29 INFO  STEP PASS: Card #1 should have all the components
2025-12-30 01:55:29 INFO  STEP: ==== Card #2 ====
2025-12-30 01:55:29 INFO  STEP PASS: Card #2 should have all the components
2025-12-30 01:55:29 INFO  STEP: ==== Card #3 ====
2025-12-30 01:55:29 INFO  STEP PASS: Card #3 should have all the components
2025-12-30 01:55:29 INFO  STEP: ==== Card #4 ====
2025-12-30 01:55:29 INFO  STEP PASS: Card #4 should have all the components
2025-12-30 01:55:29 INFO  === PASS  tests.productCardsTests.ProductCardThumbnailTests.cardValidation[Exp#17 [f1=2, f2=3, f3=2, f4=1, f5=3, f6=1, f7=2, f8=3]] ===
2025-12-30 01:55:29 INFO  === END   tests.productCardsTests.ProductCardThumbnailTests.cardValidation[Exp#17 [f1=2, f2=3, f3=2, f4=1, f5=3, f6=1, f7=2, f8=3]] ===
2025-12-30 01:55:29 INFO  === START tests.productCardsTests.ProductCardThumbnailTests.cardValidation[Exp#18 [f1=2, f2=3, f3=3, f4=2, f5=1, f6=2, f7=3, f8=1]] ===
2025-12-30 01:55:29 INFO  STEP: 📝 New input: Filling form fields.
2025-12-30 01:55:30 INFO  STEP PASS: Card #1 should have all the components
2025-12-30 01:55:30 INFO  STEP PASS: Card #2 should have all the components
2025-12-30 01:55:30 INFO  STEP PASS: Card #3 should have all the components
2025-12-30 01:55:30 INFO  STEP PASS: Card #4 should have all the components
2025-12-30 01:55:30 INFO  STEP PASS: Card #5 should have all the components
2025-12-30 01:55:30 INFO  === PASS  tests.productCardsTests.ProductCardThumbnailTests.cardValidation[Exp#8 [f1=1, f2=3, f3=2, f4=3, f5=2, f6=1, f7=3, f8=1]] ===
2025-12-30 01:55:30 INFO  === END   tests.productCardsTests.ProductCardThumbnailTests.cardValidation[Exp#8 [f1=1, f2=3, f3=2, f4=3, f5=2, f6=1, f7=3, f8=1]] ===
2025-12-30 01:55:30 INFO  === START tests.productCardsTests.ProductCardThumbnailTests.cardValidation[Exp#9 [f1=1, f2=3, f3=3, f4=1, f5=3, f6=2, f7=1, f8=2]] ===
2025-12-30 01:55:30 INFO  STEP: 📝 New input: Filling form fields.
2025-12-30 01:55:31 INFO  STEP PASS: Card #1 should have all the components
2025-12-30 01:55:31 INFO  STEP PASS: Card #2 should have all the components
2025-12-30 01:55:31 INFO  STEP PASS: Card #3 should have all the components
2025-12-30 01:55:31 INFO  STEP PASS: Card #4 should have all the components
2025-12-30 01:55:31 INFO  STEP PASS: Card #5 should have all the components
2025-12-30 01:55:31 INFO  === PASS  tests.productCardsTests.ProductCardThumbnailTests.cardValidation[Exp#5 [f1=1, f2=2, f3=2, f4=2, f5=3, f6=3, f7=1, f8=1]] ===
2025-12-30 01:55:31 INFO  === END   tests.productCardsTests.ProductCardThumbnailTests.cardValidation[Exp#5 [f1=1, f2=2, f3=2, f4=2, f5=3, f6=3, f7=1, f8=1]] ===
2025-12-30 01:55:31 INFO  === START tests.productCardsTests.ProductCardThumbnailTests.cardValidation[Exp#6 [f1=1, f2=2, f3=3, f4=3, f5=1, f6=1, f7=2, f8=2]] ===
2025-12-30 01:55:31 INFO  STEP: 📝 New input: Filling form fields.
2025-12-30 01:55:33 INFO  STEP: ==== Card #1 ====
2025-12-30 01:55:33 INFO  STEP PASS: Card #1 should have all the components
2025-12-30 01:55:33 INFO  STEP: ==== Card #2 ====
2025-12-30 01:55:33 INFO  STEP PASS: Card #2 should have all the components
2025-12-30 01:55:33 INFO  STEP: ==== Card #3 ====
2025-12-30 01:55:33 INFO  STEP PASS: Card #3 should have all the components
2025-12-30 01:55:33 INFO  STEP: ==== Card #4 ====
2025-12-30 01:55:33 INFO  STEP PASS: Card #4 should have all the components
2025-12-30 01:55:33 INFO  STEP: ==== Card #5 ====
2025-12-30 01:55:33 INFO  STEP PASS: Card #5 should have all the components
2025-12-30 01:55:33 INFO  === PASS  tests.productCardsTests.ProductCardThumbnailTests.cardValidation[Exp#18 [f1=2, f2=3, f3=3, f4=2, f5=1, f6=2, f7=3, f8=1]] ===
2025-12-30 01:55:33 INFO  === END   tests.productCardsTests.ProductCardThumbnailTests.cardValidation[Exp#18 [f1=2, f2=3, f3=3, f4=2, f5=1, f6=2, f7=3, f8=1]] ===
2025-12-30 01:55:33 INFO  === START tests.productCardsTests.ProductCardThumbnailTests.cardValidation[Exp#19 [f1=2, f2=3, f3=3, f4=2, f5=1, f6=1, f7=1, f8=2]] ===
2025-12-30 01:55:33 INFO  STEP: 📝 New input: Filling form fields.
2025-12-30 01:55:34 INFO  STEP PASS: Card #1 should have all the components
2025-12-30 01:55:34 INFO  STEP PASS: Card #2 should have all the components
2025-12-30 01:55:34 INFO  STEP PASS: Card #3 should have all the components
2025-12-30 01:55:34 INFO  STEP PASS: Card #4 should have all the components
2025-12-30 01:55:34 INFO  STEP PASS: Card #5 should have all the components
2025-12-30 01:55:34 INFO  === PASS  tests.productCardsTests.ProductCardThumbnailTests.cardValidation[Exp#9 [f1=1, f2=3, f3=3, f4=1, f5=3, f6=2, f7=1, f8=2]] ===
2025-12-30 01:55:34 INFO  === END   tests.productCardsTests.ProductCardThumbnailTests.cardValidation[Exp#9 [f1=1, f2=3, f3=3, f4=1, f5=3, f6=2, f7=1, f8=2]] ===
2025-12-30 01:55:34 INFO  === START tests.productCardsTests.ProductCardThumbnailTests.cardValidation[Exp#10 [f1=2, f2=1, f3=1, f4=3, f5=3, f6=2, f7=2, f8=1]] ===
2025-12-30 01:55:34 INFO  STEP: 📝 New input: Filling form fields.
2025-12-30 01:55:35 INFO  STEP PASS: Card #1 should have all the components
2025-12-30 01:55:35 INFO  STEP PASS: Card #2 should have all the components
2025-12-30 01:55:35 INFO  STEP PASS: Card #3 should have all the components
2025-12-30 01:55:35 INFO  STEP PASS: Card #4 should have all the components
2025-12-30 01:55:35 INFO  STEP PASS: Card #5 should have all the components
2025-12-30 01:55:35 INFO  === PASS  tests.productCardsTests.ProductCardThumbnailTests.cardValidation[Exp#6 [f1=1, f2=2, f3=3, f4=3, f5=1, f6=1, f7=2, f8=2]] ===
2025-12-30 01:55:35 INFO  === END   tests.productCardsTests.ProductCardThumbnailTests.cardValidation[Exp#6 [f1=1, f2=2, f3=3, f4=3, f5=1, f6=1, f7=2, f8=2]] ===
2025-12-30 01:55:35 INFO  === START tests.productCardsTests.ProductCardThumbnailTests.cardValidation[Exp#7 [f1=1, f2=3, f3=1, f4=2, f5=1, f6=3, f7=2, f8=3]] ===
2025-12-30 01:55:35 INFO  STEP: 📝 New input: Filling form fields.
2025-12-30 01:55:37 INFO  STEP: ==== Card #1 ====
2025-12-30 01:55:37 INFO  STEP PASS: Card #1 should have all the components
2025-12-30 01:55:37 INFO  STEP: ==== Card #2 ====
2025-12-30 01:55:37 INFO  STEP PASS: Card #2 should have all the components
2025-12-30 01:55:37 INFO  STEP: ==== Card #3 ====
2025-12-30 01:55:37 INFO  STEP PASS: Card #3 should have all the components
2025-12-30 01:55:37 INFO  STEP: ==== Card #4 ====
2025-12-30 01:55:37 INFO  STEP PASS: Card #4 should have all the components
2025-12-30 01:55:37 INFO  STEP: ==== Card #5 ====
2025-12-30 01:55:37 INFO  STEP PASS: Card #5 should have all the components
2025-12-30 01:55:37 INFO  === PASS  tests.productCardsTests.ProductCardThumbnailTests.cardValidation[Exp#19 [f1=2, f2=3, f3=3, f4=2, f5=1, f6=1, f7=1, f8=2]] ===
2025-12-30 01:55:37 INFO  === END   tests.productCardsTests.ProductCardThumbnailTests.cardValidation[Exp#19 [f1=2, f2=3, f3=3, f4=2, f5=1, f6=1, f7=1, f8=2]] ===
2025-12-30 01:55:37 INFO  === START tests.productCardsTests.ProductCardThumbnailTests.cardValidation[Exp#20 [f1=2, f2=3, f3=3, f4=3, f5=3, f6=3, f7=3, f8=3]] ===
2025-12-30 01:55:37 INFO  STEP: 📝 New input: Filling form fields.
2025-12-30 01:55:38 INFO  STEP PASS: Card #1 should have all the components
2025-12-30 01:55:38 INFO  STEP PASS: Card #2 should have all the components
2025-12-30 01:55:38 INFO  STEP PASS: Card #3 should have all the components
2025-12-30 01:55:38 INFO  STEP PASS: Card #4 should have all the components
2025-12-30 01:55:38 INFO  STEP PASS: Card #5 should have all the components
2025-12-30 01:55:38 INFO  === PASS  tests.productCardsTests.ProductCardThumbnailTests.cardValidation[Exp#10 [f1=2, f2=1, f3=1, f4=3, f5=3, f6=2, f7=2, f8=1]] ===
2025-12-30 01:55:38 INFO  === END   tests.productCardsTests.ProductCardThumbnailTests.cardValidation[Exp#10 [f1=2, f2=1, f3=1, f4=3, f5=3, f6=2, f7=2, f8=1]] ===
2025-12-30 01:55:38 INFO  === START tests.productCardsTests.ProductCardThumbnailTests.cardValidation[Exp#11 [f1=2, f2=1, f3=2, f4=1, f5=1, f6=3, f7=3, f8=2]] ===
2025-12-30 01:55:38 INFO  STEP: 📝 New input: Filling form fields.
2025-12-30 01:55:39 INFO  STEP PASS: Card #1 should have all the components
2025-12-30 01:55:39 INFO  STEP PASS: Card #2 should have all the components
2025-12-30 01:55:39 INFO  STEP PASS: Card #3 should have all the components
2025-12-30 01:55:39 INFO  STEP PASS: Card #4 should have all the components
2025-12-30 01:55:39 INFO  STEP PASS: Card #5 should have all the components
2025-12-30 01:55:39 INFO  === PASS  tests.productCardsTests.ProductCardThumbnailTests.cardValidation[Exp#7 [f1=1, f2=3, f3=1, f4=2, f5=1, f6=3, f7=2, f8=3]] ===
2025-12-30 01:55:39 INFO  === END   tests.productCardsTests.ProductCardThumbnailTests.cardValidation[Exp#7 [f1=1, f2=3, f3=1, f4=2, f5=1, f6=3, f7=2, f8=3]] ===
2025-12-30 01:55:39 INFO  === START tests.productCardsTests.ProductCardThumbnailTests.cardValidation[Exp#8 [f1=1, f2=3, f3=2, f4=3, f5=2, f6=1, f7=3, f8=1]] ===
2025-12-30 01:55:39 INFO  STEP: 📝 New input: Filling form fields.
2025-12-30 01:55:41 INFO  STEP: ==== Card #1 ====
2025-12-30 01:55:41 INFO  STEP PASS: Card #1 should have all the components
2025-12-30 01:55:41 INFO  STEP: ==== Card #2 ====
2025-12-30 01:55:41 INFO  STEP PASS: Card #2 should have all the components
2025-12-30 01:55:41 INFO  STEP: ==== Card #3 ====
2025-12-30 01:55:41 INFO  STEP PASS: Card #3 should have all the components
2025-12-30 01:55:41 INFO  STEP: ==== Card #4 ====
2025-12-30 01:55:41 INFO  STEP PASS: Card #4 should have all the components
2025-12-30 01:55:41 INFO  === PASS  tests.productCardsTests.ProductCardThumbnailTests.cardValidation[Exp#20 [f1=2, f2=3, f3=3, f4=3, f5=3, f6=3, f7=3, f8=3]] ===
2025-12-30 01:55:41 INFO  === END   tests.productCardsTests.ProductCardThumbnailTests.cardValidation[Exp#20 [f1=2, f2=3, f3=3, f4=3, f5=3, f6=3, f7=3, f8=3]] ===
2025-12-30 01:55:42 INFO  STEP PASS: Card #1 should have all the components
2025-12-30 01:55:42 INFO  STEP PASS: Card #2 should have all the components
2025-12-30 01:55:42 INFO  STEP PASS: Card #3 should have all the components
2025-12-30 01:55:42 INFO  STEP PASS: Card #4 should have all the components
2025-12-30 01:55:42 INFO  STEP PASS: Card #5 should have all the components
2025-12-30 01:55:42 INFO  === PASS  tests.productCardsTests.ProductCardThumbnailTests.cardValidation[Exp#11 [f1=2, f2=1, f3=2, f4=1, f5=1, f6=3, f7=3, f8=2]] ===
2025-12-30 01:55:42 INFO  === END   tests.productCardsTests.ProductCardThumbnailTests.cardValidation[Exp#11 [f1=2, f2=1, f3=2, f4=1, f5=1, f6=3, f7=3, f8=2]] ===
2025-12-30 01:55:42 INFO  === START tests.productCardsTests.ProductCardThumbnailTests.cardValidation[Exp#12 [f1=2, f2=1, f3=3, f4=2, f5=2, f6=1, f7=1, f8=3]] ===
2025-12-30 01:55:42 INFO  STEP: 📝 New input: Filling form fields.
2025-12-30 01:55:43 INFO  STEP PASS: Card #1 should have all the components
2025-12-30 01:55:43 INFO  STEP PASS: Card #2 should have all the components
2025-12-30 01:55:43 INFO  STEP PASS: Card #3 should have all the components
2025-12-30 01:55:43 INFO  STEP PASS: Card #4 should have all the components
2025-12-30 01:55:43 INFO  STEP PASS: Card #5 should have all the components
2025-12-30 01:55:43 INFO  === PASS  tests.productCardsTests.ProductCardThumbnailTests.cardValidation[Exp#8 [f1=1, f2=3, f3=2, f4=3, f5=2, f6=1, f7=3, f8=1]] ===
2025-12-30 01:55:43 INFO  === END   tests.productCardsTests.ProductCardThumbnailTests.cardValidation[Exp#8 [f1=1, f2=3, f3=2, f4=3, f5=2, f6=1, f7=3, f8=1]] ===
2025-12-30 01:55:43 INFO  === START tests.productCardsTests.ProductCardThumbnailTests.cardValidation[Exp#9 [f1=1, f2=3, f3=3, f4=1, f5=3, f6=2, f7=1, f8=2]] ===
2025-12-30 01:55:43 INFO  STEP: 📝 New input: Filling form fields.
2025-12-30 01:55:46 INFO  STEP PASS: Card #1 should have all the components
2025-12-30 01:55:46 INFO  STEP PASS: Card #2 should have all the components
2025-12-30 01:55:46 INFO  STEP PASS: Card #3 should have all the components
2025-12-30 01:55:46 INFO  STEP PASS: Card #4 should have all the components
2025-12-30 01:55:46 INFO  STEP PASS: Card #5 should have all the components
2025-12-30 01:55:46 INFO  === PASS  tests.productCardsTests.ProductCardThumbnailTests.cardValidation[Exp#12 [f1=2, f2=1, f3=3, f4=2, f5=2, f6=1, f7=1, f8=3]] ===
2025-12-30 01:55:46 INFO  === END   tests.productCardsTests.ProductCardThumbnailTests.cardValidation[Exp#12 [f1=2, f2=1, f3=3, f4=2, f5=2, f6=1, f7=1, f8=3]] ===
2025-12-30 01:55:46 INFO  === START tests.productCardsTests.ProductCardThumbnailTests.cardValidation[Exp#13 [f1=2, f2=2, f3=1, f4=2, f5=3, f6=1, f7=3, f8=2]] ===
2025-12-30 01:55:46 INFO  STEP: 📝 New input: Filling form fields.
2025-12-30 01:55:47 INFO  STEP PASS: Card #1 should have all the components
2025-12-30 01:55:47 INFO  STEP PASS: Card #2 should have all the components
2025-12-30 01:55:47 INFO  STEP PASS: Card #3 should have all the components
2025-12-30 01:55:47 INFO  STEP PASS: Card #4 should have all the components
2025-12-30 01:55:47 INFO  STEP PASS: Card #5 should have all the components
2025-12-30 01:55:47 INFO  === PASS  tests.productCardsTests.ProductCardThumbnailTests.cardValidation[Exp#9 [f1=1, f2=3, f3=3, f4=1, f5=3, f6=2, f7=1, f8=2]] ===
2025-12-30 01:55:47 INFO  === END   tests.productCardsTests.ProductCardThumbnailTests.cardValidation[Exp#9 [f1=1, f2=3, f3=3, f4=1, f5=3, f6=2, f7=1, f8=2]] ===
2025-12-30 01:55:47 INFO  === START tests.productCardsTests.ProductCardThumbnailTests.cardValidation[Exp#10 [f1=2, f2=1, f3=1, f4=3, f5=3, f6=2, f7=2, f8=1]] ===
2025-12-30 01:55:47 INFO  STEP: 📝 New input: Filling form fields.
2025-12-30 01:55:49 INFO  STEP PASS: Card #1 should have all the components
2025-12-30 01:55:49 INFO  STEP PASS: Card #2 should have all the components
2025-12-30 01:55:50 INFO  STEP PASS: Card #3 should have all the components
2025-12-30 01:55:50 INFO  STEP PASS: Card #4 should have all the components
2025-12-30 01:55:50 INFO  STEP PASS: Card #5 should have all the components
2025-12-30 01:55:50 INFO  === PASS  tests.productCardsTests.ProductCardThumbnailTests.cardValidation[Exp#13 [f1=2, f2=2, f3=1, f4=2, f5=3, f6=1, f7=3, f8=2]] ===
2025-12-30 01:55:50 INFO  === END   tests.productCardsTests.ProductCardThumbnailTests.cardValidation[Exp#13 [f1=2, f2=2, f3=1, f4=2, f5=3, f6=1, f7=3, f8=2]] ===
2025-12-30 01:55:50 INFO  === START tests.productCardsTests.ProductCardThumbnailTests.cardValidation[Exp#14 [f1=2, f2=2, f3=2, f4=3, f5=1, f6=2, f7=1, f8=3]] ===
2025-12-30 01:55:50 INFO  STEP: 📝 New input: Filling form fields.
2025-12-30 01:55:51 INFO  STEP PASS: Card #1 should have all the components
2025-12-30 01:55:51 INFO  STEP PASS: Card #2 should have all the components
2025-12-30 01:55:51 INFO  STEP PASS: Card #3 should have all the components
2025-12-30 01:55:51 INFO  STEP PASS: Card #4 should have all the components
2025-12-30 01:55:51 INFO  STEP PASS: Card #5 should have all the components
2025-12-30 01:55:51 INFO  === PASS  tests.productCardsTests.ProductCardThumbnailTests.cardValidation[Exp#10 [f1=2, f2=1, f3=1, f4=3, f5=3, f6=2, f7=2, f8=1]] ===
2025-12-30 01:55:51 INFO  === END   tests.productCardsTests.ProductCardThumbnailTests.cardValidation[Exp#10 [f1=2, f2=1, f3=1, f4=3, f5=3, f6=2, f7=2, f8=1]] ===
2025-12-30 01:55:51 INFO  === START tests.productCardsTests.ProductCardThumbnailTests.cardValidation[Exp#11 [f1=2, f2=1, f3=2, f4=1, f5=1, f6=3, f7=3, f8=2]] ===
2025-12-30 01:55:51 INFO  STEP: 📝 New input: Filling form fields.
2025-12-30 01:55:53 INFO  STEP PASS: Card #1 should have all the components
2025-12-30 01:55:53 INFO  STEP PASS: Card #2 should have all the components
2025-12-30 01:55:54 INFO  STEP PASS: Card #3 should have all the components
2025-12-30 01:55:54 INFO  STEP PASS: Card #4 should have all the components
2025-12-30 01:55:54 INFO  STEP PASS: Card #5 should have all the components
2025-12-30 01:55:54 INFO  === PASS  tests.productCardsTests.ProductCardThumbnailTests.cardValidation[Exp#14 [f1=2, f2=2, f3=2, f4=3, f5=1, f6=2, f7=1, f8=3]] ===
2025-12-30 01:55:54 INFO  === END   tests.productCardsTests.ProductCardThumbnailTests.cardValidation[Exp#14 [f1=2, f2=2, f3=2, f4=3, f5=1, f6=2, f7=1, f8=3]] ===
2025-12-30 01:55:54 INFO  === START tests.productCardsTests.ProductCardThumbnailTests.cardValidation[Exp#15 [f1=2, f2=2, f3=3, f4=1, f5=2, f6=3, f7=2, f8=1]] ===
2025-12-30 01:55:54 INFO  STEP: 📝 New input: Filling form fields.
2025-12-30 01:55:55 INFO  STEP PASS: Card #1 should have all the components
2025-12-30 01:55:55 INFO  STEP PASS: Card #2 should have all the components
2025-12-30 01:55:55 INFO  STEP PASS: Card #3 should have all the components
2025-12-30 01:55:55 INFO  STEP PASS: Card #4 should have all the components
2025-12-30 01:55:55 INFO  STEP PASS: Card #5 should have all the components
2025-12-30 01:55:55 INFO  === PASS  tests.productCardsTests.ProductCardThumbnailTests.cardValidation[Exp#11 [f1=2, f2=1, f3=2, f4=1, f5=1, f6=3, f7=3, f8=2]] ===
2025-12-30 01:55:55 INFO  === END   tests.productCardsTests.ProductCardThumbnailTests.cardValidation[Exp#11 [f1=2, f2=1, f3=2, f4=1, f5=1, f6=3, f7=3, f8=2]] ===
2025-12-30 01:55:55 INFO  === START tests.productCardsTests.ProductCardThumbnailTests.cardValidation[Exp#12 [f1=2, f2=1, f3=3, f4=2, f5=2, f6=1, f7=1, f8=3]] ===
2025-12-30 01:55:55 INFO  STEP: 📝 New input: Filling form fields.
2025-12-30 01:55:57 INFO  STEP PASS: Card #1 should have all the components
2025-12-30 01:55:57 INFO  STEP PASS: Card #2 should have all the components
2025-12-30 01:55:57 INFO  STEP PASS: Card #3 should have all the components
2025-12-30 01:55:57 INFO  STEP PASS: Card #4 should have all the components
2025-12-30 01:55:57 INFO  STEP PASS: Card #5 should have all the components
2025-12-30 01:55:57 INFO  === PASS  tests.productCardsTests.ProductCardThumbnailTests.cardValidation[Exp#15 [f1=2, f2=2, f3=3, f4=1, f5=2, f6=3, f7=2, f8=1]] ===
2025-12-30 01:55:57 INFO  === END   tests.productCardsTests.ProductCardThumbnailTests.cardValidation[Exp#15 [f1=2, f2=2, f3=3, f4=1, f5=2, f6=3, f7=2, f8=1]] ===
2025-12-30 01:55:57 INFO  === START tests.productCardsTests.ProductCardThumbnailTests.cardValidation[Exp#16 [f1=2, f2=3, f3=1, f4=3, f5=2, f6=3, f7=1, f8=2]] ===
2025-12-30 01:55:57 INFO  STEP: 📝 New input: Filling form fields.
2025-12-30 01:55:59 INFO  STEP PASS: Card #1 should have all the components
2025-12-30 01:55:59 INFO  STEP PASS: Card #2 should have all the components
2025-12-30 01:55:59 INFO  STEP PASS: Card #3 should have all the components
2025-12-30 01:55:59 INFO  STEP PASS: Card #4 should have all the components
2025-12-30 01:55:59 INFO  STEP PASS: Card #5 should have all the components
2025-12-30 01:55:59 INFO  === PASS  tests.productCardsTests.ProductCardThumbnailTests.cardValidation[Exp#12 [f1=2, f2=1, f3=3, f4=2, f5=2, f6=1, f7=1, f8=3]] ===
2025-12-30 01:55:59 INFO  === END   tests.productCardsTests.ProductCardThumbnailTests.cardValidation[Exp#12 [f1=2, f2=1, f3=3, f4=2, f5=2, f6=1, f7=1, f8=3]] ===
2025-12-30 01:55:59 INFO  === START tests.productCardsTests.ProductCardThumbnailTests.cardValidation[Exp#13 [f1=2, f2=2, f3=1, f4=2, f5=3, f6=1, f7=3, f8=2]] ===
2025-12-30 01:55:59 INFO  STEP: 📝 New input: Filling form fields.
2025-12-30 01:56:01 INFO  STEP PASS: Card #1 should have all the components
2025-12-30 01:56:01 INFO  STEP PASS: Card #2 should have all the components
2025-12-30 01:56:01 INFO  STEP PASS: Card #3 should have all the components
2025-12-30 01:56:01 INFO  STEP PASS: Card #4 should have all the components
2025-12-30 01:56:01 INFO  STEP PASS: Card #5 should have all the components
2025-12-30 01:56:01 INFO  === PASS  tests.productCardsTests.ProductCardThumbnailTests.cardValidation[Exp#16 [f1=2, f2=3, f3=1, f4=3, f5=2, f6=3, f7=1, f8=2]] ===
2025-12-30 01:56:01 INFO  === END   tests.productCardsTests.ProductCardThumbnailTests.cardValidation[Exp#16 [f1=2, f2=3, f3=1, f4=3, f5=2, f6=3, f7=1, f8=2]] ===
2025-12-30 01:56:01 INFO  === START tests.productCardsTests.ProductCardThumbnailTests.cardValidation[Exp#17 [f1=2, f2=3, f3=2, f4=1, f5=3, f6=1, f7=2, f8=3]] ===
2025-12-30 01:56:01 INFO  STEP: 📝 New input: Filling form fields.
2025-12-30 01:56:03 INFO  STEP PASS: Card #1 should have all the components
2025-12-30 01:56:03 INFO  STEP PASS: Card #2 should have all the components
2025-12-30 01:56:03 INFO  STEP PASS: Card #3 should have all the components
2025-12-30 01:56:03 INFO  STEP PASS: Card #4 should have all the components
2025-12-30 01:56:03 INFO  STEP PASS: Card #5 should have all the components
2025-12-30 01:56:03 INFO  === PASS  tests.productCardsTests.ProductCardThumbnailTests.cardValidation[Exp#13 [f1=2, f2=2, f3=1, f4=2, f5=3, f6=1, f7=3, f8=2]] ===
2025-12-30 01:56:03 INFO  === END   tests.productCardsTests.ProductCardThumbnailTests.cardValidation[Exp#13 [f1=2, f2=2, f3=1, f4=2, f5=3, f6=1, f7=3, f8=2]] ===
2025-12-30 01:56:03 INFO  === START tests.productCardsTests.ProductCardThumbnailTests.cardValidation[Exp#14 [f1=2, f2=2, f3=2, f4=3, f5=1, f6=2, f7=1, f8=3]] ===
2025-12-30 01:56:03 INFO  STEP: 📝 New input: Filling form fields.
2025-12-30 01:56:05 INFO  STEP PASS: Card #1 should have all the components
2025-12-30 01:56:05 INFO  STEP PASS: Card #2 should have all the components
2025-12-30 01:56:05 INFO  STEP PASS: Card #3 should have all the components
2025-12-30 01:56:05 INFO  STEP PASS: Card #4 should have all the components
2025-12-30 01:56:05 INFO  === PASS  tests.productCardsTests.ProductCardThumbnailTests.cardValidation[Exp#17 [f1=2, f2=3, f3=2, f4=1, f5=3, f6=1, f7=2, f8=3]] ===
2025-12-30 01:56:05 INFO  === END   tests.productCardsTests.ProductCardThumbnailTests.cardValidation[Exp#17 [f1=2, f2=3, f3=2, f4=1, f5=3, f6=1, f7=2, f8=3]] ===
2025-12-30 01:56:05 INFO  === START tests.productCardsTests.ProductCardThumbnailTests.cardValidation[Exp#18 [f1=2, f2=3, f3=3, f4=2, f5=1, f6=2, f7=3, f8=1]] ===
2025-12-30 01:56:05 INFO  STEP: 📝 New input: Filling form fields.
2025-12-30 01:56:07 INFO  STEP PASS: Card #1 should have all the components
2025-12-30 01:56:07 INFO  STEP PASS: Card #2 should have all the components
2025-12-30 01:56:07 INFO  STEP PASS: Card #3 should have all the components
2025-12-30 01:56:07 INFO  STEP PASS: Card #4 should have all the components
2025-12-30 01:56:07 INFO  STEP PASS: Card #5 should have all the components
2025-12-30 01:56:07 INFO  === PASS  tests.productCardsTests.ProductCardThumbnailTests.cardValidation[Exp#14 [f1=2, f2=2, f3=2, f4=3, f5=1, f6=2, f7=1, f8=3]] ===
2025-12-30 01:56:07 INFO  === END   tests.productCardsTests.ProductCardThumbnailTests.cardValidation[Exp#14 [f1=2, f2=2, f3=2, f4=3, f5=1, f6=2, f7=1, f8=3]] ===
2025-12-30 01:56:07 INFO  === START tests.productCardsTests.ProductCardThumbnailTests.cardValidation[Exp#15 [f1=2, f2=2, f3=3, f4=1, f5=2, f6=3, f7=2, f8=1]] ===
2025-12-30 01:56:07 INFO  STEP: 📝 New input: Filling form fields.
2025-12-30 01:56:09 INFO  STEP PASS: Card #1 should have all the components
2025-12-30 01:56:09 INFO  STEP PASS: Card #2 should have all the components
2025-12-30 01:56:09 INFO  STEP PASS: Card #3 should have all the components
2025-12-30 01:56:09 INFO  STEP PASS: Card #4 should have all the components
2025-12-30 01:56:09 INFO  STEP PASS: Card #5 should have all the components
2025-12-30 01:56:09 INFO  === PASS  tests.productCardsTests.ProductCardThumbnailTests.cardValidation[Exp#18 [f1=2, f2=3, f3=3, f4=2, f5=1, f6=2, f7=3, f8=1]] ===
2025-12-30 01:56:09 INFO  === END   tests.productCardsTests.ProductCardThumbnailTests.cardValidation[Exp#18 [f1=2, f2=3, f3=3, f4=2, f5=1, f6=2, f7=3, f8=1]] ===
2025-12-30 01:56:09 INFO  === START tests.productCardsTests.ProductCardThumbnailTests.cardValidation[Exp#19 [f1=2, f2=3, f3=3, f4=2, f5=1, f6=1, f7=1, f8=2]] ===
2025-12-30 01:56:09 INFO  STEP: 📝 New input: Filling form fields.
2025-12-30 01:56:11 INFO  STEP PASS: Card #1 should have all the components
2025-12-30 01:56:11 INFO  STEP PASS: Card #2 should have all the components
2025-12-30 01:56:11 INFO  STEP PASS: Card #3 should have all the components
2025-12-30 01:56:11 INFO  STEP PASS: Card #4 should have all the components
2025-12-30 01:56:11 INFO  STEP PASS: Card #5 should have all the components
2025-12-30 01:56:11 INFO  === PASS  tests.productCardsTests.ProductCardThumbnailTests.cardValidation[Exp#15 [f1=2, f2=2, f3=3, f4=1, f5=2, f6=3, f7=2, f8=1]] ===
2025-12-30 01:56:11 INFO  === END   tests.productCardsTests.ProductCardThumbnailTests.cardValidation[Exp#15 [f1=2, f2=2, f3=3, f4=1, f5=2, f6=3, f7=2, f8=1]] ===
2025-12-30 01:56:11 INFO  === START tests.productCardsTests.ProductCardThumbnailTests.cardValidation[Exp#16 [f1=2, f2=3, f3=1, f4=3, f5=2, f6=3, f7=1, f8=2]] ===
2025-12-30 01:56:11 INFO  STEP: 📝 New input: Filling form fields.
2025-12-30 01:56:13 INFO  STEP PASS: Card #1 should have all the components
2025-12-30 01:56:13 INFO  STEP PASS: Card #2 should have all the components
2025-12-30 01:56:13 INFO  STEP PASS: Card #3 should have all the components
2025-12-30 01:56:13 INFO  STEP PASS: Card #4 should have all the components
2025-12-30 01:56:13 INFO  STEP PASS: Card #5 should have all the components
2025-12-30 01:56:13 INFO  === PASS  tests.productCardsTests.ProductCardThumbnailTests.cardValidation[Exp#19 [f1=2, f2=3, f3=3, f4=2, f5=1, f6=1, f7=1, f8=2]] ===
2025-12-30 01:56:13 INFO  === END   tests.productCardsTests.ProductCardThumbnailTests.cardValidation[Exp#19 [f1=2, f2=3, f3=3, f4=2, f5=1, f6=1, f7=1, f8=2]] ===
2025-12-30 01:56:13 INFO  === START tests.productCardsTests.ProductCardThumbnailTests.cardValidation[Exp#20 [f1=2, f2=3, f3=3, f4=3, f5=3, f6=3, f7=3, f8=3]] ===
2025-12-30 01:56:13 INFO  STEP: 📝 New input: Filling form fields.
2025-12-30 01:56:15 INFO  STEP PASS: Card #1 should have all the components
2025-12-30 01:56:15 INFO  STEP PASS: Card #2 should have all the components
2025-12-30 01:56:15 INFO  STEP PASS: Card #3 should have all the components
2025-12-30 01:56:15 INFO  STEP PASS: Card #4 should have all the components
2025-12-30 01:56:15 INFO  STEP PASS: Card #5 should have all the components
2025-12-30 01:56:15 INFO  === PASS  tests.productCardsTests.ProductCardThumbnailTests.cardValidation[Exp#16 [f1=2, f2=3, f3=1, f4=3, f5=2, f6=3, f7=1, f8=2]] ===
2025-12-30 01:56:15 INFO  === END   tests.productCardsTests.ProductCardThumbnailTests.cardValidation[Exp#16 [f1=2, f2=3, f3=1, f4=3, f5=2, f6=3, f7=1, f8=2]] ===
2025-12-30 01:56:15 INFO  === START tests.productCardsTests.ProductCardThumbnailTests.cardValidation[Exp#17 [f1=2, f2=3, f3=2, f4=1, f5=3, f6=1, f7=2, f8=3]] ===
2025-12-30 01:56:15 INFO  STEP: 📝 New input: Filling form fields.
2025-12-30 01:56:16 INFO  STEP PASS: Card #1 should have all the components
2025-12-30 01:56:17 INFO  STEP PASS: Card #2 should have all the components
2025-12-30 01:56:17 INFO  STEP PASS: Card #3 should have all the components
2025-12-30 01:56:17 INFO  STEP PASS: Card #4 should have all the components
2025-12-30 01:56:17 INFO  === PASS  tests.productCardsTests.ProductCardThumbnailTests.cardValidation[Exp#20 [f1=2, f2=3, f3=3, f4=3, f5=3, f6=3, f7=3, f8=3]] ===
2025-12-30 01:56:17 INFO  === END   tests.productCardsTests.ProductCardThumbnailTests.cardValidation[Exp#20 [f1=2, f2=3, f3=3, f4=3, f5=3, f6=3, f7=3, f8=3]] ===
2025-12-30 01:56:19 INFO  STEP PASS: Card #1 should have all the components
2025-12-30 01:56:19 INFO  STEP PASS: Card #2 should have all the components
2025-12-30 01:56:19 INFO  STEP PASS: Card #3 should have all the components
2025-12-30 01:56:19 INFO  STEP PASS: Card #4 should have all the components
2025-12-30 01:56:19 INFO  === PASS  tests.productCardsTests.ProductCardThumbnailTests.cardValidation[Exp#17 [f1=2, f2=3, f3=2, f4=1, f5=3, f6=1, f7=2, f8=3]] ===
2025-12-30 01:56:19 INFO  === END   tests.productCardsTests.ProductCardThumbnailTests.cardValidation[Exp#17 [f1=2, f2=3, f3=2, f4=1, f5=3, f6=1, f7=2, f8=3]] ===
2025-12-30 01:56:19 INFO  === START tests.productCardsTests.ProductCardThumbnailTests.cardValidation[Exp#18 [f1=2, f2=3, f3=3, f4=2, f5=1, f6=2, f7=3, f8=1]] ===
2025-12-30 01:56:19 INFO  STEP: 📝 New input: Filling form fields.
2025-12-30 01:56:22 INFO  STEP PASS: Card #1 should have all the components
2025-12-30 01:56:22 INFO  STEP PASS: Card #2 should have all the components
2025-12-30 01:56:23 INFO  STEP PASS: Card #3 should have all the components
2025-12-30 01:56:23 INFO  STEP PASS: Card #4 should have all the components
2025-12-30 01:56:23 INFO  STEP PASS: Card #5 should have all the components
2025-12-30 01:56:23 INFO  === PASS  tests.productCardsTests.ProductCardThumbnailTests.cardValidation[Exp#18 [f1=2, f2=3, f3=3, f4=2, f5=1, f6=2, f7=3, f8=1]] ===
2025-12-30 01:56:23 INFO  === END   tests.productCardsTests.ProductCardThumbnailTests.cardValidation[Exp#18 [f1=2, f2=3, f3=3, f4=2, f5=1, f6=2, f7=3, f8=1]] ===
2025-12-30 01:56:23 INFO  === START tests.productCardsTests.ProductCardThumbnailTests.cardValidation[Exp#19 [f1=2, f2=3, f3=3, f4=2, f5=1, f6=1, f7=1, f8=2]] ===
2025-12-30 01:56:23 INFO  STEP: 📝 New input: Filling form fields.
2025-12-30 01:56:26 INFO  STEP PASS: Card #1 should have all the components
2025-12-30 01:56:26 INFO  STEP PASS: Card #2 should have all the components
2025-12-30 01:56:26 INFO  STEP PASS: Card #3 should have all the components
2025-12-30 01:56:26 INFO  STEP PASS: Card #4 should have all the components
2025-12-30 01:56:27 INFO  STEP PASS: Card #5 should have all the components
2025-12-30 01:56:27 INFO  === PASS  tests.productCardsTests.ProductCardThumbnailTests.cardValidation[Exp#19 [f1=2, f2=3, f3=3, f4=2, f5=1, f6=1, f7=1, f8=2]] ===
2025-12-30 01:56:27 INFO  === END   tests.productCardsTests.ProductCardThumbnailTests.cardValidation[Exp#19 [f1=2, f2=3, f3=3, f4=2, f5=1, f6=1, f7=1, f8=2]] ===
2025-12-30 01:56:27 INFO  === START tests.productCardsTests.ProductCardThumbnailTests.cardValidation[Exp#20 [f1=2, f2=3, f3=3, f4=3, f5=3, f6=3, f7=3, f8=3]] ===
2025-12-30 01:56:27 INFO  STEP: 📝 New input: Filling form fields.
2025-12-30 01:56:30 INFO  STEP PASS: Card #1 should have all the components
2025-12-30 01:56:30 INFO  STEP PASS: Card #2 should have all the components
2025-12-30 01:56:30 INFO  STEP PASS: Card #3 should have all the components
2025-12-30 01:56:30 INFO  STEP PASS: Card #4 should have all the components
2025-12-30 01:56:30 INFO  === PASS  tests.productCardsTests.ProductCardThumbnailTests.cardValidation[Exp#20 [f1=2, f2=3, f3=3, f4=3, f5=3, f6=3, f7=3, f8=3]] ===
2025-12-30 01:56:30 INFO  === END   tests.productCardsTests.ProductCardThumbnailTests.cardValidation[Exp#20 [f1=2, f2=3, f3=3, f4=3, f5=3, f6=3, f7=3, f8=3]] ===
2025-12-30 01:59:42 INFO  === START tests.productCardsTests.ProductCardThumbnailTests.cardValidation[Exp#1 [f1=1, f2=1, f3=1, f4=1, f5=1, f6=1, f7=1, f8=1]] ===
2025-12-30 01:59:43 INFO  STEP: 📝 New input: Filling form fields.
2025-12-30 01:59:52 INFO  STEP PASS: Card #1 should have all the components
2025-12-30 01:59:52 INFO  STEP PASS: Card #2 should have all the components
2025-12-30 01:59:52 INFO  STEP PASS: Card #3 should have all the components
2025-12-30 01:59:52 INFO  STEP PASS: Card #4 should have all the components
2025-12-30 01:59:52 INFO  STEP PASS: Card #5 should have all the components
2025-12-30 01:59:52 INFO  === PASS  tests.productCardsTests.ProductCardThumbnailTests.cardValidation[Exp#1 [f1=1, f2=1, f3=1, f4=1, f5=1, f6=1, f7=1, f8=1]] ===
2025-12-30 01:59:52 INFO  === END   tests.productCardsTests.ProductCardThumbnailTests.cardValidation[Exp#1 [f1=1, f2=1, f3=1, f4=1, f5=1, f6=1, f7=1, f8=1]] ===
2025-12-30 01:59:52 INFO  === START tests.productCardsTests.ProductCardThumbnailTests.cardValidation[Exp#2 [f1=1, f2=1, f3=2, f4=2, f5=2, f6=2, f7=2, f8=2]] ===
2025-12-30 01:59:52 INFO  STEP: 📝 New input: Filling form fields.
2025-12-30 01:59:56 INFO  STEP PASS: Card #1 should have all the components
2025-12-30 01:59:56 INFO  STEP PASS: Card #2 should have all the components
2025-12-30 01:59:56 INFO  STEP PASS: Card #3 should have all the components
2025-12-30 01:59:57 INFO  STEP PASS: Card #4 should have all the components
2025-12-30 01:59:57 INFO  STEP PASS: Card #5 should have all the components
2025-12-30 01:59:57 INFO  === PASS  tests.productCardsTests.ProductCardThumbnailTests.cardValidation[Exp#2 [f1=1, f2=1, f3=2, f4=2, f5=2, f6=2, f7=2, f8=2]] ===
2025-12-30 01:59:57 INFO  === END   tests.productCardsTests.ProductCardThumbnailTests.cardValidation[Exp#2 [f1=1, f2=1, f3=2, f4=2, f5=2, f6=2, f7=2, f8=2]] ===
2025-12-30 01:59:57 INFO  === START tests.productCardsTests.ProductCardThumbnailTests.cardValidation[Exp#3 [f1=1, f2=1, f3=3, f4=3, f5=3, f6=3, f7=3, f8=3]] ===
2025-12-30 01:59:57 INFO  STEP: 📝 New input: Filling form fields.
2025-12-30 02:00:00 INFO  STEP PASS: Card #1 should have all the components
2025-12-30 02:00:00 INFO  STEP PASS: Card #2 should have all the components
2025-12-30 02:00:00 INFO  STEP PASS: Card #3 should have all the components
2025-12-30 02:00:01 INFO  STEP PASS: Card #4 should have all the components
2025-12-30 02:00:01 INFO  === PASS  tests.productCardsTests.ProductCardThumbnailTests.cardValidation[Exp#3 [f1=1, f2=1, f3=3, f4=3, f5=3, f6=3, f7=3, f8=3]] ===
2025-12-30 02:00:01 INFO  === END   tests.productCardsTests.ProductCardThumbnailTests.cardValidation[Exp#3 [f1=1, f2=1, f3=3, f4=3, f5=3, f6=3, f7=3, f8=3]] ===
2025-12-30 02:00:01 INFO  === START tests.productCardsTests.ProductCardThumbnailTests.cardValidation[Exp#4 [f1=1, f2=2, f3=1, f4=1, f5=2, f6=2, f7=3, f8=3]] ===
2025-12-30 02:00:01 INFO  STEP: 📝 New input: Filling form fields.
2025-12-30 02:00:04 INFO  STEP PASS: Card #1 should have all the components
2025-12-30 02:00:04 INFO  STEP PASS: Card #2 should have all the components
2025-12-30 02:00:05 INFO  STEP PASS: Card #3 should have all the components
2025-12-30 02:00:05 INFO  STEP PASS: Card #4 should have all the components
2025-12-30 02:00:05 INFO  STEP PASS: Card #5 should have all the components
2025-12-30 02:00:05 INFO  === PASS  tests.productCardsTests.ProductCardThumbnailTests.cardValidation[Exp#4 [f1=1, f2=2, f3=1, f4=1, f5=2, f6=2, f7=3, f8=3]] ===
2025-12-30 02:00:05 INFO  === END   tests.productCardsTests.ProductCardThumbnailTests.cardValidation[Exp#4 [f1=1, f2=2, f3=1, f4=1, f5=2, f6=2, f7=3, f8=3]] ===
2025-12-30 02:00:05 INFO  === START tests.productCardsTests.ProductCardThumbnailTests.cardValidation[Exp#5 [f1=1, f2=2, f3=2, f4=2, f5=3, f6=3, f7=1, f8=1]] ===
2025-12-30 02:00:05 INFO  STEP: 📝 New input: Filling form fields.
2025-12-30 02:00:08 INFO  STEP PASS: Card #1 should have all the components
2025-12-30 02:00:08 INFO  STEP PASS: Card #2 should have all the components
2025-12-30 02:00:09 INFO  STEP PASS: Card #3 should have all the components
2025-12-30 02:00:09 INFO  STEP PASS: Card #4 should have all the components
2025-12-30 02:00:09 INFO  STEP PASS: Card #5 should have all the components
2025-12-30 02:00:09 INFO  === PASS  tests.productCardsTests.ProductCardThumbnailTests.cardValidation[Exp#5 [f1=1, f2=2, f3=2, f4=2, f5=3, f6=3, f7=1, f8=1]] ===
2025-12-30 02:00:09 INFO  === END   tests.productCardsTests.ProductCardThumbnailTests.cardValidation[Exp#5 [f1=1, f2=2, f3=2, f4=2, f5=3, f6=3, f7=1, f8=1]] ===
2025-12-30 02:00:09 INFO  === START tests.productCardsTests.ProductCardThumbnailTests.cardValidation[Exp#6 [f1=1, f2=2, f3=3, f4=3, f5=1, f6=1, f7=2, f8=2]] ===
2025-12-30 02:00:09 INFO  STEP: 📝 New input: Filling form fields.
2025-12-30 02:00:13 INFO  STEP PASS: Card #1 should have all the components
2025-12-30 02:00:13 INFO  STEP PASS: Card #2 should have all the components
2025-12-30 02:00:13 INFO  STEP PASS: Card #3 should have all the components
2025-12-30 02:00:13 INFO  STEP PASS: Card #4 should have all the components
2025-12-30 02:00:13 INFO  STEP PASS: Card #5 should have all the components
2025-12-30 02:00:13 INFO  === PASS  tests.productCardsTests.ProductCardThumbnailTests.cardValidation[Exp#6 [f1=1, f2=2, f3=3, f4=3, f5=1, f6=1, f7=2, f8=2]] ===
2025-12-30 02:00:13 INFO  === END   tests.productCardsTests.ProductCardThumbnailTests.cardValidation[Exp#6 [f1=1, f2=2, f3=3, f4=3, f5=1, f6=1, f7=2, f8=2]] ===
2025-12-30 02:00:13 INFO  === START tests.productCardsTests.ProductCardThumbnailTests.cardValidation[Exp#7 [f1=1, f2=3, f3=1, f4=2, f5=1, f6=3, f7=2, f8=3]] ===
2025-12-30 02:00:13 INFO  STEP: 📝 New input: Filling form fields.
2025-12-30 02:00:17 INFO  STEP PASS: Card #1 should have all the components
2025-12-30 02:00:17 INFO  STEP PASS: Card #2 should have all the components
2025-12-30 02:00:17 INFO  STEP PASS: Card #3 should have all the components
2025-12-30 02:00:17 INFO  STEP PASS: Card #4 should have all the components
2025-12-30 02:00:18 INFO  STEP PASS: Card #5 should have all the components
2025-12-30 02:00:18 INFO  === PASS  tests.productCardsTests.ProductCardThumbnailTests.cardValidation[Exp#7 [f1=1, f2=3, f3=1, f4=2, f5=1, f6=3, f7=2, f8=3]] ===
2025-12-30 02:00:18 INFO  === END   tests.productCardsTests.ProductCardThumbnailTests.cardValidation[Exp#7 [f1=1, f2=3, f3=1, f4=2, f5=1, f6=3, f7=2, f8=3]] ===
2025-12-30 02:00:18 INFO  === START tests.productCardsTests.ProductCardThumbnailTests.cardValidation[Exp#8 [f1=1, f2=3, f3=2, f4=3, f5=2, f6=1, f7=3, f8=1]] ===
2025-12-30 02:00:18 INFO  STEP: 📝 New input: Filling form fields.
2025-12-30 02:00:21 INFO  STEP PASS: Card #1 should have all the components
2025-12-30 02:00:21 INFO  STEP PASS: Card #2 should have all the components
2025-12-30 02:00:22 INFO  STEP PASS: Card #3 should have all the components
2025-12-30 02:00:22 INFO  STEP PASS: Card #4 should have all the components
2025-12-30 02:00:22 INFO  STEP PASS: Card #5 should have all the components
2025-12-30 02:00:22 INFO  === PASS  tests.productCardsTests.ProductCardThumbnailTests.cardValidation[Exp#8 [f1=1, f2=3, f3=2, f4=3, f5=2, f6=1, f7=3, f8=1]] ===
2025-12-30 02:00:22 INFO  === END   tests.productCardsTests.ProductCardThumbnailTests.cardValidation[Exp#8 [f1=1, f2=3, f3=2, f4=3, f5=2, f6=1, f7=3, f8=1]] ===
2025-12-30 02:00:22 INFO  === START tests.productCardsTests.ProductCardThumbnailTests.cardValidation[Exp#9 [f1=1, f2=3, f3=3, f4=1, f5=3, f6=2, f7=1, f8=2]] ===
2025-12-30 02:00:22 INFO  STEP: 📝 New input: Filling form fields.
2025-12-30 02:00:25 INFO  STEP PASS: Card #1 should have all the components
2025-12-30 02:00:25 INFO  STEP PASS: Card #2 should have all the components
2025-12-30 02:00:26 INFO  STEP PASS: Card #3 should have all the components
2025-12-30 02:00:26 INFO  STEP PASS: Card #4 should have all the components
2025-12-30 02:00:26 INFO  STEP PASS: Card #5 should have all the components
2025-12-30 02:00:26 INFO  === PASS  tests.productCardsTests.ProductCardThumbnailTests.cardValidation[Exp#9 [f1=1, f2=3, f3=3, f4=1, f5=3, f6=2, f7=1, f8=2]] ===
2025-12-30 02:00:26 INFO  === END   tests.productCardsTests.ProductCardThumbnailTests.cardValidation[Exp#9 [f1=1, f2=3, f3=3, f4=1, f5=3, f6=2, f7=1, f8=2]] ===
2025-12-30 02:00:26 INFO  === START tests.productCardsTests.ProductCardThumbnailTests.cardValidation[Exp#10 [f1=2, f2=1, f3=1, f4=3, f5=3, f6=2, f7=2, f8=1]] ===
2025-12-30 02:00:26 INFO  STEP: 📝 New input: Filling form fields.
2025-12-30 02:00:30 INFO  STEP PASS: Card #1 should have all the components
2025-12-30 02:00:30 INFO  STEP PASS: Card #2 should have all the components
2025-12-30 02:00:30 INFO  STEP PASS: Card #3 should have all the components
2025-12-30 02:00:30 INFO  STEP PASS: Card #4 should have all the components
2025-12-30 02:00:30 INFO  STEP PASS: Card #5 should have all the components
2025-12-30 02:00:30 INFO  === PASS  tests.productCardsTests.ProductCardThumbnailTests.cardValidation[Exp#10 [f1=2, f2=1, f3=1, f4=3, f5=3, f6=2, f7=2, f8=1]] ===
2025-12-30 02:00:30 INFO  === END   tests.productCardsTests.ProductCardThumbnailTests.cardValidation[Exp#10 [f1=2, f2=1, f3=1, f4=3, f5=3, f6=2, f7=2, f8=1]] ===
2025-12-30 02:00:30 INFO  === START tests.productCardsTests.ProductCardThumbnailTests.cardValidation[Exp#11 [f1=2, f2=1, f3=2, f4=1, f5=1, f6=3, f7=3, f8=2]] ===
2025-12-30 02:00:30 INFO  STEP: 📝 New input: Filling form fields.
2025-12-30 02:00:33 INFO  STEP PASS: Card #1 should have all the components
2025-12-30 02:00:34 INFO  STEP PASS: Card #2 should have all the components
2025-12-30 02:00:34 INFO  STEP PASS: Card #3 should have all the components
2025-12-30 02:00:34 INFO  STEP PASS: Card #4 should have all the components
2025-12-30 02:00:34 INFO  STEP PASS: Card #5 should have all the components
2025-12-30 02:00:34 INFO  === PASS  tests.productCardsTests.ProductCardThumbnailTests.cardValidation[Exp#11 [f1=2, f2=1, f3=2, f4=1, f5=1, f6=3, f7=3, f8=2]] ===
2025-12-30 02:00:34 INFO  === END   tests.productCardsTests.ProductCardThumbnailTests.cardValidation[Exp#11 [f1=2, f2=1, f3=2, f4=1, f5=1, f6=3, f7=3, f8=2]] ===
2025-12-30 02:00:34 INFO  === START tests.productCardsTests.ProductCardThumbnailTests.cardValidation[Exp#12 [f1=2, f2=1, f3=3, f4=2, f5=2, f6=1, f7=1, f8=3]] ===
2025-12-30 02:00:34 INFO  STEP: 📝 New input: Filling form fields.
2025-12-30 02:00:37 INFO  STEP PASS: Card #1 should have all the components
2025-12-30 02:00:38 INFO  STEP PASS: Card #2 should have all the components
2025-12-30 02:00:38 INFO  STEP PASS: Card #3 should have all the components
2025-12-30 02:00:38 INFO  STEP PASS: Card #4 should have all the components
2025-12-30 02:00:38 INFO  STEP PASS: Card #5 should have all the components
2025-12-30 02:00:38 INFO  === PASS  tests.productCardsTests.ProductCardThumbnailTests.cardValidation[Exp#12 [f1=2, f2=1, f3=3, f4=2, f5=2, f6=1, f7=1, f8=3]] ===
2025-12-30 02:00:38 INFO  === END   tests.productCardsTests.ProductCardThumbnailTests.cardValidation[Exp#12 [f1=2, f2=1, f3=3, f4=2, f5=2, f6=1, f7=1, f8=3]] ===
2025-12-30 02:00:38 INFO  === START tests.productCardsTests.ProductCardThumbnailTests.cardValidation[Exp#13 [f1=2, f2=2, f3=1, f4=2, f5=3, f6=1, f7=3, f8=2]] ===
2025-12-30 02:00:38 INFO  STEP: 📝 New input: Filling form fields.
2025-12-30 02:00:41 INFO  STEP PASS: Card #1 should have all the components
2025-12-30 02:00:42 INFO  STEP PASS: Card #2 should have all the components
2025-12-30 02:00:42 INFO  STEP PASS: Card #3 should have all the components
2025-12-30 02:00:42 INFO  STEP PASS: Card #4 should have all the components
2025-12-30 02:00:42 INFO  STEP PASS: Card #5 should have all the components
2025-12-30 02:00:42 INFO  === PASS  tests.productCardsTests.ProductCardThumbnailTests.cardValidation[Exp#13 [f1=2, f2=2, f3=1, f4=2, f5=3, f6=1, f7=3, f8=2]] ===
2025-12-30 02:00:42 INFO  === END   tests.productCardsTests.ProductCardThumbnailTests.cardValidation[Exp#13 [f1=2, f2=2, f3=1, f4=2, f5=3, f6=1, f7=3, f8=2]] ===
2025-12-30 02:00:42 INFO  === START tests.productCardsTests.ProductCardThumbnailTests.cardValidation[Exp#14 [f1=2, f2=2, f3=2, f4=3, f5=1, f6=2, f7=1, f8=3]] ===
2025-12-30 02:00:42 INFO  STEP: 📝 New input: Filling form fields.
2025-12-30 02:00:45 INFO  STEP PASS: Card #1 should have all the components
2025-12-30 02:00:46 INFO  STEP PASS: Card #2 should have all the components
2025-12-30 02:00:46 INFO  STEP PASS: Card #3 should have all the components
2025-12-30 02:00:46 INFO  STEP PASS: Card #4 should have all the components
2025-12-30 02:00:46 INFO  STEP PASS: Card #5 should have all the components
2025-12-30 02:00:46 INFO  === PASS  tests.productCardsTests.ProductCardThumbnailTests.cardValidation[Exp#14 [f1=2, f2=2, f3=2, f4=3, f5=1, f6=2, f7=1, f8=3]] ===
2025-12-30 02:00:46 INFO  === END   tests.productCardsTests.ProductCardThumbnailTests.cardValidation[Exp#14 [f1=2, f2=2, f3=2, f4=3, f5=1, f6=2, f7=1, f8=3]] ===
2025-12-30 02:00:46 INFO  === START tests.productCardsTests.ProductCardThumbnailTests.cardValidation[Exp#15 [f1=2, f2=2, f3=3, f4=1, f5=2, f6=3, f7=2, f8=1]] ===
2025-12-30 02:00:46 INFO  STEP: 📝 New input: Filling form fields.
2025-12-30 02:00:49 INFO  STEP PASS: Card #1 should have all the components
2025-12-30 02:00:50 INFO  STEP PASS: Card #2 should have all the components
2025-12-30 02:00:50 INFO  STEP PASS: Card #3 should have all the components
2025-12-30 02:00:50 INFO  STEP PASS: Card #4 should have all the components
2025-12-30 02:00:50 INFO  STEP PASS: Card #5 should have all the components
2025-12-30 02:00:50 INFO  === PASS  tests.productCardsTests.ProductCardThumbnailTests.cardValidation[Exp#15 [f1=2, f2=2, f3=3, f4=1, f5=2, f6=3, f7=2, f8=1]] ===
2025-12-30 02:00:50 INFO  === END   tests.productCardsTests.ProductCardThumbnailTests.cardValidation[Exp#15 [f1=2, f2=2, f3=3, f4=1, f5=2, f6=3, f7=2, f8=1]] ===
2025-12-30 02:00:50 INFO  === START tests.productCardsTests.ProductCardThumbnailTests.cardValidation[Exp#16 [f1=2, f2=3, f3=1, f4=3, f5=2, f6=3, f7=1, f8=2]] ===
2025-12-30 02:00:50 INFO  STEP: 📝 New input: Filling form fields.
2025-12-30 02:00:53 INFO  STEP PASS: Card #1 should have all the components
2025-12-30 02:00:53 INFO  STEP PASS: Card #2 should have all the components
2025-12-30 02:00:53 INFO  STEP PASS: Card #3 should have all the components
2025-12-30 02:00:54 INFO  STEP PASS: Card #4 should have all the components
2025-12-30 02:00:54 INFO  STEP PASS: Card #5 should have all the components
2025-12-30 02:00:54 INFO  === PASS  tests.productCardsTests.ProductCardThumbnailTests.cardValidation[Exp#16 [f1=2, f2=3, f3=1, f4=3, f5=2, f6=3, f7=1, f8=2]] ===
2025-12-30 02:00:54 INFO  === END   tests.productCardsTests.ProductCardThumbnailTests.cardValidation[Exp#16 [f1=2, f2=3, f3=1, f4=3, f5=2, f6=3, f7=1, f8=2]] ===
2025-12-30 02:00:54 INFO  === START tests.productCardsTests.ProductCardThumbnailTests.cardValidation[Exp#17 [f1=2, f2=3, f3=2, f4=1, f5=3, f6=1, f7=2, f8=3]] ===
2025-12-30 02:00:54 INFO  STEP: 📝 New input: Filling form fields.
2025-12-30 02:00:57 INFO  STEP PASS: Card #1 should have all the components
2025-12-30 02:00:57 INFO  STEP PASS: Card #2 should have all the components
2025-12-30 02:00:57 INFO  STEP PASS: Card #3 should have all the components
2025-12-30 02:00:57 INFO  STEP PASS: Card #4 should have all the components
2025-12-30 02:00:57 INFO  === PASS  tests.productCardsTests.ProductCardThumbnailTests.cardValidation[Exp#17 [f1=2, f2=3, f3=2, f4=1, f5=3, f6=1, f7=2, f8=3]] ===
2025-12-30 02:00:57 INFO  === END   tests.productCardsTests.ProductCardThumbnailTests.cardValidation[Exp#17 [f1=2, f2=3, f3=2, f4=1, f5=3, f6=1, f7=2, f8=3]] ===
2025-12-30 02:00:57 INFO  === START tests.productCardsTests.ProductCardThumbnailTests.cardValidation[Exp#18 [f1=2, f2=3, f3=3, f4=2, f5=1, f6=2, f7=3, f8=1]] ===
2025-12-30 02:00:57 INFO  STEP: 📝 New input: Filling form fields.
2025-12-30 02:01:01 INFO  STEP PASS: Card #1 should have all the components
2025-12-30 02:01:01 INFO  STEP PASS: Card #2 should have all the components
2025-12-30 02:01:01 INFO  STEP PASS: Card #3 should have all the components
2025-12-30 02:01:01 INFO  STEP PASS: Card #4 should have all the components
2025-12-30 02:01:01 INFO  STEP PASS: Card #5 should have all the components
2025-12-30 02:01:01 INFO  === PASS  tests.productCardsTests.ProductCardThumbnailTests.cardValidation[Exp#18 [f1=2, f2=3, f3=3, f4=2, f5=1, f6=2, f7=3, f8=1]] ===
2025-12-30 02:01:01 INFO  === END   tests.productCardsTests.ProductCardThumbnailTests.cardValidation[Exp#18 [f1=2, f2=3, f3=3, f4=2, f5=1, f6=2, f7=3, f8=1]] ===
2025-12-30 02:01:01 INFO  === START tests.productCardsTests.ProductCardThumbnailTests.cardValidation[Exp#19 [f1=2, f2=3, f3=3, f4=2, f5=1, f6=1, f7=1, f8=2]] ===
2025-12-30 02:01:01 INFO  STEP: 📝 New input: Filling form fields.
2025-12-30 02:01:05 INFO  STEP PASS: Card #1 should have all the components
2025-12-30 02:01:05 INFO  STEP PASS: Card #2 should have all the components
2025-12-30 02:01:05 INFO  STEP PASS: Card #3 should have all the components
2025-12-30 02:01:05 INFO  STEP PASS: Card #4 should have all the components
2025-12-30 02:01:05 INFO  STEP PASS: Card #5 should have all the components
2025-12-30 02:01:05 INFO  === PASS  tests.productCardsTests.ProductCardThumbnailTests.cardValidation[Exp#19 [f1=2, f2=3, f3=3, f4=2, f5=1, f6=1, f7=1, f8=2]] ===
2025-12-30 02:01:05 INFO  === END   tests.productCardsTests.ProductCardThumbnailTests.cardValidation[Exp#19 [f1=2, f2=3, f3=3, f4=2, f5=1, f6=1, f7=1, f8=2]] ===
2025-12-30 02:01:05 INFO  === START tests.productCardsTests.ProductCardThumbnailTests.cardValidation[Exp#20 [f1=2, f2=3, f3=3, f4=3, f5=3, f6=3, f7=3, f8=3]] ===
2025-12-30 02:01:05 INFO  STEP: 📝 New input: Filling form fields.
2025-12-30 02:01:08 INFO  STEP PASS: Card #1 should have all the components
2025-12-30 02:01:09 INFO  STEP PASS: Card #2 should have all the components
2025-12-30 02:01:09 INFO  STEP PASS: Card #3 should have all the components
2025-12-30 02:01:09 INFO  STEP PASS: Card #4 should have all the components
2025-12-30 02:01:09 INFO  === PASS  tests.productCardsTests.ProductCardThumbnailTests.cardValidation[Exp#20 [f1=2, f2=3, f3=3, f4=3, f5=3, f6=3, f7=3, f8=3]] ===
2025-12-30 02:01:09 INFO  === END   tests.productCardsTests.ProductCardThumbnailTests.cardValidation[Exp#20 [f1=2, f2=3, f3=3, f4=3, f5=3, f6=3, f7=3, f8=3]] ===
2025-12-30 02:16:01 INFO  === START tests.productCardsTests.ProductCardThumbnailTests.cardValidation[Exp#1 [f1=1, f2=1, f3=1, f4=1, f5=1, f6=1, f7=1, f8=1]] ===
2025-12-30 02:16:03 INFO  STEP: 📝 New input: Filling form fields.
2025-12-30 02:16:11 INFO  STEP: Test:4.5
2025-12-30 02:16:11 INFO  STEP PASS: Card #1 should have all the components
2025-12-30 02:16:12 INFO  STEP: Test:4.4
2025-12-30 02:16:12 INFO  STEP PASS: Card #2 should have all the components
2025-12-30 02:16:12 INFO  STEP: Test:3.9
2025-12-30 02:16:12 INFO  STEP PASS: Card #3 should have all the components
2025-12-30 02:16:12 INFO  STEP: Test:3.0
2025-12-30 02:16:12 INFO  STEP PASS: Card #4 should have all the components
2025-12-30 02:16:12 INFO  STEP: Test:2.8
2025-12-30 02:16:12 INFO  STEP PASS: Card #5 should have all the components
2025-12-30 02:16:12 INFO  === PASS  tests.productCardsTests.ProductCardThumbnailTests.cardValidation[Exp#1 [f1=1, f2=1, f3=1, f4=1, f5=1, f6=1, f7=1, f8=1]] ===
2025-12-30 02:16:12 INFO  === END   tests.productCardsTests.ProductCardThumbnailTests.cardValidation[Exp#1 [f1=1, f2=1, f3=1, f4=1, f5=1, f6=1, f7=1, f8=1]] ===
2025-12-30 02:16:12 INFO  === START tests.productCardsTests.ProductCardThumbnailTests.cardValidation[Exp#2 [f1=1, f2=1, f3=2, f4=2, f5=2, f6=2, f7=2, f8=2]] ===
2025-12-30 02:16:12 INFO  STEP: 📝 New input: Filling form fields.
2025-12-30 02:16:16 INFO  STEP: Test:4.5
2025-12-30 02:16:16 INFO  STEP PASS: Card #1 should have all the components
2025-12-30 02:16:17 INFO  STEP: Test:3.3
2025-12-30 02:16:17 INFO  STEP PASS: Card #2 should have all the components
2025-12-30 02:16:17 INFO  STEP: Test:3.9
2025-12-30 02:16:17 INFO  STEP PASS: Card #3 should have all the components
2025-12-30 02:16:17 INFO  STEP: Test:4.0
2025-12-30 02:16:17 INFO  STEP PASS: Card #4 should have all the components
2025-12-30 02:16:17 INFO  STEP: Test:4.6
2025-12-30 02:16:17 INFO  STEP PASS: Card #5 should have all the components
2025-12-30 02:16:17 INFO  === PASS  tests.productCardsTests.ProductCardThumbnailTests.cardValidation[Exp#2 [f1=1, f2=1, f3=2, f4=2, f5=2, f6=2, f7=2, f8=2]] ===
2025-12-30 02:16:17 INFO  === END   tests.productCardsTests.ProductCardThumbnailTests.cardValidation[Exp#2 [f1=1, f2=1, f3=2, f4=2, f5=2, f6=2, f7=2, f8=2]] ===
2025-12-30 02:16:17 INFO  === START tests.productCardsTests.ProductCardThumbnailTests.cardValidation[Exp#3 [f1=1, f2=1, f3=3, f4=3, f5=3, f6=3, f7=3, f8=3]] ===
2025-12-30 02:16:17 INFO  STEP: 📝 New input: Filling form fields.
2025-12-30 02:16:21 INFO  STEP: Test:3.7
2025-12-30 02:16:21 INFO  STEP PASS: Card #1 should have all the components
2025-12-30 02:16:21 INFO  STEP: Test:3.7
2025-12-30 02:16:21 INFO  STEP PASS: Card #2 should have all the components
2025-12-30 02:16:21 INFO  STEP: Test:3.2
2025-12-30 02:16:21 INFO  STEP PASS: Card #3 should have all the components
2025-12-30 02:16:21 INFO  STEP: Test:4.7
2025-12-30 02:16:21 INFO  STEP PASS: Card #4 should have all the components
2025-12-30 02:16:21 INFO  === PASS  tests.productCardsTests.ProductCardThumbnailTests.cardValidation[Exp#3 [f1=1, f2=1, f3=3, f4=3, f5=3, f6=3, f7=3, f8=3]] ===
2025-12-30 02:16:21 INFO  === END   tests.productCardsTests.ProductCardThumbnailTests.cardValidation[Exp#3 [f1=1, f2=1, f3=3, f4=3, f5=3, f6=3, f7=3, f8=3]] ===
2025-12-30 02:16:21 INFO  === START tests.productCardsTests.ProductCardThumbnailTests.cardValidation[Exp#4 [f1=1, f2=2, f3=1, f4=1, f5=2, f6=2, f7=3, f8=3]] ===
2025-12-30 02:16:21 INFO  STEP: 📝 New input: Filling form fields.
2025-12-30 02:16:25 INFO  STEP: Test:3.0
2025-12-30 02:16:25 INFO  STEP PASS: Card #1 should have all the components
2025-12-30 02:16:25 INFO  STEP: Test:4.5
2025-12-30 02:16:25 INFO  STEP PASS: Card #2 should have all the components
2025-12-30 02:16:25 INFO  STEP: Test:4.7
2025-12-30 02:16:25 INFO  STEP PASS: Card #3 should have all the components
2025-12-30 02:16:25 INFO  STEP: Test:3.5
2025-12-30 02:16:25 INFO  STEP PASS: Card #4 should have all the components
2025-12-30 02:16:26 INFO  STEP: Test:3.2
2025-12-30 02:16:26 INFO  STEP PASS: Card #5 should have all the components
2025-12-30 02:16:26 INFO  === PASS  tests.productCardsTests.ProductCardThumbnailTests.cardValidation[Exp#4 [f1=1, f2=2, f3=1, f4=1, f5=2, f6=2, f7=3, f8=3]] ===
2025-12-30 02:16:26 INFO  === END   tests.productCardsTests.ProductCardThumbnailTests.cardValidation[Exp#4 [f1=1, f2=2, f3=1, f4=1, f5=2, f6=2, f7=3, f8=3]] ===
2025-12-30 02:16:26 INFO  === START tests.productCardsTests.ProductCardThumbnailTests.cardValidation[Exp#5 [f1=1, f2=2, f3=2, f4=2, f5=3, f6=3, f7=1, f8=1]] ===
2025-12-30 02:16:26 INFO  STEP: 📝 New input: Filling form fields.
2025-12-30 02:20:41 INFO  === START tests.productCardsTests.ProductCardThumbnailTests.cardValidation[Exp#1 [f1=1, f2=1, f3=1, f4=1, f5=1, f6=1, f7=1, f8=1]] ===
2025-12-30 02:20:44 INFO  STEP: 📝 New input: Filling form fields.
2025-12-30 02:20:52 INFO  STEP: Card nuber 1 have a thumbnail
2025-12-30 02:20:52 INFO  STEP: Card nuber 1 have a Title: Green and Black Glasses
2025-12-30 02:20:52 INFO  STEP: Card nuber 1 have a Description: The Green and Black Glasses feature a bold combination of green and black colors, adding a touch of vibrancy to your eyewear collection. They are both stylish and eye-catching.
2025-12-30 02:20:52 INFO  STEP: Card nuber 1 have a Price: 34.99
2025-12-30 02:20:52 INFO  STEP: Card nuber 1 have a Rating: 4.5
2025-12-30 02:20:52 INFO  STEP PASS: Card #1 should have all the components
2025-12-30 02:20:52 INFO  STEP: Card nuber 2 have a thumbnail
2025-12-30 02:20:52 INFO  STEP: Card nuber 2 have a Title: Black Sun Glasses
2025-12-30 02:20:52 INFO  STEP: Card nuber 2 have a Description: The Black Sun Glasses are a classic and stylish choice, featuring a sleek black frame and tinted lenses. They provide both UV protection and a fashionable look.
2025-12-30 02:20:52 INFO  STEP: Card nuber 2 have a Price: 29.99
2025-12-30 02:20:52 INFO  STEP: Card nuber 2 have a Rating: 4.4
2025-12-30 02:20:52 INFO  STEP PASS: Card #2 should have all the components
2025-12-30 02:20:52 INFO  STEP: Card nuber 3 have a thumbnail
2025-12-30 02:20:52 INFO  STEP: Card nuber 3 have a Title: Classic Sun Glasses
2025-12-30 02:20:53 INFO  STEP: Card nuber 3 have a Description: The Classic Sun Glasses offer a timeless design with a neutral frame and UV-protected lenses. These sunglasses are versatile and suitable for various occasions.
2025-12-30 02:20:53 INFO  STEP: Card nuber 3 have a Price: 24.99
2025-12-30 02:20:53 INFO  STEP: Card nuber 3 have a Rating: 3.9
2025-12-30 02:20:53 INFO  STEP PASS: Card #3 should have all the components
2025-12-30 02:20:53 INFO  STEP: Card nuber 4 have a thumbnail
2025-12-30 02:20:53 INFO  STEP: Card nuber 4 have a Title: Sunglasses
2025-12-30 02:20:53 INFO  STEP: Card nuber 4 have a Description: The Sunglasses offer a classic and simple design with a focus on functionality. These sunglasses provide essential UV protection while maintaining a timeless look.
2025-12-30 02:20:53 INFO  STEP: Card nuber 4 have a Price: 22.99
2025-12-30 02:20:53 INFO  STEP: Card nuber 4 have a Rating: 3.0
2025-12-30 02:20:53 INFO  STEP PASS: Card #4 should have all the components
2025-12-30 02:20:53 INFO  STEP: Card nuber 5 have a thumbnail
2025-12-30 02:20:53 INFO  STEP: Card nuber 5 have a Title: Party Glasses
2025-12-30 02:20:53 INFO  STEP: Card nuber 5 have a Description: The Party Glasses are designed to add flair to your party outfit. With unique shapes or colorful frames, they're perfect for adding a playful touch to your look during celebrations.
2025-12-30 02:20:53 INFO  STEP: Card nuber 5 have a Price: 19.99
2025-12-30 02:20:53 INFO  STEP: Card nuber 5 have a Rating: 2.8
2025-12-30 02:20:53 INFO  STEP PASS: Card #5 should have all the components
2025-12-30 02:20:53 INFO  === PASS  tests.productCardsTests.ProductCardThumbnailTests.cardValidation[Exp#1 [f1=1, f2=1, f3=1, f4=1, f5=1, f6=1, f7=1, f8=1]] ===
2025-12-30 02:20:53 INFO  === END   tests.productCardsTests.ProductCardThumbnailTests.cardValidation[Exp#1 [f1=1, f2=1, f3=1, f4=1, f5=1, f6=1, f7=1, f8=1]] ===
2025-12-30 02:20:53 INFO  === START tests.productCardsTests.ProductCardThumbnailTests.cardValidation[Exp#2 [f1=1, f2=1, f3=2, f4=2, f5=2, f6=2, f7=2, f8=2]] ===
2025-12-30 02:20:53 INFO  STEP: 📝 New input: Filling form fields.
2025-12-30 02:20:57 INFO  STEP: Card nuber 1 have a thumbnail
2025-12-30 02:20:57 INFO  STEP: Card nuber 1 have a Title: Black Aluminium Cup
2025-12-30 02:20:57 INFO  STEP: Card nuber 1 have a Description: The Black Aluminium Cup is a stylish and durable cup suitable for both hot and cold beverages. Its sleek black design adds a modern touch to your drinkware collection.
2025-12-30 02:20:57 INFO  STEP: Card nuber 1 have a Price: 5.99
2025-12-30 02:20:57 INFO  STEP: Card nuber 1 have a Rating: 4.5
2025-12-30 02:20:57 INFO  STEP PASS: Card #1 should have all the components
2025-12-30 02:20:57 INFO  STEP: Card nuber 2 have a thumbnail
2025-12-30 02:20:57 INFO  STEP: Card nuber 2 have a Title: Bamboo Spatula
2025-12-30 02:20:57 INFO  STEP: Card nuber 2 have a Description: The Bamboo Spatula is a versatile kitchen tool made from eco-friendly bamboo. Ideal for flipping, stirring, and serving various dishes.
2025-12-30 02:20:58 INFO  STEP: Card nuber 2 have a Price: 7.99
2025-12-30 02:20:58 INFO  STEP: Card nuber 2 have a Rating: 3.3
2025-12-30 02:20:58 INFO  STEP PASS: Card #2 should have all the components
2025-12-30 02:20:58 INFO  STEP: Card nuber 3 have a thumbnail
2025-12-30 02:20:58 INFO  STEP: Card nuber 3 have a Title: Black Whisk
2025-12-30 02:20:58 INFO  STEP: Card nuber 3 have a Description: The Black Whisk is a kitchen essential for whisking and beating ingredients. Its ergonomic handle and sleek design make it a practical and stylish tool.
2025-12-30 02:20:58 INFO  STEP: Card nuber 3 have a Price: 9.99
2025-12-30 02:20:58 INFO  STEP: Card nuber 3 have a Rating: 3.9
2025-12-30 02:20:58 INFO  STEP PASS: Card #3 should have all the components
2025-12-30 02:20:58 INFO  STEP: Card nuber 4 have a thumbnail
2025-12-30 02:20:58 INFO  STEP: Card nuber 4 have a Title: Carbon Steel Wok
2025-12-30 02:20:58 INFO  STEP: Card nuber 4 have a Description: The Carbon Steel Wok is a versatile cooking pan suitable for stir-frying, sautéing, and deep frying. Its sturdy construction ensures even heat distribution for delicious meals.
2025-12-30 02:20:58 INFO  STEP: Card nuber 4 have a Price: 29.99
2025-12-30 02:20:58 INFO  STEP: Card nuber 4 have a Rating: 4.0
2025-12-30 02:20:58 INFO  STEP PASS: Card #4 should have all the components
2025-12-30 02:20:58 INFO  STEP: Card nuber 5 have a thumbnail
2025-12-30 02:20:58 INFO  STEP: Card nuber 5 have a Title: Boxed Blender
2025-12-30 02:20:58 INFO  STEP: Card nuber 5 have a Description: The Boxed Blender is a powerful and compact blender perfect for smoothies, shakes, and more. Its convenient design and multiple functions make it a versatile kitchen appliance.
2025-12-30 02:20:58 INFO  STEP: Card nuber 5 have a Price: 39.99
2025-12-30 02:20:59 INFO  STEP: Card nuber 5 have a Rating: 4.6
2025-12-30 02:20:59 INFO  STEP PASS: Card #5 should have all the components
2025-12-30 02:20:59 INFO  === PASS  tests.productCardsTests.ProductCardThumbnailTests.cardValidation[Exp#2 [f1=1, f2=1, f3=2, f4=2, f5=2, f6=2, f7=2, f8=2]] ===
2025-12-30 02:20:59 INFO  === END   tests.productCardsTests.ProductCardThumbnailTests.cardValidation[Exp#2 [f1=1, f2=1, f3=2, f4=2, f5=2, f6=2, f7=2, f8=2]] ===
2025-12-30 02:20:59 INFO  === START tests.productCardsTests.ProductCardThumbnailTests.cardValidation[Exp#3 [f1=1, f2=1, f3=3, f4=3, f5=3, f6=3, f7=3, f8=3]] ===
2025-12-30 02:20:59 INFO  STEP: 📝 New input: Filling form fields.
2025-12-30 02:21:02 INFO  STEP: Card nuber 1 have a thumbnail
2025-12-30 02:21:02 INFO  STEP: Card nuber 1 have a Title: Samsung Galaxy Tab White
2025-12-30 02:21:02 INFO  STEP: Card nuber 1 have a Description: The Samsung Galaxy Tab in White is a sleek and versatile Android tablet. With a vibrant display, long-lasting battery, and a range of features, it offers a great user experience for various tasks.
2025-12-30 02:21:02 INFO  STEP: Card nuber 1 have a Price: 349.99
2025-12-30 02:21:02 INFO  STEP: Card nuber 1 have a Rating: 3.7
2025-12-30 02:21:02 INFO  STEP PASS: Card #1 should have all the components
2025-12-30 02:21:02 INFO  STEP: Card nuber 2 have a thumbnail
2025-12-30 02:21:02 INFO  STEP: Card nuber 2 have a Title: Samsung Galaxy Tab White
2025-12-30 02:21:02 INFO  STEP: Card nuber 2 have a Description: The Samsung Galaxy Tab in White is a sleek and versatile Android tablet. With a vibrant display, long-lasting battery, and a range of features, it offers a great user experience for various tasks.
2025-12-30 02:21:03 INFO  STEP: Card nuber 2 have a Price: 349.99
2025-12-30 02:21:03 INFO  STEP: Card nuber 2 have a Rating: 3.7
2025-12-30 02:21:03 INFO  STEP PASS: Card #2 should have all the components
2025-12-30 02:21:03 INFO  STEP: Card nuber 3 have a thumbnail
2025-12-30 02:21:03 INFO  STEP: Card nuber 3 have a Title: iPad Mini 2021 Starlight
2025-12-30 02:21:03 INFO  STEP: Card nuber 3 have a Description: The iPad Mini 2021 in Starlight is a compact and powerful tablet from Apple. Featuring a stunning Retina display, powerful A-series chip, and a sleek design, it offers a premium tablet experience.
2025-12-30 02:21:03 INFO  STEP: Card nuber 3 have a Price: 499.99
2025-12-30 02:21:03 INFO  STEP: Card nuber 3 have a Rating: 3.2
2025-12-30 02:21:03 INFO  STEP PASS: Card #3 should have all the components
2025-12-30 02:21:03 INFO  STEP: Card nuber 4 have a thumbnail
2025-12-30 02:21:03 INFO  STEP: Card nuber 4 have a Title: Samsung Galaxy Tab S8 Plus Grey
2025-12-30 02:21:03 INFO  STEP: Card nuber 4 have a Description: The Samsung Galaxy Tab S8 Plus in Grey is a high-performance Android tablet by Samsung. With a large AMOLED display, powerful processor, and S Pen support, it's ideal for productivity and entertainment.
2025-12-30 02:21:03 INFO  STEP: Card nuber 4 have a Price: 599.99
2025-12-30 02:21:03 INFO  STEP: Card nuber 4 have a Rating: 4.7
2025-12-30 02:21:03 INFO  STEP PASS: Card #4 should have all the components
2025-12-30 02:21:03 INFO  === PASS  tests.productCardsTests.ProductCardThumbnailTests.cardValidation[Exp#3 [f1=1, f2=1, f3=3, f4=3, f5=3, f6=3, f7=3, f8=3]] ===
2025-12-30 02:21:03 INFO  === END   tests.productCardsTests.ProductCardThumbnailTests.cardValidation[Exp#3 [f1=1, f2=1, f3=3, f4=3, f5=3, f6=3, f7=3, f8=3]] ===
2025-12-30 02:21:03 INFO  === START tests.productCardsTests.ProductCardThumbnailTests.cardValidation[Exp#4 [f1=1, f2=2, f3=1, f4=1, f5=2, f6=2, f7=3, f8=3]] ===
2025-12-30 02:21:03 INFO  STEP: 📝 New input: Filling form fields.
2025-12-30 02:21:07 INFO  STEP: Card nuber 1 have a thumbnail
2025-12-30 02:21:07 INFO  STEP: Card nuber 1 have a Title: Plant Pot
2025-12-30 02:21:07 INFO  STEP: Card nuber 1 have a Description: The Plant Pot is a stylish container for your favorite plants. With a sleek design, it complements your indoor or outdoor garden, adding a modern touch to your plant display.
2025-12-30 02:21:07 INFO  STEP: Card nuber 1 have a Price: 14.99
2025-12-30 02:21:07 INFO  STEP: Card nuber 1 have a Rating: 3.0
2025-12-30 02:21:07 INFO  STEP PASS: Card #1 should have all the components
2025-12-30 02:21:07 INFO  STEP: Card nuber 2 have a thumbnail
2025-12-30 02:21:07 INFO  STEP: Card nuber 2 have a Title: Family Tree Photo Frame
2025-12-30 02:21:07 INFO  STEP: Card nuber 2 have a Description: The Family Tree Photo Frame is a sentimental and stylish way to display your cherished family memories. With multiple photo slots, it tells the story of your loved ones.
2025-12-30 02:21:07 INFO  STEP: Card nuber 2 have a Price: 29.99
2025-12-30 02:21:07 INFO  STEP: Card nuber 2 have a Rating: 4.5
2025-12-30 02:21:07 INFO  STEP PASS: Card #2 should have all the components
2025-12-30 02:21:07 INFO  STEP: Card nuber 3 have a thumbnail
2025-12-30 02:21:07 INFO  STEP: Card nuber 3 have a Title: House Showpiece Plant
2025-12-30 02:21:07 INFO  STEP: Card nuber 3 have a Description: The House Showpiece Plant is an artificial plant that brings a touch of nature to your home without the need for maintenance. It adds greenery and style to any space.
2025-12-30 02:21:07 INFO  STEP: Card nuber 3 have a Price: 39.99
2025-12-30 02:21:07 INFO  STEP: Card nuber 3 have a Rating: 4.7
2025-12-30 02:21:07 INFO  STEP PASS: Card #3 should have all the components
2025-12-30 02:21:07 INFO  STEP: Card nuber 4 have a thumbnail
2025-12-30 02:21:08 INFO  STEP: Card nuber 4 have a Title: Table Lamp
2025-12-30 02:21:08 INFO  STEP: Card nuber 4 have a Description: The Table Lamp is a functional and decorative lighting solution for your living space. With a modern design, it provides both ambient and task lighting, enhancing the atmosphere.
2025-12-30 02:21:08 INFO  STEP: Card nuber 4 have a Price: 49.99
2025-12-30 02:21:08 INFO  STEP: Card nuber 4 have a Rating: 3.5
2025-12-30 02:21:08 INFO  STEP PASS: Card #4 should have all the components
2025-12-30 02:21:08 INFO  STEP: Card nuber 5 have a thumbnail
2025-12-30 02:21:08 INFO  STEP: Card nuber 5 have a Title: Decoration Swing
2025-12-30 02:21:08 INFO  STEP: Card nuber 5 have a Description: The Decoration Swing is a charming addition to your home decor. Crafted with intricate details, it adds a touch of elegance and whimsy to any room.
2025-12-30 02:21:08 INFO  STEP: Card nuber 5 have a Price: 59.99
2025-12-30 02:21:08 INFO  STEP: Card nuber 5 have a Rating: 3.2
2025-12-30 02:21:08 INFO  STEP PASS: Card #5 should have all the components
2025-12-30 02:21:08 INFO  === PASS  tests.productCardsTests.ProductCardThumbnailTests.cardValidation[Exp#4 [f1=1, f2=2, f3=1, f4=1, f5=2, f6=2, f7=3, f8=3]] ===
2025-12-30 02:21:08 INFO  === END   tests.productCardsTests.ProductCardThumbnailTests.cardValidation[Exp#4 [f1=1, f2=2, f3=1, f4=1, f5=2, f6=2, f7=3, f8=3]] ===
2025-12-30 02:21:08 INFO  === START tests.productCardsTests.ProductCardThumbnailTests.cardValidation[Exp#5 [f1=1, f2=2, f3=2, f4=2, f5=3, f6=3, f7=1, f8=1]] ===
2025-12-30 02:21:08 INFO  STEP: 📝 New input: Filling form fields.
2025-12-30 02:21:12 INFO  STEP: Card nuber 1 have a thumbnail
2025-12-30 02:21:12 INFO  STEP: Card nuber 1 have a Title: Black Aluminium Cup
2025-12-30 02:21:12 INFO  STEP: Card nuber 1 have a Description: The Black Aluminium Cup is a stylish and durable cup suitable for both hot and cold beverages. Its sleek black design adds a modern touch to your drinkware collection.
2025-12-30 02:21:12 INFO  STEP: Card nuber 1 have a Price: 5.99
2025-12-30 02:21:12 INFO  STEP: Card nuber 1 have a Rating: 4.5
2025-12-30 02:21:12 INFO  STEP PASS: Card #1 should have all the components
2025-12-30 02:21:12 INFO  STEP: Card nuber 2 have a thumbnail
2025-12-30 02:21:12 INFO  STEP: Card nuber 2 have a Title: Bamboo Spatula
2025-12-30 02:21:12 INFO  STEP: Card nuber 2 have a Description: The Bamboo Spatula is a versatile kitchen tool made from eco-friendly bamboo. Ideal for flipping, stirring, and serving various dishes.
2025-12-30 02:21:12 INFO  STEP: Card nuber 2 have a Price: 7.99
2025-12-30 02:21:12 INFO  STEP: Card nuber 2 have a Rating: 3.3
2025-12-30 02:21:12 INFO  STEP PASS: Card #2 should have all the components
2025-12-30 02:21:12 INFO  STEP: Card nuber 3 have a thumbnail
2025-12-30 02:21:12 INFO  STEP: Card nuber 3 have a Title: Black Whisk
2025-12-30 02:21:13 INFO  STEP: Card nuber 3 have a Description: The Black Whisk is a kitchen essential for whisking and beating ingredients. Its ergonomic handle and sleek design make it a practical and stylish tool.
2025-12-30 02:21:13 INFO  STEP: Card nuber 3 have a Price: 9.99
2025-12-30 02:21:13 INFO  STEP: Card nuber 3 have a Rating: 3.9
2025-12-30 02:21:13 INFO  STEP PASS: Card #3 should have all the components
2025-12-30 02:21:13 INFO  STEP: Card nuber 4 have a thumbnail
2025-12-30 02:21:13 INFO  STEP: Card nuber 4 have a Title: Carbon Steel Wok
2025-12-30 02:21:13 INFO  STEP: Card nuber 4 have a Description: The Carbon Steel Wok is a versatile cooking pan suitable for stir-frying, sautéing, and deep frying. Its sturdy construction ensures even heat distribution for delicious meals.
2025-12-30 02:21:13 INFO  STEP: Card nuber 4 have a Price: 29.99
2025-12-30 02:21:13 INFO  STEP: Card nuber 4 have a Rating: 4.0
2025-12-30 02:21:13 INFO  STEP PASS: Card #4 should have all the components
2025-12-30 02:21:13 INFO  STEP: Card nuber 5 have a thumbnail
2025-12-30 02:21:13 INFO  STEP: Card nuber 5 have a Title: Boxed Blender
2025-12-30 02:21:13 INFO  STEP: Card nuber 5 have a Description: The Boxed Blender is a powerful and compact blender perfect for smoothies, shakes, and more. Its convenient design and multiple functions make it a versatile kitchen appliance.
2025-12-30 02:21:13 INFO  STEP: Card nuber 5 have a Price: 39.99
2025-12-30 02:21:13 INFO  STEP: Card nuber 5 have a Rating: 4.6
2025-12-30 02:21:13 INFO  STEP PASS: Card #5 should have all the components
2025-12-30 02:21:13 INFO  === PASS  tests.productCardsTests.ProductCardThumbnailTests.cardValidation[Exp#5 [f1=1, f2=2, f3=2, f4=2, f5=3, f6=3, f7=1, f8=1]] ===
2025-12-30 02:21:13 INFO  === END   tests.productCardsTests.ProductCardThumbnailTests.cardValidation[Exp#5 [f1=1, f2=2, f3=2, f4=2, f5=3, f6=3, f7=1, f8=1]] ===
2025-12-30 02:21:13 INFO  === START tests.productCardsTests.ProductCardThumbnailTests.cardValidation[Exp#6 [f1=1, f2=2, f3=3, f4=3, f5=1, f6=1, f7=2, f8=2]] ===
2025-12-30 02:21:13 INFO  STEP: 📝 New input: Filling form fields.
2025-12-30 02:21:18 INFO  STEP: Card nuber 1 have a thumbnail
2025-12-30 02:21:18 INFO  STEP: Card nuber 1 have a Title: Baseball Ball
2025-12-30 02:21:18 INFO  STEP: Card nuber 1 have a Description: The Baseball Ball is a standard baseball used in baseball games. It features a durable leather cover and is designed for pitching, hitting, and fielding in the game of baseball.
2025-12-30 02:21:18 INFO  STEP: Card nuber 1 have a Price: 8.99
2025-12-30 02:21:18 INFO  STEP: Card nuber 1 have a Rating: 2.6
2025-12-30 02:21:18 INFO  STEP PASS: Card #1 should have all the components
2025-12-30 02:21:18 INFO  STEP: Card nuber 2 have a thumbnail
2025-12-30 02:21:18 INFO  STEP: Card nuber 2 have a Title: Basketball
2025-12-30 02:21:18 INFO  STEP: Card nuber 2 have a Description: The Basketball is a standard ball used in basketball games. It is designed for dribbling, shooting, and passing in the game of basketball, suitable for both indoor and outdoor play.
2025-12-30 02:21:18 INFO  STEP: Card nuber 2 have a Price: 14.99
2025-12-30 02:21:18 INFO  STEP: Card nuber 2 have a Rating: 4.7
2025-12-30 02:21:18 INFO  STEP PASS: Card #2 should have all the components
2025-12-30 02:21:18 INFO  STEP: Card nuber 3 have a thumbnail
2025-12-30 02:21:19 INFO  STEP: Card nuber 3 have a Title: American Football
2025-12-30 02:21:19 INFO  STEP: Card nuber 3 have a Description: The American Football is a classic ball used in American football games. It is designed for throwing and catching, making it an essential piece of equipment for the sport.
2025-12-30 02:21:19 INFO  STEP: Card nuber 3 have a Price: 19.99
2025-12-30 02:21:19 INFO  STEP: Card nuber 3 have a Rating: 4.9
2025-12-30 02:21:19 INFO  STEP PASS: Card #3 should have all the components
2025-12-30 02:21:19 INFO  STEP: Card nuber 4 have a thumbnail
2025-12-30 02:21:19 INFO  STEP: Card nuber 4 have a Title: Baseball Glove
2025-12-30 02:21:19 INFO  STEP: Card nuber 4 have a Description: The Baseball Glove is a protective glove worn by baseball players. It is designed to catch and field the baseball, providing players with comfort and control during the game.
2025-12-30 02:21:19 INFO  STEP: Card nuber 4 have a Price: 24.99
2025-12-30 02:21:19 INFO  STEP: Card nuber 4 have a Rating: 4.0
2025-12-30 02:21:19 INFO  STEP PASS: Card #4 should have all the components
2025-12-30 02:21:19 INFO  STEP: Card nuber 5 have a thumbnail
2025-12-30 02:21:19 INFO  STEP: Card nuber 5 have a Title: Basketball Rim
2025-12-30 02:21:19 INFO  STEP: Card nuber 5 have a Description: The Basketball Rim is a sturdy hoop and net assembly mounted on a basketball backboard. It provides a target for shooting and scoring in the game of basketball.
2025-12-30 02:21:19 INFO  STEP: Card nuber 5 have a Price: 39.99
2025-12-30 02:21:19 INFO  STEP: Card nuber 5 have a Rating: 4.6
2025-12-30 02:21:19 INFO  STEP PASS: Card #5 should have all the components
2025-12-30 02:21:19 INFO  === PASS  tests.productCardsTests.ProductCardThumbnailTests.cardValidation[Exp#6 [f1=1, f2=2, f3=3, f4=3, f5=1, f6=1, f7=2, f8=2]] ===
2025-12-30 02:21:19 INFO  === END   tests.productCardsTests.ProductCardThumbnailTests.cardValidation[Exp#6 [f1=1, f2=2, f3=3, f4=3, f5=1, f6=1, f7=2, f8=2]] ===
2025-12-30 02:21:19 INFO  === START tests.productCardsTests.ProductCardThumbnailTests.cardValidation[Exp#7 [f1=1, f2=3, f3=1, f4=2, f5=1, f6=3, f7=2, f8=3]] ===
2025-12-30 02:21:19 INFO  STEP: 📝 New input: Filling form fields.
2025-12-30 02:21:23 INFO  STEP: Card nuber 1 have a thumbnail
2025-12-30 02:21:23 INFO  STEP: Card nuber 1 have a Title: Baseball Ball
2025-12-30 02:21:23 INFO  STEP: Card nuber 1 have a Description: The Baseball Ball is a standard baseball used in baseball games. It features a durable leather cover and is designed for pitching, hitting, and fielding in the game of baseball.
2025-12-30 02:21:23 INFO  STEP: Card nuber 1 have a Price: 8.99
2025-12-30 02:21:23 INFO  STEP: Card nuber 1 have a Rating: 2.6
2025-12-30 02:21:23 INFO  STEP PASS: Card #1 should have all the components
2025-12-30 02:21:23 INFO  STEP: Card nuber 2 have a thumbnail
2025-12-30 02:21:23 INFO  STEP: Card nuber 2 have a Title: Basketball
2025-12-30 02:21:23 INFO  STEP: Card nuber 2 have a Description: The Basketball is a standard ball used in basketball games. It is designed for dribbling, shooting, and passing in the game of basketball, suitable for both indoor and outdoor play.
2025-12-30 02:21:23 INFO  STEP: Card nuber 2 have a Price: 14.99
2025-12-30 02:21:23 INFO  STEP: Card nuber 2 have a Rating: 4.7
2025-12-30 02:21:23 INFO  STEP PASS: Card #2 should have all the components
2025-12-30 02:21:23 INFO  STEP: Card nuber 3 have a thumbnail
2025-12-30 02:21:23 INFO  STEP: Card nuber 3 have a Title: American Football
2025-12-30 02:21:23 INFO  STEP: Card nuber 3 have a Description: The American Football is a classic ball used in American football games. It is designed for throwing and catching, making it an essential piece of equipment for the sport.
2025-12-30 02:21:23 INFO  STEP: Card nuber 3 have a Price: 19.99
2025-12-30 02:21:23 INFO  STEP: Card nuber 3 have a Rating: 4.9
2025-12-30 02:21:23 INFO  STEP PASS: Card #3 should have all the components
2025-12-30 02:21:23 INFO  STEP: Card nuber 4 have a thumbnail
2025-12-30 02:21:23 INFO  STEP: Card nuber 4 have a Title: Baseball Glove
2025-12-30 02:21:24 INFO  STEP: Card nuber 4 have a Description: The Baseball Glove is a protective glove worn by baseball players. It is designed to catch and field the baseball, providing players with comfort and control during the game.
2025-12-30 02:21:24 INFO  STEP: Card nuber 4 have a Price: 24.99
2025-12-30 02:21:24 INFO  STEP: Card nuber 4 have a Rating: 4.0
2025-12-30 02:21:24 INFO  STEP PASS: Card #4 should have all the components
2025-12-30 02:21:24 INFO  STEP: Card nuber 5 have a thumbnail
2025-12-30 02:21:24 INFO  STEP: Card nuber 5 have a Title: Basketball Rim
2025-12-30 02:21:24 INFO  STEP: Card nuber 5 have a Description: The Basketball Rim is a sturdy hoop and net assembly mounted on a basketball backboard. It provides a target for shooting and scoring in the game of basketball.
2025-12-30 02:21:24 INFO  STEP: Card nuber 5 have a Price: 39.99
2025-12-30 02:21:24 INFO  STEP: Card nuber 5 have a Rating: 4.6
2025-12-30 02:21:24 INFO  STEP PASS: Card #5 should have all the components
2025-12-30 02:21:24 INFO  === PASS  tests.productCardsTests.ProductCardThumbnailTests.cardValidation[Exp#7 [f1=1, f2=3, f3=1, f4=2, f5=1, f6=3, f7=2, f8=3]] ===
2025-12-30 02:21:24 INFO  === END   tests.productCardsTests.ProductCardThumbnailTests.cardValidation[Exp#7 [f1=1, f2=3, f3=1, f4=2, f5=1, f6=3, f7=2, f8=3]] ===
2025-12-30 02:21:24 INFO  === START tests.productCardsTests.ProductCardThumbnailTests.cardValidation[Exp#8 [f1=1, f2=3, f3=2, f4=3, f5=2, f6=1, f7=3, f8=1]] ===
2025-12-30 02:21:24 INFO  STEP: 📝 New input: Filling form fields.
2025-12-30 02:21:27 INFO  STEP: Card nuber 1 have a thumbnail
2025-12-30 02:21:27 INFO  STEP: Card nuber 1 have a Title: iPhone 5s
2025-12-30 02:21:28 INFO  STEP: Card nuber 1 have a Description: The iPhone 5s is a classic smartphone known for its compact design and advanced features during its release. While it's an older model, it still provides a reliable user experience.
2025-12-30 02:21:28 INFO  STEP: Card nuber 1 have a Price: 199.99
2025-12-30 02:21:28 INFO  STEP: Card nuber 1 have a Rating: 2.8
2025-12-30 02:21:28 INFO  STEP PASS: Card #1 should have all the components
2025-12-30 02:21:28 INFO  STEP: Card nuber 2 have a thumbnail
2025-12-30 02:21:28 INFO  STEP: Card nuber 2 have a Title: Oppo A57
2025-12-30 02:21:28 INFO  STEP: Card nuber 2 have a Description: The Oppo A57 is a mid-range smartphone known for its sleek design and capable features. It offers a balance of performance and affordability, making it a popular choice.
2025-12-30 02:21:28 INFO  STEP: Card nuber 2 have a Price: 249.99
2025-12-30 02:21:28 INFO  STEP: Card nuber 2 have a Rating: 3.9
2025-12-30 02:21:28 INFO  STEP PASS: Card #2 should have all the components
2025-12-30 02:21:28 INFO  STEP: Card nuber 3 have a thumbnail
2025-12-30 02:21:28 INFO  STEP: Card nuber 3 have a Title: iPhone 6
2025-12-30 02:21:28 INFO  STEP: Card nuber 3 have a Description: The iPhone 6 is a stylish and capable smartphone with a larger display and improved performance. It introduced new features and design elements, making it a popular choice in its time.
2025-12-30 02:21:28 INFO  STEP: Card nuber 3 have a Price: 299.99
2025-12-30 02:21:28 INFO  STEP: Card nuber 3 have a Rating: 3.4
2025-12-30 02:21:28 INFO  STEP PASS: Card #3 should have all the components
2025-12-30 02:21:28 INFO  STEP: Card nuber 4 have a thumbnail
2025-12-30 02:21:28 INFO  STEP: Card nuber 4 have a Title: iPhone X
2025-12-30 02:21:28 INFO  STEP: Card nuber 4 have a Description: The iPhone X is a flagship smartphone featuring a bezel-less OLED display, facial recognition technology (Face ID), and impressive performance. It represents a milestone in iPhone design and innovation.
2025-12-30 02:21:28 INFO  STEP: Card nuber 4 have a Price: 899.99
2025-12-30 02:21:28 INFO  STEP: Card nuber 4 have a Rating: 2.5
2025-12-30 02:21:28 INFO  STEP PASS: Card #4 should have all the components
2025-12-30 02:21:28 INFO  STEP: Card nuber 5 have a thumbnail
2025-12-30 02:21:28 INFO  STEP: Card nuber 5 have a Title: iPhone 13 Pro
2025-12-30 02:21:28 INFO  STEP: Card nuber 5 have a Description: The iPhone 13 Pro is a cutting-edge smartphone with a powerful camera system, high-performance chip, and stunning display. It offers advanced features for users who demand top-notch technology.
2025-12-30 02:21:29 INFO  STEP: Card nuber 5 have a Price: 1099.99
2025-12-30 02:21:29 INFO  STEP: Card nuber 5 have a Rating: 4.1
2025-12-30 02:21:29 INFO  STEP PASS: Card #5 should have all the components
2025-12-30 02:21:29 INFO  === PASS  tests.productCardsTests.ProductCardThumbnailTests.cardValidation[Exp#8 [f1=1, f2=3, f3=2, f4=3, f5=2, f6=1, f7=3, f8=1]] ===
2025-12-30 02:21:29 INFO  === END   tests.productCardsTests.ProductCardThumbnailTests.cardValidation[Exp#8 [f1=1, f2=3, f3=2, f4=3, f5=2, f6=1, f7=3, f8=1]] ===
2025-12-30 02:21:29 INFO  === START tests.productCardsTests.ProductCardThumbnailTests.cardValidation[Exp#9 [f1=1, f2=3, f3=3, f4=1, f5=3, f6=2, f7=1, f8=2]] ===
2025-12-30 02:21:29 INFO  STEP: 📝 New input: Filling form fields.
2025-12-30 02:21:32 INFO  STEP: Card nuber 1 have a thumbnail
2025-12-30 02:21:32 INFO  STEP: Card nuber 1 have a Title: Baseball Ball
2025-12-30 02:21:32 INFO  STEP: Card nuber 1 have a Description: The Baseball Ball is a standard baseball used in baseball games. It features a durable leather cover and is designed for pitching, hitting, and fielding in the game of baseball.
2025-12-30 02:21:32 INFO  STEP: Card nuber 1 have a Price: 8.99
2025-12-30 02:21:32 INFO  STEP: Card nuber 1 have a Rating: 2.6
2025-12-30 02:21:32 INFO  STEP PASS: Card #1 should have all the components
2025-12-30 02:21:33 INFO  STEP: Card nuber 2 have a thumbnail
2025-12-30 02:21:33 INFO  STEP: Card nuber 2 have a Title: Basketball
2025-12-30 02:21:33 INFO  STEP: Card nuber 2 have a Description: The Basketball is a standard ball used in basketball games. It is designed for dribbling, shooting, and passing in the game of basketball, suitable for both indoor and outdoor play.
2025-12-30 02:21:33 INFO  STEP: Card nuber 2 have a Price: 14.99
2025-12-30 02:21:33 INFO  STEP: Card nuber 2 have a Rating: 4.7
2025-12-30 02:21:33 INFO  STEP PASS: Card #2 should have all the components
2025-12-30 02:21:33 INFO  STEP: Card nuber 3 have a thumbnail
2025-12-30 02:21:33 INFO  STEP: Card nuber 3 have a Title: American Football
2025-12-30 02:21:33 INFO  STEP: Card nuber 3 have a Description: The American Football is a classic ball used in American football games. It is designed for throwing and catching, making it an essential piece of equipment for the sport.
2025-12-30 02:21:33 INFO  STEP: Card nuber 3 have a Price: 19.99
2025-12-30 02:21:33 INFO  STEP: Card nuber 3 have a Rating: 4.9
2025-12-30 02:21:33 INFO  STEP PASS: Card #3 should have all the components
2025-12-30 02:21:33 INFO  STEP: Card nuber 4 have a thumbnail
2025-12-30 02:21:33 INFO  STEP: Card nuber 4 have a Title: Baseball Glove
2025-12-30 02:21:33 INFO  STEP: Card nuber 4 have a Description: The Baseball Glove is a protective glove worn by baseball players. It is designed to catch and field the baseball, providing players with comfort and control during the game.
2025-12-30 02:21:33 INFO  STEP: Card nuber 4 have a Price: 24.99
2025-12-30 02:21:33 INFO  STEP: Card nuber 4 have a Rating: 4.0
2025-12-30 02:21:33 INFO  STEP PASS: Card #4 should have all the components
2025-12-30 02:21:33 INFO  STEP: Card nuber 5 have a thumbnail
2025-12-30 02:21:33 INFO  STEP: Card nuber 5 have a Title: Basketball Rim
2025-12-30 02:21:34 INFO  STEP: Card nuber 5 have a Description: The Basketball Rim is a sturdy hoop and net assembly mounted on a basketball backboard. It provides a target for shooting and scoring in the game of basketball.
2025-12-30 02:21:34 INFO  STEP: Card nuber 5 have a Price: 39.99
2025-12-30 02:21:34 INFO  STEP: Card nuber 5 have a Rating: 4.6
2025-12-30 02:21:34 INFO  STEP PASS: Card #5 should have all the components
2025-12-30 02:21:34 INFO  === PASS  tests.productCardsTests.ProductCardThumbnailTests.cardValidation[Exp#9 [f1=1, f2=3, f3=3, f4=1, f5=3, f6=2, f7=1, f8=2]] ===
2025-12-30 02:21:34 INFO  === END   tests.productCardsTests.ProductCardThumbnailTests.cardValidation[Exp#9 [f1=1, f2=3, f3=3, f4=1, f5=3, f6=2, f7=1, f8=2]] ===
2025-12-30 02:21:34 INFO  === START tests.productCardsTests.ProductCardThumbnailTests.cardValidation[Exp#10 [f1=2, f2=1, f3=1, f4=3, f5=3, f6=2, f7=2, f8=1]] ===
2025-12-30 02:21:34 INFO  STEP: 📝 New input: Filling form fields.
2025-12-30 02:21:38 INFO  STEP: Card nuber 1 have a thumbnail
2025-12-30 02:21:38 INFO  STEP: Card nuber 1 have a Title: Black Aluminium Cup
2025-12-30 02:21:38 INFO  STEP: Card nuber 1 have a Description: The Black Aluminium Cup is a stylish and durable cup suitable for both hot and cold beverages. Its sleek black design adds a modern touch to your drinkware collection.
2025-12-30 02:21:38 INFO  STEP: Card nuber 1 have a Price: 5.99
2025-12-30 02:21:38 INFO  STEP: Card nuber 1 have a Rating: 4.5
2025-12-30 02:21:38 INFO  STEP PASS: Card #1 should have all the components
2025-12-30 02:21:38 INFO  STEP: Card nuber 2 have a thumbnail
2025-12-30 02:21:38 INFO  STEP: Card nuber 2 have a Title: Bamboo Spatula
2025-12-30 02:21:38 INFO  STEP: Card nuber 2 have a Description: The Bamboo Spatula is a versatile kitchen tool made from eco-friendly bamboo. Ideal for flipping, stirring, and serving various dishes.
2025-12-30 02:21:38 INFO  STEP: Card nuber 2 have a Price: 7.99
2025-12-30 02:21:38 INFO  STEP: Card nuber 2 have a Rating: 3.3
2025-12-30 02:21:38 INFO  STEP PASS: Card #2 should have all the components
2025-12-30 02:21:38 INFO  STEP: Card nuber 3 have a thumbnail
2025-12-30 02:21:38 INFO  STEP: Card nuber 3 have a Title: Black Whisk
2025-12-30 02:21:38 INFO  STEP: Card nuber 3 have a Description: The Black Whisk is a kitchen essential for whisking and beating ingredients. Its ergonomic handle and sleek design make it a practical and stylish tool.
2025-12-30 02:21:38 INFO  STEP: Card nuber 3 have a Price: 9.99
2025-12-30 02:21:38 INFO  STEP: Card nuber 3 have a Rating: 3.9
2025-12-30 02:21:38 INFO  STEP PASS: Card #3 should have all the components
2025-12-30 02:21:38 INFO  STEP: Card nuber 4 have a thumbnail
2025-12-30 02:21:38 INFO  STEP: Card nuber 4 have a Title: Carbon Steel Wok
2025-12-30 02:21:38 INFO  STEP: Card nuber 4 have a Description: The Carbon Steel Wok is a versatile cooking pan suitable for stir-frying, sautéing, and deep frying. Its sturdy construction ensures even heat distribution for delicious meals.
2025-12-30 02:21:39 INFO  STEP: Card nuber 4 have a Price: 29.99
2025-12-30 02:21:39 INFO  STEP: Card nuber 4 have a Rating: 4.0
2025-12-30 02:21:39 INFO  STEP PASS: Card #4 should have all the components
2025-12-30 02:21:39 INFO  STEP: Card nuber 5 have a thumbnail
2025-12-30 02:21:39 INFO  STEP: Card nuber 5 have a Title: Boxed Blender
2025-12-30 02:21:39 INFO  STEP: Card nuber 5 have a Description: The Boxed Blender is a powerful and compact blender perfect for smoothies, shakes, and more. Its convenient design and multiple functions make it a versatile kitchen appliance.
2025-12-30 02:21:39 INFO  STEP: Card nuber 5 have a Price: 39.99
2025-12-30 02:21:39 INFO  STEP: Card nuber 5 have a Rating: 4.6
2025-12-30 02:21:39 INFO  STEP PASS: Card #5 should have all the components
2025-12-30 02:21:39 INFO  === PASS  tests.productCardsTests.ProductCardThumbnailTests.cardValidation[Exp#10 [f1=2, f2=1, f3=1, f4=3, f5=3, f6=2, f7=2, f8=1]] ===
2025-12-30 02:21:39 INFO  === END   tests.productCardsTests.ProductCardThumbnailTests.cardValidation[Exp#10 [f1=2, f2=1, f3=1, f4=3, f5=3, f6=2, f7=2, f8=1]] ===
2025-12-30 02:21:39 INFO  === START tests.productCardsTests.ProductCardThumbnailTests.cardValidation[Exp#11 [f1=2, f2=1, f3=2, f4=1, f5=1, f6=3, f7=3, f8=2]] ===
2025-12-30 02:21:39 INFO  STEP: 📝 New input: Filling form fields.
2025-12-30 02:21:42 INFO  STEP: Card nuber 1 have a thumbnail
2025-12-30 02:21:42 INFO  STEP: Card nuber 1 have a Title: Black Aluminium Cup
2025-12-30 02:21:42 INFO  STEP: Card nuber 1 have a Description: The Black Aluminium Cup is a stylish and durable cup suitable for both hot and cold beverages. Its sleek black design adds a modern touch to your drinkware collection.
2025-12-30 02:21:42 INFO  STEP: Card nuber 1 have a Price: 5.99
2025-12-30 02:21:42 INFO  STEP: Card nuber 1 have a Rating: 4.5
2025-12-30 02:21:42 INFO  STEP PASS: Card #1 should have all the components
2025-12-30 02:21:43 INFO  STEP: Card nuber 2 have a thumbnail
2025-12-30 02:21:43 INFO  STEP: Card nuber 2 have a Title: Bamboo Spatula
2025-12-30 02:21:43 INFO  STEP: Card nuber 2 have a Description: The Bamboo Spatula is a versatile kitchen tool made from eco-friendly bamboo. Ideal for flipping, stirring, and serving various dishes.
2025-12-30 02:21:43 INFO  STEP: Card nuber 2 have a Price: 7.99
2025-12-30 02:21:43 INFO  STEP: Card nuber 2 have a Rating: 3.3
2025-12-30 02:21:43 INFO  STEP PASS: Card #2 should have all the components
2025-12-30 02:21:43 INFO  STEP: Card nuber 3 have a thumbnail
2025-12-30 02:21:43 INFO  STEP: Card nuber 3 have a Title: Black Whisk
2025-12-30 02:21:43 INFO  STEP: Card nuber 3 have a Description: The Black Whisk is a kitchen essential for whisking and beating ingredients. Its ergonomic handle and sleek design make it a practical and stylish tool.
2025-12-30 02:21:43 INFO  STEP: Card nuber 3 have a Price: 9.99
2025-12-30 02:21:43 INFO  STEP: Card nuber 3 have a Rating: 3.9
2025-12-30 02:21:43 INFO  STEP PASS: Card #3 should have all the components
2025-12-30 02:21:43 INFO  STEP: Card nuber 4 have a thumbnail
2025-12-30 02:21:43 INFO  STEP: Card nuber 4 have a Title: Carbon Steel Wok
2025-12-30 02:21:43 INFO  STEP: Card nuber 4 have a Description: The Carbon Steel Wok is a versatile cooking pan suitable for stir-frying, sautéing, and deep frying. Its sturdy construction ensures even heat distribution for delicious meals.
2025-12-30 02:21:43 INFO  STEP: Card nuber 4 have a Price: 29.99
2025-12-30 02:21:43 INFO  STEP: Card nuber 4 have a Rating: 4.0
2025-12-30 02:21:43 INFO  STEP PASS: Card #4 should have all the components
2025-12-30 02:21:43 INFO  STEP: Card nuber 5 have a thumbnail
2025-12-30 02:21:43 INFO  STEP: Card nuber 5 have a Title: Boxed Blender
2025-12-30 02:21:43 INFO  STEP: Card nuber 5 have a Description: The Boxed Blender is a powerful and compact blender perfect for smoothies, shakes, and more. Its convenient design and multiple functions make it a versatile kitchen appliance.
2025-12-30 02:21:43 INFO  STEP: Card nuber 5 have a Price: 39.99
2025-12-30 02:21:43 INFO  STEP: Card nuber 5 have a Rating: 4.6
2025-12-30 02:21:43 INFO  STEP PASS: Card #5 should have all the components
2025-12-30 02:21:43 INFO  === PASS  tests.productCardsTests.ProductCardThumbnailTests.cardValidation[Exp#11 [f1=2, f2=1, f3=2, f4=1, f5=1, f6=3, f7=3, f8=2]] ===
2025-12-30 02:21:43 INFO  === END   tests.productCardsTests.ProductCardThumbnailTests.cardValidation[Exp#11 [f1=2, f2=1, f3=2, f4=1, f5=1, f6=3, f7=3, f8=2]] ===
2025-12-30 02:21:43 INFO  === START tests.productCardsTests.ProductCardThumbnailTests.cardValidation[Exp#12 [f1=2, f2=1, f3=3, f4=2, f5=2, f6=1, f7=1, f8=3]] ===
2025-12-30 02:21:43 INFO  STEP: 📝 New input: Filling form fields.
2025-12-30 02:21:47 INFO  STEP: Card nuber 1 have a thumbnail
2025-12-30 02:21:47 INFO  STEP: Card nuber 1 have a Title: Baseball Ball
2025-12-30 02:21:47 INFO  STEP: Card nuber 1 have a Description: The Baseball Ball is a standard baseball used in baseball games. It features a durable leather cover and is designed for pitching, hitting, and fielding in the game of baseball.
2025-12-30 02:21:47 INFO  STEP: Card nuber 1 have a Price: 8.99
2025-12-30 02:21:47 INFO  STEP: Card nuber 1 have a Rating: 2.6
2025-12-30 02:21:47 INFO  STEP PASS: Card #1 should have all the components
2025-12-30 02:21:47 INFO  STEP: Card nuber 2 have a thumbnail
2025-12-30 02:21:47 INFO  STEP: Card nuber 2 have a Title: Basketball
2025-12-30 02:21:47 INFO  STEP: Card nuber 2 have a Description: The Basketball is a standard ball used in basketball games. It is designed for dribbling, shooting, and passing in the game of basketball, suitable for both indoor and outdoor play.
2025-12-30 02:21:47 INFO  STEP: Card nuber 2 have a Price: 14.99
2025-12-30 02:21:47 INFO  STEP: Card nuber 2 have a Rating: 4.7
2025-12-30 02:21:47 INFO  STEP PASS: Card #2 should have all the components
2025-12-30 02:21:47 INFO  STEP: Card nuber 3 have a thumbnail
2025-12-30 02:21:47 INFO  STEP: Card nuber 3 have a Title: American Football
2025-12-30 02:21:47 INFO  STEP: Card nuber 3 have a Description: The American Football is a classic ball used in American football games. It is designed for throwing and catching, making it an essential piece of equipment for the sport.
2025-12-30 02:21:47 INFO  STEP: Card nuber 3 have a Price: 19.99
2025-12-30 02:21:48 INFO  STEP: Card nuber 3 have a Rating: 4.9
2025-12-30 02:21:48 INFO  STEP PASS: Card #3 should have all the components
2025-12-30 02:21:48 INFO  STEP: Card nuber 4 have a thumbnail
2025-12-30 02:21:48 INFO  STEP: Card nuber 4 have a Title: Baseball Glove
2025-12-30 02:21:48 INFO  STEP: Card nuber 4 have a Description: The Baseball Glove is a protective glove worn by baseball players. It is designed to catch and field the baseball, providing players with comfort and control during the game.
2025-12-30 02:21:48 INFO  STEP: Card nuber 4 have a Price: 24.99
2025-12-30 02:21:48 INFO  STEP: Card nuber 4 have a Rating: 4.0
2025-12-30 02:21:48 INFO  STEP PASS: Card #4 should have all the components
2025-12-30 02:21:48 INFO  STEP: Card nuber 5 have a thumbnail
2025-12-30 02:21:48 INFO  STEP: Card nuber 5 have a Title: Basketball Rim
2025-12-30 02:21:48 INFO  STEP: Card nuber 5 have a Description: The Basketball Rim is a sturdy hoop and net assembly mounted on a basketball backboard. It provides a target for shooting and scoring in the game of basketball.
2025-12-30 02:21:48 INFO  STEP: Card nuber 5 have a Price: 39.99
2025-12-30 02:21:48 INFO  STEP: Card nuber 5 have a Rating: 4.6
2025-12-30 02:21:48 INFO  STEP PASS: Card #5 should have all the components
2025-12-30 02:21:48 INFO  === PASS  tests.productCardsTests.ProductCardThumbnailTests.cardValidation[Exp#12 [f1=2, f2=1, f3=3, f4=2, f5=2, f6=1, f7=1, f8=3]] ===
2025-12-30 02:21:48 INFO  === END   tests.productCardsTests.ProductCardThumbnailTests.cardValidation[Exp#12 [f1=2, f2=1, f3=3, f4=2, f5=2, f6=1, f7=1, f8=3]] ===
2025-12-30 02:21:48 INFO  === START tests.productCardsTests.ProductCardThumbnailTests.cardValidation[Exp#13 [f1=2, f2=2, f3=1, f4=2, f5=3, f6=1, f7=3, f8=2]] ===
2025-12-30 02:21:48 INFO  STEP: 📝 New input: Filling form fields.
2025-12-30 02:21:51 INFO  STEP: Card nuber 1 have a thumbnail
2025-12-30 02:21:51 INFO  STEP: Card nuber 1 have a Title: Baseball Ball
2025-12-30 02:21:51 INFO  STEP: Card nuber 1 have a Description: The Baseball Ball is a standard baseball used in baseball games. It features a durable leather cover and is designed for pitching, hitting, and fielding in the game of baseball.
2025-12-30 02:21:51 INFO  STEP: Card nuber 1 have a Price: 8.99
2025-12-30 02:21:51 INFO  STEP: Card nuber 1 have a Rating: 2.6
2025-12-30 02:21:51 INFO  STEP PASS: Card #1 should have all the components
2025-12-30 02:21:52 INFO  STEP: Card nuber 2 have a thumbnail
2025-12-30 02:21:52 INFO  STEP: Card nuber 2 have a Title: Basketball
2025-12-30 02:21:52 INFO  STEP: Card nuber 2 have a Description: The Basketball is a standard ball used in basketball games. It is designed for dribbling, shooting, and passing in the game of basketball, suitable for both indoor and outdoor play.
2025-12-30 02:21:52 INFO  STEP: Card nuber 2 have a Price: 14.99
2025-12-30 02:21:52 INFO  STEP: Card nuber 2 have a Rating: 4.7
2025-12-30 02:21:52 INFO  STEP PASS: Card #2 should have all the components
2025-12-30 02:21:52 INFO  STEP: Card nuber 3 have a thumbnail
2025-12-30 02:21:52 INFO  STEP: Card nuber 3 have a Title: American Football
2025-12-30 02:21:52 INFO  STEP: Card nuber 3 have a Description: The American Football is a classic ball used in American football games. It is designed for throwing and catching, making it an essential piece of equipment for the sport.
2025-12-30 02:21:52 INFO  STEP: Card nuber 3 have a Price: 19.99
2025-12-30 02:21:52 INFO  STEP: Card nuber 3 have a Rating: 4.9
2025-12-30 02:21:52 INFO  STEP PASS: Card #3 should have all the components
2025-12-30 02:21:52 INFO  STEP: Card nuber 4 have a thumbnail
2025-12-30 02:21:52 INFO  STEP: Card nuber 4 have a Title: Baseball Glove
2025-12-30 02:21:52 INFO  STEP: Card nuber 4 have a Description: The Baseball Glove is a protective glove worn by baseball players. It is designed to catch and field the baseball, providing players with comfort and control during the game.
2025-12-30 02:21:52 INFO  STEP: Card nuber 4 have a Price: 24.99
2025-12-30 02:21:52 INFO  STEP: Card nuber 4 have a Rating: 4.0
2025-12-30 02:21:52 INFO  STEP PASS: Card #4 should have all the components
2025-12-30 02:21:52 INFO  STEP: Card nuber 5 have a thumbnail
2025-12-30 02:21:52 INFO  STEP: Card nuber 5 have a Title: Basketball Rim
2025-12-30 02:21:52 INFO  STEP: Card nuber 5 have a Description: The Basketball Rim is a sturdy hoop and net assembly mounted on a basketball backboard. It provides a target for shooting and scoring in the game of basketball.
2025-12-30 02:21:52 INFO  STEP: Card nuber 5 have a Price: 39.99
2025-12-30 02:21:52 INFO  STEP: Card nuber 5 have a Rating: 4.6
2025-12-30 02:21:52 INFO  STEP PASS: Card #5 should have all the components
2025-12-30 02:21:52 INFO  === PASS  tests.productCardsTests.ProductCardThumbnailTests.cardValidation[Exp#13 [f1=2, f2=2, f3=1, f4=2, f5=3, f6=1, f7=3, f8=2]] ===
2025-12-30 02:21:52 INFO  === END   tests.productCardsTests.ProductCardThumbnailTests.cardValidation[Exp#13 [f1=2, f2=2, f3=1, f4=2, f5=3, f6=1, f7=3, f8=2]] ===
2025-12-30 02:21:52 INFO  === START tests.productCardsTests.ProductCardThumbnailTests.cardValidation[Exp#14 [f1=2, f2=2, f3=2, f4=3, f5=1, f6=2, f7=1, f8=3]] ===
2025-12-30 02:21:52 INFO  STEP: 📝 New input: Filling form fields.
2025-12-30 02:21:56 INFO  STEP: Card nuber 1 have a thumbnail
2025-12-30 02:21:56 INFO  STEP: Card nuber 1 have a Title: Vivo S1
2025-12-30 02:21:56 INFO  STEP: Card nuber 1 have a Description: The Vivo S1 is a stylish and mid-range smartphone offering a blend of design and performance. It features a vibrant display, capable camera system, and reliable functionality.
2025-12-30 02:21:56 INFO  STEP: Card nuber 1 have a Price: 249.99
2025-12-30 02:21:56 INFO  STEP: Card nuber 1 have a Rating: 3.5
2025-12-30 02:21:56 INFO  STEP PASS: Card #1 should have all the components
2025-12-30 02:21:56 INFO  STEP: Card nuber 2 have a thumbnail
2025-12-30 02:21:56 INFO  STEP: Card nuber 2 have a Title: Samsung Galaxy S7
2025-12-30 02:21:56 INFO  STEP: Card nuber 2 have a Description: The Samsung Galaxy S7 is a flagship smartphone known for its sleek design and advanced features. It features a high-resolution display, powerful camera, and robust performance.
2025-12-30 02:21:56 INFO  STEP: Card nuber 2 have a Price: 299.99
2025-12-30 02:21:57 INFO  STEP: Card nuber 2 have a Rating: 3.3
2025-12-30 02:21:57 INFO  STEP PASS: Card #2 should have all the components
2025-12-30 02:21:57 INFO  STEP: Card nuber 3 have a thumbnail
2025-12-30 02:21:57 INFO  STEP: Card nuber 3 have a Title: Vivo V9
2025-12-30 02:21:57 INFO  STEP: Card nuber 3 have a Description: The Vivo V9 is a smartphone known for its sleek design and emphasis on capturing high-quality selfies. It features a notch display, dual-camera setup, and a modern design.
2025-12-30 02:21:57 INFO  STEP: Card nuber 3 have a Price: 299.99
2025-12-30 02:21:57 INFO  STEP: Card nuber 3 have a Rating: 3.6
2025-12-30 02:21:57 INFO  STEP PASS: Card #3 should have all the components
2025-12-30 02:21:57 INFO  STEP: Card nuber 4 have a thumbnail
2025-12-30 02:21:57 INFO  STEP: Card nuber 4 have a Title: Samsung Galaxy S8
2025-12-30 02:21:57 INFO  STEP: Card nuber 4 have a Description: The Samsung Galaxy S8 is a premium smartphone with an Infinity Display, offering a stunning visual experience. It boasts advanced camera capabilities and cutting-edge technology.
2025-12-30 02:21:57 INFO  STEP: Card nuber 4 have a Price: 499.99
2025-12-30 02:21:57 INFO  STEP: Card nuber 4 have a Rating: 4.4
2025-12-30 02:21:57 INFO  STEP PASS: Card #4 should have all the components
2025-12-30 02:21:57 INFO  STEP: Card nuber 5 have a thumbnail
2025-12-30 02:21:57 INFO  STEP: Card nuber 5 have a Title: Samsung Galaxy S10
2025-12-30 02:21:57 INFO  STEP: Card nuber 5 have a Description: The Samsung Galaxy S10 is a flagship device featuring a dynamic AMOLED display, versatile camera system, and powerful performance. It represents innovation and excellence in smartphone technology.
2025-12-30 02:21:57 INFO  STEP: Card nuber 5 have a Price: 699.99
2025-12-30 02:21:57 INFO  STEP: Card nuber 5 have a Rating: 3.1
2025-12-30 02:21:57 INFO  STEP PASS: Card #5 should have all the components
2025-12-30 02:21:57 INFO  === PASS  tests.productCardsTests.ProductCardThumbnailTests.cardValidation[Exp#14 [f1=2, f2=2, f3=2, f4=3, f5=1, f6=2, f7=1, f8=3]] ===
2025-12-30 02:21:57 INFO  === END   tests.productCardsTests.ProductCardThumbnailTests.cardValidation[Exp#14 [f1=2, f2=2, f3=2, f4=3, f5=1, f6=2, f7=1, f8=3]] ===
2025-12-30 02:21:57 INFO  === START tests.productCardsTests.ProductCardThumbnailTests.cardValidation[Exp#15 [f1=2, f2=2, f3=3, f4=1, f5=2, f6=3, f7=2, f8=1]] ===
2025-12-30 02:21:57 INFO  STEP: 📝 New input: Filling form fields.
2025-12-30 02:22:01 INFO  STEP: Card nuber 1 have a thumbnail
2025-12-30 02:22:01 INFO  STEP: Card nuber 1 have a Title: Scooter Motorcycle
2025-12-30 02:22:01 INFO  STEP: Card nuber 1 have a Description: The Scooter Motorcycle is a practical and fuel-efficient bike ideal for urban commuting. It features a step-through design and user-friendly controls for easy maneuverability.
2025-12-30 02:22:01 INFO  STEP: Card nuber 1 have a Price: 2999.99
2025-12-30 02:22:01 INFO  STEP: Card nuber 1 have a Rating: 2.5
2025-12-30 02:22:01 INFO  STEP PASS: Card #1 should have all the components
2025-12-30 02:22:01 INFO  STEP: Card nuber 2 have a thumbnail
2025-12-30 02:22:01 INFO  STEP: Card nuber 2 have a Title: Generic Motorcycle
2025-12-30 02:22:01 INFO  STEP: Card nuber 2 have a Description: The Generic Motorcycle is a versatile and reliable bike suitable for various riding preferences. With a balanced design, it provides a comfortable and efficient riding experience.
2025-12-30 02:22:01 INFO  STEP: Card nuber 2 have a Price: 3999.99
2025-12-30 02:22:01 INFO  STEP: Card nuber 2 have a Rating: 4.9
2025-12-30 02:22:01 INFO  STEP PASS: Card #2 should have all the components
2025-12-30 02:22:02 INFO  STEP: Card nuber 3 have a thumbnail
2025-12-30 02:22:02 INFO  STEP: Card nuber 3 have a Title: Sportbike Motorcycle
2025-12-30 02:22:02 INFO  STEP: Card nuber 3 have a Description: The Sportbike Motorcycle is designed for speed and agility, with a sleek and aerodynamic profile. It's suitable for riders looking for a dynamic and thrilling riding experience.
2025-12-30 02:22:02 INFO  STEP: Card nuber 3 have a Price: 7499.99
2025-12-30 02:22:02 INFO  STEP: Card nuber 3 have a Rating: 3.9
2025-12-30 02:22:02 INFO  STEP PASS: Card #3 should have all the components
2025-12-30 02:22:02 INFO  STEP: Card nuber 4 have a thumbnail
2025-12-30 02:22:02 INFO  STEP: Card nuber 4 have a Title: Kawasaki Z800
2025-12-30 02:22:02 INFO  STEP: Card nuber 4 have a Description: The Kawasaki Z800 is a powerful and agile sportbike known for its striking design and performance. It's equipped with advanced features, making it a favorite among motorcycle enthusiasts.
2025-12-30 02:22:02 INFO  STEP: Card nuber 4 have a Price: 8999.99
2025-12-30 02:22:02 INFO  STEP: Card nuber 4 have a Rating: 4.0
2025-12-30 02:22:02 INFO  STEP PASS: Card #4 should have all the components
2025-12-30 02:22:02 INFO  STEP: Card nuber 5 have a thumbnail
2025-12-30 02:22:02 INFO  STEP: Card nuber 5 have a Title: MotoGP CI.H1
2025-12-30 02:22:02 INFO  STEP: Card nuber 5 have a Description: The MotoGP CI.H1 is a high-performance motorcycle inspired by MotoGP racing technology. It offers cutting-edge features and precision engineering for an exhilarating riding experience.
2025-12-30 02:22:02 INFO  STEP: Card nuber 5 have a Price: 14999.99
2025-12-30 02:22:02 INFO  STEP: Card nuber 5 have a Rating: 3.0
2025-12-30 02:22:02 INFO  STEP PASS: Card #5 should have all the components
2025-12-30 02:22:02 INFO  === PASS  tests.productCardsTests.ProductCardThumbnailTests.cardValidation[Exp#15 [f1=2, f2=2, f3=3, f4=1, f5=2, f6=3, f7=2, f8=1]] ===
2025-12-30 02:22:02 INFO  === END   tests.productCardsTests.ProductCardThumbnailTests.cardValidation[Exp#15 [f1=2, f2=2, f3=3, f4=1, f5=2, f6=3, f7=2, f8=1]] ===
2025-12-30 02:22:02 INFO  === START tests.productCardsTests.ProductCardThumbnailTests.cardValidation[Exp#16 [f1=2, f2=3, f3=1, f4=3, f5=2, f6=3, f7=1, f8=2]] ===
2025-12-30 02:22:02 INFO  STEP: 📝 New input: Filling form fields.
2025-12-30 02:22:06 INFO  STEP: Card nuber 1 have a thumbnail
2025-12-30 02:22:06 INFO  STEP: Card nuber 1 have a Title: iPhone 5s
2025-12-30 02:22:06 INFO  STEP: Card nuber 1 have a Description: The iPhone 5s is a classic smartphone known for its compact design and advanced features during its release. While it's an older model, it still provides a reliable user experience.
2025-12-30 02:22:06 INFO  STEP: Card nuber 1 have a Price: 199.99
2025-12-30 02:22:06 INFO  STEP: Card nuber 1 have a Rating: 2.8
2025-12-30 02:22:06 INFO  STEP PASS: Card #1 should have all the components
2025-12-30 02:22:06 INFO  STEP: Card nuber 2 have a thumbnail
2025-12-30 02:22:06 INFO  STEP: Card nuber 2 have a Title: Oppo A57
2025-12-30 02:22:06 INFO  STEP: Card nuber 2 have a Description: The Oppo A57 is a mid-range smartphone known for its sleek design and capable features. It offers a balance of performance and affordability, making it a popular choice.
2025-12-30 02:22:06 INFO  STEP: Card nuber 2 have a Price: 249.99
2025-12-30 02:22:06 INFO  STEP: Card nuber 2 have a Rating: 3.9
2025-12-30 02:22:06 INFO  STEP PASS: Card #2 should have all the components
2025-12-30 02:22:06 INFO  STEP: Card nuber 3 have a thumbnail
2025-12-30 02:22:06 INFO  STEP: Card nuber 3 have a Title: iPhone 6
2025-12-30 02:22:06 INFO  STEP: Card nuber 3 have a Description: The iPhone 6 is a stylish and capable smartphone with a larger display and improved performance. It introduced new features and design elements, making it a popular choice in its time.
2025-12-30 02:22:06 INFO  STEP: Card nuber 3 have a Price: 299.99
2025-12-30 02:22:06 INFO  STEP: Card nuber 3 have a Rating: 3.4
2025-12-30 02:22:06 INFO  STEP PASS: Card #3 should have all the components
2025-12-30 02:22:06 INFO  STEP: Card nuber 4 have a thumbnail
2025-12-30 02:22:07 INFO  STEP: Card nuber 4 have a Title: iPhone X
2025-12-30 02:22:07 INFO  STEP: Card nuber 4 have a Description: The iPhone X is a flagship smartphone featuring a bezel-less OLED display, facial recognition technology (Face ID), and impressive performance. It represents a milestone in iPhone design and innovation.
2025-12-30 02:22:07 INFO  STEP: Card nuber 4 have a Price: 899.99
2025-12-30 02:22:07 INFO  STEP: Card nuber 4 have a Rating: 2.5
2025-12-30 02:22:07 INFO  STEP PASS: Card #4 should have all the components
2025-12-30 02:22:07 INFO  STEP: Card nuber 5 have a thumbnail
2025-12-30 02:22:07 INFO  STEP: Card nuber 5 have a Title: iPhone 13 Pro
2025-12-30 02:22:07 INFO  STEP: Card nuber 5 have a Description: The iPhone 13 Pro is a cutting-edge smartphone with a powerful camera system, high-performance chip, and stunning display. It offers advanced features for users who demand top-notch technology.
2025-12-30 02:22:07 INFO  STEP: Card nuber 5 have a Price: 1099.99
2025-12-30 02:22:07 INFO  STEP: Card nuber 5 have a Rating: 4.1
2025-12-30 02:22:07 INFO  STEP PASS: Card #5 should have all the components
2025-12-30 02:22:07 INFO  === PASS  tests.productCardsTests.ProductCardThumbnailTests.cardValidation[Exp#16 [f1=2, f2=3, f3=1, f4=3, f5=2, f6=3, f7=1, f8=2]] ===
2025-12-30 02:22:07 INFO  === END   tests.productCardsTests.ProductCardThumbnailTests.cardValidation[Exp#16 [f1=2, f2=3, f3=1, f4=3, f5=2, f6=3, f7=1, f8=2]] ===
2025-12-30 02:22:07 INFO  === START tests.productCardsTests.ProductCardThumbnailTests.cardValidation[Exp#17 [f1=2, f2=3, f3=2, f4=1, f5=3, f6=1, f7=2, f8=3]] ===
2025-12-30 02:22:07 INFO  STEP: 📝 New input: Filling form fields.
2025-12-30 02:22:11 INFO  STEP: Card nuber 1 have a thumbnail
2025-12-30 02:22:11 INFO  STEP: Card nuber 1 have a Title: Samsung Galaxy Tab White
2025-12-30 02:22:11 INFO  STEP: Card nuber 1 have a Description: The Samsung Galaxy Tab in White is a sleek and versatile Android tablet. With a vibrant display, long-lasting battery, and a range of features, it offers a great user experience for various tasks.
2025-12-30 02:22:11 INFO  STEP: Card nuber 1 have a Price: 349.99
2025-12-30 02:22:11 INFO  STEP: Card nuber 1 have a Rating: 3.7
2025-12-30 02:22:11 INFO  STEP PASS: Card #1 should have all the components
2025-12-30 02:22:11 INFO  STEP: Card nuber 2 have a thumbnail
2025-12-30 02:22:11 INFO  STEP: Card nuber 2 have a Title: Samsung Galaxy Tab White
2025-12-30 02:22:11 INFO  STEP: Card nuber 2 have a Description: The Samsung Galaxy Tab in White is a sleek and versatile Android tablet. With a vibrant display, long-lasting battery, and a range of features, it offers a great user experience for various tasks.
2025-12-30 02:22:11 INFO  STEP: Card nuber 2 have a Price: 349.99
2025-12-30 02:22:11 INFO  STEP: Card nuber 2 have a Rating: 3.7
2025-12-30 02:22:11 INFO  STEP PASS: Card #2 should have all the components
2025-12-30 02:22:11 INFO  STEP: Card nuber 3 have a thumbnail
2025-12-30 02:22:11 INFO  STEP: Card nuber 3 have a Title: iPad Mini 2021 Starlight
2025-12-30 02:22:11 INFO  STEP: Card nuber 3 have a Description: The iPad Mini 2021 in Starlight is a compact and powerful tablet from Apple. Featuring a stunning Retina display, powerful A-series chip, and a sleek design, it offers a premium tablet experience.
2025-12-30 02:22:11 INFO  STEP: Card nuber 3 have a Price: 499.99
2025-12-30 02:22:11 INFO  STEP: Card nuber 3 have a Rating: 3.2
2025-12-30 02:22:11 INFO  STEP PASS: Card #3 should have all the components
2025-12-30 02:22:11 INFO  STEP: Card nuber 4 have a thumbnail
2025-12-30 02:22:12 INFO  STEP: Card nuber 4 have a Title: Samsung Galaxy Tab S8 Plus Grey
2025-12-30 02:22:12 INFO  STEP: Card nuber 4 have a Description: The Samsung Galaxy Tab S8 Plus in Grey is a high-performance Android tablet by Samsung. With a large AMOLED display, powerful processor, and S Pen support, it's ideal for productivity and entertainment.
2025-12-30 02:22:12 INFO  STEP: Card nuber 4 have a Price: 599.99
2025-12-30 02:22:12 INFO  STEP: Card nuber 4 have a Rating: 4.7
2025-12-30 02:22:12 INFO  STEP PASS: Card #4 should have all the components
2025-12-30 02:22:12 INFO  === PASS  tests.productCardsTests.ProductCardThumbnailTests.cardValidation[Exp#17 [f1=2, f2=3, f3=2, f4=1, f5=3, f6=1, f7=2, f8=3]] ===
2025-12-30 02:22:12 INFO  === END   tests.productCardsTests.ProductCardThumbnailTests.cardValidation[Exp#17 [f1=2, f2=3, f3=2, f4=1, f5=3, f6=1, f7=2, f8=3]] ===
2025-12-30 02:22:12 INFO  === START tests.productCardsTests.ProductCardThumbnailTests.cardValidation[Exp#18 [f1=2, f2=3, f3=3, f4=2, f5=1, f6=2, f7=3, f8=1]] ===
2025-12-30 02:22:12 INFO  STEP: 📝 New input: Filling form fields.
2025-12-30 02:22:15 INFO  STEP: Card nuber 1 have a thumbnail
2025-12-30 02:22:15 INFO  STEP: Card nuber 1 have a Title: iPhone 5s
2025-12-30 02:22:15 INFO  STEP: Card nuber 1 have a Description: The iPhone 5s is a classic smartphone known for its compact design and advanced features during its release. While it's an older model, it still provides a reliable user experience.
2025-12-30 02:22:15 INFO  STEP: Card nuber 1 have a Price: 199.99
2025-12-30 02:22:15 INFO  STEP: Card nuber 1 have a Rating: 2.8
2025-12-30 02:22:15 INFO  STEP PASS: Card #1 should have all the components
2025-12-30 02:22:16 INFO  STEP: Card nuber 2 have a thumbnail
2025-12-30 02:22:16 INFO  STEP: Card nuber 2 have a Title: Oppo A57
2025-12-30 02:22:16 INFO  STEP: Card nuber 2 have a Description: The Oppo A57 is a mid-range smartphone known for its sleek design and capable features. It offers a balance of performance and affordability, making it a popular choice.
2025-12-30 02:22:16 INFO  STEP: Card nuber 2 have a Price: 249.99
2025-12-30 02:22:16 INFO  STEP: Card nuber 2 have a Rating: 3.9
2025-12-30 02:22:16 INFO  STEP PASS: Card #2 should have all the components
2025-12-30 02:22:16 INFO  STEP: Card nuber 3 have a thumbnail
2025-12-30 02:22:16 INFO  STEP: Card nuber 3 have a Title: iPhone 6
2025-12-30 02:22:16 INFO  STEP: Card nuber 3 have a Description: The iPhone 6 is a stylish and capable smartphone with a larger display and improved performance. It introduced new features and design elements, making it a popular choice in its time.
2025-12-30 02:22:16 INFO  STEP: Card nuber 3 have a Price: 299.99
2025-12-30 02:22:16 INFO  STEP: Card nuber 3 have a Rating: 3.4
2025-12-30 02:22:16 INFO  STEP PASS: Card #3 should have all the components
2025-12-30 02:22:16 INFO  STEP: Card nuber 4 have a thumbnail
2025-12-30 02:22:16 INFO  STEP: Card nuber 4 have a Title: iPhone X
2025-12-30 02:22:16 INFO  STEP: Card nuber 4 have a Description: The iPhone X is a flagship smartphone featuring a bezel-less OLED display, facial recognition technology (Face ID), and impressive performance. It represents a milestone in iPhone design and innovation.
2025-12-30 02:22:16 INFO  STEP: Card nuber 4 have a Price: 899.99
2025-12-30 02:22:16 INFO  STEP: Card nuber 4 have a Rating: 2.5
2025-12-30 02:22:16 INFO  STEP PASS: Card #4 should have all the components
2025-12-30 02:22:16 INFO  STEP: Card nuber 5 have a thumbnail
2025-12-30 02:22:16 INFO  STEP: Card nuber 5 have a Title: iPhone 13 Pro
2025-12-30 02:22:16 INFO  STEP: Card nuber 5 have a Description: The iPhone 13 Pro is a cutting-edge smartphone with a powerful camera system, high-performance chip, and stunning display. It offers advanced features for users who demand top-notch technology.
2025-12-30 02:22:16 INFO  STEP: Card nuber 5 have a Price: 1099.99
2025-12-30 02:22:16 INFO  STEP: Card nuber 5 have a Rating: 4.1
2025-12-30 02:22:16 INFO  STEP PASS: Card #5 should have all the components
2025-12-30 02:22:16 INFO  === PASS  tests.productCardsTests.ProductCardThumbnailTests.cardValidation[Exp#18 [f1=2, f2=3, f3=3, f4=2, f5=1, f6=2, f7=3, f8=1]] ===
2025-12-30 02:22:16 INFO  === END   tests.productCardsTests.ProductCardThumbnailTests.cardValidation[Exp#18 [f1=2, f2=3, f3=3, f4=2, f5=1, f6=2, f7=3, f8=1]] ===
2025-12-30 02:22:16 INFO  === START tests.productCardsTests.ProductCardThumbnailTests.cardValidation[Exp#19 [f1=2, f2=3, f3=3, f4=2, f5=1, f6=1, f7=1, f8=2]] ===
2025-12-30 02:22:16 INFO  STEP: 📝 New input: Filling form fields.
2025-12-30 02:22:20 INFO  STEP: Card nuber 1 have a thumbnail
2025-12-30 02:22:20 INFO  STEP: Card nuber 1 have a Title: Plant Pot
2025-12-30 02:22:20 INFO  STEP: Card nuber 1 have a Description: The Plant Pot is a stylish container for your favorite plants. With a sleek design, it complements your indoor or outdoor garden, adding a modern touch to your plant display.
2025-12-30 02:22:20 INFO  STEP: Card nuber 1 have a Price: 14.99
2025-12-30 02:22:20 INFO  STEP: Card nuber 1 have a Rating: 3.0
2025-12-30 02:22:20 INFO  STEP PASS: Card #1 should have all the components
2025-12-30 02:22:20 INFO  STEP: Card nuber 2 have a thumbnail
2025-12-30 02:22:20 INFO  STEP: Card nuber 2 have a Title: Family Tree Photo Frame
2025-12-30 02:22:20 INFO  STEP: Card nuber 2 have a Description: The Family Tree Photo Frame is a sentimental and stylish way to display your cherished family memories. With multiple photo slots, it tells the story of your loved ones.
2025-12-30 02:22:20 INFO  STEP: Card nuber 2 have a Price: 29.99
2025-12-30 02:22:20 INFO  STEP: Card nuber 2 have a Rating: 4.5
2025-12-30 02:22:20 INFO  STEP PASS: Card #2 should have all the components
2025-12-30 02:22:21 INFO  STEP: Card nuber 3 have a thumbnail
2025-12-30 02:22:21 INFO  STEP: Card nuber 3 have a Title: House Showpiece Plant
2025-12-30 02:22:21 INFO  STEP: Card nuber 3 have a Description: The House Showpiece Plant is an artificial plant that brings a touch of nature to your home without the need for maintenance. It adds greenery and style to any space.
2025-12-30 02:22:21 INFO  STEP: Card nuber 3 have a Price: 39.99
2025-12-30 02:22:21 INFO  STEP: Card nuber 3 have a Rating: 4.7
2025-12-30 02:22:21 INFO  STEP PASS: Card #3 should have all the components
2025-12-30 02:22:21 INFO  STEP: Card nuber 4 have a thumbnail
2025-12-30 02:22:21 INFO  STEP: Card nuber 4 have a Title: Table Lamp
2025-12-30 02:22:21 INFO  STEP: Card nuber 4 have a Description: The Table Lamp is a functional and decorative lighting solution for your living space. With a modern design, it provides both ambient and task lighting, enhancing the atmosphere.
2025-12-30 02:22:21 INFO  STEP: Card nuber 4 have a Price: 49.99
2025-12-30 02:22:21 INFO  STEP: Card nuber 4 have a Rating: 3.5
2025-12-30 02:22:21 INFO  STEP PASS: Card #4 should have all the components
2025-12-30 02:22:21 INFO  STEP: Card nuber 5 have a thumbnail
2025-12-30 02:22:21 INFO  STEP: Card nuber 5 have a Title: Decoration Swing
2025-12-30 02:22:21 INFO  STEP: Card nuber 5 have a Description: The Decoration Swing is a charming addition to your home decor. Crafted with intricate details, it adds a touch of elegance and whimsy to any room.
2025-12-30 02:22:21 INFO  STEP: Card nuber 5 have a Price: 59.99
2025-12-30 02:22:21 INFO  STEP: Card nuber 5 have a Rating: 3.2
2025-12-30 02:22:21 INFO  STEP PASS: Card #5 should have all the components
2025-12-30 02:22:21 INFO  === PASS  tests.productCardsTests.ProductCardThumbnailTests.cardValidation[Exp#19 [f1=2, f2=3, f3=3, f4=2, f5=1, f6=1, f7=1, f8=2]] ===
2025-12-30 02:22:21 INFO  === END   tests.productCardsTests.ProductCardThumbnailTests.cardValidation[Exp#19 [f1=2, f2=3, f3=3, f4=2, f5=1, f6=1, f7=1, f8=2]] ===
2025-12-30 02:22:21 INFO  === START tests.productCardsTests.ProductCardThumbnailTests.cardValidation[Exp#20 [f1=2, f2=3, f3=3, f4=3, f5=3, f6=3, f7=3, f8=3]] ===
2025-12-30 02:22:21 INFO  STEP: 📝 New input: Filling form fields.
2025-12-30 02:22:25 INFO  STEP: Card nuber 1 have a thumbnail
2025-12-30 02:22:25 INFO  STEP: Card nuber 1 have a Title: Samsung Galaxy Tab White
2025-12-30 02:22:25 INFO  STEP: Card nuber 1 have a Description: The Samsung Galaxy Tab in White is a sleek and versatile Android tablet. With a vibrant display, long-lasting battery, and a range of features, it offers a great user experience for various tasks.
2025-12-30 02:22:25 INFO  STEP: Card nuber 1 have a Price: 349.99
2025-12-30 02:22:25 INFO  STEP: Card nuber 1 have a Rating: 3.7
2025-12-30 02:22:25 INFO  STEP PASS: Card #1 should have all the components
2025-12-30 02:22:25 INFO  STEP: Card nuber 2 have a thumbnail
2025-12-30 02:22:25 INFO  STEP: Card nuber 2 have a Title: Samsung Galaxy Tab White
2025-12-30 02:22:25 INFO  STEP: Card nuber 2 have a Description: The Samsung Galaxy Tab in White is a sleek and versatile Android tablet. With a vibrant display, long-lasting battery, and a range of features, it offers a great user experience for various tasks.
2025-12-30 02:22:25 INFO  STEP: Card nuber 2 have a Price: 349.99
2025-12-30 02:22:25 INFO  STEP: Card nuber 2 have a Rating: 3.7
2025-12-30 02:22:25 INFO  STEP PASS: Card #2 should have all the components
2025-12-30 02:22:25 INFO  STEP: Card nuber 3 have a thumbnail
2025-12-30 02:22:25 INFO  STEP: Card nuber 3 have a Title: iPad Mini 2021 Starlight
2025-12-30 02:22:25 INFO  STEP: Card nuber 3 have a Description: The iPad Mini 2021 in Starlight is a compact and powerful tablet from Apple. Featuring a stunning Retina display, powerful A-series chip, and a sleek design, it offers a premium tablet experience.
2025-12-30 02:22:26 INFO  STEP: Card nuber 3 have a Price: 499.99
2025-12-30 02:22:26 INFO  STEP: Card nuber 3 have a Rating: 3.2
2025-12-30 02:22:26 INFO  STEP PASS: Card #3 should have all the components
2025-12-30 02:22:26 INFO  STEP: Card nuber 4 have a thumbnail
2025-12-30 02:22:26 INFO  STEP: Card nuber 4 have a Title: Samsung Galaxy Tab S8 Plus Grey
2025-12-30 02:22:26 INFO  STEP: Card nuber 4 have a Description: The Samsung Galaxy Tab S8 Plus in Grey is a high-performance Android tablet by Samsung. With a large AMOLED display, powerful processor, and S Pen support, it's ideal for productivity and entertainment.
2025-12-30 02:22:26 INFO  STEP: Card nuber 4 have a Price: 599.99
2025-12-30 02:22:26 INFO  STEP: Card nuber 4 have a Rating: 4.7
2025-12-30 02:22:26 INFO  STEP PASS: Card #4 should have all the components
2025-12-30 02:22:26 INFO  === PASS  tests.productCardsTests.ProductCardThumbnailTests.cardValidation[Exp#20 [f1=2, f2=3, f3=3, f4=3, f5=3, f6=3, f7=3, f8=3]] ===
2025-12-30 02:22:26 INFO  === END   tests.productCardsTests.ProductCardThumbnailTests.cardValidation[Exp#20 [f1=2, f2=3, f3=3, f4=3, f5=3, f6=3, f7=3, f8=3]] ===
2025-12-30 02:37:37 INFO  === START tests.productCardsTests.ProductCardElementsTests.cardValidation[Exp#1 [f1=1, f2=1, f3=1, f4=1, f5=1, f6=1, f7=1, f8=1]] ===
2025-12-30 02:37:40 INFO  STEP: 📝 New input: Filling form fields.
2025-12-30 02:37:46 INFO  STEP: Card nuber 1 have a Thumbnail
2025-12-30 02:37:46 INFO  STEP: Card nuber 1 have a Title: Green and Black Glasses
2025-12-30 02:37:46 INFO  STEP: Card nuber 1 have a Description: The Green and Black Glasses feature a bold combination of green and black colors, adding a touch of vibrancy to your eyewear collection. They are both stylish and eye-catching.
2025-12-30 02:37:46 INFO  STEP: Card nuber 1 have a Price: 34.99
2025-12-30 02:37:47 INFO  STEP: Card nuber 1 have a Rating: 4.5
2025-12-30 02:37:47 INFO  STEP PASS: Card #1 should have all the components
2025-12-30 02:37:47 INFO  STEP: Card nuber 2 have a Thumbnail
2025-12-30 02:37:47 INFO  STEP: Card nuber 2 have a Title: Black Sun Glasses
2025-12-30 02:37:47 INFO  STEP: Card nuber 2 have a Description: The Black Sun Glasses are a classic and stylish choice, featuring a sleek black frame and tinted lenses. They provide both UV protection and a fashionable look.
2025-12-30 02:37:47 INFO  STEP: Card nuber 2 have a Price: 29.99
2025-12-30 02:37:47 INFO  STEP: Card nuber 2 have a Rating: 4.4
2025-12-30 02:37:47 INFO  STEP PASS: Card #2 should have all the components
2025-12-30 02:37:47 INFO  STEP: Card nuber 3 have a Thumbnail
2025-12-30 02:37:47 INFO  STEP: Card nuber 3 have a Title: Classic Sun Glasses
2025-12-30 02:37:47 INFO  STEP: Card nuber 3 have a Description: The Classic Sun Glasses offer a timeless design with a neutral frame and UV-protected lenses. These sunglasses are versatile and suitable for various occasions.
2025-12-30 02:37:47 INFO  STEP: Card nuber 3 have a Price: 24.99
2025-12-30 02:37:47 INFO  STEP: Card nuber 3 have a Rating: 3.9
2025-12-30 02:37:47 INFO  STEP PASS: Card #3 should have all the components
2025-12-30 02:37:47 INFO  STEP: Card nuber 4 have a Thumbnail
2025-12-30 02:37:47 INFO  STEP: Card nuber 4 have a Title: Sunglasses
2025-12-30 02:37:47 INFO  STEP: Card nuber 4 have a Description: The Sunglasses offer a classic and simple design with a focus on functionality. These sunglasses provide essential UV protection while maintaining a timeless look.
2025-12-30 02:37:47 INFO  STEP: Card nuber 4 have a Price: 22.99
2025-12-30 02:37:47 INFO  STEP: Card nuber 4 have a Rating: 3.0
2025-12-30 02:37:47 INFO  STEP PASS: Card #4 should have all the components
2025-12-30 02:37:47 INFO  STEP: Card nuber 5 have a Thumbnail
2025-12-30 02:37:47 INFO  STEP: Card nuber 5 have a Title: Party Glasses
2025-12-30 02:37:47 INFO  STEP: Card nuber 5 have a Description: The Party Glasses are designed to add flair to your party outfit. With unique shapes or colorful frames, they're perfect for adding a playful touch to your look during celebrations.
2025-12-30 02:37:47 INFO  STEP: Card nuber 5 have a Price: 19.99
2025-12-30 02:37:47 INFO  STEP: Card nuber 5 have a Rating: 2.8
2025-12-30 02:37:47 INFO  STEP PASS: Card #5 should have all the components
2025-12-30 02:37:47 INFO  === PASS  tests.productCardsTests.ProductCardElementsTests.cardValidation[Exp#1 [f1=1, f2=1, f3=1, f4=1, f5=1, f6=1, f7=1, f8=1]] ===
2025-12-30 02:37:47 INFO  === END   tests.productCardsTests.ProductCardElementsTests.cardValidation[Exp#1 [f1=1, f2=1, f3=1, f4=1, f5=1, f6=1, f7=1, f8=1]] ===
2025-12-30 02:37:47 INFO  === START tests.productCardsTests.ProductCardElementsTests.cardValidation[Exp#2 [f1=1, f2=1, f3=2, f4=2, f5=2, f6=2, f7=2, f8=2]] ===
2025-12-30 02:37:47 INFO  STEP: 📝 New input: Filling form fields.
2025-12-30 02:37:51 INFO  STEP: Card nuber 1 have a Thumbnail
2025-12-30 02:37:51 INFO  STEP: Card nuber 1 have a Title: Black Aluminium Cup
2025-12-30 02:37:51 INFO  STEP: Card nuber 1 have a Description: The Black Aluminium Cup is a stylish and durable cup suitable for both hot and cold beverages. Its sleek black design adds a modern touch to your drinkware collection.
2025-12-30 02:37:51 INFO  STEP: Card nuber 1 have a Price: 5.99
2025-12-30 02:37:51 INFO  STEP: Card nuber 1 have a Rating: 4.5
2025-12-30 02:37:51 INFO  STEP PASS: Card #1 should have all the components
2025-12-30 02:37:51 INFO  STEP: Card nuber 2 have a Thumbnail
2025-12-30 02:37:51 INFO  STEP: Card nuber 2 have a Title: Bamboo Spatula
2025-12-30 02:37:51 INFO  STEP: Card nuber 2 have a Description: The Bamboo Spatula is a versatile kitchen tool made from eco-friendly bamboo. Ideal for flipping, stirring, and serving various dishes.
2025-12-30 02:37:51 INFO  STEP: Card nuber 2 have a Price: 7.99
2025-12-30 02:37:51 INFO  STEP: Card nuber 2 have a Rating: 3.3
2025-12-30 02:37:51 INFO  STEP PASS: Card #2 should have all the components
2025-12-30 02:37:52 INFO  STEP: Card nuber 3 have a Thumbnail
2025-12-30 02:37:52 INFO  STEP: Card nuber 3 have a Title: Black Whisk
2025-12-30 02:37:52 INFO  STEP: Card nuber 3 have a Description: The Black Whisk is a kitchen essential for whisking and beating ingredients. Its ergonomic handle and sleek design make it a practical and stylish tool.
2025-12-30 02:37:52 INFO  STEP: Card nuber 3 have a Price: 9.99
2025-12-30 02:37:52 INFO  STEP: Card nuber 3 have a Rating: 3.9
2025-12-30 02:37:52 INFO  STEP PASS: Card #3 should have all the components
2025-12-30 02:37:52 INFO  STEP: Card nuber 4 have a Thumbnail
2025-12-30 02:37:52 INFO  STEP: Card nuber 4 have a Title: Carbon Steel Wok
2025-12-30 02:37:52 INFO  STEP: Card nuber 4 have a Description: The Carbon Steel Wok is a versatile cooking pan suitable for stir-frying, sautéing, and deep frying. Its sturdy construction ensures even heat distribution for delicious meals.
2025-12-30 02:37:52 INFO  STEP: Card nuber 4 have a Price: 29.99
2025-12-30 02:37:52 INFO  STEP: Card nuber 4 have a Rating: 4.0
2025-12-30 02:37:52 INFO  STEP PASS: Card #4 should have all the components
2025-12-30 02:37:52 INFO  STEP: Card nuber 5 have a Thumbnail
2025-12-30 02:37:52 INFO  STEP: Card nuber 5 have a Title: Boxed Blender
2025-12-30 02:37:52 INFO  STEP: Card nuber 5 have a Description: The Boxed Blender is a powerful and compact blender perfect for smoothies, shakes, and more. Its convenient design and multiple functions make it a versatile kitchen appliance.
2025-12-30 02:37:52 INFO  STEP: Card nuber 5 have a Price: 39.99
2025-12-30 02:37:52 INFO  STEP: Card nuber 5 have a Rating: 4.6
2025-12-30 02:37:52 INFO  STEP PASS: Card #5 should have all the components
2025-12-30 02:37:52 INFO  === PASS  tests.productCardsTests.ProductCardElementsTests.cardValidation[Exp#2 [f1=1, f2=1, f3=2, f4=2, f5=2, f6=2, f7=2, f8=2]] ===
2025-12-30 02:37:52 INFO  === END   tests.productCardsTests.ProductCardElementsTests.cardValidation[Exp#2 [f1=1, f2=1, f3=2, f4=2, f5=2, f6=2, f7=2, f8=2]] ===
2025-12-30 02:37:52 INFO  === START tests.productCardsTests.ProductCardElementsTests.cardValidation[Exp#3 [f1=1, f2=1, f3=3, f4=3, f5=3, f6=3, f7=3, f8=3]] ===
2025-12-30 02:37:52 INFO  STEP: 📝 New input: Filling form fields.
2025-12-30 02:37:56 INFO  STEP: Card nuber 1 have a Thumbnail
2025-12-30 02:37:56 INFO  STEP: Card nuber 1 have a Title: Samsung Galaxy Tab White
2025-12-30 02:37:56 INFO  STEP: Card nuber 1 have a Description: The Samsung Galaxy Tab in White is a sleek and versatile Android tablet. With a vibrant display, long-lasting battery, and a range of features, it offers a great user experience for various tasks.
2025-12-30 02:37:56 INFO  STEP: Card nuber 1 have a Price: 349.99
2025-12-30 02:37:56 INFO  STEP: Card nuber 1 have a Rating: 3.7
2025-12-30 02:37:56 INFO  STEP PASS: Card #1 should have all the components
2025-12-30 02:37:56 INFO  STEP: Card nuber 2 have a Thumbnail
2025-12-30 02:37:56 INFO  STEP: Card nuber 2 have a Title: Samsung Galaxy Tab White
2025-12-30 02:37:56 INFO  STEP: Card nuber 2 have a Description: The Samsung Galaxy Tab in White is a sleek and versatile Android tablet. With a vibrant display, long-lasting battery, and a range of features, it offers a great user experience for various tasks.
2025-12-30 02:37:56 INFO  STEP: Card nuber 2 have a Price: 349.99
2025-12-30 02:37:56 INFO  STEP: Card nuber 2 have a Rating: 3.7
2025-12-30 02:37:56 INFO  STEP PASS: Card #2 should have all the components
2025-12-30 02:37:56 INFO  STEP: Card nuber 3 have a Thumbnail
2025-12-30 02:37:56 INFO  STEP: Card nuber 3 have a Title: iPad Mini 2021 Starlight
2025-12-30 02:37:56 INFO  STEP: Card nuber 3 have a Description: The iPad Mini 2021 in Starlight is a compact and powerful tablet from Apple. Featuring a stunning Retina display, powerful A-series chip, and a sleek design, it offers a premium tablet experience.
2025-12-30 02:37:56 INFO  STEP: Card nuber 3 have a Price: 499.99
2025-12-30 02:37:56 INFO  STEP: Card nuber 3 have a Rating: 3.2
2025-12-30 02:37:56 INFO  STEP PASS: Card #3 should have all the components
2025-12-30 02:37:56 INFO  STEP: Card nuber 4 have a Thumbnail
2025-12-30 02:37:56 INFO  STEP: Card nuber 4 have a Title: Samsung Galaxy Tab S8 Plus Grey
2025-12-30 02:37:56 INFO  STEP: Card nuber 4 have a Description: The Samsung Galaxy Tab S8 Plus in Grey is a high-performance Android tablet by Samsung. With a large AMOLED display, powerful processor, and S Pen support, it's ideal for productivity and entertainment.
2025-12-30 02:37:56 INFO  STEP: Card nuber 4 have a Price: 599.99
2025-12-30 02:37:56 INFO  STEP: Card nuber 4 have a Rating: 4.7
2025-12-30 02:37:56 INFO  STEP PASS: Card #4 should have all the components
2025-12-30 02:37:56 INFO  === PASS  tests.productCardsTests.ProductCardElementsTests.cardValidation[Exp#3 [f1=1, f2=1, f3=3, f4=3, f5=3, f6=3, f7=3, f8=3]] ===
2025-12-30 02:37:56 INFO  === END   tests.productCardsTests.ProductCardElementsTests.cardValidation[Exp#3 [f1=1, f2=1, f3=3, f4=3, f5=3, f6=3, f7=3, f8=3]] ===
2025-12-30 02:37:56 INFO  === START tests.productCardsTests.ProductCardElementsTests.cardValidation[Exp#4 [f1=1, f2=2, f3=1, f4=1, f5=2, f6=2, f7=3, f8=3]] ===
2025-12-30 02:37:56 INFO  STEP: 📝 New input: Filling form fields.
2025-12-30 02:38:00 INFO  STEP: Card nuber 1 have a Thumbnail
2025-12-30 02:38:00 INFO  STEP: Card nuber 1 have a Title: Plant Pot
2025-12-30 02:38:00 INFO  STEP: Card nuber 1 have a Description: The Plant Pot is a stylish container for your favorite plants. With a sleek design, it complements your indoor or outdoor garden, adding a modern touch to your plant display.
2025-12-30 02:38:00 INFO  STEP: Card nuber 1 have a Price: 14.99
2025-12-30 02:38:00 INFO  STEP: Card nuber 1 have a Rating: 3.0
2025-12-30 02:38:00 INFO  STEP PASS: Card #1 should have all the components
2025-12-30 02:38:00 INFO  STEP: Card nuber 2 have a Thumbnail
2025-12-30 02:38:00 INFO  STEP: Card nuber 2 have a Title: Family Tree Photo Frame
2025-12-30 02:38:00 INFO  STEP: Card nuber 2 have a Description: The Family Tree Photo Frame is a sentimental and stylish way to display your cherished family memories. With multiple photo slots, it tells the story of your loved ones.
2025-12-30 02:38:00 INFO  STEP: Card nuber 2 have a Price: 29.99
2025-12-30 02:38:00 INFO  STEP: Card nuber 2 have a Rating: 4.5
2025-12-30 02:38:00 INFO  STEP PASS: Card #2 should have all the components
2025-12-30 02:38:00 INFO  STEP: Card nuber 3 have a Thumbnail
2025-12-30 02:38:00 INFO  STEP: Card nuber 3 have a Title: House Showpiece Plant
2025-12-30 02:38:00 INFO  STEP: Card nuber 3 have a Description: The House Showpiece Plant is an artificial plant that brings a touch of nature to your home without the need for maintenance. It adds greenery and style to any space.
2025-12-30 02:38:01 INFO  STEP: Card nuber 3 have a Price: 39.99
2025-12-30 02:38:01 INFO  STEP: Card nuber 3 have a Rating: 4.7
2025-12-30 02:38:01 INFO  STEP PASS: Card #3 should have all the components
2025-12-30 02:38:01 INFO  STEP: Card nuber 4 have a Thumbnail
2025-12-30 02:38:01 INFO  STEP: Card nuber 4 have a Title: Table Lamp
2025-12-30 02:38:01 INFO  STEP: Card nuber 4 have a Description: The Table Lamp is a functional and decorative lighting solution for your living space. With a modern design, it provides both ambient and task lighting, enhancing the atmosphere.
2025-12-30 02:38:01 INFO  STEP: Card nuber 4 have a Price: 49.99
2025-12-30 02:38:01 INFO  STEP: Card nuber 4 have a Rating: 3.5
2025-12-30 02:38:01 INFO  STEP PASS: Card #4 should have all the components
2025-12-30 02:38:01 INFO  STEP: Card nuber 5 have a Thumbnail
2025-12-30 02:38:01 INFO  STEP: Card nuber 5 have a Title: Decoration Swing
2025-12-30 02:38:01 INFO  STEP: Card nuber 5 have a Description: The Decoration Swing is a charming addition to your home decor. Crafted with intricate details, it adds a touch of elegance and whimsy to any room.
2025-12-30 02:38:01 INFO  STEP: Card nuber 5 have a Price: 59.99
2025-12-30 02:38:01 INFO  STEP: Card nuber 5 have a Rating: 3.2
2025-12-30 02:38:01 INFO  STEP PASS: Card #5 should have all the components
2025-12-30 02:38:01 INFO  === PASS  tests.productCardsTests.ProductCardElementsTests.cardValidation[Exp#4 [f1=1, f2=2, f3=1, f4=1, f5=2, f6=2, f7=3, f8=3]] ===
2025-12-30 02:38:01 INFO  === END   tests.productCardsTests.ProductCardElementsTests.cardValidation[Exp#4 [f1=1, f2=2, f3=1, f4=1, f5=2, f6=2, f7=3, f8=3]] ===
2025-12-30 02:38:01 INFO  === START tests.productCardsTests.ProductCardElementsTests.cardValidation[Exp#5 [f1=1, f2=2, f3=2, f4=2, f5=3, f6=3, f7=1, f8=1]] ===
2025-12-30 02:38:01 INFO  STEP: 📝 New input: Filling form fields.
2025-12-30 02:38:05 INFO  STEP: Card nuber 1 have a Thumbnail
2025-12-30 02:38:05 INFO  STEP: Card nuber 1 have a Title: Black Aluminium Cup
2025-12-30 02:38:05 INFO  STEP: Card nuber 1 have a Description: The Black Aluminium Cup is a stylish and durable cup suitable for both hot and cold beverages. Its sleek black design adds a modern touch to your drinkware collection.
2025-12-30 02:38:05 INFO  STEP: Card nuber 1 have a Price: 5.99
2025-12-30 02:38:05 INFO  STEP: Card nuber 1 have a Rating: 4.5
2025-12-30 02:38:05 INFO  STEP PASS: Card #1 should have all the components
2025-12-30 02:38:05 INFO  STEP: Card nuber 2 have a Thumbnail
2025-12-30 02:38:05 INFO  STEP: Card nuber 2 have a Title: Bamboo Spatula
2025-12-30 02:38:05 INFO  STEP: Card nuber 2 have a Description: The Bamboo Spatula is a versatile kitchen tool made from eco-friendly bamboo. Ideal for flipping, stirring, and serving various dishes.
2025-12-30 02:38:05 INFO  STEP: Card nuber 2 have a Price: 7.99
2025-12-30 02:38:05 INFO  STEP: Card nuber 2 have a Rating: 3.3
2025-12-30 02:38:05 INFO  STEP PASS: Card #2 should have all the components
2025-12-30 02:38:06 INFO  STEP: Card nuber 3 have a Thumbnail
2025-12-30 02:38:06 INFO  STEP: Card nuber 3 have a Title: Black Whisk
2025-12-30 02:38:06 INFO  STEP: Card nuber 3 have a Description: The Black Whisk is a kitchen essential for whisking and beating ingredients. Its ergonomic handle and sleek design make it a practical and stylish tool.
2025-12-30 02:38:06 INFO  STEP: Card nuber 3 have a Price: 9.99
2025-12-30 02:38:06 INFO  STEP: Card nuber 3 have a Rating: 3.9
2025-12-30 02:38:06 INFO  STEP PASS: Card #3 should have all the components
2025-12-30 02:38:06 INFO  STEP: Card nuber 4 have a Thumbnail
2025-12-30 02:38:06 INFO  STEP: Card nuber 4 have a Title: Carbon Steel Wok
2025-12-30 02:38:06 INFO  STEP: Card nuber 4 have a Description: The Carbon Steel Wok is a versatile cooking pan suitable for stir-frying, sautéing, and deep frying. Its sturdy construction ensures even heat distribution for delicious meals.
2025-12-30 02:38:06 INFO  STEP: Card nuber 4 have a Price: 29.99
2025-12-30 02:38:06 INFO  STEP: Card nuber 4 have a Rating: 4.0
2025-12-30 02:38:06 INFO  STEP PASS: Card #4 should have all the components
2025-12-30 02:38:06 INFO  STEP: Card nuber 5 have a Thumbnail
2025-12-30 02:38:06 INFO  STEP: Card nuber 5 have a Title: Boxed Blender
2025-12-30 02:38:07 INFO  STEP: Card nuber 5 have a Description: The Boxed Blender is a powerful and compact blender perfect for smoothies, shakes, and more. Its convenient design and multiple functions make it a versatile kitchen appliance.
2025-12-30 02:38:07 INFO  STEP: Card nuber 5 have a Price: 39.99
2025-12-30 02:38:07 INFO  STEP: Card nuber 5 have a Rating: 4.6
2025-12-30 02:38:07 INFO  STEP PASS: Card #5 should have all the components
2025-12-30 02:38:07 INFO  === PASS  tests.productCardsTests.ProductCardElementsTests.cardValidation[Exp#5 [f1=1, f2=2, f3=2, f4=2, f5=3, f6=3, f7=1, f8=1]] ===
2025-12-30 02:38:07 INFO  === END   tests.productCardsTests.ProductCardElementsTests.cardValidation[Exp#5 [f1=1, f2=2, f3=2, f4=2, f5=3, f6=3, f7=1, f8=1]] ===
2025-12-30 02:38:07 INFO  === START tests.productCardsTests.ProductCardElementsTests.cardValidation[Exp#6 [f1=1, f2=2, f3=3, f4=3, f5=1, f6=1, f7=2, f8=2]] ===
2025-12-30 02:38:07 INFO  STEP: 📝 New input: Filling form fields.
2025-12-30 02:38:10 INFO  STEP: Card nuber 1 have a Thumbnail
2025-12-30 02:38:10 INFO  STEP: Card nuber 1 have a Title: Baseball Ball
2025-12-30 02:38:10 INFO  STEP: Card nuber 1 have a Description: The Baseball Ball is a standard baseball used in baseball games. It features a durable leather cover and is designed for pitching, hitting, and fielding in the game of baseball.
2025-12-30 02:38:10 INFO  STEP: Card nuber 1 have a Price: 8.99
2025-12-30 02:38:10 INFO  STEP: Card nuber 1 have a Rating: 2.6
2025-12-30 02:38:10 INFO  STEP PASS: Card #1 should have all the components
2025-12-30 02:38:10 INFO  STEP: Card nuber 2 have a Thumbnail
2025-12-30 02:38:10 INFO  STEP: Card nuber 2 have a Title: Basketball
2025-12-30 02:38:10 INFO  STEP: Card nuber 2 have a Description: The Basketball is a standard ball used in basketball games. It is designed for dribbling, shooting, and passing in the game of basketball, suitable for both indoor and outdoor play.
2025-12-30 02:38:10 INFO  STEP: Card nuber 2 have a Price: 14.99
2025-12-30 02:38:11 INFO  STEP: Card nuber 2 have a Rating: 4.7
2025-12-30 02:38:11 INFO  STEP PASS: Card #2 should have all the components
2025-12-30 02:38:11 INFO  STEP: Card nuber 3 have a Thumbnail
2025-12-30 02:38:11 INFO  STEP: Card nuber 3 have a Title: American Football
2025-12-30 02:38:11 INFO  STEP: Card nuber 3 have a Description: The American Football is a classic ball used in American football games. It is designed for throwing and catching, making it an essential piece of equipment for the sport.
2025-12-30 02:38:11 INFO  STEP: Card nuber 3 have a Price: 19.99
2025-12-30 02:38:11 INFO  STEP: Card nuber 3 have a Rating: 4.9
2025-12-30 02:38:11 INFO  STEP PASS: Card #3 should have all the components
2025-12-30 02:38:11 INFO  STEP: Card nuber 4 have a Thumbnail
2025-12-30 02:38:11 INFO  STEP: Card nuber 4 have a Title: Baseball Glove
2025-12-30 02:38:11 INFO  STEP: Card nuber 4 have a Description: The Baseball Glove is a protective glove worn by baseball players. It is designed to catch and field the baseball, providing players with comfort and control during the game.
2025-12-30 02:38:11 INFO  STEP: Card nuber 4 have a Price: 24.99
2025-12-30 02:38:11 INFO  STEP: Card nuber 4 have a Rating: 4.0
2025-12-30 02:38:11 INFO  STEP PASS: Card #4 should have all the components
2025-12-30 02:38:11 INFO  STEP: Card nuber 5 have a Thumbnail
2025-12-30 02:38:11 INFO  STEP: Card nuber 5 have a Title: Basketball Rim
2025-12-30 02:38:11 INFO  STEP: Card nuber 5 have a Description: The Basketball Rim is a sturdy hoop and net assembly mounted on a basketball backboard. It provides a target for shooting and scoring in the game of basketball.
2025-12-30 02:38:12 INFO  STEP: Card nuber 5 have a Price: 39.99
2025-12-30 02:38:12 INFO  STEP: Card nuber 5 have a Rating: 4.6
2025-12-30 02:38:12 INFO  STEP PASS: Card #5 should have all the components
2025-12-30 02:38:12 INFO  === PASS  tests.productCardsTests.ProductCardElementsTests.cardValidation[Exp#6 [f1=1, f2=2, f3=3, f4=3, f5=1, f6=1, f7=2, f8=2]] ===
2025-12-30 02:38:12 INFO  === END   tests.productCardsTests.ProductCardElementsTests.cardValidation[Exp#6 [f1=1, f2=2, f3=3, f4=3, f5=1, f6=1, f7=2, f8=2]] ===
2025-12-30 02:38:12 INFO  === START tests.productCardsTests.ProductCardElementsTests.cardValidation[Exp#7 [f1=1, f2=3, f3=1, f4=2, f5=1, f6=3, f7=2, f8=3]] ===
2025-12-30 02:38:12 INFO  STEP: 📝 New input: Filling form fields.
2025-12-30 02:38:15 INFO  STEP: Card nuber 1 have a Thumbnail
2025-12-30 02:38:15 INFO  STEP: Card nuber 1 have a Title: Baseball Ball
2025-12-30 02:38:15 INFO  STEP: Card nuber 1 have a Description: The Baseball Ball is a standard baseball used in baseball games. It features a durable leather cover and is designed for pitching, hitting, and fielding in the game of baseball.
2025-12-30 02:38:15 INFO  STEP: Card nuber 1 have a Price: 8.99
2025-12-30 02:38:15 INFO  STEP: Card nuber 1 have a Rating: 2.6
2025-12-30 02:38:15 INFO  STEP PASS: Card #1 should have all the components
2025-12-30 02:38:15 INFO  STEP: Card nuber 2 have a Thumbnail
2025-12-30 02:38:15 INFO  STEP: Card nuber 2 have a Title: Basketball
2025-12-30 02:38:15 INFO  STEP: Card nuber 2 have a Description: The Basketball is a standard ball used in basketball games. It is designed for dribbling, shooting, and passing in the game of basketball, suitable for both indoor and outdoor play.
2025-12-30 02:38:15 INFO  STEP: Card nuber 2 have a Price: 14.99
2025-12-30 02:38:15 INFO  STEP: Card nuber 2 have a Rating: 4.7
2025-12-30 02:38:15 INFO  STEP PASS: Card #2 should have all the components
2025-12-30 02:38:15 INFO  STEP: Card nuber 3 have a Thumbnail
2025-12-30 02:38:15 INFO  STEP: Card nuber 3 have a Title: American Football
2025-12-30 02:38:16 INFO  STEP: Card nuber 3 have a Description: The American Football is a classic ball used in American football games. It is designed for throwing and catching, making it an essential piece of equipment for the sport.
2025-12-30 02:38:16 INFO  STEP: Card nuber 3 have a Price: 19.99
2025-12-30 02:38:16 INFO  STEP: Card nuber 3 have a Rating: 4.9
2025-12-30 02:38:16 INFO  STEP PASS: Card #3 should have all the components
2025-12-30 02:38:16 INFO  STEP: Card nuber 4 have a Thumbnail
2025-12-30 02:38:16 INFO  STEP: Card nuber 4 have a Title: Baseball Glove
2025-12-30 02:38:16 INFO  STEP: Card nuber 4 have a Description: The Baseball Glove is a protective glove worn by baseball players. It is designed to catch and field the baseball, providing players with comfort and control during the game.
2025-12-30 02:38:16 INFO  STEP: Card nuber 4 have a Price: 24.99
2025-12-30 02:38:16 INFO  STEP: Card nuber 4 have a Rating: 4.0
2025-12-30 02:38:16 INFO  STEP PASS: Card #4 should have all the components
2025-12-30 02:38:16 INFO  STEP: Card nuber 5 have a Thumbnail
2025-12-30 02:38:16 INFO  STEP: Card nuber 5 have a Title: Basketball Rim
2025-12-30 02:38:16 INFO  STEP: Card nuber 5 have a Description: The Basketball Rim is a sturdy hoop and net assembly mounted on a basketball backboard. It provides a target for shooting and scoring in the game of basketball.
2025-12-30 02:38:16 INFO  STEP: Card nuber 5 have a Price: 39.99
2025-12-30 02:38:16 INFO  STEP: Card nuber 5 have a Rating: 4.6
2025-12-30 02:38:16 INFO  STEP PASS: Card #5 should have all the components
2025-12-30 02:38:16 INFO  === PASS  tests.productCardsTests.ProductCardElementsTests.cardValidation[Exp#7 [f1=1, f2=3, f3=1, f4=2, f5=1, f6=3, f7=2, f8=3]] ===
2025-12-30 02:38:16 INFO  === END   tests.productCardsTests.ProductCardElementsTests.cardValidation[Exp#7 [f1=1, f2=3, f3=1, f4=2, f5=1, f6=3, f7=2, f8=3]] ===
2025-12-30 02:38:16 INFO  === START tests.productCardsTests.ProductCardElementsTests.cardValidation[Exp#8 [f1=1, f2=3, f3=2, f4=3, f5=2, f6=1, f7=3, f8=1]] ===
2025-12-30 02:38:16 INFO  STEP: 📝 New input: Filling form fields.
2025-12-30 02:38:19 INFO  STEP: Card nuber 1 have a Thumbnail
2025-12-30 02:38:19 INFO  STEP: Card nuber 1 have a Title: iPhone 5s
2025-12-30 02:38:19 INFO  STEP: Card nuber 1 have a Description: The iPhone 5s is a classic smartphone known for its compact design and advanced features during its release. While it's an older model, it still provides a reliable user experience.
2025-12-30 02:38:19 INFO  STEP: Card nuber 1 have a Price: 199.99
2025-12-30 02:38:20 INFO  STEP: Card nuber 1 have a Rating: 2.8
2025-12-30 02:38:20 INFO  STEP PASS: Card #1 should have all the components
2025-12-30 02:38:20 INFO  STEP: Card nuber 2 have a Thumbnail
2025-12-30 02:38:20 INFO  STEP: Card nuber 2 have a Title: Oppo A57
2025-12-30 02:38:20 INFO  STEP: Card nuber 2 have a Description: The Oppo A57 is a mid-range smartphone known for its sleek design and capable features. It offers a balance of performance and affordability, making it a popular choice.
2025-12-30 02:38:20 INFO  STEP: Card nuber 2 have a Price: 249.99
2025-12-30 02:38:20 INFO  STEP: Card nuber 2 have a Rating: 3.9
2025-12-30 02:38:20 INFO  STEP PASS: Card #2 should have all the components
2025-12-30 02:38:20 INFO  STEP: Card nuber 3 have a Thumbnail
2025-12-30 02:38:20 INFO  STEP: Card nuber 3 have a Title: iPhone 6
2025-12-30 02:38:20 INFO  STEP: Card nuber 3 have a Description: The iPhone 6 is a stylish and capable smartphone with a larger display and improved performance. It introduced new features and design elements, making it a popular choice in its time.
2025-12-30 02:38:20 INFO  STEP: Card nuber 3 have a Price: 299.99
2025-12-30 02:38:20 INFO  STEP: Card nuber 3 have a Rating: 3.4
2025-12-30 02:38:20 INFO  STEP PASS: Card #3 should have all the components
2025-12-30 02:38:20 INFO  STEP: Card nuber 4 have a Thumbnail
2025-12-30 02:38:20 INFO  STEP: Card nuber 4 have a Title: iPhone X
2025-12-30 02:38:20 INFO  STEP: Card nuber 4 have a Description: The iPhone X is a flagship smartphone featuring a bezel-less OLED display, facial recognition technology (Face ID), and impressive performance. It represents a milestone in iPhone design and innovation.
2025-12-30 02:38:21 INFO  STEP: Card nuber 4 have a Price: 899.99
2025-12-30 02:38:21 INFO  STEP: Card nuber 4 have a Rating: 2.5
2025-12-30 02:38:21 INFO  STEP PASS: Card #4 should have all the components
2025-12-30 02:38:21 INFO  STEP: Card nuber 5 have a Thumbnail
2025-12-30 02:38:21 INFO  STEP: Card nuber 5 have a Title: iPhone 13 Pro
2025-12-30 02:38:21 INFO  STEP: Card nuber 5 have a Description: The iPhone 13 Pro is a cutting-edge smartphone with a powerful camera system, high-performance chip, and stunning display. It offers advanced features for users who demand top-notch technology.
2025-12-30 02:38:21 INFO  STEP: Card nuber 5 have a Price: 1099.99
2025-12-30 02:38:21 INFO  STEP: Card nuber 5 have a Rating: 4.1
2025-12-30 02:38:21 INFO  STEP PASS: Card #5 should have all the components
2025-12-30 02:38:21 INFO  === PASS  tests.productCardsTests.ProductCardElementsTests.cardValidation[Exp#8 [f1=1, f2=3, f3=2, f4=3, f5=2, f6=1, f7=3, f8=1]] ===
2025-12-30 02:38:21 INFO  === END   tests.productCardsTests.ProductCardElementsTests.cardValidation[Exp#8 [f1=1, f2=3, f3=2, f4=3, f5=2, f6=1, f7=3, f8=1]] ===
2025-12-30 02:38:21 INFO  === START tests.productCardsTests.ProductCardElementsTests.cardValidation[Exp#9 [f1=1, f2=3, f3=3, f4=1, f5=3, f6=2, f7=1, f8=2]] ===
2025-12-30 02:38:21 INFO  STEP: 📝 New input: Filling form fields.
2025-12-30 02:38:26 INFO  STEP: Card nuber 1 have a Thumbnail
2025-12-30 02:38:26 INFO  STEP: Card nuber 1 have a Title: Baseball Ball
2025-12-30 02:38:26 INFO  STEP: Card nuber 1 have a Description: The Baseball Ball is a standard baseball used in baseball games. It features a durable leather cover and is designed for pitching, hitting, and fielding in the game of baseball.
2025-12-30 02:38:26 INFO  STEP: Card nuber 1 have a Price: 8.99
2025-12-30 02:38:26 INFO  STEP: Card nuber 1 have a Rating: 2.6
2025-12-30 02:38:26 INFO  STEP PASS: Card #1 should have all the components
2025-12-30 02:38:26 INFO  STEP: Card nuber 2 have a Thumbnail
2025-12-30 02:38:26 INFO  STEP: Card nuber 2 have a Title: Basketball
2025-12-30 02:38:26 INFO  STEP: Card nuber 2 have a Description: The Basketball is a standard ball used in basketball games. It is designed for dribbling, shooting, and passing in the game of basketball, suitable for both indoor and outdoor play.
2025-12-30 02:38:26 INFO  STEP: Card nuber 2 have a Price: 14.99
2025-12-30 02:38:26 INFO  STEP: Card nuber 2 have a Rating: 4.7
2025-12-30 02:38:26 INFO  STEP PASS: Card #2 should have all the components
2025-12-30 02:38:27 INFO  STEP: Card nuber 3 have a Thumbnail
2025-12-30 02:38:27 INFO  STEP: Card nuber 3 have a Title: American Football
2025-12-30 02:38:27 INFO  STEP: Card nuber 3 have a Description: The American Football is a classic ball used in American football games. It is designed for throwing and catching, making it an essential piece of equipment for the sport.
2025-12-30 02:38:27 INFO  STEP: Card nuber 3 have a Price: 19.99
2025-12-30 02:38:27 INFO  STEP: Card nuber 3 have a Rating: 4.9
2025-12-30 02:38:27 INFO  STEP PASS: Card #3 should have all the components
2025-12-30 02:38:27 INFO  STEP: Card nuber 4 have a Thumbnail
2025-12-30 02:38:27 INFO  STEP: Card nuber 4 have a Title: Baseball Glove
2025-12-30 02:38:27 INFO  STEP: Card nuber 4 have a Description: The Baseball Glove is a protective glove worn by baseball players. It is designed to catch and field the baseball, providing players with comfort and control during the game.
2025-12-30 02:38:27 INFO  STEP: Card nuber 4 have a Price: 24.99
2025-12-30 02:38:27 INFO  STEP: Card nuber 4 have a Rating: 4.0
2025-12-30 02:38:27 INFO  STEP PASS: Card #4 should have all the components
2025-12-30 02:38:27 INFO  STEP: Card nuber 5 have a Thumbnail
2025-12-30 02:38:27 INFO  STEP: Card nuber 5 have a Title: Basketball Rim
2025-12-30 02:38:27 INFO  STEP: Card nuber 5 have a Description: The Basketball Rim is a sturdy hoop and net assembly mounted on a basketball backboard. It provides a target for shooting and scoring in the game of basketball.
2025-12-30 02:38:27 INFO  STEP: Card nuber 5 have a Price: 39.99
2025-12-30 02:38:28 INFO  STEP: Card nuber 5 have a Rating: 4.6
2025-12-30 02:38:28 INFO  STEP PASS: Card #5 should have all the components
2025-12-30 02:38:28 INFO  === PASS  tests.productCardsTests.ProductCardElementsTests.cardValidation[Exp#9 [f1=1, f2=3, f3=3, f4=1, f5=3, f6=2, f7=1, f8=2]] ===
2025-12-30 02:38:28 INFO  === END   tests.productCardsTests.ProductCardElementsTests.cardValidation[Exp#9 [f1=1, f2=3, f3=3, f4=1, f5=3, f6=2, f7=1, f8=2]] ===
2025-12-30 02:38:28 INFO  === START tests.productCardsTests.ProductCardElementsTests.cardValidation[Exp#10 [f1=2, f2=1, f3=1, f4=3, f5=3, f6=2, f7=2, f8=1]] ===
2025-12-30 02:38:28 INFO  STEP: 📝 New input: Filling form fields.
2025-12-30 02:38:31 INFO  STEP: Card nuber 1 have a Thumbnail
2025-12-30 02:38:31 INFO  STEP: Card nuber 1 have a Title: Black Aluminium Cup
2025-12-30 02:38:31 INFO  STEP: Card nuber 1 have a Description: The Black Aluminium Cup is a stylish and durable cup suitable for both hot and cold beverages. Its sleek black design adds a modern touch to your drinkware collection.
2025-12-30 02:38:31 INFO  STEP: Card nuber 1 have a Price: 5.99
2025-12-30 02:38:31 INFO  STEP: Card nuber 1 have a Rating: 4.5
2025-12-30 02:38:31 INFO  STEP PASS: Card #1 should have all the components
2025-12-30 02:38:31 INFO  STEP: Card nuber 2 have a Thumbnail
2025-12-30 02:38:31 INFO  STEP: Card nuber 2 have a Title: Bamboo Spatula
2025-12-30 02:38:31 INFO  STEP: Card nuber 2 have a Description: The Bamboo Spatula is a versatile kitchen tool made from eco-friendly bamboo. Ideal for flipping, stirring, and serving various dishes.
2025-12-30 02:38:31 INFO  STEP: Card nuber 2 have a Price: 7.99
2025-12-30 02:38:31 INFO  STEP: Card nuber 2 have a Rating: 3.3
2025-12-30 02:38:31 INFO  STEP PASS: Card #2 should have all the components
2025-12-30 02:38:32 INFO  STEP: Card nuber 3 have a Thumbnail
2025-12-30 02:38:32 INFO  STEP: Card nuber 3 have a Title: Black Whisk
2025-12-30 02:38:32 INFO  STEP: Card nuber 3 have a Description: The Black Whisk is a kitchen essential for whisking and beating ingredients. Its ergonomic handle and sleek design make it a practical and stylish tool.
2025-12-30 02:38:32 INFO  STEP: Card nuber 3 have a Price: 9.99
2025-12-30 02:38:32 INFO  STEP: Card nuber 3 have a Rating: 3.9
2025-12-30 02:38:32 INFO  STEP PASS: Card #3 should have all the components
2025-12-30 02:38:32 INFO  STEP: Card nuber 4 have a Thumbnail
2025-12-30 02:38:32 INFO  STEP: Card nuber 4 have a Title: Carbon Steel Wok
2025-12-30 02:38:32 INFO  STEP: Card nuber 4 have a Description: The Carbon Steel Wok is a versatile cooking pan suitable for stir-frying, sautéing, and deep frying. Its sturdy construction ensures even heat distribution for delicious meals.
2025-12-30 02:38:32 INFO  STEP: Card nuber 4 have a Price: 29.99
2025-12-30 02:38:32 INFO  STEP: Card nuber 4 have a Rating: 4.0
2025-12-30 02:38:32 INFO  STEP PASS: Card #4 should have all the components
2025-12-30 02:38:32 INFO  STEP: Card nuber 5 have a Thumbnail
2025-12-30 02:38:32 INFO  STEP: Card nuber 5 have a Title: Boxed Blender
2025-12-30 02:38:32 INFO  STEP: Card nuber 5 have a Description: The Boxed Blender is a powerful and compact blender perfect for smoothies, shakes, and more. Its convenient design and multiple functions make it a versatile kitchen appliance.
2025-12-30 02:38:32 INFO  STEP: Card nuber 5 have a Price: 39.99
2025-12-30 02:38:32 INFO  STEP: Card nuber 5 have a Rating: 4.6
2025-12-30 02:38:32 INFO  STEP PASS: Card #5 should have all the components
2025-12-30 02:38:32 INFO  === PASS  tests.productCardsTests.ProductCardElementsTests.cardValidation[Exp#10 [f1=2, f2=1, f3=1, f4=3, f5=3, f6=2, f7=2, f8=1]] ===
2025-12-30 02:38:32 INFO  === END   tests.productCardsTests.ProductCardElementsTests.cardValidation[Exp#10 [f1=2, f2=1, f3=1, f4=3, f5=3, f6=2, f7=2, f8=1]] ===
2025-12-30 02:38:32 INFO  === START tests.productCardsTests.ProductCardElementsTests.cardValidation[Exp#11 [f1=2, f2=1, f3=2, f4=1, f5=1, f6=3, f7=3, f8=2]] ===
2025-12-30 02:38:32 INFO  STEP: 📝 New input: Filling form fields.
2025-12-30 02:38:35 INFO  STEP: Card nuber 1 have a Thumbnail
2025-12-30 02:38:35 INFO  STEP: Card nuber 1 have a Title: Black Aluminium Cup
2025-12-30 02:38:36 INFO  STEP: Card nuber 1 have a Description: The Black Aluminium Cup is a stylish and durable cup suitable for both hot and cold beverages. Its sleek black design adds a modern touch to your drinkware collection.
2025-12-30 02:38:36 INFO  STEP: Card nuber 1 have a Price: 5.99
2025-12-30 02:38:36 INFO  STEP: Card nuber 1 have a Rating: 4.5
2025-12-30 02:38:36 INFO  STEP PASS: Card #1 should have all the components
2025-12-30 02:38:36 INFO  STEP: Card nuber 2 have a Thumbnail
2025-12-30 02:38:36 INFO  STEP: Card nuber 2 have a Title: Bamboo Spatula
2025-12-30 02:38:36 INFO  STEP: Card nuber 2 have a Description: The Bamboo Spatula is a versatile kitchen tool made from eco-friendly bamboo. Ideal for flipping, stirring, and serving various dishes.
2025-12-30 02:38:36 INFO  STEP: Card nuber 2 have a Price: 7.99
2025-12-30 02:38:36 INFO  STEP: Card nuber 2 have a Rating: 3.3
2025-12-30 02:38:36 INFO  STEP PASS: Card #2 should have all the components
2025-12-30 02:38:36 INFO  STEP: Card nuber 3 have a Thumbnail
2025-12-30 02:38:36 INFO  STEP: Card nuber 3 have a Title: Black Whisk
2025-12-30 02:38:36 INFO  STEP: Card nuber 3 have a Description: The Black Whisk is a kitchen essential for whisking and beating ingredients. Its ergonomic handle and sleek design make it a practical and stylish tool.
2025-12-30 02:38:36 INFO  STEP: Card nuber 3 have a Price: 9.99
2025-12-30 02:38:36 INFO  STEP: Card nuber 3 have a Rating: 3.9
2025-12-30 02:38:36 INFO  STEP PASS: Card #3 should have all the components
2025-12-30 02:38:36 INFO  STEP: Card nuber 4 have a Thumbnail
2025-12-30 02:38:36 INFO  STEP: Card nuber 4 have a Title: Carbon Steel Wok
2025-12-30 02:38:37 INFO  STEP: Card nuber 4 have a Description: The Carbon Steel Wok is a versatile cooking pan suitable for stir-frying, sautéing, and deep frying. Its sturdy construction ensures even heat distribution for delicious meals.
2025-12-30 02:38:37 INFO  STEP: Card nuber 4 have a Price: 29.99
2025-12-30 02:38:37 INFO  STEP: Card nuber 4 have a Rating: 4.0
2025-12-30 02:38:37 INFO  STEP PASS: Card #4 should have all the components
2025-12-30 02:38:37 INFO  STEP: Card nuber 5 have a Thumbnail
2025-12-30 02:38:37 INFO  STEP: Card nuber 5 have a Title: Boxed Blender
2025-12-30 02:38:37 INFO  STEP: Card nuber 5 have a Description: The Boxed Blender is a powerful and compact blender perfect for smoothies, shakes, and more. Its convenient design and multiple functions make it a versatile kitchen appliance.
2025-12-30 02:38:37 INFO  STEP: Card nuber 5 have a Price: 39.99
2025-12-30 02:38:37 INFO  STEP: Card nuber 5 have a Rating: 4.6
2025-12-30 02:38:37 INFO  STEP PASS: Card #5 should have all the components
2025-12-30 02:38:37 INFO  === PASS  tests.productCardsTests.ProductCardElementsTests.cardValidation[Exp#11 [f1=2, f2=1, f3=2, f4=1, f5=1, f6=3, f7=3, f8=2]] ===
2025-12-30 02:38:37 INFO  === END   tests.productCardsTests.ProductCardElementsTests.cardValidation[Exp#11 [f1=2, f2=1, f3=2, f4=1, f5=1, f6=3, f7=3, f8=2]] ===
2025-12-30 02:38:37 INFO  === START tests.productCardsTests.ProductCardElementsTests.cardValidation[Exp#12 [f1=2, f2=1, f3=3, f4=2, f5=2, f6=1, f7=1, f8=3]] ===
2025-12-30 02:38:37 INFO  STEP: 📝 New input: Filling form fields.
2025-12-30 02:38:40 INFO  STEP: Card nuber 1 have a Thumbnail
2025-12-30 02:38:40 INFO  STEP: Card nuber 1 have a Title: Baseball Ball
2025-12-30 02:38:40 INFO  STEP: Card nuber 1 have a Description: The Baseball Ball is a standard baseball used in baseball games. It features a durable leather cover and is designed for pitching, hitting, and fielding in the game of baseball.
2025-12-30 02:38:41 INFO  STEP: Card nuber 1 have a Price: 8.99
2025-12-30 02:38:41 INFO  STEP: Card nuber 1 have a Rating: 2.6
2025-12-30 02:38:41 INFO  STEP PASS: Card #1 should have all the components
2025-12-30 02:38:41 INFO  STEP: Card nuber 2 have a Thumbnail
2025-12-30 02:38:41 INFO  STEP: Card nuber 2 have a Title: Basketball
2025-12-30 02:38:41 INFO  STEP: Card nuber 2 have a Description: The Basketball is a standard ball used in basketball games. It is designed for dribbling, shooting, and passing in the game of basketball, suitable for both indoor and outdoor play.
2025-12-30 02:38:41 INFO  STEP: Card nuber 2 have a Price: 14.99
2025-12-30 02:38:41 INFO  STEP: Card nuber 2 have a Rating: 4.7
2025-12-30 02:38:41 INFO  STEP PASS: Card #2 should have all the components
2025-12-30 02:38:41 INFO  STEP: Card nuber 3 have a Thumbnail
2025-12-30 02:38:41 INFO  STEP: Card nuber 3 have a Title: American Football
2025-12-30 02:38:41 INFO  STEP: Card nuber 3 have a Description: The American Football is a classic ball used in American football games. It is designed for throwing and catching, making it an essential piece of equipment for the sport.
2025-12-30 02:38:41 INFO  STEP: Card nuber 3 have a Price: 19.99
2025-12-30 02:38:41 INFO  STEP: Card nuber 3 have a Rating: 4.9
2025-12-30 02:38:41 INFO  STEP PASS: Card #3 should have all the components
2025-12-30 02:38:41 INFO  STEP: Card nuber 4 have a Thumbnail
2025-12-30 02:38:41 INFO  STEP: Card nuber 4 have a Title: Baseball Glove
2025-12-30 02:38:41 INFO  STEP: Card nuber 4 have a Description: The Baseball Glove is a protective glove worn by baseball players. It is designed to catch and field the baseball, providing players with comfort and control during the game.
2025-12-30 02:38:41 INFO  STEP: Card nuber 4 have a Price: 24.99
2025-12-30 02:38:41 INFO  STEP: Card nuber 4 have a Rating: 4.0
2025-12-30 02:38:41 INFO  STEP PASS: Card #4 should have all the components
2025-12-30 02:38:41 INFO  STEP: Card nuber 5 have a Thumbnail
2025-12-30 02:38:41 INFO  STEP: Card nuber 5 have a Title: Basketball Rim
2025-12-30 02:38:41 INFO  STEP: Card nuber 5 have a Description: The Basketball Rim is a sturdy hoop and net assembly mounted on a basketball backboard. It provides a target for shooting and scoring in the game of basketball.
2025-12-30 02:38:42 INFO  STEP: Card nuber 5 have a Price: 39.99
2025-12-30 02:38:42 INFO  STEP: Card nuber 5 have a Rating: 4.6
2025-12-30 02:38:42 INFO  STEP PASS: Card #5 should have all the components
2025-12-30 02:38:42 INFO  === PASS  tests.productCardsTests.ProductCardElementsTests.cardValidation[Exp#12 [f1=2, f2=1, f3=3, f4=2, f5=2, f6=1, f7=1, f8=3]] ===
2025-12-30 02:38:42 INFO  === END   tests.productCardsTests.ProductCardElementsTests.cardValidation[Exp#12 [f1=2, f2=1, f3=3, f4=2, f5=2, f6=1, f7=1, f8=3]] ===
2025-12-30 02:38:42 INFO  === START tests.productCardsTests.ProductCardElementsTests.cardValidation[Exp#13 [f1=2, f2=2, f3=1, f4=2, f5=3, f6=1, f7=3, f8=2]] ===
2025-12-30 02:38:42 INFO  STEP: 📝 New input: Filling form fields.
2025-12-30 02:38:45 INFO  STEP: Card nuber 1 have a Thumbnail
2025-12-30 02:38:45 INFO  STEP: Card nuber 1 have a Title: Baseball Ball
2025-12-30 02:38:45 INFO  STEP: Card nuber 1 have a Description: The Baseball Ball is a standard baseball used in baseball games. It features a durable leather cover and is designed for pitching, hitting, and fielding in the game of baseball.
2025-12-30 02:38:45 INFO  STEP: Card nuber 1 have a Price: 8.99
2025-12-30 02:38:45 INFO  STEP: Card nuber 1 have a Rating: 2.6
2025-12-30 02:38:45 INFO  STEP PASS: Card #1 should have all the components
2025-12-30 02:38:45 INFO  STEP: Card nuber 2 have a Thumbnail
2025-12-30 02:38:45 INFO  STEP: Card nuber 2 have a Title: Basketball
2025-12-30 02:38:45 INFO  STEP: Card nuber 2 have a Description: The Basketball is a standard ball used in basketball games. It is designed for dribbling, shooting, and passing in the game of basketball, suitable for both indoor and outdoor play.
2025-12-30 02:38:45 INFO  STEP: Card nuber 2 have a Price: 14.99
2025-12-30 02:38:45 INFO  STEP: Card nuber 2 have a Rating: 4.7
2025-12-30 02:38:45 INFO  STEP PASS: Card #2 should have all the components
2025-12-30 02:38:45 INFO  STEP: Card nuber 3 have a Thumbnail
2025-12-30 02:38:45 INFO  STEP: Card nuber 3 have a Title: American Football
2025-12-30 02:38:45 INFO  STEP: Card nuber 3 have a Description: The American Football is a classic ball used in American football games. It is designed for throwing and catching, making it an essential piece of equipment for the sport.
2025-12-30 02:38:46 INFO  STEP: Card nuber 3 have a Price: 19.99
2025-12-30 02:38:46 INFO  STEP: Card nuber 3 have a Rating: 4.9
2025-12-30 02:38:46 INFO  STEP PASS: Card #3 should have all the components
2025-12-30 02:38:46 INFO  STEP: Card nuber 4 have a Thumbnail
2025-12-30 02:38:46 INFO  STEP: Card nuber 4 have a Title: Baseball Glove
2025-12-30 02:38:46 INFO  STEP: Card nuber 4 have a Description: The Baseball Glove is a protective glove worn by baseball players. It is designed to catch and field the baseball, providing players with comfort and control during the game.
2025-12-30 02:38:46 INFO  STEP: Card nuber 4 have a Price: 24.99
2025-12-30 02:38:46 INFO  STEP: Card nuber 4 have a Rating: 4.0
2025-12-30 02:38:46 INFO  STEP PASS: Card #4 should have all the components
2025-12-30 02:38:46 INFO  STEP: Card nuber 5 have a Thumbnail
2025-12-30 02:38:46 INFO  STEP: Card nuber 5 have a Title: Basketball Rim
2025-12-30 02:38:46 INFO  STEP: Card nuber 5 have a Description: The Basketball Rim is a sturdy hoop and net assembly mounted on a basketball backboard. It provides a target for shooting and scoring in the game of basketball.
2025-12-30 02:38:46 INFO  STEP: Card nuber 5 have a Price: 39.99
2025-12-30 02:38:46 INFO  STEP: Card nuber 5 have a Rating: 4.6
2025-12-30 02:38:46 INFO  STEP PASS: Card #5 should have all the components
2025-12-30 02:38:46 INFO  === PASS  tests.productCardsTests.ProductCardElementsTests.cardValidation[Exp#13 [f1=2, f2=2, f3=1, f4=2, f5=3, f6=1, f7=3, f8=2]] ===
2025-12-30 02:38:46 INFO  === END   tests.productCardsTests.ProductCardElementsTests.cardValidation[Exp#13 [f1=2, f2=2, f3=1, f4=2, f5=3, f6=1, f7=3, f8=2]] ===
2025-12-30 02:38:46 INFO  === START tests.productCardsTests.ProductCardElementsTests.cardValidation[Exp#14 [f1=2, f2=2, f3=2, f4=3, f5=1, f6=2, f7=1, f8=3]] ===
2025-12-30 02:38:46 INFO  STEP: 📝 New input: Filling form fields.
2025-12-30 02:38:49 INFO  STEP: Card nuber 1 have a Thumbnail
2025-12-30 02:38:49 INFO  STEP: Card nuber 1 have a Title: Vivo S1
2025-12-30 02:38:49 INFO  STEP: Card nuber 1 have a Description: The Vivo S1 is a stylish and mid-range smartphone offering a blend of design and performance. It features a vibrant display, capable camera system, and reliable functionality.
2025-12-30 02:38:50 INFO  STEP: Card nuber 1 have a Price: 249.99
2025-12-30 02:38:50 INFO  STEP: Card nuber 1 have a Rating: 3.5
2025-12-30 02:38:50 INFO  STEP PASS: Card #1 should have all the components
2025-12-30 02:38:50 INFO  STEP: Card nuber 2 have a Thumbnail
2025-12-30 02:38:50 INFO  STEP: Card nuber 2 have a Title: Samsung Galaxy S7
2025-12-30 02:38:50 INFO  STEP: Card nuber 2 have a Description: The Samsung Galaxy S7 is a flagship smartphone known for its sleek design and advanced features. It features a high-resolution display, powerful camera, and robust performance.
2025-12-30 02:38:50 INFO  STEP: Card nuber 2 have a Price: 299.99
2025-12-30 02:38:50 INFO  STEP: Card nuber 2 have a Rating: 3.3
2025-12-30 02:38:50 INFO  STEP PASS: Card #2 should have all the components
2025-12-30 02:38:50 INFO  STEP: Card nuber 3 have a Thumbnail
2025-12-30 02:38:50 INFO  STEP: Card nuber 3 have a Title: Vivo V9
2025-12-30 02:38:50 INFO  STEP: Card nuber 3 have a Description: The Vivo V9 is a smartphone known for its sleek design and emphasis on capturing high-quality selfies. It features a notch display, dual-camera setup, and a modern design.
2025-12-30 02:38:50 INFO  STEP: Card nuber 3 have a Price: 299.99
2025-12-30 02:38:50 INFO  STEP: Card nuber 3 have a Rating: 3.6
2025-12-30 02:38:50 INFO  STEP PASS: Card #3 should have all the components
2025-12-30 02:38:50 INFO  STEP: Card nuber 4 have a Thumbnail
2025-12-30 02:38:50 INFO  STEP: Card nuber 4 have a Title: Samsung Galaxy S8
2025-12-30 02:38:50 INFO  STEP: Card nuber 4 have a Description: The Samsung Galaxy S8 is a premium smartphone with an Infinity Display, offering a stunning visual experience. It boasts advanced camera capabilities and cutting-edge technology.
2025-12-30 02:38:51 INFO  STEP: Card nuber 4 have a Price: 499.99
2025-12-30 02:38:51 INFO  STEP: Card nuber 4 have a Rating: 4.4
2025-12-30 02:38:51 INFO  STEP PASS: Card #4 should have all the components
2025-12-30 02:38:51 INFO  STEP: Card nuber 5 have a Thumbnail
2025-12-30 02:38:51 INFO  STEP: Card nuber 5 have a Title: Samsung Galaxy S10
2025-12-30 02:38:51 INFO  STEP: Card nuber 5 have a Description: The Samsung Galaxy S10 is a flagship device featuring a dynamic AMOLED display, versatile camera system, and powerful performance. It represents innovation and excellence in smartphone technology.
2025-12-30 02:38:51 INFO  STEP: Card nuber 5 have a Price: 699.99
2025-12-30 02:38:51 INFO  STEP: Card nuber 5 have a Rating: 3.1
2025-12-30 02:38:51 INFO  STEP PASS: Card #5 should have all the components
2025-12-30 02:38:51 INFO  === PASS  tests.productCardsTests.ProductCardElementsTests.cardValidation[Exp#14 [f1=2, f2=2, f3=2, f4=3, f5=1, f6=2, f7=1, f8=3]] ===
2025-12-30 02:38:51 INFO  === END   tests.productCardsTests.ProductCardElementsTests.cardValidation[Exp#14 [f1=2, f2=2, f3=2, f4=3, f5=1, f6=2, f7=1, f8=3]] ===
2025-12-30 02:38:51 INFO  === START tests.productCardsTests.ProductCardElementsTests.cardValidation[Exp#15 [f1=2, f2=2, f3=3, f4=1, f5=2, f6=3, f7=2, f8=1]] ===
2025-12-30 02:38:51 INFO  STEP: 📝 New input: Filling form fields.
2025-12-30 02:38:55 INFO  STEP: Card nuber 1 have a Thumbnail
2025-12-30 02:38:55 INFO  STEP: Card nuber 1 have a Title: Scooter Motorcycle
2025-12-30 02:38:56 INFO  STEP: Card nuber 1 have a Description: The Scooter Motorcycle is a practical and fuel-efficient bike ideal for urban commuting. It features a step-through design and user-friendly controls for easy maneuverability.
2025-12-30 02:38:56 INFO  STEP: Card nuber 1 have a Price: 2999.99
2025-12-30 02:38:56 INFO  STEP: Card nuber 1 have a Rating: 2.5
2025-12-30 02:38:56 INFO  STEP PASS: Card #1 should have all the components
2025-12-30 02:38:56 INFO  STEP: Card nuber 2 have a Thumbnail
2025-12-30 02:38:56 INFO  STEP: Card nuber 2 have a Title: Generic Motorcycle
2025-12-30 02:38:56 INFO  STEP: Card nuber 2 have a Description: The Generic Motorcycle is a versatile and reliable bike suitable for various riding preferences. With a balanced design, it provides a comfortable and efficient riding experience.
2025-12-30 02:38:56 INFO  STEP: Card nuber 2 have a Price: 3999.99
2025-12-30 02:38:56 INFO  STEP: Card nuber 2 have a Rating: 4.9
2025-12-30 02:38:56 INFO  STEP PASS: Card #2 should have all the components
2025-12-30 02:38:56 INFO  STEP: Card nuber 3 have a Thumbnail
2025-12-30 02:38:56 INFO  STEP: Card nuber 3 have a Title: Sportbike Motorcycle
2025-12-30 02:38:56 INFO  STEP: Card nuber 3 have a Description: The Sportbike Motorcycle is designed for speed and agility, with a sleek and aerodynamic profile. It's suitable for riders looking for a dynamic and thrilling riding experience.
2025-12-30 02:38:56 INFO  STEP: Card nuber 3 have a Price: 7499.99
2025-12-30 02:38:57 INFO  STEP: Card nuber 3 have a Rating: 3.9
2025-12-30 02:38:57 INFO  STEP PASS: Card #3 should have all the components
2025-12-30 02:38:57 INFO  STEP: Card nuber 4 have a Thumbnail
2025-12-30 02:38:57 INFO  STEP: Card nuber 4 have a Title: Kawasaki Z800
2025-12-30 02:38:57 INFO  STEP: Card nuber 4 have a Description: The Kawasaki Z800 is a powerful and agile sportbike known for its striking design and performance. It's equipped with advanced features, making it a favorite among motorcycle enthusiasts.
2025-12-30 02:38:57 INFO  STEP: Card nuber 4 have a Price: 8999.99
2025-12-30 02:38:57 INFO  STEP: Card nuber 4 have a Rating: 4.0
2025-12-30 02:38:57 INFO  STEP PASS: Card #4 should have all the components
2025-12-30 02:38:57 INFO  STEP: Card nuber 5 have a Thumbnail
2025-12-30 02:38:57 INFO  STEP: Card nuber 5 have a Title: MotoGP CI.H1
2025-12-30 02:38:57 INFO  STEP: Card nuber 5 have a Description: The MotoGP CI.H1 is a high-performance motorcycle inspired by MotoGP racing technology. It offers cutting-edge features and precision engineering for an exhilarating riding experience.
2025-12-30 02:38:57 INFO  STEP: Card nuber 5 have a Price: 14999.99
2025-12-30 02:38:57 INFO  STEP: Card nuber 5 have a Rating: 3.0
2025-12-30 02:38:57 INFO  STEP PASS: Card #5 should have all the components
2025-12-30 02:38:57 INFO  === PASS  tests.productCardsTests.ProductCardElementsTests.cardValidation[Exp#15 [f1=2, f2=2, f3=3, f4=1, f5=2, f6=3, f7=2, f8=1]] ===
2025-12-30 02:38:57 INFO  === END   tests.productCardsTests.ProductCardElementsTests.cardValidation[Exp#15 [f1=2, f2=2, f3=3, f4=1, f5=2, f6=3, f7=2, f8=1]] ===
2025-12-30 02:38:57 INFO  === START tests.productCardsTests.ProductCardElementsTests.cardValidation[Exp#16 [f1=2, f2=3, f3=1, f4=3, f5=2, f6=3, f7=1, f8=2]] ===
2025-12-30 02:38:57 INFO  STEP: 📝 New input: Filling form fields.
2025-12-30 02:39:01 INFO  STEP: Card nuber 1 have a Thumbnail
2025-12-30 02:39:01 INFO  STEP: Card nuber 1 have a Title: iPhone 5s
2025-12-30 02:39:01 INFO  STEP: Card nuber 1 have a Description: The iPhone 5s is a classic smartphone known for its compact design and advanced features during its release. While it's an older model, it still provides a reliable user experience.
2025-12-30 02:39:01 INFO  STEP: Card nuber 1 have a Price: 199.99
2025-12-30 02:39:01 INFO  STEP: Card nuber 1 have a Rating: 2.8
2025-12-30 02:39:01 INFO  STEP PASS: Card #1 should have all the components
2025-12-30 02:39:01 INFO  STEP: Card nuber 2 have a Thumbnail
2025-12-30 02:39:01 INFO  STEP: Card nuber 2 have a Title: Oppo A57
2025-12-30 02:39:01 INFO  STEP: Card nuber 2 have a Description: The Oppo A57 is a mid-range smartphone known for its sleek design and capable features. It offers a balance of performance and affordability, making it a popular choice.
2025-12-30 02:39:02 INFO  STEP: Card nuber 2 have a Price: 249.99
2025-12-30 02:39:02 INFO  STEP: Card nuber 2 have a Rating: 3.9
2025-12-30 02:39:02 INFO  STEP PASS: Card #2 should have all the components
2025-12-30 02:39:02 INFO  STEP: Card nuber 3 have a Thumbnail
2025-12-30 02:39:02 INFO  STEP: Card nuber 3 have a Title: iPhone 6
2025-12-30 02:39:02 INFO  STEP: Card nuber 3 have a Description: The iPhone 6 is a stylish and capable smartphone with a larger display and improved performance. It introduced new features and design elements, making it a popular choice in its time.
2025-12-30 02:39:02 INFO  STEP: Card nuber 3 have a Price: 299.99
2025-12-30 02:39:02 INFO  STEP: Card nuber 3 have a Rating: 3.4
2025-12-30 02:39:02 INFO  STEP PASS: Card #3 should have all the components
2025-12-30 02:39:02 INFO  STEP: Card nuber 4 have a Thumbnail
2025-12-30 02:39:02 INFO  STEP: Card nuber 4 have a Title: iPhone X
2025-12-30 02:39:02 INFO  STEP: Card nuber 4 have a Description: The iPhone X is a flagship smartphone featuring a bezel-less OLED display, facial recognition technology (Face ID), and impressive performance. It represents a milestone in iPhone design and innovation.
2025-12-30 02:39:02 INFO  STEP: Card nuber 4 have a Price: 899.99
2025-12-30 02:39:02 INFO  STEP: Card nuber 4 have a Rating: 2.5
2025-12-30 02:39:02 INFO  STEP PASS: Card #4 should have all the components
2025-12-30 02:39:02 INFO  STEP: Card nuber 5 have a Thumbnail
2025-12-30 02:39:03 INFO  STEP: Card nuber 5 have a Title: iPhone 13 Pro
2025-12-30 02:39:03 INFO  STEP: Card nuber 5 have a Description: The iPhone 13 Pro is a cutting-edge smartphone with a powerful camera system, high-performance chip, and stunning display. It offers advanced features for users who demand top-notch technology.
2025-12-30 02:39:03 INFO  STEP: Card nuber 5 have a Price: 1099.99
2025-12-30 02:39:03 INFO  STEP: Card nuber 5 have a Rating: 4.1
2025-12-30 02:39:03 INFO  STEP PASS: Card #5 should have all the components
2025-12-30 02:39:03 INFO  === PASS  tests.productCardsTests.ProductCardElementsTests.cardValidation[Exp#16 [f1=2, f2=3, f3=1, f4=3, f5=2, f6=3, f7=1, f8=2]] ===
2025-12-30 02:39:03 INFO  === END   tests.productCardsTests.ProductCardElementsTests.cardValidation[Exp#16 [f1=2, f2=3, f3=1, f4=3, f5=2, f6=3, f7=1, f8=2]] ===
2025-12-30 02:39:03 INFO  === START tests.productCardsTests.ProductCardElementsTests.cardValidation[Exp#17 [f1=2, f2=3, f3=2, f4=1, f5=3, f6=1, f7=2, f8=3]] ===
2025-12-30 02:39:03 INFO  STEP: 📝 New input: Filling form fields.
2025-12-30 02:39:06 INFO  STEP: Card nuber 1 have a Thumbnail
2025-12-30 02:39:07 INFO  STEP: Card nuber 1 have a Title: Samsung Galaxy Tab White
2025-12-30 02:39:07 INFO  STEP: Card nuber 1 have a Description: The Samsung Galaxy Tab in White is a sleek and versatile Android tablet. With a vibrant display, long-lasting battery, and a range of features, it offers a great user experience for various tasks.
2025-12-30 02:39:07 INFO  STEP: Card nuber 1 have a Price: 349.99
2025-12-30 02:39:07 INFO  STEP: Card nuber 1 have a Rating: 3.7
2025-12-30 02:39:07 INFO  STEP PASS: Card #1 should have all the components
2025-12-30 02:39:07 INFO  STEP: Card nuber 2 have a Thumbnail
2025-12-30 02:39:07 INFO  STEP: Card nuber 2 have a Title: Samsung Galaxy Tab White
2025-12-30 02:39:07 INFO  STEP: Card nuber 2 have a Description: The Samsung Galaxy Tab in White is a sleek and versatile Android tablet. With a vibrant display, long-lasting battery, and a range of features, it offers a great user experience for various tasks.
2025-12-30 02:39:07 INFO  STEP: Card nuber 2 have a Price: 349.99
2025-12-30 02:39:07 INFO  STEP: Card nuber 2 have a Rating: 3.7
2025-12-30 02:39:07 INFO  STEP PASS: Card #2 should have all the components
2025-12-30 02:39:07 INFO  STEP: Card nuber 3 have a Thumbnail
2025-12-30 02:39:07 INFO  STEP: Card nuber 3 have a Title: iPad Mini 2021 Starlight
2025-12-30 02:39:07 INFO  STEP: Card nuber 3 have a Description: The iPad Mini 2021 in Starlight is a compact and powerful tablet from Apple. Featuring a stunning Retina display, powerful A-series chip, and a sleek design, it offers a premium tablet experience.
2025-12-30 02:39:07 INFO  STEP: Card nuber 3 have a Price: 499.99
2025-12-30 02:39:07 INFO  STEP: Card nuber 3 have a Rating: 3.2
2025-12-30 02:39:07 INFO  STEP PASS: Card #3 should have all the components
2025-12-30 02:39:08 INFO  STEP: Card nuber 4 have a Thumbnail
2025-12-30 02:39:08 INFO  STEP: Card nuber 4 have a Title: Samsung Galaxy Tab S8 Plus Grey
2025-12-30 02:39:08 INFO  STEP: Card nuber 4 have a Description: The Samsung Galaxy Tab S8 Plus in Grey is a high-performance Android tablet by Samsung. With a large AMOLED display, powerful processor, and S Pen support, it's ideal for productivity and entertainment.
2025-12-30 02:39:08 INFO  STEP: Card nuber 4 have a Price: 599.99
2025-12-30 02:39:08 INFO  STEP: Card nuber 4 have a Rating: 4.7
2025-12-30 02:39:08 INFO  STEP PASS: Card #4 should have all the components
2025-12-30 02:39:08 INFO  === PASS  tests.productCardsTests.ProductCardElementsTests.cardValidation[Exp#17 [f1=2, f2=3, f3=2, f4=1, f5=3, f6=1, f7=2, f8=3]] ===
2025-12-30 02:39:08 INFO  === END   tests.productCardsTests.ProductCardElementsTests.cardValidation[Exp#17 [f1=2, f2=3, f3=2, f4=1, f5=3, f6=1, f7=2, f8=3]] ===
2025-12-30 02:39:08 INFO  === START tests.productCardsTests.ProductCardElementsTests.cardValidation[Exp#18 [f1=2, f2=3, f3=3, f4=2, f5=1, f6=2, f7=3, f8=1]] ===
2025-12-30 02:39:08 INFO  STEP: 📝 New input: Filling form fields.
2025-12-30 02:39:11 INFO  STEP: Card nuber 1 have a Thumbnail
2025-12-30 02:39:11 INFO  STEP: Card nuber 1 have a Title: iPhone 5s
2025-12-30 02:39:12 INFO  STEP: Card nuber 1 have a Description: The iPhone 5s is a classic smartphone known for its compact design and advanced features during its release. While it's an older model, it still provides a reliable user experience.
2025-12-30 02:39:12 INFO  STEP: Card nuber 1 have a Price: 199.99
2025-12-30 02:39:12 INFO  STEP: Card nuber 1 have a Rating: 2.8
2025-12-30 02:39:12 INFO  STEP PASS: Card #1 should have all the components
2025-12-30 02:39:12 INFO  STEP: Card nuber 2 have a Thumbnail
2025-12-30 02:39:12 INFO  STEP: Card nuber 2 have a Title: Oppo A57
2025-12-30 02:39:12 INFO  STEP: Card nuber 2 have a Description: The Oppo A57 is a mid-range smartphone known for its sleek design and capable features. It offers a balance of performance and affordability, making it a popular choice.
2025-12-30 02:39:12 INFO  STEP: Card nuber 2 have a Price: 249.99
2025-12-30 02:39:12 INFO  STEP: Card nuber 2 have a Rating: 3.9
2025-12-30 02:39:12 INFO  STEP PASS: Card #2 should have all the components
2025-12-30 02:39:12 INFO  STEP: Card nuber 3 have a Thumbnail
2025-12-30 02:39:12 INFO  STEP: Card nuber 3 have a Title: iPhone 6
2025-12-30 02:39:12 INFO  STEP: Card nuber 3 have a Description: The iPhone 6 is a stylish and capable smartphone with a larger display and improved performance. It introduced new features and design elements, making it a popular choice in its time.
2025-12-30 02:39:13 INFO  STEP: Card nuber 3 have a Price: 299.99
2025-12-30 02:39:13 INFO  STEP: Card nuber 3 have a Rating: 3.4
2025-12-30 02:39:13 INFO  STEP PASS: Card #3 should have all the components
2025-12-30 02:39:13 INFO  STEP: Card nuber 4 have a Thumbnail
2025-12-30 02:39:13 INFO  STEP: Card nuber 4 have a Title: iPhone X
2025-12-30 02:39:13 INFO  STEP: Card nuber 4 have a Description: The iPhone X is a flagship smartphone featuring a bezel-less OLED display, facial recognition technology (Face ID), and impressive performance. It represents a milestone in iPhone design and innovation.
2025-12-30 02:39:13 INFO  STEP: Card nuber 4 have a Price: 899.99
2025-12-30 02:39:13 INFO  STEP: Card nuber 4 have a Rating: 2.5
2025-12-30 02:39:13 INFO  STEP PASS: Card #4 should have all the components
2025-12-30 02:39:13 INFO  STEP: Card nuber 5 have a Thumbnail
2025-12-30 02:39:13 INFO  STEP: Card nuber 5 have a Title: iPhone 13 Pro
2025-12-30 02:39:13 INFO  STEP: Card nuber 5 have a Description: The iPhone 13 Pro is a cutting-edge smartphone with a powerful camera system, high-performance chip, and stunning display. It offers advanced features for users who demand top-notch technology.
2025-12-30 02:39:13 INFO  STEP: Card nuber 5 have a Price: 1099.99
2025-12-30 02:39:13 INFO  STEP: Card nuber 5 have a Rating: 4.1
2025-12-30 02:39:13 INFO  STEP PASS: Card #5 should have all the components
2025-12-30 02:39:13 INFO  === PASS  tests.productCardsTests.ProductCardElementsTests.cardValidation[Exp#18 [f1=2, f2=3, f3=3, f4=2, f5=1, f6=2, f7=3, f8=1]] ===
2025-12-30 02:39:13 INFO  === END   tests.productCardsTests.ProductCardElementsTests.cardValidation[Exp#18 [f1=2, f2=3, f3=3, f4=2, f5=1, f6=2, f7=3, f8=1]] ===
2025-12-30 02:39:13 INFO  === START tests.productCardsTests.ProductCardElementsTests.cardValidation[Exp#19 [f1=2, f2=3, f3=3, f4=2, f5=1, f6=1, f7=1, f8=2]] ===
2025-12-30 02:39:13 INFO  STEP: 📝 New input: Filling form fields.
2025-12-30 02:39:17 INFO  STEP: Card nuber 1 have a Thumbnail
2025-12-30 02:39:17 INFO  STEP: Card nuber 1 have a Title: Plant Pot
2025-12-30 02:39:17 INFO  STEP: Card nuber 1 have a Description: The Plant Pot is a stylish container for your favorite plants. With a sleek design, it complements your indoor or outdoor garden, adding a modern touch to your plant display.
2025-12-30 02:39:17 INFO  STEP: Card nuber 1 have a Price: 14.99
2025-12-30 02:39:17 INFO  STEP: Card nuber 1 have a Rating: 3.0
2025-12-30 02:39:17 INFO  STEP PASS: Card #1 should have all the components
2025-12-30 02:39:17 INFO  STEP: Card nuber 2 have a Thumbnail
2025-12-30 02:39:17 INFO  STEP: Card nuber 2 have a Title: Family Tree Photo Frame
2025-12-30 02:39:17 INFO  STEP: Card nuber 2 have a Description: The Family Tree Photo Frame is a sentimental and stylish way to display your cherished family memories. With multiple photo slots, it tells the story of your loved ones.
2025-12-30 02:39:18 INFO  STEP: Card nuber 2 have a Price: 29.99
2025-12-30 02:39:18 INFO  STEP: Card nuber 2 have a Rating: 4.5
2025-12-30 02:39:18 INFO  STEP PASS: Card #2 should have all the components
2025-12-30 02:39:18 INFO  STEP: Card nuber 3 have a Thumbnail
2025-12-30 02:39:18 INFO  STEP: Card nuber 3 have a Title: House Showpiece Plant
2025-12-30 02:39:18 INFO  STEP: Card nuber 3 have a Description: The House Showpiece Plant is an artificial plant that brings a touch of nature to your home without the need for maintenance. It adds greenery and style to any space.
2025-12-30 02:39:18 INFO  STEP: Card nuber 3 have a Price: 39.99
2025-12-30 02:39:18 INFO  STEP: Card nuber 3 have a Rating: 4.7
2025-12-30 02:39:18 INFO  STEP PASS: Card #3 should have all the components
2025-12-30 02:39:18 INFO  STEP: Card nuber 4 have a Thumbnail
2025-12-30 02:39:18 INFO  STEP: Card nuber 4 have a Title: Table Lamp
2025-12-30 02:39:18 INFO  STEP: Card nuber 4 have a Description: The Table Lamp is a functional and decorative lighting solution for your living space. With a modern design, it provides both ambient and task lighting, enhancing the atmosphere.
2025-12-30 02:39:18 INFO  STEP: Card nuber 4 have a Price: 49.99
2025-12-30 02:39:18 INFO  STEP: Card nuber 4 have a Rating: 3.5
2025-12-30 02:39:18 INFO  STEP PASS: Card #4 should have all the components
2025-12-30 02:39:18 INFO  STEP: Card nuber 5 have a Thumbnail
2025-12-30 02:39:19 INFO  STEP: Card nuber 5 have a Title: Decoration Swing
2025-12-30 02:39:19 INFO  STEP: Card nuber 5 have a Description: The Decoration Swing is a charming addition to your home decor. Crafted with intricate details, it adds a touch of elegance and whimsy to any room.
2025-12-30 02:39:19 INFO  STEP: Card nuber 5 have a Price: 59.99
2025-12-30 02:39:19 INFO  STEP: Card nuber 5 have a Rating: 3.2
2025-12-30 02:39:19 INFO  STEP PASS: Card #5 should have all the components
2025-12-30 02:39:19 INFO  === PASS  tests.productCardsTests.ProductCardElementsTests.cardValidation[Exp#19 [f1=2, f2=3, f3=3, f4=2, f5=1, f6=1, f7=1, f8=2]] ===
2025-12-30 02:39:19 INFO  === END   tests.productCardsTests.ProductCardElementsTests.cardValidation[Exp#19 [f1=2, f2=3, f3=3, f4=2, f5=1, f6=1, f7=1, f8=2]] ===
2025-12-30 02:39:19 INFO  === START tests.productCardsTests.ProductCardElementsTests.cardValidation[Exp#20 [f1=2, f2=3, f3=3, f4=3, f5=3, f6=3, f7=3, f8=3]] ===
2025-12-30 02:39:19 INFO  STEP: 📝 New input: Filling form fields.
2025-12-30 02:39:24 INFO  STEP: Card nuber 1 have a Thumbnail
2025-12-30 02:39:24 INFO  STEP: Card nuber 1 have a Title: Samsung Galaxy Tab White
2025-12-30 02:39:24 INFO  STEP: Card nuber 1 have a Description: The Samsung Galaxy Tab in White is a sleek and versatile Android tablet. With a vibrant display, long-lasting battery, and a range of features, it offers a great user experience for various tasks.
2025-12-30 02:39:24 INFO  STEP: Card nuber 1 have a Price: 349.99
2025-12-30 02:39:24 INFO  STEP: Card nuber 1 have a Rating: 3.7
2025-12-30 02:39:24 INFO  STEP PASS: Card #1 should have all the components
2025-12-30 02:39:24 INFO  STEP: Card nuber 2 have a Thumbnail
2025-12-30 02:39:24 INFO  STEP: Card nuber 2 have a Title: Samsung Galaxy Tab White
2025-12-30 02:39:24 INFO  STEP: Card nuber 2 have a Description: The Samsung Galaxy Tab in White is a sleek and versatile Android tablet. With a vibrant display, long-lasting battery, and a range of features, it offers a great user experience for various tasks.
2025-12-30 02:39:24 INFO  STEP: Card nuber 2 have a Price: 349.99
2025-12-30 02:39:24 INFO  STEP: Card nuber 2 have a Rating: 3.7
2025-12-30 02:39:24 INFO  STEP PASS: Card #2 should have all the components
2025-12-30 02:39:24 INFO  STEP: Card nuber 3 have a Thumbnail
2025-12-30 02:39:25 INFO  STEP: Card nuber 3 have a Title: iPad Mini 2021 Starlight
2025-12-30 02:39:25 INFO  STEP: Card nuber 3 have a Description: The iPad Mini 2021 in Starlight is a compact and powerful tablet from Apple. Featuring a stunning Retina display, powerful A-series chip, and a sleek design, it offers a premium tablet experience.
2025-12-30 02:39:25 INFO  STEP: Card nuber 3 have a Price: 499.99
2025-12-30 02:39:25 INFO  STEP: Card nuber 3 have a Rating: 3.2
2025-12-30 02:39:25 INFO  STEP PASS: Card #3 should have all the components
2025-12-30 02:39:25 INFO  STEP: Card nuber 4 have a Thumbnail
2025-12-30 02:39:25 INFO  STEP: Card nuber 4 have a Title: Samsung Galaxy Tab S8 Plus Grey
2025-12-30 02:39:25 INFO  STEP: Card nuber 4 have a Description: The Samsung Galaxy Tab S8 Plus in Grey is a high-performance Android tablet by Samsung. With a large AMOLED display, powerful processor, and S Pen support, it's ideal for productivity and entertainment.
2025-12-30 02:39:25 INFO  STEP: Card nuber 4 have a Price: 599.99
2025-12-30 02:39:25 INFO  STEP: Card nuber 4 have a Rating: 4.7
2025-12-30 02:39:25 INFO  STEP PASS: Card #4 should have all the components
2025-12-30 02:39:25 INFO  === PASS  tests.productCardsTests.ProductCardElementsTests.cardValidation[Exp#20 [f1=2, f2=3, f3=3, f4=3, f5=3, f6=3, f7=3, f8=3]] ===
2025-12-30 02:39:25 INFO  === END   tests.productCardsTests.ProductCardElementsTests.cardValidation[Exp#20 [f1=2, f2=3, f3=3, f4=3, f5=3, f6=3, f7=3, f8=3]] ===
2025-12-30 03:05:40 INFO  === START tests.productCardsTests.ProductCardElementsTests.cardValidation[Exp#1 [f1=1, f2=1, f3=1, f4=1, f5=1, f6=1, f7=1, f8=1]] ===
2025-12-30 03:05:42 INFO  STEP: 📝 New input: Filling form fields.
2025-12-30 03:05:50 INFO  STEP: Card nuber 1 have a Thumbnail
2025-12-30 03:05:50 INFO  STEP: Card nuber 1 have a Title: Green and Black Glasses
2025-12-30 03:05:50 INFO  STEP: Card nuber 1 have a Description: The Green and Black Glasses feature a bold combination of green and black colors, adding a touch of vibrancy to your eyewear collection. They are both stylish and eye-catching.
2025-12-30 03:05:50 INFO  STEP: Card nuber 1 have a Price: 34.99
2025-12-30 03:05:50 INFO  STEP: Card nuber 1 have a Rating: 4.5
2025-12-30 03:05:50 INFO  STEP PASS: Card #1 should have all the components
2025-12-30 03:05:50 INFO  STEP: Card nuber 2 have a Thumbnail
2025-12-30 03:05:50 INFO  STEP: Card nuber 2 have a Title: Black Sun Glasses
2025-12-30 03:05:50 INFO  STEP: Card nuber 2 have a Description: The Black Sun Glasses are a classic and stylish choice, featuring a sleek black frame and tinted lenses. They provide both UV protection and a fashionable look.
2025-12-30 03:05:50 INFO  STEP: Card nuber 2 have a Price: 29.99
2025-12-30 03:05:50 INFO  STEP: Card nuber 2 have a Rating: 4.4
2025-12-30 03:05:50 INFO  STEP PASS: Card #2 should have all the components
2025-12-30 03:05:51 INFO  STEP: Card nuber 3 have a Thumbnail
2025-12-30 03:05:51 INFO  STEP: Card nuber 3 have a Title: Classic Sun Glasses
2025-12-30 03:05:51 INFO  STEP: Card nuber 3 have a Description: The Classic Sun Glasses offer a timeless design with a neutral frame and UV-protected lenses. These sunglasses are versatile and suitable for various occasions.
2025-12-30 03:05:51 INFO  STEP: Card nuber 3 have a Price: 24.99
2025-12-30 03:05:51 INFO  STEP: Card nuber 3 have a Rating: 3.9
2025-12-30 03:05:51 INFO  STEP PASS: Card #3 should have all the components
2025-12-30 03:05:51 INFO  STEP: Card nuber 4 have a Thumbnail
2025-12-30 03:05:51 INFO  STEP: Card nuber 4 have a Title: Sunglasses
2025-12-30 03:05:51 INFO  STEP: Card nuber 4 have a Description: The Sunglasses offer a classic and simple design with a focus on functionality. These sunglasses provide essential UV protection while maintaining a timeless look.
2025-12-30 03:05:51 INFO  STEP: Card nuber 4 have a Price: 22.99
2025-12-30 03:05:51 INFO  STEP: Card nuber 4 have a Rating: 3.0
2025-12-30 03:05:51 INFO  STEP PASS: Card #4 should have all the components
2025-12-30 03:05:51 INFO  STEP: Card nuber 5 have a Thumbnail
2025-12-30 03:05:51 INFO  STEP: Card nuber 5 have a Title: Party Glasses
2025-12-30 03:05:52 INFO  STEP: Card nuber 5 have a Description: The Party Glasses are designed to add flair to your party outfit. With unique shapes or colorful frames, they're perfect for adding a playful touch to your look during celebrations.
2025-12-30 03:05:52 INFO  STEP: Card nuber 5 have a Price: 19.99
2025-12-30 03:05:52 INFO  STEP: Card nuber 5 have a Rating: 2.8
2025-12-30 03:05:52 INFO  STEP PASS: Card #5 should have all the components
2025-12-30 03:05:52 INFO  === PASS  tests.productCardsTests.ProductCardElementsTests.cardValidation[Exp#1 [f1=1, f2=1, f3=1, f4=1, f5=1, f6=1, f7=1, f8=1]] ===
2025-12-30 03:05:52 INFO  === END   tests.productCardsTests.ProductCardElementsTests.cardValidation[Exp#1 [f1=1, f2=1, f3=1, f4=1, f5=1, f6=1, f7=1, f8=1]] ===
2025-12-30 03:05:52 INFO  === START tests.productCardsTests.ProductCardElementsTests.cardValidation[Exp#2 [f1=1, f2=1, f3=2, f4=2, f5=2, f6=2, f7=2, f8=2]] ===
2025-12-30 03:05:52 INFO  STEP: 📝 New input: Filling form fields.
2025-12-30 03:05:55 INFO  STEP: Card nuber 1 have a Thumbnail
2025-12-30 03:05:55 INFO  STEP: Card nuber 1 have a Title: Black Aluminium Cup
2025-12-30 03:05:55 INFO  STEP: Card nuber 1 have a Description: The Black Aluminium Cup is a stylish and durable cup suitable for both hot and cold beverages. Its sleek black design adds a modern touch to your drinkware collection.
2025-12-30 03:05:55 INFO  STEP: Card nuber 1 have a Price: 5.99
2025-12-30 03:05:55 INFO  STEP: Card nuber 1 have a Rating: 4.5
2025-12-30 03:05:55 INFO  STEP PASS: Card #1 should have all the components
2025-12-30 03:05:56 INFO  STEP: Card nuber 2 have a Thumbnail
2025-12-30 03:05:56 INFO  STEP: Card nuber 2 have a Title: Bamboo Spatula
2025-12-30 03:05:56 INFO  STEP: Card nuber 2 have a Description: The Bamboo Spatula is a versatile kitchen tool made from eco-friendly bamboo. Ideal for flipping, stirring, and serving various dishes.
2025-12-30 03:05:56 INFO  STEP: Card nuber 2 have a Price: 7.99
2025-12-30 03:05:56 INFO  STEP: Card nuber 2 have a Rating: 3.3
2025-12-30 03:05:56 INFO  STEP PASS: Card #2 should have all the components
2025-12-30 03:05:56 INFO  STEP: Card nuber 3 have a Thumbnail
2025-12-30 03:05:56 INFO  STEP: Card nuber 3 have a Title: Black Whisk
2025-12-30 03:05:56 INFO  STEP: Card nuber 3 have a Description: The Black Whisk is a kitchen essential for whisking and beating ingredients. Its ergonomic handle and sleek design make it a practical and stylish tool.
2025-12-30 03:05:56 INFO  STEP: Card nuber 3 have a Price: 9.99
2025-12-30 03:05:56 INFO  STEP: Card nuber 3 have a Rating: 3.9
2025-12-30 03:05:56 INFO  STEP PASS: Card #3 should have all the components
2025-12-30 03:05:56 INFO  STEP: Card nuber 4 have a Thumbnail
2025-12-30 03:05:56 INFO  STEP: Card nuber 4 have a Title: Carbon Steel Wok
2025-12-30 03:05:56 INFO  STEP: Card nuber 4 have a Description: The Carbon Steel Wok is a versatile cooking pan suitable for stir-frying, sautéing, and deep frying. Its sturdy construction ensures even heat distribution for delicious meals.
2025-12-30 03:05:56 INFO  STEP: Card nuber 4 have a Price: 29.99
2025-12-30 03:05:56 INFO  STEP: Card nuber 4 have a Rating: 4.0
2025-12-30 03:05:56 INFO  STEP PASS: Card #4 should have all the components
2025-12-30 03:05:56 INFO  STEP: Card nuber 5 have a Thumbnail
2025-12-30 03:05:56 INFO  STEP: Card nuber 5 have a Title: Boxed Blender
2025-12-30 03:05:57 INFO  STEP: Card nuber 5 have a Description: The Boxed Blender is a powerful and compact blender perfect for smoothies, shakes, and more. Its convenient design and multiple functions make it a versatile kitchen appliance.
2025-12-30 03:05:57 INFO  STEP: Card nuber 5 have a Price: 39.99
2025-12-30 03:05:57 INFO  STEP: Card nuber 5 have a Rating: 4.6
2025-12-30 03:05:57 INFO  STEP PASS: Card #5 should have all the components
2025-12-30 03:05:57 INFO  === PASS  tests.productCardsTests.ProductCardElementsTests.cardValidation[Exp#2 [f1=1, f2=1, f3=2, f4=2, f5=2, f6=2, f7=2, f8=2]] ===
2025-12-30 03:05:57 INFO  === END   tests.productCardsTests.ProductCardElementsTests.cardValidation[Exp#2 [f1=1, f2=1, f3=2, f4=2, f5=2, f6=2, f7=2, f8=2]] ===
2025-12-30 03:05:57 INFO  === START tests.productCardsTests.ProductCardElementsTests.cardValidation[Exp#3 [f1=1, f2=1, f3=3, f4=3, f5=3, f6=3, f7=3, f8=3]] ===
2025-12-30 03:05:57 INFO  STEP: 📝 New input: Filling form fields.
2025-12-30 03:06:00 INFO  STEP: Card nuber 1 have a Thumbnail
2025-12-30 03:06:00 INFO  STEP: Card nuber 1 have a Title: Samsung Galaxy Tab White
2025-12-30 03:06:01 INFO  STEP: Card nuber 1 have a Description: The Samsung Galaxy Tab in White is a sleek and versatile Android tablet. With a vibrant display, long-lasting battery, and a range of features, it offers a great user experience for various tasks.
2025-12-30 03:06:01 INFO  STEP: Card nuber 1 have a Price: 349.99
2025-12-30 03:06:01 INFO  STEP: Card nuber 1 have a Rating: 3.7
2025-12-30 03:06:01 INFO  STEP PASS: Card #1 should have all the components
2025-12-30 03:06:01 INFO  STEP: Card nuber 2 have a Thumbnail
2025-12-30 03:06:01 INFO  STEP: Card nuber 2 have a Title: Samsung Galaxy Tab White
2025-12-30 03:06:01 INFO  STEP: Card nuber 2 have a Description: The Samsung Galaxy Tab in White is a sleek and versatile Android tablet. With a vibrant display, long-lasting battery, and a range of features, it offers a great user experience for various tasks.
2025-12-30 03:06:01 INFO  STEP: Card nuber 2 have a Price: 349.99
2025-12-30 03:06:01 INFO  STEP: Card nuber 2 have a Rating: 3.7
2025-12-30 03:06:01 INFO  STEP PASS: Card #2 should have all the components
2025-12-30 03:06:01 INFO  STEP: Card nuber 3 have a Thumbnail
2025-12-30 03:06:01 INFO  STEP: Card nuber 3 have a Title: iPad Mini 2021 Starlight
2025-12-30 03:06:01 INFO  STEP: Card nuber 3 have a Description: The iPad Mini 2021 in Starlight is a compact and powerful tablet from Apple. Featuring a stunning Retina display, powerful A-series chip, and a sleek design, it offers a premium tablet experience.
2025-12-30 03:06:01 INFO  STEP: Card nuber 3 have a Price: 499.99
2025-12-30 03:06:01 INFO  STEP: Card nuber 3 have a Rating: 3.2
2025-12-30 03:06:01 INFO  STEP PASS: Card #3 should have all the components
2025-12-30 03:06:01 INFO  STEP: Card nuber 4 have a Thumbnail
2025-12-30 03:06:01 INFO  STEP: Card nuber 4 have a Title: Samsung Galaxy Tab S8 Plus Grey
2025-12-30 03:06:01 INFO  STEP: Card nuber 4 have a Description: The Samsung Galaxy Tab S8 Plus in Grey is a high-performance Android tablet by Samsung. With a large AMOLED display, powerful processor, and S Pen support, it's ideal for productivity and entertainment.
2025-12-30 03:06:01 INFO  STEP: Card nuber 4 have a Price: 599.99
2025-12-30 03:06:01 INFO  STEP: Card nuber 4 have a Rating: 4.7
2025-12-30 03:06:01 INFO  STEP PASS: Card #4 should have all the components
2025-12-30 03:06:01 INFO  === PASS  tests.productCardsTests.ProductCardElementsTests.cardValidation[Exp#3 [f1=1, f2=1, f3=3, f4=3, f5=3, f6=3, f7=3, f8=3]] ===
2025-12-30 03:06:01 INFO  === END   tests.productCardsTests.ProductCardElementsTests.cardValidation[Exp#3 [f1=1, f2=1, f3=3, f4=3, f5=3, f6=3, f7=3, f8=3]] ===
2025-12-30 03:06:01 INFO  === START tests.productCardsTests.ProductCardElementsTests.cardValidation[Exp#4 [f1=1, f2=2, f3=1, f4=1, f5=2, f6=2, f7=3, f8=3]] ===
2025-12-30 03:06:01 INFO  STEP: 📝 New input: Filling form fields.
2025-12-30 03:06:05 INFO  STEP: Card nuber 1 have a Thumbnail
2025-12-30 03:06:05 INFO  STEP: Card nuber 1 have a Title: Plant Pot
2025-12-30 03:06:05 INFO  STEP: Card nuber 1 have a Description: The Plant Pot is a stylish container for your favorite plants. With a sleek design, it complements your indoor or outdoor garden, adding a modern touch to your plant display.
2025-12-30 03:06:05 INFO  STEP: Card nuber 1 have a Price: 14.99
2025-12-30 03:06:05 INFO  STEP: Card nuber 1 have a Rating: 3.0
2025-12-30 03:06:05 INFO  STEP PASS: Card #1 should have all the components
2025-12-30 03:06:06 INFO  STEP: Card nuber 2 have a Thumbnail
2025-12-30 03:06:06 INFO  STEP: Card nuber 2 have a Title: Family Tree Photo Frame
2025-12-30 03:06:06 INFO  STEP: Card nuber 2 have a Description: The Family Tree Photo Frame is a sentimental and stylish way to display your cherished family memories. With multiple photo slots, it tells the story of your loved ones.
2025-12-30 03:06:06 INFO  STEP: Card nuber 2 have a Price: 29.99
2025-12-30 03:06:06 INFO  STEP: Card nuber 2 have a Rating: 4.5
2025-12-30 03:06:06 INFO  STEP PASS: Card #2 should have all the components
2025-12-30 03:06:06 INFO  STEP: Card nuber 3 have a Thumbnail
2025-12-30 03:06:06 INFO  STEP: Card nuber 3 have a Title: House Showpiece Plant
2025-12-30 03:06:06 INFO  STEP: Card nuber 3 have a Description: The House Showpiece Plant is an artificial plant that brings a touch of nature to your home without the need for maintenance. It adds greenery and style to any space.
2025-12-30 03:06:06 INFO  STEP: Card nuber 3 have a Price: 39.99
2025-12-30 03:06:06 INFO  STEP: Card nuber 3 have a Rating: 4.7
2025-12-30 03:06:06 INFO  STEP PASS: Card #3 should have all the components
2025-12-30 03:06:06 INFO  STEP: Card nuber 4 have a Thumbnail
2025-12-30 03:06:06 INFO  STEP: Card nuber 4 have a Title: Table Lamp
2025-12-30 03:06:06 INFO  STEP: Card nuber 4 have a Description: The Table Lamp is a functional and decorative lighting solution for your living space. With a modern design, it provides both ambient and task lighting, enhancing the atmosphere.
2025-12-30 03:06:06 INFO  STEP: Card nuber 4 have a Price: 49.99
2025-12-30 03:06:06 INFO  STEP: Card nuber 4 have a Rating: 3.5
2025-12-30 03:06:06 INFO  STEP PASS: Card #4 should have all the components
2025-12-30 03:06:06 INFO  STEP: Card nuber 5 have a Thumbnail
2025-12-30 03:06:07 INFO  STEP: Card nuber 5 have a Title: Decoration Swing
2025-12-30 03:06:07 INFO  STEP: Card nuber 5 have a Description: The Decoration Swing is a charming addition to your home decor. Crafted with intricate details, it adds a touch of elegance and whimsy to any room.
2025-12-30 03:06:07 INFO  STEP: Card nuber 5 have a Price: 59.99
2025-12-30 03:06:07 INFO  STEP: Card nuber 5 have a Rating: 3.2
2025-12-30 03:06:07 INFO  STEP PASS: Card #5 should have all the components
2025-12-30 03:06:07 INFO  === PASS  tests.productCardsTests.ProductCardElementsTests.cardValidation[Exp#4 [f1=1, f2=2, f3=1, f4=1, f5=2, f6=2, f7=3, f8=3]] ===
2025-12-30 03:06:07 INFO  === END   tests.productCardsTests.ProductCardElementsTests.cardValidation[Exp#4 [f1=1, f2=2, f3=1, f4=1, f5=2, f6=2, f7=3, f8=3]] ===
2025-12-30 03:06:07 INFO  === START tests.productCardsTests.ProductCardElementsTests.cardValidation[Exp#5 [f1=1, f2=2, f3=2, f4=2, f5=3, f6=3, f7=1, f8=1]] ===
2025-12-30 03:06:07 INFO  STEP: 📝 New input: Filling form fields.
2025-12-30 03:06:11 INFO  STEP: Card nuber 1 have a Thumbnail
2025-12-30 03:06:11 INFO  STEP: Card nuber 1 have a Title: Black Aluminium Cup
2025-12-30 03:06:11 INFO  STEP: Card nuber 1 have a Description: The Black Aluminium Cup is a stylish and durable cup suitable for both hot and cold beverages. Its sleek black design adds a modern touch to your drinkware collection.
2025-12-30 03:06:11 INFO  STEP: Card nuber 1 have a Price: 5.99
2025-12-30 03:06:11 INFO  STEP: Card nuber 1 have a Rating: 4.5
2025-12-30 03:06:11 INFO  STEP PASS: Card #1 should have all the components
2025-12-30 03:06:11 INFO  STEP: Card nuber 2 have a Thumbnail
2025-12-30 03:06:11 INFO  STEP: Card nuber 2 have a Title: Bamboo Spatula
2025-12-30 03:06:12 INFO  STEP: Card nuber 2 have a Description: The Bamboo Spatula is a versatile kitchen tool made from eco-friendly bamboo. Ideal for flipping, stirring, and serving various dishes.
2025-12-30 03:06:12 INFO  STEP: Card nuber 2 have a Price: 7.99
2025-12-30 03:06:12 INFO  STEP: Card nuber 2 have a Rating: 3.3
2025-12-30 03:06:12 INFO  STEP PASS: Card #2 should have all the components
2025-12-30 03:06:12 INFO  STEP: Card nuber 3 have a Thumbnail
2025-12-30 03:06:12 INFO  STEP: Card nuber 3 have a Title: Black Whisk
2025-12-30 03:06:12 INFO  STEP: Card nuber 3 have a Description: The Black Whisk is a kitchen essential for whisking and beating ingredients. Its ergonomic handle and sleek design make it a practical and stylish tool.
2025-12-30 03:06:12 INFO  STEP: Card nuber 3 have a Price: 9.99
2025-12-30 03:06:12 INFO  STEP: Card nuber 3 have a Rating: 3.9
2025-12-30 03:06:12 INFO  STEP PASS: Card #3 should have all the components
2025-12-30 03:06:12 INFO  STEP: Card nuber 4 have a Thumbnail
2025-12-30 03:06:12 INFO  STEP: Card nuber 4 have a Title: Carbon Steel Wok
2025-12-30 03:06:12 INFO  STEP: Card nuber 4 have a Description: The Carbon Steel Wok is a versatile cooking pan suitable for stir-frying, sautéing, and deep frying. Its sturdy construction ensures even heat distribution for delicious meals.
2025-12-30 03:06:12 INFO  STEP: Card nuber 4 have a Price: 29.99
2025-12-30 03:06:12 INFO  STEP: Card nuber 4 have a Rating: 4.0
2025-12-30 03:06:12 INFO  STEP PASS: Card #4 should have all the components
2025-12-30 03:06:12 INFO  STEP: Card nuber 5 have a Thumbnail
2025-12-30 03:06:12 INFO  STEP: Card nuber 5 have a Title: Boxed Blender
2025-12-30 03:06:12 INFO  STEP: Card nuber 5 have a Description: The Boxed Blender is a powerful and compact blender perfect for smoothies, shakes, and more. Its convenient design and multiple functions make it a versatile kitchen appliance.
2025-12-30 03:06:12 INFO  STEP: Card nuber 5 have a Price: 39.99
2025-12-30 03:06:12 INFO  STEP: Card nuber 5 have a Rating: 4.6
2025-12-30 03:06:12 INFO  STEP PASS: Card #5 should have all the components
2025-12-30 03:06:12 INFO  === PASS  tests.productCardsTests.ProductCardElementsTests.cardValidation[Exp#5 [f1=1, f2=2, f3=2, f4=2, f5=3, f6=3, f7=1, f8=1]] ===
2025-12-30 03:06:12 INFO  === END   tests.productCardsTests.ProductCardElementsTests.cardValidation[Exp#5 [f1=1, f2=2, f3=2, f4=2, f5=3, f6=3, f7=1, f8=1]] ===
2025-12-30 03:06:12 INFO  === START tests.productCardsTests.ProductCardElementsTests.cardValidation[Exp#6 [f1=1, f2=2, f3=3, f4=3, f5=1, f6=1, f7=2, f8=2]] ===
2025-12-30 03:06:12 INFO  STEP: 📝 New input: Filling form fields.
2025-12-30 03:06:16 INFO  STEP: Card nuber 1 have a Thumbnail
2025-12-30 03:06:16 INFO  STEP: Card nuber 1 have a Title: Baseball Ball
2025-12-30 03:06:16 INFO  STEP: Card nuber 1 have a Description: The Baseball Ball is a standard baseball used in baseball games. It features a durable leather cover and is designed for pitching, hitting, and fielding in the game of baseball.
2025-12-30 03:06:16 INFO  STEP: Card nuber 1 have a Price: 8.99
2025-12-30 03:06:16 INFO  STEP: Card nuber 1 have a Rating: 2.6
2025-12-30 03:06:16 INFO  STEP PASS: Card #1 should have all the components
2025-12-30 03:06:16 INFO  STEP: Card nuber 2 have a Thumbnail
2025-12-30 03:06:16 INFO  STEP: Card nuber 2 have a Title: Basketball
2025-12-30 03:06:16 INFO  STEP: Card nuber 2 have a Description: The Basketball is a standard ball used in basketball games. It is designed for dribbling, shooting, and passing in the game of basketball, suitable for both indoor and outdoor play.
2025-12-30 03:06:16 INFO  STEP: Card nuber 2 have a Price: 14.99
2025-12-30 03:06:16 INFO  STEP: Card nuber 2 have a Rating: 4.7
2025-12-30 03:06:16 INFO  STEP PASS: Card #2 should have all the components
2025-12-30 03:06:16 INFO  STEP: Card nuber 3 have a Thumbnail
2025-12-30 03:06:16 INFO  STEP: Card nuber 3 have a Title: American Football
2025-12-30 03:06:16 INFO  STEP: Card nuber 3 have a Description: The American Football is a classic ball used in American football games. It is designed for throwing and catching, making it an essential piece of equipment for the sport.
2025-12-30 03:06:17 INFO  STEP: Card nuber 3 have a Price: 19.99
2025-12-30 03:06:17 INFO  STEP: Card nuber 3 have a Rating: 4.9
2025-12-30 03:06:17 INFO  STEP PASS: Card #3 should have all the components
2025-12-30 03:06:17 INFO  STEP: Card nuber 4 have a Thumbnail
2025-12-30 03:06:17 INFO  STEP: Card nuber 4 have a Title: Baseball Glove
2025-12-30 03:06:17 INFO  STEP: Card nuber 4 have a Description: The Baseball Glove is a protective glove worn by baseball players. It is designed to catch and field the baseball, providing players with comfort and control during the game.
2025-12-30 03:06:17 INFO  STEP: Card nuber 4 have a Price: 24.99
2025-12-30 03:06:17 INFO  STEP: Card nuber 4 have a Rating: 4.0
2025-12-30 03:06:17 INFO  STEP PASS: Card #4 should have all the components
2025-12-30 03:06:17 INFO  STEP: Card nuber 5 have a Thumbnail
2025-12-30 03:06:17 INFO  STEP: Card nuber 5 have a Title: Basketball Rim
2025-12-30 03:06:17 INFO  STEP: Card nuber 5 have a Description: The Basketball Rim is a sturdy hoop and net assembly mounted on a basketball backboard. It provides a target for shooting and scoring in the game of basketball.
2025-12-30 03:06:17 INFO  STEP: Card nuber 5 have a Price: 39.99
2025-12-30 03:06:17 INFO  STEP: Card nuber 5 have a Rating: 4.6
2025-12-30 03:06:17 INFO  STEP PASS: Card #5 should have all the components
2025-12-30 03:06:17 INFO  === PASS  tests.productCardsTests.ProductCardElementsTests.cardValidation[Exp#6 [f1=1, f2=2, f3=3, f4=3, f5=1, f6=1, f7=2, f8=2]] ===
2025-12-30 03:06:17 INFO  === END   tests.productCardsTests.ProductCardElementsTests.cardValidation[Exp#6 [f1=1, f2=2, f3=3, f4=3, f5=1, f6=1, f7=2, f8=2]] ===
2025-12-30 03:06:17 INFO  === START tests.productCardsTests.ProductCardElementsTests.cardValidation[Exp#7 [f1=1, f2=3, f3=1, f4=2, f5=1, f6=3, f7=2, f8=3]] ===
2025-12-30 03:06:17 INFO  STEP: 📝 New input: Filling form fields.
2025-12-30 03:06:21 INFO  STEP: Card nuber 1 have a Thumbnail
2025-12-30 03:06:21 INFO  STEP: Card nuber 1 have a Title: Baseball Ball
2025-12-30 03:06:21 INFO  STEP: Card nuber 1 have a Description: The Baseball Ball is a standard baseball used in baseball games. It features a durable leather cover and is designed for pitching, hitting, and fielding in the game of baseball.
2025-12-30 03:06:21 INFO  STEP: Card nuber 1 have a Price: 8.99
2025-12-30 03:06:21 INFO  STEP: Card nuber 1 have a Rating: 2.6
2025-12-30 03:06:21 INFO  STEP PASS: Card #1 should have all the components
2025-12-30 03:06:21 INFO  STEP: Card nuber 2 have a Thumbnail
2025-12-30 03:06:21 INFO  STEP: Card nuber 2 have a Title: Basketball
2025-12-30 03:06:21 INFO  STEP: Card nuber 2 have a Description: The Basketball is a standard ball used in basketball games. It is designed for dribbling, shooting, and passing in the game of basketball, suitable for both indoor and outdoor play.
2025-12-30 03:06:21 INFO  STEP: Card nuber 2 have a Price: 14.99
2025-12-30 03:06:21 INFO  STEP: Card nuber 2 have a Rating: 4.7
2025-12-30 03:06:21 INFO  STEP PASS: Card #2 should have all the components
2025-12-30 03:06:21 INFO  STEP: Card nuber 3 have a Thumbnail
2025-12-30 03:06:21 INFO  STEP: Card nuber 3 have a Title: American Football
2025-12-30 03:06:22 INFO  STEP: Card nuber 3 have a Description: The American Football is a classic ball used in American football games. It is designed for throwing and catching, making it an essential piece of equipment for the sport.
2025-12-30 03:06:22 INFO  STEP: Card nuber 3 have a Price: 19.99
2025-12-30 03:06:22 INFO  STEP: Card nuber 3 have a Rating: 4.9
2025-12-30 03:06:22 INFO  STEP PASS: Card #3 should have all the components
2025-12-30 03:06:22 INFO  STEP: Card nuber 4 have a Thumbnail
2025-12-30 03:06:22 INFO  STEP: Card nuber 4 have a Title: Baseball Glove
2025-12-30 03:06:22 INFO  STEP: Card nuber 4 have a Description: The Baseball Glove is a protective glove worn by baseball players. It is designed to catch and field the baseball, providing players with comfort and control during the game.
2025-12-30 03:06:22 INFO  STEP: Card nuber 4 have a Price: 24.99
2025-12-30 03:06:22 INFO  STEP: Card nuber 4 have a Rating: 4.0
2025-12-30 03:06:22 INFO  STEP PASS: Card #4 should have all the components
2025-12-30 03:06:22 INFO  STEP: Card nuber 5 have a Thumbnail
2025-12-30 03:06:22 INFO  STEP: Card nuber 5 have a Title: Basketball Rim
2025-12-30 03:06:22 INFO  STEP: Card nuber 5 have a Description: The Basketball Rim is a sturdy hoop and net assembly mounted on a basketball backboard. It provides a target for shooting and scoring in the game of basketball.
2025-12-30 03:06:22 INFO  STEP: Card nuber 5 have a Price: 39.99
2025-12-30 03:06:22 INFO  STEP: Card nuber 5 have a Rating: 4.6
2025-12-30 03:06:22 INFO  STEP PASS: Card #5 should have all the components
2025-12-30 03:06:22 INFO  === PASS  tests.productCardsTests.ProductCardElementsTests.cardValidation[Exp#7 [f1=1, f2=3, f3=1, f4=2, f5=1, f6=3, f7=2, f8=3]] ===
2025-12-30 03:06:22 INFO  === END   tests.productCardsTests.ProductCardElementsTests.cardValidation[Exp#7 [f1=1, f2=3, f3=1, f4=2, f5=1, f6=3, f7=2, f8=3]] ===
2025-12-30 03:06:22 INFO  === START tests.productCardsTests.ProductCardElementsTests.cardValidation[Exp#8 [f1=1, f2=3, f3=2, f4=3, f5=2, f6=1, f7=3, f8=1]] ===
2025-12-30 03:06:22 INFO  STEP: 📝 New input: Filling form fields.
2025-12-30 03:06:26 INFO  STEP: Card nuber 1 have a Thumbnail
2025-12-30 03:06:26 INFO  STEP: Card nuber 1 have a Title: iPhone 5s
2025-12-30 03:06:26 INFO  STEP: Card nuber 1 have a Description: The iPhone 5s is a classic smartphone known for its compact design and advanced features during its release. While it's an older model, it still provides a reliable user experience.
2025-12-30 03:06:26 INFO  STEP: Card nuber 1 have a Price: 199.99
2025-12-30 03:06:27 INFO  STEP: Card nuber 1 have a Rating: 2.8
2025-12-30 03:06:27 INFO  STEP PASS: Card #1 should have all the components
2025-12-30 03:06:27 INFO  STEP: Card nuber 2 have a Thumbnail
2025-12-30 03:06:27 INFO  STEP: Card nuber 2 have a Title: Oppo A57
2025-12-30 03:06:27 INFO  STEP: Card nuber 2 have a Description: The Oppo A57 is a mid-range smartphone known for its sleek design and capable features. It offers a balance of performance and affordability, making it a popular choice.
2025-12-30 03:06:27 INFO  STEP: Card nuber 2 have a Price: 249.99
2025-12-30 03:06:27 INFO  STEP: Card nuber 2 have a Rating: 3.9
2025-12-30 03:06:27 INFO  STEP PASS: Card #2 should have all the components
2025-12-30 03:06:27 INFO  STEP: Card nuber 3 have a Thumbnail
2025-12-30 03:06:27 INFO  STEP: Card nuber 3 have a Title: iPhone 6
2025-12-30 03:06:27 INFO  STEP: Card nuber 3 have a Description: The iPhone 6 is a stylish and capable smartphone with a larger display and improved performance. It introduced new features and design elements, making it a popular choice in its time.
2025-12-30 03:06:27 INFO  STEP: Card nuber 3 have a Price: 299.99
2025-12-30 03:06:27 INFO  STEP: Card nuber 3 have a Rating: 3.4
2025-12-30 03:06:27 INFO  STEP PASS: Card #3 should have all the components
2025-12-30 03:06:27 INFO  STEP: Card nuber 4 have a Thumbnail
2025-12-30 03:06:27 INFO  STEP: Card nuber 4 have a Title: iPhone X
2025-12-30 03:06:27 INFO  STEP: Card nuber 4 have a Description: The iPhone X is a flagship smartphone featuring a bezel-less OLED display, facial recognition technology (Face ID), and impressive performance. It represents a milestone in iPhone design and innovation.
2025-12-30 03:06:27 INFO  STEP: Card nuber 4 have a Price: 899.99
2025-12-30 03:06:27 INFO  STEP: Card nuber 4 have a Rating: 2.5
2025-12-30 03:06:27 INFO  STEP PASS: Card #4 should have all the components
2025-12-30 03:06:27 INFO  STEP: Card nuber 5 have a Thumbnail
2025-12-30 03:06:27 INFO  STEP: Card nuber 5 have a Title: iPhone 13 Pro
2025-12-30 03:06:27 INFO  STEP: Card nuber 5 have a Description: The iPhone 13 Pro is a cutting-edge smartphone with a powerful camera system, high-performance chip, and stunning display. It offers advanced features for users who demand top-notch technology.
2025-12-30 03:06:27 INFO  STEP: Card nuber 5 have a Price: 1099.99
2025-12-30 03:06:27 INFO  STEP: Card nuber 5 have a Rating: 4.1
2025-12-30 03:06:27 INFO  STEP PASS: Card #5 should have all the components
2025-12-30 03:06:27 INFO  === PASS  tests.productCardsTests.ProductCardElementsTests.cardValidation[Exp#8 [f1=1, f2=3, f3=2, f4=3, f5=2, f6=1, f7=3, f8=1]] ===
2025-12-30 03:06:27 INFO  === END   tests.productCardsTests.ProductCardElementsTests.cardValidation[Exp#8 [f1=1, f2=3, f3=2, f4=3, f5=2, f6=1, f7=3, f8=1]] ===
2025-12-30 03:06:27 INFO  === START tests.productCardsTests.ProductCardElementsTests.cardValidation[Exp#9 [f1=1, f2=3, f3=3, f4=1, f5=3, f6=2, f7=1, f8=2]] ===
2025-12-30 03:06:27 INFO  STEP: 📝 New input: Filling form fields.
2025-12-30 03:06:31 INFO  STEP: Card nuber 1 have a Thumbnail
2025-12-30 03:06:31 INFO  STEP: Card nuber 1 have a Title: Baseball Ball
2025-12-30 03:06:31 INFO  STEP: Card nuber 1 have a Description: The Baseball Ball is a standard baseball used in baseball games. It features a durable leather cover and is designed for pitching, hitting, and fielding in the game of baseball.
2025-12-30 03:06:31 INFO  STEP: Card nuber 1 have a Price: 8.99
2025-12-30 03:06:31 INFO  STEP: Card nuber 1 have a Rating: 2.6
2025-12-30 03:06:31 INFO  STEP PASS: Card #1 should have all the components
2025-12-30 03:06:31 INFO  STEP: Card nuber 2 have a Thumbnail
2025-12-30 03:06:31 INFO  STEP: Card nuber 2 have a Title: Basketball
2025-12-30 03:06:31 INFO  STEP: Card nuber 2 have a Description: The Basketball is a standard ball used in basketball games. It is designed for dribbling, shooting, and passing in the game of basketball, suitable for both indoor and outdoor play.
2025-12-30 03:06:31 INFO  STEP: Card nuber 2 have a Price: 14.99
2025-12-30 03:06:31 INFO  STEP: Card nuber 2 have a Rating: 4.7
2025-12-30 03:06:31 INFO  STEP PASS: Card #2 should have all the components
2025-12-30 03:06:32 INFO  STEP: Card nuber 3 have a Thumbnail
2025-12-30 03:06:32 INFO  STEP: Card nuber 3 have a Title: American Football
2025-12-30 03:06:32 INFO  STEP: Card nuber 3 have a Description: The American Football is a classic ball used in American football games. It is designed for throwing and catching, making it an essential piece of equipment for the sport.
2025-12-30 03:06:32 INFO  STEP: Card nuber 3 have a Price: 19.99
2025-12-30 03:06:32 INFO  STEP: Card nuber 3 have a Rating: 4.9
2025-12-30 03:06:32 INFO  STEP PASS: Card #3 should have all the components
2025-12-30 03:06:32 INFO  STEP: Card nuber 4 have a Thumbnail
2025-12-30 03:06:32 INFO  STEP: Card nuber 4 have a Title: Baseball Glove
2025-12-30 03:06:32 INFO  STEP: Card nuber 4 have a Description: The Baseball Glove is a protective glove worn by baseball players. It is designed to catch and field the baseball, providing players with comfort and control during the game.
2025-12-30 03:06:32 INFO  STEP: Card nuber 4 have a Price: 24.99
2025-12-30 03:06:32 INFO  STEP: Card nuber 4 have a Rating: 4.0
2025-12-30 03:06:32 INFO  STEP PASS: Card #4 should have all the components
2025-12-30 03:06:32 INFO  STEP: Card nuber 5 have a Thumbnail
2025-12-30 03:06:32 INFO  STEP: Card nuber 5 have a Title: Basketball Rim
2025-12-30 03:06:32 INFO  STEP: Card nuber 5 have a Description: The Basketball Rim is a sturdy hoop and net assembly mounted on a basketball backboard. It provides a target for shooting and scoring in the game of basketball.
2025-12-30 03:06:32 INFO  STEP: Card nuber 5 have a Price: 39.99
2025-12-30 03:06:32 INFO  STEP: Card nuber 5 have a Rating: 4.6
2025-12-30 03:06:32 INFO  STEP PASS: Card #5 should have all the components
2025-12-30 03:06:32 INFO  === PASS  tests.productCardsTests.ProductCardElementsTests.cardValidation[Exp#9 [f1=1, f2=3, f3=3, f4=1, f5=3, f6=2, f7=1, f8=2]] ===
2025-12-30 03:06:32 INFO  === END   tests.productCardsTests.ProductCardElementsTests.cardValidation[Exp#9 [f1=1, f2=3, f3=3, f4=1, f5=3, f6=2, f7=1, f8=2]] ===
2025-12-30 03:06:32 INFO  === START tests.productCardsTests.ProductCardElementsTests.cardValidation[Exp#10 [f1=2, f2=1, f3=1, f4=3, f5=3, f6=2, f7=2, f8=1]] ===
2025-12-30 03:06:32 INFO  STEP: 📝 New input: Filling form fields.
2025-12-30 03:06:36 INFO  STEP: Card nuber 1 have a Thumbnail
2025-12-30 03:06:36 INFO  STEP: Card nuber 1 have a Title: Black Aluminium Cup
2025-12-30 03:06:36 INFO  STEP: Card nuber 1 have a Description: The Black Aluminium Cup is a stylish and durable cup suitable for both hot and cold beverages. Its sleek black design adds a modern touch to your drinkware collection.
2025-12-30 03:06:36 INFO  STEP: Card nuber 1 have a Price: 5.99
2025-12-30 03:06:36 INFO  STEP: Card nuber 1 have a Rating: 4.5
2025-12-30 03:06:36 INFO  STEP PASS: Card #1 should have all the components
2025-12-30 03:06:36 INFO  STEP: Card nuber 2 have a Thumbnail
2025-12-30 03:06:36 INFO  STEP: Card nuber 2 have a Title: Bamboo Spatula
2025-12-30 03:06:36 INFO  STEP: Card nuber 2 have a Description: The Bamboo Spatula is a versatile kitchen tool made from eco-friendly bamboo. Ideal for flipping, stirring, and serving various dishes.
2025-12-30 03:06:36 INFO  STEP: Card nuber 2 have a Price: 7.99
2025-12-30 03:06:36 INFO  STEP: Card nuber 2 have a Rating: 3.3
2025-12-30 03:06:36 INFO  STEP PASS: Card #2 should have all the components
2025-12-30 03:06:36 INFO  STEP: Card nuber 3 have a Thumbnail
2025-12-30 03:06:37 INFO  STEP: Card nuber 3 have a Title: Black Whisk
2025-12-30 03:06:37 INFO  STEP: Card nuber 3 have a Description: The Black Whisk is a kitchen essential for whisking and beating ingredients. Its ergonomic handle and sleek design make it a practical and stylish tool.
2025-12-30 03:06:37 INFO  STEP: Card nuber 3 have a Price: 9.99
2025-12-30 03:06:37 INFO  STEP: Card nuber 3 have a Rating: 3.9
2025-12-30 03:06:37 INFO  STEP PASS: Card #3 should have all the components
2025-12-30 03:06:37 INFO  STEP: Card nuber 4 have a Thumbnail
2025-12-30 03:06:37 INFO  STEP: Card nuber 4 have a Title: Carbon Steel Wok
2025-12-30 03:06:37 INFO  STEP: Card nuber 4 have a Description: The Carbon Steel Wok is a versatile cooking pan suitable for stir-frying, sautéing, and deep frying. Its sturdy construction ensures even heat distribution for delicious meals.
2025-12-30 03:06:37 INFO  STEP: Card nuber 4 have a Price: 29.99
2025-12-30 03:06:37 INFO  STEP: Card nuber 4 have a Rating: 4.0
2025-12-30 03:06:37 INFO  STEP PASS: Card #4 should have all the components
2025-12-30 03:06:37 INFO  STEP: Card nuber 5 have a Thumbnail
2025-12-30 03:06:37 INFO  STEP: Card nuber 5 have a Title: Boxed Blender
2025-12-30 03:06:37 INFO  STEP: Card nuber 5 have a Description: The Boxed Blender is a powerful and compact blender perfect for smoothies, shakes, and more. Its convenient design and multiple functions make it a versatile kitchen appliance.
2025-12-30 03:06:37 INFO  STEP: Card nuber 5 have a Price: 39.99
2025-12-30 03:06:37 INFO  STEP: Card nuber 5 have a Rating: 4.6
2025-12-30 03:06:37 INFO  STEP PASS: Card #5 should have all the components
2025-12-30 03:06:37 INFO  === PASS  tests.productCardsTests.ProductCardElementsTests.cardValidation[Exp#10 [f1=2, f2=1, f3=1, f4=3, f5=3, f6=2, f7=2, f8=1]] ===
2025-12-30 03:06:37 INFO  === END   tests.productCardsTests.ProductCardElementsTests.cardValidation[Exp#10 [f1=2, f2=1, f3=1, f4=3, f5=3, f6=2, f7=2, f8=1]] ===
2025-12-30 03:06:37 INFO  === START tests.productCardsTests.ProductCardElementsTests.cardValidation[Exp#11 [f1=2, f2=1, f3=2, f4=1, f5=1, f6=3, f7=3, f8=2]] ===
2025-12-30 03:06:37 INFO  STEP: 📝 New input: Filling form fields.
2025-12-30 03:06:41 INFO  STEP: Card nuber 1 have a Thumbnail
2025-12-30 03:06:41 INFO  STEP: Card nuber 1 have a Title: Black Aluminium Cup
2025-12-30 03:06:41 INFO  STEP: Card nuber 1 have a Description: The Black Aluminium Cup is a stylish and durable cup suitable for both hot and cold beverages. Its sleek black design adds a modern touch to your drinkware collection.
2025-12-30 03:06:41 INFO  STEP: Card nuber 1 have a Price: 5.99
2025-12-30 03:06:41 INFO  STEP: Card nuber 1 have a Rating: 4.5
2025-12-30 03:06:41 INFO  STEP PASS: Card #1 should have all the components
2025-12-30 03:06:41 INFO  STEP: Card nuber 2 have a Thumbnail
2025-12-30 03:06:41 INFO  STEP: Card nuber 2 have a Title: Bamboo Spatula
2025-12-30 03:06:41 INFO  STEP: Card nuber 2 have a Description: The Bamboo Spatula is a versatile kitchen tool made from eco-friendly bamboo. Ideal for flipping, stirring, and serving various dishes.
2025-12-30 03:06:41 INFO  STEP: Card nuber 2 have a Price: 7.99
2025-12-30 03:06:41 INFO  STEP: Card nuber 2 have a Rating: 3.3
2025-12-30 03:06:41 INFO  STEP PASS: Card #2 should have all the components
2025-12-30 03:06:41 INFO  STEP: Card nuber 3 have a Thumbnail
2025-12-30 03:06:41 INFO  STEP: Card nuber 3 have a Title: Black Whisk
2025-12-30 03:06:41 INFO  STEP: Card nuber 3 have a Description: The Black Whisk is a kitchen essential for whisking and beating ingredients. Its ergonomic handle and sleek design make it a practical and stylish tool.
2025-12-30 03:06:41 INFO  STEP: Card nuber 3 have a Price: 9.99
2025-12-30 03:06:42 INFO  STEP: Card nuber 3 have a Rating: 3.9
2025-12-30 03:06:42 INFO  STEP PASS: Card #3 should have all the components
2025-12-30 03:06:42 INFO  STEP: Card nuber 4 have a Thumbnail
2025-12-30 03:06:42 INFO  STEP: Card nuber 4 have a Title: Carbon Steel Wok
2025-12-30 03:06:42 INFO  STEP: Card nuber 4 have a Description: The Carbon Steel Wok is a versatile cooking pan suitable for stir-frying, sautéing, and deep frying. Its sturdy construction ensures even heat distribution for delicious meals.
2025-12-30 03:06:42 INFO  STEP: Card nuber 4 have a Price: 29.99
2025-12-30 03:06:42 INFO  STEP: Card nuber 4 have a Rating: 4.0
2025-12-30 03:06:42 INFO  STEP PASS: Card #4 should have all the components
2025-12-30 03:06:42 INFO  STEP: Card nuber 5 have a Thumbnail
2025-12-30 03:06:42 INFO  STEP: Card nuber 5 have a Title: Boxed Blender
2025-12-30 03:06:42 INFO  STEP: Card nuber 5 have a Description: The Boxed Blender is a powerful and compact blender perfect for smoothies, shakes, and more. Its convenient design and multiple functions make it a versatile kitchen appliance.
2025-12-30 03:06:42 INFO  STEP: Card nuber 5 have a Price: 39.99
2025-12-30 03:06:42 INFO  STEP: Card nuber 5 have a Rating: 4.6
2025-12-30 03:06:42 INFO  STEP PASS: Card #5 should have all the components
2025-12-30 03:06:42 INFO  === PASS  tests.productCardsTests.ProductCardElementsTests.cardValidation[Exp#11 [f1=2, f2=1, f3=2, f4=1, f5=1, f6=3, f7=3, f8=2]] ===
2025-12-30 03:06:42 INFO  === END   tests.productCardsTests.ProductCardElementsTests.cardValidation[Exp#11 [f1=2, f2=1, f3=2, f4=1, f5=1, f6=3, f7=3, f8=2]] ===
2025-12-30 03:06:42 INFO  === START tests.productCardsTests.ProductCardElementsTests.cardValidation[Exp#12 [f1=2, f2=1, f3=3, f4=2, f5=2, f6=1, f7=1, f8=3]] ===
2025-12-30 03:06:42 INFO  STEP: 📝 New input: Filling form fields.
2025-12-30 03:06:46 INFO  STEP: Card nuber 1 have a Thumbnail
2025-12-30 03:06:46 INFO  STEP: Card nuber 1 have a Title: Baseball Ball
2025-12-30 03:06:46 INFO  STEP: Card nuber 1 have a Description: The Baseball Ball is a standard baseball used in baseball games. It features a durable leather cover and is designed for pitching, hitting, and fielding in the game of baseball.
2025-12-30 03:06:46 INFO  STEP: Card nuber 1 have a Price: 8.99
2025-12-30 03:06:46 INFO  STEP: Card nuber 1 have a Rating: 2.6
2025-12-30 03:06:46 INFO  STEP PASS: Card #1 should have all the components
2025-12-30 03:06:46 INFO  STEP: Card nuber 2 have a Thumbnail
2025-12-30 03:06:46 INFO  STEP: Card nuber 2 have a Title: Basketball
2025-12-30 03:06:46 INFO  STEP: Card nuber 2 have a Description: The Basketball is a standard ball used in basketball games. It is designed for dribbling, shooting, and passing in the game of basketball, suitable for both indoor and outdoor play.
2025-12-30 03:06:46 INFO  STEP: Card nuber 2 have a Price: 14.99
2025-12-30 03:06:46 INFO  STEP: Card nuber 2 have a Rating: 4.7
2025-12-30 03:06:46 INFO  STEP PASS: Card #2 should have all the components
2025-12-30 03:06:46 INFO  STEP: Card nuber 3 have a Thumbnail
2025-12-30 03:06:46 INFO  STEP: Card nuber 3 have a Title: American Football
2025-12-30 03:06:46 INFO  STEP: Card nuber 3 have a Description: The American Football is a classic ball used in American football games. It is designed for throwing and catching, making it an essential piece of equipment for the sport.
2025-12-30 03:06:46 INFO  STEP: Card nuber 3 have a Price: 19.99
2025-12-30 03:06:46 INFO  STEP: Card nuber 3 have a Rating: 4.9
2025-12-30 03:06:46 INFO  STEP PASS: Card #3 should have all the components
2025-12-30 03:06:46 INFO  STEP: Card nuber 4 have a Thumbnail
2025-12-30 03:06:46 INFO  STEP: Card nuber 4 have a Title: Baseball Glove
2025-12-30 03:06:46 INFO  STEP: Card nuber 4 have a Description: The Baseball Glove is a protective glove worn by baseball players. It is designed to catch and field the baseball, providing players with comfort and control during the game.
2025-12-30 03:06:46 INFO  STEP: Card nuber 4 have a Price: 24.99
2025-12-30 03:06:46 INFO  STEP: Card nuber 4 have a Rating: 4.0
2025-12-30 03:06:46 INFO  STEP PASS: Card #4 should have all the components
2025-12-30 03:06:47 INFO  STEP: Card nuber 5 have a Thumbnail
2025-12-30 03:06:47 INFO  STEP: Card nuber 5 have a Title: Basketball Rim
2025-12-30 03:06:47 INFO  STEP: Card nuber 5 have a Description: The Basketball Rim is a sturdy hoop and net assembly mounted on a basketball backboard. It provides a target for shooting and scoring in the game of basketball.
2025-12-30 03:06:47 INFO  STEP: Card nuber 5 have a Price: 39.99
2025-12-30 03:06:47 INFO  STEP: Card nuber 5 have a Rating: 4.6
2025-12-30 03:06:47 INFO  STEP PASS: Card #5 should have all the components
2025-12-30 03:06:47 INFO  === PASS  tests.productCardsTests.ProductCardElementsTests.cardValidation[Exp#12 [f1=2, f2=1, f3=3, f4=2, f5=2, f6=1, f7=1, f8=3]] ===
2025-12-30 03:06:47 INFO  === END   tests.productCardsTests.ProductCardElementsTests.cardValidation[Exp#12 [f1=2, f2=1, f3=3, f4=2, f5=2, f6=1, f7=1, f8=3]] ===
2025-12-30 03:06:47 INFO  === START tests.productCardsTests.ProductCardElementsTests.cardValidation[Exp#13 [f1=2, f2=2, f3=1, f4=2, f5=3, f6=1, f7=3, f8=2]] ===
2025-12-30 03:06:47 INFO  STEP: 📝 New input: Filling form fields.
2025-12-30 03:06:50 INFO  STEP: Card nuber 1 have a Thumbnail
2025-12-30 03:06:50 INFO  STEP: Card nuber 1 have a Title: Baseball Ball
2025-12-30 03:06:50 INFO  STEP: Card nuber 1 have a Description: The Baseball Ball is a standard baseball used in baseball games. It features a durable leather cover and is designed for pitching, hitting, and fielding in the game of baseball.
2025-12-30 03:06:50 INFO  STEP: Card nuber 1 have a Price: 8.99
2025-12-30 03:06:50 INFO  STEP: Card nuber 1 have a Rating: 2.6
2025-12-30 03:06:50 INFO  STEP PASS: Card #1 should have all the components
2025-12-30 03:06:50 INFO  STEP: Card nuber 2 have a Thumbnail
2025-12-30 03:06:50 INFO  STEP: Card nuber 2 have a Title: Basketball
2025-12-30 03:06:50 INFO  STEP: Card nuber 2 have a Description: The Basketball is a standard ball used in basketball games. It is designed for dribbling, shooting, and passing in the game of basketball, suitable for both indoor and outdoor play.
2025-12-30 03:06:50 INFO  STEP: Card nuber 2 have a Price: 14.99
2025-12-30 03:06:50 INFO  STEP: Card nuber 2 have a Rating: 4.7
2025-12-30 03:06:50 INFO  STEP PASS: Card #2 should have all the components
2025-12-30 03:06:50 INFO  STEP: Card nuber 3 have a Thumbnail
2025-12-30 03:06:50 INFO  STEP: Card nuber 3 have a Title: American Football
2025-12-30 03:06:51 INFO  STEP: Card nuber 3 have a Description: The American Football is a classic ball used in American football games. It is designed for throwing and catching, making it an essential piece of equipment for the sport.
2025-12-30 03:06:51 INFO  STEP: Card nuber 3 have a Price: 19.99
2025-12-30 03:06:51 INFO  STEP: Card nuber 3 have a Rating: 4.9
2025-12-30 03:06:51 INFO  STEP PASS: Card #3 should have all the components
2025-12-30 03:06:51 INFO  STEP: Card nuber 4 have a Thumbnail
2025-12-30 03:06:51 INFO  STEP: Card nuber 4 have a Title: Baseball Glove
2025-12-30 03:06:51 INFO  STEP: Card nuber 4 have a Description: The Baseball Glove is a protective glove worn by baseball players. It is designed to catch and field the baseball, providing players with comfort and control during the game.
2025-12-30 03:06:51 INFO  STEP: Card nuber 4 have a Price: 24.99
2025-12-30 03:06:51 INFO  STEP: Card nuber 4 have a Rating: 4.0
2025-12-30 03:06:51 INFO  STEP PASS: Card #4 should have all the components
2025-12-30 03:06:51 INFO  STEP: Card nuber 5 have a Thumbnail
2025-12-30 03:06:51 INFO  STEP: Card nuber 5 have a Title: Basketball Rim
2025-12-30 03:06:51 INFO  STEP: Card nuber 5 have a Description: The Basketball Rim is a sturdy hoop and net assembly mounted on a basketball backboard. It provides a target for shooting and scoring in the game of basketball.
2025-12-30 03:06:51 INFO  STEP: Card nuber 5 have a Price: 39.99
2025-12-30 03:06:51 INFO  STEP: Card nuber 5 have a Rating: 4.6
2025-12-30 03:06:51 INFO  STEP PASS: Card #5 should have all the components
2025-12-30 03:06:51 INFO  === PASS  tests.productCardsTests.ProductCardElementsTests.cardValidation[Exp#13 [f1=2, f2=2, f3=1, f4=2, f5=3, f6=1, f7=3, f8=2]] ===
2025-12-30 03:06:51 INFO  === END   tests.productCardsTests.ProductCardElementsTests.cardValidation[Exp#13 [f1=2, f2=2, f3=1, f4=2, f5=3, f6=1, f7=3, f8=2]] ===
2025-12-30 03:06:51 INFO  === START tests.productCardsTests.ProductCardElementsTests.cardValidation[Exp#14 [f1=2, f2=2, f3=2, f4=3, f5=1, f6=2, f7=1, f8=3]] ===
2025-12-30 03:06:51 INFO  STEP: 📝 New input: Filling form fields.
2025-12-30 03:06:55 INFO  STEP: Card nuber 1 have a Thumbnail
2025-12-30 03:06:55 INFO  STEP: Card nuber 1 have a Title: Vivo S1
2025-12-30 03:06:55 INFO  STEP: Card nuber 1 have a Description: The Vivo S1 is a stylish and mid-range smartphone offering a blend of design and performance. It features a vibrant display, capable camera system, and reliable functionality.
2025-12-30 03:06:55 INFO  STEP: Card nuber 1 have a Price: 249.99
2025-12-30 03:06:55 INFO  STEP: Card nuber 1 have a Rating: 3.5
2025-12-30 03:06:55 INFO  STEP PASS: Card #1 should have all the components
2025-12-30 03:06:55 INFO  STEP: Card nuber 2 have a Thumbnail
2025-12-30 03:06:55 INFO  STEP: Card nuber 2 have a Title: Samsung Galaxy S7
2025-12-30 03:06:55 INFO  STEP: Card nuber 2 have a Description: The Samsung Galaxy S7 is a flagship smartphone known for its sleek design and advanced features. It features a high-resolution display, powerful camera, and robust performance.
2025-12-30 03:06:55 INFO  STEP: Card nuber 2 have a Price: 299.99
2025-12-30 03:06:55 INFO  STEP: Card nuber 2 have a Rating: 3.3
2025-12-30 03:06:55 INFO  STEP PASS: Card #2 should have all the components
2025-12-30 03:06:55 INFO  STEP: Card nuber 3 have a Thumbnail
2025-12-30 03:06:55 INFO  STEP: Card nuber 3 have a Title: Vivo V9
2025-12-30 03:06:55 INFO  STEP: Card nuber 3 have a Description: The Vivo V9 is a smartphone known for its sleek design and emphasis on capturing high-quality selfies. It features a notch display, dual-camera setup, and a modern design.
2025-12-30 03:06:55 INFO  STEP: Card nuber 3 have a Price: 299.99
2025-12-30 03:06:56 INFO  STEP: Card nuber 3 have a Rating: 3.6
2025-12-30 03:06:56 INFO  STEP PASS: Card #3 should have all the components
2025-12-30 03:06:56 INFO  STEP: Card nuber 4 have a Thumbnail
2025-12-30 03:06:56 INFO  STEP: Card nuber 4 have a Title: Samsung Galaxy S8
2025-12-30 03:06:56 INFO  STEP: Card nuber 4 have a Description: The Samsung Galaxy S8 is a premium smartphone with an Infinity Display, offering a stunning visual experience. It boasts advanced camera capabilities and cutting-edge technology.
2025-12-30 03:06:56 INFO  STEP: Card nuber 4 have a Price: 499.99
2025-12-30 03:06:56 INFO  STEP: Card nuber 4 have a Rating: 4.4
2025-12-30 03:06:56 INFO  STEP PASS: Card #4 should have all the components
2025-12-30 03:06:56 INFO  STEP: Card nuber 5 have a Thumbnail
2025-12-30 03:06:56 INFO  STEP: Card nuber 5 have a Title: Samsung Galaxy S10
2025-12-30 03:06:56 INFO  STEP: Card nuber 5 have a Description: The Samsung Galaxy S10 is a flagship device featuring a dynamic AMOLED display, versatile camera system, and powerful performance. It represents innovation and excellence in smartphone technology.
2025-12-30 03:06:56 INFO  STEP: Card nuber 5 have a Price: 699.99
2025-12-30 03:06:56 INFO  STEP: Card nuber 5 have a Rating: 3.1
2025-12-30 03:06:56 INFO  STEP PASS: Card #5 should have all the components
2025-12-30 03:06:56 INFO  === PASS  tests.productCardsTests.ProductCardElementsTests.cardValidation[Exp#14 [f1=2, f2=2, f3=2, f4=3, f5=1, f6=2, f7=1, f8=3]] ===
2025-12-30 03:06:56 INFO  === END   tests.productCardsTests.ProductCardElementsTests.cardValidation[Exp#14 [f1=2, f2=2, f3=2, f4=3, f5=1, f6=2, f7=1, f8=3]] ===
2025-12-30 03:06:56 INFO  === START tests.productCardsTests.ProductCardElementsTests.cardValidation[Exp#15 [f1=2, f2=2, f3=3, f4=1, f5=2, f6=3, f7=2, f8=1]] ===
2025-12-30 03:06:56 INFO  STEP: 📝 New input: Filling form fields.
2025-12-30 03:06:59 INFO  STEP: Card nuber 1 have a Thumbnail
2025-12-30 03:06:59 INFO  STEP: Card nuber 1 have a Title: Scooter Motorcycle
2025-12-30 03:07:00 INFO  STEP: Card nuber 1 have a Description: The Scooter Motorcycle is a practical and fuel-efficient bike ideal for urban commuting. It features a step-through design and user-friendly controls for easy maneuverability.
2025-12-30 03:07:00 INFO  STEP: Card nuber 1 have a Price: 2999.99
2025-12-30 03:07:00 INFO  STEP: Card nuber 1 have a Rating: 2.5
2025-12-30 03:07:00 INFO  STEP PASS: Card #1 should have all the components
2025-12-30 03:07:00 INFO  STEP: Card nuber 2 have a Thumbnail
2025-12-30 03:07:00 INFO  STEP: Card nuber 2 have a Title: Generic Motorcycle
2025-12-30 03:07:00 INFO  STEP: Card nuber 2 have a Description: The Generic Motorcycle is a versatile and reliable bike suitable for various riding preferences. With a balanced design, it provides a comfortable and efficient riding experience.
2025-12-30 03:07:00 INFO  STEP: Card nuber 2 have a Price: 3999.99
2025-12-30 03:07:00 INFO  STEP: Card nuber 2 have a Rating: 4.9
2025-12-30 03:07:00 INFO  STEP PASS: Card #2 should have all the components
2025-12-30 03:07:00 INFO  STEP: Card nuber 3 have a Thumbnail
2025-12-30 03:07:00 INFO  STEP: Card nuber 3 have a Title: Sportbike Motorcycle
2025-12-30 03:07:00 INFO  STEP: Card nuber 3 have a Description: The Sportbike Motorcycle is designed for speed and agility, with a sleek and aerodynamic profile. It's suitable for riders looking for a dynamic and thrilling riding experience.
2025-12-30 03:07:00 INFO  STEP: Card nuber 3 have a Price: 7499.99
2025-12-30 03:07:00 INFO  STEP: Card nuber 3 have a Rating: 3.9
2025-12-30 03:07:00 INFO  STEP PASS: Card #3 should have all the components
2025-12-30 03:07:00 INFO  STEP: Card nuber 4 have a Thumbnail
2025-12-30 03:07:00 INFO  STEP: Card nuber 4 have a Title: Kawasaki Z800
2025-12-30 03:07:00 INFO  STEP: Card nuber 4 have a Description: The Kawasaki Z800 is a powerful and agile sportbike known for its striking design and performance. It's equipped with advanced features, making it a favorite among motorcycle enthusiasts.
2025-12-30 03:07:00 INFO  STEP: Card nuber 4 have a Price: 8999.99
2025-12-30 03:07:00 INFO  STEP: Card nuber 4 have a Rating: 4.0
2025-12-30 03:07:00 INFO  STEP PASS: Card #4 should have all the components
2025-12-30 03:07:00 INFO  STEP: Card nuber 5 have a Thumbnail
2025-12-30 03:07:01 INFO  STEP: Card nuber 5 have a Title: MotoGP CI.H1
2025-12-30 03:07:01 INFO  STEP: Card nuber 5 have a Description: The MotoGP CI.H1 is a high-performance motorcycle inspired by MotoGP racing technology. It offers cutting-edge features and precision engineering for an exhilarating riding experience.
2025-12-30 03:07:01 INFO  STEP: Card nuber 5 have a Price: 14999.99
2025-12-30 03:07:01 INFO  STEP: Card nuber 5 have a Rating: 3.0
2025-12-30 03:07:01 INFO  STEP PASS: Card #5 should have all the components
2025-12-30 03:07:01 INFO  === PASS  tests.productCardsTests.ProductCardElementsTests.cardValidation[Exp#15 [f1=2, f2=2, f3=3, f4=1, f5=2, f6=3, f7=2, f8=1]] ===
2025-12-30 03:07:01 INFO  === END   tests.productCardsTests.ProductCardElementsTests.cardValidation[Exp#15 [f1=2, f2=2, f3=3, f4=1, f5=2, f6=3, f7=2, f8=1]] ===
2025-12-30 03:07:01 INFO  === START tests.productCardsTests.ProductCardElementsTests.cardValidation[Exp#16 [f1=2, f2=3, f3=1, f4=3, f5=2, f6=3, f7=1, f8=2]] ===
2025-12-30 03:07:01 INFO  STEP: 📝 New input: Filling form fields.
2025-12-30 03:07:04 INFO  STEP: Card nuber 1 have a Thumbnail
2025-12-30 03:07:04 INFO  STEP: Card nuber 1 have a Title: iPhone 5s
2025-12-30 03:07:04 INFO  STEP: Card nuber 1 have a Description: The iPhone 5s is a classic smartphone known for its compact design and advanced features during its release. While it's an older model, it still provides a reliable user experience.
2025-12-30 03:07:04 INFO  STEP: Card nuber 1 have a Price: 199.99
2025-12-30 03:07:04 INFO  STEP: Card nuber 1 have a Rating: 2.8
2025-12-30 03:07:04 INFO  STEP PASS: Card #1 should have all the components
2025-12-30 03:07:04 INFO  STEP: Card nuber 2 have a Thumbnail
2025-12-30 03:07:05 INFO  STEP: Card nuber 2 have a Title: Oppo A57
2025-12-30 03:07:05 INFO  STEP: Card nuber 2 have a Description: The Oppo A57 is a mid-range smartphone known for its sleek design and capable features. It offers a balance of performance and affordability, making it a popular choice.
2025-12-30 03:07:05 INFO  STEP: Card nuber 2 have a Price: 249.99
2025-12-30 03:07:05 INFO  STEP: Card nuber 2 have a Rating: 3.9
2025-12-30 03:07:05 INFO  STEP PASS: Card #2 should have all the components
2025-12-30 03:07:05 INFO  STEP: Card nuber 3 have a Thumbnail
2025-12-30 03:07:05 INFO  STEP: Card nuber 3 have a Title: iPhone 6
2025-12-30 03:07:05 INFO  STEP: Card nuber 3 have a Description: The iPhone 6 is a stylish and capable smartphone with a larger display and improved performance. It introduced new features and design elements, making it a popular choice in its time.
2025-12-30 03:07:05 INFO  STEP: Card nuber 3 have a Price: 299.99
2025-12-30 03:07:05 INFO  STEP: Card nuber 3 have a Rating: 3.4
2025-12-30 03:07:05 INFO  STEP PASS: Card #3 should have all the components
2025-12-30 03:07:05 INFO  STEP: Card nuber 4 have a Thumbnail
2025-12-30 03:07:05 INFO  STEP: Card nuber 4 have a Title: iPhone X
2025-12-30 03:07:05 INFO  STEP: Card nuber 4 have a Description: The iPhone X is a flagship smartphone featuring a bezel-less OLED display, facial recognition technology (Face ID), and impressive performance. It represents a milestone in iPhone design and innovation.
2025-12-30 03:07:05 INFO  STEP: Card nuber 4 have a Price: 899.99
2025-12-30 03:07:05 INFO  STEP: Card nuber 4 have a Rating: 2.5
2025-12-30 03:07:05 INFO  STEP PASS: Card #4 should have all the components
2025-12-30 03:07:05 INFO  STEP: Card nuber 5 have a Thumbnail
2025-12-30 03:07:06 INFO  STEP: Card nuber 5 have a Title: iPhone 13 Pro
2025-12-30 03:07:06 INFO  STEP: Card nuber 5 have a Description: The iPhone 13 Pro is a cutting-edge smartphone with a powerful camera system, high-performance chip, and stunning display. It offers advanced features for users who demand top-notch technology.
2025-12-30 03:07:06 INFO  STEP: Card nuber 5 have a Price: 1099.99
2025-12-30 03:07:06 INFO  STEP: Card nuber 5 have a Rating: 4.1
2025-12-30 03:07:06 INFO  STEP PASS: Card #5 should have all the components
2025-12-30 03:07:06 INFO  === PASS  tests.productCardsTests.ProductCardElementsTests.cardValidation[Exp#16 [f1=2, f2=3, f3=1, f4=3, f5=2, f6=3, f7=1, f8=2]] ===
2025-12-30 03:07:06 INFO  === END   tests.productCardsTests.ProductCardElementsTests.cardValidation[Exp#16 [f1=2, f2=3, f3=1, f4=3, f5=2, f6=3, f7=1, f8=2]] ===
2025-12-30 03:07:06 INFO  === START tests.productCardsTests.ProductCardElementsTests.cardValidation[Exp#17 [f1=2, f2=3, f3=2, f4=1, f5=3, f6=1, f7=2, f8=3]] ===
2025-12-30 03:07:06 INFO  STEP: 📝 New input: Filling form fields.
2025-12-30 03:07:09 INFO  STEP: Card nuber 1 have a Thumbnail
2025-12-30 03:07:09 INFO  STEP: Card nuber 1 have a Title: Samsung Galaxy Tab White
2025-12-30 03:07:09 INFO  STEP: Card nuber 1 have a Description: The Samsung Galaxy Tab in White is a sleek and versatile Android tablet. With a vibrant display, long-lasting battery, and a range of features, it offers a great user experience for various tasks.
2025-12-30 03:07:10 INFO  STEP: Card nuber 1 have a Price: 349.99
2025-12-30 03:07:10 INFO  STEP: Card nuber 1 have a Rating: 3.7
2025-12-30 03:07:10 INFO  STEP PASS: Card #1 should have all the components
2025-12-30 03:07:10 INFO  STEP: Card nuber 2 have a Thumbnail
2025-12-30 03:07:10 INFO  STEP: Card nuber 2 have a Title: Samsung Galaxy Tab White
2025-12-30 03:07:10 INFO  STEP: Card nuber 2 have a Description: The Samsung Galaxy Tab in White is a sleek and versatile Android tablet. With a vibrant display, long-lasting battery, and a range of features, it offers a great user experience for various tasks.
2025-12-30 03:07:10 INFO  STEP: Card nuber 2 have a Price: 349.99
2025-12-30 03:07:10 INFO  STEP: Card nuber 2 have a Rating: 3.7
2025-12-30 03:07:10 INFO  STEP PASS: Card #2 should have all the components
2025-12-30 03:07:10 INFO  STEP: Card nuber 3 have a Thumbnail
2025-12-30 03:07:10 INFO  STEP: Card nuber 3 have a Title: iPad Mini 2021 Starlight
2025-12-30 03:07:10 INFO  STEP: Card nuber 3 have a Description: The iPad Mini 2021 in Starlight is a compact and powerful tablet from Apple. Featuring a stunning Retina display, powerful A-series chip, and a sleek design, it offers a premium tablet experience.
2025-12-30 03:07:10 INFO  STEP: Card nuber 3 have a Price: 499.99
2025-12-30 03:07:10 INFO  STEP: Card nuber 3 have a Rating: 3.2
2025-12-30 03:07:10 INFO  STEP PASS: Card #3 should have all the components
2025-12-30 03:07:10 INFO  STEP: Card nuber 4 have a Thumbnail
2025-12-30 03:07:10 INFO  STEP: Card nuber 4 have a Title: Samsung Galaxy Tab S8 Plus Grey
2025-12-30 03:07:11 INFO  STEP: Card nuber 4 have a Description: The Samsung Galaxy Tab S8 Plus in Grey is a high-performance Android tablet by Samsung. With a large AMOLED display, powerful processor, and S Pen support, it's ideal for productivity and entertainment.
2025-12-30 03:07:11 INFO  STEP: Card nuber 4 have a Price: 599.99
2025-12-30 03:07:11 INFO  STEP: Card nuber 4 have a Rating: 4.7
2025-12-30 03:07:11 INFO  STEP PASS: Card #4 should have all the components
2025-12-30 03:07:11 INFO  === PASS  tests.productCardsTests.ProductCardElementsTests.cardValidation[Exp#17 [f1=2, f2=3, f3=2, f4=1, f5=3, f6=1, f7=2, f8=3]] ===
2025-12-30 03:07:11 INFO  === END   tests.productCardsTests.ProductCardElementsTests.cardValidation[Exp#17 [f1=2, f2=3, f3=2, f4=1, f5=3, f6=1, f7=2, f8=3]] ===
2025-12-30 03:07:11 INFO  === START tests.productCardsTests.ProductCardElementsTests.cardValidation[Exp#18 [f1=2, f2=3, f3=3, f4=2, f5=1, f6=2, f7=3, f8=1]] ===
2025-12-30 03:07:11 INFO  STEP: 📝 New input: Filling form fields.
2025-12-30 03:07:14 INFO  STEP: Card nuber 1 have a Thumbnail
2025-12-30 03:07:14 INFO  STEP: Card nuber 1 have a Title: iPhone 5s
2025-12-30 03:07:15 INFO  STEP: Card nuber 1 have a Description: The iPhone 5s is a classic smartphone known for its compact design and advanced features during its release. While it's an older model, it still provides a reliable user experience.
2025-12-30 03:07:15 INFO  STEP: Card nuber 1 have a Price: 199.99
2025-12-30 03:07:15 INFO  STEP: Card nuber 1 have a Rating: 2.8
2025-12-30 03:07:15 INFO  STEP PASS: Card #1 should have all the components
2025-12-30 03:07:15 INFO  STEP: Card nuber 2 have a Thumbnail
2025-12-30 03:07:15 INFO  STEP: Card nuber 2 have a Title: Oppo A57
2025-12-30 03:07:15 INFO  STEP: Card nuber 2 have a Description: The Oppo A57 is a mid-range smartphone known for its sleek design and capable features. It offers a balance of performance and affordability, making it a popular choice.
2025-12-30 03:07:15 INFO  STEP: Card nuber 2 have a Price: 249.99
2025-12-30 03:07:15 INFO  STEP: Card nuber 2 have a Rating: 3.9
2025-12-30 03:07:15 INFO  STEP PASS: Card #2 should have all the components
2025-12-30 03:07:15 INFO  STEP: Card nuber 3 have a Thumbnail
2025-12-30 03:07:15 INFO  STEP: Card nuber 3 have a Title: iPhone 6
2025-12-30 03:07:15 INFO  STEP: Card nuber 3 have a Description: The iPhone 6 is a stylish and capable smartphone with a larger display and improved performance. It introduced new features and design elements, making it a popular choice in its time.
2025-12-30 03:07:15 INFO  STEP: Card nuber 3 have a Price: 299.99
2025-12-30 03:07:15 INFO  STEP: Card nuber 3 have a Rating: 3.4
2025-12-30 03:07:15 INFO  STEP PASS: Card #3 should have all the components
2025-12-30 03:07:15 INFO  STEP: Card nuber 4 have a Thumbnail
2025-12-30 03:07:15 INFO  STEP: Card nuber 4 have a Title: iPhone X
2025-12-30 03:07:15 INFO  STEP: Card nuber 4 have a Description: The iPhone X is a flagship smartphone featuring a bezel-less OLED display, facial recognition technology (Face ID), and impressive performance. It represents a milestone in iPhone design and innovation.
2025-12-30 03:07:15 INFO  STEP: Card nuber 4 have a Price: 899.99
2025-12-30 03:07:16 INFO  STEP: Card nuber 4 have a Rating: 2.5
2025-12-30 03:07:16 INFO  STEP PASS: Card #4 should have all the components
2025-12-30 03:07:16 INFO  STEP: Card nuber 5 have a Thumbnail
2025-12-30 03:07:16 INFO  STEP: Card nuber 5 have a Title: iPhone 13 Pro
2025-12-30 03:07:16 INFO  STEP: Card nuber 5 have a Description: The iPhone 13 Pro is a cutting-edge smartphone with a powerful camera system, high-performance chip, and stunning display. It offers advanced features for users who demand top-notch technology.
2025-12-30 03:07:16 INFO  STEP: Card nuber 5 have a Price: 1099.99
2025-12-30 03:07:16 INFO  STEP: Card nuber 5 have a Rating: 4.1
2025-12-30 03:07:16 INFO  STEP PASS: Card #5 should have all the components
2025-12-30 03:07:16 INFO  === PASS  tests.productCardsTests.ProductCardElementsTests.cardValidation[Exp#18 [f1=2, f2=3, f3=3, f4=2, f5=1, f6=2, f7=3, f8=1]] ===
2025-12-30 03:07:16 INFO  === END   tests.productCardsTests.ProductCardElementsTests.cardValidation[Exp#18 [f1=2, f2=3, f3=3, f4=2, f5=1, f6=2, f7=3, f8=1]] ===
2025-12-30 03:07:16 INFO  === START tests.productCardsTests.ProductCardElementsTests.cardValidation[Exp#19 [f1=2, f2=3, f3=3, f4=2, f5=1, f6=1, f7=1, f8=2]] ===
2025-12-30 03:07:16 INFO  STEP: 📝 New input: Filling form fields.
2025-12-30 03:07:20 INFO  STEP: Card nuber 1 have a Thumbnail
2025-12-30 03:07:20 INFO  STEP: Card nuber 1 have a Title: Plant Pot
2025-12-30 03:07:20 INFO  STEP: Card nuber 1 have a Description: The Plant Pot is a stylish container for your favorite plants. With a sleek design, it complements your indoor or outdoor garden, adding a modern touch to your plant display.
2025-12-30 03:07:20 INFO  STEP: Card nuber 1 have a Price: 14.99
2025-12-30 03:07:20 INFO  STEP: Card nuber 1 have a Rating: 3.0
2025-12-30 03:07:20 INFO  STEP PASS: Card #1 should have all the components
2025-12-30 03:07:20 INFO  STEP: Card nuber 2 have a Thumbnail
2025-12-30 03:07:20 INFO  STEP: Card nuber 2 have a Title: Family Tree Photo Frame
2025-12-30 03:07:20 INFO  STEP: Card nuber 2 have a Description: The Family Tree Photo Frame is a sentimental and stylish way to display your cherished family memories. With multiple photo slots, it tells the story of your loved ones.
2025-12-30 03:07:20 INFO  STEP: Card nuber 2 have a Price: 29.99
2025-12-30 03:07:20 INFO  STEP: Card nuber 2 have a Rating: 4.5
2025-12-30 03:07:20 INFO  STEP PASS: Card #2 should have all the components
2025-12-30 03:07:20 INFO  STEP: Card nuber 3 have a Thumbnail
2025-12-30 03:07:20 INFO  STEP: Card nuber 3 have a Title: House Showpiece Plant
2025-12-30 03:07:20 INFO  STEP: Card nuber 3 have a Description: The House Showpiece Plant is an artificial plant that brings a touch of nature to your home without the need for maintenance. It adds greenery and style to any space.
2025-12-30 03:07:20 INFO  STEP: Card nuber 3 have a Price: 39.99
2025-12-30 03:07:20 INFO  STEP: Card nuber 3 have a Rating: 4.7
2025-12-30 03:07:20 INFO  STEP PASS: Card #3 should have all the components
2025-12-30 03:07:20 INFO  STEP: Card nuber 4 have a Thumbnail
2025-12-30 03:07:20 INFO  STEP: Card nuber 4 have a Title: Table Lamp
2025-12-30 03:07:20 INFO  STEP: Card nuber 4 have a Description: The Table Lamp is a functional and decorative lighting solution for your living space. With a modern design, it provides both ambient and task lighting, enhancing the atmosphere.
2025-12-30 03:07:21 INFO  STEP: Card nuber 4 have a Price: 49.99
2025-12-30 03:07:21 INFO  STEP: Card nuber 4 have a Rating: 3.5
2025-12-30 03:07:21 INFO  STEP PASS: Card #4 should have all the components
2025-12-30 03:07:21 INFO  STEP: Card nuber 5 have a Thumbnail
2025-12-30 03:07:21 INFO  STEP: Card nuber 5 have a Title: Decoration Swing
2025-12-30 03:07:21 INFO  STEP: Card nuber 5 have a Description: The Decoration Swing is a charming addition to your home decor. Crafted with intricate details, it adds a touch of elegance and whimsy to any room.
2025-12-30 03:07:21 INFO  STEP: Card nuber 5 have a Price: 59.99
2025-12-30 03:07:21 INFO  STEP: Card nuber 5 have a Rating: 3.2
2025-12-30 03:07:21 INFO  STEP PASS: Card #5 should have all the components
2025-12-30 03:07:21 INFO  === PASS  tests.productCardsTests.ProductCardElementsTests.cardValidation[Exp#19 [f1=2, f2=3, f3=3, f4=2, f5=1, f6=1, f7=1, f8=2]] ===
2025-12-30 03:07:21 INFO  === END   tests.productCardsTests.ProductCardElementsTests.cardValidation[Exp#19 [f1=2, f2=3, f3=3, f4=2, f5=1, f6=1, f7=1, f8=2]] ===
2025-12-30 03:07:21 INFO  === START tests.productCardsTests.ProductCardElementsTests.cardValidation[Exp#20 [f1=2, f2=3, f3=3, f4=3, f5=3, f6=3, f7=3, f8=3]] ===
2025-12-30 03:07:21 INFO  STEP: 📝 New input: Filling form fields.
2025-12-30 03:07:24 INFO  === START tests.productCardsTests.ProductCardElementsTests.cardValidation[Exp#1 [f1=1, f2=1, f3=1, f4=1, f5=1, f6=1, f7=1, f8=1]] ===
2025-12-30 03:07:25 INFO  STEP: Card nuber 1 have a Thumbnail
2025-12-30 03:07:25 INFO  STEP: Card nuber 1 have a Title: Samsung Galaxy Tab White
2025-12-30 03:07:25 INFO  STEP: Card nuber 1 have a Description: The Samsung Galaxy Tab in White is a sleek and versatile Android tablet. With a vibrant display, long-lasting battery, and a range of features, it offers a great user experience for various tasks.
2025-12-30 03:07:25 INFO  STEP: Card nuber 1 have a Price: 349.99
2025-12-30 03:07:25 INFO  STEP: Card nuber 1 have a Rating: 3.7
2025-12-30 03:07:25 INFO  STEP PASS: Card #1 should have all the components
2025-12-30 03:07:25 INFO  STEP: Card nuber 2 have a Thumbnail
2025-12-30 03:07:25 INFO  STEP: Card nuber 2 have a Title: Samsung Galaxy Tab White
2025-12-30 03:07:25 INFO  STEP: Card nuber 2 have a Description: The Samsung Galaxy Tab in White is a sleek and versatile Android tablet. With a vibrant display, long-lasting battery, and a range of features, it offers a great user experience for various tasks.
2025-12-30 03:07:25 INFO  STEP: Card nuber 2 have a Price: 349.99
2025-12-30 03:07:25 INFO  STEP: Card nuber 2 have a Rating: 3.7
2025-12-30 03:07:25 INFO  STEP PASS: Card #2 should have all the components
2025-12-30 03:07:25 INFO  STEP: Card nuber 3 have a Thumbnail
2025-12-30 03:07:25 INFO  STEP: Card nuber 3 have a Title: iPad Mini 2021 Starlight
2025-12-30 03:07:25 INFO  STEP: Card nuber 3 have a Description: The iPad Mini 2021 in Starlight is a compact and powerful tablet from Apple. Featuring a stunning Retina display, powerful A-series chip, and a sleek design, it offers a premium tablet experience.
2025-12-30 03:07:25 INFO  STEP: Card nuber 3 have a Price: 499.99
2025-12-30 03:07:25 INFO  STEP: Card nuber 3 have a Rating: 3.2
2025-12-30 03:07:25 INFO  STEP PASS: Card #3 should have all the components
2025-12-30 03:07:25 INFO  STEP: Card nuber 4 have a Thumbnail
2025-12-30 03:07:25 INFO  STEP: Card nuber 4 have a Title: Samsung Galaxy Tab S8 Plus Grey
2025-12-30 03:07:25 INFO  STEP: Card nuber 4 have a Description: The Samsung Galaxy Tab S8 Plus in Grey is a high-performance Android tablet by Samsung. With a large AMOLED display, powerful processor, and S Pen support, it's ideal for productivity and entertainment.
2025-12-30 03:07:25 INFO  STEP: Card nuber 4 have a Price: 599.99
2025-12-30 03:07:26 INFO  STEP: Card nuber 4 have a Rating: 4.7
2025-12-30 03:07:26 INFO  STEP PASS: Card #4 should have all the components
2025-12-30 03:07:26 INFO  === PASS  tests.productCardsTests.ProductCardElementsTests.cardValidation[Exp#20 [f1=2, f2=3, f3=3, f4=3, f5=3, f6=3, f7=3, f8=3]] ===
2025-12-30 03:07:26 INFO  === END   tests.productCardsTests.ProductCardElementsTests.cardValidation[Exp#20 [f1=2, f2=3, f3=3, f4=3, f5=3, f6=3, f7=3, f8=3]] ===
2025-12-30 03:07:26 INFO  STEP: 📝 New input: Filling form fields.
2025-12-30 03:07:34 INFO  STEP: Card nuber 1 have a Thumbnail
2025-12-30 03:07:34 INFO  STEP: Card nuber 1 have a Title: Green and Black Glasses
2025-12-30 03:07:34 INFO  STEP: Card nuber 1 have a Description: The Green and Black Glasses feature a bold combination of green and black colors, adding a touch of vibrancy to your eyewear collection. They are both stylish and eye-catching.
2025-12-30 03:07:34 INFO  STEP: Card nuber 1 have a Price: 34.99
2025-12-30 03:07:34 INFO  STEP: Card nuber 1 have a Rating: 4.5
2025-12-30 03:07:34 ERROR STEP FAIL: Card nuber 1 dont have a Additional Images Button
2025-12-30 03:07:34 ERROR === FAIL  tests.productCardsTests.ProductCardElementsTests.cardValidation[Exp#1 [f1=1, f2=1, f3=1, f4=1, f5=1, f6=1, f7=1, f8=1]] ===
java.lang.AssertionError: Card nuber 1 dont have a Additional Images Button
	at org.junit.Assert.fail(Assert.java:89) ~[junit-4.13.jar:4.13]
	at org.junit.Assert.assertTrue(Assert.java:42) ~[junit-4.13.jar:4.13]
	at tests.BaseTest.checkTrue(BaseTest.java:92) ~[test-classes/:?]
	at tests.productCardsTests.ProductCardElementsTests.isThereAdditionalImageBtnInProductCard(ProductCardElementsTests.java:126) ~[test-classes/:?]
	at tests.productCardsTests.ProductCardElementsTests.cardValidation(ProductCardElementsTests.java:60) ~[test-classes/:?]
	at jdk.internal.reflect.DirectMethodHandleAccessor.invoke(DirectMethodHandleAccessor.java:103) ~[?:?]
	at java.lang.reflect.Method.invoke(Method.java:580) ~[?:?]
	at org.junit.runners.model.FrameworkMethod$1.runReflectiveCall(FrameworkMethod.java:59) ~[junit-4.13.jar:4.13]
	at org.junit.internal.runners.model.ReflectiveCallable.run(ReflectiveCallable.java:12) ~[junit-4.13.jar:4.13]
	at org.junit.runners.model.FrameworkMethod.invokeExplosively(FrameworkMethod.java:56) ~[junit-4.13.jar:4.13]
	at org.junit.internal.runners.statements.InvokeMethod.evaluate(InvokeMethod.java:17) ~[junit-4.13.jar:4.13]
	at org.junit.internal.runners.statements.RunBefores.evaluate(RunBefores.java:26) ~[junit-4.13.jar:4.13]
	at org.junit.internal.runners.statements.RunAfters.evaluate(RunAfters.java:27) ~[junit-4.13.jar:4.13]
	at org.junit.rules.TestWatcher$1.evaluate(TestWatcher.java:61) [junit-4.13.jar:4.13]
	at org.junit.runners.ParentRunner$3.evaluate(ParentRunner.java:306) [junit-4.13.jar:4.13]
	at org.junit.runners.BlockJUnit4ClassRunner$1.evaluate(BlockJUnit4ClassRunner.java:100) [junit-4.13.jar:4.13]
	at org.junit.runners.ParentRunner.runLeaf(ParentRunner.java:366) [junit-4.13.jar:4.13]
	at org.junit.runners.BlockJUnit4ClassRunner.runChild(BlockJUnit4ClassRunner.java:103) [junit-4.13.jar:4.13]
	at org.junit.runners.BlockJUnit4ClassRunner.runChild(BlockJUnit4ClassRunner.java:63) [junit-4.13.jar:4.13]
	at org.junit.runners.ParentRunner$4.run(ParentRunner.java:331) [junit-4.13.jar:4.13]
	at org.junit.runners.ParentRunner$1.schedule(ParentRunner.java:79) [junit-4.13.jar:4.13]
	at org.junit.runners.ParentRunner.runChildren(ParentRunner.java:329) [junit-4.13.jar:4.13]
	at org.junit.runners.ParentRunner.access$100(ParentRunner.java:66) [junit-4.13.jar:4.13]
	at org.junit.runners.ParentRunner$2.evaluate(ParentRunner.java:293) [junit-4.13.jar:4.13]
	at org.junit.runners.ParentRunner.run(ParentRunner.java:413) [junit-4.13.jar:4.13]
	at org.junit.runners.Suite.runChild(Suite.java:128) [junit-4.13.jar:4.13]
	at org.junit.runners.Suite.runChild(Suite.java:27) [junit-4.13.jar:4.13]
	at org.junit.runners.ParentRunner$4.run(ParentRunner.java:331) [junit-4.13.jar:4.13]
	at org.junit.runners.ParentRunner$1.schedule(ParentRunner.java:79) [junit-4.13.jar:4.13]
	at org.junit.runners.ParentRunner.runChildren(ParentRunner.java:329) [junit-4.13.jar:4.13]
	at org.junit.runners.ParentRunner.access$100(ParentRunner.java:66) [junit-4.13.jar:4.13]
	at org.junit.runners.ParentRunner$2.evaluate(ParentRunner.java:293) [junit-4.13.jar:4.13]
	at org.junit.internal.runners.statements.RunAfters.evaluate(RunAfters.java:27) [junit-4.13.jar:4.13]
	at org.junit.runners.ParentRunner$3.evaluate(ParentRunner.java:306) [junit-4.13.jar:4.13]
	at org.junit.runners.ParentRunner.run(ParentRunner.java:413) [junit-4.13.jar:4.13]
	at org.eclipse.jdt.internal.junit4.runner.JUnit4TestReference.run(JUnit4TestReference.java:93) [.cp/:?]
	at org.eclipse.jdt.internal.junit.runner.TestExecution.run(TestExecution.java:40) [.cp/:?]
	at org.eclipse.jdt.internal.junit.runner.RemoteTestRunner.runTests(RemoteTestRunner.java:530) [.cp/:?]
	at org.eclipse.jdt.internal.junit.runner.RemoteTestRunner.runTests(RemoteTestRunner.java:758) [.cp/:?]
	at org.eclipse.jdt.internal.junit.runner.RemoteTestRunner.run(RemoteTestRunner.java:453) [.cp/:?]
	at org.eclipse.jdt.internal.junit.runner.RemoteTestRunner.main(RemoteTestRunner.java:211) [.cp/:?]
2025-12-30 03:07:34 INFO  === END   tests.productCardsTests.ProductCardElementsTests.cardValidation[Exp#1 [f1=1, f2=1, f3=1, f4=1, f5=1, f6=1, f7=1, f8=1]] ===
2025-12-30 03:07:34 INFO  === START tests.productCardsTests.ProductCardElementsTests.cardValidation[Exp#2 [f1=1, f2=1, f3=2, f4=2, f5=2, f6=2, f7=2, f8=2]] ===
2025-12-30 03:07:34 INFO  STEP: 📝 New input: Filling form fields.
2025-12-30 03:07:38 INFO  STEP: Card nuber 1 have a Thumbnail
2025-12-30 03:07:38 INFO  STEP: Card nuber 1 have a Title: Black Aluminium Cup
2025-12-30 03:07:38 INFO  STEP: Card nuber 1 have a Description: The Black Aluminium Cup is a stylish and durable cup suitable for both hot and cold beverages. Its sleek black design adds a modern touch to your drinkware collection.
2025-12-30 03:07:38 INFO  STEP: Card nuber 1 have a Price: 5.99
2025-12-30 03:07:38 INFO  STEP: Card nuber 1 have a Rating: 4.5
2025-12-30 03:07:38 ERROR STEP FAIL: Card nuber 1 dont have a Additional Images Button
2025-12-30 03:07:38 ERROR === FAIL  tests.productCardsTests.ProductCardElementsTests.cardValidation[Exp#2 [f1=1, f2=1, f3=2, f4=2, f5=2, f6=2, f7=2, f8=2]] ===
java.lang.AssertionError: Card nuber 1 dont have a Additional Images Button
	at org.junit.Assert.fail(Assert.java:89) ~[junit-4.13.jar:4.13]
	at org.junit.Assert.assertTrue(Assert.java:42) ~[junit-4.13.jar:4.13]
	at tests.BaseTest.checkTrue(BaseTest.java:92) ~[test-classes/:?]
	at tests.productCardsTests.ProductCardElementsTests.isThereAdditionalImageBtnInProductCard(ProductCardElementsTests.java:126) ~[test-classes/:?]
	at tests.productCardsTests.ProductCardElementsTests.cardValidation(ProductCardElementsTests.java:60) ~[test-classes/:?]
	at jdk.internal.reflect.DirectMethodHandleAccessor.invoke(DirectMethodHandleAccessor.java:103) ~[?:?]
	at java.lang.reflect.Method.invoke(Method.java:580) ~[?:?]
	at org.junit.runners.model.FrameworkMethod$1.runReflectiveCall(FrameworkMethod.java:59) ~[junit-4.13.jar:4.13]
	at org.junit.internal.runners.model.ReflectiveCallable.run(ReflectiveCallable.java:12) ~[junit-4.13.jar:4.13]
	at org.junit.runners.model.FrameworkMethod.invokeExplosively(FrameworkMethod.java:56) ~[junit-4.13.jar:4.13]
	at org.junit.internal.runners.statements.InvokeMethod.evaluate(InvokeMethod.java:17) ~[junit-4.13.jar:4.13]
	at org.junit.internal.runners.statements.RunBefores.evaluate(RunBefores.java:26) ~[junit-4.13.jar:4.13]
	at org.junit.internal.runners.statements.RunAfters.evaluate(RunAfters.java:27) ~[junit-4.13.jar:4.13]
	at org.junit.rules.TestWatcher$1.evaluate(TestWatcher.java:61) [junit-4.13.jar:4.13]
	at org.junit.runners.ParentRunner$3.evaluate(ParentRunner.java:306) [junit-4.13.jar:4.13]
	at org.junit.runners.BlockJUnit4ClassRunner$1.evaluate(BlockJUnit4ClassRunner.java:100) [junit-4.13.jar:4.13]
	at org.junit.runners.ParentRunner.runLeaf(ParentRunner.java:366) [junit-4.13.jar:4.13]
	at org.junit.runners.BlockJUnit4ClassRunner.runChild(BlockJUnit4ClassRunner.java:103) [junit-4.13.jar:4.13]
	at org.junit.runners.BlockJUnit4ClassRunner.runChild(BlockJUnit4ClassRunner.java:63) [junit-4.13.jar:4.13]
	at org.junit.runners.ParentRunner$4.run(ParentRunner.java:331) [junit-4.13.jar:4.13]
	at org.junit.runners.ParentRunner$1.schedule(ParentRunner.java:79) [junit-4.13.jar:4.13]
	at org.junit.runners.ParentRunner.runChildren(ParentRunner.java:329) [junit-4.13.jar:4.13]
	at org.junit.runners.ParentRunner.access$100(ParentRunner.java:66) [junit-4.13.jar:4.13]
	at org.junit.runners.ParentRunner$2.evaluate(ParentRunner.java:293) [junit-4.13.jar:4.13]
	at org.junit.runners.ParentRunner.run(ParentRunner.java:413) [junit-4.13.jar:4.13]
	at org.junit.runners.Suite.runChild(Suite.java:128) [junit-4.13.jar:4.13]
	at org.junit.runners.Suite.runChild(Suite.java:27) [junit-4.13.jar:4.13]
	at org.junit.runners.ParentRunner$4.run(ParentRunner.java:331) [junit-4.13.jar:4.13]
	at org.junit.runners.ParentRunner$1.schedule(ParentRunner.java:79) [junit-4.13.jar:4.13]
	at org.junit.runners.ParentRunner.runChildren(ParentRunner.java:329) [junit-4.13.jar:4.13]
	at org.junit.runners.ParentRunner.access$100(ParentRunner.java:66) [junit-4.13.jar:4.13]
	at org.junit.runners.ParentRunner$2.evaluate(ParentRunner.java:293) [junit-4.13.jar:4.13]
	at org.junit.internal.runners.statements.RunAfters.evaluate(RunAfters.java:27) [junit-4.13.jar:4.13]
	at org.junit.runners.ParentRunner$3.evaluate(ParentRunner.java:306) [junit-4.13.jar:4.13]
	at org.junit.runners.ParentRunner.run(ParentRunner.java:413) [junit-4.13.jar:4.13]
	at org.eclipse.jdt.internal.junit4.runner.JUnit4TestReference.run(JUnit4TestReference.java:93) [.cp/:?]
	at org.eclipse.jdt.internal.junit.runner.TestExecution.run(TestExecution.java:40) [.cp/:?]
	at org.eclipse.jdt.internal.junit.runner.RemoteTestRunner.runTests(RemoteTestRunner.java:530) [.cp/:?]
	at org.eclipse.jdt.internal.junit.runner.RemoteTestRunner.runTests(RemoteTestRunner.java:758) [.cp/:?]
	at org.eclipse.jdt.internal.junit.runner.RemoteTestRunner.run(RemoteTestRunner.java:453) [.cp/:?]
	at org.eclipse.jdt.internal.junit.runner.RemoteTestRunner.main(RemoteTestRunner.java:211) [.cp/:?]
2025-12-30 03:07:38 INFO  === END   tests.productCardsTests.ProductCardElementsTests.cardValidation[Exp#2 [f1=1, f2=1, f3=2, f4=2, f5=2, f6=2, f7=2, f8=2]] ===
2025-12-30 03:07:38 INFO  === START tests.productCardsTests.ProductCardElementsTests.cardValidation[Exp#3 [f1=1, f2=1, f3=3, f4=3, f5=3, f6=3, f7=3, f8=3]] ===
2025-12-30 03:07:38 INFO  STEP: 📝 New input: Filling form fields.
2025-12-30 03:07:42 INFO  STEP: Card nuber 1 have a Thumbnail
2025-12-30 03:07:42 INFO  STEP: Card nuber 1 have a Title: Samsung Galaxy Tab White
2025-12-30 03:07:42 INFO  STEP: Card nuber 1 have a Description: The Samsung Galaxy Tab in White is a sleek and versatile Android tablet. With a vibrant display, long-lasting battery, and a range of features, it offers a great user experience for various tasks.
2025-12-30 03:07:42 INFO  STEP: Card nuber 1 have a Price: 349.99
2025-12-30 03:07:42 INFO  STEP: Card nuber 1 have a Rating: 3.7
2025-12-30 03:07:42 ERROR STEP FAIL: Card nuber 1 dont have a Additional Images Button
2025-12-30 03:07:42 ERROR === FAIL  tests.productCardsTests.ProductCardElementsTests.cardValidation[Exp#3 [f1=1, f2=1, f3=3, f4=3, f5=3, f6=3, f7=3, f8=3]] ===
java.lang.AssertionError: Card nuber 1 dont have a Additional Images Button
	at org.junit.Assert.fail(Assert.java:89) ~[junit-4.13.jar:4.13]
	at org.junit.Assert.assertTrue(Assert.java:42) ~[junit-4.13.jar:4.13]
	at tests.BaseTest.checkTrue(BaseTest.java:92) ~[test-classes/:?]
	at tests.productCardsTests.ProductCardElementsTests.isThereAdditionalImageBtnInProductCard(ProductCardElementsTests.java:126) ~[test-classes/:?]
	at tests.productCardsTests.ProductCardElementsTests.cardValidation(ProductCardElementsTests.java:60) ~[test-classes/:?]
	at jdk.internal.reflect.DirectMethodHandleAccessor.invoke(DirectMethodHandleAccessor.java:103) ~[?:?]
	at java.lang.reflect.Method.invoke(Method.java:580) ~[?:?]
	at org.junit.runners.model.FrameworkMethod$1.runReflectiveCall(FrameworkMethod.java:59) ~[junit-4.13.jar:4.13]
	at org.junit.internal.runners.model.ReflectiveCallable.run(ReflectiveCallable.java:12) ~[junit-4.13.jar:4.13]
	at org.junit.runners.model.FrameworkMethod.invokeExplosively(FrameworkMethod.java:56) ~[junit-4.13.jar:4.13]
	at org.junit.internal.runners.statements.InvokeMethod.evaluate(InvokeMethod.java:17) ~[junit-4.13.jar:4.13]
	at org.junit.internal.runners.statements.RunBefores.evaluate(RunBefores.java:26) ~[junit-4.13.jar:4.13]
	at org.junit.internal.runners.statements.RunAfters.evaluate(RunAfters.java:27) ~[junit-4.13.jar:4.13]
	at org.junit.rules.TestWatcher$1.evaluate(TestWatcher.java:61) [junit-4.13.jar:4.13]
	at org.junit.runners.ParentRunner$3.evaluate(ParentRunner.java:306) [junit-4.13.jar:4.13]
	at org.junit.runners.BlockJUnit4ClassRunner$1.evaluate(BlockJUnit4ClassRunner.java:100) [junit-4.13.jar:4.13]
	at org.junit.runners.ParentRunner.runLeaf(ParentRunner.java:366) [junit-4.13.jar:4.13]
	at org.junit.runners.BlockJUnit4ClassRunner.runChild(BlockJUnit4ClassRunner.java:103) [junit-4.13.jar:4.13]
	at org.junit.runners.BlockJUnit4ClassRunner.runChild(BlockJUnit4ClassRunner.java:63) [junit-4.13.jar:4.13]
	at org.junit.runners.ParentRunner$4.run(ParentRunner.java:331) [junit-4.13.jar:4.13]
	at org.junit.runners.ParentRunner$1.schedule(ParentRunner.java:79) [junit-4.13.jar:4.13]
	at org.junit.runners.ParentRunner.runChildren(ParentRunner.java:329) [junit-4.13.jar:4.13]
	at org.junit.runners.ParentRunner.access$100(ParentRunner.java:66) [junit-4.13.jar:4.13]
	at org.junit.runners.ParentRunner$2.evaluate(ParentRunner.java:293) [junit-4.13.jar:4.13]
	at org.junit.runners.ParentRunner.run(ParentRunner.java:413) [junit-4.13.jar:4.13]
	at org.junit.runners.Suite.runChild(Suite.java:128) [junit-4.13.jar:4.13]
	at org.junit.runners.Suite.runChild(Suite.java:27) [junit-4.13.jar:4.13]
	at org.junit.runners.ParentRunner$4.run(ParentRunner.java:331) [junit-4.13.jar:4.13]
	at org.junit.runners.ParentRunner$1.schedule(ParentRunner.java:79) [junit-4.13.jar:4.13]
	at org.junit.runners.ParentRunner.runChildren(ParentRunner.java:329) [junit-4.13.jar:4.13]
	at org.junit.runners.ParentRunner.access$100(ParentRunner.java:66) [junit-4.13.jar:4.13]
	at org.junit.runners.ParentRunner$2.evaluate(ParentRunner.java:293) [junit-4.13.jar:4.13]
	at org.junit.internal.runners.statements.RunAfters.evaluate(RunAfters.java:27) [junit-4.13.jar:4.13]
	at org.junit.runners.ParentRunner$3.evaluate(ParentRunner.java:306) [junit-4.13.jar:4.13]
	at org.junit.runners.ParentRunner.run(ParentRunner.java:413) [junit-4.13.jar:4.13]
	at org.eclipse.jdt.internal.junit4.runner.JUnit4TestReference.run(JUnit4TestReference.java:93) [.cp/:?]
	at org.eclipse.jdt.internal.junit.runner.TestExecution.run(TestExecution.java:40) [.cp/:?]
	at org.eclipse.jdt.internal.junit.runner.RemoteTestRunner.runTests(RemoteTestRunner.java:530) [.cp/:?]
	at org.eclipse.jdt.internal.junit.runner.RemoteTestRunner.runTests(RemoteTestRunner.java:758) [.cp/:?]
	at org.eclipse.jdt.internal.junit.runner.RemoteTestRunner.run(RemoteTestRunner.java:453) [.cp/:?]
	at org.eclipse.jdt.internal.junit.runner.RemoteTestRunner.main(RemoteTestRunner.java:211) [.cp/:?]
2025-12-30 03:07:42 INFO  === END   tests.productCardsTests.ProductCardElementsTests.cardValidation[Exp#3 [f1=1, f2=1, f3=3, f4=3, f5=3, f6=3, f7=3, f8=3]] ===
2025-12-30 03:07:42 INFO  === START tests.productCardsTests.ProductCardElementsTests.cardValidation[Exp#4 [f1=1, f2=2, f3=1, f4=1, f5=2, f6=2, f7=3, f8=3]] ===
2025-12-30 03:07:42 INFO  STEP: 📝 New input: Filling form fields.
2025-12-30 03:07:45 INFO  STEP: Card nuber 1 have a Thumbnail
2025-12-30 03:07:45 INFO  STEP: Card nuber 1 have a Title: Plant Pot
2025-12-30 03:07:45 INFO  STEP: Card nuber 1 have a Description: The Plant Pot is a stylish container for your favorite plants. With a sleek design, it complements your indoor or outdoor garden, adding a modern touch to your plant display.
2025-12-30 03:07:45 INFO  STEP: Card nuber 1 have a Price: 14.99
2025-12-30 03:07:45 INFO  STEP: Card nuber 1 have a Rating: 3.0
2025-12-30 03:07:45 ERROR STEP FAIL: Card nuber 1 dont have a Additional Images Button
2025-12-30 03:07:45 ERROR === FAIL  tests.productCardsTests.ProductCardElementsTests.cardValidation[Exp#4 [f1=1, f2=2, f3=1, f4=1, f5=2, f6=2, f7=3, f8=3]] ===
java.lang.AssertionError: Card nuber 1 dont have a Additional Images Button
	at org.junit.Assert.fail(Assert.java:89) ~[junit-4.13.jar:4.13]
	at org.junit.Assert.assertTrue(Assert.java:42) ~[junit-4.13.jar:4.13]
	at tests.BaseTest.checkTrue(BaseTest.java:92) ~[test-classes/:?]
	at tests.productCardsTests.ProductCardElementsTests.isThereAdditionalImageBtnInProductCard(ProductCardElementsTests.java:126) ~[test-classes/:?]
	at tests.productCardsTests.ProductCardElementsTests.cardValidation(ProductCardElementsTests.java:60) ~[test-classes/:?]
	at jdk.internal.reflect.DirectMethodHandleAccessor.invoke(DirectMethodHandleAccessor.java:103) ~[?:?]
	at java.lang.reflect.Method.invoke(Method.java:580) ~[?:?]
	at org.junit.runners.model.FrameworkMethod$1.runReflectiveCall(FrameworkMethod.java:59) ~[junit-4.13.jar:4.13]
	at org.junit.internal.runners.model.ReflectiveCallable.run(ReflectiveCallable.java:12) ~[junit-4.13.jar:4.13]
	at org.junit.runners.model.FrameworkMethod.invokeExplosively(FrameworkMethod.java:56) ~[junit-4.13.jar:4.13]
	at org.junit.internal.runners.statements.InvokeMethod.evaluate(InvokeMethod.java:17) ~[junit-4.13.jar:4.13]
	at org.junit.internal.runners.statements.RunBefores.evaluate(RunBefores.java:26) ~[junit-4.13.jar:4.13]
	at org.junit.internal.runners.statements.RunAfters.evaluate(RunAfters.java:27) ~[junit-4.13.jar:4.13]
	at org.junit.rules.TestWatcher$1.evaluate(TestWatcher.java:61) [junit-4.13.jar:4.13]
	at org.junit.runners.ParentRunner$3.evaluate(ParentRunner.java:306) [junit-4.13.jar:4.13]
	at org.junit.runners.BlockJUnit4ClassRunner$1.evaluate(BlockJUnit4ClassRunner.java:100) [junit-4.13.jar:4.13]
	at org.junit.runners.ParentRunner.runLeaf(ParentRunner.java:366) [junit-4.13.jar:4.13]
	at org.junit.runners.BlockJUnit4ClassRunner.runChild(BlockJUnit4ClassRunner.java:103) [junit-4.13.jar:4.13]
	at org.junit.runners.BlockJUnit4ClassRunner.runChild(BlockJUnit4ClassRunner.java:63) [junit-4.13.jar:4.13]
	at org.junit.runners.ParentRunner$4.run(ParentRunner.java:331) [junit-4.13.jar:4.13]
	at org.junit.runners.ParentRunner$1.schedule(ParentRunner.java:79) [junit-4.13.jar:4.13]
	at org.junit.runners.ParentRunner.runChildren(ParentRunner.java:329) [junit-4.13.jar:4.13]
	at org.junit.runners.ParentRunner.access$100(ParentRunner.java:66) [junit-4.13.jar:4.13]
	at org.junit.runners.ParentRunner$2.evaluate(ParentRunner.java:293) [junit-4.13.jar:4.13]
	at org.junit.runners.ParentRunner.run(ParentRunner.java:413) [junit-4.13.jar:4.13]
	at org.junit.runners.Suite.runChild(Suite.java:128) [junit-4.13.jar:4.13]
	at org.junit.runners.Suite.runChild(Suite.java:27) [junit-4.13.jar:4.13]
	at org.junit.runners.ParentRunner$4.run(ParentRunner.java:331) [junit-4.13.jar:4.13]
	at org.junit.runners.ParentRunner$1.schedule(ParentRunner.java:79) [junit-4.13.jar:4.13]
	at org.junit.runners.ParentRunner.runChildren(ParentRunner.java:329) [junit-4.13.jar:4.13]
	at org.junit.runners.ParentRunner.access$100(ParentRunner.java:66) [junit-4.13.jar:4.13]
	at org.junit.runners.ParentRunner$2.evaluate(ParentRunner.java:293) [junit-4.13.jar:4.13]
	at org.junit.internal.runners.statements.RunAfters.evaluate(RunAfters.java:27) [junit-4.13.jar:4.13]
	at org.junit.runners.ParentRunner$3.evaluate(ParentRunner.java:306) [junit-4.13.jar:4.13]
	at org.junit.runners.ParentRunner.run(ParentRunner.java:413) [junit-4.13.jar:4.13]
	at org.eclipse.jdt.internal.junit4.runner.JUnit4TestReference.run(JUnit4TestReference.java:93) [.cp/:?]
	at org.eclipse.jdt.internal.junit.runner.TestExecution.run(TestExecution.java:40) [.cp/:?]
	at org.eclipse.jdt.internal.junit.runner.RemoteTestRunner.runTests(RemoteTestRunner.java:530) [.cp/:?]
	at org.eclipse.jdt.internal.junit.runner.RemoteTestRunner.runTests(RemoteTestRunner.java:758) [.cp/:?]
	at org.eclipse.jdt.internal.junit.runner.RemoteTestRunner.run(RemoteTestRunner.java:453) [.cp/:?]
	at org.eclipse.jdt.internal.junit.runner.RemoteTestRunner.main(RemoteTestRunner.java:211) [.cp/:?]
2025-12-30 03:07:45 INFO  === END   tests.productCardsTests.ProductCardElementsTests.cardValidation[Exp#4 [f1=1, f2=2, f3=1, f4=1, f5=2, f6=2, f7=3, f8=3]] ===
2025-12-30 03:07:45 INFO  === START tests.productCardsTests.ProductCardElementsTests.cardValidation[Exp#5 [f1=1, f2=2, f3=2, f4=2, f5=3, f6=3, f7=1, f8=1]] ===
2025-12-30 03:07:45 INFO  STEP: 📝 New input: Filling form fields.
2025-12-30 03:07:49 INFO  STEP: Card nuber 1 have a Thumbnail
2025-12-30 03:07:49 INFO  STEP: Card nuber 1 have a Title: Black Aluminium Cup
2025-12-30 03:07:49 INFO  STEP: Card nuber 1 have a Description: The Black Aluminium Cup is a stylish and durable cup suitable for both hot and cold beverages. Its sleek black design adds a modern touch to your drinkware collection.
2025-12-30 03:07:49 INFO  STEP: Card nuber 1 have a Price: 5.99
2025-12-30 03:07:49 INFO  STEP: Card nuber 1 have a Rating: 4.5
2025-12-30 03:07:49 ERROR STEP FAIL: Card nuber 1 dont have a Additional Images Button
2025-12-30 03:07:49 ERROR === FAIL  tests.productCardsTests.ProductCardElementsTests.cardValidation[Exp#5 [f1=1, f2=2, f3=2, f4=2, f5=3, f6=3, f7=1, f8=1]] ===
java.lang.AssertionError: Card nuber 1 dont have a Additional Images Button
	at org.junit.Assert.fail(Assert.java:89) ~[junit-4.13.jar:4.13]
	at org.junit.Assert.assertTrue(Assert.java:42) ~[junit-4.13.jar:4.13]
	at tests.BaseTest.checkTrue(BaseTest.java:92) ~[test-classes/:?]
	at tests.productCardsTests.ProductCardElementsTests.isThereAdditionalImageBtnInProductCard(ProductCardElementsTests.java:126) ~[test-classes/:?]
	at tests.productCardsTests.ProductCardElementsTests.cardValidation(ProductCardElementsTests.java:60) ~[test-classes/:?]
	at jdk.internal.reflect.DirectMethodHandleAccessor.invoke(DirectMethodHandleAccessor.java:103) ~[?:?]
	at java.lang.reflect.Method.invoke(Method.java:580) ~[?:?]
	at org.junit.runners.model.FrameworkMethod$1.runReflectiveCall(FrameworkMethod.java:59) ~[junit-4.13.jar:4.13]
	at org.junit.internal.runners.model.ReflectiveCallable.run(ReflectiveCallable.java:12) ~[junit-4.13.jar:4.13]
	at org.junit.runners.model.FrameworkMethod.invokeExplosively(FrameworkMethod.java:56) ~[junit-4.13.jar:4.13]
	at org.junit.internal.runners.statements.InvokeMethod.evaluate(InvokeMethod.java:17) ~[junit-4.13.jar:4.13]
	at org.junit.internal.runners.statements.RunBefores.evaluate(RunBefores.java:26) ~[junit-4.13.jar:4.13]
	at org.junit.internal.runners.statements.RunAfters.evaluate(RunAfters.java:27) ~[junit-4.13.jar:4.13]
	at org.junit.rules.TestWatcher$1.evaluate(TestWatcher.java:61) [junit-4.13.jar:4.13]
	at org.junit.runners.ParentRunner$3.evaluate(ParentRunner.java:306) [junit-4.13.jar:4.13]
	at org.junit.runners.BlockJUnit4ClassRunner$1.evaluate(BlockJUnit4ClassRunner.java:100) [junit-4.13.jar:4.13]
	at org.junit.runners.ParentRunner.runLeaf(ParentRunner.java:366) [junit-4.13.jar:4.13]
	at org.junit.runners.BlockJUnit4ClassRunner.runChild(BlockJUnit4ClassRunner.java:103) [junit-4.13.jar:4.13]
	at org.junit.runners.BlockJUnit4ClassRunner.runChild(BlockJUnit4ClassRunner.java:63) [junit-4.13.jar:4.13]
	at org.junit.runners.ParentRunner$4.run(ParentRunner.java:331) [junit-4.13.jar:4.13]
	at org.junit.runners.ParentRunner$1.schedule(ParentRunner.java:79) [junit-4.13.jar:4.13]
	at org.junit.runners.ParentRunner.runChildren(ParentRunner.java:329) [junit-4.13.jar:4.13]
	at org.junit.runners.ParentRunner.access$100(ParentRunner.java:66) [junit-4.13.jar:4.13]
	at org.junit.runners.ParentRunner$2.evaluate(ParentRunner.java:293) [junit-4.13.jar:4.13]
	at org.junit.runners.ParentRunner.run(ParentRunner.java:413) [junit-4.13.jar:4.13]
	at org.junit.runners.Suite.runChild(Suite.java:128) [junit-4.13.jar:4.13]
	at org.junit.runners.Suite.runChild(Suite.java:27) [junit-4.13.jar:4.13]
	at org.junit.runners.ParentRunner$4.run(ParentRunner.java:331) [junit-4.13.jar:4.13]
	at org.junit.runners.ParentRunner$1.schedule(ParentRunner.java:79) [junit-4.13.jar:4.13]
	at org.junit.runners.ParentRunner.runChildren(ParentRunner.java:329) [junit-4.13.jar:4.13]
	at org.junit.runners.ParentRunner.access$100(ParentRunner.java:66) [junit-4.13.jar:4.13]
	at org.junit.runners.ParentRunner$2.evaluate(ParentRunner.java:293) [junit-4.13.jar:4.13]
	at org.junit.internal.runners.statements.RunAfters.evaluate(RunAfters.java:27) [junit-4.13.jar:4.13]
	at org.junit.runners.ParentRunner$3.evaluate(ParentRunner.java:306) [junit-4.13.jar:4.13]
	at org.junit.runners.ParentRunner.run(ParentRunner.java:413) [junit-4.13.jar:4.13]
	at org.eclipse.jdt.internal.junit4.runner.JUnit4TestReference.run(JUnit4TestReference.java:93) [.cp/:?]
	at org.eclipse.jdt.internal.junit.runner.TestExecution.run(TestExecution.java:40) [.cp/:?]
	at org.eclipse.jdt.internal.junit.runner.RemoteTestRunner.runTests(RemoteTestRunner.java:530) [.cp/:?]
	at org.eclipse.jdt.internal.junit.runner.RemoteTestRunner.runTests(RemoteTestRunner.java:758) [.cp/:?]
	at org.eclipse.jdt.internal.junit.runner.RemoteTestRunner.run(RemoteTestRunner.java:453) [.cp/:?]
	at org.eclipse.jdt.internal.junit.runner.RemoteTestRunner.main(RemoteTestRunner.java:211) [.cp/:?]
2025-12-30 03:07:49 INFO  === END   tests.productCardsTests.ProductCardElementsTests.cardValidation[Exp#5 [f1=1, f2=2, f3=2, f4=2, f5=3, f6=3, f7=1, f8=1]] ===
2025-12-30 03:07:49 INFO  === START tests.productCardsTests.ProductCardElementsTests.cardValidation[Exp#6 [f1=1, f2=2, f3=3, f4=3, f5=1, f6=1, f7=2, f8=2]] ===
2025-12-30 03:07:49 INFO  STEP: 📝 New input: Filling form fields.
2025-12-30 03:07:53 INFO  STEP: Card nuber 1 have a Thumbnail
2025-12-30 03:07:53 INFO  STEP: Card nuber 1 have a Title: Baseball Ball
2025-12-30 03:07:53 INFO  STEP: Card nuber 1 have a Description: The Baseball Ball is a standard baseball used in baseball games. It features a durable leather cover and is designed for pitching, hitting, and fielding in the game of baseball.
2025-12-30 03:07:53 INFO  STEP: Card nuber 1 have a Price: 8.99
2025-12-30 03:07:53 INFO  STEP: Card nuber 1 have a Rating: 2.6
2025-12-30 03:07:53 ERROR STEP FAIL: Card nuber 1 dont have a Additional Images Button
2025-12-30 03:07:53 ERROR === FAIL  tests.productCardsTests.ProductCardElementsTests.cardValidation[Exp#6 [f1=1, f2=2, f3=3, f4=3, f5=1, f6=1, f7=2, f8=2]] ===
java.lang.AssertionError: Card nuber 1 dont have a Additional Images Button
	at org.junit.Assert.fail(Assert.java:89) ~[junit-4.13.jar:4.13]
	at org.junit.Assert.assertTrue(Assert.java:42) ~[junit-4.13.jar:4.13]
	at tests.BaseTest.checkTrue(BaseTest.java:92) ~[test-classes/:?]
	at tests.productCardsTests.ProductCardElementsTests.isThereAdditionalImageBtnInProductCard(ProductCardElementsTests.java:126) ~[test-classes/:?]
	at tests.productCardsTests.ProductCardElementsTests.cardValidation(ProductCardElementsTests.java:60) ~[test-classes/:?]
	at jdk.internal.reflect.DirectMethodHandleAccessor.invoke(DirectMethodHandleAccessor.java:103) ~[?:?]
	at java.lang.reflect.Method.invoke(Method.java:580) ~[?:?]
	at org.junit.runners.model.FrameworkMethod$1.runReflectiveCall(FrameworkMethod.java:59) ~[junit-4.13.jar:4.13]
	at org.junit.internal.runners.model.ReflectiveCallable.run(ReflectiveCallable.java:12) ~[junit-4.13.jar:4.13]
	at org.junit.runners.model.FrameworkMethod.invokeExplosively(FrameworkMethod.java:56) ~[junit-4.13.jar:4.13]
	at org.junit.internal.runners.statements.InvokeMethod.evaluate(InvokeMethod.java:17) ~[junit-4.13.jar:4.13]
	at org.junit.internal.runners.statements.RunBefores.evaluate(RunBefores.java:26) ~[junit-4.13.jar:4.13]
	at org.junit.internal.runners.statements.RunAfters.evaluate(RunAfters.java:27) ~[junit-4.13.jar:4.13]
	at org.junit.rules.TestWatcher$1.evaluate(TestWatcher.java:61) [junit-4.13.jar:4.13]
	at org.junit.runners.ParentRunner$3.evaluate(ParentRunner.java:306) [junit-4.13.jar:4.13]
	at org.junit.runners.BlockJUnit4ClassRunner$1.evaluate(BlockJUnit4ClassRunner.java:100) [junit-4.13.jar:4.13]
	at org.junit.runners.ParentRunner.runLeaf(ParentRunner.java:366) [junit-4.13.jar:4.13]
	at org.junit.runners.BlockJUnit4ClassRunner.runChild(BlockJUnit4ClassRunner.java:103) [junit-4.13.jar:4.13]
	at org.junit.runners.BlockJUnit4ClassRunner.runChild(BlockJUnit4ClassRunner.java:63) [junit-4.13.jar:4.13]
	at org.junit.runners.ParentRunner$4.run(ParentRunner.java:331) [junit-4.13.jar:4.13]
	at org.junit.runners.ParentRunner$1.schedule(ParentRunner.java:79) [junit-4.13.jar:4.13]
	at org.junit.runners.ParentRunner.runChildren(ParentRunner.java:329) [junit-4.13.jar:4.13]
	at org.junit.runners.ParentRunner.access$100(ParentRunner.java:66) [junit-4.13.jar:4.13]
	at org.junit.runners.ParentRunner$2.evaluate(ParentRunner.java:293) [junit-4.13.jar:4.13]
	at org.junit.runners.ParentRunner.run(ParentRunner.java:413) [junit-4.13.jar:4.13]
	at org.junit.runners.Suite.runChild(Suite.java:128) [junit-4.13.jar:4.13]
	at org.junit.runners.Suite.runChild(Suite.java:27) [junit-4.13.jar:4.13]
	at org.junit.runners.ParentRunner$4.run(ParentRunner.java:331) [junit-4.13.jar:4.13]
	at org.junit.runners.ParentRunner$1.schedule(ParentRunner.java:79) [junit-4.13.jar:4.13]
	at org.junit.runners.ParentRunner.runChildren(ParentRunner.java:329) [junit-4.13.jar:4.13]
	at org.junit.runners.ParentRunner.access$100(ParentRunner.java:66) [junit-4.13.jar:4.13]
	at org.junit.runners.ParentRunner$2.evaluate(ParentRunner.java:293) [junit-4.13.jar:4.13]
	at org.junit.internal.runners.statements.RunAfters.evaluate(RunAfters.java:27) [junit-4.13.jar:4.13]
	at org.junit.runners.ParentRunner$3.evaluate(ParentRunner.java:306) [junit-4.13.jar:4.13]
	at org.junit.runners.ParentRunner.run(ParentRunner.java:413) [junit-4.13.jar:4.13]
	at org.eclipse.jdt.internal.junit4.runner.JUnit4TestReference.run(JUnit4TestReference.java:93) [.cp/:?]
	at org.eclipse.jdt.internal.junit.runner.TestExecution.run(TestExecution.java:40) [.cp/:?]
	at org.eclipse.jdt.internal.junit.runner.RemoteTestRunner.runTests(RemoteTestRunner.java:530) [.cp/:?]
	at org.eclipse.jdt.internal.junit.runner.RemoteTestRunner.runTests(RemoteTestRunner.java:758) [.cp/:?]
	at org.eclipse.jdt.internal.junit.runner.RemoteTestRunner.run(RemoteTestRunner.java:453) [.cp/:?]
	at org.eclipse.jdt.internal.junit.runner.RemoteTestRunner.main(RemoteTestRunner.java:211) [.cp/:?]
2025-12-30 03:07:53 INFO  === END   tests.productCardsTests.ProductCardElementsTests.cardValidation[Exp#6 [f1=1, f2=2, f3=3, f4=3, f5=1, f6=1, f7=2, f8=2]] ===
2025-12-30 03:07:53 INFO  === START tests.productCardsTests.ProductCardElementsTests.cardValidation[Exp#7 [f1=1, f2=3, f3=1, f4=2, f5=1, f6=3, f7=2, f8=3]] ===
2025-12-30 03:07:53 INFO  STEP: 📝 New input: Filling form fields.
2025-12-30 03:07:57 INFO  STEP: Card nuber 1 have a Thumbnail
2025-12-30 03:07:57 INFO  STEP: Card nuber 1 have a Title: Baseball Ball
2025-12-30 03:07:57 INFO  STEP: Card nuber 1 have a Description: The Baseball Ball is a standard baseball used in baseball games. It features a durable leather cover and is designed for pitching, hitting, and fielding in the game of baseball.
2025-12-30 03:07:57 INFO  STEP: Card nuber 1 have a Price: 8.99
2025-12-30 03:07:57 INFO  STEP: Card nuber 1 have a Rating: 2.6
2025-12-30 03:07:57 ERROR STEP FAIL: Card nuber 1 dont have a Additional Images Button
2025-12-30 03:07:57 ERROR === FAIL  tests.productCardsTests.ProductCardElementsTests.cardValidation[Exp#7 [f1=1, f2=3, f3=1, f4=2, f5=1, f6=3, f7=2, f8=3]] ===
java.lang.AssertionError: Card nuber 1 dont have a Additional Images Button
	at org.junit.Assert.fail(Assert.java:89) ~[junit-4.13.jar:4.13]
	at org.junit.Assert.assertTrue(Assert.java:42) ~[junit-4.13.jar:4.13]
	at tests.BaseTest.checkTrue(BaseTest.java:92) ~[test-classes/:?]
	at tests.productCardsTests.ProductCardElementsTests.isThereAdditionalImageBtnInProductCard(ProductCardElementsTests.java:126) ~[test-classes/:?]
	at tests.productCardsTests.ProductCardElementsTests.cardValidation(ProductCardElementsTests.java:60) ~[test-classes/:?]
	at jdk.internal.reflect.DirectMethodHandleAccessor.invoke(DirectMethodHandleAccessor.java:103) ~[?:?]
	at java.lang.reflect.Method.invoke(Method.java:580) ~[?:?]
	at org.junit.runners.model.FrameworkMethod$1.runReflectiveCall(FrameworkMethod.java:59) ~[junit-4.13.jar:4.13]
	at org.junit.internal.runners.model.ReflectiveCallable.run(ReflectiveCallable.java:12) ~[junit-4.13.jar:4.13]
	at org.junit.runners.model.FrameworkMethod.invokeExplosively(FrameworkMethod.java:56) ~[junit-4.13.jar:4.13]
	at org.junit.internal.runners.statements.InvokeMethod.evaluate(InvokeMethod.java:17) ~[junit-4.13.jar:4.13]
	at org.junit.internal.runners.statements.RunBefores.evaluate(RunBefores.java:26) ~[junit-4.13.jar:4.13]
	at org.junit.internal.runners.statements.RunAfters.evaluate(RunAfters.java:27) ~[junit-4.13.jar:4.13]
	at org.junit.rules.TestWatcher$1.evaluate(TestWatcher.java:61) [junit-4.13.jar:4.13]
	at org.junit.runners.ParentRunner$3.evaluate(ParentRunner.java:306) [junit-4.13.jar:4.13]
	at org.junit.runners.BlockJUnit4ClassRunner$1.evaluate(BlockJUnit4ClassRunner.java:100) [junit-4.13.jar:4.13]
	at org.junit.runners.ParentRunner.runLeaf(ParentRunner.java:366) [junit-4.13.jar:4.13]
	at org.junit.runners.BlockJUnit4ClassRunner.runChild(BlockJUnit4ClassRunner.java:103) [junit-4.13.jar:4.13]
	at org.junit.runners.BlockJUnit4ClassRunner.runChild(BlockJUnit4ClassRunner.java:63) [junit-4.13.jar:4.13]
	at org.junit.runners.ParentRunner$4.run(ParentRunner.java:331) [junit-4.13.jar:4.13]
	at org.junit.runners.ParentRunner$1.schedule(ParentRunner.java:79) [junit-4.13.jar:4.13]
	at org.junit.runners.ParentRunner.runChildren(ParentRunner.java:329) [junit-4.13.jar:4.13]
	at org.junit.runners.ParentRunner.access$100(ParentRunner.java:66) [junit-4.13.jar:4.13]
	at org.junit.runners.ParentRunner$2.evaluate(ParentRunner.java:293) [junit-4.13.jar:4.13]
	at org.junit.runners.ParentRunner.run(ParentRunner.java:413) [junit-4.13.jar:4.13]
	at org.junit.runners.Suite.runChild(Suite.java:128) [junit-4.13.jar:4.13]
	at org.junit.runners.Suite.runChild(Suite.java:27) [junit-4.13.jar:4.13]
	at org.junit.runners.ParentRunner$4.run(ParentRunner.java:331) [junit-4.13.jar:4.13]
	at org.junit.runners.ParentRunner$1.schedule(ParentRunner.java:79) [junit-4.13.jar:4.13]
	at org.junit.runners.ParentRunner.runChildren(ParentRunner.java:329) [junit-4.13.jar:4.13]
	at org.junit.runners.ParentRunner.access$100(ParentRunner.java:66) [junit-4.13.jar:4.13]
	at org.junit.runners.ParentRunner$2.evaluate(ParentRunner.java:293) [junit-4.13.jar:4.13]
	at org.junit.internal.runners.statements.RunAfters.evaluate(RunAfters.java:27) [junit-4.13.jar:4.13]
	at org.junit.runners.ParentRunner$3.evaluate(ParentRunner.java:306) [junit-4.13.jar:4.13]
	at org.junit.runners.ParentRunner.run(ParentRunner.java:413) [junit-4.13.jar:4.13]
	at org.eclipse.jdt.internal.junit4.runner.JUnit4TestReference.run(JUnit4TestReference.java:93) [.cp/:?]
	at org.eclipse.jdt.internal.junit.runner.TestExecution.run(TestExecution.java:40) [.cp/:?]
	at org.eclipse.jdt.internal.junit.runner.RemoteTestRunner.runTests(RemoteTestRunner.java:530) [.cp/:?]
	at org.eclipse.jdt.internal.junit.runner.RemoteTestRunner.runTests(RemoteTestRunner.java:758) [.cp/:?]
	at org.eclipse.jdt.internal.junit.runner.RemoteTestRunner.run(RemoteTestRunner.java:453) [.cp/:?]
	at org.eclipse.jdt.internal.junit.runner.RemoteTestRunner.main(RemoteTestRunner.java:211) [.cp/:?]
2025-12-30 03:07:57 INFO  === END   tests.productCardsTests.ProductCardElementsTests.cardValidation[Exp#7 [f1=1, f2=3, f3=1, f4=2, f5=1, f6=3, f7=2, f8=3]] ===
2025-12-30 03:07:57 INFO  === START tests.productCardsTests.ProductCardElementsTests.cardValidation[Exp#8 [f1=1, f2=3, f3=2, f4=3, f5=2, f6=1, f7=3, f8=1]] ===
2025-12-30 03:07:57 INFO  STEP: 📝 New input: Filling form fields.
2025-12-30 03:08:01 INFO  STEP: Card nuber 1 have a Thumbnail
2025-12-30 03:08:01 INFO  STEP: Card nuber 1 have a Title: iPhone 5s
2025-12-30 03:08:01 INFO  STEP: Card nuber 1 have a Description: The iPhone 5s is a classic smartphone known for its compact design and advanced features during its release. While it's an older model, it still provides a reliable user experience.
2025-12-30 03:08:01 INFO  STEP: Card nuber 1 have a Price: 199.99
2025-12-30 03:08:01 INFO  STEP: Card nuber 1 have a Rating: 2.8
2025-12-30 03:08:01 ERROR STEP FAIL: Card nuber 1 dont have a Additional Images Button
2025-12-30 03:08:01 ERROR === FAIL  tests.productCardsTests.ProductCardElementsTests.cardValidation[Exp#8 [f1=1, f2=3, f3=2, f4=3, f5=2, f6=1, f7=3, f8=1]] ===
java.lang.AssertionError: Card nuber 1 dont have a Additional Images Button
	at org.junit.Assert.fail(Assert.java:89) ~[junit-4.13.jar:4.13]
	at org.junit.Assert.assertTrue(Assert.java:42) ~[junit-4.13.jar:4.13]
	at tests.BaseTest.checkTrue(BaseTest.java:92) ~[test-classes/:?]
	at tests.productCardsTests.ProductCardElementsTests.isThereAdditionalImageBtnInProductCard(ProductCardElementsTests.java:126) ~[test-classes/:?]
	at tests.productCardsTests.ProductCardElementsTests.cardValidation(ProductCardElementsTests.java:60) ~[test-classes/:?]
	at jdk.internal.reflect.DirectMethodHandleAccessor.invoke(DirectMethodHandleAccessor.java:103) ~[?:?]
	at java.lang.reflect.Method.invoke(Method.java:580) ~[?:?]
	at org.junit.runners.model.FrameworkMethod$1.runReflectiveCall(FrameworkMethod.java:59) ~[junit-4.13.jar:4.13]
	at org.junit.internal.runners.model.ReflectiveCallable.run(ReflectiveCallable.java:12) ~[junit-4.13.jar:4.13]
	at org.junit.runners.model.FrameworkMethod.invokeExplosively(FrameworkMethod.java:56) ~[junit-4.13.jar:4.13]
	at org.junit.internal.runners.statements.InvokeMethod.evaluate(InvokeMethod.java:17) ~[junit-4.13.jar:4.13]
	at org.junit.internal.runners.statements.RunBefores.evaluate(RunBefores.java:26) ~[junit-4.13.jar:4.13]
	at org.junit.internal.runners.statements.RunAfters.evaluate(RunAfters.java:27) ~[junit-4.13.jar:4.13]
	at org.junit.rules.TestWatcher$1.evaluate(TestWatcher.java:61) [junit-4.13.jar:4.13]
	at org.junit.runners.ParentRunner$3.evaluate(ParentRunner.java:306) [junit-4.13.jar:4.13]
	at org.junit.runners.BlockJUnit4ClassRunner$1.evaluate(BlockJUnit4ClassRunner.java:100) [junit-4.13.jar:4.13]
	at org.junit.runners.ParentRunner.runLeaf(ParentRunner.java:366) [junit-4.13.jar:4.13]
	at org.junit.runners.BlockJUnit4ClassRunner.runChild(BlockJUnit4ClassRunner.java:103) [junit-4.13.jar:4.13]
	at org.junit.runners.BlockJUnit4ClassRunner.runChild(BlockJUnit4ClassRunner.java:63) [junit-4.13.jar:4.13]
	at org.junit.runners.ParentRunner$4.run(ParentRunner.java:331) [junit-4.13.jar:4.13]
	at org.junit.runners.ParentRunner$1.schedule(ParentRunner.java:79) [junit-4.13.jar:4.13]
	at org.junit.runners.ParentRunner.runChildren(ParentRunner.java:329) [junit-4.13.jar:4.13]
	at org.junit.runners.ParentRunner.access$100(ParentRunner.java:66) [junit-4.13.jar:4.13]
	at org.junit.runners.ParentRunner$2.evaluate(ParentRunner.java:293) [junit-4.13.jar:4.13]
	at org.junit.runners.ParentRunner.run(ParentRunner.java:413) [junit-4.13.jar:4.13]
	at org.junit.runners.Suite.runChild(Suite.java:128) [junit-4.13.jar:4.13]
	at org.junit.runners.Suite.runChild(Suite.java:27) [junit-4.13.jar:4.13]
	at org.junit.runners.ParentRunner$4.run(ParentRunner.java:331) [junit-4.13.jar:4.13]
	at org.junit.runners.ParentRunner$1.schedule(ParentRunner.java:79) [junit-4.13.jar:4.13]
	at org.junit.runners.ParentRunner.runChildren(ParentRunner.java:329) [junit-4.13.jar:4.13]
	at org.junit.runners.ParentRunner.access$100(ParentRunner.java:66) [junit-4.13.jar:4.13]
	at org.junit.runners.ParentRunner$2.evaluate(ParentRunner.java:293) [junit-4.13.jar:4.13]
	at org.junit.internal.runners.statements.RunAfters.evaluate(RunAfters.java:27) [junit-4.13.jar:4.13]
	at org.junit.runners.ParentRunner$3.evaluate(ParentRunner.java:306) [junit-4.13.jar:4.13]
	at org.junit.runners.ParentRunner.run(ParentRunner.java:413) [junit-4.13.jar:4.13]
	at org.eclipse.jdt.internal.junit4.runner.JUnit4TestReference.run(JUnit4TestReference.java:93) [.cp/:?]
	at org.eclipse.jdt.internal.junit.runner.TestExecution.run(TestExecution.java:40) [.cp/:?]
	at org.eclipse.jdt.internal.junit.runner.RemoteTestRunner.runTests(RemoteTestRunner.java:530) [.cp/:?]
	at org.eclipse.jdt.internal.junit.runner.RemoteTestRunner.runTests(RemoteTestRunner.java:758) [.cp/:?]
	at org.eclipse.jdt.internal.junit.runner.RemoteTestRunner.run(RemoteTestRunner.java:453) [.cp/:?]
	at org.eclipse.jdt.internal.junit.runner.RemoteTestRunner.main(RemoteTestRunner.java:211) [.cp/:?]
2025-12-30 03:08:01 INFO  === END   tests.productCardsTests.ProductCardElementsTests.cardValidation[Exp#8 [f1=1, f2=3, f3=2, f4=3, f5=2, f6=1, f7=3, f8=1]] ===
2025-12-30 03:08:01 INFO  === START tests.productCardsTests.ProductCardElementsTests.cardValidation[Exp#9 [f1=1, f2=3, f3=3, f4=1, f5=3, f6=2, f7=1, f8=2]] ===
2025-12-30 03:08:01 INFO  STEP: 📝 New input: Filling form fields.
2025-12-30 03:08:05 INFO  STEP: Card nuber 1 have a Thumbnail
2025-12-30 03:08:05 INFO  STEP: Card nuber 1 have a Title: Baseball Ball
2025-12-30 03:08:05 INFO  STEP: Card nuber 1 have a Description: The Baseball Ball is a standard baseball used in baseball games. It features a durable leather cover and is designed for pitching, hitting, and fielding in the game of baseball.
2025-12-30 03:08:05 INFO  STEP: Card nuber 1 have a Price: 8.99
2025-12-30 03:08:05 INFO  STEP: Card nuber 1 have a Rating: 2.6
2025-12-30 03:08:05 ERROR STEP FAIL: Card nuber 1 dont have a Additional Images Button
2025-12-30 03:08:05 ERROR === FAIL  tests.productCardsTests.ProductCardElementsTests.cardValidation[Exp#9 [f1=1, f2=3, f3=3, f4=1, f5=3, f6=2, f7=1, f8=2]] ===
java.lang.AssertionError: Card nuber 1 dont have a Additional Images Button
	at org.junit.Assert.fail(Assert.java:89) ~[junit-4.13.jar:4.13]
	at org.junit.Assert.assertTrue(Assert.java:42) ~[junit-4.13.jar:4.13]
	at tests.BaseTest.checkTrue(BaseTest.java:92) ~[test-classes/:?]
	at tests.productCardsTests.ProductCardElementsTests.isThereAdditionalImageBtnInProductCard(ProductCardElementsTests.java:126) ~[test-classes/:?]
	at tests.productCardsTests.ProductCardElementsTests.cardValidation(ProductCardElementsTests.java:60) ~[test-classes/:?]
	at jdk.internal.reflect.DirectMethodHandleAccessor.invoke(DirectMethodHandleAccessor.java:103) ~[?:?]
	at java.lang.reflect.Method.invoke(Method.java:580) ~[?:?]
	at org.junit.runners.model.FrameworkMethod$1.runReflectiveCall(FrameworkMethod.java:59) ~[junit-4.13.jar:4.13]
	at org.junit.internal.runners.model.ReflectiveCallable.run(ReflectiveCallable.java:12) ~[junit-4.13.jar:4.13]
	at org.junit.runners.model.FrameworkMethod.invokeExplosively(FrameworkMethod.java:56) ~[junit-4.13.jar:4.13]
	at org.junit.internal.runners.statements.InvokeMethod.evaluate(InvokeMethod.java:17) ~[junit-4.13.jar:4.13]
	at org.junit.internal.runners.statements.RunBefores.evaluate(RunBefores.java:26) ~[junit-4.13.jar:4.13]
	at org.junit.internal.runners.statements.RunAfters.evaluate(RunAfters.java:27) ~[junit-4.13.jar:4.13]
	at org.junit.rules.TestWatcher$1.evaluate(TestWatcher.java:61) [junit-4.13.jar:4.13]
	at org.junit.runners.ParentRunner$3.evaluate(ParentRunner.java:306) [junit-4.13.jar:4.13]
	at org.junit.runners.BlockJUnit4ClassRunner$1.evaluate(BlockJUnit4ClassRunner.java:100) [junit-4.13.jar:4.13]
	at org.junit.runners.ParentRunner.runLeaf(ParentRunner.java:366) [junit-4.13.jar:4.13]
	at org.junit.runners.BlockJUnit4ClassRunner.runChild(BlockJUnit4ClassRunner.java:103) [junit-4.13.jar:4.13]
	at org.junit.runners.BlockJUnit4ClassRunner.runChild(BlockJUnit4ClassRunner.java:63) [junit-4.13.jar:4.13]
	at org.junit.runners.ParentRunner$4.run(ParentRunner.java:331) [junit-4.13.jar:4.13]
	at org.junit.runners.ParentRunner$1.schedule(ParentRunner.java:79) [junit-4.13.jar:4.13]
	at org.junit.runners.ParentRunner.runChildren(ParentRunner.java:329) [junit-4.13.jar:4.13]
	at org.junit.runners.ParentRunner.access$100(ParentRunner.java:66) [junit-4.13.jar:4.13]
	at org.junit.runners.ParentRunner$2.evaluate(ParentRunner.java:293) [junit-4.13.jar:4.13]
	at org.junit.runners.ParentRunner.run(ParentRunner.java:413) [junit-4.13.jar:4.13]
	at org.junit.runners.Suite.runChild(Suite.java:128) [junit-4.13.jar:4.13]
	at org.junit.runners.Suite.runChild(Suite.java:27) [junit-4.13.jar:4.13]
	at org.junit.runners.ParentRunner$4.run(ParentRunner.java:331) [junit-4.13.jar:4.13]
	at org.junit.runners.ParentRunner$1.schedule(ParentRunner.java:79) [junit-4.13.jar:4.13]
	at org.junit.runners.ParentRunner.runChildren(ParentRunner.java:329) [junit-4.13.jar:4.13]
	at org.junit.runners.ParentRunner.access$100(ParentRunner.java:66) [junit-4.13.jar:4.13]
	at org.junit.runners.ParentRunner$2.evaluate(ParentRunner.java:293) [junit-4.13.jar:4.13]
	at org.junit.internal.runners.statements.RunAfters.evaluate(RunAfters.java:27) [junit-4.13.jar:4.13]
	at org.junit.runners.ParentRunner$3.evaluate(ParentRunner.java:306) [junit-4.13.jar:4.13]
	at org.junit.runners.ParentRunner.run(ParentRunner.java:413) [junit-4.13.jar:4.13]
	at org.eclipse.jdt.internal.junit4.runner.JUnit4TestReference.run(JUnit4TestReference.java:93) [.cp/:?]
	at org.eclipse.jdt.internal.junit.runner.TestExecution.run(TestExecution.java:40) [.cp/:?]
	at org.eclipse.jdt.internal.junit.runner.RemoteTestRunner.runTests(RemoteTestRunner.java:530) [.cp/:?]
	at org.eclipse.jdt.internal.junit.runner.RemoteTestRunner.runTests(RemoteTestRunner.java:758) [.cp/:?]
	at org.eclipse.jdt.internal.junit.runner.RemoteTestRunner.run(RemoteTestRunner.java:453) [.cp/:?]
	at org.eclipse.jdt.internal.junit.runner.RemoteTestRunner.main(RemoteTestRunner.java:211) [.cp/:?]
2025-12-30 03:08:05 INFO  === END   tests.productCardsTests.ProductCardElementsTests.cardValidation[Exp#9 [f1=1, f2=3, f3=3, f4=1, f5=3, f6=2, f7=1, f8=2]] ===
2025-12-30 03:08:05 INFO  === START tests.productCardsTests.ProductCardElementsTests.cardValidation[Exp#10 [f1=2, f2=1, f3=1, f4=3, f5=3, f6=2, f7=2, f8=1]] ===
2025-12-30 03:08:05 INFO  STEP: 📝 New input: Filling form fields.
2025-12-30 03:08:08 INFO  STEP: Card nuber 1 have a Thumbnail
2025-12-30 03:08:09 INFO  STEP: Card nuber 1 have a Title: Black Aluminium Cup
2025-12-30 03:08:09 INFO  STEP: Card nuber 1 have a Description: The Black Aluminium Cup is a stylish and durable cup suitable for both hot and cold beverages. Its sleek black design adds a modern touch to your drinkware collection.
2025-12-30 03:08:09 INFO  STEP: Card nuber 1 have a Price: 5.99
2025-12-30 03:08:09 INFO  STEP: Card nuber 1 have a Rating: 4.5
2025-12-30 03:08:09 ERROR STEP FAIL: Card nuber 1 dont have a Additional Images Button
2025-12-30 03:08:09 ERROR === FAIL  tests.productCardsTests.ProductCardElementsTests.cardValidation[Exp#10 [f1=2, f2=1, f3=1, f4=3, f5=3, f6=2, f7=2, f8=1]] ===
java.lang.AssertionError: Card nuber 1 dont have a Additional Images Button
	at org.junit.Assert.fail(Assert.java:89) ~[junit-4.13.jar:4.13]
	at org.junit.Assert.assertTrue(Assert.java:42) ~[junit-4.13.jar:4.13]
	at tests.BaseTest.checkTrue(BaseTest.java:92) ~[test-classes/:?]
	at tests.productCardsTests.ProductCardElementsTests.isThereAdditionalImageBtnInProductCard(ProductCardElementsTests.java:126) ~[test-classes/:?]
	at tests.productCardsTests.ProductCardElementsTests.cardValidation(ProductCardElementsTests.java:60) ~[test-classes/:?]
	at jdk.internal.reflect.DirectMethodHandleAccessor.invoke(DirectMethodHandleAccessor.java:103) ~[?:?]
	at java.lang.reflect.Method.invoke(Method.java:580) ~[?:?]
	at org.junit.runners.model.FrameworkMethod$1.runReflectiveCall(FrameworkMethod.java:59) ~[junit-4.13.jar:4.13]
	at org.junit.internal.runners.model.ReflectiveCallable.run(ReflectiveCallable.java:12) ~[junit-4.13.jar:4.13]
	at org.junit.runners.model.FrameworkMethod.invokeExplosively(FrameworkMethod.java:56) ~[junit-4.13.jar:4.13]
	at org.junit.internal.runners.statements.InvokeMethod.evaluate(InvokeMethod.java:17) ~[junit-4.13.jar:4.13]
	at org.junit.internal.runners.statements.RunBefores.evaluate(RunBefores.java:26) ~[junit-4.13.jar:4.13]
	at org.junit.internal.runners.statements.RunAfters.evaluate(RunAfters.java:27) ~[junit-4.13.jar:4.13]
	at org.junit.rules.TestWatcher$1.evaluate(TestWatcher.java:61) [junit-4.13.jar:4.13]
	at org.junit.runners.ParentRunner$3.evaluate(ParentRunner.java:306) [junit-4.13.jar:4.13]
	at org.junit.runners.BlockJUnit4ClassRunner$1.evaluate(BlockJUnit4ClassRunner.java:100) [junit-4.13.jar:4.13]
	at org.junit.runners.ParentRunner.runLeaf(ParentRunner.java:366) [junit-4.13.jar:4.13]
	at org.junit.runners.BlockJUnit4ClassRunner.runChild(BlockJUnit4ClassRunner.java:103) [junit-4.13.jar:4.13]
	at org.junit.runners.BlockJUnit4ClassRunner.runChild(BlockJUnit4ClassRunner.java:63) [junit-4.13.jar:4.13]
	at org.junit.runners.ParentRunner$4.run(ParentRunner.java:331) [junit-4.13.jar:4.13]
	at org.junit.runners.ParentRunner$1.schedule(ParentRunner.java:79) [junit-4.13.jar:4.13]
	at org.junit.runners.ParentRunner.runChildren(ParentRunner.java:329) [junit-4.13.jar:4.13]
	at org.junit.runners.ParentRunner.access$100(ParentRunner.java:66) [junit-4.13.jar:4.13]
	at org.junit.runners.ParentRunner$2.evaluate(ParentRunner.java:293) [junit-4.13.jar:4.13]
	at org.junit.runners.ParentRunner.run(ParentRunner.java:413) [junit-4.13.jar:4.13]
	at org.junit.runners.Suite.runChild(Suite.java:128) [junit-4.13.jar:4.13]
	at org.junit.runners.Suite.runChild(Suite.java:27) [junit-4.13.jar:4.13]
	at org.junit.runners.ParentRunner$4.run(ParentRunner.java:331) [junit-4.13.jar:4.13]
	at org.junit.runners.ParentRunner$1.schedule(ParentRunner.java:79) [junit-4.13.jar:4.13]
	at org.junit.runners.ParentRunner.runChildren(ParentRunner.java:329) [junit-4.13.jar:4.13]
	at org.junit.runners.ParentRunner.access$100(ParentRunner.java:66) [junit-4.13.jar:4.13]
	at org.junit.runners.ParentRunner$2.evaluate(ParentRunner.java:293) [junit-4.13.jar:4.13]
	at org.junit.internal.runners.statements.RunAfters.evaluate(RunAfters.java:27) [junit-4.13.jar:4.13]
	at org.junit.runners.ParentRunner$3.evaluate(ParentRunner.java:306) [junit-4.13.jar:4.13]
	at org.junit.runners.ParentRunner.run(ParentRunner.java:413) [junit-4.13.jar:4.13]
	at org.eclipse.jdt.internal.junit4.runner.JUnit4TestReference.run(JUnit4TestReference.java:93) [.cp/:?]
	at org.eclipse.jdt.internal.junit.runner.TestExecution.run(TestExecution.java:40) [.cp/:?]
	at org.eclipse.jdt.internal.junit.runner.RemoteTestRunner.runTests(RemoteTestRunner.java:530) [.cp/:?]
	at org.eclipse.jdt.internal.junit.runner.RemoteTestRunner.runTests(RemoteTestRunner.java:758) [.cp/:?]
	at org.eclipse.jdt.internal.junit.runner.RemoteTestRunner.run(RemoteTestRunner.java:453) [.cp/:?]
	at org.eclipse.jdt.internal.junit.runner.RemoteTestRunner.main(RemoteTestRunner.java:211) [.cp/:?]
2025-12-30 03:08:09 INFO  === END   tests.productCardsTests.ProductCardElementsTests.cardValidation[Exp#10 [f1=2, f2=1, f3=1, f4=3, f5=3, f6=2, f7=2, f8=1]] ===
2025-12-30 03:08:09 INFO  === START tests.productCardsTests.ProductCardElementsTests.cardValidation[Exp#11 [f1=2, f2=1, f3=2, f4=1, f5=1, f6=3, f7=3, f8=2]] ===
2025-12-30 03:08:09 INFO  STEP: 📝 New input: Filling form fields.
2025-12-30 03:08:12 INFO  STEP: Card nuber 1 have a Thumbnail
2025-12-30 03:08:12 INFO  STEP: Card nuber 1 have a Title: Black Aluminium Cup
2025-12-30 03:08:12 INFO  STEP: Card nuber 1 have a Description: The Black Aluminium Cup is a stylish and durable cup suitable for both hot and cold beverages. Its sleek black design adds a modern touch to your drinkware collection.
2025-12-30 03:08:13 INFO  STEP: Card nuber 1 have a Price: 5.99
2025-12-30 03:08:13 INFO  STEP: Card nuber 1 have a Rating: 4.5
2025-12-30 03:08:13 ERROR STEP FAIL: Card nuber 1 dont have a Additional Images Button
2025-12-30 03:08:13 ERROR === FAIL  tests.productCardsTests.ProductCardElementsTests.cardValidation[Exp#11 [f1=2, f2=1, f3=2, f4=1, f5=1, f6=3, f7=3, f8=2]] ===
java.lang.AssertionError: Card nuber 1 dont have a Additional Images Button
	at org.junit.Assert.fail(Assert.java:89) ~[junit-4.13.jar:4.13]
	at org.junit.Assert.assertTrue(Assert.java:42) ~[junit-4.13.jar:4.13]
	at tests.BaseTest.checkTrue(BaseTest.java:92) ~[test-classes/:?]
	at tests.productCardsTests.ProductCardElementsTests.isThereAdditionalImageBtnInProductCard(ProductCardElementsTests.java:126) ~[test-classes/:?]
	at tests.productCardsTests.ProductCardElementsTests.cardValidation(ProductCardElementsTests.java:60) ~[test-classes/:?]
	at jdk.internal.reflect.DirectMethodHandleAccessor.invoke(DirectMethodHandleAccessor.java:103) ~[?:?]
	at java.lang.reflect.Method.invoke(Method.java:580) ~[?:?]
	at org.junit.runners.model.FrameworkMethod$1.runReflectiveCall(FrameworkMethod.java:59) ~[junit-4.13.jar:4.13]
	at org.junit.internal.runners.model.ReflectiveCallable.run(ReflectiveCallable.java:12) ~[junit-4.13.jar:4.13]
	at org.junit.runners.model.FrameworkMethod.invokeExplosively(FrameworkMethod.java:56) ~[junit-4.13.jar:4.13]
	at org.junit.internal.runners.statements.InvokeMethod.evaluate(InvokeMethod.java:17) ~[junit-4.13.jar:4.13]
	at org.junit.internal.runners.statements.RunBefores.evaluate(RunBefores.java:26) ~[junit-4.13.jar:4.13]
	at org.junit.internal.runners.statements.RunAfters.evaluate(RunAfters.java:27) ~[junit-4.13.jar:4.13]
	at org.junit.rules.TestWatcher$1.evaluate(TestWatcher.java:61) [junit-4.13.jar:4.13]
	at org.junit.runners.ParentRunner$3.evaluate(ParentRunner.java:306) [junit-4.13.jar:4.13]
	at org.junit.runners.BlockJUnit4ClassRunner$1.evaluate(BlockJUnit4ClassRunner.java:100) [junit-4.13.jar:4.13]
	at org.junit.runners.ParentRunner.runLeaf(ParentRunner.java:366) [junit-4.13.jar:4.13]
	at org.junit.runners.BlockJUnit4ClassRunner.runChild(BlockJUnit4ClassRunner.java:103) [junit-4.13.jar:4.13]
	at org.junit.runners.BlockJUnit4ClassRunner.runChild(BlockJUnit4ClassRunner.java:63) [junit-4.13.jar:4.13]
	at org.junit.runners.ParentRunner$4.run(ParentRunner.java:331) [junit-4.13.jar:4.13]
	at org.junit.runners.ParentRunner$1.schedule(ParentRunner.java:79) [junit-4.13.jar:4.13]
	at org.junit.runners.ParentRunner.runChildren(ParentRunner.java:329) [junit-4.13.jar:4.13]
	at org.junit.runners.ParentRunner.access$100(ParentRunner.java:66) [junit-4.13.jar:4.13]
	at org.junit.runners.ParentRunner$2.evaluate(ParentRunner.java:293) [junit-4.13.jar:4.13]
	at org.junit.runners.ParentRunner.run(ParentRunner.java:413) [junit-4.13.jar:4.13]
	at org.junit.runners.Suite.runChild(Suite.java:128) [junit-4.13.jar:4.13]
	at org.junit.runners.Suite.runChild(Suite.java:27) [junit-4.13.jar:4.13]
	at org.junit.runners.ParentRunner$4.run(ParentRunner.java:331) [junit-4.13.jar:4.13]
	at org.junit.runners.ParentRunner$1.schedule(ParentRunner.java:79) [junit-4.13.jar:4.13]
	at org.junit.runners.ParentRunner.runChildren(ParentRunner.java:329) [junit-4.13.jar:4.13]
	at org.junit.runners.ParentRunner.access$100(ParentRunner.java:66) [junit-4.13.jar:4.13]
	at org.junit.runners.ParentRunner$2.evaluate(ParentRunner.java:293) [junit-4.13.jar:4.13]
	at org.junit.internal.runners.statements.RunAfters.evaluate(RunAfters.java:27) [junit-4.13.jar:4.13]
	at org.junit.runners.ParentRunner$3.evaluate(ParentRunner.java:306) [junit-4.13.jar:4.13]
	at org.junit.runners.ParentRunner.run(ParentRunner.java:413) [junit-4.13.jar:4.13]
	at org.eclipse.jdt.internal.junit4.runner.JUnit4TestReference.run(JUnit4TestReference.java:93) [.cp/:?]
	at org.eclipse.jdt.internal.junit.runner.TestExecution.run(TestExecution.java:40) [.cp/:?]
	at org.eclipse.jdt.internal.junit.runner.RemoteTestRunner.runTests(RemoteTestRunner.java:530) [.cp/:?]
	at org.eclipse.jdt.internal.junit.runner.RemoteTestRunner.runTests(RemoteTestRunner.java:758) [.cp/:?]
	at org.eclipse.jdt.internal.junit.runner.RemoteTestRunner.run(RemoteTestRunner.java:453) [.cp/:?]
	at org.eclipse.jdt.internal.junit.runner.RemoteTestRunner.main(RemoteTestRunner.java:211) [.cp/:?]
2025-12-30 03:08:13 INFO  === END   tests.productCardsTests.ProductCardElementsTests.cardValidation[Exp#11 [f1=2, f2=1, f3=2, f4=1, f5=1, f6=3, f7=3, f8=2]] ===
2025-12-30 03:08:13 INFO  === START tests.productCardsTests.ProductCardElementsTests.cardValidation[Exp#12 [f1=2, f2=1, f3=3, f4=2, f5=2, f6=1, f7=1, f8=3]] ===
2025-12-30 03:08:13 INFO  STEP: 📝 New input: Filling form fields.
2025-12-30 03:08:16 INFO  STEP: Card nuber 1 have a Thumbnail
2025-12-30 03:08:16 INFO  STEP: Card nuber 1 have a Title: Baseball Ball
2025-12-30 03:08:16 INFO  STEP: Card nuber 1 have a Description: The Baseball Ball is a standard baseball used in baseball games. It features a durable leather cover and is designed for pitching, hitting, and fielding in the game of baseball.
2025-12-30 03:08:16 INFO  STEP: Card nuber 1 have a Price: 8.99
2025-12-30 03:08:16 INFO  STEP: Card nuber 1 have a Rating: 2.6
2025-12-30 03:08:16 ERROR STEP FAIL: Card nuber 1 dont have a Additional Images Button
2025-12-30 03:08:16 ERROR === FAIL  tests.productCardsTests.ProductCardElementsTests.cardValidation[Exp#12 [f1=2, f2=1, f3=3, f4=2, f5=2, f6=1, f7=1, f8=3]] ===
java.lang.AssertionError: Card nuber 1 dont have a Additional Images Button
	at org.junit.Assert.fail(Assert.java:89) ~[junit-4.13.jar:4.13]
	at org.junit.Assert.assertTrue(Assert.java:42) ~[junit-4.13.jar:4.13]
	at tests.BaseTest.checkTrue(BaseTest.java:92) ~[test-classes/:?]
	at tests.productCardsTests.ProductCardElementsTests.isThereAdditionalImageBtnInProductCard(ProductCardElementsTests.java:126) ~[test-classes/:?]
	at tests.productCardsTests.ProductCardElementsTests.cardValidation(ProductCardElementsTests.java:60) ~[test-classes/:?]
	at jdk.internal.reflect.DirectMethodHandleAccessor.invoke(DirectMethodHandleAccessor.java:103) ~[?:?]
	at java.lang.reflect.Method.invoke(Method.java:580) ~[?:?]
	at org.junit.runners.model.FrameworkMethod$1.runReflectiveCall(FrameworkMethod.java:59) ~[junit-4.13.jar:4.13]
	at org.junit.internal.runners.model.ReflectiveCallable.run(ReflectiveCallable.java:12) ~[junit-4.13.jar:4.13]
	at org.junit.runners.model.FrameworkMethod.invokeExplosively(FrameworkMethod.java:56) ~[junit-4.13.jar:4.13]
	at org.junit.internal.runners.statements.InvokeMethod.evaluate(InvokeMethod.java:17) ~[junit-4.13.jar:4.13]
	at org.junit.internal.runners.statements.RunBefores.evaluate(RunBefores.java:26) ~[junit-4.13.jar:4.13]
	at org.junit.internal.runners.statements.RunAfters.evaluate(RunAfters.java:27) ~[junit-4.13.jar:4.13]
	at org.junit.rules.TestWatcher$1.evaluate(TestWatcher.java:61) [junit-4.13.jar:4.13]
	at org.junit.runners.ParentRunner$3.evaluate(ParentRunner.java:306) [junit-4.13.jar:4.13]
	at org.junit.runners.BlockJUnit4ClassRunner$1.evaluate(BlockJUnit4ClassRunner.java:100) [junit-4.13.jar:4.13]
	at org.junit.runners.ParentRunner.runLeaf(ParentRunner.java:366) [junit-4.13.jar:4.13]
	at org.junit.runners.BlockJUnit4ClassRunner.runChild(BlockJUnit4ClassRunner.java:103) [junit-4.13.jar:4.13]
	at org.junit.runners.BlockJUnit4ClassRunner.runChild(BlockJUnit4ClassRunner.java:63) [junit-4.13.jar:4.13]
	at org.junit.runners.ParentRunner$4.run(ParentRunner.java:331) [junit-4.13.jar:4.13]
	at org.junit.runners.ParentRunner$1.schedule(ParentRunner.java:79) [junit-4.13.jar:4.13]
	at org.junit.runners.ParentRunner.runChildren(ParentRunner.java:329) [junit-4.13.jar:4.13]
	at org.junit.runners.ParentRunner.access$100(ParentRunner.java:66) [junit-4.13.jar:4.13]
	at org.junit.runners.ParentRunner$2.evaluate(ParentRunner.java:293) [junit-4.13.jar:4.13]
	at org.junit.runners.ParentRunner.run(ParentRunner.java:413) [junit-4.13.jar:4.13]
	at org.junit.runners.Suite.runChild(Suite.java:128) [junit-4.13.jar:4.13]
	at org.junit.runners.Suite.runChild(Suite.java:27) [junit-4.13.jar:4.13]
	at org.junit.runners.ParentRunner$4.run(ParentRunner.java:331) [junit-4.13.jar:4.13]
	at org.junit.runners.ParentRunner$1.schedule(ParentRunner.java:79) [junit-4.13.jar:4.13]
	at org.junit.runners.ParentRunner.runChildren(ParentRunner.java:329) [junit-4.13.jar:4.13]
	at org.junit.runners.ParentRunner.access$100(ParentRunner.java:66) [junit-4.13.jar:4.13]
	at org.junit.runners.ParentRunner$2.evaluate(ParentRunner.java:293) [junit-4.13.jar:4.13]
	at org.junit.internal.runners.statements.RunAfters.evaluate(RunAfters.java:27) [junit-4.13.jar:4.13]
	at org.junit.runners.ParentRunner$3.evaluate(ParentRunner.java:306) [junit-4.13.jar:4.13]
	at org.junit.runners.ParentRunner.run(ParentRunner.java:413) [junit-4.13.jar:4.13]
	at org.eclipse.jdt.internal.junit4.runner.JUnit4TestReference.run(JUnit4TestReference.java:93) [.cp/:?]
	at org.eclipse.jdt.internal.junit.runner.TestExecution.run(TestExecution.java:40) [.cp/:?]
	at org.eclipse.jdt.internal.junit.runner.RemoteTestRunner.runTests(RemoteTestRunner.java:530) [.cp/:?]
	at org.eclipse.jdt.internal.junit.runner.RemoteTestRunner.runTests(RemoteTestRunner.java:758) [.cp/:?]
	at org.eclipse.jdt.internal.junit.runner.RemoteTestRunner.run(RemoteTestRunner.java:453) [.cp/:?]
	at org.eclipse.jdt.internal.junit.runner.RemoteTestRunner.main(RemoteTestRunner.java:211) [.cp/:?]
2025-12-30 03:08:16 INFO  === END   tests.productCardsTests.ProductCardElementsTests.cardValidation[Exp#12 [f1=2, f2=1, f3=3, f4=2, f5=2, f6=1, f7=1, f8=3]] ===
2025-12-30 03:08:16 INFO  === START tests.productCardsTests.ProductCardElementsTests.cardValidation[Exp#13 [f1=2, f2=2, f3=1, f4=2, f5=3, f6=1, f7=3, f8=2]] ===
2025-12-30 03:08:16 INFO  STEP: 📝 New input: Filling form fields.
2025-12-30 03:08:20 INFO  STEP: Card nuber 1 have a Thumbnail
2025-12-30 03:08:20 INFO  STEP: Card nuber 1 have a Title: Baseball Ball
2025-12-30 03:08:20 INFO  STEP: Card nuber 1 have a Description: The Baseball Ball is a standard baseball used in baseball games. It features a durable leather cover and is designed for pitching, hitting, and fielding in the game of baseball.
2025-12-30 03:08:20 INFO  STEP: Card nuber 1 have a Price: 8.99
2025-12-30 03:08:20 INFO  STEP: Card nuber 1 have a Rating: 2.6
2025-12-30 03:08:20 ERROR STEP FAIL: Card nuber 1 dont have a Additional Images Button
2025-12-30 03:08:20 ERROR === FAIL  tests.productCardsTests.ProductCardElementsTests.cardValidation[Exp#13 [f1=2, f2=2, f3=1, f4=2, f5=3, f6=1, f7=3, f8=2]] ===
java.lang.AssertionError: Card nuber 1 dont have a Additional Images Button
	at org.junit.Assert.fail(Assert.java:89) ~[junit-4.13.jar:4.13]
	at org.junit.Assert.assertTrue(Assert.java:42) ~[junit-4.13.jar:4.13]
	at tests.BaseTest.checkTrue(BaseTest.java:92) ~[test-classes/:?]
	at tests.productCardsTests.ProductCardElementsTests.isThereAdditionalImageBtnInProductCard(ProductCardElementsTests.java:126) ~[test-classes/:?]
	at tests.productCardsTests.ProductCardElementsTests.cardValidation(ProductCardElementsTests.java:60) ~[test-classes/:?]
	at jdk.internal.reflect.DirectMethodHandleAccessor.invoke(DirectMethodHandleAccessor.java:103) ~[?:?]
	at java.lang.reflect.Method.invoke(Method.java:580) ~[?:?]
	at org.junit.runners.model.FrameworkMethod$1.runReflectiveCall(FrameworkMethod.java:59) ~[junit-4.13.jar:4.13]
	at org.junit.internal.runners.model.ReflectiveCallable.run(ReflectiveCallable.java:12) ~[junit-4.13.jar:4.13]
	at org.junit.runners.model.FrameworkMethod.invokeExplosively(FrameworkMethod.java:56) ~[junit-4.13.jar:4.13]
	at org.junit.internal.runners.statements.InvokeMethod.evaluate(InvokeMethod.java:17) ~[junit-4.13.jar:4.13]
	at org.junit.internal.runners.statements.RunBefores.evaluate(RunBefores.java:26) ~[junit-4.13.jar:4.13]
	at org.junit.internal.runners.statements.RunAfters.evaluate(RunAfters.java:27) ~[junit-4.13.jar:4.13]
	at org.junit.rules.TestWatcher$1.evaluate(TestWatcher.java:61) [junit-4.13.jar:4.13]
	at org.junit.runners.ParentRunner$3.evaluate(ParentRunner.java:306) [junit-4.13.jar:4.13]
	at org.junit.runners.BlockJUnit4ClassRunner$1.evaluate(BlockJUnit4ClassRunner.java:100) [junit-4.13.jar:4.13]
	at org.junit.runners.ParentRunner.runLeaf(ParentRunner.java:366) [junit-4.13.jar:4.13]
	at org.junit.runners.BlockJUnit4ClassRunner.runChild(BlockJUnit4ClassRunner.java:103) [junit-4.13.jar:4.13]
	at org.junit.runners.BlockJUnit4ClassRunner.runChild(BlockJUnit4ClassRunner.java:63) [junit-4.13.jar:4.13]
	at org.junit.runners.ParentRunner$4.run(ParentRunner.java:331) [junit-4.13.jar:4.13]
	at org.junit.runners.ParentRunner$1.schedule(ParentRunner.java:79) [junit-4.13.jar:4.13]
	at org.junit.runners.ParentRunner.runChildren(ParentRunner.java:329) [junit-4.13.jar:4.13]
	at org.junit.runners.ParentRunner.access$100(ParentRunner.java:66) [junit-4.13.jar:4.13]
	at org.junit.runners.ParentRunner$2.evaluate(ParentRunner.java:293) [junit-4.13.jar:4.13]
	at org.junit.runners.ParentRunner.run(ParentRunner.java:413) [junit-4.13.jar:4.13]
	at org.junit.runners.Suite.runChild(Suite.java:128) [junit-4.13.jar:4.13]
	at org.junit.runners.Suite.runChild(Suite.java:27) [junit-4.13.jar:4.13]
	at org.junit.runners.ParentRunner$4.run(ParentRunner.java:331) [junit-4.13.jar:4.13]
	at org.junit.runners.ParentRunner$1.schedule(ParentRunner.java:79) [junit-4.13.jar:4.13]
	at org.junit.runners.ParentRunner.runChildren(ParentRunner.java:329) [junit-4.13.jar:4.13]
	at org.junit.runners.ParentRunner.access$100(ParentRunner.java:66) [junit-4.13.jar:4.13]
	at org.junit.runners.ParentRunner$2.evaluate(ParentRunner.java:293) [junit-4.13.jar:4.13]
	at org.junit.internal.runners.statements.RunAfters.evaluate(RunAfters.java:27) [junit-4.13.jar:4.13]
	at org.junit.runners.ParentRunner$3.evaluate(ParentRunner.java:306) [junit-4.13.jar:4.13]
	at org.junit.runners.ParentRunner.run(ParentRunner.java:413) [junit-4.13.jar:4.13]
	at org.eclipse.jdt.internal.junit4.runner.JUnit4TestReference.run(JUnit4TestReference.java:93) [.cp/:?]
	at org.eclipse.jdt.internal.junit.runner.TestExecution.run(TestExecution.java:40) [.cp/:?]
	at org.eclipse.jdt.internal.junit.runner.RemoteTestRunner.runTests(RemoteTestRunner.java:530) [.cp/:?]
	at org.eclipse.jdt.internal.junit.runner.RemoteTestRunner.runTests(RemoteTestRunner.java:758) [.cp/:?]
	at org.eclipse.jdt.internal.junit.runner.RemoteTestRunner.run(RemoteTestRunner.java:453) [.cp/:?]
	at org.eclipse.jdt.internal.junit.runner.RemoteTestRunner.main(RemoteTestRunner.java:211) [.cp/:?]
2025-12-30 03:08:20 INFO  === END   tests.productCardsTests.ProductCardElementsTests.cardValidation[Exp#13 [f1=2, f2=2, f3=1, f4=2, f5=3, f6=1, f7=3, f8=2]] ===
2025-12-30 03:08:20 INFO  === START tests.productCardsTests.ProductCardElementsTests.cardValidation[Exp#14 [f1=2, f2=2, f3=2, f4=3, f5=1, f6=2, f7=1, f8=3]] ===
2025-12-30 03:08:20 INFO  STEP: 📝 New input: Filling form fields.
2025-12-30 03:08:24 INFO  STEP: Card nuber 1 have a Thumbnail
2025-12-30 03:08:24 INFO  STEP: Card nuber 1 have a Title: Vivo S1
2025-12-30 03:08:24 INFO  STEP: Card nuber 1 have a Description: The Vivo S1 is a stylish and mid-range smartphone offering a blend of design and performance. It features a vibrant display, capable camera system, and reliable functionality.
2025-12-30 03:08:24 INFO  STEP: Card nuber 1 have a Price: 249.99
2025-12-30 03:08:24 INFO  STEP: Card nuber 1 have a Rating: 3.5
2025-12-30 03:08:24 ERROR STEP FAIL: Card nuber 1 dont have a Additional Images Button
2025-12-30 03:08:24 ERROR === FAIL  tests.productCardsTests.ProductCardElementsTests.cardValidation[Exp#14 [f1=2, f2=2, f3=2, f4=3, f5=1, f6=2, f7=1, f8=3]] ===
java.lang.AssertionError: Card nuber 1 dont have a Additional Images Button
	at org.junit.Assert.fail(Assert.java:89) ~[junit-4.13.jar:4.13]
	at org.junit.Assert.assertTrue(Assert.java:42) ~[junit-4.13.jar:4.13]
	at tests.BaseTest.checkTrue(BaseTest.java:92) ~[test-classes/:?]
	at tests.productCardsTests.ProductCardElementsTests.isThereAdditionalImageBtnInProductCard(ProductCardElementsTests.java:126) ~[test-classes/:?]
	at tests.productCardsTests.ProductCardElementsTests.cardValidation(ProductCardElementsTests.java:60) ~[test-classes/:?]
	at jdk.internal.reflect.DirectMethodHandleAccessor.invoke(DirectMethodHandleAccessor.java:103) ~[?:?]
	at java.lang.reflect.Method.invoke(Method.java:580) ~[?:?]
	at org.junit.runners.model.FrameworkMethod$1.runReflectiveCall(FrameworkMethod.java:59) ~[junit-4.13.jar:4.13]
	at org.junit.internal.runners.model.ReflectiveCallable.run(ReflectiveCallable.java:12) ~[junit-4.13.jar:4.13]
	at org.junit.runners.model.FrameworkMethod.invokeExplosively(FrameworkMethod.java:56) ~[junit-4.13.jar:4.13]
	at org.junit.internal.runners.statements.InvokeMethod.evaluate(InvokeMethod.java:17) ~[junit-4.13.jar:4.13]
	at org.junit.internal.runners.statements.RunBefores.evaluate(RunBefores.java:26) ~[junit-4.13.jar:4.13]
	at org.junit.internal.runners.statements.RunAfters.evaluate(RunAfters.java:27) ~[junit-4.13.jar:4.13]
	at org.junit.rules.TestWatcher$1.evaluate(TestWatcher.java:61) [junit-4.13.jar:4.13]
	at org.junit.runners.ParentRunner$3.evaluate(ParentRunner.java:306) [junit-4.13.jar:4.13]
	at org.junit.runners.BlockJUnit4ClassRunner$1.evaluate(BlockJUnit4ClassRunner.java:100) [junit-4.13.jar:4.13]
	at org.junit.runners.ParentRunner.runLeaf(ParentRunner.java:366) [junit-4.13.jar:4.13]
	at org.junit.runners.BlockJUnit4ClassRunner.runChild(BlockJUnit4ClassRunner.java:103) [junit-4.13.jar:4.13]
	at org.junit.runners.BlockJUnit4ClassRunner.runChild(BlockJUnit4ClassRunner.java:63) [junit-4.13.jar:4.13]
	at org.junit.runners.ParentRunner$4.run(ParentRunner.java:331) [junit-4.13.jar:4.13]
	at org.junit.runners.ParentRunner$1.schedule(ParentRunner.java:79) [junit-4.13.jar:4.13]
	at org.junit.runners.ParentRunner.runChildren(ParentRunner.java:329) [junit-4.13.jar:4.13]
	at org.junit.runners.ParentRunner.access$100(ParentRunner.java:66) [junit-4.13.jar:4.13]
	at org.junit.runners.ParentRunner$2.evaluate(ParentRunner.java:293) [junit-4.13.jar:4.13]
	at org.junit.runners.ParentRunner.run(ParentRunner.java:413) [junit-4.13.jar:4.13]
	at org.junit.runners.Suite.runChild(Suite.java:128) [junit-4.13.jar:4.13]
	at org.junit.runners.Suite.runChild(Suite.java:27) [junit-4.13.jar:4.13]
	at org.junit.runners.ParentRunner$4.run(ParentRunner.java:331) [junit-4.13.jar:4.13]
	at org.junit.runners.ParentRunner$1.schedule(ParentRunner.java:79) [junit-4.13.jar:4.13]
	at org.junit.runners.ParentRunner.runChildren(ParentRunner.java:329) [junit-4.13.jar:4.13]
	at org.junit.runners.ParentRunner.access$100(ParentRunner.java:66) [junit-4.13.jar:4.13]
	at org.junit.runners.ParentRunner$2.evaluate(ParentRunner.java:293) [junit-4.13.jar:4.13]
	at org.junit.internal.runners.statements.RunAfters.evaluate(RunAfters.java:27) [junit-4.13.jar:4.13]
	at org.junit.runners.ParentRunner$3.evaluate(ParentRunner.java:306) [junit-4.13.jar:4.13]
	at org.junit.runners.ParentRunner.run(ParentRunner.java:413) [junit-4.13.jar:4.13]
	at org.eclipse.jdt.internal.junit4.runner.JUnit4TestReference.run(JUnit4TestReference.java:93) [.cp/:?]
	at org.eclipse.jdt.internal.junit.runner.TestExecution.run(TestExecution.java:40) [.cp/:?]
	at org.eclipse.jdt.internal.junit.runner.RemoteTestRunner.runTests(RemoteTestRunner.java:530) [.cp/:?]
	at org.eclipse.jdt.internal.junit.runner.RemoteTestRunner.runTests(RemoteTestRunner.java:758) [.cp/:?]
	at org.eclipse.jdt.internal.junit.runner.RemoteTestRunner.run(RemoteTestRunner.java:453) [.cp/:?]
	at org.eclipse.jdt.internal.junit.runner.RemoteTestRunner.main(RemoteTestRunner.java:211) [.cp/:?]
2025-12-30 03:08:24 INFO  === END   tests.productCardsTests.ProductCardElementsTests.cardValidation[Exp#14 [f1=2, f2=2, f3=2, f4=3, f5=1, f6=2, f7=1, f8=3]] ===
2025-12-30 03:08:24 INFO  === START tests.productCardsTests.ProductCardElementsTests.cardValidation[Exp#15 [f1=2, f2=2, f3=3, f4=1, f5=2, f6=3, f7=2, f8=1]] ===
2025-12-30 03:08:24 INFO  STEP: 📝 New input: Filling form fields.
2025-12-30 03:08:27 INFO  STEP: Card nuber 1 have a Thumbnail
2025-12-30 03:08:27 INFO  STEP: Card nuber 1 have a Title: Scooter Motorcycle
2025-12-30 03:08:27 INFO  STEP: Card nuber 1 have a Description: The Scooter Motorcycle is a practical and fuel-efficient bike ideal for urban commuting. It features a step-through design and user-friendly controls for easy maneuverability.
2025-12-30 03:08:27 INFO  STEP: Card nuber 1 have a Price: 2999.99
2025-12-30 03:08:28 INFO  STEP: Card nuber 1 have a Rating: 2.5
2025-12-30 03:08:28 ERROR STEP FAIL: Card nuber 1 dont have a Additional Images Button
2025-12-30 03:08:28 ERROR === FAIL  tests.productCardsTests.ProductCardElementsTests.cardValidation[Exp#15 [f1=2, f2=2, f3=3, f4=1, f5=2, f6=3, f7=2, f8=1]] ===
java.lang.AssertionError: Card nuber 1 dont have a Additional Images Button
	at org.junit.Assert.fail(Assert.java:89) ~[junit-4.13.jar:4.13]
	at org.junit.Assert.assertTrue(Assert.java:42) ~[junit-4.13.jar:4.13]
	at tests.BaseTest.checkTrue(BaseTest.java:92) ~[test-classes/:?]
	at tests.productCardsTests.ProductCardElementsTests.isThereAdditionalImageBtnInProductCard(ProductCardElementsTests.java:126) ~[test-classes/:?]
	at tests.productCardsTests.ProductCardElementsTests.cardValidation(ProductCardElementsTests.java:60) ~[test-classes/:?]
	at jdk.internal.reflect.DirectMethodHandleAccessor.invoke(DirectMethodHandleAccessor.java:103) ~[?:?]
	at java.lang.reflect.Method.invoke(Method.java:580) ~[?:?]
	at org.junit.runners.model.FrameworkMethod$1.runReflectiveCall(FrameworkMethod.java:59) ~[junit-4.13.jar:4.13]
	at org.junit.internal.runners.model.ReflectiveCallable.run(ReflectiveCallable.java:12) ~[junit-4.13.jar:4.13]
	at org.junit.runners.model.FrameworkMethod.invokeExplosively(FrameworkMethod.java:56) ~[junit-4.13.jar:4.13]
	at org.junit.internal.runners.statements.InvokeMethod.evaluate(InvokeMethod.java:17) ~[junit-4.13.jar:4.13]
	at org.junit.internal.runners.statements.RunBefores.evaluate(RunBefores.java:26) ~[junit-4.13.jar:4.13]
	at org.junit.internal.runners.statements.RunAfters.evaluate(RunAfters.java:27) ~[junit-4.13.jar:4.13]
	at org.junit.rules.TestWatcher$1.evaluate(TestWatcher.java:61) [junit-4.13.jar:4.13]
	at org.junit.runners.ParentRunner$3.evaluate(ParentRunner.java:306) [junit-4.13.jar:4.13]
	at org.junit.runners.BlockJUnit4ClassRunner$1.evaluate(BlockJUnit4ClassRunner.java:100) [junit-4.13.jar:4.13]
	at org.junit.runners.ParentRunner.runLeaf(ParentRunner.java:366) [junit-4.13.jar:4.13]
	at org.junit.runners.BlockJUnit4ClassRunner.runChild(BlockJUnit4ClassRunner.java:103) [junit-4.13.jar:4.13]
	at org.junit.runners.BlockJUnit4ClassRunner.runChild(BlockJUnit4ClassRunner.java:63) [junit-4.13.jar:4.13]
	at org.junit.runners.ParentRunner$4.run(ParentRunner.java:331) [junit-4.13.jar:4.13]
	at org.junit.runners.ParentRunner$1.schedule(ParentRunner.java:79) [junit-4.13.jar:4.13]
	at org.junit.runners.ParentRunner.runChildren(ParentRunner.java:329) [junit-4.13.jar:4.13]
	at org.junit.runners.ParentRunner.access$100(ParentRunner.java:66) [junit-4.13.jar:4.13]
	at org.junit.runners.ParentRunner$2.evaluate(ParentRunner.java:293) [junit-4.13.jar:4.13]
	at org.junit.runners.ParentRunner.run(ParentRunner.java:413) [junit-4.13.jar:4.13]
	at org.junit.runners.Suite.runChild(Suite.java:128) [junit-4.13.jar:4.13]
	at org.junit.runners.Suite.runChild(Suite.java:27) [junit-4.13.jar:4.13]
	at org.junit.runners.ParentRunner$4.run(ParentRunner.java:331) [junit-4.13.jar:4.13]
	at org.junit.runners.ParentRunner$1.schedule(ParentRunner.java:79) [junit-4.13.jar:4.13]
	at org.junit.runners.ParentRunner.runChildren(ParentRunner.java:329) [junit-4.13.jar:4.13]
	at org.junit.runners.ParentRunner.access$100(ParentRunner.java:66) [junit-4.13.jar:4.13]
	at org.junit.runners.ParentRunner$2.evaluate(ParentRunner.java:293) [junit-4.13.jar:4.13]
	at org.junit.internal.runners.statements.RunAfters.evaluate(RunAfters.java:27) [junit-4.13.jar:4.13]
	at org.junit.runners.ParentRunner$3.evaluate(ParentRunner.java:306) [junit-4.13.jar:4.13]
	at org.junit.runners.ParentRunner.run(ParentRunner.java:413) [junit-4.13.jar:4.13]
	at org.eclipse.jdt.internal.junit4.runner.JUnit4TestReference.run(JUnit4TestReference.java:93) [.cp/:?]
	at org.eclipse.jdt.internal.junit.runner.TestExecution.run(TestExecution.java:40) [.cp/:?]
	at org.eclipse.jdt.internal.junit.runner.RemoteTestRunner.runTests(RemoteTestRunner.java:530) [.cp/:?]
	at org.eclipse.jdt.internal.junit.runner.RemoteTestRunner.runTests(RemoteTestRunner.java:758) [.cp/:?]
	at org.eclipse.jdt.internal.junit.runner.RemoteTestRunner.run(RemoteTestRunner.java:453) [.cp/:?]
	at org.eclipse.jdt.internal.junit.runner.RemoteTestRunner.main(RemoteTestRunner.java:211) [.cp/:?]
2025-12-30 03:08:28 INFO  === END   tests.productCardsTests.ProductCardElementsTests.cardValidation[Exp#15 [f1=2, f2=2, f3=3, f4=1, f5=2, f6=3, f7=2, f8=1]] ===
2025-12-30 03:08:28 INFO  === START tests.productCardsTests.ProductCardElementsTests.cardValidation[Exp#16 [f1=2, f2=3, f3=1, f4=3, f5=2, f6=3, f7=1, f8=2]] ===
2025-12-30 03:08:28 INFO  STEP: 📝 New input: Filling form fields.
2025-12-30 03:08:31 INFO  STEP: Card nuber 1 have a Thumbnail
2025-12-30 03:08:31 INFO  STEP: Card nuber 1 have a Title: iPhone 5s
2025-12-30 03:08:31 INFO  STEP: Card nuber 1 have a Description: The iPhone 5s is a classic smartphone known for its compact design and advanced features during its release. While it's an older model, it still provides a reliable user experience.
2025-12-30 03:08:31 INFO  STEP: Card nuber 1 have a Price: 199.99
2025-12-30 03:08:31 INFO  STEP: Card nuber 1 have a Rating: 2.8
2025-12-30 03:08:31 ERROR STEP FAIL: Card nuber 1 dont have a Additional Images Button
2025-12-30 03:08:31 ERROR === FAIL  tests.productCardsTests.ProductCardElementsTests.cardValidation[Exp#16 [f1=2, f2=3, f3=1, f4=3, f5=2, f6=3, f7=1, f8=2]] ===
java.lang.AssertionError: Card nuber 1 dont have a Additional Images Button
	at org.junit.Assert.fail(Assert.java:89) ~[junit-4.13.jar:4.13]
	at org.junit.Assert.assertTrue(Assert.java:42) ~[junit-4.13.jar:4.13]
	at tests.BaseTest.checkTrue(BaseTest.java:92) ~[test-classes/:?]
	at tests.productCardsTests.ProductCardElementsTests.isThereAdditionalImageBtnInProductCard(ProductCardElementsTests.java:126) ~[test-classes/:?]
	at tests.productCardsTests.ProductCardElementsTests.cardValidation(ProductCardElementsTests.java:60) ~[test-classes/:?]
	at jdk.internal.reflect.DirectMethodHandleAccessor.invoke(DirectMethodHandleAccessor.java:103) ~[?:?]
	at java.lang.reflect.Method.invoke(Method.java:580) ~[?:?]
	at org.junit.runners.model.FrameworkMethod$1.runReflectiveCall(FrameworkMethod.java:59) ~[junit-4.13.jar:4.13]
	at org.junit.internal.runners.model.ReflectiveCallable.run(ReflectiveCallable.java:12) ~[junit-4.13.jar:4.13]
	at org.junit.runners.model.FrameworkMethod.invokeExplosively(FrameworkMethod.java:56) ~[junit-4.13.jar:4.13]
	at org.junit.internal.runners.statements.InvokeMethod.evaluate(InvokeMethod.java:17) ~[junit-4.13.jar:4.13]
	at org.junit.internal.runners.statements.RunBefores.evaluate(RunBefores.java:26) ~[junit-4.13.jar:4.13]
	at org.junit.internal.runners.statements.RunAfters.evaluate(RunAfters.java:27) ~[junit-4.13.jar:4.13]
	at org.junit.rules.TestWatcher$1.evaluate(TestWatcher.java:61) [junit-4.13.jar:4.13]
	at org.junit.runners.ParentRunner$3.evaluate(ParentRunner.java:306) [junit-4.13.jar:4.13]
	at org.junit.runners.BlockJUnit4ClassRunner$1.evaluate(BlockJUnit4ClassRunner.java:100) [junit-4.13.jar:4.13]
	at org.junit.runners.ParentRunner.runLeaf(ParentRunner.java:366) [junit-4.13.jar:4.13]
	at org.junit.runners.BlockJUnit4ClassRunner.runChild(BlockJUnit4ClassRunner.java:103) [junit-4.13.jar:4.13]
	at org.junit.runners.BlockJUnit4ClassRunner.runChild(BlockJUnit4ClassRunner.java:63) [junit-4.13.jar:4.13]
	at org.junit.runners.ParentRunner$4.run(ParentRunner.java:331) [junit-4.13.jar:4.13]
	at org.junit.runners.ParentRunner$1.schedule(ParentRunner.java:79) [junit-4.13.jar:4.13]
	at org.junit.runners.ParentRunner.runChildren(ParentRunner.java:329) [junit-4.13.jar:4.13]
	at org.junit.runners.ParentRunner.access$100(ParentRunner.java:66) [junit-4.13.jar:4.13]
	at org.junit.runners.ParentRunner$2.evaluate(ParentRunner.java:293) [junit-4.13.jar:4.13]
	at org.junit.runners.ParentRunner.run(ParentRunner.java:413) [junit-4.13.jar:4.13]
	at org.junit.runners.Suite.runChild(Suite.java:128) [junit-4.13.jar:4.13]
	at org.junit.runners.Suite.runChild(Suite.java:27) [junit-4.13.jar:4.13]
	at org.junit.runners.ParentRunner$4.run(ParentRunner.java:331) [junit-4.13.jar:4.13]
	at org.junit.runners.ParentRunner$1.schedule(ParentRunner.java:79) [junit-4.13.jar:4.13]
	at org.junit.runners.ParentRunner.runChildren(ParentRunner.java:329) [junit-4.13.jar:4.13]
	at org.junit.runners.ParentRunner.access$100(ParentRunner.java:66) [junit-4.13.jar:4.13]
	at org.junit.runners.ParentRunner$2.evaluate(ParentRunner.java:293) [junit-4.13.jar:4.13]
	at org.junit.internal.runners.statements.RunAfters.evaluate(RunAfters.java:27) [junit-4.13.jar:4.13]
	at org.junit.runners.ParentRunner$3.evaluate(ParentRunner.java:306) [junit-4.13.jar:4.13]
	at org.junit.runners.ParentRunner.run(ParentRunner.java:413) [junit-4.13.jar:4.13]
	at org.eclipse.jdt.internal.junit4.runner.JUnit4TestReference.run(JUnit4TestReference.java:93) [.cp/:?]
	at org.eclipse.jdt.internal.junit.runner.TestExecution.run(TestExecution.java:40) [.cp/:?]
	at org.eclipse.jdt.internal.junit.runner.RemoteTestRunner.runTests(RemoteTestRunner.java:530) [.cp/:?]
	at org.eclipse.jdt.internal.junit.runner.RemoteTestRunner.runTests(RemoteTestRunner.java:758) [.cp/:?]
	at org.eclipse.jdt.internal.junit.runner.RemoteTestRunner.run(RemoteTestRunner.java:453) [.cp/:?]
	at org.eclipse.jdt.internal.junit.runner.RemoteTestRunner.main(RemoteTestRunner.java:211) [.cp/:?]
2025-12-30 03:08:31 INFO  === END   tests.productCardsTests.ProductCardElementsTests.cardValidation[Exp#16 [f1=2, f2=3, f3=1, f4=3, f5=2, f6=3, f7=1, f8=2]] ===
2025-12-30 03:08:31 INFO  === START tests.productCardsTests.ProductCardElementsTests.cardValidation[Exp#17 [f1=2, f2=3, f3=2, f4=1, f5=3, f6=1, f7=2, f8=3]] ===
2025-12-30 03:08:31 INFO  STEP: 📝 New input: Filling form fields.
2025-12-30 03:08:35 INFO  STEP: Card nuber 1 have a Thumbnail
2025-12-30 03:08:35 INFO  STEP: Card nuber 1 have a Title: Samsung Galaxy Tab White
2025-12-30 03:08:35 INFO  STEP: Card nuber 1 have a Description: The Samsung Galaxy Tab in White is a sleek and versatile Android tablet. With a vibrant display, long-lasting battery, and a range of features, it offers a great user experience for various tasks.
2025-12-30 03:08:35 INFO  STEP: Card nuber 1 have a Price: 349.99
2025-12-30 03:08:35 INFO  STEP: Card nuber 1 have a Rating: 3.7
2025-12-30 03:08:35 ERROR STEP FAIL: Card nuber 1 dont have a Additional Images Button
2025-12-30 03:08:35 ERROR === FAIL  tests.productCardsTests.ProductCardElementsTests.cardValidation[Exp#17 [f1=2, f2=3, f3=2, f4=1, f5=3, f6=1, f7=2, f8=3]] ===
java.lang.AssertionError: Card nuber 1 dont have a Additional Images Button
	at org.junit.Assert.fail(Assert.java:89) ~[junit-4.13.jar:4.13]
	at org.junit.Assert.assertTrue(Assert.java:42) ~[junit-4.13.jar:4.13]
	at tests.BaseTest.checkTrue(BaseTest.java:92) ~[test-classes/:?]
	at tests.productCardsTests.ProductCardElementsTests.isThereAdditionalImageBtnInProductCard(ProductCardElementsTests.java:126) ~[test-classes/:?]
	at tests.productCardsTests.ProductCardElementsTests.cardValidation(ProductCardElementsTests.java:60) ~[test-classes/:?]
	at jdk.internal.reflect.DirectMethodHandleAccessor.invoke(DirectMethodHandleAccessor.java:103) ~[?:?]
	at java.lang.reflect.Method.invoke(Method.java:580) ~[?:?]
	at org.junit.runners.model.FrameworkMethod$1.runReflectiveCall(FrameworkMethod.java:59) ~[junit-4.13.jar:4.13]
	at org.junit.internal.runners.model.ReflectiveCallable.run(ReflectiveCallable.java:12) ~[junit-4.13.jar:4.13]
	at org.junit.runners.model.FrameworkMethod.invokeExplosively(FrameworkMethod.java:56) ~[junit-4.13.jar:4.13]
	at org.junit.internal.runners.statements.InvokeMethod.evaluate(InvokeMethod.java:17) ~[junit-4.13.jar:4.13]
	at org.junit.internal.runners.statements.RunBefores.evaluate(RunBefores.java:26) ~[junit-4.13.jar:4.13]
	at org.junit.internal.runners.statements.RunAfters.evaluate(RunAfters.java:27) ~[junit-4.13.jar:4.13]
	at org.junit.rules.TestWatcher$1.evaluate(TestWatcher.java:61) [junit-4.13.jar:4.13]
	at org.junit.runners.ParentRunner$3.evaluate(ParentRunner.java:306) [junit-4.13.jar:4.13]
	at org.junit.runners.BlockJUnit4ClassRunner$1.evaluate(BlockJUnit4ClassRunner.java:100) [junit-4.13.jar:4.13]
	at org.junit.runners.ParentRunner.runLeaf(ParentRunner.java:366) [junit-4.13.jar:4.13]
	at org.junit.runners.BlockJUnit4ClassRunner.runChild(BlockJUnit4ClassRunner.java:103) [junit-4.13.jar:4.13]
	at org.junit.runners.BlockJUnit4ClassRunner.runChild(BlockJUnit4ClassRunner.java:63) [junit-4.13.jar:4.13]
	at org.junit.runners.ParentRunner$4.run(ParentRunner.java:331) [junit-4.13.jar:4.13]
	at org.junit.runners.ParentRunner$1.schedule(ParentRunner.java:79) [junit-4.13.jar:4.13]
	at org.junit.runners.ParentRunner.runChildren(ParentRunner.java:329) [junit-4.13.jar:4.13]
	at org.junit.runners.ParentRunner.access$100(ParentRunner.java:66) [junit-4.13.jar:4.13]
	at org.junit.runners.ParentRunner$2.evaluate(ParentRunner.java:293) [junit-4.13.jar:4.13]
	at org.junit.runners.ParentRunner.run(ParentRunner.java:413) [junit-4.13.jar:4.13]
	at org.junit.runners.Suite.runChild(Suite.java:128) [junit-4.13.jar:4.13]
	at org.junit.runners.Suite.runChild(Suite.java:27) [junit-4.13.jar:4.13]
	at org.junit.runners.ParentRunner$4.run(ParentRunner.java:331) [junit-4.13.jar:4.13]
	at org.junit.runners.ParentRunner$1.schedule(ParentRunner.java:79) [junit-4.13.jar:4.13]
	at org.junit.runners.ParentRunner.runChildren(ParentRunner.java:329) [junit-4.13.jar:4.13]
	at org.junit.runners.ParentRunner.access$100(ParentRunner.java:66) [junit-4.13.jar:4.13]
	at org.junit.runners.ParentRunner$2.evaluate(ParentRunner.java:293) [junit-4.13.jar:4.13]
	at org.junit.internal.runners.statements.RunAfters.evaluate(RunAfters.java:27) [junit-4.13.jar:4.13]
	at org.junit.runners.ParentRunner$3.evaluate(ParentRunner.java:306) [junit-4.13.jar:4.13]
	at org.junit.runners.ParentRunner.run(ParentRunner.java:413) [junit-4.13.jar:4.13]
	at org.eclipse.jdt.internal.junit4.runner.JUnit4TestReference.run(JUnit4TestReference.java:93) [.cp/:?]
	at org.eclipse.jdt.internal.junit.runner.TestExecution.run(TestExecution.java:40) [.cp/:?]
	at org.eclipse.jdt.internal.junit.runner.RemoteTestRunner.runTests(RemoteTestRunner.java:530) [.cp/:?]
	at org.eclipse.jdt.internal.junit.runner.RemoteTestRunner.runTests(RemoteTestRunner.java:758) [.cp/:?]
	at org.eclipse.jdt.internal.junit.runner.RemoteTestRunner.run(RemoteTestRunner.java:453) [.cp/:?]
	at org.eclipse.jdt.internal.junit.runner.RemoteTestRunner.main(RemoteTestRunner.java:211) [.cp/:?]
2025-12-30 03:08:35 INFO  === END   tests.productCardsTests.ProductCardElementsTests.cardValidation[Exp#17 [f1=2, f2=3, f3=2, f4=1, f5=3, f6=1, f7=2, f8=3]] ===
2025-12-30 03:11:18 INFO  === START tests.productCardsTests.ProductCardElementsTests.cardValidation[Exp#1 [f1=1, f2=1, f3=1, f4=1, f5=1, f6=1, f7=1, f8=1]] ===
2025-12-30 03:11:20 INFO  STEP: 📝 New input: Filling form fields.
2025-12-30 03:11:27 INFO  STEP: Card nuber 1 have a Thumbnail
2025-12-30 03:11:27 INFO  STEP: Card nuber 1 have a Title: Green and Black Glasses
2025-12-30 03:11:28 INFO  STEP: Card nuber 1 have a Description: The Green and Black Glasses feature a bold combination of green and black colors, adding a touch of vibrancy to your eyewear collection. They are both stylish and eye-catching.
2025-12-30 03:11:28 INFO  STEP: Card nuber 1 have a Price: 34.99
2025-12-30 03:11:28 INFO  STEP: Card nuber 1 have a Rating: 4.5
2025-12-30 03:11:28 ERROR STEP FAIL: Card nuber 1 dont have a Additional Images Button
2025-12-30 03:11:28 ERROR === FAIL  tests.productCardsTests.ProductCardElementsTests.cardValidation[Exp#1 [f1=1, f2=1, f3=1, f4=1, f5=1, f6=1, f7=1, f8=1]] ===
java.lang.AssertionError: Card nuber 1 dont have a Additional Images Button
	at org.junit.Assert.fail(Assert.java:89) ~[junit-4.13.jar:4.13]
	at org.junit.Assert.assertTrue(Assert.java:42) ~[junit-4.13.jar:4.13]
	at tests.BaseTest.checkTrue(BaseTest.java:92) ~[test-classes/:?]
	at tests.productCardsTests.ProductCardElementsTests.isThereAdditionalImageBtnInProductCard(ProductCardElementsTests.java:126) ~[test-classes/:?]
	at tests.productCardsTests.ProductCardElementsTests.cardValidation(ProductCardElementsTests.java:60) ~[test-classes/:?]
	at jdk.internal.reflect.DirectMethodHandleAccessor.invoke(DirectMethodHandleAccessor.java:103) ~[?:?]
	at java.lang.reflect.Method.invoke(Method.java:580) ~[?:?]
	at org.junit.runners.model.FrameworkMethod$1.runReflectiveCall(FrameworkMethod.java:59) ~[junit-4.13.jar:4.13]
	at org.junit.internal.runners.model.ReflectiveCallable.run(ReflectiveCallable.java:12) ~[junit-4.13.jar:4.13]
	at org.junit.runners.model.FrameworkMethod.invokeExplosively(FrameworkMethod.java:56) ~[junit-4.13.jar:4.13]
	at org.junit.internal.runners.statements.InvokeMethod.evaluate(InvokeMethod.java:17) ~[junit-4.13.jar:4.13]
	at org.junit.internal.runners.statements.RunBefores.evaluate(RunBefores.java:26) ~[junit-4.13.jar:4.13]
	at org.junit.internal.runners.statements.RunAfters.evaluate(RunAfters.java:27) ~[junit-4.13.jar:4.13]
	at org.junit.rules.TestWatcher$1.evaluate(TestWatcher.java:61) [junit-4.13.jar:4.13]
	at org.junit.runners.ParentRunner$3.evaluate(ParentRunner.java:306) [junit-4.13.jar:4.13]
	at org.junit.runners.BlockJUnit4ClassRunner$1.evaluate(BlockJUnit4ClassRunner.java:100) [junit-4.13.jar:4.13]
	at org.junit.runners.ParentRunner.runLeaf(ParentRunner.java:366) [junit-4.13.jar:4.13]
	at org.junit.runners.BlockJUnit4ClassRunner.runChild(BlockJUnit4ClassRunner.java:103) [junit-4.13.jar:4.13]
	at org.junit.runners.BlockJUnit4ClassRunner.runChild(BlockJUnit4ClassRunner.java:63) [junit-4.13.jar:4.13]
	at org.junit.runners.ParentRunner$4.run(ParentRunner.java:331) [junit-4.13.jar:4.13]
	at org.junit.runners.ParentRunner$1.schedule(ParentRunner.java:79) [junit-4.13.jar:4.13]
	at org.junit.runners.ParentRunner.runChildren(ParentRunner.java:329) [junit-4.13.jar:4.13]
	at org.junit.runners.ParentRunner.access$100(ParentRunner.java:66) [junit-4.13.jar:4.13]
	at org.junit.runners.ParentRunner$2.evaluate(ParentRunner.java:293) [junit-4.13.jar:4.13]
	at org.junit.runners.ParentRunner.run(ParentRunner.java:413) [junit-4.13.jar:4.13]
	at org.junit.runners.Suite.runChild(Suite.java:128) [junit-4.13.jar:4.13]
	at org.junit.runners.Suite.runChild(Suite.java:27) [junit-4.13.jar:4.13]
	at org.junit.runners.ParentRunner$4.run(ParentRunner.java:331) [junit-4.13.jar:4.13]
	at org.junit.runners.ParentRunner$1.schedule(ParentRunner.java:79) [junit-4.13.jar:4.13]
	at org.junit.runners.ParentRunner.runChildren(ParentRunner.java:329) [junit-4.13.jar:4.13]
	at org.junit.runners.ParentRunner.access$100(ParentRunner.java:66) [junit-4.13.jar:4.13]
	at org.junit.runners.ParentRunner$2.evaluate(ParentRunner.java:293) [junit-4.13.jar:4.13]
	at org.junit.internal.runners.statements.RunAfters.evaluate(RunAfters.java:27) [junit-4.13.jar:4.13]
	at org.junit.runners.ParentRunner$3.evaluate(ParentRunner.java:306) [junit-4.13.jar:4.13]
	at org.junit.runners.ParentRunner.run(ParentRunner.java:413) [junit-4.13.jar:4.13]
	at org.eclipse.jdt.internal.junit4.runner.JUnit4TestReference.run(JUnit4TestReference.java:93) [.cp/:?]
	at org.eclipse.jdt.internal.junit.runner.TestExecution.run(TestExecution.java:40) [.cp/:?]
	at org.eclipse.jdt.internal.junit.runner.RemoteTestRunner.runTests(RemoteTestRunner.java:530) [.cp/:?]
	at org.eclipse.jdt.internal.junit.runner.RemoteTestRunner.runTests(RemoteTestRunner.java:758) [.cp/:?]
	at org.eclipse.jdt.internal.junit.runner.RemoteTestRunner.run(RemoteTestRunner.java:453) [.cp/:?]
	at org.eclipse.jdt.internal.junit.runner.RemoteTestRunner.main(RemoteTestRunner.java:211) [.cp/:?]
2025-12-30 03:11:28 INFO  === END   tests.productCardsTests.ProductCardElementsTests.cardValidation[Exp#1 [f1=1, f2=1, f3=1, f4=1, f5=1, f6=1, f7=1, f8=1]] ===
2025-12-30 03:11:28 INFO  === START tests.productCardsTests.ProductCardElementsTests.cardValidation[Exp#2 [f1=1, f2=1, f3=2, f4=2, f5=2, f6=2, f7=2, f8=2]] ===
2025-12-30 03:11:28 INFO  STEP: 📝 New input: Filling form fields.
2025-12-30 03:11:31 INFO  STEP: Card nuber 1 have a Thumbnail
2025-12-30 03:11:32 INFO  STEP: Card nuber 1 have a Title: Black Aluminium Cup
2025-12-30 03:11:32 INFO  STEP: Card nuber 1 have a Description: The Black Aluminium Cup is a stylish and durable cup suitable for both hot and cold beverages. Its sleek black design adds a modern touch to your drinkware collection.
2025-12-30 03:11:32 INFO  STEP: Card nuber 1 have a Price: 5.99
2025-12-30 03:11:32 INFO  STEP: Card nuber 1 have a Rating: 4.5
2025-12-30 03:11:32 ERROR STEP FAIL: Card nuber 1 dont have a Additional Images Button
2025-12-30 03:11:32 ERROR === FAIL  tests.productCardsTests.ProductCardElementsTests.cardValidation[Exp#2 [f1=1, f2=1, f3=2, f4=2, f5=2, f6=2, f7=2, f8=2]] ===
java.lang.AssertionError: Card nuber 1 dont have a Additional Images Button
	at org.junit.Assert.fail(Assert.java:89) ~[junit-4.13.jar:4.13]
	at org.junit.Assert.assertTrue(Assert.java:42) ~[junit-4.13.jar:4.13]
	at tests.BaseTest.checkTrue(BaseTest.java:92) ~[test-classes/:?]
	at tests.productCardsTests.ProductCardElementsTests.isThereAdditionalImageBtnInProductCard(ProductCardElementsTests.java:126) ~[test-classes/:?]
	at tests.productCardsTests.ProductCardElementsTests.cardValidation(ProductCardElementsTests.java:60) ~[test-classes/:?]
	at jdk.internal.reflect.DirectMethodHandleAccessor.invoke(DirectMethodHandleAccessor.java:103) ~[?:?]
	at java.lang.reflect.Method.invoke(Method.java:580) ~[?:?]
	at org.junit.runners.model.FrameworkMethod$1.runReflectiveCall(FrameworkMethod.java:59) ~[junit-4.13.jar:4.13]
	at org.junit.internal.runners.model.ReflectiveCallable.run(ReflectiveCallable.java:12) ~[junit-4.13.jar:4.13]
	at org.junit.runners.model.FrameworkMethod.invokeExplosively(FrameworkMethod.java:56) ~[junit-4.13.jar:4.13]
	at org.junit.internal.runners.statements.InvokeMethod.evaluate(InvokeMethod.java:17) ~[junit-4.13.jar:4.13]
	at org.junit.internal.runners.statements.RunBefores.evaluate(RunBefores.java:26) ~[junit-4.13.jar:4.13]
	at org.junit.internal.runners.statements.RunAfters.evaluate(RunAfters.java:27) ~[junit-4.13.jar:4.13]
	at org.junit.rules.TestWatcher$1.evaluate(TestWatcher.java:61) [junit-4.13.jar:4.13]
	at org.junit.runners.ParentRunner$3.evaluate(ParentRunner.java:306) [junit-4.13.jar:4.13]
	at org.junit.runners.BlockJUnit4ClassRunner$1.evaluate(BlockJUnit4ClassRunner.java:100) [junit-4.13.jar:4.13]
	at org.junit.runners.ParentRunner.runLeaf(ParentRunner.java:366) [junit-4.13.jar:4.13]
	at org.junit.runners.BlockJUnit4ClassRunner.runChild(BlockJUnit4ClassRunner.java:103) [junit-4.13.jar:4.13]
	at org.junit.runners.BlockJUnit4ClassRunner.runChild(BlockJUnit4ClassRunner.java:63) [junit-4.13.jar:4.13]
	at org.junit.runners.ParentRunner$4.run(ParentRunner.java:331) [junit-4.13.jar:4.13]
	at org.junit.runners.ParentRunner$1.schedule(ParentRunner.java:79) [junit-4.13.jar:4.13]
	at org.junit.runners.ParentRunner.runChildren(ParentRunner.java:329) [junit-4.13.jar:4.13]
	at org.junit.runners.ParentRunner.access$100(ParentRunner.java:66) [junit-4.13.jar:4.13]
	at org.junit.runners.ParentRunner$2.evaluate(ParentRunner.java:293) [junit-4.13.jar:4.13]
	at org.junit.runners.ParentRunner.run(ParentRunner.java:413) [junit-4.13.jar:4.13]
	at org.junit.runners.Suite.runChild(Suite.java:128) [junit-4.13.jar:4.13]
	at org.junit.runners.Suite.runChild(Suite.java:27) [junit-4.13.jar:4.13]
	at org.junit.runners.ParentRunner$4.run(ParentRunner.java:331) [junit-4.13.jar:4.13]
	at org.junit.runners.ParentRunner$1.schedule(ParentRunner.java:79) [junit-4.13.jar:4.13]
	at org.junit.runners.ParentRunner.runChildren(ParentRunner.java:329) [junit-4.13.jar:4.13]
	at org.junit.runners.ParentRunner.access$100(ParentRunner.java:66) [junit-4.13.jar:4.13]
	at org.junit.runners.ParentRunner$2.evaluate(ParentRunner.java:293) [junit-4.13.jar:4.13]
	at org.junit.internal.runners.statements.RunAfters.evaluate(RunAfters.java:27) [junit-4.13.jar:4.13]
	at org.junit.runners.ParentRunner$3.evaluate(ParentRunner.java:306) [junit-4.13.jar:4.13]
	at org.junit.runners.ParentRunner.run(ParentRunner.java:413) [junit-4.13.jar:4.13]
	at org.eclipse.jdt.internal.junit4.runner.JUnit4TestReference.run(JUnit4TestReference.java:93) [.cp/:?]
	at org.eclipse.jdt.internal.junit.runner.TestExecution.run(TestExecution.java:40) [.cp/:?]
	at org.eclipse.jdt.internal.junit.runner.RemoteTestRunner.runTests(RemoteTestRunner.java:530) [.cp/:?]
	at org.eclipse.jdt.internal.junit.runner.RemoteTestRunner.runTests(RemoteTestRunner.java:758) [.cp/:?]
	at org.eclipse.jdt.internal.junit.runner.RemoteTestRunner.run(RemoteTestRunner.java:453) [.cp/:?]
	at org.eclipse.jdt.internal.junit.runner.RemoteTestRunner.main(RemoteTestRunner.java:211) [.cp/:?]
2025-12-30 03:11:32 INFO  === END   tests.productCardsTests.ProductCardElementsTests.cardValidation[Exp#2 [f1=1, f2=1, f3=2, f4=2, f5=2, f6=2, f7=2, f8=2]] ===
2025-12-30 03:11:32 INFO  === START tests.productCardsTests.ProductCardElementsTests.cardValidation[Exp#3 [f1=1, f2=1, f3=3, f4=3, f5=3, f6=3, f7=3, f8=3]] ===
2025-12-30 03:11:32 INFO  STEP: 📝 New input: Filling form fields.
2025-12-30 03:11:35 INFO  STEP: Card nuber 1 have a Thumbnail
2025-12-30 03:11:35 INFO  STEP: Card nuber 1 have a Title: Samsung Galaxy Tab White
2025-12-30 03:11:35 INFO  STEP: Card nuber 1 have a Description: The Samsung Galaxy Tab in White is a sleek and versatile Android tablet. With a vibrant display, long-lasting battery, and a range of features, it offers a great user experience for various tasks.
2025-12-30 03:11:35 INFO  STEP: Card nuber 1 have a Price: 349.99
2025-12-30 03:11:35 INFO  STEP: Card nuber 1 have a Rating: 3.7
2025-12-30 03:11:35 ERROR STEP FAIL: Card nuber 1 dont have a Additional Images Button
2025-12-30 03:11:35 ERROR === FAIL  tests.productCardsTests.ProductCardElementsTests.cardValidation[Exp#3 [f1=1, f2=1, f3=3, f4=3, f5=3, f6=3, f7=3, f8=3]] ===
java.lang.AssertionError: Card nuber 1 dont have a Additional Images Button
	at org.junit.Assert.fail(Assert.java:89) ~[junit-4.13.jar:4.13]
	at org.junit.Assert.assertTrue(Assert.java:42) ~[junit-4.13.jar:4.13]
	at tests.BaseTest.checkTrue(BaseTest.java:92) ~[test-classes/:?]
	at tests.productCardsTests.ProductCardElementsTests.isThereAdditionalImageBtnInProductCard(ProductCardElementsTests.java:126) ~[test-classes/:?]
	at tests.productCardsTests.ProductCardElementsTests.cardValidation(ProductCardElementsTests.java:60) ~[test-classes/:?]
	at jdk.internal.reflect.DirectMethodHandleAccessor.invoke(DirectMethodHandleAccessor.java:103) ~[?:?]
	at java.lang.reflect.Method.invoke(Method.java:580) ~[?:?]
	at org.junit.runners.model.FrameworkMethod$1.runReflectiveCall(FrameworkMethod.java:59) ~[junit-4.13.jar:4.13]
	at org.junit.internal.runners.model.ReflectiveCallable.run(ReflectiveCallable.java:12) ~[junit-4.13.jar:4.13]
	at org.junit.runners.model.FrameworkMethod.invokeExplosively(FrameworkMethod.java:56) ~[junit-4.13.jar:4.13]
	at org.junit.internal.runners.statements.InvokeMethod.evaluate(InvokeMethod.java:17) ~[junit-4.13.jar:4.13]
	at org.junit.internal.runners.statements.RunBefores.evaluate(RunBefores.java:26) ~[junit-4.13.jar:4.13]
	at org.junit.internal.runners.statements.RunAfters.evaluate(RunAfters.java:27) ~[junit-4.13.jar:4.13]
	at org.junit.rules.TestWatcher$1.evaluate(TestWatcher.java:61) [junit-4.13.jar:4.13]
	at org.junit.runners.ParentRunner$3.evaluate(ParentRunner.java:306) [junit-4.13.jar:4.13]
	at org.junit.runners.BlockJUnit4ClassRunner$1.evaluate(BlockJUnit4ClassRunner.java:100) [junit-4.13.jar:4.13]
	at org.junit.runners.ParentRunner.runLeaf(ParentRunner.java:366) [junit-4.13.jar:4.13]
	at org.junit.runners.BlockJUnit4ClassRunner.runChild(BlockJUnit4ClassRunner.java:103) [junit-4.13.jar:4.13]
	at org.junit.runners.BlockJUnit4ClassRunner.runChild(BlockJUnit4ClassRunner.java:63) [junit-4.13.jar:4.13]
	at org.junit.runners.ParentRunner$4.run(ParentRunner.java:331) [junit-4.13.jar:4.13]
	at org.junit.runners.ParentRunner$1.schedule(ParentRunner.java:79) [junit-4.13.jar:4.13]
	at org.junit.runners.ParentRunner.runChildren(ParentRunner.java:329) [junit-4.13.jar:4.13]
	at org.junit.runners.ParentRunner.access$100(ParentRunner.java:66) [junit-4.13.jar:4.13]
	at org.junit.runners.ParentRunner$2.evaluate(ParentRunner.java:293) [junit-4.13.jar:4.13]
	at org.junit.runners.ParentRunner.run(ParentRunner.java:413) [junit-4.13.jar:4.13]
	at org.junit.runners.Suite.runChild(Suite.java:128) [junit-4.13.jar:4.13]
	at org.junit.runners.Suite.runChild(Suite.java:27) [junit-4.13.jar:4.13]
	at org.junit.runners.ParentRunner$4.run(ParentRunner.java:331) [junit-4.13.jar:4.13]
	at org.junit.runners.ParentRunner$1.schedule(ParentRunner.java:79) [junit-4.13.jar:4.13]
	at org.junit.runners.ParentRunner.runChildren(ParentRunner.java:329) [junit-4.13.jar:4.13]
	at org.junit.runners.ParentRunner.access$100(ParentRunner.java:66) [junit-4.13.jar:4.13]
	at org.junit.runners.ParentRunner$2.evaluate(ParentRunner.java:293) [junit-4.13.jar:4.13]
	at org.junit.internal.runners.statements.RunAfters.evaluate(RunAfters.java:27) [junit-4.13.jar:4.13]
	at org.junit.runners.ParentRunner$3.evaluate(ParentRunner.java:306) [junit-4.13.jar:4.13]
	at org.junit.runners.ParentRunner.run(ParentRunner.java:413) [junit-4.13.jar:4.13]
	at org.eclipse.jdt.internal.junit4.runner.JUnit4TestReference.run(JUnit4TestReference.java:93) [.cp/:?]
	at org.eclipse.jdt.internal.junit.runner.TestExecution.run(TestExecution.java:40) [.cp/:?]
	at org.eclipse.jdt.internal.junit.runner.RemoteTestRunner.runTests(RemoteTestRunner.java:530) [.cp/:?]
	at org.eclipse.jdt.internal.junit.runner.RemoteTestRunner.runTests(RemoteTestRunner.java:758) [.cp/:?]
	at org.eclipse.jdt.internal.junit.runner.RemoteTestRunner.run(RemoteTestRunner.java:453) [.cp/:?]
	at org.eclipse.jdt.internal.junit.runner.RemoteTestRunner.main(RemoteTestRunner.java:211) [.cp/:?]
2025-12-30 03:11:35 INFO  === END   tests.productCardsTests.ProductCardElementsTests.cardValidation[Exp#3 [f1=1, f2=1, f3=3, f4=3, f5=3, f6=3, f7=3, f8=3]] ===
2025-12-30 03:11:35 INFO  === START tests.productCardsTests.ProductCardElementsTests.cardValidation[Exp#4 [f1=1, f2=2, f3=1, f4=1, f5=2, f6=2, f7=3, f8=3]] ===
2025-12-30 03:11:35 INFO  STEP: 📝 New input: Filling form fields.
2025-12-30 03:11:39 INFO  STEP: Card nuber 1 have a Thumbnail
2025-12-30 03:11:39 INFO  STEP: Card nuber 1 have a Title: Plant Pot
2025-12-30 03:11:39 INFO  STEP: Card nuber 1 have a Description: The Plant Pot is a stylish container for your favorite plants. With a sleek design, it complements your indoor or outdoor garden, adding a modern touch to your plant display.
2025-12-30 03:11:39 INFO  STEP: Card nuber 1 have a Price: 14.99
2025-12-30 03:11:39 INFO  STEP: Card nuber 1 have a Rating: 3.0
2025-12-30 03:11:39 ERROR STEP FAIL: Card nuber 1 dont have a Additional Images Button
2025-12-30 03:11:39 ERROR === FAIL  tests.productCardsTests.ProductCardElementsTests.cardValidation[Exp#4 [f1=1, f2=2, f3=1, f4=1, f5=2, f6=2, f7=3, f8=3]] ===
java.lang.AssertionError: Card nuber 1 dont have a Additional Images Button
	at org.junit.Assert.fail(Assert.java:89) ~[junit-4.13.jar:4.13]
	at org.junit.Assert.assertTrue(Assert.java:42) ~[junit-4.13.jar:4.13]
	at tests.BaseTest.checkTrue(BaseTest.java:92) ~[test-classes/:?]
	at tests.productCardsTests.ProductCardElementsTests.isThereAdditionalImageBtnInProductCard(ProductCardElementsTests.java:126) ~[test-classes/:?]
	at tests.productCardsTests.ProductCardElementsTests.cardValidation(ProductCardElementsTests.java:60) ~[test-classes/:?]
	at jdk.internal.reflect.DirectMethodHandleAccessor.invoke(DirectMethodHandleAccessor.java:103) ~[?:?]
	at java.lang.reflect.Method.invoke(Method.java:580) ~[?:?]
	at org.junit.runners.model.FrameworkMethod$1.runReflectiveCall(FrameworkMethod.java:59) ~[junit-4.13.jar:4.13]
	at org.junit.internal.runners.model.ReflectiveCallable.run(ReflectiveCallable.java:12) ~[junit-4.13.jar:4.13]
	at org.junit.runners.model.FrameworkMethod.invokeExplosively(FrameworkMethod.java:56) ~[junit-4.13.jar:4.13]
	at org.junit.internal.runners.statements.InvokeMethod.evaluate(InvokeMethod.java:17) ~[junit-4.13.jar:4.13]
	at org.junit.internal.runners.statements.RunBefores.evaluate(RunBefores.java:26) ~[junit-4.13.jar:4.13]
	at org.junit.internal.runners.statements.RunAfters.evaluate(RunAfters.java:27) ~[junit-4.13.jar:4.13]
	at org.junit.rules.TestWatcher$1.evaluate(TestWatcher.java:61) [junit-4.13.jar:4.13]
	at org.junit.runners.ParentRunner$3.evaluate(ParentRunner.java:306) [junit-4.13.jar:4.13]
	at org.junit.runners.BlockJUnit4ClassRunner$1.evaluate(BlockJUnit4ClassRunner.java:100) [junit-4.13.jar:4.13]
	at org.junit.runners.ParentRunner.runLeaf(ParentRunner.java:366) [junit-4.13.jar:4.13]
	at org.junit.runners.BlockJUnit4ClassRunner.runChild(BlockJUnit4ClassRunner.java:103) [junit-4.13.jar:4.13]
	at org.junit.runners.BlockJUnit4ClassRunner.runChild(BlockJUnit4ClassRunner.java:63) [junit-4.13.jar:4.13]
	at org.junit.runners.ParentRunner$4.run(ParentRunner.java:331) [junit-4.13.jar:4.13]
	at org.junit.runners.ParentRunner$1.schedule(ParentRunner.java:79) [junit-4.13.jar:4.13]
	at org.junit.runners.ParentRunner.runChildren(ParentRunner.java:329) [junit-4.13.jar:4.13]
	at org.junit.runners.ParentRunner.access$100(ParentRunner.java:66) [junit-4.13.jar:4.13]
	at org.junit.runners.ParentRunner$2.evaluate(ParentRunner.java:293) [junit-4.13.jar:4.13]
	at org.junit.runners.ParentRunner.run(ParentRunner.java:413) [junit-4.13.jar:4.13]
	at org.junit.runners.Suite.runChild(Suite.java:128) [junit-4.13.jar:4.13]
	at org.junit.runners.Suite.runChild(Suite.java:27) [junit-4.13.jar:4.13]
	at org.junit.runners.ParentRunner$4.run(ParentRunner.java:331) [junit-4.13.jar:4.13]
	at org.junit.runners.ParentRunner$1.schedule(ParentRunner.java:79) [junit-4.13.jar:4.13]
	at org.junit.runners.ParentRunner.runChildren(ParentRunner.java:329) [junit-4.13.jar:4.13]
	at org.junit.runners.ParentRunner.access$100(ParentRunner.java:66) [junit-4.13.jar:4.13]
	at org.junit.runners.ParentRunner$2.evaluate(ParentRunner.java:293) [junit-4.13.jar:4.13]
	at org.junit.internal.runners.statements.RunAfters.evaluate(RunAfters.java:27) [junit-4.13.jar:4.13]
	at org.junit.runners.ParentRunner$3.evaluate(ParentRunner.java:306) [junit-4.13.jar:4.13]
	at org.junit.runners.ParentRunner.run(ParentRunner.java:413) [junit-4.13.jar:4.13]
	at org.eclipse.jdt.internal.junit4.runner.JUnit4TestReference.run(JUnit4TestReference.java:93) [.cp/:?]
	at org.eclipse.jdt.internal.junit.runner.TestExecution.run(TestExecution.java:40) [.cp/:?]
	at org.eclipse.jdt.internal.junit.runner.RemoteTestRunner.runTests(RemoteTestRunner.java:530) [.cp/:?]
	at org.eclipse.jdt.internal.junit.runner.RemoteTestRunner.runTests(RemoteTestRunner.java:758) [.cp/:?]
	at org.eclipse.jdt.internal.junit.runner.RemoteTestRunner.run(RemoteTestRunner.java:453) [.cp/:?]
	at org.eclipse.jdt.internal.junit.runner.RemoteTestRunner.main(RemoteTestRunner.java:211) [.cp/:?]
2025-12-30 03:11:39 INFO  === END   tests.productCardsTests.ProductCardElementsTests.cardValidation[Exp#4 [f1=1, f2=2, f3=1, f4=1, f5=2, f6=2, f7=3, f8=3]] ===
2025-12-30 03:11:39 INFO  === START tests.productCardsTests.ProductCardElementsTests.cardValidation[Exp#5 [f1=1, f2=2, f3=2, f4=2, f5=3, f6=3, f7=1, f8=1]] ===
2025-12-30 03:11:39 INFO  STEP: 📝 New input: Filling form fields.
2025-12-30 03:11:43 INFO  STEP: Card nuber 1 have a Thumbnail
2025-12-30 03:11:43 INFO  STEP: Card nuber 1 have a Title: Black Aluminium Cup
2025-12-30 03:11:43 INFO  STEP: Card nuber 1 have a Description: The Black Aluminium Cup is a stylish and durable cup suitable for both hot and cold beverages. Its sleek black design adds a modern touch to your drinkware collection.
2025-12-30 03:11:43 INFO  STEP: Card nuber 1 have a Price: 5.99
2025-12-30 03:11:43 INFO  STEP: Card nuber 1 have a Rating: 4.5
2025-12-30 03:11:43 ERROR STEP FAIL: Card nuber 1 dont have a Additional Images Button
2025-12-30 03:11:43 ERROR === FAIL  tests.productCardsTests.ProductCardElementsTests.cardValidation[Exp#5 [f1=1, f2=2, f3=2, f4=2, f5=3, f6=3, f7=1, f8=1]] ===
java.lang.AssertionError: Card nuber 1 dont have a Additional Images Button
	at org.junit.Assert.fail(Assert.java:89) ~[junit-4.13.jar:4.13]
	at org.junit.Assert.assertTrue(Assert.java:42) ~[junit-4.13.jar:4.13]
	at tests.BaseTest.checkTrue(BaseTest.java:92) ~[test-classes/:?]
	at tests.productCardsTests.ProductCardElementsTests.isThereAdditionalImageBtnInProductCard(ProductCardElementsTests.java:126) ~[test-classes/:?]
	at tests.productCardsTests.ProductCardElementsTests.cardValidation(ProductCardElementsTests.java:60) ~[test-classes/:?]
	at jdk.internal.reflect.DirectMethodHandleAccessor.invoke(DirectMethodHandleAccessor.java:103) ~[?:?]
	at java.lang.reflect.Method.invoke(Method.java:580) ~[?:?]
	at org.junit.runners.model.FrameworkMethod$1.runReflectiveCall(FrameworkMethod.java:59) ~[junit-4.13.jar:4.13]
	at org.junit.internal.runners.model.ReflectiveCallable.run(ReflectiveCallable.java:12) ~[junit-4.13.jar:4.13]
	at org.junit.runners.model.FrameworkMethod.invokeExplosively(FrameworkMethod.java:56) ~[junit-4.13.jar:4.13]
	at org.junit.internal.runners.statements.InvokeMethod.evaluate(InvokeMethod.java:17) ~[junit-4.13.jar:4.13]
	at org.junit.internal.runners.statements.RunBefores.evaluate(RunBefores.java:26) ~[junit-4.13.jar:4.13]
	at org.junit.internal.runners.statements.RunAfters.evaluate(RunAfters.java:27) ~[junit-4.13.jar:4.13]
	at org.junit.rules.TestWatcher$1.evaluate(TestWatcher.java:61) [junit-4.13.jar:4.13]
	at org.junit.runners.ParentRunner$3.evaluate(ParentRunner.java:306) [junit-4.13.jar:4.13]
	at org.junit.runners.BlockJUnit4ClassRunner$1.evaluate(BlockJUnit4ClassRunner.java:100) [junit-4.13.jar:4.13]
	at org.junit.runners.ParentRunner.runLeaf(ParentRunner.java:366) [junit-4.13.jar:4.13]
	at org.junit.runners.BlockJUnit4ClassRunner.runChild(BlockJUnit4ClassRunner.java:103) [junit-4.13.jar:4.13]
	at org.junit.runners.BlockJUnit4ClassRunner.runChild(BlockJUnit4ClassRunner.java:63) [junit-4.13.jar:4.13]
	at org.junit.runners.ParentRunner$4.run(ParentRunner.java:331) [junit-4.13.jar:4.13]
	at org.junit.runners.ParentRunner$1.schedule(ParentRunner.java:79) [junit-4.13.jar:4.13]
	at org.junit.runners.ParentRunner.runChildren(ParentRunner.java:329) [junit-4.13.jar:4.13]
	at org.junit.runners.ParentRunner.access$100(ParentRunner.java:66) [junit-4.13.jar:4.13]
	at org.junit.runners.ParentRunner$2.evaluate(ParentRunner.java:293) [junit-4.13.jar:4.13]
	at org.junit.runners.ParentRunner.run(ParentRunner.java:413) [junit-4.13.jar:4.13]
	at org.junit.runners.Suite.runChild(Suite.java:128) [junit-4.13.jar:4.13]
	at org.junit.runners.Suite.runChild(Suite.java:27) [junit-4.13.jar:4.13]
	at org.junit.runners.ParentRunner$4.run(ParentRunner.java:331) [junit-4.13.jar:4.13]
	at org.junit.runners.ParentRunner$1.schedule(ParentRunner.java:79) [junit-4.13.jar:4.13]
	at org.junit.runners.ParentRunner.runChildren(ParentRunner.java:329) [junit-4.13.jar:4.13]
	at org.junit.runners.ParentRunner.access$100(ParentRunner.java:66) [junit-4.13.jar:4.13]
	at org.junit.runners.ParentRunner$2.evaluate(ParentRunner.java:293) [junit-4.13.jar:4.13]
	at org.junit.internal.runners.statements.RunAfters.evaluate(RunAfters.java:27) [junit-4.13.jar:4.13]
	at org.junit.runners.ParentRunner$3.evaluate(ParentRunner.java:306) [junit-4.13.jar:4.13]
	at org.junit.runners.ParentRunner.run(ParentRunner.java:413) [junit-4.13.jar:4.13]
	at org.eclipse.jdt.internal.junit4.runner.JUnit4TestReference.run(JUnit4TestReference.java:93) [.cp/:?]
	at org.eclipse.jdt.internal.junit.runner.TestExecution.run(TestExecution.java:40) [.cp/:?]
	at org.eclipse.jdt.internal.junit.runner.RemoteTestRunner.runTests(RemoteTestRunner.java:530) [.cp/:?]
	at org.eclipse.jdt.internal.junit.runner.RemoteTestRunner.runTests(RemoteTestRunner.java:758) [.cp/:?]
	at org.eclipse.jdt.internal.junit.runner.RemoteTestRunner.run(RemoteTestRunner.java:453) [.cp/:?]
	at org.eclipse.jdt.internal.junit.runner.RemoteTestRunner.main(RemoteTestRunner.java:211) [.cp/:?]
2025-12-30 03:11:43 INFO  === END   tests.productCardsTests.ProductCardElementsTests.cardValidation[Exp#5 [f1=1, f2=2, f3=2, f4=2, f5=3, f6=3, f7=1, f8=1]] ===
2025-12-30 03:11:43 INFO  === START tests.productCardsTests.ProductCardElementsTests.cardValidation[Exp#6 [f1=1, f2=2, f3=3, f4=3, f5=1, f6=1, f7=2, f8=2]] ===
2025-12-30 03:11:43 INFO  STEP: 📝 New input: Filling form fields.
2025-12-30 03:11:46 INFO  STEP: Card nuber 1 have a Thumbnail
2025-12-30 03:11:47 INFO  STEP: Card nuber 1 have a Title: Baseball Ball
2025-12-30 03:11:47 INFO  STEP: Card nuber 1 have a Description: The Baseball Ball is a standard baseball used in baseball games. It features a durable leather cover and is designed for pitching, hitting, and fielding in the game of baseball.
2025-12-30 03:11:47 INFO  STEP: Card nuber 1 have a Price: 8.99
2025-12-30 03:11:47 INFO  STEP: Card nuber 1 have a Rating: 2.6
2025-12-30 03:11:47 ERROR STEP FAIL: Card nuber 1 dont have a Additional Images Button
2025-12-30 03:11:47 ERROR === FAIL  tests.productCardsTests.ProductCardElementsTests.cardValidation[Exp#6 [f1=1, f2=2, f3=3, f4=3, f5=1, f6=1, f7=2, f8=2]] ===
java.lang.AssertionError: Card nuber 1 dont have a Additional Images Button
	at org.junit.Assert.fail(Assert.java:89) ~[junit-4.13.jar:4.13]
	at org.junit.Assert.assertTrue(Assert.java:42) ~[junit-4.13.jar:4.13]
	at tests.BaseTest.checkTrue(BaseTest.java:92) ~[test-classes/:?]
	at tests.productCardsTests.ProductCardElementsTests.isThereAdditionalImageBtnInProductCard(ProductCardElementsTests.java:126) ~[test-classes/:?]
	at tests.productCardsTests.ProductCardElementsTests.cardValidation(ProductCardElementsTests.java:60) ~[test-classes/:?]
	at jdk.internal.reflect.DirectMethodHandleAccessor.invoke(DirectMethodHandleAccessor.java:103) ~[?:?]
	at java.lang.reflect.Method.invoke(Method.java:580) ~[?:?]
	at org.junit.runners.model.FrameworkMethod$1.runReflectiveCall(FrameworkMethod.java:59) ~[junit-4.13.jar:4.13]
	at org.junit.internal.runners.model.ReflectiveCallable.run(ReflectiveCallable.java:12) ~[junit-4.13.jar:4.13]
	at org.junit.runners.model.FrameworkMethod.invokeExplosively(FrameworkMethod.java:56) ~[junit-4.13.jar:4.13]
	at org.junit.internal.runners.statements.InvokeMethod.evaluate(InvokeMethod.java:17) ~[junit-4.13.jar:4.13]
	at org.junit.internal.runners.statements.RunBefores.evaluate(RunBefores.java:26) ~[junit-4.13.jar:4.13]
	at org.junit.internal.runners.statements.RunAfters.evaluate(RunAfters.java:27) ~[junit-4.13.jar:4.13]
	at org.junit.rules.TestWatcher$1.evaluate(TestWatcher.java:61) [junit-4.13.jar:4.13]
	at org.junit.runners.ParentRunner$3.evaluate(ParentRunner.java:306) [junit-4.13.jar:4.13]
	at org.junit.runners.BlockJUnit4ClassRunner$1.evaluate(BlockJUnit4ClassRunner.java:100) [junit-4.13.jar:4.13]
	at org.junit.runners.ParentRunner.runLeaf(ParentRunner.java:366) [junit-4.13.jar:4.13]
	at org.junit.runners.BlockJUnit4ClassRunner.runChild(BlockJUnit4ClassRunner.java:103) [junit-4.13.jar:4.13]
	at org.junit.runners.BlockJUnit4ClassRunner.runChild(BlockJUnit4ClassRunner.java:63) [junit-4.13.jar:4.13]
	at org.junit.runners.ParentRunner$4.run(ParentRunner.java:331) [junit-4.13.jar:4.13]
	at org.junit.runners.ParentRunner$1.schedule(ParentRunner.java:79) [junit-4.13.jar:4.13]
	at org.junit.runners.ParentRunner.runChildren(ParentRunner.java:329) [junit-4.13.jar:4.13]
	at org.junit.runners.ParentRunner.access$100(ParentRunner.java:66) [junit-4.13.jar:4.13]
	at org.junit.runners.ParentRunner$2.evaluate(ParentRunner.java:293) [junit-4.13.jar:4.13]
	at org.junit.runners.ParentRunner.run(ParentRunner.java:413) [junit-4.13.jar:4.13]
	at org.junit.runners.Suite.runChild(Suite.java:128) [junit-4.13.jar:4.13]
	at org.junit.runners.Suite.runChild(Suite.java:27) [junit-4.13.jar:4.13]
	at org.junit.runners.ParentRunner$4.run(ParentRunner.java:331) [junit-4.13.jar:4.13]
	at org.junit.runners.ParentRunner$1.schedule(ParentRunner.java:79) [junit-4.13.jar:4.13]
	at org.junit.runners.ParentRunner.runChildren(ParentRunner.java:329) [junit-4.13.jar:4.13]
	at org.junit.runners.ParentRunner.access$100(ParentRunner.java:66) [junit-4.13.jar:4.13]
	at org.junit.runners.ParentRunner$2.evaluate(ParentRunner.java:293) [junit-4.13.jar:4.13]
	at org.junit.internal.runners.statements.RunAfters.evaluate(RunAfters.java:27) [junit-4.13.jar:4.13]
	at org.junit.runners.ParentRunner$3.evaluate(ParentRunner.java:306) [junit-4.13.jar:4.13]
	at org.junit.runners.ParentRunner.run(ParentRunner.java:413) [junit-4.13.jar:4.13]
	at org.eclipse.jdt.internal.junit4.runner.JUnit4TestReference.run(JUnit4TestReference.java:93) [.cp/:?]
	at org.eclipse.jdt.internal.junit.runner.TestExecution.run(TestExecution.java:40) [.cp/:?]
	at org.eclipse.jdt.internal.junit.runner.RemoteTestRunner.runTests(RemoteTestRunner.java:530) [.cp/:?]
	at org.eclipse.jdt.internal.junit.runner.RemoteTestRunner.runTests(RemoteTestRunner.java:758) [.cp/:?]
	at org.eclipse.jdt.internal.junit.runner.RemoteTestRunner.run(RemoteTestRunner.java:453) [.cp/:?]
	at org.eclipse.jdt.internal.junit.runner.RemoteTestRunner.main(RemoteTestRunner.java:211) [.cp/:?]
2025-12-30 03:11:47 INFO  === END   tests.productCardsTests.ProductCardElementsTests.cardValidation[Exp#6 [f1=1, f2=2, f3=3, f4=3, f5=1, f6=1, f7=2, f8=2]] ===
2025-12-30 03:11:47 INFO  === START tests.productCardsTests.ProductCardElementsTests.cardValidation[Exp#7 [f1=1, f2=3, f3=1, f4=2, f5=1, f6=3, f7=2, f8=3]] ===
2025-12-30 03:11:47 INFO  STEP: 📝 New input: Filling form fields.
2025-12-30 03:11:50 INFO  STEP: Card nuber 1 have a Thumbnail
2025-12-30 03:11:50 INFO  STEP: Card nuber 1 have a Title: Baseball Ball
2025-12-30 03:11:50 INFO  STEP: Card nuber 1 have a Description: The Baseball Ball is a standard baseball used in baseball games. It features a durable leather cover and is designed for pitching, hitting, and fielding in the game of baseball.
2025-12-30 03:11:51 INFO  STEP: Card nuber 1 have a Price: 8.99
2025-12-30 03:11:51 INFO  STEP: Card nuber 1 have a Rating: 2.6
2025-12-30 03:11:51 ERROR STEP FAIL: Card nuber 1 dont have a Additional Images Button
2025-12-30 03:11:51 ERROR === FAIL  tests.productCardsTests.ProductCardElementsTests.cardValidation[Exp#7 [f1=1, f2=3, f3=1, f4=2, f5=1, f6=3, f7=2, f8=3]] ===
java.lang.AssertionError: Card nuber 1 dont have a Additional Images Button
	at org.junit.Assert.fail(Assert.java:89) ~[junit-4.13.jar:4.13]
	at org.junit.Assert.assertTrue(Assert.java:42) ~[junit-4.13.jar:4.13]
	at tests.BaseTest.checkTrue(BaseTest.java:92) ~[test-classes/:?]
	at tests.productCardsTests.ProductCardElementsTests.isThereAdditionalImageBtnInProductCard(ProductCardElementsTests.java:126) ~[test-classes/:?]
	at tests.productCardsTests.ProductCardElementsTests.cardValidation(ProductCardElementsTests.java:60) ~[test-classes/:?]
	at jdk.internal.reflect.DirectMethodHandleAccessor.invoke(DirectMethodHandleAccessor.java:103) ~[?:?]
	at java.lang.reflect.Method.invoke(Method.java:580) ~[?:?]
	at org.junit.runners.model.FrameworkMethod$1.runReflectiveCall(FrameworkMethod.java:59) ~[junit-4.13.jar:4.13]
	at org.junit.internal.runners.model.ReflectiveCallable.run(ReflectiveCallable.java:12) ~[junit-4.13.jar:4.13]
	at org.junit.runners.model.FrameworkMethod.invokeExplosively(FrameworkMethod.java:56) ~[junit-4.13.jar:4.13]
	at org.junit.internal.runners.statements.InvokeMethod.evaluate(InvokeMethod.java:17) ~[junit-4.13.jar:4.13]
	at org.junit.internal.runners.statements.RunBefores.evaluate(RunBefores.java:26) ~[junit-4.13.jar:4.13]
	at org.junit.internal.runners.statements.RunAfters.evaluate(RunAfters.java:27) ~[junit-4.13.jar:4.13]
	at org.junit.rules.TestWatcher$1.evaluate(TestWatcher.java:61) [junit-4.13.jar:4.13]
	at org.junit.runners.ParentRunner$3.evaluate(ParentRunner.java:306) [junit-4.13.jar:4.13]
	at org.junit.runners.BlockJUnit4ClassRunner$1.evaluate(BlockJUnit4ClassRunner.java:100) [junit-4.13.jar:4.13]
	at org.junit.runners.ParentRunner.runLeaf(ParentRunner.java:366) [junit-4.13.jar:4.13]
	at org.junit.runners.BlockJUnit4ClassRunner.runChild(BlockJUnit4ClassRunner.java:103) [junit-4.13.jar:4.13]
	at org.junit.runners.BlockJUnit4ClassRunner.runChild(BlockJUnit4ClassRunner.java:63) [junit-4.13.jar:4.13]
	at org.junit.runners.ParentRunner$4.run(ParentRunner.java:331) [junit-4.13.jar:4.13]
	at org.junit.runners.ParentRunner$1.schedule(ParentRunner.java:79) [junit-4.13.jar:4.13]
	at org.junit.runners.ParentRunner.runChildren(ParentRunner.java:329) [junit-4.13.jar:4.13]
	at org.junit.runners.ParentRunner.access$100(ParentRunner.java:66) [junit-4.13.jar:4.13]
	at org.junit.runners.ParentRunner$2.evaluate(ParentRunner.java:293) [junit-4.13.jar:4.13]
	at org.junit.runners.ParentRunner.run(ParentRunner.java:413) [junit-4.13.jar:4.13]
	at org.junit.runners.Suite.runChild(Suite.java:128) [junit-4.13.jar:4.13]
	at org.junit.runners.Suite.runChild(Suite.java:27) [junit-4.13.jar:4.13]
	at org.junit.runners.ParentRunner$4.run(ParentRunner.java:331) [junit-4.13.jar:4.13]
	at org.junit.runners.ParentRunner$1.schedule(ParentRunner.java:79) [junit-4.13.jar:4.13]
	at org.junit.runners.ParentRunner.runChildren(ParentRunner.java:329) [junit-4.13.jar:4.13]
	at org.junit.runners.ParentRunner.access$100(ParentRunner.java:66) [junit-4.13.jar:4.13]
	at org.junit.runners.ParentRunner$2.evaluate(ParentRunner.java:293) [junit-4.13.jar:4.13]
	at org.junit.internal.runners.statements.RunAfters.evaluate(RunAfters.java:27) [junit-4.13.jar:4.13]
	at org.junit.runners.ParentRunner$3.evaluate(ParentRunner.java:306) [junit-4.13.jar:4.13]
	at org.junit.runners.ParentRunner.run(ParentRunner.java:413) [junit-4.13.jar:4.13]
	at org.eclipse.jdt.internal.junit4.runner.JUnit4TestReference.run(JUnit4TestReference.java:93) [.cp/:?]
	at org.eclipse.jdt.internal.junit.runner.TestExecution.run(TestExecution.java:40) [.cp/:?]
	at org.eclipse.jdt.internal.junit.runner.RemoteTestRunner.runTests(RemoteTestRunner.java:530) [.cp/:?]
	at org.eclipse.jdt.internal.junit.runner.RemoteTestRunner.runTests(RemoteTestRunner.java:758) [.cp/:?]
	at org.eclipse.jdt.internal.junit.runner.RemoteTestRunner.run(RemoteTestRunner.java:453) [.cp/:?]
	at org.eclipse.jdt.internal.junit.runner.RemoteTestRunner.main(RemoteTestRunner.java:211) [.cp/:?]
2025-12-30 03:11:51 INFO  === END   tests.productCardsTests.ProductCardElementsTests.cardValidation[Exp#7 [f1=1, f2=3, f3=1, f4=2, f5=1, f6=3, f7=2, f8=3]] ===
2025-12-30 03:11:51 INFO  === START tests.productCardsTests.ProductCardElementsTests.cardValidation[Exp#8 [f1=1, f2=3, f3=2, f4=3, f5=2, f6=1, f7=3, f8=1]] ===
2025-12-30 03:11:51 INFO  STEP: 📝 New input: Filling form fields.
2025-12-30 03:11:54 INFO  STEP: Card nuber 1 have a Thumbnail
2025-12-30 03:11:54 INFO  STEP: Card nuber 1 have a Title: iPhone 5s
2025-12-30 03:11:54 INFO  STEP: Card nuber 1 have a Description: The iPhone 5s is a classic smartphone known for its compact design and advanced features during its release. While it's an older model, it still provides a reliable user experience.
2025-12-30 03:11:54 INFO  STEP: Card nuber 1 have a Price: 199.99
2025-12-30 03:11:54 INFO  STEP: Card nuber 1 have a Rating: 2.8
2025-12-30 03:11:55 ERROR STEP FAIL: Card nuber 1 dont have a Additional Images Button
2025-12-30 03:11:55 ERROR === FAIL  tests.productCardsTests.ProductCardElementsTests.cardValidation[Exp#8 [f1=1, f2=3, f3=2, f4=3, f5=2, f6=1, f7=3, f8=1]] ===
java.lang.AssertionError: Card nuber 1 dont have a Additional Images Button
	at org.junit.Assert.fail(Assert.java:89) ~[junit-4.13.jar:4.13]
	at org.junit.Assert.assertTrue(Assert.java:42) ~[junit-4.13.jar:4.13]
	at tests.BaseTest.checkTrue(BaseTest.java:92) ~[test-classes/:?]
	at tests.productCardsTests.ProductCardElementsTests.isThereAdditionalImageBtnInProductCard(ProductCardElementsTests.java:126) ~[test-classes/:?]
	at tests.productCardsTests.ProductCardElementsTests.cardValidation(ProductCardElementsTests.java:60) ~[test-classes/:?]
	at jdk.internal.reflect.DirectMethodHandleAccessor.invoke(DirectMethodHandleAccessor.java:103) ~[?:?]
	at java.lang.reflect.Method.invoke(Method.java:580) ~[?:?]
	at org.junit.runners.model.FrameworkMethod$1.runReflectiveCall(FrameworkMethod.java:59) ~[junit-4.13.jar:4.13]
	at org.junit.internal.runners.model.ReflectiveCallable.run(ReflectiveCallable.java:12) ~[junit-4.13.jar:4.13]
	at org.junit.runners.model.FrameworkMethod.invokeExplosively(FrameworkMethod.java:56) ~[junit-4.13.jar:4.13]
	at org.junit.internal.runners.statements.InvokeMethod.evaluate(InvokeMethod.java:17) ~[junit-4.13.jar:4.13]
	at org.junit.internal.runners.statements.RunBefores.evaluate(RunBefores.java:26) ~[junit-4.13.jar:4.13]
	at org.junit.internal.runners.statements.RunAfters.evaluate(RunAfters.java:27) ~[junit-4.13.jar:4.13]
	at org.junit.rules.TestWatcher$1.evaluate(TestWatcher.java:61) [junit-4.13.jar:4.13]
	at org.junit.runners.ParentRunner$3.evaluate(ParentRunner.java:306) [junit-4.13.jar:4.13]
	at org.junit.runners.BlockJUnit4ClassRunner$1.evaluate(BlockJUnit4ClassRunner.java:100) [junit-4.13.jar:4.13]
	at org.junit.runners.ParentRunner.runLeaf(ParentRunner.java:366) [junit-4.13.jar:4.13]
	at org.junit.runners.BlockJUnit4ClassRunner.runChild(BlockJUnit4ClassRunner.java:103) [junit-4.13.jar:4.13]
	at org.junit.runners.BlockJUnit4ClassRunner.runChild(BlockJUnit4ClassRunner.java:63) [junit-4.13.jar:4.13]
	at org.junit.runners.ParentRunner$4.run(ParentRunner.java:331) [junit-4.13.jar:4.13]
	at org.junit.runners.ParentRunner$1.schedule(ParentRunner.java:79) [junit-4.13.jar:4.13]
	at org.junit.runners.ParentRunner.runChildren(ParentRunner.java:329) [junit-4.13.jar:4.13]
	at org.junit.runners.ParentRunner.access$100(ParentRunner.java:66) [junit-4.13.jar:4.13]
	at org.junit.runners.ParentRunner$2.evaluate(ParentRunner.java:293) [junit-4.13.jar:4.13]
	at org.junit.runners.ParentRunner.run(ParentRunner.java:413) [junit-4.13.jar:4.13]
	at org.junit.runners.Suite.runChild(Suite.java:128) [junit-4.13.jar:4.13]
	at org.junit.runners.Suite.runChild(Suite.java:27) [junit-4.13.jar:4.13]
	at org.junit.runners.ParentRunner$4.run(ParentRunner.java:331) [junit-4.13.jar:4.13]
	at org.junit.runners.ParentRunner$1.schedule(ParentRunner.java:79) [junit-4.13.jar:4.13]
	at org.junit.runners.ParentRunner.runChildren(ParentRunner.java:329) [junit-4.13.jar:4.13]
	at org.junit.runners.ParentRunner.access$100(ParentRunner.java:66) [junit-4.13.jar:4.13]
	at org.junit.runners.ParentRunner$2.evaluate(ParentRunner.java:293) [junit-4.13.jar:4.13]
	at org.junit.internal.runners.statements.RunAfters.evaluate(RunAfters.java:27) [junit-4.13.jar:4.13]
	at org.junit.runners.ParentRunner$3.evaluate(ParentRunner.java:306) [junit-4.13.jar:4.13]
	at org.junit.runners.ParentRunner.run(ParentRunner.java:413) [junit-4.13.jar:4.13]
	at org.eclipse.jdt.internal.junit4.runner.JUnit4TestReference.run(JUnit4TestReference.java:93) [.cp/:?]
	at org.eclipse.jdt.internal.junit.runner.TestExecution.run(TestExecution.java:40) [.cp/:?]
	at org.eclipse.jdt.internal.junit.runner.RemoteTestRunner.runTests(RemoteTestRunner.java:530) [.cp/:?]
	at org.eclipse.jdt.internal.junit.runner.RemoteTestRunner.runTests(RemoteTestRunner.java:758) [.cp/:?]
	at org.eclipse.jdt.internal.junit.runner.RemoteTestRunner.run(RemoteTestRunner.java:453) [.cp/:?]
	at org.eclipse.jdt.internal.junit.runner.RemoteTestRunner.main(RemoteTestRunner.java:211) [.cp/:?]
2025-12-30 03:11:55 INFO  === END   tests.productCardsTests.ProductCardElementsTests.cardValidation[Exp#8 [f1=1, f2=3, f3=2, f4=3, f5=2, f6=1, f7=3, f8=1]] ===
2025-12-30 03:11:55 INFO  === START tests.productCardsTests.ProductCardElementsTests.cardValidation[Exp#9 [f1=1, f2=3, f3=3, f4=1, f5=3, f6=2, f7=1, f8=2]] ===
2025-12-30 03:11:55 INFO  STEP: 📝 New input: Filling form fields.
2025-12-30 03:11:58 INFO  STEP: Card nuber 1 have a Thumbnail
2025-12-30 03:11:58 INFO  STEP: Card nuber 1 have a Title: Baseball Ball
2025-12-30 03:11:58 INFO  STEP: Card nuber 1 have a Description: The Baseball Ball is a standard baseball used in baseball games. It features a durable leather cover and is designed for pitching, hitting, and fielding in the game of baseball.
2025-12-30 03:11:58 INFO  STEP: Card nuber 1 have a Price: 8.99
2025-12-30 03:11:58 INFO  STEP: Card nuber 1 have a Rating: 2.6
2025-12-30 03:11:58 ERROR STEP FAIL: Card nuber 1 dont have a Additional Images Button
2025-12-30 03:11:58 ERROR === FAIL  tests.productCardsTests.ProductCardElementsTests.cardValidation[Exp#9 [f1=1, f2=3, f3=3, f4=1, f5=3, f6=2, f7=1, f8=2]] ===
java.lang.AssertionError: Card nuber 1 dont have a Additional Images Button
	at org.junit.Assert.fail(Assert.java:89) ~[junit-4.13.jar:4.13]
	at org.junit.Assert.assertTrue(Assert.java:42) ~[junit-4.13.jar:4.13]
	at tests.BaseTest.checkTrue(BaseTest.java:92) ~[test-classes/:?]
	at tests.productCardsTests.ProductCardElementsTests.isThereAdditionalImageBtnInProductCard(ProductCardElementsTests.java:126) ~[test-classes/:?]
	at tests.productCardsTests.ProductCardElementsTests.cardValidation(ProductCardElementsTests.java:60) ~[test-classes/:?]
	at jdk.internal.reflect.DirectMethodHandleAccessor.invoke(DirectMethodHandleAccessor.java:103) ~[?:?]
	at java.lang.reflect.Method.invoke(Method.java:580) ~[?:?]
	at org.junit.runners.model.FrameworkMethod$1.runReflectiveCall(FrameworkMethod.java:59) ~[junit-4.13.jar:4.13]
	at org.junit.internal.runners.model.ReflectiveCallable.run(ReflectiveCallable.java:12) ~[junit-4.13.jar:4.13]
	at org.junit.runners.model.FrameworkMethod.invokeExplosively(FrameworkMethod.java:56) ~[junit-4.13.jar:4.13]
	at org.junit.internal.runners.statements.InvokeMethod.evaluate(InvokeMethod.java:17) ~[junit-4.13.jar:4.13]
	at org.junit.internal.runners.statements.RunBefores.evaluate(RunBefores.java:26) ~[junit-4.13.jar:4.13]
	at org.junit.internal.runners.statements.RunAfters.evaluate(RunAfters.java:27) ~[junit-4.13.jar:4.13]
	at org.junit.rules.TestWatcher$1.evaluate(TestWatcher.java:61) [junit-4.13.jar:4.13]
	at org.junit.runners.ParentRunner$3.evaluate(ParentRunner.java:306) [junit-4.13.jar:4.13]
	at org.junit.runners.BlockJUnit4ClassRunner$1.evaluate(BlockJUnit4ClassRunner.java:100) [junit-4.13.jar:4.13]
	at org.junit.runners.ParentRunner.runLeaf(ParentRunner.java:366) [junit-4.13.jar:4.13]
	at org.junit.runners.BlockJUnit4ClassRunner.runChild(BlockJUnit4ClassRunner.java:103) [junit-4.13.jar:4.13]
	at org.junit.runners.BlockJUnit4ClassRunner.runChild(BlockJUnit4ClassRunner.java:63) [junit-4.13.jar:4.13]
	at org.junit.runners.ParentRunner$4.run(ParentRunner.java:331) [junit-4.13.jar:4.13]
	at org.junit.runners.ParentRunner$1.schedule(ParentRunner.java:79) [junit-4.13.jar:4.13]
	at org.junit.runners.ParentRunner.runChildren(ParentRunner.java:329) [junit-4.13.jar:4.13]
	at org.junit.runners.ParentRunner.access$100(ParentRunner.java:66) [junit-4.13.jar:4.13]
	at org.junit.runners.ParentRunner$2.evaluate(ParentRunner.java:293) [junit-4.13.jar:4.13]
	at org.junit.runners.ParentRunner.run(ParentRunner.java:413) [junit-4.13.jar:4.13]
	at org.junit.runners.Suite.runChild(Suite.java:128) [junit-4.13.jar:4.13]
	at org.junit.runners.Suite.runChild(Suite.java:27) [junit-4.13.jar:4.13]
	at org.junit.runners.ParentRunner$4.run(ParentRunner.java:331) [junit-4.13.jar:4.13]
	at org.junit.runners.ParentRunner$1.schedule(ParentRunner.java:79) [junit-4.13.jar:4.13]
	at org.junit.runners.ParentRunner.runChildren(ParentRunner.java:329) [junit-4.13.jar:4.13]
	at org.junit.runners.ParentRunner.access$100(ParentRunner.java:66) [junit-4.13.jar:4.13]
	at org.junit.runners.ParentRunner$2.evaluate(ParentRunner.java:293) [junit-4.13.jar:4.13]
	at org.junit.internal.runners.statements.RunAfters.evaluate(RunAfters.java:27) [junit-4.13.jar:4.13]
	at org.junit.runners.ParentRunner$3.evaluate(ParentRunner.java:306) [junit-4.13.jar:4.13]
	at org.junit.runners.ParentRunner.run(ParentRunner.java:413) [junit-4.13.jar:4.13]
	at org.eclipse.jdt.internal.junit4.runner.JUnit4TestReference.run(JUnit4TestReference.java:93) [.cp/:?]
	at org.eclipse.jdt.internal.junit.runner.TestExecution.run(TestExecution.java:40) [.cp/:?]
	at org.eclipse.jdt.internal.junit.runner.RemoteTestRunner.runTests(RemoteTestRunner.java:530) [.cp/:?]
	at org.eclipse.jdt.internal.junit.runner.RemoteTestRunner.runTests(RemoteTestRunner.java:758) [.cp/:?]
	at org.eclipse.jdt.internal.junit.runner.RemoteTestRunner.run(RemoteTestRunner.java:453) [.cp/:?]
	at org.eclipse.jdt.internal.junit.runner.RemoteTestRunner.main(RemoteTestRunner.java:211) [.cp/:?]
2025-12-30 03:11:58 INFO  === END   tests.productCardsTests.ProductCardElementsTests.cardValidation[Exp#9 [f1=1, f2=3, f3=3, f4=1, f5=3, f6=2, f7=1, f8=2]] ===
2025-12-30 03:11:58 INFO  === START tests.productCardsTests.ProductCardElementsTests.cardValidation[Exp#10 [f1=2, f2=1, f3=1, f4=3, f5=3, f6=2, f7=2, f8=1]] ===
2025-12-30 03:11:58 INFO  STEP: 📝 New input: Filling form fields.
2025-12-30 03:12:02 INFO  STEP: Card nuber 1 have a Thumbnail
2025-12-30 03:12:02 INFO  STEP: Card nuber 1 have a Title: Black Aluminium Cup
2025-12-30 03:12:02 INFO  STEP: Card nuber 1 have a Description: The Black Aluminium Cup is a stylish and durable cup suitable for both hot and cold beverages. Its sleek black design adds a modern touch to your drinkware collection.
2025-12-30 03:12:02 INFO  STEP: Card nuber 1 have a Price: 5.99
2025-12-30 03:12:03 INFO  STEP: Card nuber 1 have a Rating: 4.5
2025-12-30 03:12:03 ERROR STEP FAIL: Card nuber 1 dont have a Additional Images Button
2025-12-30 03:12:03 ERROR === FAIL  tests.productCardsTests.ProductCardElementsTests.cardValidation[Exp#10 [f1=2, f2=1, f3=1, f4=3, f5=3, f6=2, f7=2, f8=1]] ===
java.lang.AssertionError: Card nuber 1 dont have a Additional Images Button
	at org.junit.Assert.fail(Assert.java:89) ~[junit-4.13.jar:4.13]
	at org.junit.Assert.assertTrue(Assert.java:42) ~[junit-4.13.jar:4.13]
	at tests.BaseTest.checkTrue(BaseTest.java:92) ~[test-classes/:?]
	at tests.productCardsTests.ProductCardElementsTests.isThereAdditionalImageBtnInProductCard(ProductCardElementsTests.java:126) ~[test-classes/:?]
	at tests.productCardsTests.ProductCardElementsTests.cardValidation(ProductCardElementsTests.java:60) ~[test-classes/:?]
	at jdk.internal.reflect.DirectMethodHandleAccessor.invoke(DirectMethodHandleAccessor.java:103) ~[?:?]
	at java.lang.reflect.Method.invoke(Method.java:580) ~[?:?]
	at org.junit.runners.model.FrameworkMethod$1.runReflectiveCall(FrameworkMethod.java:59) ~[junit-4.13.jar:4.13]
	at org.junit.internal.runners.model.ReflectiveCallable.run(ReflectiveCallable.java:12) ~[junit-4.13.jar:4.13]
	at org.junit.runners.model.FrameworkMethod.invokeExplosively(FrameworkMethod.java:56) ~[junit-4.13.jar:4.13]
	at org.junit.internal.runners.statements.InvokeMethod.evaluate(InvokeMethod.java:17) ~[junit-4.13.jar:4.13]
	at org.junit.internal.runners.statements.RunBefores.evaluate(RunBefores.java:26) ~[junit-4.13.jar:4.13]
	at org.junit.internal.runners.statements.RunAfters.evaluate(RunAfters.java:27) ~[junit-4.13.jar:4.13]
	at org.junit.rules.TestWatcher$1.evaluate(TestWatcher.java:61) [junit-4.13.jar:4.13]
	at org.junit.runners.ParentRunner$3.evaluate(ParentRunner.java:306) [junit-4.13.jar:4.13]
	at org.junit.runners.BlockJUnit4ClassRunner$1.evaluate(BlockJUnit4ClassRunner.java:100) [junit-4.13.jar:4.13]
	at org.junit.runners.ParentRunner.runLeaf(ParentRunner.java:366) [junit-4.13.jar:4.13]
	at org.junit.runners.BlockJUnit4ClassRunner.runChild(BlockJUnit4ClassRunner.java:103) [junit-4.13.jar:4.13]
	at org.junit.runners.BlockJUnit4ClassRunner.runChild(BlockJUnit4ClassRunner.java:63) [junit-4.13.jar:4.13]
	at org.junit.runners.ParentRunner$4.run(ParentRunner.java:331) [junit-4.13.jar:4.13]
	at org.junit.runners.ParentRunner$1.schedule(ParentRunner.java:79) [junit-4.13.jar:4.13]
	at org.junit.runners.ParentRunner.runChildren(ParentRunner.java:329) [junit-4.13.jar:4.13]
	at org.junit.runners.ParentRunner.access$100(ParentRunner.java:66) [junit-4.13.jar:4.13]
	at org.junit.runners.ParentRunner$2.evaluate(ParentRunner.java:293) [junit-4.13.jar:4.13]
	at org.junit.runners.ParentRunner.run(ParentRunner.java:413) [junit-4.13.jar:4.13]
	at org.junit.runners.Suite.runChild(Suite.java:128) [junit-4.13.jar:4.13]
	at org.junit.runners.Suite.runChild(Suite.java:27) [junit-4.13.jar:4.13]
	at org.junit.runners.ParentRunner$4.run(ParentRunner.java:331) [junit-4.13.jar:4.13]
	at org.junit.runners.ParentRunner$1.schedule(ParentRunner.java:79) [junit-4.13.jar:4.13]
	at org.junit.runners.ParentRunner.runChildren(ParentRunner.java:329) [junit-4.13.jar:4.13]
	at org.junit.runners.ParentRunner.access$100(ParentRunner.java:66) [junit-4.13.jar:4.13]
	at org.junit.runners.ParentRunner$2.evaluate(ParentRunner.java:293) [junit-4.13.jar:4.13]
	at org.junit.internal.runners.statements.RunAfters.evaluate(RunAfters.java:27) [junit-4.13.jar:4.13]
	at org.junit.runners.ParentRunner$3.evaluate(ParentRunner.java:306) [junit-4.13.jar:4.13]
	at org.junit.runners.ParentRunner.run(ParentRunner.java:413) [junit-4.13.jar:4.13]
	at org.eclipse.jdt.internal.junit4.runner.JUnit4TestReference.run(JUnit4TestReference.java:93) [.cp/:?]
	at org.eclipse.jdt.internal.junit.runner.TestExecution.run(TestExecution.java:40) [.cp/:?]
	at org.eclipse.jdt.internal.junit.runner.RemoteTestRunner.runTests(RemoteTestRunner.java:530) [.cp/:?]
	at org.eclipse.jdt.internal.junit.runner.RemoteTestRunner.runTests(RemoteTestRunner.java:758) [.cp/:?]
	at org.eclipse.jdt.internal.junit.runner.RemoteTestRunner.run(RemoteTestRunner.java:453) [.cp/:?]
	at org.eclipse.jdt.internal.junit.runner.RemoteTestRunner.main(RemoteTestRunner.java:211) [.cp/:?]
2025-12-30 03:12:03 INFO  === END   tests.productCardsTests.ProductCardElementsTests.cardValidation[Exp#10 [f1=2, f2=1, f3=1, f4=3, f5=3, f6=2, f7=2, f8=1]] ===
2025-12-30 03:12:03 INFO  === START tests.productCardsTests.ProductCardElementsTests.cardValidation[Exp#11 [f1=2, f2=1, f3=2, f4=1, f5=1, f6=3, f7=3, f8=2]] ===
2025-12-30 03:12:03 INFO  STEP: 📝 New input: Filling form fields.
2025-12-30 03:12:06 INFO  STEP: Card nuber 1 have a Thumbnail
2025-12-30 03:12:06 INFO  STEP: Card nuber 1 have a Title: Black Aluminium Cup
2025-12-30 03:12:06 INFO  STEP: Card nuber 1 have a Description: The Black Aluminium Cup is a stylish and durable cup suitable for both hot and cold beverages. Its sleek black design adds a modern touch to your drinkware collection.
2025-12-30 03:12:06 INFO  STEP: Card nuber 1 have a Price: 5.99
2025-12-30 03:12:07 INFO  STEP: Card nuber 1 have a Rating: 4.5
2025-12-30 03:12:07 ERROR STEP FAIL: Card nuber 1 dont have a Additional Images Button
2025-12-30 03:12:07 ERROR === FAIL  tests.productCardsTests.ProductCardElementsTests.cardValidation[Exp#11 [f1=2, f2=1, f3=2, f4=1, f5=1, f6=3, f7=3, f8=2]] ===
java.lang.AssertionError: Card nuber 1 dont have a Additional Images Button
	at org.junit.Assert.fail(Assert.java:89) ~[junit-4.13.jar:4.13]
	at org.junit.Assert.assertTrue(Assert.java:42) ~[junit-4.13.jar:4.13]
	at tests.BaseTest.checkTrue(BaseTest.java:92) ~[test-classes/:?]
	at tests.productCardsTests.ProductCardElementsTests.isThereAdditionalImageBtnInProductCard(ProductCardElementsTests.java:126) ~[test-classes/:?]
	at tests.productCardsTests.ProductCardElementsTests.cardValidation(ProductCardElementsTests.java:60) ~[test-classes/:?]
	at jdk.internal.reflect.DirectMethodHandleAccessor.invoke(DirectMethodHandleAccessor.java:103) ~[?:?]
	at java.lang.reflect.Method.invoke(Method.java:580) ~[?:?]
	at org.junit.runners.model.FrameworkMethod$1.runReflectiveCall(FrameworkMethod.java:59) ~[junit-4.13.jar:4.13]
	at org.junit.internal.runners.model.ReflectiveCallable.run(ReflectiveCallable.java:12) ~[junit-4.13.jar:4.13]
	at org.junit.runners.model.FrameworkMethod.invokeExplosively(FrameworkMethod.java:56) ~[junit-4.13.jar:4.13]
	at org.junit.internal.runners.statements.InvokeMethod.evaluate(InvokeMethod.java:17) ~[junit-4.13.jar:4.13]
	at org.junit.internal.runners.statements.RunBefores.evaluate(RunBefores.java:26) ~[junit-4.13.jar:4.13]
	at org.junit.internal.runners.statements.RunAfters.evaluate(RunAfters.java:27) ~[junit-4.13.jar:4.13]
	at org.junit.rules.TestWatcher$1.evaluate(TestWatcher.java:61) [junit-4.13.jar:4.13]
	at org.junit.runners.ParentRunner$3.evaluate(ParentRunner.java:306) [junit-4.13.jar:4.13]
	at org.junit.runners.BlockJUnit4ClassRunner$1.evaluate(BlockJUnit4ClassRunner.java:100) [junit-4.13.jar:4.13]
	at org.junit.runners.ParentRunner.runLeaf(ParentRunner.java:366) [junit-4.13.jar:4.13]
	at org.junit.runners.BlockJUnit4ClassRunner.runChild(BlockJUnit4ClassRunner.java:103) [junit-4.13.jar:4.13]
	at org.junit.runners.BlockJUnit4ClassRunner.runChild(BlockJUnit4ClassRunner.java:63) [junit-4.13.jar:4.13]
	at org.junit.runners.ParentRunner$4.run(ParentRunner.java:331) [junit-4.13.jar:4.13]
	at org.junit.runners.ParentRunner$1.schedule(ParentRunner.java:79) [junit-4.13.jar:4.13]
	at org.junit.runners.ParentRunner.runChildren(ParentRunner.java:329) [junit-4.13.jar:4.13]
	at org.junit.runners.ParentRunner.access$100(ParentRunner.java:66) [junit-4.13.jar:4.13]
	at org.junit.runners.ParentRunner$2.evaluate(ParentRunner.java:293) [junit-4.13.jar:4.13]
	at org.junit.runners.ParentRunner.run(ParentRunner.java:413) [junit-4.13.jar:4.13]
	at org.junit.runners.Suite.runChild(Suite.java:128) [junit-4.13.jar:4.13]
	at org.junit.runners.Suite.runChild(Suite.java:27) [junit-4.13.jar:4.13]
	at org.junit.runners.ParentRunner$4.run(ParentRunner.java:331) [junit-4.13.jar:4.13]
	at org.junit.runners.ParentRunner$1.schedule(ParentRunner.java:79) [junit-4.13.jar:4.13]
	at org.junit.runners.ParentRunner.runChildren(ParentRunner.java:329) [junit-4.13.jar:4.13]
	at org.junit.runners.ParentRunner.access$100(ParentRunner.java:66) [junit-4.13.jar:4.13]
	at org.junit.runners.ParentRunner$2.evaluate(ParentRunner.java:293) [junit-4.13.jar:4.13]
	at org.junit.internal.runners.statements.RunAfters.evaluate(RunAfters.java:27) [junit-4.13.jar:4.13]
	at org.junit.runners.ParentRunner$3.evaluate(ParentRunner.java:306) [junit-4.13.jar:4.13]
	at org.junit.runners.ParentRunner.run(ParentRunner.java:413) [junit-4.13.jar:4.13]
	at org.eclipse.jdt.internal.junit4.runner.JUnit4TestReference.run(JUnit4TestReference.java:93) [.cp/:?]
	at org.eclipse.jdt.internal.junit.runner.TestExecution.run(TestExecution.java:40) [.cp/:?]
	at org.eclipse.jdt.internal.junit.runner.RemoteTestRunner.runTests(RemoteTestRunner.java:530) [.cp/:?]
	at org.eclipse.jdt.internal.junit.runner.RemoteTestRunner.runTests(RemoteTestRunner.java:758) [.cp/:?]
	at org.eclipse.jdt.internal.junit.runner.RemoteTestRunner.run(RemoteTestRunner.java:453) [.cp/:?]
	at org.eclipse.jdt.internal.junit.runner.RemoteTestRunner.main(RemoteTestRunner.java:211) [.cp/:?]
2025-12-30 03:12:07 INFO  === END   tests.productCardsTests.ProductCardElementsTests.cardValidation[Exp#11 [f1=2, f2=1, f3=2, f4=1, f5=1, f6=3, f7=3, f8=2]] ===
2025-12-30 03:12:07 INFO  === START tests.productCardsTests.ProductCardElementsTests.cardValidation[Exp#12 [f1=2, f2=1, f3=3, f4=2, f5=2, f6=1, f7=1, f8=3]] ===
2025-12-30 03:12:07 INFO  STEP: 📝 New input: Filling form fields.
2025-12-30 03:12:10 INFO  STEP: Card nuber 1 have a Thumbnail
2025-12-30 03:12:10 INFO  STEP: Card nuber 1 have a Title: Baseball Ball
2025-12-30 03:12:10 INFO  STEP: Card nuber 1 have a Description: The Baseball Ball is a standard baseball used in baseball games. It features a durable leather cover and is designed for pitching, hitting, and fielding in the game of baseball.
2025-12-30 03:12:10 INFO  STEP: Card nuber 1 have a Price: 8.99
2025-12-30 03:12:10 INFO  STEP: Card nuber 1 have a Rating: 2.6
2025-12-30 03:12:10 ERROR STEP FAIL: Card nuber 1 dont have a Additional Images Button
2025-12-30 03:12:10 ERROR === FAIL  tests.productCardsTests.ProductCardElementsTests.cardValidation[Exp#12 [f1=2, f2=1, f3=3, f4=2, f5=2, f6=1, f7=1, f8=3]] ===
java.lang.AssertionError: Card nuber 1 dont have a Additional Images Button
	at org.junit.Assert.fail(Assert.java:89) ~[junit-4.13.jar:4.13]
	at org.junit.Assert.assertTrue(Assert.java:42) ~[junit-4.13.jar:4.13]
	at tests.BaseTest.checkTrue(BaseTest.java:92) ~[test-classes/:?]
	at tests.productCardsTests.ProductCardElementsTests.isThereAdditionalImageBtnInProductCard(ProductCardElementsTests.java:126) ~[test-classes/:?]
	at tests.productCardsTests.ProductCardElementsTests.cardValidation(ProductCardElementsTests.java:60) ~[test-classes/:?]
	at jdk.internal.reflect.DirectMethodHandleAccessor.invoke(DirectMethodHandleAccessor.java:103) ~[?:?]
	at java.lang.reflect.Method.invoke(Method.java:580) ~[?:?]
	at org.junit.runners.model.FrameworkMethod$1.runReflectiveCall(FrameworkMethod.java:59) ~[junit-4.13.jar:4.13]
	at org.junit.internal.runners.model.ReflectiveCallable.run(ReflectiveCallable.java:12) ~[junit-4.13.jar:4.13]
	at org.junit.runners.model.FrameworkMethod.invokeExplosively(FrameworkMethod.java:56) ~[junit-4.13.jar:4.13]
	at org.junit.internal.runners.statements.InvokeMethod.evaluate(InvokeMethod.java:17) ~[junit-4.13.jar:4.13]
	at org.junit.internal.runners.statements.RunBefores.evaluate(RunBefores.java:26) ~[junit-4.13.jar:4.13]
	at org.junit.internal.runners.statements.RunAfters.evaluate(RunAfters.java:27) ~[junit-4.13.jar:4.13]
	at org.junit.rules.TestWatcher$1.evaluate(TestWatcher.java:61) [junit-4.13.jar:4.13]
	at org.junit.runners.ParentRunner$3.evaluate(ParentRunner.java:306) [junit-4.13.jar:4.13]
	at org.junit.runners.BlockJUnit4ClassRunner$1.evaluate(BlockJUnit4ClassRunner.java:100) [junit-4.13.jar:4.13]
	at org.junit.runners.ParentRunner.runLeaf(ParentRunner.java:366) [junit-4.13.jar:4.13]
	at org.junit.runners.BlockJUnit4ClassRunner.runChild(BlockJUnit4ClassRunner.java:103) [junit-4.13.jar:4.13]
	at org.junit.runners.BlockJUnit4ClassRunner.runChild(BlockJUnit4ClassRunner.java:63) [junit-4.13.jar:4.13]
	at org.junit.runners.ParentRunner$4.run(ParentRunner.java:331) [junit-4.13.jar:4.13]
	at org.junit.runners.ParentRunner$1.schedule(ParentRunner.java:79) [junit-4.13.jar:4.13]
	at org.junit.runners.ParentRunner.runChildren(ParentRunner.java:329) [junit-4.13.jar:4.13]
	at org.junit.runners.ParentRunner.access$100(ParentRunner.java:66) [junit-4.13.jar:4.13]
	at org.junit.runners.ParentRunner$2.evaluate(ParentRunner.java:293) [junit-4.13.jar:4.13]
	at org.junit.runners.ParentRunner.run(ParentRunner.java:413) [junit-4.13.jar:4.13]
	at org.junit.runners.Suite.runChild(Suite.java:128) [junit-4.13.jar:4.13]
	at org.junit.runners.Suite.runChild(Suite.java:27) [junit-4.13.jar:4.13]
	at org.junit.runners.ParentRunner$4.run(ParentRunner.java:331) [junit-4.13.jar:4.13]
	at org.junit.runners.ParentRunner$1.schedule(ParentRunner.java:79) [junit-4.13.jar:4.13]
	at org.junit.runners.ParentRunner.runChildren(ParentRunner.java:329) [junit-4.13.jar:4.13]
	at org.junit.runners.ParentRunner.access$100(ParentRunner.java:66) [junit-4.13.jar:4.13]
	at org.junit.runners.ParentRunner$2.evaluate(ParentRunner.java:293) [junit-4.13.jar:4.13]
	at org.junit.internal.runners.statements.RunAfters.evaluate(RunAfters.java:27) [junit-4.13.jar:4.13]
	at org.junit.runners.ParentRunner$3.evaluate(ParentRunner.java:306) [junit-4.13.jar:4.13]
	at org.junit.runners.ParentRunner.run(ParentRunner.java:413) [junit-4.13.jar:4.13]
	at org.eclipse.jdt.internal.junit4.runner.JUnit4TestReference.run(JUnit4TestReference.java:93) [.cp/:?]
	at org.eclipse.jdt.internal.junit.runner.TestExecution.run(TestExecution.java:40) [.cp/:?]
	at org.eclipse.jdt.internal.junit.runner.RemoteTestRunner.runTests(RemoteTestRunner.java:530) [.cp/:?]
	at org.eclipse.jdt.internal.junit.runner.RemoteTestRunner.runTests(RemoteTestRunner.java:758) [.cp/:?]
	at org.eclipse.jdt.internal.junit.runner.RemoteTestRunner.run(RemoteTestRunner.java:453) [.cp/:?]
	at org.eclipse.jdt.internal.junit.runner.RemoteTestRunner.main(RemoteTestRunner.java:211) [.cp/:?]
2025-12-30 03:12:10 INFO  === END   tests.productCardsTests.ProductCardElementsTests.cardValidation[Exp#12 [f1=2, f2=1, f3=3, f4=2, f5=2, f6=1, f7=1, f8=3]] ===
2025-12-30 03:12:10 INFO  === START tests.productCardsTests.ProductCardElementsTests.cardValidation[Exp#13 [f1=2, f2=2, f3=1, f4=2, f5=3, f6=1, f7=3, f8=2]] ===
2025-12-30 03:12:10 INFO  STEP: 📝 New input: Filling form fields.
2025-12-30 03:12:14 INFO  STEP: Card nuber 1 have a Thumbnail
2025-12-30 03:12:14 INFO  STEP: Card nuber 1 have a Title: Baseball Ball
2025-12-30 03:12:14 INFO  STEP: Card nuber 1 have a Description: The Baseball Ball is a standard baseball used in baseball games. It features a durable leather cover and is designed for pitching, hitting, and fielding in the game of baseball.
2025-12-30 03:12:14 INFO  STEP: Card nuber 1 have a Price: 8.99
2025-12-30 03:12:14 INFO  STEP: Card nuber 1 have a Rating: 2.6
2025-12-30 03:12:14 ERROR STEP FAIL: Card nuber 1 dont have a Additional Images Button
2025-12-30 03:12:14 ERROR === FAIL  tests.productCardsTests.ProductCardElementsTests.cardValidation[Exp#13 [f1=2, f2=2, f3=1, f4=2, f5=3, f6=1, f7=3, f8=2]] ===
java.lang.AssertionError: Card nuber 1 dont have a Additional Images Button
	at org.junit.Assert.fail(Assert.java:89) ~[junit-4.13.jar:4.13]
	at org.junit.Assert.assertTrue(Assert.java:42) ~[junit-4.13.jar:4.13]
	at tests.BaseTest.checkTrue(BaseTest.java:92) ~[test-classes/:?]
	at tests.productCardsTests.ProductCardElementsTests.isThereAdditionalImageBtnInProductCard(ProductCardElementsTests.java:126) ~[test-classes/:?]
	at tests.productCardsTests.ProductCardElementsTests.cardValidation(ProductCardElementsTests.java:60) ~[test-classes/:?]
	at jdk.internal.reflect.DirectMethodHandleAccessor.invoke(DirectMethodHandleAccessor.java:103) ~[?:?]
	at java.lang.reflect.Method.invoke(Method.java:580) ~[?:?]
	at org.junit.runners.model.FrameworkMethod$1.runReflectiveCall(FrameworkMethod.java:59) ~[junit-4.13.jar:4.13]
	at org.junit.internal.runners.model.ReflectiveCallable.run(ReflectiveCallable.java:12) ~[junit-4.13.jar:4.13]
	at org.junit.runners.model.FrameworkMethod.invokeExplosively(FrameworkMethod.java:56) ~[junit-4.13.jar:4.13]
	at org.junit.internal.runners.statements.InvokeMethod.evaluate(InvokeMethod.java:17) ~[junit-4.13.jar:4.13]
	at org.junit.internal.runners.statements.RunBefores.evaluate(RunBefores.java:26) ~[junit-4.13.jar:4.13]
	at org.junit.internal.runners.statements.RunAfters.evaluate(RunAfters.java:27) ~[junit-4.13.jar:4.13]
	at org.junit.rules.TestWatcher$1.evaluate(TestWatcher.java:61) [junit-4.13.jar:4.13]
	at org.junit.runners.ParentRunner$3.evaluate(ParentRunner.java:306) [junit-4.13.jar:4.13]
	at org.junit.runners.BlockJUnit4ClassRunner$1.evaluate(BlockJUnit4ClassRunner.java:100) [junit-4.13.jar:4.13]
	at org.junit.runners.ParentRunner.runLeaf(ParentRunner.java:366) [junit-4.13.jar:4.13]
	at org.junit.runners.BlockJUnit4ClassRunner.runChild(BlockJUnit4ClassRunner.java:103) [junit-4.13.jar:4.13]
	at org.junit.runners.BlockJUnit4ClassRunner.runChild(BlockJUnit4ClassRunner.java:63) [junit-4.13.jar:4.13]
	at org.junit.runners.ParentRunner$4.run(ParentRunner.java:331) [junit-4.13.jar:4.13]
	at org.junit.runners.ParentRunner$1.schedule(ParentRunner.java:79) [junit-4.13.jar:4.13]
	at org.junit.runners.ParentRunner.runChildren(ParentRunner.java:329) [junit-4.13.jar:4.13]
	at org.junit.runners.ParentRunner.access$100(ParentRunner.java:66) [junit-4.13.jar:4.13]
	at org.junit.runners.ParentRunner$2.evaluate(ParentRunner.java:293) [junit-4.13.jar:4.13]
	at org.junit.runners.ParentRunner.run(ParentRunner.java:413) [junit-4.13.jar:4.13]
	at org.junit.runners.Suite.runChild(Suite.java:128) [junit-4.13.jar:4.13]
	at org.junit.runners.Suite.runChild(Suite.java:27) [junit-4.13.jar:4.13]
	at org.junit.runners.ParentRunner$4.run(ParentRunner.java:331) [junit-4.13.jar:4.13]
	at org.junit.runners.ParentRunner$1.schedule(ParentRunner.java:79) [junit-4.13.jar:4.13]
	at org.junit.runners.ParentRunner.runChildren(ParentRunner.java:329) [junit-4.13.jar:4.13]
	at org.junit.runners.ParentRunner.access$100(ParentRunner.java:66) [junit-4.13.jar:4.13]
	at org.junit.runners.ParentRunner$2.evaluate(ParentRunner.java:293) [junit-4.13.jar:4.13]
	at org.junit.internal.runners.statements.RunAfters.evaluate(RunAfters.java:27) [junit-4.13.jar:4.13]
	at org.junit.runners.ParentRunner$3.evaluate(ParentRunner.java:306) [junit-4.13.jar:4.13]
	at org.junit.runners.ParentRunner.run(ParentRunner.java:413) [junit-4.13.jar:4.13]
	at org.eclipse.jdt.internal.junit4.runner.JUnit4TestReference.run(JUnit4TestReference.java:93) [.cp/:?]
	at org.eclipse.jdt.internal.junit.runner.TestExecution.run(TestExecution.java:40) [.cp/:?]
	at org.eclipse.jdt.internal.junit.runner.RemoteTestRunner.runTests(RemoteTestRunner.java:530) [.cp/:?]
	at org.eclipse.jdt.internal.junit.runner.RemoteTestRunner.runTests(RemoteTestRunner.java:758) [.cp/:?]
	at org.eclipse.jdt.internal.junit.runner.RemoteTestRunner.run(RemoteTestRunner.java:453) [.cp/:?]
	at org.eclipse.jdt.internal.junit.runner.RemoteTestRunner.main(RemoteTestRunner.java:211) [.cp/:?]
2025-12-30 03:12:14 INFO  === END   tests.productCardsTests.ProductCardElementsTests.cardValidation[Exp#13 [f1=2, f2=2, f3=1, f4=2, f5=3, f6=1, f7=3, f8=2]] ===
2025-12-30 03:12:14 INFO  === START tests.productCardsTests.ProductCardElementsTests.cardValidation[Exp#14 [f1=2, f2=2, f3=2, f4=3, f5=1, f6=2, f7=1, f8=3]] ===
2025-12-30 03:12:14 INFO  STEP: 📝 New input: Filling form fields.
2025-12-30 03:12:17 INFO  STEP: Card nuber 1 have a Thumbnail
2025-12-30 03:12:17 INFO  STEP: Card nuber 1 have a Title: Vivo S1
2025-12-30 03:12:17 INFO  STEP: Card nuber 1 have a Description: The Vivo S1 is a stylish and mid-range smartphone offering a blend of design and performance. It features a vibrant display, capable camera system, and reliable functionality.
2025-12-30 03:12:18 INFO  STEP: Card nuber 1 have a Price: 249.99
2025-12-30 03:12:18 INFO  STEP: Card nuber 1 have a Rating: 3.5
2025-12-30 03:12:18 ERROR STEP FAIL: Card nuber 1 dont have a Additional Images Button
2025-12-30 03:12:18 ERROR === FAIL  tests.productCardsTests.ProductCardElementsTests.cardValidation[Exp#14 [f1=2, f2=2, f3=2, f4=3, f5=1, f6=2, f7=1, f8=3]] ===
java.lang.AssertionError: Card nuber 1 dont have a Additional Images Button
	at org.junit.Assert.fail(Assert.java:89) ~[junit-4.13.jar:4.13]
	at org.junit.Assert.assertTrue(Assert.java:42) ~[junit-4.13.jar:4.13]
	at tests.BaseTest.checkTrue(BaseTest.java:92) ~[test-classes/:?]
	at tests.productCardsTests.ProductCardElementsTests.isThereAdditionalImageBtnInProductCard(ProductCardElementsTests.java:126) ~[test-classes/:?]
	at tests.productCardsTests.ProductCardElementsTests.cardValidation(ProductCardElementsTests.java:60) ~[test-classes/:?]
	at jdk.internal.reflect.DirectMethodHandleAccessor.invoke(DirectMethodHandleAccessor.java:103) ~[?:?]
	at java.lang.reflect.Method.invoke(Method.java:580) ~[?:?]
	at org.junit.runners.model.FrameworkMethod$1.runReflectiveCall(FrameworkMethod.java:59) ~[junit-4.13.jar:4.13]
	at org.junit.internal.runners.model.ReflectiveCallable.run(ReflectiveCallable.java:12) ~[junit-4.13.jar:4.13]
	at org.junit.runners.model.FrameworkMethod.invokeExplosively(FrameworkMethod.java:56) ~[junit-4.13.jar:4.13]
	at org.junit.internal.runners.statements.InvokeMethod.evaluate(InvokeMethod.java:17) ~[junit-4.13.jar:4.13]
	at org.junit.internal.runners.statements.RunBefores.evaluate(RunBefores.java:26) ~[junit-4.13.jar:4.13]
	at org.junit.internal.runners.statements.RunAfters.evaluate(RunAfters.java:27) ~[junit-4.13.jar:4.13]
	at org.junit.rules.TestWatcher$1.evaluate(TestWatcher.java:61) [junit-4.13.jar:4.13]
	at org.junit.runners.ParentRunner$3.evaluate(ParentRunner.java:306) [junit-4.13.jar:4.13]
	at org.junit.runners.BlockJUnit4ClassRunner$1.evaluate(BlockJUnit4ClassRunner.java:100) [junit-4.13.jar:4.13]
	at org.junit.runners.ParentRunner.runLeaf(ParentRunner.java:366) [junit-4.13.jar:4.13]
	at org.junit.runners.BlockJUnit4ClassRunner.runChild(BlockJUnit4ClassRunner.java:103) [junit-4.13.jar:4.13]
	at org.junit.runners.BlockJUnit4ClassRunner.runChild(BlockJUnit4ClassRunner.java:63) [junit-4.13.jar:4.13]
	at org.junit.runners.ParentRunner$4.run(ParentRunner.java:331) [junit-4.13.jar:4.13]
	at org.junit.runners.ParentRunner$1.schedule(ParentRunner.java:79) [junit-4.13.jar:4.13]
	at org.junit.runners.ParentRunner.runChildren(ParentRunner.java:329) [junit-4.13.jar:4.13]
	at org.junit.runners.ParentRunner.access$100(ParentRunner.java:66) [junit-4.13.jar:4.13]
	at org.junit.runners.ParentRunner$2.evaluate(ParentRunner.java:293) [junit-4.13.jar:4.13]
	at org.junit.runners.ParentRunner.run(ParentRunner.java:413) [junit-4.13.jar:4.13]
	at org.junit.runners.Suite.runChild(Suite.java:128) [junit-4.13.jar:4.13]
	at org.junit.runners.Suite.runChild(Suite.java:27) [junit-4.13.jar:4.13]
	at org.junit.runners.ParentRunner$4.run(ParentRunner.java:331) [junit-4.13.jar:4.13]
	at org.junit.runners.ParentRunner$1.schedule(ParentRunner.java:79) [junit-4.13.jar:4.13]
	at org.junit.runners.ParentRunner.runChildren(ParentRunner.java:329) [junit-4.13.jar:4.13]
	at org.junit.runners.ParentRunner.access$100(ParentRunner.java:66) [junit-4.13.jar:4.13]
	at org.junit.runners.ParentRunner$2.evaluate(ParentRunner.java:293) [junit-4.13.jar:4.13]
	at org.junit.internal.runners.statements.RunAfters.evaluate(RunAfters.java:27) [junit-4.13.jar:4.13]
	at org.junit.runners.ParentRunner$3.evaluate(ParentRunner.java:306) [junit-4.13.jar:4.13]
	at org.junit.runners.ParentRunner.run(ParentRunner.java:413) [junit-4.13.jar:4.13]
	at org.eclipse.jdt.internal.junit4.runner.JUnit4TestReference.run(JUnit4TestReference.java:93) [.cp/:?]
	at org.eclipse.jdt.internal.junit.runner.TestExecution.run(TestExecution.java:40) [.cp/:?]
	at org.eclipse.jdt.internal.junit.runner.RemoteTestRunner.runTests(RemoteTestRunner.java:530) [.cp/:?]
	at org.eclipse.jdt.internal.junit.runner.RemoteTestRunner.runTests(RemoteTestRunner.java:758) [.cp/:?]
	at org.eclipse.jdt.internal.junit.runner.RemoteTestRunner.run(RemoteTestRunner.java:453) [.cp/:?]
	at org.eclipse.jdt.internal.junit.runner.RemoteTestRunner.main(RemoteTestRunner.java:211) [.cp/:?]
2025-12-30 03:12:18 INFO  === END   tests.productCardsTests.ProductCardElementsTests.cardValidation[Exp#14 [f1=2, f2=2, f3=2, f4=3, f5=1, f6=2, f7=1, f8=3]] ===
2025-12-30 03:12:18 INFO  === START tests.productCardsTests.ProductCardElementsTests.cardValidation[Exp#15 [f1=2, f2=2, f3=3, f4=1, f5=2, f6=3, f7=2, f8=1]] ===
2025-12-30 03:12:18 INFO  STEP: 📝 New input: Filling form fields.
2025-12-30 03:12:21 INFO  STEP: Card nuber 1 have a Thumbnail
2025-12-30 03:12:21 INFO  STEP: Card nuber 1 have a Title: Scooter Motorcycle
2025-12-30 03:12:21 INFO  STEP: Card nuber 1 have a Description: The Scooter Motorcycle is a practical and fuel-efficient bike ideal for urban commuting. It features a step-through design and user-friendly controls for easy maneuverability.
2025-12-30 03:12:21 INFO  STEP: Card nuber 1 have a Price: 2999.99
2025-12-30 03:12:21 INFO  STEP: Card nuber 1 have a Rating: 2.5
2025-12-30 03:12:21 ERROR STEP FAIL: Card nuber 1 dont have a Additional Images Button
2025-12-30 03:12:21 ERROR === FAIL  tests.productCardsTests.ProductCardElementsTests.cardValidation[Exp#15 [f1=2, f2=2, f3=3, f4=1, f5=2, f6=3, f7=2, f8=1]] ===
java.lang.AssertionError: Card nuber 1 dont have a Additional Images Button
	at org.junit.Assert.fail(Assert.java:89) ~[junit-4.13.jar:4.13]
	at org.junit.Assert.assertTrue(Assert.java:42) ~[junit-4.13.jar:4.13]
	at tests.BaseTest.checkTrue(BaseTest.java:92) ~[test-classes/:?]
	at tests.productCardsTests.ProductCardElementsTests.isThereAdditionalImageBtnInProductCard(ProductCardElementsTests.java:126) ~[test-classes/:?]
	at tests.productCardsTests.ProductCardElementsTests.cardValidation(ProductCardElementsTests.java:60) ~[test-classes/:?]
	at jdk.internal.reflect.DirectMethodHandleAccessor.invoke(DirectMethodHandleAccessor.java:103) ~[?:?]
	at java.lang.reflect.Method.invoke(Method.java:580) ~[?:?]
	at org.junit.runners.model.FrameworkMethod$1.runReflectiveCall(FrameworkMethod.java:59) ~[junit-4.13.jar:4.13]
	at org.junit.internal.runners.model.ReflectiveCallable.run(ReflectiveCallable.java:12) ~[junit-4.13.jar:4.13]
	at org.junit.runners.model.FrameworkMethod.invokeExplosively(FrameworkMethod.java:56) ~[junit-4.13.jar:4.13]
	at org.junit.internal.runners.statements.InvokeMethod.evaluate(InvokeMethod.java:17) ~[junit-4.13.jar:4.13]
	at org.junit.internal.runners.statements.RunBefores.evaluate(RunBefores.java:26) ~[junit-4.13.jar:4.13]
	at org.junit.internal.runners.statements.RunAfters.evaluate(RunAfters.java:27) ~[junit-4.13.jar:4.13]
	at org.junit.rules.TestWatcher$1.evaluate(TestWatcher.java:61) [junit-4.13.jar:4.13]
	at org.junit.runners.ParentRunner$3.evaluate(ParentRunner.java:306) [junit-4.13.jar:4.13]
	at org.junit.runners.BlockJUnit4ClassRunner$1.evaluate(BlockJUnit4ClassRunner.java:100) [junit-4.13.jar:4.13]
	at org.junit.runners.ParentRunner.runLeaf(ParentRunner.java:366) [junit-4.13.jar:4.13]
	at org.junit.runners.BlockJUnit4ClassRunner.runChild(BlockJUnit4ClassRunner.java:103) [junit-4.13.jar:4.13]
	at org.junit.runners.BlockJUnit4ClassRunner.runChild(BlockJUnit4ClassRunner.java:63) [junit-4.13.jar:4.13]
	at org.junit.runners.ParentRunner$4.run(ParentRunner.java:331) [junit-4.13.jar:4.13]
	at org.junit.runners.ParentRunner$1.schedule(ParentRunner.java:79) [junit-4.13.jar:4.13]
	at org.junit.runners.ParentRunner.runChildren(ParentRunner.java:329) [junit-4.13.jar:4.13]
	at org.junit.runners.ParentRunner.access$100(ParentRunner.java:66) [junit-4.13.jar:4.13]
	at org.junit.runners.ParentRunner$2.evaluate(ParentRunner.java:293) [junit-4.13.jar:4.13]
	at org.junit.runners.ParentRunner.run(ParentRunner.java:413) [junit-4.13.jar:4.13]
	at org.junit.runners.Suite.runChild(Suite.java:128) [junit-4.13.jar:4.13]
	at org.junit.runners.Suite.runChild(Suite.java:27) [junit-4.13.jar:4.13]
	at org.junit.runners.ParentRunner$4.run(ParentRunner.java:331) [junit-4.13.jar:4.13]
	at org.junit.runners.ParentRunner$1.schedule(ParentRunner.java:79) [junit-4.13.jar:4.13]
	at org.junit.runners.ParentRunner.runChildren(ParentRunner.java:329) [junit-4.13.jar:4.13]
	at org.junit.runners.ParentRunner.access$100(ParentRunner.java:66) [junit-4.13.jar:4.13]
	at org.junit.runners.ParentRunner$2.evaluate(ParentRunner.java:293) [junit-4.13.jar:4.13]
	at org.junit.internal.runners.statements.RunAfters.evaluate(RunAfters.java:27) [junit-4.13.jar:4.13]
	at org.junit.runners.ParentRunner$3.evaluate(ParentRunner.java:306) [junit-4.13.jar:4.13]
	at org.junit.runners.ParentRunner.run(ParentRunner.java:413) [junit-4.13.jar:4.13]
	at org.eclipse.jdt.internal.junit4.runner.JUnit4TestReference.run(JUnit4TestReference.java:93) [.cp/:?]
	at org.eclipse.jdt.internal.junit.runner.TestExecution.run(TestExecution.java:40) [.cp/:?]
	at org.eclipse.jdt.internal.junit.runner.RemoteTestRunner.runTests(RemoteTestRunner.java:530) [.cp/:?]
	at org.eclipse.jdt.internal.junit.runner.RemoteTestRunner.runTests(RemoteTestRunner.java:758) [.cp/:?]
	at org.eclipse.jdt.internal.junit.runner.RemoteTestRunner.run(RemoteTestRunner.java:453) [.cp/:?]
	at org.eclipse.jdt.internal.junit.runner.RemoteTestRunner.main(RemoteTestRunner.java:211) [.cp/:?]
2025-12-30 03:12:21 INFO  === END   tests.productCardsTests.ProductCardElementsTests.cardValidation[Exp#15 [f1=2, f2=2, f3=3, f4=1, f5=2, f6=3, f7=2, f8=1]] ===
2025-12-30 03:12:21 INFO  === START tests.productCardsTests.ProductCardElementsTests.cardValidation[Exp#16 [f1=2, f2=3, f3=1, f4=3, f5=2, f6=3, f7=1, f8=2]] ===
2025-12-30 03:12:21 INFO  STEP: 📝 New input: Filling form fields.
2025-12-30 03:12:25 INFO  STEP: Card nuber 1 have a Thumbnail
2025-12-30 03:12:25 INFO  STEP: Card nuber 1 have a Title: iPhone 5s
2025-12-30 03:12:25 INFO  STEP: Card nuber 1 have a Description: The iPhone 5s is a classic smartphone known for its compact design and advanced features during its release. While it's an older model, it still provides a reliable user experience.
2025-12-30 03:12:25 INFO  STEP: Card nuber 1 have a Price: 199.99
2025-12-30 03:12:25 INFO  STEP: Card nuber 1 have a Rating: 2.8
2025-12-30 03:12:25 ERROR STEP FAIL: Card nuber 1 dont have a Additional Images Button
2025-12-30 03:12:25 ERROR === FAIL  tests.productCardsTests.ProductCardElementsTests.cardValidation[Exp#16 [f1=2, f2=3, f3=1, f4=3, f5=2, f6=3, f7=1, f8=2]] ===
java.lang.AssertionError: Card nuber 1 dont have a Additional Images Button
	at org.junit.Assert.fail(Assert.java:89) ~[junit-4.13.jar:4.13]
	at org.junit.Assert.assertTrue(Assert.java:42) ~[junit-4.13.jar:4.13]
	at tests.BaseTest.checkTrue(BaseTest.java:92) ~[test-classes/:?]
	at tests.productCardsTests.ProductCardElementsTests.isThereAdditionalImageBtnInProductCard(ProductCardElementsTests.java:126) ~[test-classes/:?]
	at tests.productCardsTests.ProductCardElementsTests.cardValidation(ProductCardElementsTests.java:60) ~[test-classes/:?]
	at jdk.internal.reflect.DirectMethodHandleAccessor.invoke(DirectMethodHandleAccessor.java:103) ~[?:?]
	at java.lang.reflect.Method.invoke(Method.java:580) ~[?:?]
	at org.junit.runners.model.FrameworkMethod$1.runReflectiveCall(FrameworkMethod.java:59) ~[junit-4.13.jar:4.13]
	at org.junit.internal.runners.model.ReflectiveCallable.run(ReflectiveCallable.java:12) ~[junit-4.13.jar:4.13]
	at org.junit.runners.model.FrameworkMethod.invokeExplosively(FrameworkMethod.java:56) ~[junit-4.13.jar:4.13]
	at org.junit.internal.runners.statements.InvokeMethod.evaluate(InvokeMethod.java:17) ~[junit-4.13.jar:4.13]
	at org.junit.internal.runners.statements.RunBefores.evaluate(RunBefores.java:26) ~[junit-4.13.jar:4.13]
	at org.junit.internal.runners.statements.RunAfters.evaluate(RunAfters.java:27) ~[junit-4.13.jar:4.13]
	at org.junit.rules.TestWatcher$1.evaluate(TestWatcher.java:61) [junit-4.13.jar:4.13]
	at org.junit.runners.ParentRunner$3.evaluate(ParentRunner.java:306) [junit-4.13.jar:4.13]
	at org.junit.runners.BlockJUnit4ClassRunner$1.evaluate(BlockJUnit4ClassRunner.java:100) [junit-4.13.jar:4.13]
	at org.junit.runners.ParentRunner.runLeaf(ParentRunner.java:366) [junit-4.13.jar:4.13]
	at org.junit.runners.BlockJUnit4ClassRunner.runChild(BlockJUnit4ClassRunner.java:103) [junit-4.13.jar:4.13]
	at org.junit.runners.BlockJUnit4ClassRunner.runChild(BlockJUnit4ClassRunner.java:63) [junit-4.13.jar:4.13]
	at org.junit.runners.ParentRunner$4.run(ParentRunner.java:331) [junit-4.13.jar:4.13]
	at org.junit.runners.ParentRunner$1.schedule(ParentRunner.java:79) [junit-4.13.jar:4.13]
	at org.junit.runners.ParentRunner.runChildren(ParentRunner.java:329) [junit-4.13.jar:4.13]
	at org.junit.runners.ParentRunner.access$100(ParentRunner.java:66) [junit-4.13.jar:4.13]
	at org.junit.runners.ParentRunner$2.evaluate(ParentRunner.java:293) [junit-4.13.jar:4.13]
	at org.junit.runners.ParentRunner.run(ParentRunner.java:413) [junit-4.13.jar:4.13]
	at org.junit.runners.Suite.runChild(Suite.java:128) [junit-4.13.jar:4.13]
	at org.junit.runners.Suite.runChild(Suite.java:27) [junit-4.13.jar:4.13]
	at org.junit.runners.ParentRunner$4.run(ParentRunner.java:331) [junit-4.13.jar:4.13]
	at org.junit.runners.ParentRunner$1.schedule(ParentRunner.java:79) [junit-4.13.jar:4.13]
	at org.junit.runners.ParentRunner.runChildren(ParentRunner.java:329) [junit-4.13.jar:4.13]
	at org.junit.runners.ParentRunner.access$100(ParentRunner.java:66) [junit-4.13.jar:4.13]
	at org.junit.runners.ParentRunner$2.evaluate(ParentRunner.java:293) [junit-4.13.jar:4.13]
	at org.junit.internal.runners.statements.RunAfters.evaluate(RunAfters.java:27) [junit-4.13.jar:4.13]
	at org.junit.runners.ParentRunner$3.evaluate(ParentRunner.java:306) [junit-4.13.jar:4.13]
	at org.junit.runners.ParentRunner.run(ParentRunner.java:413) [junit-4.13.jar:4.13]
	at org.eclipse.jdt.internal.junit4.runner.JUnit4TestReference.run(JUnit4TestReference.java:93) [.cp/:?]
	at org.eclipse.jdt.internal.junit.runner.TestExecution.run(TestExecution.java:40) [.cp/:?]
	at org.eclipse.jdt.internal.junit.runner.RemoteTestRunner.runTests(RemoteTestRunner.java:530) [.cp/:?]
	at org.eclipse.jdt.internal.junit.runner.RemoteTestRunner.runTests(RemoteTestRunner.java:758) [.cp/:?]
	at org.eclipse.jdt.internal.junit.runner.RemoteTestRunner.run(RemoteTestRunner.java:453) [.cp/:?]
	at org.eclipse.jdt.internal.junit.runner.RemoteTestRunner.main(RemoteTestRunner.java:211) [.cp/:?]
2025-12-30 03:12:25 INFO  === END   tests.productCardsTests.ProductCardElementsTests.cardValidation[Exp#16 [f1=2, f2=3, f3=1, f4=3, f5=2, f6=3, f7=1, f8=2]] ===
2025-12-30 03:12:25 INFO  === START tests.productCardsTests.ProductCardElementsTests.cardValidation[Exp#17 [f1=2, f2=3, f3=2, f4=1, f5=3, f6=1, f7=2, f8=3]] ===
2025-12-30 03:12:25 INFO  STEP: 📝 New input: Filling form fields.
2025-12-30 03:12:29 INFO  STEP: Card nuber 1 have a Thumbnail
2025-12-30 03:12:29 INFO  STEP: Card nuber 1 have a Title: Samsung Galaxy Tab White
2025-12-30 03:12:29 INFO  STEP: Card nuber 1 have a Description: The Samsung Galaxy Tab in White is a sleek and versatile Android tablet. With a vibrant display, long-lasting battery, and a range of features, it offers a great user experience for various tasks.
2025-12-30 03:12:29 INFO  STEP: Card nuber 1 have a Price: 349.99
2025-12-30 03:12:29 INFO  STEP: Card nuber 1 have a Rating: 3.7
2025-12-30 03:12:29 ERROR STEP FAIL: Card nuber 1 dont have a Additional Images Button
2025-12-30 03:12:29 ERROR === FAIL  tests.productCardsTests.ProductCardElementsTests.cardValidation[Exp#17 [f1=2, f2=3, f3=2, f4=1, f5=3, f6=1, f7=2, f8=3]] ===
java.lang.AssertionError: Card nuber 1 dont have a Additional Images Button
	at org.junit.Assert.fail(Assert.java:89) ~[junit-4.13.jar:4.13]
	at org.junit.Assert.assertTrue(Assert.java:42) ~[junit-4.13.jar:4.13]
	at tests.BaseTest.checkTrue(BaseTest.java:92) ~[test-classes/:?]
	at tests.productCardsTests.ProductCardElementsTests.isThereAdditionalImageBtnInProductCard(ProductCardElementsTests.java:126) ~[test-classes/:?]
	at tests.productCardsTests.ProductCardElementsTests.cardValidation(ProductCardElementsTests.java:60) ~[test-classes/:?]
	at jdk.internal.reflect.DirectMethodHandleAccessor.invoke(DirectMethodHandleAccessor.java:103) ~[?:?]
	at java.lang.reflect.Method.invoke(Method.java:580) ~[?:?]
	at org.junit.runners.model.FrameworkMethod$1.runReflectiveCall(FrameworkMethod.java:59) ~[junit-4.13.jar:4.13]
	at org.junit.internal.runners.model.ReflectiveCallable.run(ReflectiveCallable.java:12) ~[junit-4.13.jar:4.13]
	at org.junit.runners.model.FrameworkMethod.invokeExplosively(FrameworkMethod.java:56) ~[junit-4.13.jar:4.13]
	at org.junit.internal.runners.statements.InvokeMethod.evaluate(InvokeMethod.java:17) ~[junit-4.13.jar:4.13]
	at org.junit.internal.runners.statements.RunBefores.evaluate(RunBefores.java:26) ~[junit-4.13.jar:4.13]
	at org.junit.internal.runners.statements.RunAfters.evaluate(RunAfters.java:27) ~[junit-4.13.jar:4.13]
	at org.junit.rules.TestWatcher$1.evaluate(TestWatcher.java:61) [junit-4.13.jar:4.13]
	at org.junit.runners.ParentRunner$3.evaluate(ParentRunner.java:306) [junit-4.13.jar:4.13]
	at org.junit.runners.BlockJUnit4ClassRunner$1.evaluate(BlockJUnit4ClassRunner.java:100) [junit-4.13.jar:4.13]
	at org.junit.runners.ParentRunner.runLeaf(ParentRunner.java:366) [junit-4.13.jar:4.13]
	at org.junit.runners.BlockJUnit4ClassRunner.runChild(BlockJUnit4ClassRunner.java:103) [junit-4.13.jar:4.13]
	at org.junit.runners.BlockJUnit4ClassRunner.runChild(BlockJUnit4ClassRunner.java:63) [junit-4.13.jar:4.13]
	at org.junit.runners.ParentRunner$4.run(ParentRunner.java:331) [junit-4.13.jar:4.13]
	at org.junit.runners.ParentRunner$1.schedule(ParentRunner.java:79) [junit-4.13.jar:4.13]
	at org.junit.runners.ParentRunner.runChildren(ParentRunner.java:329) [junit-4.13.jar:4.13]
	at org.junit.runners.ParentRunner.access$100(ParentRunner.java:66) [junit-4.13.jar:4.13]
	at org.junit.runners.ParentRunner$2.evaluate(ParentRunner.java:293) [junit-4.13.jar:4.13]
	at org.junit.runners.ParentRunner.run(ParentRunner.java:413) [junit-4.13.jar:4.13]
	at org.junit.runners.Suite.runChild(Suite.java:128) [junit-4.13.jar:4.13]
	at org.junit.runners.Suite.runChild(Suite.java:27) [junit-4.13.jar:4.13]
	at org.junit.runners.ParentRunner$4.run(ParentRunner.java:331) [junit-4.13.jar:4.13]
	at org.junit.runners.ParentRunner$1.schedule(ParentRunner.java:79) [junit-4.13.jar:4.13]
	at org.junit.runners.ParentRunner.runChildren(ParentRunner.java:329) [junit-4.13.jar:4.13]
	at org.junit.runners.ParentRunner.access$100(ParentRunner.java:66) [junit-4.13.jar:4.13]
	at org.junit.runners.ParentRunner$2.evaluate(ParentRunner.java:293) [junit-4.13.jar:4.13]
	at org.junit.internal.runners.statements.RunAfters.evaluate(RunAfters.java:27) [junit-4.13.jar:4.13]
	at org.junit.runners.ParentRunner$3.evaluate(ParentRunner.java:306) [junit-4.13.jar:4.13]
	at org.junit.runners.ParentRunner.run(ParentRunner.java:413) [junit-4.13.jar:4.13]
	at org.eclipse.jdt.internal.junit4.runner.JUnit4TestReference.run(JUnit4TestReference.java:93) [.cp/:?]
	at org.eclipse.jdt.internal.junit.runner.TestExecution.run(TestExecution.java:40) [.cp/:?]
	at org.eclipse.jdt.internal.junit.runner.RemoteTestRunner.runTests(RemoteTestRunner.java:530) [.cp/:?]
	at org.eclipse.jdt.internal.junit.runner.RemoteTestRunner.runTests(RemoteTestRunner.java:758) [.cp/:?]
	at org.eclipse.jdt.internal.junit.runner.RemoteTestRunner.run(RemoteTestRunner.java:453) [.cp/:?]
	at org.eclipse.jdt.internal.junit.runner.RemoteTestRunner.main(RemoteTestRunner.java:211) [.cp/:?]
2025-12-30 03:12:29 INFO  === END   tests.productCardsTests.ProductCardElementsTests.cardValidation[Exp#17 [f1=2, f2=3, f3=2, f4=1, f5=3, f6=1, f7=2, f8=3]] ===
2025-12-30 03:12:29 INFO  === START tests.productCardsTests.ProductCardElementsTests.cardValidation[Exp#18 [f1=2, f2=3, f3=3, f4=2, f5=1, f6=2, f7=3, f8=1]] ===
2025-12-30 03:12:29 INFO  STEP: 📝 New input: Filling form fields.
2025-12-30 03:12:32 INFO  STEP: Card nuber 1 have a Thumbnail
2025-12-30 03:12:32 INFO  STEP: Card nuber 1 have a Title: iPhone 5s
2025-12-30 03:12:32 INFO  STEP: Card nuber 1 have a Description: The iPhone 5s is a classic smartphone known for its compact design and advanced features during its release. While it's an older model, it still provides a reliable user experience.
2025-12-30 03:12:32 INFO  STEP: Card nuber 1 have a Price: 199.99
2025-12-30 03:12:32 INFO  STEP: Card nuber 1 have a Rating: 2.8
2025-12-30 03:12:32 ERROR STEP FAIL: Card nuber 1 dont have a Additional Images Button
2025-12-30 03:12:32 ERROR === FAIL  tests.productCardsTests.ProductCardElementsTests.cardValidation[Exp#18 [f1=2, f2=3, f3=3, f4=2, f5=1, f6=2, f7=3, f8=1]] ===
java.lang.AssertionError: Card nuber 1 dont have a Additional Images Button
	at org.junit.Assert.fail(Assert.java:89) ~[junit-4.13.jar:4.13]
	at org.junit.Assert.assertTrue(Assert.java:42) ~[junit-4.13.jar:4.13]
	at tests.BaseTest.checkTrue(BaseTest.java:92) ~[test-classes/:?]
	at tests.productCardsTests.ProductCardElementsTests.isThereAdditionalImageBtnInProductCard(ProductCardElementsTests.java:126) ~[test-classes/:?]
	at tests.productCardsTests.ProductCardElementsTests.cardValidation(ProductCardElementsTests.java:60) ~[test-classes/:?]
	at jdk.internal.reflect.DirectMethodHandleAccessor.invoke(DirectMethodHandleAccessor.java:103) ~[?:?]
	at java.lang.reflect.Method.invoke(Method.java:580) ~[?:?]
	at org.junit.runners.model.FrameworkMethod$1.runReflectiveCall(FrameworkMethod.java:59) ~[junit-4.13.jar:4.13]
	at org.junit.internal.runners.model.ReflectiveCallable.run(ReflectiveCallable.java:12) ~[junit-4.13.jar:4.13]
	at org.junit.runners.model.FrameworkMethod.invokeExplosively(FrameworkMethod.java:56) ~[junit-4.13.jar:4.13]
	at org.junit.internal.runners.statements.InvokeMethod.evaluate(InvokeMethod.java:17) ~[junit-4.13.jar:4.13]
	at org.junit.internal.runners.statements.RunBefores.evaluate(RunBefores.java:26) ~[junit-4.13.jar:4.13]
	at org.junit.internal.runners.statements.RunAfters.evaluate(RunAfters.java:27) ~[junit-4.13.jar:4.13]
	at org.junit.rules.TestWatcher$1.evaluate(TestWatcher.java:61) [junit-4.13.jar:4.13]
	at org.junit.runners.ParentRunner$3.evaluate(ParentRunner.java:306) [junit-4.13.jar:4.13]
	at org.junit.runners.BlockJUnit4ClassRunner$1.evaluate(BlockJUnit4ClassRunner.java:100) [junit-4.13.jar:4.13]
	at org.junit.runners.ParentRunner.runLeaf(ParentRunner.java:366) [junit-4.13.jar:4.13]
	at org.junit.runners.BlockJUnit4ClassRunner.runChild(BlockJUnit4ClassRunner.java:103) [junit-4.13.jar:4.13]
	at org.junit.runners.BlockJUnit4ClassRunner.runChild(BlockJUnit4ClassRunner.java:63) [junit-4.13.jar:4.13]
	at org.junit.runners.ParentRunner$4.run(ParentRunner.java:331) [junit-4.13.jar:4.13]
	at org.junit.runners.ParentRunner$1.schedule(ParentRunner.java:79) [junit-4.13.jar:4.13]
	at org.junit.runners.ParentRunner.runChildren(ParentRunner.java:329) [junit-4.13.jar:4.13]
	at org.junit.runners.ParentRunner.access$100(ParentRunner.java:66) [junit-4.13.jar:4.13]
	at org.junit.runners.ParentRunner$2.evaluate(ParentRunner.java:293) [junit-4.13.jar:4.13]
	at org.junit.runners.ParentRunner.run(ParentRunner.java:413) [junit-4.13.jar:4.13]
	at org.junit.runners.Suite.runChild(Suite.java:128) [junit-4.13.jar:4.13]
	at org.junit.runners.Suite.runChild(Suite.java:27) [junit-4.13.jar:4.13]
	at org.junit.runners.ParentRunner$4.run(ParentRunner.java:331) [junit-4.13.jar:4.13]
	at org.junit.runners.ParentRunner$1.schedule(ParentRunner.java:79) [junit-4.13.jar:4.13]
	at org.junit.runners.ParentRunner.runChildren(ParentRunner.java:329) [junit-4.13.jar:4.13]
	at org.junit.runners.ParentRunner.access$100(ParentRunner.java:66) [junit-4.13.jar:4.13]
	at org.junit.runners.ParentRunner$2.evaluate(ParentRunner.java:293) [junit-4.13.jar:4.13]
	at org.junit.internal.runners.statements.RunAfters.evaluate(RunAfters.java:27) [junit-4.13.jar:4.13]
	at org.junit.runners.ParentRunner$3.evaluate(ParentRunner.java:306) [junit-4.13.jar:4.13]
	at org.junit.runners.ParentRunner.run(ParentRunner.java:413) [junit-4.13.jar:4.13]
	at org.eclipse.jdt.internal.junit4.runner.JUnit4TestReference.run(JUnit4TestReference.java:93) [.cp/:?]
	at org.eclipse.jdt.internal.junit.runner.TestExecution.run(TestExecution.java:40) [.cp/:?]
	at org.eclipse.jdt.internal.junit.runner.RemoteTestRunner.runTests(RemoteTestRunner.java:530) [.cp/:?]
	at org.eclipse.jdt.internal.junit.runner.RemoteTestRunner.runTests(RemoteTestRunner.java:758) [.cp/:?]
	at org.eclipse.jdt.internal.junit.runner.RemoteTestRunner.run(RemoteTestRunner.java:453) [.cp/:?]
	at org.eclipse.jdt.internal.junit.runner.RemoteTestRunner.main(RemoteTestRunner.java:211) [.cp/:?]
2025-12-30 03:12:32 INFO  === END   tests.productCardsTests.ProductCardElementsTests.cardValidation[Exp#18 [f1=2, f2=3, f3=3, f4=2, f5=1, f6=2, f7=3, f8=1]] ===
2025-12-30 03:12:32 INFO  === START tests.productCardsTests.ProductCardElementsTests.cardValidation[Exp#19 [f1=2, f2=3, f3=3, f4=2, f5=1, f6=1, f7=1, f8=2]] ===
2025-12-30 03:12:32 INFO  STEP: 📝 New input: Filling form fields.
2025-12-30 03:12:36 INFO  STEP: Card nuber 1 have a Thumbnail
2025-12-30 03:12:36 INFO  STEP: Card nuber 1 have a Title: Plant Pot
2025-12-30 03:12:36 INFO  STEP: Card nuber 1 have a Description: The Plant Pot is a stylish container for your favorite plants. With a sleek design, it complements your indoor or outdoor garden, adding a modern touch to your plant display.
2025-12-30 03:12:36 INFO  STEP: Card nuber 1 have a Price: 14.99
2025-12-30 03:12:36 INFO  STEP: Card nuber 1 have a Rating: 3.0
2025-12-30 03:12:36 ERROR STEP FAIL: Card nuber 1 dont have a Additional Images Button
2025-12-30 03:12:36 ERROR === FAIL  tests.productCardsTests.ProductCardElementsTests.cardValidation[Exp#19 [f1=2, f2=3, f3=3, f4=2, f5=1, f6=1, f7=1, f8=2]] ===
java.lang.AssertionError: Card nuber 1 dont have a Additional Images Button
	at org.junit.Assert.fail(Assert.java:89) ~[junit-4.13.jar:4.13]
	at org.junit.Assert.assertTrue(Assert.java:42) ~[junit-4.13.jar:4.13]
	at tests.BaseTest.checkTrue(BaseTest.java:92) ~[test-classes/:?]
	at tests.productCardsTests.ProductCardElementsTests.isThereAdditionalImageBtnInProductCard(ProductCardElementsTests.java:126) ~[test-classes/:?]
	at tests.productCardsTests.ProductCardElementsTests.cardValidation(ProductCardElementsTests.java:60) ~[test-classes/:?]
	at jdk.internal.reflect.DirectMethodHandleAccessor.invoke(DirectMethodHandleAccessor.java:103) ~[?:?]
	at java.lang.reflect.Method.invoke(Method.java:580) ~[?:?]
	at org.junit.runners.model.FrameworkMethod$1.runReflectiveCall(FrameworkMethod.java:59) ~[junit-4.13.jar:4.13]
	at org.junit.internal.runners.model.ReflectiveCallable.run(ReflectiveCallable.java:12) ~[junit-4.13.jar:4.13]
	at org.junit.runners.model.FrameworkMethod.invokeExplosively(FrameworkMethod.java:56) ~[junit-4.13.jar:4.13]
	at org.junit.internal.runners.statements.InvokeMethod.evaluate(InvokeMethod.java:17) ~[junit-4.13.jar:4.13]
	at org.junit.internal.runners.statements.RunBefores.evaluate(RunBefores.java:26) ~[junit-4.13.jar:4.13]
	at org.junit.internal.runners.statements.RunAfters.evaluate(RunAfters.java:27) ~[junit-4.13.jar:4.13]
	at org.junit.rules.TestWatcher$1.evaluate(TestWatcher.java:61) [junit-4.13.jar:4.13]
	at org.junit.runners.ParentRunner$3.evaluate(ParentRunner.java:306) [junit-4.13.jar:4.13]
	at org.junit.runners.BlockJUnit4ClassRunner$1.evaluate(BlockJUnit4ClassRunner.java:100) [junit-4.13.jar:4.13]
	at org.junit.runners.ParentRunner.runLeaf(ParentRunner.java:366) [junit-4.13.jar:4.13]
	at org.junit.runners.BlockJUnit4ClassRunner.runChild(BlockJUnit4ClassRunner.java:103) [junit-4.13.jar:4.13]
	at org.junit.runners.BlockJUnit4ClassRunner.runChild(BlockJUnit4ClassRunner.java:63) [junit-4.13.jar:4.13]
	at org.junit.runners.ParentRunner$4.run(ParentRunner.java:331) [junit-4.13.jar:4.13]
	at org.junit.runners.ParentRunner$1.schedule(ParentRunner.java:79) [junit-4.13.jar:4.13]
	at org.junit.runners.ParentRunner.runChildren(ParentRunner.java:329) [junit-4.13.jar:4.13]
	at org.junit.runners.ParentRunner.access$100(ParentRunner.java:66) [junit-4.13.jar:4.13]
	at org.junit.runners.ParentRunner$2.evaluate(ParentRunner.java:293) [junit-4.13.jar:4.13]
	at org.junit.runners.ParentRunner.run(ParentRunner.java:413) [junit-4.13.jar:4.13]
	at org.junit.runners.Suite.runChild(Suite.java:128) [junit-4.13.jar:4.13]
	at org.junit.runners.Suite.runChild(Suite.java:27) [junit-4.13.jar:4.13]
	at org.junit.runners.ParentRunner$4.run(ParentRunner.java:331) [junit-4.13.jar:4.13]
	at org.junit.runners.ParentRunner$1.schedule(ParentRunner.java:79) [junit-4.13.jar:4.13]
	at org.junit.runners.ParentRunner.runChildren(ParentRunner.java:329) [junit-4.13.jar:4.13]
	at org.junit.runners.ParentRunner.access$100(ParentRunner.java:66) [junit-4.13.jar:4.13]
	at org.junit.runners.ParentRunner$2.evaluate(ParentRunner.java:293) [junit-4.13.jar:4.13]
	at org.junit.internal.runners.statements.RunAfters.evaluate(RunAfters.java:27) [junit-4.13.jar:4.13]
	at org.junit.runners.ParentRunner$3.evaluate(ParentRunner.java:306) [junit-4.13.jar:4.13]
	at org.junit.runners.ParentRunner.run(ParentRunner.java:413) [junit-4.13.jar:4.13]
	at org.eclipse.jdt.internal.junit4.runner.JUnit4TestReference.run(JUnit4TestReference.java:93) [.cp/:?]
	at org.eclipse.jdt.internal.junit.runner.TestExecution.run(TestExecution.java:40) [.cp/:?]
	at org.eclipse.jdt.internal.junit.runner.RemoteTestRunner.runTests(RemoteTestRunner.java:530) [.cp/:?]
	at org.eclipse.jdt.internal.junit.runner.RemoteTestRunner.runTests(RemoteTestRunner.java:758) [.cp/:?]
	at org.eclipse.jdt.internal.junit.runner.RemoteTestRunner.run(RemoteTestRunner.java:453) [.cp/:?]
	at org.eclipse.jdt.internal.junit.runner.RemoteTestRunner.main(RemoteTestRunner.java:211) [.cp/:?]
2025-12-30 03:12:36 INFO  === END   tests.productCardsTests.ProductCardElementsTests.cardValidation[Exp#19 [f1=2, f2=3, f3=3, f4=2, f5=1, f6=1, f7=1, f8=2]] ===
2025-12-30 03:12:36 INFO  === START tests.productCardsTests.ProductCardElementsTests.cardValidation[Exp#20 [f1=2, f2=3, f3=3, f4=3, f5=3, f6=3, f7=3, f8=3]] ===
2025-12-30 03:12:36 INFO  STEP: 📝 New input: Filling form fields.
2025-12-30 03:12:40 INFO  STEP: Card nuber 1 have a Thumbnail
2025-12-30 03:12:40 INFO  STEP: Card nuber 1 have a Title: Samsung Galaxy Tab White
2025-12-30 03:12:40 INFO  STEP: Card nuber 1 have a Description: The Samsung Galaxy Tab in White is a sleek and versatile Android tablet. With a vibrant display, long-lasting battery, and a range of features, it offers a great user experience for various tasks.
2025-12-30 03:12:40 INFO  STEP: Card nuber 1 have a Price: 349.99
2025-12-30 03:12:40 INFO  STEP: Card nuber 1 have a Rating: 3.7
2025-12-30 03:12:40 ERROR STEP FAIL: Card nuber 1 dont have a Additional Images Button
2025-12-30 03:12:40 ERROR === FAIL  tests.productCardsTests.ProductCardElementsTests.cardValidation[Exp#20 [f1=2, f2=3, f3=3, f4=3, f5=3, f6=3, f7=3, f8=3]] ===
java.lang.AssertionError: Card nuber 1 dont have a Additional Images Button
	at org.junit.Assert.fail(Assert.java:89) ~[junit-4.13.jar:4.13]
	at org.junit.Assert.assertTrue(Assert.java:42) ~[junit-4.13.jar:4.13]
	at tests.BaseTest.checkTrue(BaseTest.java:92) ~[test-classes/:?]
	at tests.productCardsTests.ProductCardElementsTests.isThereAdditionalImageBtnInProductCard(ProductCardElementsTests.java:126) ~[test-classes/:?]
	at tests.productCardsTests.ProductCardElementsTests.cardValidation(ProductCardElementsTests.java:60) ~[test-classes/:?]
	at jdk.internal.reflect.DirectMethodHandleAccessor.invoke(DirectMethodHandleAccessor.java:103) ~[?:?]
	at java.lang.reflect.Method.invoke(Method.java:580) ~[?:?]
	at org.junit.runners.model.FrameworkMethod$1.runReflectiveCall(FrameworkMethod.java:59) ~[junit-4.13.jar:4.13]
	at org.junit.internal.runners.model.ReflectiveCallable.run(ReflectiveCallable.java:12) ~[junit-4.13.jar:4.13]
	at org.junit.runners.model.FrameworkMethod.invokeExplosively(FrameworkMethod.java:56) ~[junit-4.13.jar:4.13]
	at org.junit.internal.runners.statements.InvokeMethod.evaluate(InvokeMethod.java:17) ~[junit-4.13.jar:4.13]
	at org.junit.internal.runners.statements.RunBefores.evaluate(RunBefores.java:26) ~[junit-4.13.jar:4.13]
	at org.junit.internal.runners.statements.RunAfters.evaluate(RunAfters.java:27) ~[junit-4.13.jar:4.13]
	at org.junit.rules.TestWatcher$1.evaluate(TestWatcher.java:61) [junit-4.13.jar:4.13]
	at org.junit.runners.ParentRunner$3.evaluate(ParentRunner.java:306) [junit-4.13.jar:4.13]
	at org.junit.runners.BlockJUnit4ClassRunner$1.evaluate(BlockJUnit4ClassRunner.java:100) [junit-4.13.jar:4.13]
	at org.junit.runners.ParentRunner.runLeaf(ParentRunner.java:366) [junit-4.13.jar:4.13]
	at org.junit.runners.BlockJUnit4ClassRunner.runChild(BlockJUnit4ClassRunner.java:103) [junit-4.13.jar:4.13]
	at org.junit.runners.BlockJUnit4ClassRunner.runChild(BlockJUnit4ClassRunner.java:63) [junit-4.13.jar:4.13]
	at org.junit.runners.ParentRunner$4.run(ParentRunner.java:331) [junit-4.13.jar:4.13]
	at org.junit.runners.ParentRunner$1.schedule(ParentRunner.java:79) [junit-4.13.jar:4.13]
	at org.junit.runners.ParentRunner.runChildren(ParentRunner.java:329) [junit-4.13.jar:4.13]
	at org.junit.runners.ParentRunner.access$100(ParentRunner.java:66) [junit-4.13.jar:4.13]
	at org.junit.runners.ParentRunner$2.evaluate(ParentRunner.java:293) [junit-4.13.jar:4.13]
	at org.junit.runners.ParentRunner.run(ParentRunner.java:413) [junit-4.13.jar:4.13]
	at org.junit.runners.Suite.runChild(Suite.java:128) [junit-4.13.jar:4.13]
	at org.junit.runners.Suite.runChild(Suite.java:27) [junit-4.13.jar:4.13]
	at org.junit.runners.ParentRunner$4.run(ParentRunner.java:331) [junit-4.13.jar:4.13]
	at org.junit.runners.ParentRunner$1.schedule(ParentRunner.java:79) [junit-4.13.jar:4.13]
	at org.junit.runners.ParentRunner.runChildren(ParentRunner.java:329) [junit-4.13.jar:4.13]
	at org.junit.runners.ParentRunner.access$100(ParentRunner.java:66) [junit-4.13.jar:4.13]
	at org.junit.runners.ParentRunner$2.evaluate(ParentRunner.java:293) [junit-4.13.jar:4.13]
	at org.junit.internal.runners.statements.RunAfters.evaluate(RunAfters.java:27) [junit-4.13.jar:4.13]
	at org.junit.runners.ParentRunner$3.evaluate(ParentRunner.java:306) [junit-4.13.jar:4.13]
	at org.junit.runners.ParentRunner.run(ParentRunner.java:413) [junit-4.13.jar:4.13]
	at org.eclipse.jdt.internal.junit4.runner.JUnit4TestReference.run(JUnit4TestReference.java:93) [.cp/:?]
	at org.eclipse.jdt.internal.junit.runner.TestExecution.run(TestExecution.java:40) [.cp/:?]
	at org.eclipse.jdt.internal.junit.runner.RemoteTestRunner.runTests(RemoteTestRunner.java:530) [.cp/:?]
	at org.eclipse.jdt.internal.junit.runner.RemoteTestRunner.runTests(RemoteTestRunner.java:758) [.cp/:?]
	at org.eclipse.jdt.internal.junit.runner.RemoteTestRunner.run(RemoteTestRunner.java:453) [.cp/:?]
	at org.eclipse.jdt.internal.junit.runner.RemoteTestRunner.main(RemoteTestRunner.java:211) [.cp/:?]
2025-12-30 03:12:40 INFO  === END   tests.productCardsTests.ProductCardElementsTests.cardValidation[Exp#20 [f1=2, f2=3, f3=3, f4=3, f5=3, f6=3, f7=3, f8=3]] ===
2025-12-30 03:13:25 INFO  === START tests.productCardsTests.ProductCardElementsTests.cardValidation[Exp#1 [f1=1, f2=1, f3=1, f4=1, f5=1, f6=1, f7=1, f8=1]] ===
2025-12-30 03:13:27 INFO  STEP: 📝 New input: Filling form fields.
2025-12-30 03:13:34 INFO  STEP: Card nuber 1 have a Thumbnail
2025-12-30 03:13:34 INFO  STEP: Card nuber 1 have a Title: Green and Black Glasses
2025-12-30 03:13:34 INFO  STEP: Card nuber 1 have a Description: The Green and Black Glasses feature a bold combination of green and black colors, adding a touch of vibrancy to your eyewear collection. They are both stylish and eye-catching.
2025-12-30 03:13:35 INFO  STEP: Card nuber 1 have a Price: 34.99
2025-12-30 03:13:35 INFO  STEP: Card nuber 1 have a Rating: 4.5
(4 reviews)
2025-12-30 03:13:35 INFO  STEP PASS: Card nuber 1 dont have a Additional Images Button
2025-12-30 03:13:35 ERROR STEP FAIL: Card #1 should have all the components
2025-12-30 03:13:35 ERROR === FAIL  tests.productCardsTests.ProductCardElementsTests.cardValidation[Exp#1 [f1=1, f2=1, f3=1, f4=1, f5=1, f6=1, f7=1, f8=1]] ===
java.lang.AssertionError: Card #1 should have all the components
	at org.junit.Assert.fail(Assert.java:89) ~[junit-4.13.jar:4.13]
	at org.junit.Assert.assertTrue(Assert.java:42) ~[junit-4.13.jar:4.13]
	at tests.BaseTest.checkTrue(BaseTest.java:92) ~[test-classes/:?]
	at tests.productCardsTests.ProductCardElementsTests.cardValidation(ProductCardElementsTests.java:61) ~[test-classes/:?]
	at jdk.internal.reflect.DirectMethodHandleAccessor.invoke(DirectMethodHandleAccessor.java:103) ~[?:?]
	at java.lang.reflect.Method.invoke(Method.java:580) ~[?:?]
	at org.junit.runners.model.FrameworkMethod$1.runReflectiveCall(FrameworkMethod.java:59) ~[junit-4.13.jar:4.13]
	at org.junit.internal.runners.model.ReflectiveCallable.run(ReflectiveCallable.java:12) ~[junit-4.13.jar:4.13]
	at org.junit.runners.model.FrameworkMethod.invokeExplosively(FrameworkMethod.java:56) ~[junit-4.13.jar:4.13]
	at org.junit.internal.runners.statements.InvokeMethod.evaluate(InvokeMethod.java:17) ~[junit-4.13.jar:4.13]
	at org.junit.internal.runners.statements.RunBefores.evaluate(RunBefores.java:26) ~[junit-4.13.jar:4.13]
	at org.junit.internal.runners.statements.RunAfters.evaluate(RunAfters.java:27) ~[junit-4.13.jar:4.13]
	at org.junit.rules.TestWatcher$1.evaluate(TestWatcher.java:61) [junit-4.13.jar:4.13]
	at org.junit.runners.ParentRunner$3.evaluate(ParentRunner.java:306) [junit-4.13.jar:4.13]
	at org.junit.runners.BlockJUnit4ClassRunner$1.evaluate(BlockJUnit4ClassRunner.java:100) [junit-4.13.jar:4.13]
	at org.junit.runners.ParentRunner.runLeaf(ParentRunner.java:366) [junit-4.13.jar:4.13]
	at org.junit.runners.BlockJUnit4ClassRunner.runChild(BlockJUnit4ClassRunner.java:103) [junit-4.13.jar:4.13]
	at org.junit.runners.BlockJUnit4ClassRunner.runChild(BlockJUnit4ClassRunner.java:63) [junit-4.13.jar:4.13]
	at org.junit.runners.ParentRunner$4.run(ParentRunner.java:331) [junit-4.13.jar:4.13]
	at org.junit.runners.ParentRunner$1.schedule(ParentRunner.java:79) [junit-4.13.jar:4.13]
	at org.junit.runners.ParentRunner.runChildren(ParentRunner.java:329) [junit-4.13.jar:4.13]
	at org.junit.runners.ParentRunner.access$100(ParentRunner.java:66) [junit-4.13.jar:4.13]
	at org.junit.runners.ParentRunner$2.evaluate(ParentRunner.java:293) [junit-4.13.jar:4.13]
	at org.junit.runners.ParentRunner.run(ParentRunner.java:413) [junit-4.13.jar:4.13]
	at org.junit.runners.Suite.runChild(Suite.java:128) [junit-4.13.jar:4.13]
	at org.junit.runners.Suite.runChild(Suite.java:27) [junit-4.13.jar:4.13]
	at org.junit.runners.ParentRunner$4.run(ParentRunner.java:331) [junit-4.13.jar:4.13]
	at org.junit.runners.ParentRunner$1.schedule(ParentRunner.java:79) [junit-4.13.jar:4.13]
	at org.junit.runners.ParentRunner.runChildren(ParentRunner.java:329) [junit-4.13.jar:4.13]
	at org.junit.runners.ParentRunner.access$100(ParentRunner.java:66) [junit-4.13.jar:4.13]
	at org.junit.runners.ParentRunner$2.evaluate(ParentRunner.java:293) [junit-4.13.jar:4.13]
	at org.junit.internal.runners.statements.RunAfters.evaluate(RunAfters.java:27) [junit-4.13.jar:4.13]
	at org.junit.runners.ParentRunner$3.evaluate(ParentRunner.java:306) [junit-4.13.jar:4.13]
	at org.junit.runners.ParentRunner.run(ParentRunner.java:413) [junit-4.13.jar:4.13]
	at org.eclipse.jdt.internal.junit4.runner.JUnit4TestReference.run(JUnit4TestReference.java:93) [.cp/:?]
	at org.eclipse.jdt.internal.junit.runner.TestExecution.run(TestExecution.java:40) [.cp/:?]
	at org.eclipse.jdt.internal.junit.runner.RemoteTestRunner.runTests(RemoteTestRunner.java:530) [.cp/:?]
	at org.eclipse.jdt.internal.junit.runner.RemoteTestRunner.runTests(RemoteTestRunner.java:758) [.cp/:?]
	at org.eclipse.jdt.internal.junit.runner.RemoteTestRunner.run(RemoteTestRunner.java:453) [.cp/:?]
	at org.eclipse.jdt.internal.junit.runner.RemoteTestRunner.main(RemoteTestRunner.java:211) [.cp/:?]
2025-12-30 03:13:35 INFO  === END   tests.productCardsTests.ProductCardElementsTests.cardValidation[Exp#1 [f1=1, f2=1, f3=1, f4=1, f5=1, f6=1, f7=1, f8=1]] ===
2025-12-30 03:13:35 INFO  === START tests.productCardsTests.ProductCardElementsTests.cardValidation[Exp#2 [f1=1, f2=1, f3=2, f4=2, f5=2, f6=2, f7=2, f8=2]] ===
2025-12-30 03:13:35 INFO  STEP: 📝 New input: Filling form fields.
2025-12-30 03:13:39 INFO  STEP: Card nuber 1 have a Thumbnail
2025-12-30 03:13:39 INFO  STEP: Card nuber 1 have a Title: Black Aluminium Cup
2025-12-30 03:13:39 INFO  STEP: Card nuber 1 have a Description: The Black Aluminium Cup is a stylish and durable cup suitable for both hot and cold beverages. Its sleek black design adds a modern touch to your drinkware collection.
2025-12-30 03:13:39 INFO  STEP: Card nuber 1 have a Price: 5.99
2025-12-30 03:13:39 INFO  STEP: Card nuber 1 have a Rating: 4.5
(4 reviews)
2025-12-30 03:13:39 INFO  STEP PASS: Card nuber 1 dont have a Additional Images Button
2025-12-30 03:13:39 ERROR STEP FAIL: Card #1 should have all the components
2025-12-30 03:13:39 ERROR === FAIL  tests.productCardsTests.ProductCardElementsTests.cardValidation[Exp#2 [f1=1, f2=1, f3=2, f4=2, f5=2, f6=2, f7=2, f8=2]] ===
java.lang.AssertionError: Card #1 should have all the components
	at org.junit.Assert.fail(Assert.java:89) ~[junit-4.13.jar:4.13]
	at org.junit.Assert.assertTrue(Assert.java:42) ~[junit-4.13.jar:4.13]
	at tests.BaseTest.checkTrue(BaseTest.java:92) ~[test-classes/:?]
	at tests.productCardsTests.ProductCardElementsTests.cardValidation(ProductCardElementsTests.java:61) ~[test-classes/:?]
	at jdk.internal.reflect.DirectMethodHandleAccessor.invoke(DirectMethodHandleAccessor.java:103) ~[?:?]
	at java.lang.reflect.Method.invoke(Method.java:580) ~[?:?]
	at org.junit.runners.model.FrameworkMethod$1.runReflectiveCall(FrameworkMethod.java:59) ~[junit-4.13.jar:4.13]
	at org.junit.internal.runners.model.ReflectiveCallable.run(ReflectiveCallable.java:12) ~[junit-4.13.jar:4.13]
	at org.junit.runners.model.FrameworkMethod.invokeExplosively(FrameworkMethod.java:56) ~[junit-4.13.jar:4.13]
	at org.junit.internal.runners.statements.InvokeMethod.evaluate(InvokeMethod.java:17) ~[junit-4.13.jar:4.13]
	at org.junit.internal.runners.statements.RunBefores.evaluate(RunBefores.java:26) ~[junit-4.13.jar:4.13]
	at org.junit.internal.runners.statements.RunAfters.evaluate(RunAfters.java:27) ~[junit-4.13.jar:4.13]
	at org.junit.rules.TestWatcher$1.evaluate(TestWatcher.java:61) [junit-4.13.jar:4.13]
	at org.junit.runners.ParentRunner$3.evaluate(ParentRunner.java:306) [junit-4.13.jar:4.13]
	at org.junit.runners.BlockJUnit4ClassRunner$1.evaluate(BlockJUnit4ClassRunner.java:100) [junit-4.13.jar:4.13]
	at org.junit.runners.ParentRunner.runLeaf(ParentRunner.java:366) [junit-4.13.jar:4.13]
	at org.junit.runners.BlockJUnit4ClassRunner.runChild(BlockJUnit4ClassRunner.java:103) [junit-4.13.jar:4.13]
	at org.junit.runners.BlockJUnit4ClassRunner.runChild(BlockJUnit4ClassRunner.java:63) [junit-4.13.jar:4.13]
	at org.junit.runners.ParentRunner$4.run(ParentRunner.java:331) [junit-4.13.jar:4.13]
	at org.junit.runners.ParentRunner$1.schedule(ParentRunner.java:79) [junit-4.13.jar:4.13]
	at org.junit.runners.ParentRunner.runChildren(ParentRunner.java:329) [junit-4.13.jar:4.13]
	at org.junit.runners.ParentRunner.access$100(ParentRunner.java:66) [junit-4.13.jar:4.13]
	at org.junit.runners.ParentRunner$2.evaluate(ParentRunner.java:293) [junit-4.13.jar:4.13]
	at org.junit.runners.ParentRunner.run(ParentRunner.java:413) [junit-4.13.jar:4.13]
	at org.junit.runners.Suite.runChild(Suite.java:128) [junit-4.13.jar:4.13]
	at org.junit.runners.Suite.runChild(Suite.java:27) [junit-4.13.jar:4.13]
	at org.junit.runners.ParentRunner$4.run(ParentRunner.java:331) [junit-4.13.jar:4.13]
	at org.junit.runners.ParentRunner$1.schedule(ParentRunner.java:79) [junit-4.13.jar:4.13]
	at org.junit.runners.ParentRunner.runChildren(ParentRunner.java:329) [junit-4.13.jar:4.13]
	at org.junit.runners.ParentRunner.access$100(ParentRunner.java:66) [junit-4.13.jar:4.13]
	at org.junit.runners.ParentRunner$2.evaluate(ParentRunner.java:293) [junit-4.13.jar:4.13]
	at org.junit.internal.runners.statements.RunAfters.evaluate(RunAfters.java:27) [junit-4.13.jar:4.13]
	at org.junit.runners.ParentRunner$3.evaluate(ParentRunner.java:306) [junit-4.13.jar:4.13]
	at org.junit.runners.ParentRunner.run(ParentRunner.java:413) [junit-4.13.jar:4.13]
	at org.eclipse.jdt.internal.junit4.runner.JUnit4TestReference.run(JUnit4TestReference.java:93) [.cp/:?]
	at org.eclipse.jdt.internal.junit.runner.TestExecution.run(TestExecution.java:40) [.cp/:?]
	at org.eclipse.jdt.internal.junit.runner.RemoteTestRunner.runTests(RemoteTestRunner.java:530) [.cp/:?]
	at org.eclipse.jdt.internal.junit.runner.RemoteTestRunner.runTests(RemoteTestRunner.java:758) [.cp/:?]
	at org.eclipse.jdt.internal.junit.runner.RemoteTestRunner.run(RemoteTestRunner.java:453) [.cp/:?]
	at org.eclipse.jdt.internal.junit.runner.RemoteTestRunner.main(RemoteTestRunner.java:211) [.cp/:?]
2025-12-30 03:13:39 INFO  === END   tests.productCardsTests.ProductCardElementsTests.cardValidation[Exp#2 [f1=1, f2=1, f3=2, f4=2, f5=2, f6=2, f7=2, f8=2]] ===
2025-12-30 03:13:39 INFO  === START tests.productCardsTests.ProductCardElementsTests.cardValidation[Exp#3 [f1=1, f2=1, f3=3, f4=3, f5=3, f6=3, f7=3, f8=3]] ===
2025-12-30 03:13:39 INFO  STEP: 📝 New input: Filling form fields.
2025-12-30 03:13:42 INFO  STEP: Card nuber 1 have a Thumbnail
2025-12-30 03:13:43 INFO  STEP: Card nuber 1 have a Title: Samsung Galaxy Tab White
2025-12-30 03:13:43 INFO  STEP: Card nuber 1 have a Description: The Samsung Galaxy Tab in White is a sleek and versatile Android tablet. With a vibrant display, long-lasting battery, and a range of features, it offers a great user experience for various tasks.
2025-12-30 03:13:43 INFO  STEP: Card nuber 1 have a Price: 349.99
2025-12-30 03:13:43 INFO  STEP: Card nuber 1 have a Rating: 3.7
(4 reviews)
2025-12-30 03:13:43 INFO  STEP PASS: Card nuber 1 dont have a Additional Images Button
2025-12-30 03:13:43 ERROR STEP FAIL: Card #1 should have all the components
2025-12-30 03:13:43 ERROR === FAIL  tests.productCardsTests.ProductCardElementsTests.cardValidation[Exp#3 [f1=1, f2=1, f3=3, f4=3, f5=3, f6=3, f7=3, f8=3]] ===
java.lang.AssertionError: Card #1 should have all the components
	at org.junit.Assert.fail(Assert.java:89) ~[junit-4.13.jar:4.13]
	at org.junit.Assert.assertTrue(Assert.java:42) ~[junit-4.13.jar:4.13]
	at tests.BaseTest.checkTrue(BaseTest.java:92) ~[test-classes/:?]
	at tests.productCardsTests.ProductCardElementsTests.cardValidation(ProductCardElementsTests.java:61) ~[test-classes/:?]
	at jdk.internal.reflect.DirectMethodHandleAccessor.invoke(DirectMethodHandleAccessor.java:103) ~[?:?]
	at java.lang.reflect.Method.invoke(Method.java:580) ~[?:?]
	at org.junit.runners.model.FrameworkMethod$1.runReflectiveCall(FrameworkMethod.java:59) ~[junit-4.13.jar:4.13]
	at org.junit.internal.runners.model.ReflectiveCallable.run(ReflectiveCallable.java:12) ~[junit-4.13.jar:4.13]
	at org.junit.runners.model.FrameworkMethod.invokeExplosively(FrameworkMethod.java:56) ~[junit-4.13.jar:4.13]
	at org.junit.internal.runners.statements.InvokeMethod.evaluate(InvokeMethod.java:17) ~[junit-4.13.jar:4.13]
	at org.junit.internal.runners.statements.RunBefores.evaluate(RunBefores.java:26) ~[junit-4.13.jar:4.13]
	at org.junit.internal.runners.statements.RunAfters.evaluate(RunAfters.java:27) ~[junit-4.13.jar:4.13]
	at org.junit.rules.TestWatcher$1.evaluate(TestWatcher.java:61) [junit-4.13.jar:4.13]
	at org.junit.runners.ParentRunner$3.evaluate(ParentRunner.java:306) [junit-4.13.jar:4.13]
	at org.junit.runners.BlockJUnit4ClassRunner$1.evaluate(BlockJUnit4ClassRunner.java:100) [junit-4.13.jar:4.13]
	at org.junit.runners.ParentRunner.runLeaf(ParentRunner.java:366) [junit-4.13.jar:4.13]
	at org.junit.runners.BlockJUnit4ClassRunner.runChild(BlockJUnit4ClassRunner.java:103) [junit-4.13.jar:4.13]
	at org.junit.runners.BlockJUnit4ClassRunner.runChild(BlockJUnit4ClassRunner.java:63) [junit-4.13.jar:4.13]
	at org.junit.runners.ParentRunner$4.run(ParentRunner.java:331) [junit-4.13.jar:4.13]
	at org.junit.runners.ParentRunner$1.schedule(ParentRunner.java:79) [junit-4.13.jar:4.13]
	at org.junit.runners.ParentRunner.runChildren(ParentRunner.java:329) [junit-4.13.jar:4.13]
	at org.junit.runners.ParentRunner.access$100(ParentRunner.java:66) [junit-4.13.jar:4.13]
	at org.junit.runners.ParentRunner$2.evaluate(ParentRunner.java:293) [junit-4.13.jar:4.13]
	at org.junit.runners.ParentRunner.run(ParentRunner.java:413) [junit-4.13.jar:4.13]
	at org.junit.runners.Suite.runChild(Suite.java:128) [junit-4.13.jar:4.13]
	at org.junit.runners.Suite.runChild(Suite.java:27) [junit-4.13.jar:4.13]
	at org.junit.runners.ParentRunner$4.run(ParentRunner.java:331) [junit-4.13.jar:4.13]
	at org.junit.runners.ParentRunner$1.schedule(ParentRunner.java:79) [junit-4.13.jar:4.13]
	at org.junit.runners.ParentRunner.runChildren(ParentRunner.java:329) [junit-4.13.jar:4.13]
	at org.junit.runners.ParentRunner.access$100(ParentRunner.java:66) [junit-4.13.jar:4.13]
	at org.junit.runners.ParentRunner$2.evaluate(ParentRunner.java:293) [junit-4.13.jar:4.13]
	at org.junit.internal.runners.statements.RunAfters.evaluate(RunAfters.java:27) [junit-4.13.jar:4.13]
	at org.junit.runners.ParentRunner$3.evaluate(ParentRunner.java:306) [junit-4.13.jar:4.13]
	at org.junit.runners.ParentRunner.run(ParentRunner.java:413) [junit-4.13.jar:4.13]
	at org.eclipse.jdt.internal.junit4.runner.JUnit4TestReference.run(JUnit4TestReference.java:93) [.cp/:?]
	at org.eclipse.jdt.internal.junit.runner.TestExecution.run(TestExecution.java:40) [.cp/:?]
	at org.eclipse.jdt.internal.junit.runner.RemoteTestRunner.runTests(RemoteTestRunner.java:530) [.cp/:?]
	at org.eclipse.jdt.internal.junit.runner.RemoteTestRunner.runTests(RemoteTestRunner.java:758) [.cp/:?]
	at org.eclipse.jdt.internal.junit.runner.RemoteTestRunner.run(RemoteTestRunner.java:453) [.cp/:?]
	at org.eclipse.jdt.internal.junit.runner.RemoteTestRunner.main(RemoteTestRunner.java:211) [.cp/:?]
2025-12-30 03:13:43 INFO  === END   tests.productCardsTests.ProductCardElementsTests.cardValidation[Exp#3 [f1=1, f2=1, f3=3, f4=3, f5=3, f6=3, f7=3, f8=3]] ===
2025-12-30 03:13:43 INFO  === START tests.productCardsTests.ProductCardElementsTests.cardValidation[Exp#4 [f1=1, f2=2, f3=1, f4=1, f5=2, f6=2, f7=3, f8=3]] ===
2025-12-30 03:13:43 INFO  STEP: 📝 New input: Filling form fields.
2025-12-30 03:13:46 INFO  STEP: Card nuber 1 have a Thumbnail
2025-12-30 03:13:46 INFO  STEP: Card nuber 1 have a Title: Plant Pot
2025-12-30 03:13:46 INFO  STEP: Card nuber 1 have a Description: The Plant Pot is a stylish container for your favorite plants. With a sleek design, it complements your indoor or outdoor garden, adding a modern touch to your plant display.
2025-12-30 03:13:46 INFO  STEP: Card nuber 1 have a Price: 14.99
2025-12-30 03:13:46 INFO  STEP: Card nuber 1 have a Rating: 3.0
(4 reviews)
2025-12-30 03:13:46 INFO  STEP PASS: Card nuber 1 dont have a Additional Images Button
2025-12-30 03:13:46 ERROR STEP FAIL: Card #1 should have all the components
2025-12-30 03:13:46 ERROR === FAIL  tests.productCardsTests.ProductCardElementsTests.cardValidation[Exp#4 [f1=1, f2=2, f3=1, f4=1, f5=2, f6=2, f7=3, f8=3]] ===
java.lang.AssertionError: Card #1 should have all the components
	at org.junit.Assert.fail(Assert.java:89) ~[junit-4.13.jar:4.13]
	at org.junit.Assert.assertTrue(Assert.java:42) ~[junit-4.13.jar:4.13]
	at tests.BaseTest.checkTrue(BaseTest.java:92) ~[test-classes/:?]
	at tests.productCardsTests.ProductCardElementsTests.cardValidation(ProductCardElementsTests.java:61) ~[test-classes/:?]
	at jdk.internal.reflect.DirectMethodHandleAccessor.invoke(DirectMethodHandleAccessor.java:103) ~[?:?]
	at java.lang.reflect.Method.invoke(Method.java:580) ~[?:?]
	at org.junit.runners.model.FrameworkMethod$1.runReflectiveCall(FrameworkMethod.java:59) ~[junit-4.13.jar:4.13]
	at org.junit.internal.runners.model.ReflectiveCallable.run(ReflectiveCallable.java:12) ~[junit-4.13.jar:4.13]
	at org.junit.runners.model.FrameworkMethod.invokeExplosively(FrameworkMethod.java:56) ~[junit-4.13.jar:4.13]
	at org.junit.internal.runners.statements.InvokeMethod.evaluate(InvokeMethod.java:17) ~[junit-4.13.jar:4.13]
	at org.junit.internal.runners.statements.RunBefores.evaluate(RunBefores.java:26) ~[junit-4.13.jar:4.13]
	at org.junit.internal.runners.statements.RunAfters.evaluate(RunAfters.java:27) ~[junit-4.13.jar:4.13]
	at org.junit.rules.TestWatcher$1.evaluate(TestWatcher.java:61) [junit-4.13.jar:4.13]
	at org.junit.runners.ParentRunner$3.evaluate(ParentRunner.java:306) [junit-4.13.jar:4.13]
	at org.junit.runners.BlockJUnit4ClassRunner$1.evaluate(BlockJUnit4ClassRunner.java:100) [junit-4.13.jar:4.13]
	at org.junit.runners.ParentRunner.runLeaf(ParentRunner.java:366) [junit-4.13.jar:4.13]
	at org.junit.runners.BlockJUnit4ClassRunner.runChild(BlockJUnit4ClassRunner.java:103) [junit-4.13.jar:4.13]
	at org.junit.runners.BlockJUnit4ClassRunner.runChild(BlockJUnit4ClassRunner.java:63) [junit-4.13.jar:4.13]
	at org.junit.runners.ParentRunner$4.run(ParentRunner.java:331) [junit-4.13.jar:4.13]
	at org.junit.runners.ParentRunner$1.schedule(ParentRunner.java:79) [junit-4.13.jar:4.13]
	at org.junit.runners.ParentRunner.runChildren(ParentRunner.java:329) [junit-4.13.jar:4.13]
	at org.junit.runners.ParentRunner.access$100(ParentRunner.java:66) [junit-4.13.jar:4.13]
	at org.junit.runners.ParentRunner$2.evaluate(ParentRunner.java:293) [junit-4.13.jar:4.13]
	at org.junit.runners.ParentRunner.run(ParentRunner.java:413) [junit-4.13.jar:4.13]
	at org.junit.runners.Suite.runChild(Suite.java:128) [junit-4.13.jar:4.13]
	at org.junit.runners.Suite.runChild(Suite.java:27) [junit-4.13.jar:4.13]
	at org.junit.runners.ParentRunner$4.run(ParentRunner.java:331) [junit-4.13.jar:4.13]
	at org.junit.runners.ParentRunner$1.schedule(ParentRunner.java:79) [junit-4.13.jar:4.13]
	at org.junit.runners.ParentRunner.runChildren(ParentRunner.java:329) [junit-4.13.jar:4.13]
	at org.junit.runners.ParentRunner.access$100(ParentRunner.java:66) [junit-4.13.jar:4.13]
	at org.junit.runners.ParentRunner$2.evaluate(ParentRunner.java:293) [junit-4.13.jar:4.13]
	at org.junit.internal.runners.statements.RunAfters.evaluate(RunAfters.java:27) [junit-4.13.jar:4.13]
	at org.junit.runners.ParentRunner$3.evaluate(ParentRunner.java:306) [junit-4.13.jar:4.13]
	at org.junit.runners.ParentRunner.run(ParentRunner.java:413) [junit-4.13.jar:4.13]
	at org.eclipse.jdt.internal.junit4.runner.JUnit4TestReference.run(JUnit4TestReference.java:93) [.cp/:?]
	at org.eclipse.jdt.internal.junit.runner.TestExecution.run(TestExecution.java:40) [.cp/:?]
	at org.eclipse.jdt.internal.junit.runner.RemoteTestRunner.runTests(RemoteTestRunner.java:530) [.cp/:?]
	at org.eclipse.jdt.internal.junit.runner.RemoteTestRunner.runTests(RemoteTestRunner.java:758) [.cp/:?]
	at org.eclipse.jdt.internal.junit.runner.RemoteTestRunner.run(RemoteTestRunner.java:453) [.cp/:?]
	at org.eclipse.jdt.internal.junit.runner.RemoteTestRunner.main(RemoteTestRunner.java:211) [.cp/:?]
2025-12-30 03:13:46 INFO  === END   tests.productCardsTests.ProductCardElementsTests.cardValidation[Exp#4 [f1=1, f2=2, f3=1, f4=1, f5=2, f6=2, f7=3, f8=3]] ===
2025-12-30 03:13:46 INFO  === START tests.productCardsTests.ProductCardElementsTests.cardValidation[Exp#5 [f1=1, f2=2, f3=2, f4=2, f5=3, f6=3, f7=1, f8=1]] ===
2025-12-30 03:13:46 INFO  STEP: 📝 New input: Filling form fields.
2025-12-30 03:13:50 INFO  STEP: Card nuber 1 have a Thumbnail
2025-12-30 03:13:50 INFO  STEP: Card nuber 1 have a Title: Black Aluminium Cup
2025-12-30 03:13:50 INFO  STEP: Card nuber 1 have a Description: The Black Aluminium Cup is a stylish and durable cup suitable for both hot and cold beverages. Its sleek black design adds a modern touch to your drinkware collection.
2025-12-30 03:13:50 INFO  STEP: Card nuber 1 have a Price: 5.99
2025-12-30 03:13:50 INFO  STEP: Card nuber 1 have a Rating: 4.5
(4 reviews)
2025-12-30 03:13:51 INFO  STEP PASS: Card nuber 1 dont have a Additional Images Button
2025-12-30 03:13:51 ERROR STEP FAIL: Card #1 should have all the components
2025-12-30 03:13:51 ERROR === FAIL  tests.productCardsTests.ProductCardElementsTests.cardValidation[Exp#5 [f1=1, f2=2, f3=2, f4=2, f5=3, f6=3, f7=1, f8=1]] ===
java.lang.AssertionError: Card #1 should have all the components
	at org.junit.Assert.fail(Assert.java:89) ~[junit-4.13.jar:4.13]
	at org.junit.Assert.assertTrue(Assert.java:42) ~[junit-4.13.jar:4.13]
	at tests.BaseTest.checkTrue(BaseTest.java:92) ~[test-classes/:?]
	at tests.productCardsTests.ProductCardElementsTests.cardValidation(ProductCardElementsTests.java:61) ~[test-classes/:?]
	at jdk.internal.reflect.DirectMethodHandleAccessor.invoke(DirectMethodHandleAccessor.java:103) ~[?:?]
	at java.lang.reflect.Method.invoke(Method.java:580) ~[?:?]
	at org.junit.runners.model.FrameworkMethod$1.runReflectiveCall(FrameworkMethod.java:59) ~[junit-4.13.jar:4.13]
	at org.junit.internal.runners.model.ReflectiveCallable.run(ReflectiveCallable.java:12) ~[junit-4.13.jar:4.13]
	at org.junit.runners.model.FrameworkMethod.invokeExplosively(FrameworkMethod.java:56) ~[junit-4.13.jar:4.13]
	at org.junit.internal.runners.statements.InvokeMethod.evaluate(InvokeMethod.java:17) ~[junit-4.13.jar:4.13]
	at org.junit.internal.runners.statements.RunBefores.evaluate(RunBefores.java:26) ~[junit-4.13.jar:4.13]
	at org.junit.internal.runners.statements.RunAfters.evaluate(RunAfters.java:27) ~[junit-4.13.jar:4.13]
	at org.junit.rules.TestWatcher$1.evaluate(TestWatcher.java:61) [junit-4.13.jar:4.13]
	at org.junit.runners.ParentRunner$3.evaluate(ParentRunner.java:306) [junit-4.13.jar:4.13]
	at org.junit.runners.BlockJUnit4ClassRunner$1.evaluate(BlockJUnit4ClassRunner.java:100) [junit-4.13.jar:4.13]
	at org.junit.runners.ParentRunner.runLeaf(ParentRunner.java:366) [junit-4.13.jar:4.13]
	at org.junit.runners.BlockJUnit4ClassRunner.runChild(BlockJUnit4ClassRunner.java:103) [junit-4.13.jar:4.13]
	at org.junit.runners.BlockJUnit4ClassRunner.runChild(BlockJUnit4ClassRunner.java:63) [junit-4.13.jar:4.13]
	at org.junit.runners.ParentRunner$4.run(ParentRunner.java:331) [junit-4.13.jar:4.13]
	at org.junit.runners.ParentRunner$1.schedule(ParentRunner.java:79) [junit-4.13.jar:4.13]
	at org.junit.runners.ParentRunner.runChildren(ParentRunner.java:329) [junit-4.13.jar:4.13]
	at org.junit.runners.ParentRunner.access$100(ParentRunner.java:66) [junit-4.13.jar:4.13]
	at org.junit.runners.ParentRunner$2.evaluate(ParentRunner.java:293) [junit-4.13.jar:4.13]
	at org.junit.runners.ParentRunner.run(ParentRunner.java:413) [junit-4.13.jar:4.13]
	at org.junit.runners.Suite.runChild(Suite.java:128) [junit-4.13.jar:4.13]
	at org.junit.runners.Suite.runChild(Suite.java:27) [junit-4.13.jar:4.13]
	at org.junit.runners.ParentRunner$4.run(ParentRunner.java:331) [junit-4.13.jar:4.13]
	at org.junit.runners.ParentRunner$1.schedule(ParentRunner.java:79) [junit-4.13.jar:4.13]
	at org.junit.runners.ParentRunner.runChildren(ParentRunner.java:329) [junit-4.13.jar:4.13]
	at org.junit.runners.ParentRunner.access$100(ParentRunner.java:66) [junit-4.13.jar:4.13]
	at org.junit.runners.ParentRunner$2.evaluate(ParentRunner.java:293) [junit-4.13.jar:4.13]
	at org.junit.internal.runners.statements.RunAfters.evaluate(RunAfters.java:27) [junit-4.13.jar:4.13]
	at org.junit.runners.ParentRunner$3.evaluate(ParentRunner.java:306) [junit-4.13.jar:4.13]
	at org.junit.runners.ParentRunner.run(ParentRunner.java:413) [junit-4.13.jar:4.13]
	at org.eclipse.jdt.internal.junit4.runner.JUnit4TestReference.run(JUnit4TestReference.java:93) [.cp/:?]
	at org.eclipse.jdt.internal.junit.runner.TestExecution.run(TestExecution.java:40) [.cp/:?]
	at org.eclipse.jdt.internal.junit.runner.RemoteTestRunner.runTests(RemoteTestRunner.java:530) [.cp/:?]
	at org.eclipse.jdt.internal.junit.runner.RemoteTestRunner.runTests(RemoteTestRunner.java:758) [.cp/:?]
	at org.eclipse.jdt.internal.junit.runner.RemoteTestRunner.run(RemoteTestRunner.java:453) [.cp/:?]
	at org.eclipse.jdt.internal.junit.runner.RemoteTestRunner.main(RemoteTestRunner.java:211) [.cp/:?]
2025-12-30 03:13:51 INFO  === END   tests.productCardsTests.ProductCardElementsTests.cardValidation[Exp#5 [f1=1, f2=2, f3=2, f4=2, f5=3, f6=3, f7=1, f8=1]] ===
2025-12-30 03:13:51 INFO  === START tests.productCardsTests.ProductCardElementsTests.cardValidation[Exp#6 [f1=1, f2=2, f3=3, f4=3, f5=1, f6=1, f7=2, f8=2]] ===
2025-12-30 03:13:51 INFO  STEP: 📝 New input: Filling form fields.
2025-12-30 03:13:54 INFO  STEP: Card nuber 1 have a Thumbnail
2025-12-30 03:13:54 INFO  STEP: Card nuber 1 have a Title: Baseball Ball
2025-12-30 03:13:54 INFO  STEP: Card nuber 1 have a Description: The Baseball Ball is a standard baseball used in baseball games. It features a durable leather cover and is designed for pitching, hitting, and fielding in the game of baseball.
2025-12-30 03:13:54 INFO  STEP: Card nuber 1 have a Price: 8.99
2025-12-30 03:13:54 INFO  STEP: Card nuber 1 have a Rating: 2.6
(4 reviews)
2025-12-30 03:13:54 INFO  STEP PASS: Card nuber 1 dont have a Additional Images Button
2025-12-30 03:13:54 ERROR STEP FAIL: Card #1 should have all the components
2025-12-30 03:13:54 ERROR === FAIL  tests.productCardsTests.ProductCardElementsTests.cardValidation[Exp#6 [f1=1, f2=2, f3=3, f4=3, f5=1, f6=1, f7=2, f8=2]] ===
java.lang.AssertionError: Card #1 should have all the components
	at org.junit.Assert.fail(Assert.java:89) ~[junit-4.13.jar:4.13]
	at org.junit.Assert.assertTrue(Assert.java:42) ~[junit-4.13.jar:4.13]
	at tests.BaseTest.checkTrue(BaseTest.java:92) ~[test-classes/:?]
	at tests.productCardsTests.ProductCardElementsTests.cardValidation(ProductCardElementsTests.java:61) ~[test-classes/:?]
	at jdk.internal.reflect.DirectMethodHandleAccessor.invoke(DirectMethodHandleAccessor.java:103) ~[?:?]
	at java.lang.reflect.Method.invoke(Method.java:580) ~[?:?]
	at org.junit.runners.model.FrameworkMethod$1.runReflectiveCall(FrameworkMethod.java:59) ~[junit-4.13.jar:4.13]
	at org.junit.internal.runners.model.ReflectiveCallable.run(ReflectiveCallable.java:12) ~[junit-4.13.jar:4.13]
	at org.junit.runners.model.FrameworkMethod.invokeExplosively(FrameworkMethod.java:56) ~[junit-4.13.jar:4.13]
	at org.junit.internal.runners.statements.InvokeMethod.evaluate(InvokeMethod.java:17) ~[junit-4.13.jar:4.13]
	at org.junit.internal.runners.statements.RunBefores.evaluate(RunBefores.java:26) ~[junit-4.13.jar:4.13]
	at org.junit.internal.runners.statements.RunAfters.evaluate(RunAfters.java:27) ~[junit-4.13.jar:4.13]
	at org.junit.rules.TestWatcher$1.evaluate(TestWatcher.java:61) [junit-4.13.jar:4.13]
	at org.junit.runners.ParentRunner$3.evaluate(ParentRunner.java:306) [junit-4.13.jar:4.13]
	at org.junit.runners.BlockJUnit4ClassRunner$1.evaluate(BlockJUnit4ClassRunner.java:100) [junit-4.13.jar:4.13]
	at org.junit.runners.ParentRunner.runLeaf(ParentRunner.java:366) [junit-4.13.jar:4.13]
	at org.junit.runners.BlockJUnit4ClassRunner.runChild(BlockJUnit4ClassRunner.java:103) [junit-4.13.jar:4.13]
	at org.junit.runners.BlockJUnit4ClassRunner.runChild(BlockJUnit4ClassRunner.java:63) [junit-4.13.jar:4.13]
	at org.junit.runners.ParentRunner$4.run(ParentRunner.java:331) [junit-4.13.jar:4.13]
	at org.junit.runners.ParentRunner$1.schedule(ParentRunner.java:79) [junit-4.13.jar:4.13]
	at org.junit.runners.ParentRunner.runChildren(ParentRunner.java:329) [junit-4.13.jar:4.13]
	at org.junit.runners.ParentRunner.access$100(ParentRunner.java:66) [junit-4.13.jar:4.13]
	at org.junit.runners.ParentRunner$2.evaluate(ParentRunner.java:293) [junit-4.13.jar:4.13]
	at org.junit.runners.ParentRunner.run(ParentRunner.java:413) [junit-4.13.jar:4.13]
	at org.junit.runners.Suite.runChild(Suite.java:128) [junit-4.13.jar:4.13]
	at org.junit.runners.Suite.runChild(Suite.java:27) [junit-4.13.jar:4.13]
	at org.junit.runners.ParentRunner$4.run(ParentRunner.java:331) [junit-4.13.jar:4.13]
	at org.junit.runners.ParentRunner$1.schedule(ParentRunner.java:79) [junit-4.13.jar:4.13]
	at org.junit.runners.ParentRunner.runChildren(ParentRunner.java:329) [junit-4.13.jar:4.13]
	at org.junit.runners.ParentRunner.access$100(ParentRunner.java:66) [junit-4.13.jar:4.13]
	at org.junit.runners.ParentRunner$2.evaluate(ParentRunner.java:293) [junit-4.13.jar:4.13]
	at org.junit.internal.runners.statements.RunAfters.evaluate(RunAfters.java:27) [junit-4.13.jar:4.13]
	at org.junit.runners.ParentRunner$3.evaluate(ParentRunner.java:306) [junit-4.13.jar:4.13]
	at org.junit.runners.ParentRunner.run(ParentRunner.java:413) [junit-4.13.jar:4.13]
	at org.eclipse.jdt.internal.junit4.runner.JUnit4TestReference.run(JUnit4TestReference.java:93) [.cp/:?]
	at org.eclipse.jdt.internal.junit.runner.TestExecution.run(TestExecution.java:40) [.cp/:?]
	at org.eclipse.jdt.internal.junit.runner.RemoteTestRunner.runTests(RemoteTestRunner.java:530) [.cp/:?]
	at org.eclipse.jdt.internal.junit.runner.RemoteTestRunner.runTests(RemoteTestRunner.java:758) [.cp/:?]
	at org.eclipse.jdt.internal.junit.runner.RemoteTestRunner.run(RemoteTestRunner.java:453) [.cp/:?]
	at org.eclipse.jdt.internal.junit.runner.RemoteTestRunner.main(RemoteTestRunner.java:211) [.cp/:?]
2025-12-30 03:13:54 INFO  === END   tests.productCardsTests.ProductCardElementsTests.cardValidation[Exp#6 [f1=1, f2=2, f3=3, f4=3, f5=1, f6=1, f7=2, f8=2]] ===
2025-12-30 03:13:54 INFO  === START tests.productCardsTests.ProductCardElementsTests.cardValidation[Exp#7 [f1=1, f2=3, f3=1, f4=2, f5=1, f6=3, f7=2, f8=3]] ===
2025-12-30 03:13:54 INFO  STEP: 📝 New input: Filling form fields.
2025-12-30 03:13:58 INFO  STEP: Card nuber 1 have a Thumbnail
2025-12-30 03:13:58 INFO  STEP: Card nuber 1 have a Title: Baseball Ball
2025-12-30 03:13:58 INFO  STEP: Card nuber 1 have a Description: The Baseball Ball is a standard baseball used in baseball games. It features a durable leather cover and is designed for pitching, hitting, and fielding in the game of baseball.
2025-12-30 03:13:58 INFO  STEP: Card nuber 1 have a Price: 8.99
2025-12-30 03:13:58 INFO  STEP: Card nuber 1 have a Rating: 2.6
(4 reviews)
2025-12-30 03:13:58 INFO  STEP PASS: Card nuber 1 dont have a Additional Images Button
2025-12-30 03:13:58 ERROR STEP FAIL: Card #1 should have all the components
2025-12-30 03:13:58 ERROR === FAIL  tests.productCardsTests.ProductCardElementsTests.cardValidation[Exp#7 [f1=1, f2=3, f3=1, f4=2, f5=1, f6=3, f7=2, f8=3]] ===
java.lang.AssertionError: Card #1 should have all the components
	at org.junit.Assert.fail(Assert.java:89) ~[junit-4.13.jar:4.13]
	at org.junit.Assert.assertTrue(Assert.java:42) ~[junit-4.13.jar:4.13]
	at tests.BaseTest.checkTrue(BaseTest.java:92) ~[test-classes/:?]
	at tests.productCardsTests.ProductCardElementsTests.cardValidation(ProductCardElementsTests.java:61) ~[test-classes/:?]
	at jdk.internal.reflect.DirectMethodHandleAccessor.invoke(DirectMethodHandleAccessor.java:103) ~[?:?]
	at java.lang.reflect.Method.invoke(Method.java:580) ~[?:?]
	at org.junit.runners.model.FrameworkMethod$1.runReflectiveCall(FrameworkMethod.java:59) ~[junit-4.13.jar:4.13]
	at org.junit.internal.runners.model.ReflectiveCallable.run(ReflectiveCallable.java:12) ~[junit-4.13.jar:4.13]
	at org.junit.runners.model.FrameworkMethod.invokeExplosively(FrameworkMethod.java:56) ~[junit-4.13.jar:4.13]
	at org.junit.internal.runners.statements.InvokeMethod.evaluate(InvokeMethod.java:17) ~[junit-4.13.jar:4.13]
	at org.junit.internal.runners.statements.RunBefores.evaluate(RunBefores.java:26) ~[junit-4.13.jar:4.13]
	at org.junit.internal.runners.statements.RunAfters.evaluate(RunAfters.java:27) ~[junit-4.13.jar:4.13]
	at org.junit.rules.TestWatcher$1.evaluate(TestWatcher.java:61) [junit-4.13.jar:4.13]
	at org.junit.runners.ParentRunner$3.evaluate(ParentRunner.java:306) [junit-4.13.jar:4.13]
	at org.junit.runners.BlockJUnit4ClassRunner$1.evaluate(BlockJUnit4ClassRunner.java:100) [junit-4.13.jar:4.13]
	at org.junit.runners.ParentRunner.runLeaf(ParentRunner.java:366) [junit-4.13.jar:4.13]
	at org.junit.runners.BlockJUnit4ClassRunner.runChild(BlockJUnit4ClassRunner.java:103) [junit-4.13.jar:4.13]
	at org.junit.runners.BlockJUnit4ClassRunner.runChild(BlockJUnit4ClassRunner.java:63) [junit-4.13.jar:4.13]
	at org.junit.runners.ParentRunner$4.run(ParentRunner.java:331) [junit-4.13.jar:4.13]
	at org.junit.runners.ParentRunner$1.schedule(ParentRunner.java:79) [junit-4.13.jar:4.13]
	at org.junit.runners.ParentRunner.runChildren(ParentRunner.java:329) [junit-4.13.jar:4.13]
	at org.junit.runners.ParentRunner.access$100(ParentRunner.java:66) [junit-4.13.jar:4.13]
	at org.junit.runners.ParentRunner$2.evaluate(ParentRunner.java:293) [junit-4.13.jar:4.13]
	at org.junit.runners.ParentRunner.run(ParentRunner.java:413) [junit-4.13.jar:4.13]
	at org.junit.runners.Suite.runChild(Suite.java:128) [junit-4.13.jar:4.13]
	at org.junit.runners.Suite.runChild(Suite.java:27) [junit-4.13.jar:4.13]
	at org.junit.runners.ParentRunner$4.run(ParentRunner.java:331) [junit-4.13.jar:4.13]
	at org.junit.runners.ParentRunner$1.schedule(ParentRunner.java:79) [junit-4.13.jar:4.13]
	at org.junit.runners.ParentRunner.runChildren(ParentRunner.java:329) [junit-4.13.jar:4.13]
	at org.junit.runners.ParentRunner.access$100(ParentRunner.java:66) [junit-4.13.jar:4.13]
	at org.junit.runners.ParentRunner$2.evaluate(ParentRunner.java:293) [junit-4.13.jar:4.13]
	at org.junit.internal.runners.statements.RunAfters.evaluate(RunAfters.java:27) [junit-4.13.jar:4.13]
	at org.junit.runners.ParentRunner$3.evaluate(ParentRunner.java:306) [junit-4.13.jar:4.13]
	at org.junit.runners.ParentRunner.run(ParentRunner.java:413) [junit-4.13.jar:4.13]
	at org.eclipse.jdt.internal.junit4.runner.JUnit4TestReference.run(JUnit4TestReference.java:93) [.cp/:?]
	at org.eclipse.jdt.internal.junit.runner.TestExecution.run(TestExecution.java:40) [.cp/:?]
	at org.eclipse.jdt.internal.junit.runner.RemoteTestRunner.runTests(RemoteTestRunner.java:530) [.cp/:?]
	at org.eclipse.jdt.internal.junit.runner.RemoteTestRunner.runTests(RemoteTestRunner.java:758) [.cp/:?]
	at org.eclipse.jdt.internal.junit.runner.RemoteTestRunner.run(RemoteTestRunner.java:453) [.cp/:?]
	at org.eclipse.jdt.internal.junit.runner.RemoteTestRunner.main(RemoteTestRunner.java:211) [.cp/:?]
2025-12-30 03:13:58 INFO  === END   tests.productCardsTests.ProductCardElementsTests.cardValidation[Exp#7 [f1=1, f2=3, f3=1, f4=2, f5=1, f6=3, f7=2, f8=3]] ===
2025-12-30 03:13:58 INFO  === START tests.productCardsTests.ProductCardElementsTests.cardValidation[Exp#8 [f1=1, f2=3, f3=2, f4=3, f5=2, f6=1, f7=3, f8=1]] ===
2025-12-30 03:13:58 INFO  STEP: 📝 New input: Filling form fields.
2025-12-30 03:14:02 INFO  STEP: Card nuber 1 have a Thumbnail
2025-12-30 03:14:02 INFO  STEP: Card nuber 1 have a Title: iPhone 5s
2025-12-30 03:14:02 INFO  STEP: Card nuber 1 have a Description: The iPhone 5s is a classic smartphone known for its compact design and advanced features during its release. While it's an older model, it still provides a reliable user experience.
2025-12-30 03:14:02 INFO  STEP: Card nuber 1 have a Price: 199.99
2025-12-30 03:14:03 INFO  STEP: Card nuber 1 have a Rating: 2.8
(4 reviews)
2025-12-30 03:14:03 INFO  STEP PASS: Card nuber 1 dont have a Additional Images Button
2025-12-30 03:14:03 ERROR STEP FAIL: Card #1 should have all the components
2025-12-30 03:14:03 ERROR === FAIL  tests.productCardsTests.ProductCardElementsTests.cardValidation[Exp#8 [f1=1, f2=3, f3=2, f4=3, f5=2, f6=1, f7=3, f8=1]] ===
java.lang.AssertionError: Card #1 should have all the components
	at org.junit.Assert.fail(Assert.java:89) ~[junit-4.13.jar:4.13]
	at org.junit.Assert.assertTrue(Assert.java:42) ~[junit-4.13.jar:4.13]
	at tests.BaseTest.checkTrue(BaseTest.java:92) ~[test-classes/:?]
	at tests.productCardsTests.ProductCardElementsTests.cardValidation(ProductCardElementsTests.java:61) ~[test-classes/:?]
	at jdk.internal.reflect.DirectMethodHandleAccessor.invoke(DirectMethodHandleAccessor.java:103) ~[?:?]
	at java.lang.reflect.Method.invoke(Method.java:580) ~[?:?]
	at org.junit.runners.model.FrameworkMethod$1.runReflectiveCall(FrameworkMethod.java:59) ~[junit-4.13.jar:4.13]
	at org.junit.internal.runners.model.ReflectiveCallable.run(ReflectiveCallable.java:12) ~[junit-4.13.jar:4.13]
	at org.junit.runners.model.FrameworkMethod.invokeExplosively(FrameworkMethod.java:56) ~[junit-4.13.jar:4.13]
	at org.junit.internal.runners.statements.InvokeMethod.evaluate(InvokeMethod.java:17) ~[junit-4.13.jar:4.13]
	at org.junit.internal.runners.statements.RunBefores.evaluate(RunBefores.java:26) ~[junit-4.13.jar:4.13]
	at org.junit.internal.runners.statements.RunAfters.evaluate(RunAfters.java:27) ~[junit-4.13.jar:4.13]
	at org.junit.rules.TestWatcher$1.evaluate(TestWatcher.java:61) [junit-4.13.jar:4.13]
	at org.junit.runners.ParentRunner$3.evaluate(ParentRunner.java:306) [junit-4.13.jar:4.13]
	at org.junit.runners.BlockJUnit4ClassRunner$1.evaluate(BlockJUnit4ClassRunner.java:100) [junit-4.13.jar:4.13]
	at org.junit.runners.ParentRunner.runLeaf(ParentRunner.java:366) [junit-4.13.jar:4.13]
	at org.junit.runners.BlockJUnit4ClassRunner.runChild(BlockJUnit4ClassRunner.java:103) [junit-4.13.jar:4.13]
	at org.junit.runners.BlockJUnit4ClassRunner.runChild(BlockJUnit4ClassRunner.java:63) [junit-4.13.jar:4.13]
	at org.junit.runners.ParentRunner$4.run(ParentRunner.java:331) [junit-4.13.jar:4.13]
	at org.junit.runners.ParentRunner$1.schedule(ParentRunner.java:79) [junit-4.13.jar:4.13]
	at org.junit.runners.ParentRunner.runChildren(ParentRunner.java:329) [junit-4.13.jar:4.13]
	at org.junit.runners.ParentRunner.access$100(ParentRunner.java:66) [junit-4.13.jar:4.13]
	at org.junit.runners.ParentRunner$2.evaluate(ParentRunner.java:293) [junit-4.13.jar:4.13]
	at org.junit.runners.ParentRunner.run(ParentRunner.java:413) [junit-4.13.jar:4.13]
	at org.junit.runners.Suite.runChild(Suite.java:128) [junit-4.13.jar:4.13]
	at org.junit.runners.Suite.runChild(Suite.java:27) [junit-4.13.jar:4.13]
	at org.junit.runners.ParentRunner$4.run(ParentRunner.java:331) [junit-4.13.jar:4.13]
	at org.junit.runners.ParentRunner$1.schedule(ParentRunner.java:79) [junit-4.13.jar:4.13]
	at org.junit.runners.ParentRunner.runChildren(ParentRunner.java:329) [junit-4.13.jar:4.13]
	at org.junit.runners.ParentRunner.access$100(ParentRunner.java:66) [junit-4.13.jar:4.13]
	at org.junit.runners.ParentRunner$2.evaluate(ParentRunner.java:293) [junit-4.13.jar:4.13]
	at org.junit.internal.runners.statements.RunAfters.evaluate(RunAfters.java:27) [junit-4.13.jar:4.13]
	at org.junit.runners.ParentRunner$3.evaluate(ParentRunner.java:306) [junit-4.13.jar:4.13]
	at org.junit.runners.ParentRunner.run(ParentRunner.java:413) [junit-4.13.jar:4.13]
	at org.eclipse.jdt.internal.junit4.runner.JUnit4TestReference.run(JUnit4TestReference.java:93) [.cp/:?]
	at org.eclipse.jdt.internal.junit.runner.TestExecution.run(TestExecution.java:40) [.cp/:?]
	at org.eclipse.jdt.internal.junit.runner.RemoteTestRunner.runTests(RemoteTestRunner.java:530) [.cp/:?]
	at org.eclipse.jdt.internal.junit.runner.RemoteTestRunner.runTests(RemoteTestRunner.java:758) [.cp/:?]
	at org.eclipse.jdt.internal.junit.runner.RemoteTestRunner.run(RemoteTestRunner.java:453) [.cp/:?]
	at org.eclipse.jdt.internal.junit.runner.RemoteTestRunner.main(RemoteTestRunner.java:211) [.cp/:?]
2025-12-30 03:14:03 INFO  === END   tests.productCardsTests.ProductCardElementsTests.cardValidation[Exp#8 [f1=1, f2=3, f3=2, f4=3, f5=2, f6=1, f7=3, f8=1]] ===
2025-12-30 03:14:03 INFO  === START tests.productCardsTests.ProductCardElementsTests.cardValidation[Exp#9 [f1=1, f2=3, f3=3, f4=1, f5=3, f6=2, f7=1, f8=2]] ===
2025-12-30 03:14:03 INFO  STEP: 📝 New input: Filling form fields.
2025-12-30 03:14:06 INFO  STEP: Card nuber 1 have a Thumbnail
2025-12-30 03:14:06 INFO  STEP: Card nuber 1 have a Title: Baseball Ball
2025-12-30 03:14:06 INFO  STEP: Card nuber 1 have a Description: The Baseball Ball is a standard baseball used in baseball games. It features a durable leather cover and is designed for pitching, hitting, and fielding in the game of baseball.
2025-12-30 03:14:06 INFO  STEP: Card nuber 1 have a Price: 8.99
2025-12-30 03:14:07 INFO  STEP: Card nuber 1 have a Rating: 2.6
(4 reviews)
2025-12-30 03:14:07 INFO  STEP PASS: Card nuber 1 dont have a Additional Images Button
2025-12-30 03:14:07 ERROR STEP FAIL: Card #1 should have all the components
2025-12-30 03:14:07 ERROR === FAIL  tests.productCardsTests.ProductCardElementsTests.cardValidation[Exp#9 [f1=1, f2=3, f3=3, f4=1, f5=3, f6=2, f7=1, f8=2]] ===
java.lang.AssertionError: Card #1 should have all the components
	at org.junit.Assert.fail(Assert.java:89) ~[junit-4.13.jar:4.13]
	at org.junit.Assert.assertTrue(Assert.java:42) ~[junit-4.13.jar:4.13]
	at tests.BaseTest.checkTrue(BaseTest.java:92) ~[test-classes/:?]
	at tests.productCardsTests.ProductCardElementsTests.cardValidation(ProductCardElementsTests.java:61) ~[test-classes/:?]
	at jdk.internal.reflect.DirectMethodHandleAccessor.invoke(DirectMethodHandleAccessor.java:103) ~[?:?]
	at java.lang.reflect.Method.invoke(Method.java:580) ~[?:?]
	at org.junit.runners.model.FrameworkMethod$1.runReflectiveCall(FrameworkMethod.java:59) ~[junit-4.13.jar:4.13]
	at org.junit.internal.runners.model.ReflectiveCallable.run(ReflectiveCallable.java:12) ~[junit-4.13.jar:4.13]
	at org.junit.runners.model.FrameworkMethod.invokeExplosively(FrameworkMethod.java:56) ~[junit-4.13.jar:4.13]
	at org.junit.internal.runners.statements.InvokeMethod.evaluate(InvokeMethod.java:17) ~[junit-4.13.jar:4.13]
	at org.junit.internal.runners.statements.RunBefores.evaluate(RunBefores.java:26) ~[junit-4.13.jar:4.13]
	at org.junit.internal.runners.statements.RunAfters.evaluate(RunAfters.java:27) ~[junit-4.13.jar:4.13]
	at org.junit.rules.TestWatcher$1.evaluate(TestWatcher.java:61) [junit-4.13.jar:4.13]
	at org.junit.runners.ParentRunner$3.evaluate(ParentRunner.java:306) [junit-4.13.jar:4.13]
	at org.junit.runners.BlockJUnit4ClassRunner$1.evaluate(BlockJUnit4ClassRunner.java:100) [junit-4.13.jar:4.13]
	at org.junit.runners.ParentRunner.runLeaf(ParentRunner.java:366) [junit-4.13.jar:4.13]
	at org.junit.runners.BlockJUnit4ClassRunner.runChild(BlockJUnit4ClassRunner.java:103) [junit-4.13.jar:4.13]
	at org.junit.runners.BlockJUnit4ClassRunner.runChild(BlockJUnit4ClassRunner.java:63) [junit-4.13.jar:4.13]
	at org.junit.runners.ParentRunner$4.run(ParentRunner.java:331) [junit-4.13.jar:4.13]
	at org.junit.runners.ParentRunner$1.schedule(ParentRunner.java:79) [junit-4.13.jar:4.13]
	at org.junit.runners.ParentRunner.runChildren(ParentRunner.java:329) [junit-4.13.jar:4.13]
	at org.junit.runners.ParentRunner.access$100(ParentRunner.java:66) [junit-4.13.jar:4.13]
	at org.junit.runners.ParentRunner$2.evaluate(ParentRunner.java:293) [junit-4.13.jar:4.13]
	at org.junit.runners.ParentRunner.run(ParentRunner.java:413) [junit-4.13.jar:4.13]
	at org.junit.runners.Suite.runChild(Suite.java:128) [junit-4.13.jar:4.13]
	at org.junit.runners.Suite.runChild(Suite.java:27) [junit-4.13.jar:4.13]
	at org.junit.runners.ParentRunner$4.run(ParentRunner.java:331) [junit-4.13.jar:4.13]
	at org.junit.runners.ParentRunner$1.schedule(ParentRunner.java:79) [junit-4.13.jar:4.13]
	at org.junit.runners.ParentRunner.runChildren(ParentRunner.java:329) [junit-4.13.jar:4.13]
	at org.junit.runners.ParentRunner.access$100(ParentRunner.java:66) [junit-4.13.jar:4.13]
	at org.junit.runners.ParentRunner$2.evaluate(ParentRunner.java:293) [junit-4.13.jar:4.13]
	at org.junit.internal.runners.statements.RunAfters.evaluate(RunAfters.java:27) [junit-4.13.jar:4.13]
	at org.junit.runners.ParentRunner$3.evaluate(ParentRunner.java:306) [junit-4.13.jar:4.13]
	at org.junit.runners.ParentRunner.run(ParentRunner.java:413) [junit-4.13.jar:4.13]
	at org.eclipse.jdt.internal.junit4.runner.JUnit4TestReference.run(JUnit4TestReference.java:93) [.cp/:?]
	at org.eclipse.jdt.internal.junit.runner.TestExecution.run(TestExecution.java:40) [.cp/:?]
	at org.eclipse.jdt.internal.junit.runner.RemoteTestRunner.runTests(RemoteTestRunner.java:530) [.cp/:?]
	at org.eclipse.jdt.internal.junit.runner.RemoteTestRunner.runTests(RemoteTestRunner.java:758) [.cp/:?]
	at org.eclipse.jdt.internal.junit.runner.RemoteTestRunner.run(RemoteTestRunner.java:453) [.cp/:?]
	at org.eclipse.jdt.internal.junit.runner.RemoteTestRunner.main(RemoteTestRunner.java:211) [.cp/:?]
2025-12-30 03:14:07 INFO  === END   tests.productCardsTests.ProductCardElementsTests.cardValidation[Exp#9 [f1=1, f2=3, f3=3, f4=1, f5=3, f6=2, f7=1, f8=2]] ===
2025-12-30 03:14:07 INFO  === START tests.productCardsTests.ProductCardElementsTests.cardValidation[Exp#10 [f1=2, f2=1, f3=1, f4=3, f5=3, f6=2, f7=2, f8=1]] ===
2025-12-30 03:14:07 INFO  STEP: 📝 New input: Filling form fields.
2025-12-30 03:14:10 INFO  STEP: Card nuber 1 have a Thumbnail
2025-12-30 03:14:10 INFO  STEP: Card nuber 1 have a Title: Black Aluminium Cup
2025-12-30 03:14:10 INFO  STEP: Card nuber 1 have a Description: The Black Aluminium Cup is a stylish and durable cup suitable for both hot and cold beverages. Its sleek black design adds a modern touch to your drinkware collection.
2025-12-30 03:14:10 INFO  STEP: Card nuber 1 have a Price: 5.99
2025-12-30 03:14:10 INFO  STEP: Card nuber 1 have a Rating: 4.5
(4 reviews)
2025-12-30 03:14:10 INFO  STEP PASS: Card nuber 1 dont have a Additional Images Button
2025-12-30 03:14:10 ERROR STEP FAIL: Card #1 should have all the components
2025-12-30 03:14:10 ERROR === FAIL  tests.productCardsTests.ProductCardElementsTests.cardValidation[Exp#10 [f1=2, f2=1, f3=1, f4=3, f5=3, f6=2, f7=2, f8=1]] ===
java.lang.AssertionError: Card #1 should have all the components
	at org.junit.Assert.fail(Assert.java:89) ~[junit-4.13.jar:4.13]
	at org.junit.Assert.assertTrue(Assert.java:42) ~[junit-4.13.jar:4.13]
	at tests.BaseTest.checkTrue(BaseTest.java:92) ~[test-classes/:?]
	at tests.productCardsTests.ProductCardElementsTests.cardValidation(ProductCardElementsTests.java:61) ~[test-classes/:?]
	at jdk.internal.reflect.DirectMethodHandleAccessor.invoke(DirectMethodHandleAccessor.java:103) ~[?:?]
	at java.lang.reflect.Method.invoke(Method.java:580) ~[?:?]
	at org.junit.runners.model.FrameworkMethod$1.runReflectiveCall(FrameworkMethod.java:59) ~[junit-4.13.jar:4.13]
	at org.junit.internal.runners.model.ReflectiveCallable.run(ReflectiveCallable.java:12) ~[junit-4.13.jar:4.13]
	at org.junit.runners.model.FrameworkMethod.invokeExplosively(FrameworkMethod.java:56) ~[junit-4.13.jar:4.13]
	at org.junit.internal.runners.statements.InvokeMethod.evaluate(InvokeMethod.java:17) ~[junit-4.13.jar:4.13]
	at org.junit.internal.runners.statements.RunBefores.evaluate(RunBefores.java:26) ~[junit-4.13.jar:4.13]
	at org.junit.internal.runners.statements.RunAfters.evaluate(RunAfters.java:27) ~[junit-4.13.jar:4.13]
	at org.junit.rules.TestWatcher$1.evaluate(TestWatcher.java:61) [junit-4.13.jar:4.13]
	at org.junit.runners.ParentRunner$3.evaluate(ParentRunner.java:306) [junit-4.13.jar:4.13]
	at org.junit.runners.BlockJUnit4ClassRunner$1.evaluate(BlockJUnit4ClassRunner.java:100) [junit-4.13.jar:4.13]
	at org.junit.runners.ParentRunner.runLeaf(ParentRunner.java:366) [junit-4.13.jar:4.13]
	at org.junit.runners.BlockJUnit4ClassRunner.runChild(BlockJUnit4ClassRunner.java:103) [junit-4.13.jar:4.13]
	at org.junit.runners.BlockJUnit4ClassRunner.runChild(BlockJUnit4ClassRunner.java:63) [junit-4.13.jar:4.13]
	at org.junit.runners.ParentRunner$4.run(ParentRunner.java:331) [junit-4.13.jar:4.13]
	at org.junit.runners.ParentRunner$1.schedule(ParentRunner.java:79) [junit-4.13.jar:4.13]
	at org.junit.runners.ParentRunner.runChildren(ParentRunner.java:329) [junit-4.13.jar:4.13]
	at org.junit.runners.ParentRunner.access$100(ParentRunner.java:66) [junit-4.13.jar:4.13]
	at org.junit.runners.ParentRunner$2.evaluate(ParentRunner.java:293) [junit-4.13.jar:4.13]
	at org.junit.runners.ParentRunner.run(ParentRunner.java:413) [junit-4.13.jar:4.13]
	at org.junit.runners.Suite.runChild(Suite.java:128) [junit-4.13.jar:4.13]
	at org.junit.runners.Suite.runChild(Suite.java:27) [junit-4.13.jar:4.13]
	at org.junit.runners.ParentRunner$4.run(ParentRunner.java:331) [junit-4.13.jar:4.13]
	at org.junit.runners.ParentRunner$1.schedule(ParentRunner.java:79) [junit-4.13.jar:4.13]
	at org.junit.runners.ParentRunner.runChildren(ParentRunner.java:329) [junit-4.13.jar:4.13]
	at org.junit.runners.ParentRunner.access$100(ParentRunner.java:66) [junit-4.13.jar:4.13]
	at org.junit.runners.ParentRunner$2.evaluate(ParentRunner.java:293) [junit-4.13.jar:4.13]
	at org.junit.internal.runners.statements.RunAfters.evaluate(RunAfters.java:27) [junit-4.13.jar:4.13]
	at org.junit.runners.ParentRunner$3.evaluate(ParentRunner.java:306) [junit-4.13.jar:4.13]
	at org.junit.runners.ParentRunner.run(ParentRunner.java:413) [junit-4.13.jar:4.13]
	at org.eclipse.jdt.internal.junit4.runner.JUnit4TestReference.run(JUnit4TestReference.java:93) [.cp/:?]
	at org.eclipse.jdt.internal.junit.runner.TestExecution.run(TestExecution.java:40) [.cp/:?]
	at org.eclipse.jdt.internal.junit.runner.RemoteTestRunner.runTests(RemoteTestRunner.java:530) [.cp/:?]
	at org.eclipse.jdt.internal.junit.runner.RemoteTestRunner.runTests(RemoteTestRunner.java:758) [.cp/:?]
	at org.eclipse.jdt.internal.junit.runner.RemoteTestRunner.run(RemoteTestRunner.java:453) [.cp/:?]
	at org.eclipse.jdt.internal.junit.runner.RemoteTestRunner.main(RemoteTestRunner.java:211) [.cp/:?]
2025-12-30 03:14:10 INFO  === END   tests.productCardsTests.ProductCardElementsTests.cardValidation[Exp#10 [f1=2, f2=1, f3=1, f4=3, f5=3, f6=2, f7=2, f8=1]] ===
2025-12-30 03:14:10 INFO  === START tests.productCardsTests.ProductCardElementsTests.cardValidation[Exp#11 [f1=2, f2=1, f3=2, f4=1, f5=1, f6=3, f7=3, f8=2]] ===
2025-12-30 03:14:10 INFO  STEP: 📝 New input: Filling form fields.
2025-12-30 03:14:14 INFO  STEP: Card nuber 1 have a Thumbnail
2025-12-30 03:14:14 INFO  STEP: Card nuber 1 have a Title: Black Aluminium Cup
2025-12-30 03:14:14 INFO  STEP: Card nuber 1 have a Description: The Black Aluminium Cup is a stylish and durable cup suitable for both hot and cold beverages. Its sleek black design adds a modern touch to your drinkware collection.
2025-12-30 03:14:14 INFO  STEP: Card nuber 1 have a Price: 5.99
2025-12-30 03:14:14 INFO  STEP: Card nuber 1 have a Rating: 4.5
(4 reviews)
2025-12-30 03:14:14 INFO  STEP PASS: Card nuber 1 dont have a Additional Images Button
2025-12-30 03:14:14 ERROR STEP FAIL: Card #1 should have all the components
2025-12-30 03:14:14 ERROR === FAIL  tests.productCardsTests.ProductCardElementsTests.cardValidation[Exp#11 [f1=2, f2=1, f3=2, f4=1, f5=1, f6=3, f7=3, f8=2]] ===
java.lang.AssertionError: Card #1 should have all the components
	at org.junit.Assert.fail(Assert.java:89) ~[junit-4.13.jar:4.13]
	at org.junit.Assert.assertTrue(Assert.java:42) ~[junit-4.13.jar:4.13]
	at tests.BaseTest.checkTrue(BaseTest.java:92) ~[test-classes/:?]
	at tests.productCardsTests.ProductCardElementsTests.cardValidation(ProductCardElementsTests.java:61) ~[test-classes/:?]
	at jdk.internal.reflect.DirectMethodHandleAccessor.invoke(DirectMethodHandleAccessor.java:103) ~[?:?]
	at java.lang.reflect.Method.invoke(Method.java:580) ~[?:?]
	at org.junit.runners.model.FrameworkMethod$1.runReflectiveCall(FrameworkMethod.java:59) ~[junit-4.13.jar:4.13]
	at org.junit.internal.runners.model.ReflectiveCallable.run(ReflectiveCallable.java:12) ~[junit-4.13.jar:4.13]
	at org.junit.runners.model.FrameworkMethod.invokeExplosively(FrameworkMethod.java:56) ~[junit-4.13.jar:4.13]
	at org.junit.internal.runners.statements.InvokeMethod.evaluate(InvokeMethod.java:17) ~[junit-4.13.jar:4.13]
	at org.junit.internal.runners.statements.RunBefores.evaluate(RunBefores.java:26) ~[junit-4.13.jar:4.13]
	at org.junit.internal.runners.statements.RunAfters.evaluate(RunAfters.java:27) ~[junit-4.13.jar:4.13]
	at org.junit.rules.TestWatcher$1.evaluate(TestWatcher.java:61) [junit-4.13.jar:4.13]
	at org.junit.runners.ParentRunner$3.evaluate(ParentRunner.java:306) [junit-4.13.jar:4.13]
	at org.junit.runners.BlockJUnit4ClassRunner$1.evaluate(BlockJUnit4ClassRunner.java:100) [junit-4.13.jar:4.13]
	at org.junit.runners.ParentRunner.runLeaf(ParentRunner.java:366) [junit-4.13.jar:4.13]
	at org.junit.runners.BlockJUnit4ClassRunner.runChild(BlockJUnit4ClassRunner.java:103) [junit-4.13.jar:4.13]
	at org.junit.runners.BlockJUnit4ClassRunner.runChild(BlockJUnit4ClassRunner.java:63) [junit-4.13.jar:4.13]
	at org.junit.runners.ParentRunner$4.run(ParentRunner.java:331) [junit-4.13.jar:4.13]
	at org.junit.runners.ParentRunner$1.schedule(ParentRunner.java:79) [junit-4.13.jar:4.13]
	at org.junit.runners.ParentRunner.runChildren(ParentRunner.java:329) [junit-4.13.jar:4.13]
	at org.junit.runners.ParentRunner.access$100(ParentRunner.java:66) [junit-4.13.jar:4.13]
	at org.junit.runners.ParentRunner$2.evaluate(ParentRunner.java:293) [junit-4.13.jar:4.13]
	at org.junit.runners.ParentRunner.run(ParentRunner.java:413) [junit-4.13.jar:4.13]
	at org.junit.runners.Suite.runChild(Suite.java:128) [junit-4.13.jar:4.13]
	at org.junit.runners.Suite.runChild(Suite.java:27) [junit-4.13.jar:4.13]
	at org.junit.runners.ParentRunner$4.run(ParentRunner.java:331) [junit-4.13.jar:4.13]
	at org.junit.runners.ParentRunner$1.schedule(ParentRunner.java:79) [junit-4.13.jar:4.13]
	at org.junit.runners.ParentRunner.runChildren(ParentRunner.java:329) [junit-4.13.jar:4.13]
	at org.junit.runners.ParentRunner.access$100(ParentRunner.java:66) [junit-4.13.jar:4.13]
	at org.junit.runners.ParentRunner$2.evaluate(ParentRunner.java:293) [junit-4.13.jar:4.13]
	at org.junit.internal.runners.statements.RunAfters.evaluate(RunAfters.java:27) [junit-4.13.jar:4.13]
	at org.junit.runners.ParentRunner$3.evaluate(ParentRunner.java:306) [junit-4.13.jar:4.13]
	at org.junit.runners.ParentRunner.run(ParentRunner.java:413) [junit-4.13.jar:4.13]
	at org.eclipse.jdt.internal.junit4.runner.JUnit4TestReference.run(JUnit4TestReference.java:93) [.cp/:?]
	at org.eclipse.jdt.internal.junit.runner.TestExecution.run(TestExecution.java:40) [.cp/:?]
	at org.eclipse.jdt.internal.junit.runner.RemoteTestRunner.runTests(RemoteTestRunner.java:530) [.cp/:?]
	at org.eclipse.jdt.internal.junit.runner.RemoteTestRunner.runTests(RemoteTestRunner.java:758) [.cp/:?]
	at org.eclipse.jdt.internal.junit.runner.RemoteTestRunner.run(RemoteTestRunner.java:453) [.cp/:?]
	at org.eclipse.jdt.internal.junit.runner.RemoteTestRunner.main(RemoteTestRunner.java:211) [.cp/:?]
2025-12-30 03:14:14 INFO  === END   tests.productCardsTests.ProductCardElementsTests.cardValidation[Exp#11 [f1=2, f2=1, f3=2, f4=1, f5=1, f6=3, f7=3, f8=2]] ===
2025-12-30 03:14:14 INFO  === START tests.productCardsTests.ProductCardElementsTests.cardValidation[Exp#12 [f1=2, f2=1, f3=3, f4=2, f5=2, f6=1, f7=1, f8=3]] ===
2025-12-30 03:14:14 INFO  STEP: 📝 New input: Filling form fields.
2025-12-30 03:14:18 INFO  STEP: Card nuber 1 have a Thumbnail
2025-12-30 03:14:18 INFO  STEP: Card nuber 1 have a Title: Baseball Ball
2025-12-30 03:14:18 INFO  STEP: Card nuber 1 have a Description: The Baseball Ball is a standard baseball used in baseball games. It features a durable leather cover and is designed for pitching, hitting, and fielding in the game of baseball.
2025-12-30 03:14:18 INFO  STEP: Card nuber 1 have a Price: 8.99
2025-12-30 03:14:18 INFO  STEP: Card nuber 1 have a Rating: 2.6
(4 reviews)
2025-12-30 03:14:18 INFO  STEP PASS: Card nuber 1 dont have a Additional Images Button
2025-12-30 03:14:18 ERROR STEP FAIL: Card #1 should have all the components
2025-12-30 03:14:18 ERROR === FAIL  tests.productCardsTests.ProductCardElementsTests.cardValidation[Exp#12 [f1=2, f2=1, f3=3, f4=2, f5=2, f6=1, f7=1, f8=3]] ===
java.lang.AssertionError: Card #1 should have all the components
	at org.junit.Assert.fail(Assert.java:89) ~[junit-4.13.jar:4.13]
	at org.junit.Assert.assertTrue(Assert.java:42) ~[junit-4.13.jar:4.13]
	at tests.BaseTest.checkTrue(BaseTest.java:92) ~[test-classes/:?]
	at tests.productCardsTests.ProductCardElementsTests.cardValidation(ProductCardElementsTests.java:61) ~[test-classes/:?]
	at jdk.internal.reflect.DirectMethodHandleAccessor.invoke(DirectMethodHandleAccessor.java:103) ~[?:?]
	at java.lang.reflect.Method.invoke(Method.java:580) ~[?:?]
	at org.junit.runners.model.FrameworkMethod$1.runReflectiveCall(FrameworkMethod.java:59) ~[junit-4.13.jar:4.13]
	at org.junit.internal.runners.model.ReflectiveCallable.run(ReflectiveCallable.java:12) ~[junit-4.13.jar:4.13]
	at org.junit.runners.model.FrameworkMethod.invokeExplosively(FrameworkMethod.java:56) ~[junit-4.13.jar:4.13]
	at org.junit.internal.runners.statements.InvokeMethod.evaluate(InvokeMethod.java:17) ~[junit-4.13.jar:4.13]
	at org.junit.internal.runners.statements.RunBefores.evaluate(RunBefores.java:26) ~[junit-4.13.jar:4.13]
	at org.junit.internal.runners.statements.RunAfters.evaluate(RunAfters.java:27) ~[junit-4.13.jar:4.13]
	at org.junit.rules.TestWatcher$1.evaluate(TestWatcher.java:61) [junit-4.13.jar:4.13]
	at org.junit.runners.ParentRunner$3.evaluate(ParentRunner.java:306) [junit-4.13.jar:4.13]
	at org.junit.runners.BlockJUnit4ClassRunner$1.evaluate(BlockJUnit4ClassRunner.java:100) [junit-4.13.jar:4.13]
	at org.junit.runners.ParentRunner.runLeaf(ParentRunner.java:366) [junit-4.13.jar:4.13]
	at org.junit.runners.BlockJUnit4ClassRunner.runChild(BlockJUnit4ClassRunner.java:103) [junit-4.13.jar:4.13]
	at org.junit.runners.BlockJUnit4ClassRunner.runChild(BlockJUnit4ClassRunner.java:63) [junit-4.13.jar:4.13]
	at org.junit.runners.ParentRunner$4.run(ParentRunner.java:331) [junit-4.13.jar:4.13]
	at org.junit.runners.ParentRunner$1.schedule(ParentRunner.java:79) [junit-4.13.jar:4.13]
	at org.junit.runners.ParentRunner.runChildren(ParentRunner.java:329) [junit-4.13.jar:4.13]
	at org.junit.runners.ParentRunner.access$100(ParentRunner.java:66) [junit-4.13.jar:4.13]
	at org.junit.runners.ParentRunner$2.evaluate(ParentRunner.java:293) [junit-4.13.jar:4.13]
	at org.junit.runners.ParentRunner.run(ParentRunner.java:413) [junit-4.13.jar:4.13]
	at org.junit.runners.Suite.runChild(Suite.java:128) [junit-4.13.jar:4.13]
	at org.junit.runners.Suite.runChild(Suite.java:27) [junit-4.13.jar:4.13]
	at org.junit.runners.ParentRunner$4.run(ParentRunner.java:331) [junit-4.13.jar:4.13]
	at org.junit.runners.ParentRunner$1.schedule(ParentRunner.java:79) [junit-4.13.jar:4.13]
	at org.junit.runners.ParentRunner.runChildren(ParentRunner.java:329) [junit-4.13.jar:4.13]
	at org.junit.runners.ParentRunner.access$100(ParentRunner.java:66) [junit-4.13.jar:4.13]
	at org.junit.runners.ParentRunner$2.evaluate(ParentRunner.java:293) [junit-4.13.jar:4.13]
	at org.junit.internal.runners.statements.RunAfters.evaluate(RunAfters.java:27) [junit-4.13.jar:4.13]
	at org.junit.runners.ParentRunner$3.evaluate(ParentRunner.java:306) [junit-4.13.jar:4.13]
	at org.junit.runners.ParentRunner.run(ParentRunner.java:413) [junit-4.13.jar:4.13]
	at org.eclipse.jdt.internal.junit4.runner.JUnit4TestReference.run(JUnit4TestReference.java:93) [.cp/:?]
	at org.eclipse.jdt.internal.junit.runner.TestExecution.run(TestExecution.java:40) [.cp/:?]
	at org.eclipse.jdt.internal.junit.runner.RemoteTestRunner.runTests(RemoteTestRunner.java:530) [.cp/:?]
	at org.eclipse.jdt.internal.junit.runner.RemoteTestRunner.runTests(RemoteTestRunner.java:758) [.cp/:?]
	at org.eclipse.jdt.internal.junit.runner.RemoteTestRunner.run(RemoteTestRunner.java:453) [.cp/:?]
	at org.eclipse.jdt.internal.junit.runner.RemoteTestRunner.main(RemoteTestRunner.java:211) [.cp/:?]
2025-12-30 03:14:18 INFO  === END   tests.productCardsTests.ProductCardElementsTests.cardValidation[Exp#12 [f1=2, f2=1, f3=3, f4=2, f5=2, f6=1, f7=1, f8=3]] ===
2025-12-30 03:14:18 INFO  === START tests.productCardsTests.ProductCardElementsTests.cardValidation[Exp#13 [f1=2, f2=2, f3=1, f4=2, f5=3, f6=1, f7=3, f8=2]] ===
2025-12-30 03:14:18 INFO  STEP: 📝 New input: Filling form fields.
2025-12-30 03:14:21 INFO  STEP: Card nuber 1 have a Thumbnail
2025-12-30 03:14:21 INFO  STEP: Card nuber 1 have a Title: Baseball Ball
2025-12-30 03:14:21 INFO  STEP: Card nuber 1 have a Description: The Baseball Ball is a standard baseball used in baseball games. It features a durable leather cover and is designed for pitching, hitting, and fielding in the game of baseball.
2025-12-30 03:14:22 INFO  STEP: Card nuber 1 have a Price: 8.99
2025-12-30 03:14:22 INFO  STEP: Card nuber 1 have a Rating: 2.6
(4 reviews)
2025-12-30 03:14:22 INFO  STEP PASS: Card nuber 1 dont have a Additional Images Button
2025-12-30 03:14:22 ERROR STEP FAIL: Card #1 should have all the components
2025-12-30 03:14:22 ERROR === FAIL  tests.productCardsTests.ProductCardElementsTests.cardValidation[Exp#13 [f1=2, f2=2, f3=1, f4=2, f5=3, f6=1, f7=3, f8=2]] ===
java.lang.AssertionError: Card #1 should have all the components
	at org.junit.Assert.fail(Assert.java:89) ~[junit-4.13.jar:4.13]
	at org.junit.Assert.assertTrue(Assert.java:42) ~[junit-4.13.jar:4.13]
	at tests.BaseTest.checkTrue(BaseTest.java:92) ~[test-classes/:?]
	at tests.productCardsTests.ProductCardElementsTests.cardValidation(ProductCardElementsTests.java:61) ~[test-classes/:?]
	at jdk.internal.reflect.DirectMethodHandleAccessor.invoke(DirectMethodHandleAccessor.java:103) ~[?:?]
	at java.lang.reflect.Method.invoke(Method.java:580) ~[?:?]
	at org.junit.runners.model.FrameworkMethod$1.runReflectiveCall(FrameworkMethod.java:59) ~[junit-4.13.jar:4.13]
	at org.junit.internal.runners.model.ReflectiveCallable.run(ReflectiveCallable.java:12) ~[junit-4.13.jar:4.13]
	at org.junit.runners.model.FrameworkMethod.invokeExplosively(FrameworkMethod.java:56) ~[junit-4.13.jar:4.13]
	at org.junit.internal.runners.statements.InvokeMethod.evaluate(InvokeMethod.java:17) ~[junit-4.13.jar:4.13]
	at org.junit.internal.runners.statements.RunBefores.evaluate(RunBefores.java:26) ~[junit-4.13.jar:4.13]
	at org.junit.internal.runners.statements.RunAfters.evaluate(RunAfters.java:27) ~[junit-4.13.jar:4.13]
	at org.junit.rules.TestWatcher$1.evaluate(TestWatcher.java:61) [junit-4.13.jar:4.13]
	at org.junit.runners.ParentRunner$3.evaluate(ParentRunner.java:306) [junit-4.13.jar:4.13]
	at org.junit.runners.BlockJUnit4ClassRunner$1.evaluate(BlockJUnit4ClassRunner.java:100) [junit-4.13.jar:4.13]
	at org.junit.runners.ParentRunner.runLeaf(ParentRunner.java:366) [junit-4.13.jar:4.13]
	at org.junit.runners.BlockJUnit4ClassRunner.runChild(BlockJUnit4ClassRunner.java:103) [junit-4.13.jar:4.13]
	at org.junit.runners.BlockJUnit4ClassRunner.runChild(BlockJUnit4ClassRunner.java:63) [junit-4.13.jar:4.13]
	at org.junit.runners.ParentRunner$4.run(ParentRunner.java:331) [junit-4.13.jar:4.13]
	at org.junit.runners.ParentRunner$1.schedule(ParentRunner.java:79) [junit-4.13.jar:4.13]
	at org.junit.runners.ParentRunner.runChildren(ParentRunner.java:329) [junit-4.13.jar:4.13]
	at org.junit.runners.ParentRunner.access$100(ParentRunner.java:66) [junit-4.13.jar:4.13]
	at org.junit.runners.ParentRunner$2.evaluate(ParentRunner.java:293) [junit-4.13.jar:4.13]
	at org.junit.runners.ParentRunner.run(ParentRunner.java:413) [junit-4.13.jar:4.13]
	at org.junit.runners.Suite.runChild(Suite.java:128) [junit-4.13.jar:4.13]
	at org.junit.runners.Suite.runChild(Suite.java:27) [junit-4.13.jar:4.13]
	at org.junit.runners.ParentRunner$4.run(ParentRunner.java:331) [junit-4.13.jar:4.13]
	at org.junit.runners.ParentRunner$1.schedule(ParentRunner.java:79) [junit-4.13.jar:4.13]
	at org.junit.runners.ParentRunner.runChildren(ParentRunner.java:329) [junit-4.13.jar:4.13]
	at org.junit.runners.ParentRunner.access$100(ParentRunner.java:66) [junit-4.13.jar:4.13]
	at org.junit.runners.ParentRunner$2.evaluate(ParentRunner.java:293) [junit-4.13.jar:4.13]
	at org.junit.internal.runners.statements.RunAfters.evaluate(RunAfters.java:27) [junit-4.13.jar:4.13]
	at org.junit.runners.ParentRunner$3.evaluate(ParentRunner.java:306) [junit-4.13.jar:4.13]
	at org.junit.runners.ParentRunner.run(ParentRunner.java:413) [junit-4.13.jar:4.13]
	at org.eclipse.jdt.internal.junit4.runner.JUnit4TestReference.run(JUnit4TestReference.java:93) [.cp/:?]
	at org.eclipse.jdt.internal.junit.runner.TestExecution.run(TestExecution.java:40) [.cp/:?]
	at org.eclipse.jdt.internal.junit.runner.RemoteTestRunner.runTests(RemoteTestRunner.java:530) [.cp/:?]
	at org.eclipse.jdt.internal.junit.runner.RemoteTestRunner.runTests(RemoteTestRunner.java:758) [.cp/:?]
	at org.eclipse.jdt.internal.junit.runner.RemoteTestRunner.run(RemoteTestRunner.java:453) [.cp/:?]
	at org.eclipse.jdt.internal.junit.runner.RemoteTestRunner.main(RemoteTestRunner.java:211) [.cp/:?]
2025-12-30 03:14:22 INFO  === END   tests.productCardsTests.ProductCardElementsTests.cardValidation[Exp#13 [f1=2, f2=2, f3=1, f4=2, f5=3, f6=1, f7=3, f8=2]] ===
2025-12-30 03:14:22 INFO  === START tests.productCardsTests.ProductCardElementsTests.cardValidation[Exp#14 [f1=2, f2=2, f3=2, f4=3, f5=1, f6=2, f7=1, f8=3]] ===
2025-12-30 03:14:22 INFO  STEP: 📝 New input: Filling form fields.
2025-12-30 03:14:25 INFO  STEP: Card nuber 1 have a Thumbnail
2025-12-30 03:14:25 INFO  STEP: Card nuber 1 have a Title: Vivo S1
2025-12-30 03:14:25 INFO  STEP: Card nuber 1 have a Description: The Vivo S1 is a stylish and mid-range smartphone offering a blend of design and performance. It features a vibrant display, capable camera system, and reliable functionality.
2025-12-30 03:14:25 INFO  STEP: Card nuber 1 have a Price: 249.99
2025-12-30 03:14:25 INFO  STEP: Card nuber 1 have a Rating: 3.5
(4 reviews)
2025-12-30 03:14:25 INFO  STEP PASS: Card nuber 1 dont have a Additional Images Button
2025-12-30 03:14:25 ERROR STEP FAIL: Card #1 should have all the components
2025-12-30 03:14:25 ERROR === FAIL  tests.productCardsTests.ProductCardElementsTests.cardValidation[Exp#14 [f1=2, f2=2, f3=2, f4=3, f5=1, f6=2, f7=1, f8=3]] ===
java.lang.AssertionError: Card #1 should have all the components
	at org.junit.Assert.fail(Assert.java:89) ~[junit-4.13.jar:4.13]
	at org.junit.Assert.assertTrue(Assert.java:42) ~[junit-4.13.jar:4.13]
	at tests.BaseTest.checkTrue(BaseTest.java:92) ~[test-classes/:?]
	at tests.productCardsTests.ProductCardElementsTests.cardValidation(ProductCardElementsTests.java:61) ~[test-classes/:?]
	at jdk.internal.reflect.DirectMethodHandleAccessor.invoke(DirectMethodHandleAccessor.java:103) ~[?:?]
	at java.lang.reflect.Method.invoke(Method.java:580) ~[?:?]
	at org.junit.runners.model.FrameworkMethod$1.runReflectiveCall(FrameworkMethod.java:59) ~[junit-4.13.jar:4.13]
	at org.junit.internal.runners.model.ReflectiveCallable.run(ReflectiveCallable.java:12) ~[junit-4.13.jar:4.13]
	at org.junit.runners.model.FrameworkMethod.invokeExplosively(FrameworkMethod.java:56) ~[junit-4.13.jar:4.13]
	at org.junit.internal.runners.statements.InvokeMethod.evaluate(InvokeMethod.java:17) ~[junit-4.13.jar:4.13]
	at org.junit.internal.runners.statements.RunBefores.evaluate(RunBefores.java:26) ~[junit-4.13.jar:4.13]
	at org.junit.internal.runners.statements.RunAfters.evaluate(RunAfters.java:27) ~[junit-4.13.jar:4.13]
	at org.junit.rules.TestWatcher$1.evaluate(TestWatcher.java:61) [junit-4.13.jar:4.13]
	at org.junit.runners.ParentRunner$3.evaluate(ParentRunner.java:306) [junit-4.13.jar:4.13]
	at org.junit.runners.BlockJUnit4ClassRunner$1.evaluate(BlockJUnit4ClassRunner.java:100) [junit-4.13.jar:4.13]
	at org.junit.runners.ParentRunner.runLeaf(ParentRunner.java:366) [junit-4.13.jar:4.13]
	at org.junit.runners.BlockJUnit4ClassRunner.runChild(BlockJUnit4ClassRunner.java:103) [junit-4.13.jar:4.13]
	at org.junit.runners.BlockJUnit4ClassRunner.runChild(BlockJUnit4ClassRunner.java:63) [junit-4.13.jar:4.13]
	at org.junit.runners.ParentRunner$4.run(ParentRunner.java:331) [junit-4.13.jar:4.13]
	at org.junit.runners.ParentRunner$1.schedule(ParentRunner.java:79) [junit-4.13.jar:4.13]
	at org.junit.runners.ParentRunner.runChildren(ParentRunner.java:329) [junit-4.13.jar:4.13]
	at org.junit.runners.ParentRunner.access$100(ParentRunner.java:66) [junit-4.13.jar:4.13]
	at org.junit.runners.ParentRunner$2.evaluate(ParentRunner.java:293) [junit-4.13.jar:4.13]
	at org.junit.runners.ParentRunner.run(ParentRunner.java:413) [junit-4.13.jar:4.13]
	at org.junit.runners.Suite.runChild(Suite.java:128) [junit-4.13.jar:4.13]
	at org.junit.runners.Suite.runChild(Suite.java:27) [junit-4.13.jar:4.13]
	at org.junit.runners.ParentRunner$4.run(ParentRunner.java:331) [junit-4.13.jar:4.13]
	at org.junit.runners.ParentRunner$1.schedule(ParentRunner.java:79) [junit-4.13.jar:4.13]
	at org.junit.runners.ParentRunner.runChildren(ParentRunner.java:329) [junit-4.13.jar:4.13]
	at org.junit.runners.ParentRunner.access$100(ParentRunner.java:66) [junit-4.13.jar:4.13]
	at org.junit.runners.ParentRunner$2.evaluate(ParentRunner.java:293) [junit-4.13.jar:4.13]
	at org.junit.internal.runners.statements.RunAfters.evaluate(RunAfters.java:27) [junit-4.13.jar:4.13]
	at org.junit.runners.ParentRunner$3.evaluate(ParentRunner.java:306) [junit-4.13.jar:4.13]
	at org.junit.runners.ParentRunner.run(ParentRunner.java:413) [junit-4.13.jar:4.13]
	at org.eclipse.jdt.internal.junit4.runner.JUnit4TestReference.run(JUnit4TestReference.java:93) [.cp/:?]
	at org.eclipse.jdt.internal.junit.runner.TestExecution.run(TestExecution.java:40) [.cp/:?]
	at org.eclipse.jdt.internal.junit.runner.RemoteTestRunner.runTests(RemoteTestRunner.java:530) [.cp/:?]
	at org.eclipse.jdt.internal.junit.runner.RemoteTestRunner.runTests(RemoteTestRunner.java:758) [.cp/:?]
	at org.eclipse.jdt.internal.junit.runner.RemoteTestRunner.run(RemoteTestRunner.java:453) [.cp/:?]
	at org.eclipse.jdt.internal.junit.runner.RemoteTestRunner.main(RemoteTestRunner.java:211) [.cp/:?]
2025-12-30 03:14:25 INFO  === END   tests.productCardsTests.ProductCardElementsTests.cardValidation[Exp#14 [f1=2, f2=2, f3=2, f4=3, f5=1, f6=2, f7=1, f8=3]] ===
2025-12-30 03:14:25 INFO  === START tests.productCardsTests.ProductCardElementsTests.cardValidation[Exp#15 [f1=2, f2=2, f3=3, f4=1, f5=2, f6=3, f7=2, f8=1]] ===
2025-12-30 03:14:25 INFO  STEP: 📝 New input: Filling form fields.
2025-12-30 03:14:29 INFO  STEP: Card nuber 1 have a Thumbnail
2025-12-30 03:14:29 INFO  STEP: Card nuber 1 have a Title: Scooter Motorcycle
2025-12-30 03:14:29 INFO  STEP: Card nuber 1 have a Description: The Scooter Motorcycle is a practical and fuel-efficient bike ideal for urban commuting. It features a step-through design and user-friendly controls for easy maneuverability.
2025-12-30 03:14:29 INFO  STEP: Card nuber 1 have a Price: 2999.99
2025-12-30 03:14:29 INFO  STEP: Card nuber 1 have a Rating: 2.5
(4 reviews)
2025-12-30 03:14:29 INFO  STEP PASS: Card nuber 1 dont have a Additional Images Button
2025-12-30 03:14:29 ERROR STEP FAIL: Card #1 should have all the components
2025-12-30 03:14:29 ERROR === FAIL  tests.productCardsTests.ProductCardElementsTests.cardValidation[Exp#15 [f1=2, f2=2, f3=3, f4=1, f5=2, f6=3, f7=2, f8=1]] ===
java.lang.AssertionError: Card #1 should have all the components
	at org.junit.Assert.fail(Assert.java:89) ~[junit-4.13.jar:4.13]
	at org.junit.Assert.assertTrue(Assert.java:42) ~[junit-4.13.jar:4.13]
	at tests.BaseTest.checkTrue(BaseTest.java:92) ~[test-classes/:?]
	at tests.productCardsTests.ProductCardElementsTests.cardValidation(ProductCardElementsTests.java:61) ~[test-classes/:?]
	at jdk.internal.reflect.DirectMethodHandleAccessor.invoke(DirectMethodHandleAccessor.java:103) ~[?:?]
	at java.lang.reflect.Method.invoke(Method.java:580) ~[?:?]
	at org.junit.runners.model.FrameworkMethod$1.runReflectiveCall(FrameworkMethod.java:59) ~[junit-4.13.jar:4.13]
	at org.junit.internal.runners.model.ReflectiveCallable.run(ReflectiveCallable.java:12) ~[junit-4.13.jar:4.13]
	at org.junit.runners.model.FrameworkMethod.invokeExplosively(FrameworkMethod.java:56) ~[junit-4.13.jar:4.13]
	at org.junit.internal.runners.statements.InvokeMethod.evaluate(InvokeMethod.java:17) ~[junit-4.13.jar:4.13]
	at org.junit.internal.runners.statements.RunBefores.evaluate(RunBefores.java:26) ~[junit-4.13.jar:4.13]
	at org.junit.internal.runners.statements.RunAfters.evaluate(RunAfters.java:27) ~[junit-4.13.jar:4.13]
	at org.junit.rules.TestWatcher$1.evaluate(TestWatcher.java:61) [junit-4.13.jar:4.13]
	at org.junit.runners.ParentRunner$3.evaluate(ParentRunner.java:306) [junit-4.13.jar:4.13]
	at org.junit.runners.BlockJUnit4ClassRunner$1.evaluate(BlockJUnit4ClassRunner.java:100) [junit-4.13.jar:4.13]
	at org.junit.runners.ParentRunner.runLeaf(ParentRunner.java:366) [junit-4.13.jar:4.13]
	at org.junit.runners.BlockJUnit4ClassRunner.runChild(BlockJUnit4ClassRunner.java:103) [junit-4.13.jar:4.13]
	at org.junit.runners.BlockJUnit4ClassRunner.runChild(BlockJUnit4ClassRunner.java:63) [junit-4.13.jar:4.13]
	at org.junit.runners.ParentRunner$4.run(ParentRunner.java:331) [junit-4.13.jar:4.13]
	at org.junit.runners.ParentRunner$1.schedule(ParentRunner.java:79) [junit-4.13.jar:4.13]
	at org.junit.runners.ParentRunner.runChildren(ParentRunner.java:329) [junit-4.13.jar:4.13]
	at org.junit.runners.ParentRunner.access$100(ParentRunner.java:66) [junit-4.13.jar:4.13]
	at org.junit.runners.ParentRunner$2.evaluate(ParentRunner.java:293) [junit-4.13.jar:4.13]
	at org.junit.runners.ParentRunner.run(ParentRunner.java:413) [junit-4.13.jar:4.13]
	at org.junit.runners.Suite.runChild(Suite.java:128) [junit-4.13.jar:4.13]
	at org.junit.runners.Suite.runChild(Suite.java:27) [junit-4.13.jar:4.13]
	at org.junit.runners.ParentRunner$4.run(ParentRunner.java:331) [junit-4.13.jar:4.13]
	at org.junit.runners.ParentRunner$1.schedule(ParentRunner.java:79) [junit-4.13.jar:4.13]
	at org.junit.runners.ParentRunner.runChildren(ParentRunner.java:329) [junit-4.13.jar:4.13]
	at org.junit.runners.ParentRunner.access$100(ParentRunner.java:66) [junit-4.13.jar:4.13]
	at org.junit.runners.ParentRunner$2.evaluate(ParentRunner.java:293) [junit-4.13.jar:4.13]
	at org.junit.internal.runners.statements.RunAfters.evaluate(RunAfters.java:27) [junit-4.13.jar:4.13]
	at org.junit.runners.ParentRunner$3.evaluate(ParentRunner.java:306) [junit-4.13.jar:4.13]
	at org.junit.runners.ParentRunner.run(ParentRunner.java:413) [junit-4.13.jar:4.13]
	at org.eclipse.jdt.internal.junit4.runner.JUnit4TestReference.run(JUnit4TestReference.java:93) [.cp/:?]
	at org.eclipse.jdt.internal.junit.runner.TestExecution.run(TestExecution.java:40) [.cp/:?]
	at org.eclipse.jdt.internal.junit.runner.RemoteTestRunner.runTests(RemoteTestRunner.java:530) [.cp/:?]
	at org.eclipse.jdt.internal.junit.runner.RemoteTestRunner.runTests(RemoteTestRunner.java:758) [.cp/:?]
	at org.eclipse.jdt.internal.junit.runner.RemoteTestRunner.run(RemoteTestRunner.java:453) [.cp/:?]
	at org.eclipse.jdt.internal.junit.runner.RemoteTestRunner.main(RemoteTestRunner.java:211) [.cp/:?]
2025-12-30 03:14:29 INFO  === END   tests.productCardsTests.ProductCardElementsTests.cardValidation[Exp#15 [f1=2, f2=2, f3=3, f4=1, f5=2, f6=3, f7=2, f8=1]] ===
2025-12-30 03:14:29 INFO  === START tests.productCardsTests.ProductCardElementsTests.cardValidation[Exp#16 [f1=2, f2=3, f3=1, f4=3, f5=2, f6=3, f7=1, f8=2]] ===
2025-12-30 03:14:29 INFO  STEP: 📝 New input: Filling form fields.
2025-12-30 03:14:33 INFO  STEP: Card nuber 1 have a Thumbnail
2025-12-30 03:14:33 INFO  STEP: Card nuber 1 have a Title: iPhone 5s
2025-12-30 03:14:33 INFO  STEP: Card nuber 1 have a Description: The iPhone 5s is a classic smartphone known for its compact design and advanced features during its release. While it's an older model, it still provides a reliable user experience.
2025-12-30 03:14:33 INFO  STEP: Card nuber 1 have a Price: 199.99
2025-12-30 03:14:33 INFO  STEP: Card nuber 1 have a Rating: 2.8
(4 reviews)
2025-12-30 03:14:33 INFO  STEP PASS: Card nuber 1 dont have a Additional Images Button
2025-12-30 03:14:33 ERROR STEP FAIL: Card #1 should have all the components
2025-12-30 03:14:33 ERROR === FAIL  tests.productCardsTests.ProductCardElementsTests.cardValidation[Exp#16 [f1=2, f2=3, f3=1, f4=3, f5=2, f6=3, f7=1, f8=2]] ===
java.lang.AssertionError: Card #1 should have all the components
	at org.junit.Assert.fail(Assert.java:89) ~[junit-4.13.jar:4.13]
	at org.junit.Assert.assertTrue(Assert.java:42) ~[junit-4.13.jar:4.13]
	at tests.BaseTest.checkTrue(BaseTest.java:92) ~[test-classes/:?]
	at tests.productCardsTests.ProductCardElementsTests.cardValidation(ProductCardElementsTests.java:61) ~[test-classes/:?]
	at jdk.internal.reflect.DirectMethodHandleAccessor.invoke(DirectMethodHandleAccessor.java:103) ~[?:?]
	at java.lang.reflect.Method.invoke(Method.java:580) ~[?:?]
	at org.junit.runners.model.FrameworkMethod$1.runReflectiveCall(FrameworkMethod.java:59) ~[junit-4.13.jar:4.13]
	at org.junit.internal.runners.model.ReflectiveCallable.run(ReflectiveCallable.java:12) ~[junit-4.13.jar:4.13]
	at org.junit.runners.model.FrameworkMethod.invokeExplosively(FrameworkMethod.java:56) ~[junit-4.13.jar:4.13]
	at org.junit.internal.runners.statements.InvokeMethod.evaluate(InvokeMethod.java:17) ~[junit-4.13.jar:4.13]
	at org.junit.internal.runners.statements.RunBefores.evaluate(RunBefores.java:26) ~[junit-4.13.jar:4.13]
	at org.junit.internal.runners.statements.RunAfters.evaluate(RunAfters.java:27) ~[junit-4.13.jar:4.13]
	at org.junit.rules.TestWatcher$1.evaluate(TestWatcher.java:61) [junit-4.13.jar:4.13]
	at org.junit.runners.ParentRunner$3.evaluate(ParentRunner.java:306) [junit-4.13.jar:4.13]
	at org.junit.runners.BlockJUnit4ClassRunner$1.evaluate(BlockJUnit4ClassRunner.java:100) [junit-4.13.jar:4.13]
	at org.junit.runners.ParentRunner.runLeaf(ParentRunner.java:366) [junit-4.13.jar:4.13]
	at org.junit.runners.BlockJUnit4ClassRunner.runChild(BlockJUnit4ClassRunner.java:103) [junit-4.13.jar:4.13]
	at org.junit.runners.BlockJUnit4ClassRunner.runChild(BlockJUnit4ClassRunner.java:63) [junit-4.13.jar:4.13]
	at org.junit.runners.ParentRunner$4.run(ParentRunner.java:331) [junit-4.13.jar:4.13]
	at org.junit.runners.ParentRunner$1.schedule(ParentRunner.java:79) [junit-4.13.jar:4.13]
	at org.junit.runners.ParentRunner.runChildren(ParentRunner.java:329) [junit-4.13.jar:4.13]
	at org.junit.runners.ParentRunner.access$100(ParentRunner.java:66) [junit-4.13.jar:4.13]
	at org.junit.runners.ParentRunner$2.evaluate(ParentRunner.java:293) [junit-4.13.jar:4.13]
	at org.junit.runners.ParentRunner.run(ParentRunner.java:413) [junit-4.13.jar:4.13]
	at org.junit.runners.Suite.runChild(Suite.java:128) [junit-4.13.jar:4.13]
	at org.junit.runners.Suite.runChild(Suite.java:27) [junit-4.13.jar:4.13]
	at org.junit.runners.ParentRunner$4.run(ParentRunner.java:331) [junit-4.13.jar:4.13]
	at org.junit.runners.ParentRunner$1.schedule(ParentRunner.java:79) [junit-4.13.jar:4.13]
	at org.junit.runners.ParentRunner.runChildren(ParentRunner.java:329) [junit-4.13.jar:4.13]
	at org.junit.runners.ParentRunner.access$100(ParentRunner.java:66) [junit-4.13.jar:4.13]
	at org.junit.runners.ParentRunner$2.evaluate(ParentRunner.java:293) [junit-4.13.jar:4.13]
	at org.junit.internal.runners.statements.RunAfters.evaluate(RunAfters.java:27) [junit-4.13.jar:4.13]
	at org.junit.runners.ParentRunner$3.evaluate(ParentRunner.java:306) [junit-4.13.jar:4.13]
	at org.junit.runners.ParentRunner.run(ParentRunner.java:413) [junit-4.13.jar:4.13]
	at org.eclipse.jdt.internal.junit4.runner.JUnit4TestReference.run(JUnit4TestReference.java:93) [.cp/:?]
	at org.eclipse.jdt.internal.junit.runner.TestExecution.run(TestExecution.java:40) [.cp/:?]
	at org.eclipse.jdt.internal.junit.runner.RemoteTestRunner.runTests(RemoteTestRunner.java:530) [.cp/:?]
	at org.eclipse.jdt.internal.junit.runner.RemoteTestRunner.runTests(RemoteTestRunner.java:758) [.cp/:?]
	at org.eclipse.jdt.internal.junit.runner.RemoteTestRunner.run(RemoteTestRunner.java:453) [.cp/:?]
	at org.eclipse.jdt.internal.junit.runner.RemoteTestRunner.main(RemoteTestRunner.java:211) [.cp/:?]
2025-12-30 03:14:33 INFO  === END   tests.productCardsTests.ProductCardElementsTests.cardValidation[Exp#16 [f1=2, f2=3, f3=1, f4=3, f5=2, f6=3, f7=1, f8=2]] ===
2025-12-30 03:14:33 INFO  === START tests.productCardsTests.ProductCardElementsTests.cardValidation[Exp#17 [f1=2, f2=3, f3=2, f4=1, f5=3, f6=1, f7=2, f8=3]] ===
2025-12-30 03:14:33 INFO  STEP: 📝 New input: Filling form fields.
2025-12-30 03:14:36 INFO  STEP: Card nuber 1 have a Thumbnail
2025-12-30 03:14:36 INFO  STEP: Card nuber 1 have a Title: Samsung Galaxy Tab White
2025-12-30 03:14:36 INFO  STEP: Card nuber 1 have a Description: The Samsung Galaxy Tab in White is a sleek and versatile Android tablet. With a vibrant display, long-lasting battery, and a range of features, it offers a great user experience for various tasks.
2025-12-30 03:14:36 INFO  STEP: Card nuber 1 have a Price: 349.99
2025-12-30 03:14:36 INFO  STEP: Card nuber 1 have a Rating: 3.7
(4 reviews)
2025-12-30 03:14:37 INFO  STEP PASS: Card nuber 1 dont have a Additional Images Button
2025-12-30 03:14:37 ERROR STEP FAIL: Card #1 should have all the components
2025-12-30 03:14:37 ERROR === FAIL  tests.productCardsTests.ProductCardElementsTests.cardValidation[Exp#17 [f1=2, f2=3, f3=2, f4=1, f5=3, f6=1, f7=2, f8=3]] ===
java.lang.AssertionError: Card #1 should have all the components
	at org.junit.Assert.fail(Assert.java:89) ~[junit-4.13.jar:4.13]
	at org.junit.Assert.assertTrue(Assert.java:42) ~[junit-4.13.jar:4.13]
	at tests.BaseTest.checkTrue(BaseTest.java:92) ~[test-classes/:?]
	at tests.productCardsTests.ProductCardElementsTests.cardValidation(ProductCardElementsTests.java:61) ~[test-classes/:?]
	at jdk.internal.reflect.DirectMethodHandleAccessor.invoke(DirectMethodHandleAccessor.java:103) ~[?:?]
	at java.lang.reflect.Method.invoke(Method.java:580) ~[?:?]
	at org.junit.runners.model.FrameworkMethod$1.runReflectiveCall(FrameworkMethod.java:59) ~[junit-4.13.jar:4.13]
	at org.junit.internal.runners.model.ReflectiveCallable.run(ReflectiveCallable.java:12) ~[junit-4.13.jar:4.13]
	at org.junit.runners.model.FrameworkMethod.invokeExplosively(FrameworkMethod.java:56) ~[junit-4.13.jar:4.13]
	at org.junit.internal.runners.statements.InvokeMethod.evaluate(InvokeMethod.java:17) ~[junit-4.13.jar:4.13]
	at org.junit.internal.runners.statements.RunBefores.evaluate(RunBefores.java:26) ~[junit-4.13.jar:4.13]
	at org.junit.internal.runners.statements.RunAfters.evaluate(RunAfters.java:27) ~[junit-4.13.jar:4.13]
	at org.junit.rules.TestWatcher$1.evaluate(TestWatcher.java:61) [junit-4.13.jar:4.13]
	at org.junit.runners.ParentRunner$3.evaluate(ParentRunner.java:306) [junit-4.13.jar:4.13]
	at org.junit.runners.BlockJUnit4ClassRunner$1.evaluate(BlockJUnit4ClassRunner.java:100) [junit-4.13.jar:4.13]
	at org.junit.runners.ParentRunner.runLeaf(ParentRunner.java:366) [junit-4.13.jar:4.13]
	at org.junit.runners.BlockJUnit4ClassRunner.runChild(BlockJUnit4ClassRunner.java:103) [junit-4.13.jar:4.13]
	at org.junit.runners.BlockJUnit4ClassRunner.runChild(BlockJUnit4ClassRunner.java:63) [junit-4.13.jar:4.13]
	at org.junit.runners.ParentRunner$4.run(ParentRunner.java:331) [junit-4.13.jar:4.13]
	at org.junit.runners.ParentRunner$1.schedule(ParentRunner.java:79) [junit-4.13.jar:4.13]
	at org.junit.runners.ParentRunner.runChildren(ParentRunner.java:329) [junit-4.13.jar:4.13]
	at org.junit.runners.ParentRunner.access$100(ParentRunner.java:66) [junit-4.13.jar:4.13]
	at org.junit.runners.ParentRunner$2.evaluate(ParentRunner.java:293) [junit-4.13.jar:4.13]
	at org.junit.runners.ParentRunner.run(ParentRunner.java:413) [junit-4.13.jar:4.13]
	at org.junit.runners.Suite.runChild(Suite.java:128) [junit-4.13.jar:4.13]
	at org.junit.runners.Suite.runChild(Suite.java:27) [junit-4.13.jar:4.13]
	at org.junit.runners.ParentRunner$4.run(ParentRunner.java:331) [junit-4.13.jar:4.13]
	at org.junit.runners.ParentRunner$1.schedule(ParentRunner.java:79) [junit-4.13.jar:4.13]
	at org.junit.runners.ParentRunner.runChildren(ParentRunner.java:329) [junit-4.13.jar:4.13]
	at org.junit.runners.ParentRunner.access$100(ParentRunner.java:66) [junit-4.13.jar:4.13]
	at org.junit.runners.ParentRunner$2.evaluate(ParentRunner.java:293) [junit-4.13.jar:4.13]
	at org.junit.internal.runners.statements.RunAfters.evaluate(RunAfters.java:27) [junit-4.13.jar:4.13]
	at org.junit.runners.ParentRunner$3.evaluate(ParentRunner.java:306) [junit-4.13.jar:4.13]
	at org.junit.runners.ParentRunner.run(ParentRunner.java:413) [junit-4.13.jar:4.13]
	at org.eclipse.jdt.internal.junit4.runner.JUnit4TestReference.run(JUnit4TestReference.java:93) [.cp/:?]
	at org.eclipse.jdt.internal.junit.runner.TestExecution.run(TestExecution.java:40) [.cp/:?]
	at org.eclipse.jdt.internal.junit.runner.RemoteTestRunner.runTests(RemoteTestRunner.java:530) [.cp/:?]
	at org.eclipse.jdt.internal.junit.runner.RemoteTestRunner.runTests(RemoteTestRunner.java:758) [.cp/:?]
	at org.eclipse.jdt.internal.junit.runner.RemoteTestRunner.run(RemoteTestRunner.java:453) [.cp/:?]
	at org.eclipse.jdt.internal.junit.runner.RemoteTestRunner.main(RemoteTestRunner.java:211) [.cp/:?]
2025-12-30 03:14:37 INFO  === END   tests.productCardsTests.ProductCardElementsTests.cardValidation[Exp#17 [f1=2, f2=3, f3=2, f4=1, f5=3, f6=1, f7=2, f8=3]] ===
2025-12-30 03:14:37 INFO  === START tests.productCardsTests.ProductCardElementsTests.cardValidation[Exp#18 [f1=2, f2=3, f3=3, f4=2, f5=1, f6=2, f7=3, f8=1]] ===
2025-12-30 03:14:37 INFO  STEP: 📝 New input: Filling form fields.
2025-12-30 03:14:40 INFO  STEP: Card nuber 1 have a Thumbnail
2025-12-30 03:14:40 INFO  STEP: Card nuber 1 have a Title: iPhone 5s
2025-12-30 03:14:40 INFO  STEP: Card nuber 1 have a Description: The iPhone 5s is a classic smartphone known for its compact design and advanced features during its release. While it's an older model, it still provides a reliable user experience.
2025-12-30 03:14:40 INFO  STEP: Card nuber 1 have a Price: 199.99
2025-12-30 03:14:40 INFO  STEP: Card nuber 1 have a Rating: 2.8
(4 reviews)
2025-12-30 03:14:40 INFO  STEP PASS: Card nuber 1 dont have a Additional Images Button
2025-12-30 03:14:40 ERROR STEP FAIL: Card #1 should have all the components
2025-12-30 03:14:40 ERROR === FAIL  tests.productCardsTests.ProductCardElementsTests.cardValidation[Exp#18 [f1=2, f2=3, f3=3, f4=2, f5=1, f6=2, f7=3, f8=1]] ===
java.lang.AssertionError: Card #1 should have all the components
	at org.junit.Assert.fail(Assert.java:89) ~[junit-4.13.jar:4.13]
	at org.junit.Assert.assertTrue(Assert.java:42) ~[junit-4.13.jar:4.13]
	at tests.BaseTest.checkTrue(BaseTest.java:92) ~[test-classes/:?]
	at tests.productCardsTests.ProductCardElementsTests.cardValidation(ProductCardElementsTests.java:61) ~[test-classes/:?]
	at jdk.internal.reflect.DirectMethodHandleAccessor.invoke(DirectMethodHandleAccessor.java:103) ~[?:?]
	at java.lang.reflect.Method.invoke(Method.java:580) ~[?:?]
	at org.junit.runners.model.FrameworkMethod$1.runReflectiveCall(FrameworkMethod.java:59) ~[junit-4.13.jar:4.13]
	at org.junit.internal.runners.model.ReflectiveCallable.run(ReflectiveCallable.java:12) ~[junit-4.13.jar:4.13]
	at org.junit.runners.model.FrameworkMethod.invokeExplosively(FrameworkMethod.java:56) ~[junit-4.13.jar:4.13]
	at org.junit.internal.runners.statements.InvokeMethod.evaluate(InvokeMethod.java:17) ~[junit-4.13.jar:4.13]
	at org.junit.internal.runners.statements.RunBefores.evaluate(RunBefores.java:26) ~[junit-4.13.jar:4.13]
	at org.junit.internal.runners.statements.RunAfters.evaluate(RunAfters.java:27) ~[junit-4.13.jar:4.13]
	at org.junit.rules.TestWatcher$1.evaluate(TestWatcher.java:61) [junit-4.13.jar:4.13]
	at org.junit.runners.ParentRunner$3.evaluate(ParentRunner.java:306) [junit-4.13.jar:4.13]
	at org.junit.runners.BlockJUnit4ClassRunner$1.evaluate(BlockJUnit4ClassRunner.java:100) [junit-4.13.jar:4.13]
	at org.junit.runners.ParentRunner.runLeaf(ParentRunner.java:366) [junit-4.13.jar:4.13]
	at org.junit.runners.BlockJUnit4ClassRunner.runChild(BlockJUnit4ClassRunner.java:103) [junit-4.13.jar:4.13]
	at org.junit.runners.BlockJUnit4ClassRunner.runChild(BlockJUnit4ClassRunner.java:63) [junit-4.13.jar:4.13]
	at org.junit.runners.ParentRunner$4.run(ParentRunner.java:331) [junit-4.13.jar:4.13]
	at org.junit.runners.ParentRunner$1.schedule(ParentRunner.java:79) [junit-4.13.jar:4.13]
	at org.junit.runners.ParentRunner.runChildren(ParentRunner.java:329) [junit-4.13.jar:4.13]
	at org.junit.runners.ParentRunner.access$100(ParentRunner.java:66) [junit-4.13.jar:4.13]
	at org.junit.runners.ParentRunner$2.evaluate(ParentRunner.java:293) [junit-4.13.jar:4.13]
	at org.junit.runners.ParentRunner.run(ParentRunner.java:413) [junit-4.13.jar:4.13]
	at org.junit.runners.Suite.runChild(Suite.java:128) [junit-4.13.jar:4.13]
	at org.junit.runners.Suite.runChild(Suite.java:27) [junit-4.13.jar:4.13]
	at org.junit.runners.ParentRunner$4.run(ParentRunner.java:331) [junit-4.13.jar:4.13]
	at org.junit.runners.ParentRunner$1.schedule(ParentRunner.java:79) [junit-4.13.jar:4.13]
	at org.junit.runners.ParentRunner.runChildren(ParentRunner.java:329) [junit-4.13.jar:4.13]
	at org.junit.runners.ParentRunner.access$100(ParentRunner.java:66) [junit-4.13.jar:4.13]
	at org.junit.runners.ParentRunner$2.evaluate(ParentRunner.java:293) [junit-4.13.jar:4.13]
	at org.junit.internal.runners.statements.RunAfters.evaluate(RunAfters.java:27) [junit-4.13.jar:4.13]
	at org.junit.runners.ParentRunner$3.evaluate(ParentRunner.java:306) [junit-4.13.jar:4.13]
	at org.junit.runners.ParentRunner.run(ParentRunner.java:413) [junit-4.13.jar:4.13]
	at org.eclipse.jdt.internal.junit4.runner.JUnit4TestReference.run(JUnit4TestReference.java:93) [.cp/:?]
	at org.eclipse.jdt.internal.junit.runner.TestExecution.run(TestExecution.java:40) [.cp/:?]
	at org.eclipse.jdt.internal.junit.runner.RemoteTestRunner.runTests(RemoteTestRunner.java:530) [.cp/:?]
	at org.eclipse.jdt.internal.junit.runner.RemoteTestRunner.runTests(RemoteTestRunner.java:758) [.cp/:?]
	at org.eclipse.jdt.internal.junit.runner.RemoteTestRunner.run(RemoteTestRunner.java:453) [.cp/:?]
	at org.eclipse.jdt.internal.junit.runner.RemoteTestRunner.main(RemoteTestRunner.java:211) [.cp/:?]
2025-12-30 03:14:40 INFO  === END   tests.productCardsTests.ProductCardElementsTests.cardValidation[Exp#18 [f1=2, f2=3, f3=3, f4=2, f5=1, f6=2, f7=3, f8=1]] ===
2025-12-30 03:14:40 INFO  === START tests.productCardsTests.ProductCardElementsTests.cardValidation[Exp#19 [f1=2, f2=3, f3=3, f4=2, f5=1, f6=1, f7=1, f8=2]] ===
2025-12-30 03:14:40 INFO  STEP: 📝 New input: Filling form fields.
2025-12-30 03:14:44 INFO  STEP: Card nuber 1 have a Thumbnail
2025-12-30 03:14:44 INFO  STEP: Card nuber 1 have a Title: Plant Pot
2025-12-30 03:14:44 INFO  STEP: Card nuber 1 have a Description: The Plant Pot is a stylish container for your favorite plants. With a sleek design, it complements your indoor or outdoor garden, adding a modern touch to your plant display.
2025-12-30 03:14:44 INFO  STEP: Card nuber 1 have a Price: 14.99
2025-12-30 03:14:44 INFO  STEP: Card nuber 1 have a Rating: 3.0
(4 reviews)
2025-12-30 03:14:44 INFO  STEP PASS: Card nuber 1 dont have a Additional Images Button
2025-12-30 03:14:44 ERROR STEP FAIL: Card #1 should have all the components
2025-12-30 03:14:44 ERROR === FAIL  tests.productCardsTests.ProductCardElementsTests.cardValidation[Exp#19 [f1=2, f2=3, f3=3, f4=2, f5=1, f6=1, f7=1, f8=2]] ===
java.lang.AssertionError: Card #1 should have all the components
	at org.junit.Assert.fail(Assert.java:89) ~[junit-4.13.jar:4.13]
	at org.junit.Assert.assertTrue(Assert.java:42) ~[junit-4.13.jar:4.13]
	at tests.BaseTest.checkTrue(BaseTest.java:92) ~[test-classes/:?]
	at tests.productCardsTests.ProductCardElementsTests.cardValidation(ProductCardElementsTests.java:61) ~[test-classes/:?]
	at jdk.internal.reflect.DirectMethodHandleAccessor.invoke(DirectMethodHandleAccessor.java:103) ~[?:?]
	at java.lang.reflect.Method.invoke(Method.java:580) ~[?:?]
	at org.junit.runners.model.FrameworkMethod$1.runReflectiveCall(FrameworkMethod.java:59) ~[junit-4.13.jar:4.13]
	at org.junit.internal.runners.model.ReflectiveCallable.run(ReflectiveCallable.java:12) ~[junit-4.13.jar:4.13]
	at org.junit.runners.model.FrameworkMethod.invokeExplosively(FrameworkMethod.java:56) ~[junit-4.13.jar:4.13]
	at org.junit.internal.runners.statements.InvokeMethod.evaluate(InvokeMethod.java:17) ~[junit-4.13.jar:4.13]
	at org.junit.internal.runners.statements.RunBefores.evaluate(RunBefores.java:26) ~[junit-4.13.jar:4.13]
	at org.junit.internal.runners.statements.RunAfters.evaluate(RunAfters.java:27) ~[junit-4.13.jar:4.13]
	at org.junit.rules.TestWatcher$1.evaluate(TestWatcher.java:61) [junit-4.13.jar:4.13]
	at org.junit.runners.ParentRunner$3.evaluate(ParentRunner.java:306) [junit-4.13.jar:4.13]
	at org.junit.runners.BlockJUnit4ClassRunner$1.evaluate(BlockJUnit4ClassRunner.java:100) [junit-4.13.jar:4.13]
	at org.junit.runners.ParentRunner.runLeaf(ParentRunner.java:366) [junit-4.13.jar:4.13]
	at org.junit.runners.BlockJUnit4ClassRunner.runChild(BlockJUnit4ClassRunner.java:103) [junit-4.13.jar:4.13]
	at org.junit.runners.BlockJUnit4ClassRunner.runChild(BlockJUnit4ClassRunner.java:63) [junit-4.13.jar:4.13]
	at org.junit.runners.ParentRunner$4.run(ParentRunner.java:331) [junit-4.13.jar:4.13]
	at org.junit.runners.ParentRunner$1.schedule(ParentRunner.java:79) [junit-4.13.jar:4.13]
	at org.junit.runners.ParentRunner.runChildren(ParentRunner.java:329) [junit-4.13.jar:4.13]
	at org.junit.runners.ParentRunner.access$100(ParentRunner.java:66) [junit-4.13.jar:4.13]
	at org.junit.runners.ParentRunner$2.evaluate(ParentRunner.java:293) [junit-4.13.jar:4.13]
	at org.junit.runners.ParentRunner.run(ParentRunner.java:413) [junit-4.13.jar:4.13]
	at org.junit.runners.Suite.runChild(Suite.java:128) [junit-4.13.jar:4.13]
	at org.junit.runners.Suite.runChild(Suite.java:27) [junit-4.13.jar:4.13]
	at org.junit.runners.ParentRunner$4.run(ParentRunner.java:331) [junit-4.13.jar:4.13]
	at org.junit.runners.ParentRunner$1.schedule(ParentRunner.java:79) [junit-4.13.jar:4.13]
	at org.junit.runners.ParentRunner.runChildren(ParentRunner.java:329) [junit-4.13.jar:4.13]
	at org.junit.runners.ParentRunner.access$100(ParentRunner.java:66) [junit-4.13.jar:4.13]
	at org.junit.runners.ParentRunner$2.evaluate(ParentRunner.java:293) [junit-4.13.jar:4.13]
	at org.junit.internal.runners.statements.RunAfters.evaluate(RunAfters.java:27) [junit-4.13.jar:4.13]
	at org.junit.runners.ParentRunner$3.evaluate(ParentRunner.java:306) [junit-4.13.jar:4.13]
	at org.junit.runners.ParentRunner.run(ParentRunner.java:413) [junit-4.13.jar:4.13]
	at org.eclipse.jdt.internal.junit4.runner.JUnit4TestReference.run(JUnit4TestReference.java:93) [.cp/:?]
	at org.eclipse.jdt.internal.junit.runner.TestExecution.run(TestExecution.java:40) [.cp/:?]
	at org.eclipse.jdt.internal.junit.runner.RemoteTestRunner.runTests(RemoteTestRunner.java:530) [.cp/:?]
	at org.eclipse.jdt.internal.junit.runner.RemoteTestRunner.runTests(RemoteTestRunner.java:758) [.cp/:?]
	at org.eclipse.jdt.internal.junit.runner.RemoteTestRunner.run(RemoteTestRunner.java:453) [.cp/:?]
	at org.eclipse.jdt.internal.junit.runner.RemoteTestRunner.main(RemoteTestRunner.java:211) [.cp/:?]
2025-12-30 03:14:44 INFO  === END   tests.productCardsTests.ProductCardElementsTests.cardValidation[Exp#19 [f1=2, f2=3, f3=3, f4=2, f5=1, f6=1, f7=1, f8=2]] ===
2025-12-30 03:14:44 INFO  === START tests.productCardsTests.ProductCardElementsTests.cardValidation[Exp#20 [f1=2, f2=3, f3=3, f4=3, f5=3, f6=3, f7=3, f8=3]] ===
2025-12-30 03:14:44 INFO  STEP: 📝 New input: Filling form fields.
2025-12-30 03:14:48 INFO  STEP: Card nuber 1 have a Thumbnail
2025-12-30 03:14:48 INFO  STEP: Card nuber 1 have a Title: Samsung Galaxy Tab White
2025-12-30 03:14:48 INFO  STEP: Card nuber 1 have a Description: The Samsung Galaxy Tab in White is a sleek and versatile Android tablet. With a vibrant display, long-lasting battery, and a range of features, it offers a great user experience for various tasks.
2025-12-30 03:14:48 INFO  STEP: Card nuber 1 have a Price: 349.99
2025-12-30 03:14:48 INFO  STEP: Card nuber 1 have a Rating: 3.7
(4 reviews)
2025-12-30 03:14:48 INFO  STEP PASS: Card nuber 1 dont have a Additional Images Button
2025-12-30 03:14:48 ERROR STEP FAIL: Card #1 should have all the components
2025-12-30 03:14:48 ERROR === FAIL  tests.productCardsTests.ProductCardElementsTests.cardValidation[Exp#20 [f1=2, f2=3, f3=3, f4=3, f5=3, f6=3, f7=3, f8=3]] ===
java.lang.AssertionError: Card #1 should have all the components
	at org.junit.Assert.fail(Assert.java:89) ~[junit-4.13.jar:4.13]
	at org.junit.Assert.assertTrue(Assert.java:42) ~[junit-4.13.jar:4.13]
	at tests.BaseTest.checkTrue(BaseTest.java:92) ~[test-classes/:?]
	at tests.productCardsTests.ProductCardElementsTests.cardValidation(ProductCardElementsTests.java:61) ~[test-classes/:?]
	at jdk.internal.reflect.DirectMethodHandleAccessor.invoke(DirectMethodHandleAccessor.java:103) ~[?:?]
	at java.lang.reflect.Method.invoke(Method.java:580) ~[?:?]
	at org.junit.runners.model.FrameworkMethod$1.runReflectiveCall(FrameworkMethod.java:59) ~[junit-4.13.jar:4.13]
	at org.junit.internal.runners.model.ReflectiveCallable.run(ReflectiveCallable.java:12) ~[junit-4.13.jar:4.13]
	at org.junit.runners.model.FrameworkMethod.invokeExplosively(FrameworkMethod.java:56) ~[junit-4.13.jar:4.13]
	at org.junit.internal.runners.statements.InvokeMethod.evaluate(InvokeMethod.java:17) ~[junit-4.13.jar:4.13]
	at org.junit.internal.runners.statements.RunBefores.evaluate(RunBefores.java:26) ~[junit-4.13.jar:4.13]
	at org.junit.internal.runners.statements.RunAfters.evaluate(RunAfters.java:27) ~[junit-4.13.jar:4.13]
	at org.junit.rules.TestWatcher$1.evaluate(TestWatcher.java:61) [junit-4.13.jar:4.13]
	at org.junit.runners.ParentRunner$3.evaluate(ParentRunner.java:306) [junit-4.13.jar:4.13]
	at org.junit.runners.BlockJUnit4ClassRunner$1.evaluate(BlockJUnit4ClassRunner.java:100) [junit-4.13.jar:4.13]
	at org.junit.runners.ParentRunner.runLeaf(ParentRunner.java:366) [junit-4.13.jar:4.13]
	at org.junit.runners.BlockJUnit4ClassRunner.runChild(BlockJUnit4ClassRunner.java:103) [junit-4.13.jar:4.13]
	at org.junit.runners.BlockJUnit4ClassRunner.runChild(BlockJUnit4ClassRunner.java:63) [junit-4.13.jar:4.13]
	at org.junit.runners.ParentRunner$4.run(ParentRunner.java:331) [junit-4.13.jar:4.13]
	at org.junit.runners.ParentRunner$1.schedule(ParentRunner.java:79) [junit-4.13.jar:4.13]
	at org.junit.runners.ParentRunner.runChildren(ParentRunner.java:329) [junit-4.13.jar:4.13]
	at org.junit.runners.ParentRunner.access$100(ParentRunner.java:66) [junit-4.13.jar:4.13]
	at org.junit.runners.ParentRunner$2.evaluate(ParentRunner.java:293) [junit-4.13.jar:4.13]
	at org.junit.runners.ParentRunner.run(ParentRunner.java:413) [junit-4.13.jar:4.13]
	at org.junit.runners.Suite.runChild(Suite.java:128) [junit-4.13.jar:4.13]
	at org.junit.runners.Suite.runChild(Suite.java:27) [junit-4.13.jar:4.13]
	at org.junit.runners.ParentRunner$4.run(ParentRunner.java:331) [junit-4.13.jar:4.13]
	at org.junit.runners.ParentRunner$1.schedule(ParentRunner.java:79) [junit-4.13.jar:4.13]
	at org.junit.runners.ParentRunner.runChildren(ParentRunner.java:329) [junit-4.13.jar:4.13]
	at org.junit.runners.ParentRunner.access$100(ParentRunner.java:66) [junit-4.13.jar:4.13]
	at org.junit.runners.ParentRunner$2.evaluate(ParentRunner.java:293) [junit-4.13.jar:4.13]
	at org.junit.internal.runners.statements.RunAfters.evaluate(RunAfters.java:27) [junit-4.13.jar:4.13]
	at org.junit.runners.ParentRunner$3.evaluate(ParentRunner.java:306) [junit-4.13.jar:4.13]
	at org.junit.runners.ParentRunner.run(ParentRunner.java:413) [junit-4.13.jar:4.13]
	at org.eclipse.jdt.internal.junit4.runner.JUnit4TestReference.run(JUnit4TestReference.java:93) [.cp/:?]
	at org.eclipse.jdt.internal.junit.runner.TestExecution.run(TestExecution.java:40) [.cp/:?]
	at org.eclipse.jdt.internal.junit.runner.RemoteTestRunner.runTests(RemoteTestRunner.java:530) [.cp/:?]
	at org.eclipse.jdt.internal.junit.runner.RemoteTestRunner.runTests(RemoteTestRunner.java:758) [.cp/:?]
	at org.eclipse.jdt.internal.junit.runner.RemoteTestRunner.run(RemoteTestRunner.java:453) [.cp/:?]
	at org.eclipse.jdt.internal.junit.runner.RemoteTestRunner.main(RemoteTestRunner.java:211) [.cp/:?]
2025-12-30 03:14:48 INFO  === END   tests.productCardsTests.ProductCardElementsTests.cardValidation[Exp#20 [f1=2, f2=3, f3=3, f4=3, f5=3, f6=3, f7=3, f8=3]] ===
2025-12-30 03:15:36 INFO  === START tests.productCardsTests.ProductCardElementsTests.cardValidation[Exp#1 [f1=1, f2=1, f3=1, f4=1, f5=1, f6=1, f7=1, f8=1]] ===
2025-12-30 03:15:38 INFO  STEP: 📝 New input: Filling form fields.
2025-12-30 03:15:45 INFO  STEP: Card nuber 1 have a Thumbnail
2025-12-30 03:15:45 INFO  STEP: Card nuber 1 have a Title: Green and Black Glasses
2025-12-30 03:15:45 INFO  STEP: Card nuber 1 have a Description: The Green and Black Glasses feature a bold combination of green and black colors, adding a touch of vibrancy to your eyewear collection. They are both stylish and eye-catching.
2025-12-30 03:15:45 INFO  STEP: Card nuber 1 have a Price: 34.99
2025-12-30 03:15:46 INFO  STEP PASS: Card nuber 1 dont have a Rating
2025-12-30 03:15:46 INFO  STEP PASS: Card nuber 1 dont have a Additional Images Button
2025-12-30 03:15:46 ERROR STEP FAIL: Card #1 should have all the components
2025-12-30 03:15:46 ERROR === FAIL  tests.productCardsTests.ProductCardElementsTests.cardValidation[Exp#1 [f1=1, f2=1, f3=1, f4=1, f5=1, f6=1, f7=1, f8=1]] ===
java.lang.AssertionError: Card #1 should have all the components
	at org.junit.Assert.fail(Assert.java:89) ~[junit-4.13.jar:4.13]
	at org.junit.Assert.assertTrue(Assert.java:42) ~[junit-4.13.jar:4.13]
	at tests.BaseTest.checkTrue(BaseTest.java:92) ~[test-classes/:?]
	at tests.productCardsTests.ProductCardElementsTests.cardValidation(ProductCardElementsTests.java:61) ~[test-classes/:?]
	at jdk.internal.reflect.DirectMethodHandleAccessor.invoke(DirectMethodHandleAccessor.java:103) ~[?:?]
	at java.lang.reflect.Method.invoke(Method.java:580) ~[?:?]
	at org.junit.runners.model.FrameworkMethod$1.runReflectiveCall(FrameworkMethod.java:59) ~[junit-4.13.jar:4.13]
	at org.junit.internal.runners.model.ReflectiveCallable.run(ReflectiveCallable.java:12) ~[junit-4.13.jar:4.13]
	at org.junit.runners.model.FrameworkMethod.invokeExplosively(FrameworkMethod.java:56) ~[junit-4.13.jar:4.13]
	at org.junit.internal.runners.statements.InvokeMethod.evaluate(InvokeMethod.java:17) ~[junit-4.13.jar:4.13]
	at org.junit.internal.runners.statements.RunBefores.evaluate(RunBefores.java:26) ~[junit-4.13.jar:4.13]
	at org.junit.internal.runners.statements.RunAfters.evaluate(RunAfters.java:27) ~[junit-4.13.jar:4.13]
	at org.junit.rules.TestWatcher$1.evaluate(TestWatcher.java:61) [junit-4.13.jar:4.13]
	at org.junit.runners.ParentRunner$3.evaluate(ParentRunner.java:306) [junit-4.13.jar:4.13]
	at org.junit.runners.BlockJUnit4ClassRunner$1.evaluate(BlockJUnit4ClassRunner.java:100) [junit-4.13.jar:4.13]
	at org.junit.runners.ParentRunner.runLeaf(ParentRunner.java:366) [junit-4.13.jar:4.13]
	at org.junit.runners.BlockJUnit4ClassRunner.runChild(BlockJUnit4ClassRunner.java:103) [junit-4.13.jar:4.13]
	at org.junit.runners.BlockJUnit4ClassRunner.runChild(BlockJUnit4ClassRunner.java:63) [junit-4.13.jar:4.13]
	at org.junit.runners.ParentRunner$4.run(ParentRunner.java:331) [junit-4.13.jar:4.13]
	at org.junit.runners.ParentRunner$1.schedule(ParentRunner.java:79) [junit-4.13.jar:4.13]
	at org.junit.runners.ParentRunner.runChildren(ParentRunner.java:329) [junit-4.13.jar:4.13]
	at org.junit.runners.ParentRunner.access$100(ParentRunner.java:66) [junit-4.13.jar:4.13]
	at org.junit.runners.ParentRunner$2.evaluate(ParentRunner.java:293) [junit-4.13.jar:4.13]
	at org.junit.runners.ParentRunner.run(ParentRunner.java:413) [junit-4.13.jar:4.13]
	at org.junit.runners.Suite.runChild(Suite.java:128) [junit-4.13.jar:4.13]
	at org.junit.runners.Suite.runChild(Suite.java:27) [junit-4.13.jar:4.13]
	at org.junit.runners.ParentRunner$4.run(ParentRunner.java:331) [junit-4.13.jar:4.13]
	at org.junit.runners.ParentRunner$1.schedule(ParentRunner.java:79) [junit-4.13.jar:4.13]
	at org.junit.runners.ParentRunner.runChildren(ParentRunner.java:329) [junit-4.13.jar:4.13]
	at org.junit.runners.ParentRunner.access$100(ParentRunner.java:66) [junit-4.13.jar:4.13]
	at org.junit.runners.ParentRunner$2.evaluate(ParentRunner.java:293) [junit-4.13.jar:4.13]
	at org.junit.internal.runners.statements.RunAfters.evaluate(RunAfters.java:27) [junit-4.13.jar:4.13]
	at org.junit.runners.ParentRunner$3.evaluate(ParentRunner.java:306) [junit-4.13.jar:4.13]
	at org.junit.runners.ParentRunner.run(ParentRunner.java:413) [junit-4.13.jar:4.13]
	at org.eclipse.jdt.internal.junit4.runner.JUnit4TestReference.run(JUnit4TestReference.java:93) [.cp/:?]
	at org.eclipse.jdt.internal.junit.runner.TestExecution.run(TestExecution.java:40) [.cp/:?]
	at org.eclipse.jdt.internal.junit.runner.RemoteTestRunner.runTests(RemoteTestRunner.java:530) [.cp/:?]
	at org.eclipse.jdt.internal.junit.runner.RemoteTestRunner.runTests(RemoteTestRunner.java:758) [.cp/:?]
	at org.eclipse.jdt.internal.junit.runner.RemoteTestRunner.run(RemoteTestRunner.java:453) [.cp/:?]
	at org.eclipse.jdt.internal.junit.runner.RemoteTestRunner.main(RemoteTestRunner.java:211) [.cp/:?]
2025-12-30 03:15:46 INFO  === END   tests.productCardsTests.ProductCardElementsTests.cardValidation[Exp#1 [f1=1, f2=1, f3=1, f4=1, f5=1, f6=1, f7=1, f8=1]] ===
2025-12-30 03:15:46 INFO  === START tests.productCardsTests.ProductCardElementsTests.cardValidation[Exp#2 [f1=1, f2=1, f3=2, f4=2, f5=2, f6=2, f7=2, f8=2]] ===
2025-12-30 03:15:46 INFO  STEP: 📝 New input: Filling form fields.
2025-12-30 03:15:49 INFO  STEP: Card nuber 1 have a Thumbnail
2025-12-30 03:15:49 INFO  STEP: Card nuber 1 have a Title: Black Aluminium Cup
2025-12-30 03:15:50 INFO  STEP: Card nuber 1 have a Description: The Black Aluminium Cup is a stylish and durable cup suitable for both hot and cold beverages. Its sleek black design adds a modern touch to your drinkware collection.
2025-12-30 03:15:50 INFO  STEP: Card nuber 1 have a Price: 5.99
2025-12-30 03:15:50 INFO  STEP PASS: Card nuber 1 dont have a Rating
2025-12-30 03:15:50 INFO  STEP PASS: Card nuber 1 dont have a Additional Images Button
2025-12-30 03:15:50 ERROR STEP FAIL: Card #1 should have all the components
2025-12-30 03:15:50 ERROR === FAIL  tests.productCardsTests.ProductCardElementsTests.cardValidation[Exp#2 [f1=1, f2=1, f3=2, f4=2, f5=2, f6=2, f7=2, f8=2]] ===
java.lang.AssertionError: Card #1 should have all the components
	at org.junit.Assert.fail(Assert.java:89) ~[junit-4.13.jar:4.13]
	at org.junit.Assert.assertTrue(Assert.java:42) ~[junit-4.13.jar:4.13]
	at tests.BaseTest.checkTrue(BaseTest.java:92) ~[test-classes/:?]
	at tests.productCardsTests.ProductCardElementsTests.cardValidation(ProductCardElementsTests.java:61) ~[test-classes/:?]
	at jdk.internal.reflect.DirectMethodHandleAccessor.invoke(DirectMethodHandleAccessor.java:103) ~[?:?]
	at java.lang.reflect.Method.invoke(Method.java:580) ~[?:?]
	at org.junit.runners.model.FrameworkMethod$1.runReflectiveCall(FrameworkMethod.java:59) ~[junit-4.13.jar:4.13]
	at org.junit.internal.runners.model.ReflectiveCallable.run(ReflectiveCallable.java:12) ~[junit-4.13.jar:4.13]
	at org.junit.runners.model.FrameworkMethod.invokeExplosively(FrameworkMethod.java:56) ~[junit-4.13.jar:4.13]
	at org.junit.internal.runners.statements.InvokeMethod.evaluate(InvokeMethod.java:17) ~[junit-4.13.jar:4.13]
	at org.junit.internal.runners.statements.RunBefores.evaluate(RunBefores.java:26) ~[junit-4.13.jar:4.13]
	at org.junit.internal.runners.statements.RunAfters.evaluate(RunAfters.java:27) ~[junit-4.13.jar:4.13]
	at org.junit.rules.TestWatcher$1.evaluate(TestWatcher.java:61) [junit-4.13.jar:4.13]
	at org.junit.runners.ParentRunner$3.evaluate(ParentRunner.java:306) [junit-4.13.jar:4.13]
	at org.junit.runners.BlockJUnit4ClassRunner$1.evaluate(BlockJUnit4ClassRunner.java:100) [junit-4.13.jar:4.13]
	at org.junit.runners.ParentRunner.runLeaf(ParentRunner.java:366) [junit-4.13.jar:4.13]
	at org.junit.runners.BlockJUnit4ClassRunner.runChild(BlockJUnit4ClassRunner.java:103) [junit-4.13.jar:4.13]
	at org.junit.runners.BlockJUnit4ClassRunner.runChild(BlockJUnit4ClassRunner.java:63) [junit-4.13.jar:4.13]
	at org.junit.runners.ParentRunner$4.run(ParentRunner.java:331) [junit-4.13.jar:4.13]
	at org.junit.runners.ParentRunner$1.schedule(ParentRunner.java:79) [junit-4.13.jar:4.13]
	at org.junit.runners.ParentRunner.runChildren(ParentRunner.java:329) [junit-4.13.jar:4.13]
	at org.junit.runners.ParentRunner.access$100(ParentRunner.java:66) [junit-4.13.jar:4.13]
	at org.junit.runners.ParentRunner$2.evaluate(ParentRunner.java:293) [junit-4.13.jar:4.13]
	at org.junit.runners.ParentRunner.run(ParentRunner.java:413) [junit-4.13.jar:4.13]
	at org.junit.runners.Suite.runChild(Suite.java:128) [junit-4.13.jar:4.13]
	at org.junit.runners.Suite.runChild(Suite.java:27) [junit-4.13.jar:4.13]
	at org.junit.runners.ParentRunner$4.run(ParentRunner.java:331) [junit-4.13.jar:4.13]
	at org.junit.runners.ParentRunner$1.schedule(ParentRunner.java:79) [junit-4.13.jar:4.13]
	at org.junit.runners.ParentRunner.runChildren(ParentRunner.java:329) [junit-4.13.jar:4.13]
	at org.junit.runners.ParentRunner.access$100(ParentRunner.java:66) [junit-4.13.jar:4.13]
	at org.junit.runners.ParentRunner$2.evaluate(ParentRunner.java:293) [junit-4.13.jar:4.13]
	at org.junit.internal.runners.statements.RunAfters.evaluate(RunAfters.java:27) [junit-4.13.jar:4.13]
	at org.junit.runners.ParentRunner$3.evaluate(ParentRunner.java:306) [junit-4.13.jar:4.13]
	at org.junit.runners.ParentRunner.run(ParentRunner.java:413) [junit-4.13.jar:4.13]
	at org.eclipse.jdt.internal.junit4.runner.JUnit4TestReference.run(JUnit4TestReference.java:93) [.cp/:?]
	at org.eclipse.jdt.internal.junit.runner.TestExecution.run(TestExecution.java:40) [.cp/:?]
	at org.eclipse.jdt.internal.junit.runner.RemoteTestRunner.runTests(RemoteTestRunner.java:530) [.cp/:?]
	at org.eclipse.jdt.internal.junit.runner.RemoteTestRunner.runTests(RemoteTestRunner.java:758) [.cp/:?]
	at org.eclipse.jdt.internal.junit.runner.RemoteTestRunner.run(RemoteTestRunner.java:453) [.cp/:?]
	at org.eclipse.jdt.internal.junit.runner.RemoteTestRunner.main(RemoteTestRunner.java:211) [.cp/:?]
2025-12-30 03:15:50 INFO  === END   tests.productCardsTests.ProductCardElementsTests.cardValidation[Exp#2 [f1=1, f2=1, f3=2, f4=2, f5=2, f6=2, f7=2, f8=2]] ===
2025-12-30 03:15:50 INFO  === START tests.productCardsTests.ProductCardElementsTests.cardValidation[Exp#3 [f1=1, f2=1, f3=3, f4=3, f5=3, f6=3, f7=3, f8=3]] ===
2025-12-30 03:15:50 INFO  STEP: 📝 New input: Filling form fields.
2025-12-30 03:15:54 INFO  STEP: Card nuber 1 have a Thumbnail
2025-12-30 03:15:54 INFO  STEP: Card nuber 1 have a Title: Samsung Galaxy Tab White
2025-12-30 03:15:54 INFO  STEP: Card nuber 1 have a Description: The Samsung Galaxy Tab in White is a sleek and versatile Android tablet. With a vibrant display, long-lasting battery, and a range of features, it offers a great user experience for various tasks.
2025-12-30 03:15:54 INFO  STEP: Card nuber 1 have a Price: 349.99
2025-12-30 03:15:54 INFO  STEP PASS: Card nuber 1 dont have a Rating
2025-12-30 03:15:54 INFO  STEP PASS: Card nuber 1 dont have a Additional Images Button
2025-12-30 03:15:54 ERROR STEP FAIL: Card #1 should have all the components
2025-12-30 03:15:54 ERROR === FAIL  tests.productCardsTests.ProductCardElementsTests.cardValidation[Exp#3 [f1=1, f2=1, f3=3, f4=3, f5=3, f6=3, f7=3, f8=3]] ===
java.lang.AssertionError: Card #1 should have all the components
	at org.junit.Assert.fail(Assert.java:89) ~[junit-4.13.jar:4.13]
	at org.junit.Assert.assertTrue(Assert.java:42) ~[junit-4.13.jar:4.13]
	at tests.BaseTest.checkTrue(BaseTest.java:92) ~[test-classes/:?]
	at tests.productCardsTests.ProductCardElementsTests.cardValidation(ProductCardElementsTests.java:61) ~[test-classes/:?]
	at jdk.internal.reflect.DirectMethodHandleAccessor.invoke(DirectMethodHandleAccessor.java:103) ~[?:?]
	at java.lang.reflect.Method.invoke(Method.java:580) ~[?:?]
	at org.junit.runners.model.FrameworkMethod$1.runReflectiveCall(FrameworkMethod.java:59) ~[junit-4.13.jar:4.13]
	at org.junit.internal.runners.model.ReflectiveCallable.run(ReflectiveCallable.java:12) ~[junit-4.13.jar:4.13]
	at org.junit.runners.model.FrameworkMethod.invokeExplosively(FrameworkMethod.java:56) ~[junit-4.13.jar:4.13]
	at org.junit.internal.runners.statements.InvokeMethod.evaluate(InvokeMethod.java:17) ~[junit-4.13.jar:4.13]
	at org.junit.internal.runners.statements.RunBefores.evaluate(RunBefores.java:26) ~[junit-4.13.jar:4.13]
	at org.junit.internal.runners.statements.RunAfters.evaluate(RunAfters.java:27) ~[junit-4.13.jar:4.13]
	at org.junit.rules.TestWatcher$1.evaluate(TestWatcher.java:61) [junit-4.13.jar:4.13]
	at org.junit.runners.ParentRunner$3.evaluate(ParentRunner.java:306) [junit-4.13.jar:4.13]
	at org.junit.runners.BlockJUnit4ClassRunner$1.evaluate(BlockJUnit4ClassRunner.java:100) [junit-4.13.jar:4.13]
	at org.junit.runners.ParentRunner.runLeaf(ParentRunner.java:366) [junit-4.13.jar:4.13]
	at org.junit.runners.BlockJUnit4ClassRunner.runChild(BlockJUnit4ClassRunner.java:103) [junit-4.13.jar:4.13]
	at org.junit.runners.BlockJUnit4ClassRunner.runChild(BlockJUnit4ClassRunner.java:63) [junit-4.13.jar:4.13]
	at org.junit.runners.ParentRunner$4.run(ParentRunner.java:331) [junit-4.13.jar:4.13]
	at org.junit.runners.ParentRunner$1.schedule(ParentRunner.java:79) [junit-4.13.jar:4.13]
	at org.junit.runners.ParentRunner.runChildren(ParentRunner.java:329) [junit-4.13.jar:4.13]
	at org.junit.runners.ParentRunner.access$100(ParentRunner.java:66) [junit-4.13.jar:4.13]
	at org.junit.runners.ParentRunner$2.evaluate(ParentRunner.java:293) [junit-4.13.jar:4.13]
	at org.junit.runners.ParentRunner.run(ParentRunner.java:413) [junit-4.13.jar:4.13]
	at org.junit.runners.Suite.runChild(Suite.java:128) [junit-4.13.jar:4.13]
	at org.junit.runners.Suite.runChild(Suite.java:27) [junit-4.13.jar:4.13]
	at org.junit.runners.ParentRunner$4.run(ParentRunner.java:331) [junit-4.13.jar:4.13]
	at org.junit.runners.ParentRunner$1.schedule(ParentRunner.java:79) [junit-4.13.jar:4.13]
	at org.junit.runners.ParentRunner.runChildren(ParentRunner.java:329) [junit-4.13.jar:4.13]
	at org.junit.runners.ParentRunner.access$100(ParentRunner.java:66) [junit-4.13.jar:4.13]
	at org.junit.runners.ParentRunner$2.evaluate(ParentRunner.java:293) [junit-4.13.jar:4.13]
	at org.junit.internal.runners.statements.RunAfters.evaluate(RunAfters.java:27) [junit-4.13.jar:4.13]
	at org.junit.runners.ParentRunner$3.evaluate(ParentRunner.java:306) [junit-4.13.jar:4.13]
	at org.junit.runners.ParentRunner.run(ParentRunner.java:413) [junit-4.13.jar:4.13]
	at org.eclipse.jdt.internal.junit4.runner.JUnit4TestReference.run(JUnit4TestReference.java:93) [.cp/:?]
	at org.eclipse.jdt.internal.junit.runner.TestExecution.run(TestExecution.java:40) [.cp/:?]
	at org.eclipse.jdt.internal.junit.runner.RemoteTestRunner.runTests(RemoteTestRunner.java:530) [.cp/:?]
	at org.eclipse.jdt.internal.junit.runner.RemoteTestRunner.runTests(RemoteTestRunner.java:758) [.cp/:?]
	at org.eclipse.jdt.internal.junit.runner.RemoteTestRunner.run(RemoteTestRunner.java:453) [.cp/:?]
	at org.eclipse.jdt.internal.junit.runner.RemoteTestRunner.main(RemoteTestRunner.java:211) [.cp/:?]
2025-12-30 03:15:54 INFO  === END   tests.productCardsTests.ProductCardElementsTests.cardValidation[Exp#3 [f1=1, f2=1, f3=3, f4=3, f5=3, f6=3, f7=3, f8=3]] ===
2025-12-30 03:15:54 INFO  === START tests.productCardsTests.ProductCardElementsTests.cardValidation[Exp#4 [f1=1, f2=2, f3=1, f4=1, f5=2, f6=2, f7=3, f8=3]] ===
2025-12-30 03:15:54 INFO  STEP: 📝 New input: Filling form fields.
2025-12-30 03:15:58 INFO  STEP: Card nuber 1 have a Thumbnail
2025-12-30 03:15:58 INFO  STEP: Card nuber 1 have a Title: Plant Pot
2025-12-30 03:15:58 INFO  STEP: Card nuber 1 have a Description: The Plant Pot is a stylish container for your favorite plants. With a sleek design, it complements your indoor or outdoor garden, adding a modern touch to your plant display.
2025-12-30 03:15:58 INFO  STEP: Card nuber 1 have a Price: 14.99
2025-12-30 03:15:58 INFO  STEP PASS: Card nuber 1 dont have a Rating
2025-12-30 03:15:58 INFO  STEP PASS: Card nuber 1 dont have a Additional Images Button
2025-12-30 03:15:58 ERROR STEP FAIL: Card #1 should have all the components
2025-12-30 03:15:58 ERROR === FAIL  tests.productCardsTests.ProductCardElementsTests.cardValidation[Exp#4 [f1=1, f2=2, f3=1, f4=1, f5=2, f6=2, f7=3, f8=3]] ===
java.lang.AssertionError: Card #1 should have all the components
	at org.junit.Assert.fail(Assert.java:89) ~[junit-4.13.jar:4.13]
	at org.junit.Assert.assertTrue(Assert.java:42) ~[junit-4.13.jar:4.13]
	at tests.BaseTest.checkTrue(BaseTest.java:92) ~[test-classes/:?]
	at tests.productCardsTests.ProductCardElementsTests.cardValidation(ProductCardElementsTests.java:61) ~[test-classes/:?]
	at jdk.internal.reflect.DirectMethodHandleAccessor.invoke(DirectMethodHandleAccessor.java:103) ~[?:?]
	at java.lang.reflect.Method.invoke(Method.java:580) ~[?:?]
	at org.junit.runners.model.FrameworkMethod$1.runReflectiveCall(FrameworkMethod.java:59) ~[junit-4.13.jar:4.13]
	at org.junit.internal.runners.model.ReflectiveCallable.run(ReflectiveCallable.java:12) ~[junit-4.13.jar:4.13]
	at org.junit.runners.model.FrameworkMethod.invokeExplosively(FrameworkMethod.java:56) ~[junit-4.13.jar:4.13]
	at org.junit.internal.runners.statements.InvokeMethod.evaluate(InvokeMethod.java:17) ~[junit-4.13.jar:4.13]
	at org.junit.internal.runners.statements.RunBefores.evaluate(RunBefores.java:26) ~[junit-4.13.jar:4.13]
	at org.junit.internal.runners.statements.RunAfters.evaluate(RunAfters.java:27) ~[junit-4.13.jar:4.13]
	at org.junit.rules.TestWatcher$1.evaluate(TestWatcher.java:61) [junit-4.13.jar:4.13]
	at org.junit.runners.ParentRunner$3.evaluate(ParentRunner.java:306) [junit-4.13.jar:4.13]
	at org.junit.runners.BlockJUnit4ClassRunner$1.evaluate(BlockJUnit4ClassRunner.java:100) [junit-4.13.jar:4.13]
	at org.junit.runners.ParentRunner.runLeaf(ParentRunner.java:366) [junit-4.13.jar:4.13]
	at org.junit.runners.BlockJUnit4ClassRunner.runChild(BlockJUnit4ClassRunner.java:103) [junit-4.13.jar:4.13]
	at org.junit.runners.BlockJUnit4ClassRunner.runChild(BlockJUnit4ClassRunner.java:63) [junit-4.13.jar:4.13]
	at org.junit.runners.ParentRunner$4.run(ParentRunner.java:331) [junit-4.13.jar:4.13]
	at org.junit.runners.ParentRunner$1.schedule(ParentRunner.java:79) [junit-4.13.jar:4.13]
	at org.junit.runners.ParentRunner.runChildren(ParentRunner.java:329) [junit-4.13.jar:4.13]
	at org.junit.runners.ParentRunner.access$100(ParentRunner.java:66) [junit-4.13.jar:4.13]
	at org.junit.runners.ParentRunner$2.evaluate(ParentRunner.java:293) [junit-4.13.jar:4.13]
	at org.junit.runners.ParentRunner.run(ParentRunner.java:413) [junit-4.13.jar:4.13]
	at org.junit.runners.Suite.runChild(Suite.java:128) [junit-4.13.jar:4.13]
	at org.junit.runners.Suite.runChild(Suite.java:27) [junit-4.13.jar:4.13]
	at org.junit.runners.ParentRunner$4.run(ParentRunner.java:331) [junit-4.13.jar:4.13]
	at org.junit.runners.ParentRunner$1.schedule(ParentRunner.java:79) [junit-4.13.jar:4.13]
	at org.junit.runners.ParentRunner.runChildren(ParentRunner.java:329) [junit-4.13.jar:4.13]
	at org.junit.runners.ParentRunner.access$100(ParentRunner.java:66) [junit-4.13.jar:4.13]
	at org.junit.runners.ParentRunner$2.evaluate(ParentRunner.java:293) [junit-4.13.jar:4.13]
	at org.junit.internal.runners.statements.RunAfters.evaluate(RunAfters.java:27) [junit-4.13.jar:4.13]
	at org.junit.runners.ParentRunner$3.evaluate(ParentRunner.java:306) [junit-4.13.jar:4.13]
	at org.junit.runners.ParentRunner.run(ParentRunner.java:413) [junit-4.13.jar:4.13]
	at org.eclipse.jdt.internal.junit4.runner.JUnit4TestReference.run(JUnit4TestReference.java:93) [.cp/:?]
	at org.eclipse.jdt.internal.junit.runner.TestExecution.run(TestExecution.java:40) [.cp/:?]
	at org.eclipse.jdt.internal.junit.runner.RemoteTestRunner.runTests(RemoteTestRunner.java:530) [.cp/:?]
	at org.eclipse.jdt.internal.junit.runner.RemoteTestRunner.runTests(RemoteTestRunner.java:758) [.cp/:?]
	at org.eclipse.jdt.internal.junit.runner.RemoteTestRunner.run(RemoteTestRunner.java:453) [.cp/:?]
	at org.eclipse.jdt.internal.junit.runner.RemoteTestRunner.main(RemoteTestRunner.java:211) [.cp/:?]
2025-12-30 03:15:58 INFO  === END   tests.productCardsTests.ProductCardElementsTests.cardValidation[Exp#4 [f1=1, f2=2, f3=1, f4=1, f5=2, f6=2, f7=3, f8=3]] ===
2025-12-30 03:15:58 INFO  === START tests.productCardsTests.ProductCardElementsTests.cardValidation[Exp#5 [f1=1, f2=2, f3=2, f4=2, f5=3, f6=3, f7=1, f8=1]] ===
2025-12-30 03:15:58 INFO  STEP: 📝 New input: Filling form fields.
2025-12-30 03:16:02 INFO  STEP: Card nuber 1 have a Thumbnail
2025-12-30 03:16:02 INFO  STEP: Card nuber 1 have a Title: Black Aluminium Cup
2025-12-30 03:16:02 INFO  STEP: Card nuber 1 have a Description: The Black Aluminium Cup is a stylish and durable cup suitable for both hot and cold beverages. Its sleek black design adds a modern touch to your drinkware collection.
2025-12-30 03:16:02 INFO  STEP: Card nuber 1 have a Price: 5.99
2025-12-30 03:16:02 INFO  STEP PASS: Card nuber 1 dont have a Rating
2025-12-30 03:16:02 INFO  STEP PASS: Card nuber 1 dont have a Additional Images Button
2025-12-30 03:16:02 ERROR STEP FAIL: Card #1 should have all the components
2025-12-30 03:16:02 ERROR === FAIL  tests.productCardsTests.ProductCardElementsTests.cardValidation[Exp#5 [f1=1, f2=2, f3=2, f4=2, f5=3, f6=3, f7=1, f8=1]] ===
java.lang.AssertionError: Card #1 should have all the components
	at org.junit.Assert.fail(Assert.java:89) ~[junit-4.13.jar:4.13]
	at org.junit.Assert.assertTrue(Assert.java:42) ~[junit-4.13.jar:4.13]
	at tests.BaseTest.checkTrue(BaseTest.java:92) ~[test-classes/:?]
	at tests.productCardsTests.ProductCardElementsTests.cardValidation(ProductCardElementsTests.java:61) ~[test-classes/:?]
	at jdk.internal.reflect.DirectMethodHandleAccessor.invoke(DirectMethodHandleAccessor.java:103) ~[?:?]
	at java.lang.reflect.Method.invoke(Method.java:580) ~[?:?]
	at org.junit.runners.model.FrameworkMethod$1.runReflectiveCall(FrameworkMethod.java:59) ~[junit-4.13.jar:4.13]
	at org.junit.internal.runners.model.ReflectiveCallable.run(ReflectiveCallable.java:12) ~[junit-4.13.jar:4.13]
	at org.junit.runners.model.FrameworkMethod.invokeExplosively(FrameworkMethod.java:56) ~[junit-4.13.jar:4.13]
	at org.junit.internal.runners.statements.InvokeMethod.evaluate(InvokeMethod.java:17) ~[junit-4.13.jar:4.13]
	at org.junit.internal.runners.statements.RunBefores.evaluate(RunBefores.java:26) ~[junit-4.13.jar:4.13]
	at org.junit.internal.runners.statements.RunAfters.evaluate(RunAfters.java:27) ~[junit-4.13.jar:4.13]
	at org.junit.rules.TestWatcher$1.evaluate(TestWatcher.java:61) [junit-4.13.jar:4.13]
	at org.junit.runners.ParentRunner$3.evaluate(ParentRunner.java:306) [junit-4.13.jar:4.13]
	at org.junit.runners.BlockJUnit4ClassRunner$1.evaluate(BlockJUnit4ClassRunner.java:100) [junit-4.13.jar:4.13]
	at org.junit.runners.ParentRunner.runLeaf(ParentRunner.java:366) [junit-4.13.jar:4.13]
	at org.junit.runners.BlockJUnit4ClassRunner.runChild(BlockJUnit4ClassRunner.java:103) [junit-4.13.jar:4.13]
	at org.junit.runners.BlockJUnit4ClassRunner.runChild(BlockJUnit4ClassRunner.java:63) [junit-4.13.jar:4.13]
	at org.junit.runners.ParentRunner$4.run(ParentRunner.java:331) [junit-4.13.jar:4.13]
	at org.junit.runners.ParentRunner$1.schedule(ParentRunner.java:79) [junit-4.13.jar:4.13]
	at org.junit.runners.ParentRunner.runChildren(ParentRunner.java:329) [junit-4.13.jar:4.13]
	at org.junit.runners.ParentRunner.access$100(ParentRunner.java:66) [junit-4.13.jar:4.13]
	at org.junit.runners.ParentRunner$2.evaluate(ParentRunner.java:293) [junit-4.13.jar:4.13]
	at org.junit.runners.ParentRunner.run(ParentRunner.java:413) [junit-4.13.jar:4.13]
	at org.junit.runners.Suite.runChild(Suite.java:128) [junit-4.13.jar:4.13]
	at org.junit.runners.Suite.runChild(Suite.java:27) [junit-4.13.jar:4.13]
	at org.junit.runners.ParentRunner$4.run(ParentRunner.java:331) [junit-4.13.jar:4.13]
	at org.junit.runners.ParentRunner$1.schedule(ParentRunner.java:79) [junit-4.13.jar:4.13]
	at org.junit.runners.ParentRunner.runChildren(ParentRunner.java:329) [junit-4.13.jar:4.13]
	at org.junit.runners.ParentRunner.access$100(ParentRunner.java:66) [junit-4.13.jar:4.13]
	at org.junit.runners.ParentRunner$2.evaluate(ParentRunner.java:293) [junit-4.13.jar:4.13]
	at org.junit.internal.runners.statements.RunAfters.evaluate(RunAfters.java:27) [junit-4.13.jar:4.13]
	at org.junit.runners.ParentRunner$3.evaluate(ParentRunner.java:306) [junit-4.13.jar:4.13]
	at org.junit.runners.ParentRunner.run(ParentRunner.java:413) [junit-4.13.jar:4.13]
	at org.eclipse.jdt.internal.junit4.runner.JUnit4TestReference.run(JUnit4TestReference.java:93) [.cp/:?]
	at org.eclipse.jdt.internal.junit.runner.TestExecution.run(TestExecution.java:40) [.cp/:?]
	at org.eclipse.jdt.internal.junit.runner.RemoteTestRunner.runTests(RemoteTestRunner.java:530) [.cp/:?]
	at org.eclipse.jdt.internal.junit.runner.RemoteTestRunner.runTests(RemoteTestRunner.java:758) [.cp/:?]
	at org.eclipse.jdt.internal.junit.runner.RemoteTestRunner.run(RemoteTestRunner.java:453) [.cp/:?]
	at org.eclipse.jdt.internal.junit.runner.RemoteTestRunner.main(RemoteTestRunner.java:211) [.cp/:?]
2025-12-30 03:16:02 INFO  === END   tests.productCardsTests.ProductCardElementsTests.cardValidation[Exp#5 [f1=1, f2=2, f3=2, f4=2, f5=3, f6=3, f7=1, f8=1]] ===
2025-12-30 03:16:02 INFO  === START tests.productCardsTests.ProductCardElementsTests.cardValidation[Exp#6 [f1=1, f2=2, f3=3, f4=3, f5=1, f6=1, f7=2, f8=2]] ===
2025-12-30 03:16:02 INFO  STEP: 📝 New input: Filling form fields.
2025-12-30 03:16:06 INFO  STEP: Card nuber 1 have a Thumbnail
2025-12-30 03:16:06 INFO  STEP: Card nuber 1 have a Title: Baseball Ball
2025-12-30 03:16:06 INFO  STEP: Card nuber 1 have a Description: The Baseball Ball is a standard baseball used in baseball games. It features a durable leather cover and is designed for pitching, hitting, and fielding in the game of baseball.
2025-12-30 03:16:06 INFO  STEP: Card nuber 1 have a Price: 8.99
2025-12-30 03:16:06 INFO  STEP PASS: Card nuber 1 dont have a Rating
2025-12-30 03:16:06 INFO  STEP PASS: Card nuber 1 dont have a Additional Images Button
2025-12-30 03:16:06 ERROR STEP FAIL: Card #1 should have all the components
2025-12-30 03:16:06 ERROR === FAIL  tests.productCardsTests.ProductCardElementsTests.cardValidation[Exp#6 [f1=1, f2=2, f3=3, f4=3, f5=1, f6=1, f7=2, f8=2]] ===
java.lang.AssertionError: Card #1 should have all the components
	at org.junit.Assert.fail(Assert.java:89) ~[junit-4.13.jar:4.13]
	at org.junit.Assert.assertTrue(Assert.java:42) ~[junit-4.13.jar:4.13]
	at tests.BaseTest.checkTrue(BaseTest.java:92) ~[test-classes/:?]
	at tests.productCardsTests.ProductCardElementsTests.cardValidation(ProductCardElementsTests.java:61) ~[test-classes/:?]
	at jdk.internal.reflect.DirectMethodHandleAccessor.invoke(DirectMethodHandleAccessor.java:103) ~[?:?]
	at java.lang.reflect.Method.invoke(Method.java:580) ~[?:?]
	at org.junit.runners.model.FrameworkMethod$1.runReflectiveCall(FrameworkMethod.java:59) ~[junit-4.13.jar:4.13]
	at org.junit.internal.runners.model.ReflectiveCallable.run(ReflectiveCallable.java:12) ~[junit-4.13.jar:4.13]
	at org.junit.runners.model.FrameworkMethod.invokeExplosively(FrameworkMethod.java:56) ~[junit-4.13.jar:4.13]
	at org.junit.internal.runners.statements.InvokeMethod.evaluate(InvokeMethod.java:17) ~[junit-4.13.jar:4.13]
	at org.junit.internal.runners.statements.RunBefores.evaluate(RunBefores.java:26) ~[junit-4.13.jar:4.13]
	at org.junit.internal.runners.statements.RunAfters.evaluate(RunAfters.java:27) ~[junit-4.13.jar:4.13]
	at org.junit.rules.TestWatcher$1.evaluate(TestWatcher.java:61) [junit-4.13.jar:4.13]
	at org.junit.runners.ParentRunner$3.evaluate(ParentRunner.java:306) [junit-4.13.jar:4.13]
	at org.junit.runners.BlockJUnit4ClassRunner$1.evaluate(BlockJUnit4ClassRunner.java:100) [junit-4.13.jar:4.13]
	at org.junit.runners.ParentRunner.runLeaf(ParentRunner.java:366) [junit-4.13.jar:4.13]
	at org.junit.runners.BlockJUnit4ClassRunner.runChild(BlockJUnit4ClassRunner.java:103) [junit-4.13.jar:4.13]
	at org.junit.runners.BlockJUnit4ClassRunner.runChild(BlockJUnit4ClassRunner.java:63) [junit-4.13.jar:4.13]
	at org.junit.runners.ParentRunner$4.run(ParentRunner.java:331) [junit-4.13.jar:4.13]
	at org.junit.runners.ParentRunner$1.schedule(ParentRunner.java:79) [junit-4.13.jar:4.13]
	at org.junit.runners.ParentRunner.runChildren(ParentRunner.java:329) [junit-4.13.jar:4.13]
	at org.junit.runners.ParentRunner.access$100(ParentRunner.java:66) [junit-4.13.jar:4.13]
	at org.junit.runners.ParentRunner$2.evaluate(ParentRunner.java:293) [junit-4.13.jar:4.13]
	at org.junit.runners.ParentRunner.run(ParentRunner.java:413) [junit-4.13.jar:4.13]
	at org.junit.runners.Suite.runChild(Suite.java:128) [junit-4.13.jar:4.13]
	at org.junit.runners.Suite.runChild(Suite.java:27) [junit-4.13.jar:4.13]
	at org.junit.runners.ParentRunner$4.run(ParentRunner.java:331) [junit-4.13.jar:4.13]
	at org.junit.runners.ParentRunner$1.schedule(ParentRunner.java:79) [junit-4.13.jar:4.13]
	at org.junit.runners.ParentRunner.runChildren(ParentRunner.java:329) [junit-4.13.jar:4.13]
	at org.junit.runners.ParentRunner.access$100(ParentRunner.java:66) [junit-4.13.jar:4.13]
	at org.junit.runners.ParentRunner$2.evaluate(ParentRunner.java:293) [junit-4.13.jar:4.13]
	at org.junit.internal.runners.statements.RunAfters.evaluate(RunAfters.java:27) [junit-4.13.jar:4.13]
	at org.junit.runners.ParentRunner$3.evaluate(ParentRunner.java:306) [junit-4.13.jar:4.13]
	at org.junit.runners.ParentRunner.run(ParentRunner.java:413) [junit-4.13.jar:4.13]
	at org.eclipse.jdt.internal.junit4.runner.JUnit4TestReference.run(JUnit4TestReference.java:93) [.cp/:?]
	at org.eclipse.jdt.internal.junit.runner.TestExecution.run(TestExecution.java:40) [.cp/:?]
	at org.eclipse.jdt.internal.junit.runner.RemoteTestRunner.runTests(RemoteTestRunner.java:530) [.cp/:?]
	at org.eclipse.jdt.internal.junit.runner.RemoteTestRunner.runTests(RemoteTestRunner.java:758) [.cp/:?]
	at org.eclipse.jdt.internal.junit.runner.RemoteTestRunner.run(RemoteTestRunner.java:453) [.cp/:?]
	at org.eclipse.jdt.internal.junit.runner.RemoteTestRunner.main(RemoteTestRunner.java:211) [.cp/:?]
2025-12-30 03:16:06 INFO  === END   tests.productCardsTests.ProductCardElementsTests.cardValidation[Exp#6 [f1=1, f2=2, f3=3, f4=3, f5=1, f6=1, f7=2, f8=2]] ===
2025-12-30 03:16:06 INFO  === START tests.productCardsTests.ProductCardElementsTests.cardValidation[Exp#7 [f1=1, f2=3, f3=1, f4=2, f5=1, f6=3, f7=2, f8=3]] ===
2025-12-30 03:16:06 INFO  STEP: 📝 New input: Filling form fields.
2025-12-30 03:16:09 INFO  STEP: Card nuber 1 have a Thumbnail
2025-12-30 03:16:09 INFO  STEP: Card nuber 1 have a Title: Baseball Ball
2025-12-30 03:16:09 INFO  STEP: Card nuber 1 have a Description: The Baseball Ball is a standard baseball used in baseball games. It features a durable leather cover and is designed for pitching, hitting, and fielding in the game of baseball.
2025-12-30 03:16:10 INFO  STEP: Card nuber 1 have a Price: 8.99
2025-12-30 03:16:10 INFO  STEP PASS: Card nuber 1 dont have a Rating
2025-12-30 03:16:10 INFO  STEP PASS: Card nuber 1 dont have a Additional Images Button
2025-12-30 03:16:10 ERROR STEP FAIL: Card #1 should have all the components
2025-12-30 03:16:10 ERROR === FAIL  tests.productCardsTests.ProductCardElementsTests.cardValidation[Exp#7 [f1=1, f2=3, f3=1, f4=2, f5=1, f6=3, f7=2, f8=3]] ===
java.lang.AssertionError: Card #1 should have all the components
	at org.junit.Assert.fail(Assert.java:89) ~[junit-4.13.jar:4.13]
	at org.junit.Assert.assertTrue(Assert.java:42) ~[junit-4.13.jar:4.13]
	at tests.BaseTest.checkTrue(BaseTest.java:92) ~[test-classes/:?]
	at tests.productCardsTests.ProductCardElementsTests.cardValidation(ProductCardElementsTests.java:61) ~[test-classes/:?]
	at jdk.internal.reflect.DirectMethodHandleAccessor.invoke(DirectMethodHandleAccessor.java:103) ~[?:?]
	at java.lang.reflect.Method.invoke(Method.java:580) ~[?:?]
	at org.junit.runners.model.FrameworkMethod$1.runReflectiveCall(FrameworkMethod.java:59) ~[junit-4.13.jar:4.13]
	at org.junit.internal.runners.model.ReflectiveCallable.run(ReflectiveCallable.java:12) ~[junit-4.13.jar:4.13]
	at org.junit.runners.model.FrameworkMethod.invokeExplosively(FrameworkMethod.java:56) ~[junit-4.13.jar:4.13]
	at org.junit.internal.runners.statements.InvokeMethod.evaluate(InvokeMethod.java:17) ~[junit-4.13.jar:4.13]
	at org.junit.internal.runners.statements.RunBefores.evaluate(RunBefores.java:26) ~[junit-4.13.jar:4.13]
	at org.junit.internal.runners.statements.RunAfters.evaluate(RunAfters.java:27) ~[junit-4.13.jar:4.13]
	at org.junit.rules.TestWatcher$1.evaluate(TestWatcher.java:61) [junit-4.13.jar:4.13]
	at org.junit.runners.ParentRunner$3.evaluate(ParentRunner.java:306) [junit-4.13.jar:4.13]
	at org.junit.runners.BlockJUnit4ClassRunner$1.evaluate(BlockJUnit4ClassRunner.java:100) [junit-4.13.jar:4.13]
	at org.junit.runners.ParentRunner.runLeaf(ParentRunner.java:366) [junit-4.13.jar:4.13]
	at org.junit.runners.BlockJUnit4ClassRunner.runChild(BlockJUnit4ClassRunner.java:103) [junit-4.13.jar:4.13]
	at org.junit.runners.BlockJUnit4ClassRunner.runChild(BlockJUnit4ClassRunner.java:63) [junit-4.13.jar:4.13]
	at org.junit.runners.ParentRunner$4.run(ParentRunner.java:331) [junit-4.13.jar:4.13]
	at org.junit.runners.ParentRunner$1.schedule(ParentRunner.java:79) [junit-4.13.jar:4.13]
	at org.junit.runners.ParentRunner.runChildren(ParentRunner.java:329) [junit-4.13.jar:4.13]
	at org.junit.runners.ParentRunner.access$100(ParentRunner.java:66) [junit-4.13.jar:4.13]
	at org.junit.runners.ParentRunner$2.evaluate(ParentRunner.java:293) [junit-4.13.jar:4.13]
	at org.junit.runners.ParentRunner.run(ParentRunner.java:413) [junit-4.13.jar:4.13]
	at org.junit.runners.Suite.runChild(Suite.java:128) [junit-4.13.jar:4.13]
	at org.junit.runners.Suite.runChild(Suite.java:27) [junit-4.13.jar:4.13]
	at org.junit.runners.ParentRunner$4.run(ParentRunner.java:331) [junit-4.13.jar:4.13]
	at org.junit.runners.ParentRunner$1.schedule(ParentRunner.java:79) [junit-4.13.jar:4.13]
	at org.junit.runners.ParentRunner.runChildren(ParentRunner.java:329) [junit-4.13.jar:4.13]
	at org.junit.runners.ParentRunner.access$100(ParentRunner.java:66) [junit-4.13.jar:4.13]
	at org.junit.runners.ParentRunner$2.evaluate(ParentRunner.java:293) [junit-4.13.jar:4.13]
	at org.junit.internal.runners.statements.RunAfters.evaluate(RunAfters.java:27) [junit-4.13.jar:4.13]
	at org.junit.runners.ParentRunner$3.evaluate(ParentRunner.java:306) [junit-4.13.jar:4.13]
	at org.junit.runners.ParentRunner.run(ParentRunner.java:413) [junit-4.13.jar:4.13]
	at org.eclipse.jdt.internal.junit4.runner.JUnit4TestReference.run(JUnit4TestReference.java:93) [.cp/:?]
	at org.eclipse.jdt.internal.junit.runner.TestExecution.run(TestExecution.java:40) [.cp/:?]
	at org.eclipse.jdt.internal.junit.runner.RemoteTestRunner.runTests(RemoteTestRunner.java:530) [.cp/:?]
	at org.eclipse.jdt.internal.junit.runner.RemoteTestRunner.runTests(RemoteTestRunner.java:758) [.cp/:?]
	at org.eclipse.jdt.internal.junit.runner.RemoteTestRunner.run(RemoteTestRunner.java:453) [.cp/:?]
	at org.eclipse.jdt.internal.junit.runner.RemoteTestRunner.main(RemoteTestRunner.java:211) [.cp/:?]
2025-12-30 03:16:10 INFO  === END   tests.productCardsTests.ProductCardElementsTests.cardValidation[Exp#7 [f1=1, f2=3, f3=1, f4=2, f5=1, f6=3, f7=2, f8=3]] ===
2025-12-30 03:16:10 INFO  === START tests.productCardsTests.ProductCardElementsTests.cardValidation[Exp#8 [f1=1, f2=3, f3=2, f4=3, f5=2, f6=1, f7=3, f8=1]] ===
2025-12-30 03:16:10 INFO  STEP: 📝 New input: Filling form fields.
2025-12-30 03:16:15 INFO  STEP: Card nuber 1 have a Thumbnail
2025-12-30 03:16:15 INFO  STEP: Card nuber 1 have a Title: iPhone 5s
2025-12-30 03:16:15 INFO  STEP: Card nuber 1 have a Description: The iPhone 5s is a classic smartphone known for its compact design and advanced features during its release. While it's an older model, it still provides a reliable user experience.
2025-12-30 03:16:15 INFO  STEP: Card nuber 1 have a Price: 199.99
2025-12-30 03:16:15 INFO  STEP PASS: Card nuber 1 dont have a Rating
2025-12-30 03:16:15 INFO  STEP PASS: Card nuber 1 dont have a Additional Images Button
2025-12-30 03:16:15 ERROR STEP FAIL: Card #1 should have all the components
2025-12-30 03:16:15 ERROR === FAIL  tests.productCardsTests.ProductCardElementsTests.cardValidation[Exp#8 [f1=1, f2=3, f3=2, f4=3, f5=2, f6=1, f7=3, f8=1]] ===
java.lang.AssertionError: Card #1 should have all the components
	at org.junit.Assert.fail(Assert.java:89) ~[junit-4.13.jar:4.13]
	at org.junit.Assert.assertTrue(Assert.java:42) ~[junit-4.13.jar:4.13]
	at tests.BaseTest.checkTrue(BaseTest.java:92) ~[test-classes/:?]
	at tests.productCardsTests.ProductCardElementsTests.cardValidation(ProductCardElementsTests.java:61) ~[test-classes/:?]
	at jdk.internal.reflect.DirectMethodHandleAccessor.invoke(DirectMethodHandleAccessor.java:103) ~[?:?]
	at java.lang.reflect.Method.invoke(Method.java:580) ~[?:?]
	at org.junit.runners.model.FrameworkMethod$1.runReflectiveCall(FrameworkMethod.java:59) ~[junit-4.13.jar:4.13]
	at org.junit.internal.runners.model.ReflectiveCallable.run(ReflectiveCallable.java:12) ~[junit-4.13.jar:4.13]
	at org.junit.runners.model.FrameworkMethod.invokeExplosively(FrameworkMethod.java:56) ~[junit-4.13.jar:4.13]
	at org.junit.internal.runners.statements.InvokeMethod.evaluate(InvokeMethod.java:17) ~[junit-4.13.jar:4.13]
	at org.junit.internal.runners.statements.RunBefores.evaluate(RunBefores.java:26) ~[junit-4.13.jar:4.13]
	at org.junit.internal.runners.statements.RunAfters.evaluate(RunAfters.java:27) ~[junit-4.13.jar:4.13]
	at org.junit.rules.TestWatcher$1.evaluate(TestWatcher.java:61) [junit-4.13.jar:4.13]
	at org.junit.runners.ParentRunner$3.evaluate(ParentRunner.java:306) [junit-4.13.jar:4.13]
	at org.junit.runners.BlockJUnit4ClassRunner$1.evaluate(BlockJUnit4ClassRunner.java:100) [junit-4.13.jar:4.13]
	at org.junit.runners.ParentRunner.runLeaf(ParentRunner.java:366) [junit-4.13.jar:4.13]
	at org.junit.runners.BlockJUnit4ClassRunner.runChild(BlockJUnit4ClassRunner.java:103) [junit-4.13.jar:4.13]
	at org.junit.runners.BlockJUnit4ClassRunner.runChild(BlockJUnit4ClassRunner.java:63) [junit-4.13.jar:4.13]
	at org.junit.runners.ParentRunner$4.run(ParentRunner.java:331) [junit-4.13.jar:4.13]
	at org.junit.runners.ParentRunner$1.schedule(ParentRunner.java:79) [junit-4.13.jar:4.13]
	at org.junit.runners.ParentRunner.runChildren(ParentRunner.java:329) [junit-4.13.jar:4.13]
	at org.junit.runners.ParentRunner.access$100(ParentRunner.java:66) [junit-4.13.jar:4.13]
	at org.junit.runners.ParentRunner$2.evaluate(ParentRunner.java:293) [junit-4.13.jar:4.13]
	at org.junit.runners.ParentRunner.run(ParentRunner.java:413) [junit-4.13.jar:4.13]
	at org.junit.runners.Suite.runChild(Suite.java:128) [junit-4.13.jar:4.13]
	at org.junit.runners.Suite.runChild(Suite.java:27) [junit-4.13.jar:4.13]
	at org.junit.runners.ParentRunner$4.run(ParentRunner.java:331) [junit-4.13.jar:4.13]
	at org.junit.runners.ParentRunner$1.schedule(ParentRunner.java:79) [junit-4.13.jar:4.13]
	at org.junit.runners.ParentRunner.runChildren(ParentRunner.java:329) [junit-4.13.jar:4.13]
	at org.junit.runners.ParentRunner.access$100(ParentRunner.java:66) [junit-4.13.jar:4.13]
	at org.junit.runners.ParentRunner$2.evaluate(ParentRunner.java:293) [junit-4.13.jar:4.13]
	at org.junit.internal.runners.statements.RunAfters.evaluate(RunAfters.java:27) [junit-4.13.jar:4.13]
	at org.junit.runners.ParentRunner$3.evaluate(ParentRunner.java:306) [junit-4.13.jar:4.13]
	at org.junit.runners.ParentRunner.run(ParentRunner.java:413) [junit-4.13.jar:4.13]
	at org.eclipse.jdt.internal.junit4.runner.JUnit4TestReference.run(JUnit4TestReference.java:93) [.cp/:?]
	at org.eclipse.jdt.internal.junit.runner.TestExecution.run(TestExecution.java:40) [.cp/:?]
	at org.eclipse.jdt.internal.junit.runner.RemoteTestRunner.runTests(RemoteTestRunner.java:530) [.cp/:?]
	at org.eclipse.jdt.internal.junit.runner.RemoteTestRunner.runTests(RemoteTestRunner.java:758) [.cp/:?]
	at org.eclipse.jdt.internal.junit.runner.RemoteTestRunner.run(RemoteTestRunner.java:453) [.cp/:?]
	at org.eclipse.jdt.internal.junit.runner.RemoteTestRunner.main(RemoteTestRunner.java:211) [.cp/:?]
2025-12-30 03:16:15 INFO  === END   tests.productCardsTests.ProductCardElementsTests.cardValidation[Exp#8 [f1=1, f2=3, f3=2, f4=3, f5=2, f6=1, f7=3, f8=1]] ===
2025-12-30 03:16:15 INFO  === START tests.productCardsTests.ProductCardElementsTests.cardValidation[Exp#9 [f1=1, f2=3, f3=3, f4=1, f5=3, f6=2, f7=1, f8=2]] ===
2025-12-30 03:16:15 INFO  STEP: 📝 New input: Filling form fields.
2025-12-30 03:16:18 INFO  STEP: Card nuber 1 have a Thumbnail
2025-12-30 03:16:18 INFO  STEP: Card nuber 1 have a Title: Baseball Ball
2025-12-30 03:16:18 INFO  STEP: Card nuber 1 have a Description: The Baseball Ball is a standard baseball used in baseball games. It features a durable leather cover and is designed for pitching, hitting, and fielding in the game of baseball.
2025-12-30 03:16:18 INFO  STEP: Card nuber 1 have a Price: 8.99
2025-12-30 03:16:18 INFO  STEP PASS: Card nuber 1 dont have a Rating
2025-12-30 03:16:18 INFO  STEP PASS: Card nuber 1 dont have a Additional Images Button
2025-12-30 03:16:18 ERROR STEP FAIL: Card #1 should have all the components
2025-12-30 03:16:18 ERROR === FAIL  tests.productCardsTests.ProductCardElementsTests.cardValidation[Exp#9 [f1=1, f2=3, f3=3, f4=1, f5=3, f6=2, f7=1, f8=2]] ===
java.lang.AssertionError: Card #1 should have all the components
	at org.junit.Assert.fail(Assert.java:89) ~[junit-4.13.jar:4.13]
	at org.junit.Assert.assertTrue(Assert.java:42) ~[junit-4.13.jar:4.13]
	at tests.BaseTest.checkTrue(BaseTest.java:92) ~[test-classes/:?]
	at tests.productCardsTests.ProductCardElementsTests.cardValidation(ProductCardElementsTests.java:61) ~[test-classes/:?]
	at jdk.internal.reflect.DirectMethodHandleAccessor.invoke(DirectMethodHandleAccessor.java:103) ~[?:?]
	at java.lang.reflect.Method.invoke(Method.java:580) ~[?:?]
	at org.junit.runners.model.FrameworkMethod$1.runReflectiveCall(FrameworkMethod.java:59) ~[junit-4.13.jar:4.13]
	at org.junit.internal.runners.model.ReflectiveCallable.run(ReflectiveCallable.java:12) ~[junit-4.13.jar:4.13]
	at org.junit.runners.model.FrameworkMethod.invokeExplosively(FrameworkMethod.java:56) ~[junit-4.13.jar:4.13]
	at org.junit.internal.runners.statements.InvokeMethod.evaluate(InvokeMethod.java:17) ~[junit-4.13.jar:4.13]
	at org.junit.internal.runners.statements.RunBefores.evaluate(RunBefores.java:26) ~[junit-4.13.jar:4.13]
	at org.junit.internal.runners.statements.RunAfters.evaluate(RunAfters.java:27) ~[junit-4.13.jar:4.13]
	at org.junit.rules.TestWatcher$1.evaluate(TestWatcher.java:61) [junit-4.13.jar:4.13]
	at org.junit.runners.ParentRunner$3.evaluate(ParentRunner.java:306) [junit-4.13.jar:4.13]
	at org.junit.runners.BlockJUnit4ClassRunner$1.evaluate(BlockJUnit4ClassRunner.java:100) [junit-4.13.jar:4.13]
	at org.junit.runners.ParentRunner.runLeaf(ParentRunner.java:366) [junit-4.13.jar:4.13]
	at org.junit.runners.BlockJUnit4ClassRunner.runChild(BlockJUnit4ClassRunner.java:103) [junit-4.13.jar:4.13]
	at org.junit.runners.BlockJUnit4ClassRunner.runChild(BlockJUnit4ClassRunner.java:63) [junit-4.13.jar:4.13]
	at org.junit.runners.ParentRunner$4.run(ParentRunner.java:331) [junit-4.13.jar:4.13]
	at org.junit.runners.ParentRunner$1.schedule(ParentRunner.java:79) [junit-4.13.jar:4.13]
	at org.junit.runners.ParentRunner.runChildren(ParentRunner.java:329) [junit-4.13.jar:4.13]
	at org.junit.runners.ParentRunner.access$100(ParentRunner.java:66) [junit-4.13.jar:4.13]
	at org.junit.runners.ParentRunner$2.evaluate(ParentRunner.java:293) [junit-4.13.jar:4.13]
	at org.junit.runners.ParentRunner.run(ParentRunner.java:413) [junit-4.13.jar:4.13]
	at org.junit.runners.Suite.runChild(Suite.java:128) [junit-4.13.jar:4.13]
	at org.junit.runners.Suite.runChild(Suite.java:27) [junit-4.13.jar:4.13]
	at org.junit.runners.ParentRunner$4.run(ParentRunner.java:331) [junit-4.13.jar:4.13]
	at org.junit.runners.ParentRunner$1.schedule(ParentRunner.java:79) [junit-4.13.jar:4.13]
	at org.junit.runners.ParentRunner.runChildren(ParentRunner.java:329) [junit-4.13.jar:4.13]
	at org.junit.runners.ParentRunner.access$100(ParentRunner.java:66) [junit-4.13.jar:4.13]
	at org.junit.runners.ParentRunner$2.evaluate(ParentRunner.java:293) [junit-4.13.jar:4.13]
	at org.junit.internal.runners.statements.RunAfters.evaluate(RunAfters.java:27) [junit-4.13.jar:4.13]
	at org.junit.runners.ParentRunner$3.evaluate(ParentRunner.java:306) [junit-4.13.jar:4.13]
	at org.junit.runners.ParentRunner.run(ParentRunner.java:413) [junit-4.13.jar:4.13]
	at org.eclipse.jdt.internal.junit4.runner.JUnit4TestReference.run(JUnit4TestReference.java:93) [.cp/:?]
	at org.eclipse.jdt.internal.junit.runner.TestExecution.run(TestExecution.java:40) [.cp/:?]
	at org.eclipse.jdt.internal.junit.runner.RemoteTestRunner.runTests(RemoteTestRunner.java:530) [.cp/:?]
	at org.eclipse.jdt.internal.junit.runner.RemoteTestRunner.runTests(RemoteTestRunner.java:758) [.cp/:?]
	at org.eclipse.jdt.internal.junit.runner.RemoteTestRunner.run(RemoteTestRunner.java:453) [.cp/:?]
	at org.eclipse.jdt.internal.junit.runner.RemoteTestRunner.main(RemoteTestRunner.java:211) [.cp/:?]
2025-12-30 03:16:18 INFO  === END   tests.productCardsTests.ProductCardElementsTests.cardValidation[Exp#9 [f1=1, f2=3, f3=3, f4=1, f5=3, f6=2, f7=1, f8=2]] ===
2025-12-30 03:16:18 INFO  === START tests.productCardsTests.ProductCardElementsTests.cardValidation[Exp#10 [f1=2, f2=1, f3=1, f4=3, f5=3, f6=2, f7=2, f8=1]] ===
2025-12-30 03:16:18 INFO  STEP: 📝 New input: Filling form fields.
2025-12-30 03:16:22 INFO  STEP: Card nuber 1 have a Thumbnail
2025-12-30 03:16:22 INFO  STEP: Card nuber 1 have a Title: Black Aluminium Cup
2025-12-30 03:16:22 INFO  STEP: Card nuber 1 have a Description: The Black Aluminium Cup is a stylish and durable cup suitable for both hot and cold beverages. Its sleek black design adds a modern touch to your drinkware collection.
2025-12-30 03:16:22 INFO  STEP: Card nuber 1 have a Price: 5.99
2025-12-30 03:16:22 INFO  STEP PASS: Card nuber 1 dont have a Rating
2025-12-30 03:16:22 INFO  STEP PASS: Card nuber 1 dont have a Additional Images Button
2025-12-30 03:16:22 ERROR STEP FAIL: Card #1 should have all the components
2025-12-30 03:16:22 ERROR === FAIL  tests.productCardsTests.ProductCardElementsTests.cardValidation[Exp#10 [f1=2, f2=1, f3=1, f4=3, f5=3, f6=2, f7=2, f8=1]] ===
java.lang.AssertionError: Card #1 should have all the components
	at org.junit.Assert.fail(Assert.java:89) ~[junit-4.13.jar:4.13]
	at org.junit.Assert.assertTrue(Assert.java:42) ~[junit-4.13.jar:4.13]
	at tests.BaseTest.checkTrue(BaseTest.java:92) ~[test-classes/:?]
	at tests.productCardsTests.ProductCardElementsTests.cardValidation(ProductCardElementsTests.java:61) ~[test-classes/:?]
	at jdk.internal.reflect.DirectMethodHandleAccessor.invoke(DirectMethodHandleAccessor.java:103) ~[?:?]
	at java.lang.reflect.Method.invoke(Method.java:580) ~[?:?]
	at org.junit.runners.model.FrameworkMethod$1.runReflectiveCall(FrameworkMethod.java:59) ~[junit-4.13.jar:4.13]
	at org.junit.internal.runners.model.ReflectiveCallable.run(ReflectiveCallable.java:12) ~[junit-4.13.jar:4.13]
	at org.junit.runners.model.FrameworkMethod.invokeExplosively(FrameworkMethod.java:56) ~[junit-4.13.jar:4.13]
	at org.junit.internal.runners.statements.InvokeMethod.evaluate(InvokeMethod.java:17) ~[junit-4.13.jar:4.13]
	at org.junit.internal.runners.statements.RunBefores.evaluate(RunBefores.java:26) ~[junit-4.13.jar:4.13]
	at org.junit.internal.runners.statements.RunAfters.evaluate(RunAfters.java:27) ~[junit-4.13.jar:4.13]
	at org.junit.rules.TestWatcher$1.evaluate(TestWatcher.java:61) [junit-4.13.jar:4.13]
	at org.junit.runners.ParentRunner$3.evaluate(ParentRunner.java:306) [junit-4.13.jar:4.13]
	at org.junit.runners.BlockJUnit4ClassRunner$1.evaluate(BlockJUnit4ClassRunner.java:100) [junit-4.13.jar:4.13]
	at org.junit.runners.ParentRunner.runLeaf(ParentRunner.java:366) [junit-4.13.jar:4.13]
	at org.junit.runners.BlockJUnit4ClassRunner.runChild(BlockJUnit4ClassRunner.java:103) [junit-4.13.jar:4.13]
	at org.junit.runners.BlockJUnit4ClassRunner.runChild(BlockJUnit4ClassRunner.java:63) [junit-4.13.jar:4.13]
	at org.junit.runners.ParentRunner$4.run(ParentRunner.java:331) [junit-4.13.jar:4.13]
	at org.junit.runners.ParentRunner$1.schedule(ParentRunner.java:79) [junit-4.13.jar:4.13]
	at org.junit.runners.ParentRunner.runChildren(ParentRunner.java:329) [junit-4.13.jar:4.13]
	at org.junit.runners.ParentRunner.access$100(ParentRunner.java:66) [junit-4.13.jar:4.13]
	at org.junit.runners.ParentRunner$2.evaluate(ParentRunner.java:293) [junit-4.13.jar:4.13]
	at org.junit.runners.ParentRunner.run(ParentRunner.java:413) [junit-4.13.jar:4.13]
	at org.junit.runners.Suite.runChild(Suite.java:128) [junit-4.13.jar:4.13]
	at org.junit.runners.Suite.runChild(Suite.java:27) [junit-4.13.jar:4.13]
	at org.junit.runners.ParentRunner$4.run(ParentRunner.java:331) [junit-4.13.jar:4.13]
	at org.junit.runners.ParentRunner$1.schedule(ParentRunner.java:79) [junit-4.13.jar:4.13]
	at org.junit.runners.ParentRunner.runChildren(ParentRunner.java:329) [junit-4.13.jar:4.13]
	at org.junit.runners.ParentRunner.access$100(ParentRunner.java:66) [junit-4.13.jar:4.13]
	at org.junit.runners.ParentRunner$2.evaluate(ParentRunner.java:293) [junit-4.13.jar:4.13]
	at org.junit.internal.runners.statements.RunAfters.evaluate(RunAfters.java:27) [junit-4.13.jar:4.13]
	at org.junit.runners.ParentRunner$3.evaluate(ParentRunner.java:306) [junit-4.13.jar:4.13]
	at org.junit.runners.ParentRunner.run(ParentRunner.java:413) [junit-4.13.jar:4.13]
	at org.eclipse.jdt.internal.junit4.runner.JUnit4TestReference.run(JUnit4TestReference.java:93) [.cp/:?]
	at org.eclipse.jdt.internal.junit.runner.TestExecution.run(TestExecution.java:40) [.cp/:?]
	at org.eclipse.jdt.internal.junit.runner.RemoteTestRunner.runTests(RemoteTestRunner.java:530) [.cp/:?]
	at org.eclipse.jdt.internal.junit.runner.RemoteTestRunner.runTests(RemoteTestRunner.java:758) [.cp/:?]
	at org.eclipse.jdt.internal.junit.runner.RemoteTestRunner.run(RemoteTestRunner.java:453) [.cp/:?]
	at org.eclipse.jdt.internal.junit.runner.RemoteTestRunner.main(RemoteTestRunner.java:211) [.cp/:?]
2025-12-30 03:16:22 INFO  === END   tests.productCardsTests.ProductCardElementsTests.cardValidation[Exp#10 [f1=2, f2=1, f3=1, f4=3, f5=3, f6=2, f7=2, f8=1]] ===
2025-12-30 03:16:22 INFO  === START tests.productCardsTests.ProductCardElementsTests.cardValidation[Exp#11 [f1=2, f2=1, f3=2, f4=1, f5=1, f6=3, f7=3, f8=2]] ===
2025-12-30 03:16:22 INFO  STEP: 📝 New input: Filling form fields.
2025-12-30 03:16:25 INFO  STEP: Card nuber 1 have a Thumbnail
2025-12-30 03:16:25 INFO  STEP: Card nuber 1 have a Title: Black Aluminium Cup
2025-12-30 03:16:25 INFO  STEP: Card nuber 1 have a Description: The Black Aluminium Cup is a stylish and durable cup suitable for both hot and cold beverages. Its sleek black design adds a modern touch to your drinkware collection.
2025-12-30 03:16:25 INFO  STEP: Card nuber 1 have a Price: 5.99
2025-12-30 03:16:25 INFO  STEP PASS: Card nuber 1 dont have a Rating
2025-12-30 03:16:25 INFO  STEP PASS: Card nuber 1 dont have a Additional Images Button
2025-12-30 03:16:25 ERROR STEP FAIL: Card #1 should have all the components
2025-12-30 03:16:25 ERROR === FAIL  tests.productCardsTests.ProductCardElementsTests.cardValidation[Exp#11 [f1=2, f2=1, f3=2, f4=1, f5=1, f6=3, f7=3, f8=2]] ===
java.lang.AssertionError: Card #1 should have all the components
	at org.junit.Assert.fail(Assert.java:89) ~[junit-4.13.jar:4.13]
	at org.junit.Assert.assertTrue(Assert.java:42) ~[junit-4.13.jar:4.13]
	at tests.BaseTest.checkTrue(BaseTest.java:92) ~[test-classes/:?]
	at tests.productCardsTests.ProductCardElementsTests.cardValidation(ProductCardElementsTests.java:61) ~[test-classes/:?]
	at jdk.internal.reflect.DirectMethodHandleAccessor.invoke(DirectMethodHandleAccessor.java:103) ~[?:?]
	at java.lang.reflect.Method.invoke(Method.java:580) ~[?:?]
	at org.junit.runners.model.FrameworkMethod$1.runReflectiveCall(FrameworkMethod.java:59) ~[junit-4.13.jar:4.13]
	at org.junit.internal.runners.model.ReflectiveCallable.run(ReflectiveCallable.java:12) ~[junit-4.13.jar:4.13]
	at org.junit.runners.model.FrameworkMethod.invokeExplosively(FrameworkMethod.java:56) ~[junit-4.13.jar:4.13]
	at org.junit.internal.runners.statements.InvokeMethod.evaluate(InvokeMethod.java:17) ~[junit-4.13.jar:4.13]
	at org.junit.internal.runners.statements.RunBefores.evaluate(RunBefores.java:26) ~[junit-4.13.jar:4.13]
	at org.junit.internal.runners.statements.RunAfters.evaluate(RunAfters.java:27) ~[junit-4.13.jar:4.13]
	at org.junit.rules.TestWatcher$1.evaluate(TestWatcher.java:61) [junit-4.13.jar:4.13]
	at org.junit.runners.ParentRunner$3.evaluate(ParentRunner.java:306) [junit-4.13.jar:4.13]
	at org.junit.runners.BlockJUnit4ClassRunner$1.evaluate(BlockJUnit4ClassRunner.java:100) [junit-4.13.jar:4.13]
	at org.junit.runners.ParentRunner.runLeaf(ParentRunner.java:366) [junit-4.13.jar:4.13]
	at org.junit.runners.BlockJUnit4ClassRunner.runChild(BlockJUnit4ClassRunner.java:103) [junit-4.13.jar:4.13]
	at org.junit.runners.BlockJUnit4ClassRunner.runChild(BlockJUnit4ClassRunner.java:63) [junit-4.13.jar:4.13]
	at org.junit.runners.ParentRunner$4.run(ParentRunner.java:331) [junit-4.13.jar:4.13]
	at org.junit.runners.ParentRunner$1.schedule(ParentRunner.java:79) [junit-4.13.jar:4.13]
	at org.junit.runners.ParentRunner.runChildren(ParentRunner.java:329) [junit-4.13.jar:4.13]
	at org.junit.runners.ParentRunner.access$100(ParentRunner.java:66) [junit-4.13.jar:4.13]
	at org.junit.runners.ParentRunner$2.evaluate(ParentRunner.java:293) [junit-4.13.jar:4.13]
	at org.junit.runners.ParentRunner.run(ParentRunner.java:413) [junit-4.13.jar:4.13]
	at org.junit.runners.Suite.runChild(Suite.java:128) [junit-4.13.jar:4.13]
	at org.junit.runners.Suite.runChild(Suite.java:27) [junit-4.13.jar:4.13]
	at org.junit.runners.ParentRunner$4.run(ParentRunner.java:331) [junit-4.13.jar:4.13]
	at org.junit.runners.ParentRunner$1.schedule(ParentRunner.java:79) [junit-4.13.jar:4.13]
	at org.junit.runners.ParentRunner.runChildren(ParentRunner.java:329) [junit-4.13.jar:4.13]
	at org.junit.runners.ParentRunner.access$100(ParentRunner.java:66) [junit-4.13.jar:4.13]
	at org.junit.runners.ParentRunner$2.evaluate(ParentRunner.java:293) [junit-4.13.jar:4.13]
	at org.junit.internal.runners.statements.RunAfters.evaluate(RunAfters.java:27) [junit-4.13.jar:4.13]
	at org.junit.runners.ParentRunner$3.evaluate(ParentRunner.java:306) [junit-4.13.jar:4.13]
	at org.junit.runners.ParentRunner.run(ParentRunner.java:413) [junit-4.13.jar:4.13]
	at org.eclipse.jdt.internal.junit4.runner.JUnit4TestReference.run(JUnit4TestReference.java:93) [.cp/:?]
	at org.eclipse.jdt.internal.junit.runner.TestExecution.run(TestExecution.java:40) [.cp/:?]
	at org.eclipse.jdt.internal.junit.runner.RemoteTestRunner.runTests(RemoteTestRunner.java:530) [.cp/:?]
	at org.eclipse.jdt.internal.junit.runner.RemoteTestRunner.runTests(RemoteTestRunner.java:758) [.cp/:?]
	at org.eclipse.jdt.internal.junit.runner.RemoteTestRunner.run(RemoteTestRunner.java:453) [.cp/:?]
	at org.eclipse.jdt.internal.junit.runner.RemoteTestRunner.main(RemoteTestRunner.java:211) [.cp/:?]
2025-12-30 03:16:25 INFO  === END   tests.productCardsTests.ProductCardElementsTests.cardValidation[Exp#11 [f1=2, f2=1, f3=2, f4=1, f5=1, f6=3, f7=3, f8=2]] ===
2025-12-30 03:16:25 INFO  === START tests.productCardsTests.ProductCardElementsTests.cardValidation[Exp#12 [f1=2, f2=1, f3=3, f4=2, f5=2, f6=1, f7=1, f8=3]] ===
2025-12-30 03:16:25 INFO  STEP: 📝 New input: Filling form fields.
2025-12-30 03:16:29 INFO  STEP: Card nuber 1 have a Thumbnail
2025-12-30 03:16:29 INFO  STEP: Card nuber 1 have a Title: Baseball Ball
2025-12-30 03:16:29 INFO  STEP: Card nuber 1 have a Description: The Baseball Ball is a standard baseball used in baseball games. It features a durable leather cover and is designed for pitching, hitting, and fielding in the game of baseball.
2025-12-30 03:16:29 INFO  STEP: Card nuber 1 have a Price: 8.99
2025-12-30 03:16:29 INFO  STEP PASS: Card nuber 1 dont have a Rating
2025-12-30 03:16:29 INFO  STEP PASS: Card nuber 1 dont have a Additional Images Button
2025-12-30 03:16:29 ERROR STEP FAIL: Card #1 should have all the components
2025-12-30 03:16:29 ERROR === FAIL  tests.productCardsTests.ProductCardElementsTests.cardValidation[Exp#12 [f1=2, f2=1, f3=3, f4=2, f5=2, f6=1, f7=1, f8=3]] ===
java.lang.AssertionError: Card #1 should have all the components
	at org.junit.Assert.fail(Assert.java:89) ~[junit-4.13.jar:4.13]
	at org.junit.Assert.assertTrue(Assert.java:42) ~[junit-4.13.jar:4.13]
	at tests.BaseTest.checkTrue(BaseTest.java:92) ~[test-classes/:?]
	at tests.productCardsTests.ProductCardElementsTests.cardValidation(ProductCardElementsTests.java:61) ~[test-classes/:?]
	at jdk.internal.reflect.DirectMethodHandleAccessor.invoke(DirectMethodHandleAccessor.java:103) ~[?:?]
	at java.lang.reflect.Method.invoke(Method.java:580) ~[?:?]
	at org.junit.runners.model.FrameworkMethod$1.runReflectiveCall(FrameworkMethod.java:59) ~[junit-4.13.jar:4.13]
	at org.junit.internal.runners.model.ReflectiveCallable.run(ReflectiveCallable.java:12) ~[junit-4.13.jar:4.13]
	at org.junit.runners.model.FrameworkMethod.invokeExplosively(FrameworkMethod.java:56) ~[junit-4.13.jar:4.13]
	at org.junit.internal.runners.statements.InvokeMethod.evaluate(InvokeMethod.java:17) ~[junit-4.13.jar:4.13]
	at org.junit.internal.runners.statements.RunBefores.evaluate(RunBefores.java:26) ~[junit-4.13.jar:4.13]
	at org.junit.internal.runners.statements.RunAfters.evaluate(RunAfters.java:27) ~[junit-4.13.jar:4.13]
	at org.junit.rules.TestWatcher$1.evaluate(TestWatcher.java:61) [junit-4.13.jar:4.13]
	at org.junit.runners.ParentRunner$3.evaluate(ParentRunner.java:306) [junit-4.13.jar:4.13]
	at org.junit.runners.BlockJUnit4ClassRunner$1.evaluate(BlockJUnit4ClassRunner.java:100) [junit-4.13.jar:4.13]
	at org.junit.runners.ParentRunner.runLeaf(ParentRunner.java:366) [junit-4.13.jar:4.13]
	at org.junit.runners.BlockJUnit4ClassRunner.runChild(BlockJUnit4ClassRunner.java:103) [junit-4.13.jar:4.13]
	at org.junit.runners.BlockJUnit4ClassRunner.runChild(BlockJUnit4ClassRunner.java:63) [junit-4.13.jar:4.13]
	at org.junit.runners.ParentRunner$4.run(ParentRunner.java:331) [junit-4.13.jar:4.13]
	at org.junit.runners.ParentRunner$1.schedule(ParentRunner.java:79) [junit-4.13.jar:4.13]
	at org.junit.runners.ParentRunner.runChildren(ParentRunner.java:329) [junit-4.13.jar:4.13]
	at org.junit.runners.ParentRunner.access$100(ParentRunner.java:66) [junit-4.13.jar:4.13]
	at org.junit.runners.ParentRunner$2.evaluate(ParentRunner.java:293) [junit-4.13.jar:4.13]
	at org.junit.runners.ParentRunner.run(ParentRunner.java:413) [junit-4.13.jar:4.13]
	at org.junit.runners.Suite.runChild(Suite.java:128) [junit-4.13.jar:4.13]
	at org.junit.runners.Suite.runChild(Suite.java:27) [junit-4.13.jar:4.13]
	at org.junit.runners.ParentRunner$4.run(ParentRunner.java:331) [junit-4.13.jar:4.13]
	at org.junit.runners.ParentRunner$1.schedule(ParentRunner.java:79) [junit-4.13.jar:4.13]
	at org.junit.runners.ParentRunner.runChildren(ParentRunner.java:329) [junit-4.13.jar:4.13]
	at org.junit.runners.ParentRunner.access$100(ParentRunner.java:66) [junit-4.13.jar:4.13]
	at org.junit.runners.ParentRunner$2.evaluate(ParentRunner.java:293) [junit-4.13.jar:4.13]
	at org.junit.internal.runners.statements.RunAfters.evaluate(RunAfters.java:27) [junit-4.13.jar:4.13]
	at org.junit.runners.ParentRunner$3.evaluate(ParentRunner.java:306) [junit-4.13.jar:4.13]
	at org.junit.runners.ParentRunner.run(ParentRunner.java:413) [junit-4.13.jar:4.13]
	at org.eclipse.jdt.internal.junit4.runner.JUnit4TestReference.run(JUnit4TestReference.java:93) [.cp/:?]
	at org.eclipse.jdt.internal.junit.runner.TestExecution.run(TestExecution.java:40) [.cp/:?]
	at org.eclipse.jdt.internal.junit.runner.RemoteTestRunner.runTests(RemoteTestRunner.java:530) [.cp/:?]
	at org.eclipse.jdt.internal.junit.runner.RemoteTestRunner.runTests(RemoteTestRunner.java:758) [.cp/:?]
	at org.eclipse.jdt.internal.junit.runner.RemoteTestRunner.run(RemoteTestRunner.java:453) [.cp/:?]
	at org.eclipse.jdt.internal.junit.runner.RemoteTestRunner.main(RemoteTestRunner.java:211) [.cp/:?]
2025-12-30 03:16:29 INFO  === END   tests.productCardsTests.ProductCardElementsTests.cardValidation[Exp#12 [f1=2, f2=1, f3=3, f4=2, f5=2, f6=1, f7=1, f8=3]] ===
2025-12-30 03:16:29 INFO  === START tests.productCardsTests.ProductCardElementsTests.cardValidation[Exp#13 [f1=2, f2=2, f3=1, f4=2, f5=3, f6=1, f7=3, f8=2]] ===
2025-12-30 03:16:29 INFO  STEP: 📝 New input: Filling form fields.
2025-12-30 03:16:32 INFO  STEP: Card nuber 1 have a Thumbnail
2025-12-30 03:16:32 INFO  STEP: Card nuber 1 have a Title: Baseball Ball
2025-12-30 03:16:32 INFO  STEP: Card nuber 1 have a Description: The Baseball Ball is a standard baseball used in baseball games. It features a durable leather cover and is designed for pitching, hitting, and fielding in the game of baseball.
2025-12-30 03:16:32 INFO  STEP: Card nuber 1 have a Price: 8.99
2025-12-30 03:16:32 INFO  STEP PASS: Card nuber 1 dont have a Rating
2025-12-30 03:16:33 INFO  STEP PASS: Card nuber 1 dont have a Additional Images Button
2025-12-30 03:16:33 ERROR STEP FAIL: Card #1 should have all the components
2025-12-30 03:16:33 ERROR === FAIL  tests.productCardsTests.ProductCardElementsTests.cardValidation[Exp#13 [f1=2, f2=2, f3=1, f4=2, f5=3, f6=1, f7=3, f8=2]] ===
java.lang.AssertionError: Card #1 should have all the components
	at org.junit.Assert.fail(Assert.java:89) ~[junit-4.13.jar:4.13]
	at org.junit.Assert.assertTrue(Assert.java:42) ~[junit-4.13.jar:4.13]
	at tests.BaseTest.checkTrue(BaseTest.java:92) ~[test-classes/:?]
	at tests.productCardsTests.ProductCardElementsTests.cardValidation(ProductCardElementsTests.java:61) ~[test-classes/:?]
	at jdk.internal.reflect.DirectMethodHandleAccessor.invoke(DirectMethodHandleAccessor.java:103) ~[?:?]
	at java.lang.reflect.Method.invoke(Method.java:580) ~[?:?]
	at org.junit.runners.model.FrameworkMethod$1.runReflectiveCall(FrameworkMethod.java:59) ~[junit-4.13.jar:4.13]
	at org.junit.internal.runners.model.ReflectiveCallable.run(ReflectiveCallable.java:12) ~[junit-4.13.jar:4.13]
	at org.junit.runners.model.FrameworkMethod.invokeExplosively(FrameworkMethod.java:56) ~[junit-4.13.jar:4.13]
	at org.junit.internal.runners.statements.InvokeMethod.evaluate(InvokeMethod.java:17) ~[junit-4.13.jar:4.13]
	at org.junit.internal.runners.statements.RunBefores.evaluate(RunBefores.java:26) ~[junit-4.13.jar:4.13]
	at org.junit.internal.runners.statements.RunAfters.evaluate(RunAfters.java:27) ~[junit-4.13.jar:4.13]
	at org.junit.rules.TestWatcher$1.evaluate(TestWatcher.java:61) [junit-4.13.jar:4.13]
	at org.junit.runners.ParentRunner$3.evaluate(ParentRunner.java:306) [junit-4.13.jar:4.13]
	at org.junit.runners.BlockJUnit4ClassRunner$1.evaluate(BlockJUnit4ClassRunner.java:100) [junit-4.13.jar:4.13]
	at org.junit.runners.ParentRunner.runLeaf(ParentRunner.java:366) [junit-4.13.jar:4.13]
	at org.junit.runners.BlockJUnit4ClassRunner.runChild(BlockJUnit4ClassRunner.java:103) [junit-4.13.jar:4.13]
	at org.junit.runners.BlockJUnit4ClassRunner.runChild(BlockJUnit4ClassRunner.java:63) [junit-4.13.jar:4.13]
	at org.junit.runners.ParentRunner$4.run(ParentRunner.java:331) [junit-4.13.jar:4.13]
	at org.junit.runners.ParentRunner$1.schedule(ParentRunner.java:79) [junit-4.13.jar:4.13]
	at org.junit.runners.ParentRunner.runChildren(ParentRunner.java:329) [junit-4.13.jar:4.13]
	at org.junit.runners.ParentRunner.access$100(ParentRunner.java:66) [junit-4.13.jar:4.13]
	at org.junit.runners.ParentRunner$2.evaluate(ParentRunner.java:293) [junit-4.13.jar:4.13]
	at org.junit.runners.ParentRunner.run(ParentRunner.java:413) [junit-4.13.jar:4.13]
	at org.junit.runners.Suite.runChild(Suite.java:128) [junit-4.13.jar:4.13]
	at org.junit.runners.Suite.runChild(Suite.java:27) [junit-4.13.jar:4.13]
	at org.junit.runners.ParentRunner$4.run(ParentRunner.java:331) [junit-4.13.jar:4.13]
	at org.junit.runners.ParentRunner$1.schedule(ParentRunner.java:79) [junit-4.13.jar:4.13]
	at org.junit.runners.ParentRunner.runChildren(ParentRunner.java:329) [junit-4.13.jar:4.13]
	at org.junit.runners.ParentRunner.access$100(ParentRunner.java:66) [junit-4.13.jar:4.13]
	at org.junit.runners.ParentRunner$2.evaluate(ParentRunner.java:293) [junit-4.13.jar:4.13]
	at org.junit.internal.runners.statements.RunAfters.evaluate(RunAfters.java:27) [junit-4.13.jar:4.13]
	at org.junit.runners.ParentRunner$3.evaluate(ParentRunner.java:306) [junit-4.13.jar:4.13]
	at org.junit.runners.ParentRunner.run(ParentRunner.java:413) [junit-4.13.jar:4.13]
	at org.eclipse.jdt.internal.junit4.runner.JUnit4TestReference.run(JUnit4TestReference.java:93) [.cp/:?]
	at org.eclipse.jdt.internal.junit.runner.TestExecution.run(TestExecution.java:40) [.cp/:?]
	at org.eclipse.jdt.internal.junit.runner.RemoteTestRunner.runTests(RemoteTestRunner.java:530) [.cp/:?]
	at org.eclipse.jdt.internal.junit.runner.RemoteTestRunner.runTests(RemoteTestRunner.java:758) [.cp/:?]
	at org.eclipse.jdt.internal.junit.runner.RemoteTestRunner.run(RemoteTestRunner.java:453) [.cp/:?]
	at org.eclipse.jdt.internal.junit.runner.RemoteTestRunner.main(RemoteTestRunner.java:211) [.cp/:?]
2025-12-30 03:16:33 INFO  === END   tests.productCardsTests.ProductCardElementsTests.cardValidation[Exp#13 [f1=2, f2=2, f3=1, f4=2, f5=3, f6=1, f7=3, f8=2]] ===
2025-12-30 03:16:33 INFO  === START tests.productCardsTests.ProductCardElementsTests.cardValidation[Exp#14 [f1=2, f2=2, f3=2, f4=3, f5=1, f6=2, f7=1, f8=3]] ===
2025-12-30 03:16:33 INFO  STEP: 📝 New input: Filling form fields.
2025-12-30 03:16:36 INFO  STEP: Card nuber 1 have a Thumbnail
2025-12-30 03:16:36 INFO  STEP: Card nuber 1 have a Title: Vivo S1
2025-12-30 03:16:36 INFO  STEP: Card nuber 1 have a Description: The Vivo S1 is a stylish and mid-range smartphone offering a blend of design and performance. It features a vibrant display, capable camera system, and reliable functionality.
2025-12-30 03:16:36 INFO  STEP: Card nuber 1 have a Price: 249.99
2025-12-30 03:16:36 INFO  STEP PASS: Card nuber 1 dont have a Rating
2025-12-30 03:16:36 INFO  STEP PASS: Card nuber 1 dont have a Additional Images Button
2025-12-30 03:16:36 ERROR STEP FAIL: Card #1 should have all the components
2025-12-30 03:16:36 ERROR === FAIL  tests.productCardsTests.ProductCardElementsTests.cardValidation[Exp#14 [f1=2, f2=2, f3=2, f4=3, f5=1, f6=2, f7=1, f8=3]] ===
java.lang.AssertionError: Card #1 should have all the components
	at org.junit.Assert.fail(Assert.java:89) ~[junit-4.13.jar:4.13]
	at org.junit.Assert.assertTrue(Assert.java:42) ~[junit-4.13.jar:4.13]
	at tests.BaseTest.checkTrue(BaseTest.java:92) ~[test-classes/:?]
	at tests.productCardsTests.ProductCardElementsTests.cardValidation(ProductCardElementsTests.java:61) ~[test-classes/:?]
	at jdk.internal.reflect.DirectMethodHandleAccessor.invoke(DirectMethodHandleAccessor.java:103) ~[?:?]
	at java.lang.reflect.Method.invoke(Method.java:580) ~[?:?]
	at org.junit.runners.model.FrameworkMethod$1.runReflectiveCall(FrameworkMethod.java:59) ~[junit-4.13.jar:4.13]
	at org.junit.internal.runners.model.ReflectiveCallable.run(ReflectiveCallable.java:12) ~[junit-4.13.jar:4.13]
	at org.junit.runners.model.FrameworkMethod.invokeExplosively(FrameworkMethod.java:56) ~[junit-4.13.jar:4.13]
	at org.junit.internal.runners.statements.InvokeMethod.evaluate(InvokeMethod.java:17) ~[junit-4.13.jar:4.13]
	at org.junit.internal.runners.statements.RunBefores.evaluate(RunBefores.java:26) ~[junit-4.13.jar:4.13]
	at org.junit.internal.runners.statements.RunAfters.evaluate(RunAfters.java:27) ~[junit-4.13.jar:4.13]
	at org.junit.rules.TestWatcher$1.evaluate(TestWatcher.java:61) [junit-4.13.jar:4.13]
	at org.junit.runners.ParentRunner$3.evaluate(ParentRunner.java:306) [junit-4.13.jar:4.13]
	at org.junit.runners.BlockJUnit4ClassRunner$1.evaluate(BlockJUnit4ClassRunner.java:100) [junit-4.13.jar:4.13]
	at org.junit.runners.ParentRunner.runLeaf(ParentRunner.java:366) [junit-4.13.jar:4.13]
	at org.junit.runners.BlockJUnit4ClassRunner.runChild(BlockJUnit4ClassRunner.java:103) [junit-4.13.jar:4.13]
	at org.junit.runners.BlockJUnit4ClassRunner.runChild(BlockJUnit4ClassRunner.java:63) [junit-4.13.jar:4.13]
	at org.junit.runners.ParentRunner$4.run(ParentRunner.java:331) [junit-4.13.jar:4.13]
	at org.junit.runners.ParentRunner$1.schedule(ParentRunner.java:79) [junit-4.13.jar:4.13]
	at org.junit.runners.ParentRunner.runChildren(ParentRunner.java:329) [junit-4.13.jar:4.13]
	at org.junit.runners.ParentRunner.access$100(ParentRunner.java:66) [junit-4.13.jar:4.13]
	at org.junit.runners.ParentRunner$2.evaluate(ParentRunner.java:293) [junit-4.13.jar:4.13]
	at org.junit.runners.ParentRunner.run(ParentRunner.java:413) [junit-4.13.jar:4.13]
	at org.junit.runners.Suite.runChild(Suite.java:128) [junit-4.13.jar:4.13]
	at org.junit.runners.Suite.runChild(Suite.java:27) [junit-4.13.jar:4.13]
	at org.junit.runners.ParentRunner$4.run(ParentRunner.java:331) [junit-4.13.jar:4.13]
	at org.junit.runners.ParentRunner$1.schedule(ParentRunner.java:79) [junit-4.13.jar:4.13]
	at org.junit.runners.ParentRunner.runChildren(ParentRunner.java:329) [junit-4.13.jar:4.13]
	at org.junit.runners.ParentRunner.access$100(ParentRunner.java:66) [junit-4.13.jar:4.13]
	at org.junit.runners.ParentRunner$2.evaluate(ParentRunner.java:293) [junit-4.13.jar:4.13]
	at org.junit.internal.runners.statements.RunAfters.evaluate(RunAfters.java:27) [junit-4.13.jar:4.13]
	at org.junit.runners.ParentRunner$3.evaluate(ParentRunner.java:306) [junit-4.13.jar:4.13]
	at org.junit.runners.ParentRunner.run(ParentRunner.java:413) [junit-4.13.jar:4.13]
	at org.eclipse.jdt.internal.junit4.runner.JUnit4TestReference.run(JUnit4TestReference.java:93) [.cp/:?]
	at org.eclipse.jdt.internal.junit.runner.TestExecution.run(TestExecution.java:40) [.cp/:?]
	at org.eclipse.jdt.internal.junit.runner.RemoteTestRunner.runTests(RemoteTestRunner.java:530) [.cp/:?]
	at org.eclipse.jdt.internal.junit.runner.RemoteTestRunner.runTests(RemoteTestRunner.java:758) [.cp/:?]
	at org.eclipse.jdt.internal.junit.runner.RemoteTestRunner.run(RemoteTestRunner.java:453) [.cp/:?]
	at org.eclipse.jdt.internal.junit.runner.RemoteTestRunner.main(RemoteTestRunner.java:211) [.cp/:?]
2025-12-30 03:16:36 INFO  === END   tests.productCardsTests.ProductCardElementsTests.cardValidation[Exp#14 [f1=2, f2=2, f3=2, f4=3, f5=1, f6=2, f7=1, f8=3]] ===
2025-12-30 03:16:36 INFO  === START tests.productCardsTests.ProductCardElementsTests.cardValidation[Exp#15 [f1=2, f2=2, f3=3, f4=1, f5=2, f6=3, f7=2, f8=1]] ===
2025-12-30 03:16:36 INFO  STEP: 📝 New input: Filling form fields.
2025-12-30 03:16:39 INFO  STEP: Card nuber 1 have a Thumbnail
2025-12-30 03:16:39 INFO  STEP: Card nuber 1 have a Title: Scooter Motorcycle
2025-12-30 03:16:39 INFO  STEP: Card nuber 1 have a Description: The Scooter Motorcycle is a practical and fuel-efficient bike ideal for urban commuting. It features a step-through design and user-friendly controls for easy maneuverability.
2025-12-30 03:16:39 INFO  STEP: Card nuber 1 have a Price: 2999.99
2025-12-30 03:16:39 INFO  STEP PASS: Card nuber 1 dont have a Rating
2025-12-30 03:16:40 INFO  STEP PASS: Card nuber 1 dont have a Additional Images Button
2025-12-30 03:16:40 ERROR STEP FAIL: Card #1 should have all the components
2025-12-30 03:16:40 ERROR === FAIL  tests.productCardsTests.ProductCardElementsTests.cardValidation[Exp#15 [f1=2, f2=2, f3=3, f4=1, f5=2, f6=3, f7=2, f8=1]] ===
java.lang.AssertionError: Card #1 should have all the components
	at org.junit.Assert.fail(Assert.java:89) ~[junit-4.13.jar:4.13]
	at org.junit.Assert.assertTrue(Assert.java:42) ~[junit-4.13.jar:4.13]
	at tests.BaseTest.checkTrue(BaseTest.java:92) ~[test-classes/:?]
	at tests.productCardsTests.ProductCardElementsTests.cardValidation(ProductCardElementsTests.java:61) ~[test-classes/:?]
	at jdk.internal.reflect.DirectMethodHandleAccessor.invoke(DirectMethodHandleAccessor.java:103) ~[?:?]
	at java.lang.reflect.Method.invoke(Method.java:580) ~[?:?]
	at org.junit.runners.model.FrameworkMethod$1.runReflectiveCall(FrameworkMethod.java:59) ~[junit-4.13.jar:4.13]
	at org.junit.internal.runners.model.ReflectiveCallable.run(ReflectiveCallable.java:12) ~[junit-4.13.jar:4.13]
	at org.junit.runners.model.FrameworkMethod.invokeExplosively(FrameworkMethod.java:56) ~[junit-4.13.jar:4.13]
	at org.junit.internal.runners.statements.InvokeMethod.evaluate(InvokeMethod.java:17) ~[junit-4.13.jar:4.13]
	at org.junit.internal.runners.statements.RunBefores.evaluate(RunBefores.java:26) ~[junit-4.13.jar:4.13]
	at org.junit.internal.runners.statements.RunAfters.evaluate(RunAfters.java:27) ~[junit-4.13.jar:4.13]
	at org.junit.rules.TestWatcher$1.evaluate(TestWatcher.java:61) [junit-4.13.jar:4.13]
	at org.junit.runners.ParentRunner$3.evaluate(ParentRunner.java:306) [junit-4.13.jar:4.13]
	at org.junit.runners.BlockJUnit4ClassRunner$1.evaluate(BlockJUnit4ClassRunner.java:100) [junit-4.13.jar:4.13]
	at org.junit.runners.ParentRunner.runLeaf(ParentRunner.java:366) [junit-4.13.jar:4.13]
	at org.junit.runners.BlockJUnit4ClassRunner.runChild(BlockJUnit4ClassRunner.java:103) [junit-4.13.jar:4.13]
	at org.junit.runners.BlockJUnit4ClassRunner.runChild(BlockJUnit4ClassRunner.java:63) [junit-4.13.jar:4.13]
	at org.junit.runners.ParentRunner$4.run(ParentRunner.java:331) [junit-4.13.jar:4.13]
	at org.junit.runners.ParentRunner$1.schedule(ParentRunner.java:79) [junit-4.13.jar:4.13]
	at org.junit.runners.ParentRunner.runChildren(ParentRunner.java:329) [junit-4.13.jar:4.13]
	at org.junit.runners.ParentRunner.access$100(ParentRunner.java:66) [junit-4.13.jar:4.13]
	at org.junit.runners.ParentRunner$2.evaluate(ParentRunner.java:293) [junit-4.13.jar:4.13]
	at org.junit.runners.ParentRunner.run(ParentRunner.java:413) [junit-4.13.jar:4.13]
	at org.junit.runners.Suite.runChild(Suite.java:128) [junit-4.13.jar:4.13]
	at org.junit.runners.Suite.runChild(Suite.java:27) [junit-4.13.jar:4.13]
	at org.junit.runners.ParentRunner$4.run(ParentRunner.java:331) [junit-4.13.jar:4.13]
	at org.junit.runners.ParentRunner$1.schedule(ParentRunner.java:79) [junit-4.13.jar:4.13]
	at org.junit.runners.ParentRunner.runChildren(ParentRunner.java:329) [junit-4.13.jar:4.13]
	at org.junit.runners.ParentRunner.access$100(ParentRunner.java:66) [junit-4.13.jar:4.13]
	at org.junit.runners.ParentRunner$2.evaluate(ParentRunner.java:293) [junit-4.13.jar:4.13]
	at org.junit.internal.runners.statements.RunAfters.evaluate(RunAfters.java:27) [junit-4.13.jar:4.13]
	at org.junit.runners.ParentRunner$3.evaluate(ParentRunner.java:306) [junit-4.13.jar:4.13]
	at org.junit.runners.ParentRunner.run(ParentRunner.java:413) [junit-4.13.jar:4.13]
	at org.eclipse.jdt.internal.junit4.runner.JUnit4TestReference.run(JUnit4TestReference.java:93) [.cp/:?]
	at org.eclipse.jdt.internal.junit.runner.TestExecution.run(TestExecution.java:40) [.cp/:?]
	at org.eclipse.jdt.internal.junit.runner.RemoteTestRunner.runTests(RemoteTestRunner.java:530) [.cp/:?]
	at org.eclipse.jdt.internal.junit.runner.RemoteTestRunner.runTests(RemoteTestRunner.java:758) [.cp/:?]
	at org.eclipse.jdt.internal.junit.runner.RemoteTestRunner.run(RemoteTestRunner.java:453) [.cp/:?]
	at org.eclipse.jdt.internal.junit.runner.RemoteTestRunner.main(RemoteTestRunner.java:211) [.cp/:?]
2025-12-30 03:16:40 INFO  === END   tests.productCardsTests.ProductCardElementsTests.cardValidation[Exp#15 [f1=2, f2=2, f3=3, f4=1, f5=2, f6=3, f7=2, f8=1]] ===
2025-12-30 03:16:40 INFO  === START tests.productCardsTests.ProductCardElementsTests.cardValidation[Exp#16 [f1=2, f2=3, f3=1, f4=3, f5=2, f6=3, f7=1, f8=2]] ===
2025-12-30 03:16:40 INFO  STEP: 📝 New input: Filling form fields.
2025-12-30 03:16:43 INFO  STEP: Card nuber 1 have a Thumbnail
2025-12-30 03:16:43 INFO  STEP: Card nuber 1 have a Title: iPhone 5s
2025-12-30 03:16:43 INFO  STEP: Card nuber 1 have a Description: The iPhone 5s is a classic smartphone known for its compact design and advanced features during its release. While it's an older model, it still provides a reliable user experience.
2025-12-30 03:16:43 INFO  STEP: Card nuber 1 have a Price: 199.99
2025-12-30 03:16:43 INFO  STEP PASS: Card nuber 1 dont have a Rating
2025-12-30 03:16:43 INFO  STEP PASS: Card nuber 1 dont have a Additional Images Button
2025-12-30 03:16:43 ERROR STEP FAIL: Card #1 should have all the components
2025-12-30 03:16:43 ERROR === FAIL  tests.productCardsTests.ProductCardElementsTests.cardValidation[Exp#16 [f1=2, f2=3, f3=1, f4=3, f5=2, f6=3, f7=1, f8=2]] ===
java.lang.AssertionError: Card #1 should have all the components
	at org.junit.Assert.fail(Assert.java:89) ~[junit-4.13.jar:4.13]
	at org.junit.Assert.assertTrue(Assert.java:42) ~[junit-4.13.jar:4.13]
	at tests.BaseTest.checkTrue(BaseTest.java:92) ~[test-classes/:?]
	at tests.productCardsTests.ProductCardElementsTests.cardValidation(ProductCardElementsTests.java:61) ~[test-classes/:?]
	at jdk.internal.reflect.DirectMethodHandleAccessor.invoke(DirectMethodHandleAccessor.java:103) ~[?:?]
	at java.lang.reflect.Method.invoke(Method.java:580) ~[?:?]
	at org.junit.runners.model.FrameworkMethod$1.runReflectiveCall(FrameworkMethod.java:59) ~[junit-4.13.jar:4.13]
	at org.junit.internal.runners.model.ReflectiveCallable.run(ReflectiveCallable.java:12) ~[junit-4.13.jar:4.13]
	at org.junit.runners.model.FrameworkMethod.invokeExplosively(FrameworkMethod.java:56) ~[junit-4.13.jar:4.13]
	at org.junit.internal.runners.statements.InvokeMethod.evaluate(InvokeMethod.java:17) ~[junit-4.13.jar:4.13]
	at org.junit.internal.runners.statements.RunBefores.evaluate(RunBefores.java:26) ~[junit-4.13.jar:4.13]
	at org.junit.internal.runners.statements.RunAfters.evaluate(RunAfters.java:27) ~[junit-4.13.jar:4.13]
	at org.junit.rules.TestWatcher$1.evaluate(TestWatcher.java:61) [junit-4.13.jar:4.13]
	at org.junit.runners.ParentRunner$3.evaluate(ParentRunner.java:306) [junit-4.13.jar:4.13]
	at org.junit.runners.BlockJUnit4ClassRunner$1.evaluate(BlockJUnit4ClassRunner.java:100) [junit-4.13.jar:4.13]
	at org.junit.runners.ParentRunner.runLeaf(ParentRunner.java:366) [junit-4.13.jar:4.13]
	at org.junit.runners.BlockJUnit4ClassRunner.runChild(BlockJUnit4ClassRunner.java:103) [junit-4.13.jar:4.13]
	at org.junit.runners.BlockJUnit4ClassRunner.runChild(BlockJUnit4ClassRunner.java:63) [junit-4.13.jar:4.13]
	at org.junit.runners.ParentRunner$4.run(ParentRunner.java:331) [junit-4.13.jar:4.13]
	at org.junit.runners.ParentRunner$1.schedule(ParentRunner.java:79) [junit-4.13.jar:4.13]
	at org.junit.runners.ParentRunner.runChildren(ParentRunner.java:329) [junit-4.13.jar:4.13]
	at org.junit.runners.ParentRunner.access$100(ParentRunner.java:66) [junit-4.13.jar:4.13]
	at org.junit.runners.ParentRunner$2.evaluate(ParentRunner.java:293) [junit-4.13.jar:4.13]
	at org.junit.runners.ParentRunner.run(ParentRunner.java:413) [junit-4.13.jar:4.13]
	at org.junit.runners.Suite.runChild(Suite.java:128) [junit-4.13.jar:4.13]
	at org.junit.runners.Suite.runChild(Suite.java:27) [junit-4.13.jar:4.13]
	at org.junit.runners.ParentRunner$4.run(ParentRunner.java:331) [junit-4.13.jar:4.13]
	at org.junit.runners.ParentRunner$1.schedule(ParentRunner.java:79) [junit-4.13.jar:4.13]
	at org.junit.runners.ParentRunner.runChildren(ParentRunner.java:329) [junit-4.13.jar:4.13]
	at org.junit.runners.ParentRunner.access$100(ParentRunner.java:66) [junit-4.13.jar:4.13]
	at org.junit.runners.ParentRunner$2.evaluate(ParentRunner.java:293) [junit-4.13.jar:4.13]
	at org.junit.internal.runners.statements.RunAfters.evaluate(RunAfters.java:27) [junit-4.13.jar:4.13]
	at org.junit.runners.ParentRunner$3.evaluate(ParentRunner.java:306) [junit-4.13.jar:4.13]
	at org.junit.runners.ParentRunner.run(ParentRunner.java:413) [junit-4.13.jar:4.13]
	at org.eclipse.jdt.internal.junit4.runner.JUnit4TestReference.run(JUnit4TestReference.java:93) [.cp/:?]
	at org.eclipse.jdt.internal.junit.runner.TestExecution.run(TestExecution.java:40) [.cp/:?]
	at org.eclipse.jdt.internal.junit.runner.RemoteTestRunner.runTests(RemoteTestRunner.java:530) [.cp/:?]
	at org.eclipse.jdt.internal.junit.runner.RemoteTestRunner.runTests(RemoteTestRunner.java:758) [.cp/:?]
	at org.eclipse.jdt.internal.junit.runner.RemoteTestRunner.run(RemoteTestRunner.java:453) [.cp/:?]
	at org.eclipse.jdt.internal.junit.runner.RemoteTestRunner.main(RemoteTestRunner.java:211) [.cp/:?]
2025-12-30 03:16:43 INFO  === END   tests.productCardsTests.ProductCardElementsTests.cardValidation[Exp#16 [f1=2, f2=3, f3=1, f4=3, f5=2, f6=3, f7=1, f8=2]] ===
2025-12-30 03:16:43 INFO  === START tests.productCardsTests.ProductCardElementsTests.cardValidation[Exp#17 [f1=2, f2=3, f3=2, f4=1, f5=3, f6=1, f7=2, f8=3]] ===
2025-12-30 03:16:43 INFO  STEP: 📝 New input: Filling form fields.
2025-12-30 03:16:47 INFO  STEP: Card nuber 1 have a Thumbnail
2025-12-30 03:16:47 INFO  STEP: Card nuber 1 have a Title: Samsung Galaxy Tab White
2025-12-30 03:16:47 INFO  STEP: Card nuber 1 have a Description: The Samsung Galaxy Tab in White is a sleek and versatile Android tablet. With a vibrant display, long-lasting battery, and a range of features, it offers a great user experience for various tasks.
2025-12-30 03:16:47 INFO  STEP: Card nuber 1 have a Price: 349.99
2025-12-30 03:16:47 INFO  STEP PASS: Card nuber 1 dont have a Rating
2025-12-30 03:16:47 INFO  STEP PASS: Card nuber 1 dont have a Additional Images Button
2025-12-30 03:16:47 ERROR STEP FAIL: Card #1 should have all the components
2025-12-30 03:16:47 ERROR === FAIL  tests.productCardsTests.ProductCardElementsTests.cardValidation[Exp#17 [f1=2, f2=3, f3=2, f4=1, f5=3, f6=1, f7=2, f8=3]] ===
java.lang.AssertionError: Card #1 should have all the components
	at org.junit.Assert.fail(Assert.java:89) ~[junit-4.13.jar:4.13]
	at org.junit.Assert.assertTrue(Assert.java:42) ~[junit-4.13.jar:4.13]
	at tests.BaseTest.checkTrue(BaseTest.java:92) ~[test-classes/:?]
	at tests.productCardsTests.ProductCardElementsTests.cardValidation(ProductCardElementsTests.java:61) ~[test-classes/:?]
	at jdk.internal.reflect.DirectMethodHandleAccessor.invoke(DirectMethodHandleAccessor.java:103) ~[?:?]
	at java.lang.reflect.Method.invoke(Method.java:580) ~[?:?]
	at org.junit.runners.model.FrameworkMethod$1.runReflectiveCall(FrameworkMethod.java:59) ~[junit-4.13.jar:4.13]
	at org.junit.internal.runners.model.ReflectiveCallable.run(ReflectiveCallable.java:12) ~[junit-4.13.jar:4.13]
	at org.junit.runners.model.FrameworkMethod.invokeExplosively(FrameworkMethod.java:56) ~[junit-4.13.jar:4.13]
	at org.junit.internal.runners.statements.InvokeMethod.evaluate(InvokeMethod.java:17) ~[junit-4.13.jar:4.13]
	at org.junit.internal.runners.statements.RunBefores.evaluate(RunBefores.java:26) ~[junit-4.13.jar:4.13]
	at org.junit.internal.runners.statements.RunAfters.evaluate(RunAfters.java:27) ~[junit-4.13.jar:4.13]
	at org.junit.rules.TestWatcher$1.evaluate(TestWatcher.java:61) [junit-4.13.jar:4.13]
	at org.junit.runners.ParentRunner$3.evaluate(ParentRunner.java:306) [junit-4.13.jar:4.13]
	at org.junit.runners.BlockJUnit4ClassRunner$1.evaluate(BlockJUnit4ClassRunner.java:100) [junit-4.13.jar:4.13]
	at org.junit.runners.ParentRunner.runLeaf(ParentRunner.java:366) [junit-4.13.jar:4.13]
	at org.junit.runners.BlockJUnit4ClassRunner.runChild(BlockJUnit4ClassRunner.java:103) [junit-4.13.jar:4.13]
	at org.junit.runners.BlockJUnit4ClassRunner.runChild(BlockJUnit4ClassRunner.java:63) [junit-4.13.jar:4.13]
	at org.junit.runners.ParentRunner$4.run(ParentRunner.java:331) [junit-4.13.jar:4.13]
	at org.junit.runners.ParentRunner$1.schedule(ParentRunner.java:79) [junit-4.13.jar:4.13]
	at org.junit.runners.ParentRunner.runChildren(ParentRunner.java:329) [junit-4.13.jar:4.13]
	at org.junit.runners.ParentRunner.access$100(ParentRunner.java:66) [junit-4.13.jar:4.13]
	at org.junit.runners.ParentRunner$2.evaluate(ParentRunner.java:293) [junit-4.13.jar:4.13]
	at org.junit.runners.ParentRunner.run(ParentRunner.java:413) [junit-4.13.jar:4.13]
	at org.junit.runners.Suite.runChild(Suite.java:128) [junit-4.13.jar:4.13]
	at org.junit.runners.Suite.runChild(Suite.java:27) [junit-4.13.jar:4.13]
	at org.junit.runners.ParentRunner$4.run(ParentRunner.java:331) [junit-4.13.jar:4.13]
	at org.junit.runners.ParentRunner$1.schedule(ParentRunner.java:79) [junit-4.13.jar:4.13]
	at org.junit.runners.ParentRunner.runChildren(ParentRunner.java:329) [junit-4.13.jar:4.13]
	at org.junit.runners.ParentRunner.access$100(ParentRunner.java:66) [junit-4.13.jar:4.13]
	at org.junit.runners.ParentRunner$2.evaluate(ParentRunner.java:293) [junit-4.13.jar:4.13]
	at org.junit.internal.runners.statements.RunAfters.evaluate(RunAfters.java:27) [junit-4.13.jar:4.13]
	at org.junit.runners.ParentRunner$3.evaluate(ParentRunner.java:306) [junit-4.13.jar:4.13]
	at org.junit.runners.ParentRunner.run(ParentRunner.java:413) [junit-4.13.jar:4.13]
	at org.eclipse.jdt.internal.junit4.runner.JUnit4TestReference.run(JUnit4TestReference.java:93) [.cp/:?]
	at org.eclipse.jdt.internal.junit.runner.TestExecution.run(TestExecution.java:40) [.cp/:?]
	at org.eclipse.jdt.internal.junit.runner.RemoteTestRunner.runTests(RemoteTestRunner.java:530) [.cp/:?]
	at org.eclipse.jdt.internal.junit.runner.RemoteTestRunner.runTests(RemoteTestRunner.java:758) [.cp/:?]
	at org.eclipse.jdt.internal.junit.runner.RemoteTestRunner.run(RemoteTestRunner.java:453) [.cp/:?]
	at org.eclipse.jdt.internal.junit.runner.RemoteTestRunner.main(RemoteTestRunner.java:211) [.cp/:?]
2025-12-30 03:16:47 INFO  === END   tests.productCardsTests.ProductCardElementsTests.cardValidation[Exp#17 [f1=2, f2=3, f3=2, f4=1, f5=3, f6=1, f7=2, f8=3]] ===
2025-12-30 03:16:47 INFO  === START tests.productCardsTests.ProductCardElementsTests.cardValidation[Exp#18 [f1=2, f2=3, f3=3, f4=2, f5=1, f6=2, f7=3, f8=1]] ===
2025-12-30 03:16:47 INFO  STEP: 📝 New input: Filling form fields.
2025-12-30 03:16:50 INFO  STEP: Card nuber 1 have a Thumbnail
2025-12-30 03:16:50 INFO  STEP: Card nuber 1 have a Title: iPhone 5s
2025-12-30 03:16:50 INFO  STEP: Card nuber 1 have a Description: The iPhone 5s is a classic smartphone known for its compact design and advanced features during its release. While it's an older model, it still provides a reliable user experience.
2025-12-30 03:16:50 INFO  STEP: Card nuber 1 have a Price: 199.99
2025-12-30 03:16:51 INFO  STEP PASS: Card nuber 1 dont have a Rating
2025-12-30 03:16:51 INFO  STEP PASS: Card nuber 1 dont have a Additional Images Button
2025-12-30 03:16:51 ERROR STEP FAIL: Card #1 should have all the components
2025-12-30 03:16:51 ERROR === FAIL  tests.productCardsTests.ProductCardElementsTests.cardValidation[Exp#18 [f1=2, f2=3, f3=3, f4=2, f5=1, f6=2, f7=3, f8=1]] ===
java.lang.AssertionError: Card #1 should have all the components
	at org.junit.Assert.fail(Assert.java:89) ~[junit-4.13.jar:4.13]
	at org.junit.Assert.assertTrue(Assert.java:42) ~[junit-4.13.jar:4.13]
	at tests.BaseTest.checkTrue(BaseTest.java:92) ~[test-classes/:?]
	at tests.productCardsTests.ProductCardElementsTests.cardValidation(ProductCardElementsTests.java:61) ~[test-classes/:?]
	at jdk.internal.reflect.DirectMethodHandleAccessor.invoke(DirectMethodHandleAccessor.java:103) ~[?:?]
	at java.lang.reflect.Method.invoke(Method.java:580) ~[?:?]
	at org.junit.runners.model.FrameworkMethod$1.runReflectiveCall(FrameworkMethod.java:59) ~[junit-4.13.jar:4.13]
	at org.junit.internal.runners.model.ReflectiveCallable.run(ReflectiveCallable.java:12) ~[junit-4.13.jar:4.13]
	at org.junit.runners.model.FrameworkMethod.invokeExplosively(FrameworkMethod.java:56) ~[junit-4.13.jar:4.13]
	at org.junit.internal.runners.statements.InvokeMethod.evaluate(InvokeMethod.java:17) ~[junit-4.13.jar:4.13]
	at org.junit.internal.runners.statements.RunBefores.evaluate(RunBefores.java:26) ~[junit-4.13.jar:4.13]
	at org.junit.internal.runners.statements.RunAfters.evaluate(RunAfters.java:27) ~[junit-4.13.jar:4.13]
	at org.junit.rules.TestWatcher$1.evaluate(TestWatcher.java:61) [junit-4.13.jar:4.13]
	at org.junit.runners.ParentRunner$3.evaluate(ParentRunner.java:306) [junit-4.13.jar:4.13]
	at org.junit.runners.BlockJUnit4ClassRunner$1.evaluate(BlockJUnit4ClassRunner.java:100) [junit-4.13.jar:4.13]
	at org.junit.runners.ParentRunner.runLeaf(ParentRunner.java:366) [junit-4.13.jar:4.13]
	at org.junit.runners.BlockJUnit4ClassRunner.runChild(BlockJUnit4ClassRunner.java:103) [junit-4.13.jar:4.13]
	at org.junit.runners.BlockJUnit4ClassRunner.runChild(BlockJUnit4ClassRunner.java:63) [junit-4.13.jar:4.13]
	at org.junit.runners.ParentRunner$4.run(ParentRunner.java:331) [junit-4.13.jar:4.13]
	at org.junit.runners.ParentRunner$1.schedule(ParentRunner.java:79) [junit-4.13.jar:4.13]
	at org.junit.runners.ParentRunner.runChildren(ParentRunner.java:329) [junit-4.13.jar:4.13]
	at org.junit.runners.ParentRunner.access$100(ParentRunner.java:66) [junit-4.13.jar:4.13]
	at org.junit.runners.ParentRunner$2.evaluate(ParentRunner.java:293) [junit-4.13.jar:4.13]
	at org.junit.runners.ParentRunner.run(ParentRunner.java:413) [junit-4.13.jar:4.13]
	at org.junit.runners.Suite.runChild(Suite.java:128) [junit-4.13.jar:4.13]
	at org.junit.runners.Suite.runChild(Suite.java:27) [junit-4.13.jar:4.13]
	at org.junit.runners.ParentRunner$4.run(ParentRunner.java:331) [junit-4.13.jar:4.13]
	at org.junit.runners.ParentRunner$1.schedule(ParentRunner.java:79) [junit-4.13.jar:4.13]
	at org.junit.runners.ParentRunner.runChildren(ParentRunner.java:329) [junit-4.13.jar:4.13]
	at org.junit.runners.ParentRunner.access$100(ParentRunner.java:66) [junit-4.13.jar:4.13]
	at org.junit.runners.ParentRunner$2.evaluate(ParentRunner.java:293) [junit-4.13.jar:4.13]
	at org.junit.internal.runners.statements.RunAfters.evaluate(RunAfters.java:27) [junit-4.13.jar:4.13]
	at org.junit.runners.ParentRunner$3.evaluate(ParentRunner.java:306) [junit-4.13.jar:4.13]
	at org.junit.runners.ParentRunner.run(ParentRunner.java:413) [junit-4.13.jar:4.13]
	at org.eclipse.jdt.internal.junit4.runner.JUnit4TestReference.run(JUnit4TestReference.java:93) [.cp/:?]
	at org.eclipse.jdt.internal.junit.runner.TestExecution.run(TestExecution.java:40) [.cp/:?]
	at org.eclipse.jdt.internal.junit.runner.RemoteTestRunner.runTests(RemoteTestRunner.java:530) [.cp/:?]
	at org.eclipse.jdt.internal.junit.runner.RemoteTestRunner.runTests(RemoteTestRunner.java:758) [.cp/:?]
	at org.eclipse.jdt.internal.junit.runner.RemoteTestRunner.run(RemoteTestRunner.java:453) [.cp/:?]
	at org.eclipse.jdt.internal.junit.runner.RemoteTestRunner.main(RemoteTestRunner.java:211) [.cp/:?]
2025-12-30 03:16:51 INFO  === END   tests.productCardsTests.ProductCardElementsTests.cardValidation[Exp#18 [f1=2, f2=3, f3=3, f4=2, f5=1, f6=2, f7=3, f8=1]] ===
2025-12-30 03:16:51 INFO  === START tests.productCardsTests.ProductCardElementsTests.cardValidation[Exp#19 [f1=2, f2=3, f3=3, f4=2, f5=1, f6=1, f7=1, f8=2]] ===
2025-12-30 03:16:51 INFO  STEP: 📝 New input: Filling form fields.
2025-12-30 03:16:54 INFO  STEP: Card nuber 1 have a Thumbnail
2025-12-30 03:16:54 INFO  STEP: Card nuber 1 have a Title: Plant Pot
2025-12-30 03:16:54 INFO  STEP: Card nuber 1 have a Description: The Plant Pot is a stylish container for your favorite plants. With a sleek design, it complements your indoor or outdoor garden, adding a modern touch to your plant display.
2025-12-30 03:16:54 INFO  STEP: Card nuber 1 have a Price: 14.99
2025-12-30 03:16:54 INFO  STEP PASS: Card nuber 1 dont have a Rating
2025-12-30 03:16:54 INFO  STEP PASS: Card nuber 1 dont have a Additional Images Button
2025-12-30 03:16:54 ERROR STEP FAIL: Card #1 should have all the components
2025-12-30 03:16:54 ERROR === FAIL  tests.productCardsTests.ProductCardElementsTests.cardValidation[Exp#19 [f1=2, f2=3, f3=3, f4=2, f5=1, f6=1, f7=1, f8=2]] ===
java.lang.AssertionError: Card #1 should have all the components
	at org.junit.Assert.fail(Assert.java:89) ~[junit-4.13.jar:4.13]
	at org.junit.Assert.assertTrue(Assert.java:42) ~[junit-4.13.jar:4.13]
	at tests.BaseTest.checkTrue(BaseTest.java:92) ~[test-classes/:?]
	at tests.productCardsTests.ProductCardElementsTests.cardValidation(ProductCardElementsTests.java:61) ~[test-classes/:?]
	at jdk.internal.reflect.DirectMethodHandleAccessor.invoke(DirectMethodHandleAccessor.java:103) ~[?:?]
	at java.lang.reflect.Method.invoke(Method.java:580) ~[?:?]
	at org.junit.runners.model.FrameworkMethod$1.runReflectiveCall(FrameworkMethod.java:59) ~[junit-4.13.jar:4.13]
	at org.junit.internal.runners.model.ReflectiveCallable.run(ReflectiveCallable.java:12) ~[junit-4.13.jar:4.13]
	at org.junit.runners.model.FrameworkMethod.invokeExplosively(FrameworkMethod.java:56) ~[junit-4.13.jar:4.13]
	at org.junit.internal.runners.statements.InvokeMethod.evaluate(InvokeMethod.java:17) ~[junit-4.13.jar:4.13]
	at org.junit.internal.runners.statements.RunBefores.evaluate(RunBefores.java:26) ~[junit-4.13.jar:4.13]
	at org.junit.internal.runners.statements.RunAfters.evaluate(RunAfters.java:27) ~[junit-4.13.jar:4.13]
	at org.junit.rules.TestWatcher$1.evaluate(TestWatcher.java:61) [junit-4.13.jar:4.13]
	at org.junit.runners.ParentRunner$3.evaluate(ParentRunner.java:306) [junit-4.13.jar:4.13]
	at org.junit.runners.BlockJUnit4ClassRunner$1.evaluate(BlockJUnit4ClassRunner.java:100) [junit-4.13.jar:4.13]
	at org.junit.runners.ParentRunner.runLeaf(ParentRunner.java:366) [junit-4.13.jar:4.13]
	at org.junit.runners.BlockJUnit4ClassRunner.runChild(BlockJUnit4ClassRunner.java:103) [junit-4.13.jar:4.13]
	at org.junit.runners.BlockJUnit4ClassRunner.runChild(BlockJUnit4ClassRunner.java:63) [junit-4.13.jar:4.13]
	at org.junit.runners.ParentRunner$4.run(ParentRunner.java:331) [junit-4.13.jar:4.13]
	at org.junit.runners.ParentRunner$1.schedule(ParentRunner.java:79) [junit-4.13.jar:4.13]
	at org.junit.runners.ParentRunner.runChildren(ParentRunner.java:329) [junit-4.13.jar:4.13]
	at org.junit.runners.ParentRunner.access$100(ParentRunner.java:66) [junit-4.13.jar:4.13]
	at org.junit.runners.ParentRunner$2.evaluate(ParentRunner.java:293) [junit-4.13.jar:4.13]
	at org.junit.runners.ParentRunner.run(ParentRunner.java:413) [junit-4.13.jar:4.13]
	at org.junit.runners.Suite.runChild(Suite.java:128) [junit-4.13.jar:4.13]
	at org.junit.runners.Suite.runChild(Suite.java:27) [junit-4.13.jar:4.13]
	at org.junit.runners.ParentRunner$4.run(ParentRunner.java:331) [junit-4.13.jar:4.13]
	at org.junit.runners.ParentRunner$1.schedule(ParentRunner.java:79) [junit-4.13.jar:4.13]
	at org.junit.runners.ParentRunner.runChildren(ParentRunner.java:329) [junit-4.13.jar:4.13]
	at org.junit.runners.ParentRunner.access$100(ParentRunner.java:66) [junit-4.13.jar:4.13]
	at org.junit.runners.ParentRunner$2.evaluate(ParentRunner.java:293) [junit-4.13.jar:4.13]
	at org.junit.internal.runners.statements.RunAfters.evaluate(RunAfters.java:27) [junit-4.13.jar:4.13]
	at org.junit.runners.ParentRunner$3.evaluate(ParentRunner.java:306) [junit-4.13.jar:4.13]
	at org.junit.runners.ParentRunner.run(ParentRunner.java:413) [junit-4.13.jar:4.13]
	at org.eclipse.jdt.internal.junit4.runner.JUnit4TestReference.run(JUnit4TestReference.java:93) [.cp/:?]
	at org.eclipse.jdt.internal.junit.runner.TestExecution.run(TestExecution.java:40) [.cp/:?]
	at org.eclipse.jdt.internal.junit.runner.RemoteTestRunner.runTests(RemoteTestRunner.java:530) [.cp/:?]
	at org.eclipse.jdt.internal.junit.runner.RemoteTestRunner.runTests(RemoteTestRunner.java:758) [.cp/:?]
	at org.eclipse.jdt.internal.junit.runner.RemoteTestRunner.run(RemoteTestRunner.java:453) [.cp/:?]
	at org.eclipse.jdt.internal.junit.runner.RemoteTestRunner.main(RemoteTestRunner.java:211) [.cp/:?]
2025-12-30 03:16:54 INFO  === END   tests.productCardsTests.ProductCardElementsTests.cardValidation[Exp#19 [f1=2, f2=3, f3=3, f4=2, f5=1, f6=1, f7=1, f8=2]] ===
2025-12-30 03:16:54 INFO  === START tests.productCardsTests.ProductCardElementsTests.cardValidation[Exp#20 [f1=2, f2=3, f3=3, f4=3, f5=3, f6=3, f7=3, f8=3]] ===
2025-12-30 03:16:54 INFO  STEP: 📝 New input: Filling form fields.
2025-12-30 03:16:58 INFO  STEP: Card nuber 1 have a Thumbnail
2025-12-30 03:16:58 INFO  STEP: Card nuber 1 have a Title: Samsung Galaxy Tab White
2025-12-30 03:16:58 INFO  STEP: Card nuber 1 have a Description: The Samsung Galaxy Tab in White is a sleek and versatile Android tablet. With a vibrant display, long-lasting battery, and a range of features, it offers a great user experience for various tasks.
2025-12-30 03:16:58 INFO  STEP: Card nuber 1 have a Price: 349.99
2025-12-30 03:16:58 INFO  STEP PASS: Card nuber 1 dont have a Rating
2025-12-30 03:16:58 INFO  STEP PASS: Card nuber 1 dont have a Additional Images Button
2025-12-30 03:16:58 ERROR STEP FAIL: Card #1 should have all the components
2025-12-30 03:16:58 ERROR === FAIL  tests.productCardsTests.ProductCardElementsTests.cardValidation[Exp#20 [f1=2, f2=3, f3=3, f4=3, f5=3, f6=3, f7=3, f8=3]] ===
java.lang.AssertionError: Card #1 should have all the components
	at org.junit.Assert.fail(Assert.java:89) ~[junit-4.13.jar:4.13]
	at org.junit.Assert.assertTrue(Assert.java:42) ~[junit-4.13.jar:4.13]
	at tests.BaseTest.checkTrue(BaseTest.java:92) ~[test-classes/:?]
	at tests.productCardsTests.ProductCardElementsTests.cardValidation(ProductCardElementsTests.java:61) ~[test-classes/:?]
	at jdk.internal.reflect.DirectMethodHandleAccessor.invoke(DirectMethodHandleAccessor.java:103) ~[?:?]
	at java.lang.reflect.Method.invoke(Method.java:580) ~[?:?]
	at org.junit.runners.model.FrameworkMethod$1.runReflectiveCall(FrameworkMethod.java:59) ~[junit-4.13.jar:4.13]
	at org.junit.internal.runners.model.ReflectiveCallable.run(ReflectiveCallable.java:12) ~[junit-4.13.jar:4.13]
	at org.junit.runners.model.FrameworkMethod.invokeExplosively(FrameworkMethod.java:56) ~[junit-4.13.jar:4.13]
	at org.junit.internal.runners.statements.InvokeMethod.evaluate(InvokeMethod.java:17) ~[junit-4.13.jar:4.13]
	at org.junit.internal.runners.statements.RunBefores.evaluate(RunBefores.java:26) ~[junit-4.13.jar:4.13]
	at org.junit.internal.runners.statements.RunAfters.evaluate(RunAfters.java:27) ~[junit-4.13.jar:4.13]
	at org.junit.rules.TestWatcher$1.evaluate(TestWatcher.java:61) [junit-4.13.jar:4.13]
	at org.junit.runners.ParentRunner$3.evaluate(ParentRunner.java:306) [junit-4.13.jar:4.13]
	at org.junit.runners.BlockJUnit4ClassRunner$1.evaluate(BlockJUnit4ClassRunner.java:100) [junit-4.13.jar:4.13]
	at org.junit.runners.ParentRunner.runLeaf(ParentRunner.java:366) [junit-4.13.jar:4.13]
	at org.junit.runners.BlockJUnit4ClassRunner.runChild(BlockJUnit4ClassRunner.java:103) [junit-4.13.jar:4.13]
	at org.junit.runners.BlockJUnit4ClassRunner.runChild(BlockJUnit4ClassRunner.java:63) [junit-4.13.jar:4.13]
	at org.junit.runners.ParentRunner$4.run(ParentRunner.java:331) [junit-4.13.jar:4.13]
	at org.junit.runners.ParentRunner$1.schedule(ParentRunner.java:79) [junit-4.13.jar:4.13]
	at org.junit.runners.ParentRunner.runChildren(ParentRunner.java:329) [junit-4.13.jar:4.13]
	at org.junit.runners.ParentRunner.access$100(ParentRunner.java:66) [junit-4.13.jar:4.13]
	at org.junit.runners.ParentRunner$2.evaluate(ParentRunner.java:293) [junit-4.13.jar:4.13]
	at org.junit.runners.ParentRunner.run(ParentRunner.java:413) [junit-4.13.jar:4.13]
	at org.junit.runners.Suite.runChild(Suite.java:128) [junit-4.13.jar:4.13]
	at org.junit.runners.Suite.runChild(Suite.java:27) [junit-4.13.jar:4.13]
	at org.junit.runners.ParentRunner$4.run(ParentRunner.java:331) [junit-4.13.jar:4.13]
	at org.junit.runners.ParentRunner$1.schedule(ParentRunner.java:79) [junit-4.13.jar:4.13]
	at org.junit.runners.ParentRunner.runChildren(ParentRunner.java:329) [junit-4.13.jar:4.13]
	at org.junit.runners.ParentRunner.access$100(ParentRunner.java:66) [junit-4.13.jar:4.13]
	at org.junit.runners.ParentRunner$2.evaluate(ParentRunner.java:293) [junit-4.13.jar:4.13]
	at org.junit.internal.runners.statements.RunAfters.evaluate(RunAfters.java:27) [junit-4.13.jar:4.13]
	at org.junit.runners.ParentRunner$3.evaluate(ParentRunner.java:306) [junit-4.13.jar:4.13]
	at org.junit.runners.ParentRunner.run(ParentRunner.java:413) [junit-4.13.jar:4.13]
	at org.eclipse.jdt.internal.junit4.runner.JUnit4TestReference.run(JUnit4TestReference.java:93) [.cp/:?]
	at org.eclipse.jdt.internal.junit.runner.TestExecution.run(TestExecution.java:40) [.cp/:?]
	at org.eclipse.jdt.internal.junit.runner.RemoteTestRunner.runTests(RemoteTestRunner.java:530) [.cp/:?]
	at org.eclipse.jdt.internal.junit.runner.RemoteTestRunner.runTests(RemoteTestRunner.java:758) [.cp/:?]
	at org.eclipse.jdt.internal.junit.runner.RemoteTestRunner.run(RemoteTestRunner.java:453) [.cp/:?]
	at org.eclipse.jdt.internal.junit.runner.RemoteTestRunner.main(RemoteTestRunner.java:211) [.cp/:?]
2025-12-30 03:16:58 INFO  === END   tests.productCardsTests.ProductCardElementsTests.cardValidation[Exp#20 [f1=2, f2=3, f3=3, f4=3, f5=3, f6=3, f7=3, f8=3]] ===
2025-12-30 03:20:27 INFO  === START tests.productCardsTests.ProductCardElementsTests.cardValidation[Exp#1 [f1=1, f2=1, f3=1, f4=1, f5=1, f6=1, f7=1, f8=1]] ===
2025-12-30 03:20:28 INFO  STEP: 📝 New input: Filling form fields.
2025-12-30 03:20:36 INFO  STEP: Card #1 have a Thumbnail
2025-12-30 03:20:36 INFO  STEP: Card #1 have a Title: Green and Black Glasses
2025-12-30 03:20:36 INFO  STEP: Card #1 have a Description: The Green and Black Glasses feature a bold combination of green and black colors, adding a touch of vibrancy to your eyewear collection. They are both stylish and eye-catching.
2025-12-30 03:20:36 INFO  STEP: Card #1 have a Price: 34.99
2025-12-30 03:20:36 INFO  STEP: Card #1 have a Rating: 34.99
2025-12-30 03:20:36 INFO  STEP PASS: Card #1 should have Rating (card rating: 4.5
(4 reviews)
2025-12-30 03:20:37 INFO  STEP PASS: Card #1 dont have a Additional Images Button
2025-12-30 03:20:37 ERROR STEP FAIL: Card #1 should have all the components
2025-12-30 03:20:37 ERROR === FAIL  tests.productCardsTests.ProductCardElementsTests.cardValidation[Exp#1 [f1=1, f2=1, f3=1, f4=1, f5=1, f6=1, f7=1, f8=1]] ===
java.lang.AssertionError: Card #1 should have all the components
	at org.junit.Assert.fail(Assert.java:89) ~[junit-4.13.jar:4.13]
	at org.junit.Assert.assertTrue(Assert.java:42) ~[junit-4.13.jar:4.13]
	at tests.BaseTest.checkTrue(BaseTest.java:92) ~[test-classes/:?]
	at tests.productCardsTests.ProductCardElementsTests.cardValidation(ProductCardElementsTests.java:61) ~[test-classes/:?]
	at jdk.internal.reflect.DirectMethodHandleAccessor.invoke(DirectMethodHandleAccessor.java:103) ~[?:?]
	at java.lang.reflect.Method.invoke(Method.java:580) ~[?:?]
	at org.junit.runners.model.FrameworkMethod$1.runReflectiveCall(FrameworkMethod.java:59) ~[junit-4.13.jar:4.13]
	at org.junit.internal.runners.model.ReflectiveCallable.run(ReflectiveCallable.java:12) ~[junit-4.13.jar:4.13]
	at org.junit.runners.model.FrameworkMethod.invokeExplosively(FrameworkMethod.java:56) ~[junit-4.13.jar:4.13]
	at org.junit.internal.runners.statements.InvokeMethod.evaluate(InvokeMethod.java:17) ~[junit-4.13.jar:4.13]
	at org.junit.internal.runners.statements.RunBefores.evaluate(RunBefores.java:26) ~[junit-4.13.jar:4.13]
	at org.junit.internal.runners.statements.RunAfters.evaluate(RunAfters.java:27) ~[junit-4.13.jar:4.13]
	at org.junit.rules.TestWatcher$1.evaluate(TestWatcher.java:61) [junit-4.13.jar:4.13]
	at org.junit.runners.ParentRunner$3.evaluate(ParentRunner.java:306) [junit-4.13.jar:4.13]
	at org.junit.runners.BlockJUnit4ClassRunner$1.evaluate(BlockJUnit4ClassRunner.java:100) [junit-4.13.jar:4.13]
	at org.junit.runners.ParentRunner.runLeaf(ParentRunner.java:366) [junit-4.13.jar:4.13]
	at org.junit.runners.BlockJUnit4ClassRunner.runChild(BlockJUnit4ClassRunner.java:103) [junit-4.13.jar:4.13]
	at org.junit.runners.BlockJUnit4ClassRunner.runChild(BlockJUnit4ClassRunner.java:63) [junit-4.13.jar:4.13]
	at org.junit.runners.ParentRunner$4.run(ParentRunner.java:331) [junit-4.13.jar:4.13]
	at org.junit.runners.ParentRunner$1.schedule(ParentRunner.java:79) [junit-4.13.jar:4.13]
	at org.junit.runners.ParentRunner.runChildren(ParentRunner.java:329) [junit-4.13.jar:4.13]
	at org.junit.runners.ParentRunner.access$100(ParentRunner.java:66) [junit-4.13.jar:4.13]
	at org.junit.runners.ParentRunner$2.evaluate(ParentRunner.java:293) [junit-4.13.jar:4.13]
	at org.junit.runners.ParentRunner.run(ParentRunner.java:413) [junit-4.13.jar:4.13]
	at org.junit.runners.Suite.runChild(Suite.java:128) [junit-4.13.jar:4.13]
	at org.junit.runners.Suite.runChild(Suite.java:27) [junit-4.13.jar:4.13]
	at org.junit.runners.ParentRunner$4.run(ParentRunner.java:331) [junit-4.13.jar:4.13]
	at org.junit.runners.ParentRunner$1.schedule(ParentRunner.java:79) [junit-4.13.jar:4.13]
	at org.junit.runners.ParentRunner.runChildren(ParentRunner.java:329) [junit-4.13.jar:4.13]
	at org.junit.runners.ParentRunner.access$100(ParentRunner.java:66) [junit-4.13.jar:4.13]
	at org.junit.runners.ParentRunner$2.evaluate(ParentRunner.java:293) [junit-4.13.jar:4.13]
	at org.junit.internal.runners.statements.RunAfters.evaluate(RunAfters.java:27) [junit-4.13.jar:4.13]
	at org.junit.runners.ParentRunner$3.evaluate(ParentRunner.java:306) [junit-4.13.jar:4.13]
	at org.junit.runners.ParentRunner.run(ParentRunner.java:413) [junit-4.13.jar:4.13]
	at org.eclipse.jdt.internal.junit4.runner.JUnit4TestReference.run(JUnit4TestReference.java:93) [.cp/:?]
	at org.eclipse.jdt.internal.junit.runner.TestExecution.run(TestExecution.java:40) [.cp/:?]
	at org.eclipse.jdt.internal.junit.runner.RemoteTestRunner.runTests(RemoteTestRunner.java:530) [.cp/:?]
	at org.eclipse.jdt.internal.junit.runner.RemoteTestRunner.runTests(RemoteTestRunner.java:758) [.cp/:?]
	at org.eclipse.jdt.internal.junit.runner.RemoteTestRunner.run(RemoteTestRunner.java:453) [.cp/:?]
	at org.eclipse.jdt.internal.junit.runner.RemoteTestRunner.main(RemoteTestRunner.java:211) [.cp/:?]
2025-12-30 03:20:37 INFO  === END   tests.productCardsTests.ProductCardElementsTests.cardValidation[Exp#1 [f1=1, f2=1, f3=1, f4=1, f5=1, f6=1, f7=1, f8=1]] ===
2025-12-30 03:20:37 INFO  === START tests.productCardsTests.ProductCardElementsTests.cardValidation[Exp#1 [f1=1, f2=1, f3=1, f4=1, f5=1, f6=1, f7=1, f8=1]] ===
2025-12-30 03:20:39 INFO  STEP: 📝 New input: Filling form fields.
2025-12-30 03:20:44 INFO  STEP: Card #1 have a Thumbnail
2025-12-30 03:20:45 INFO  STEP: Card #1 have a Title: Green and Black Glasses
2025-12-30 03:20:45 INFO  STEP: Card #1 have a Description: The Green and Black Glasses feature a bold combination of green and black colors, adding a touch of vibrancy to your eyewear collection. They are both stylish and eye-catching.
2025-12-30 03:20:45 INFO  STEP: Card #1 have a Price: 34.99
2025-12-30 03:20:45 INFO  STEP PASS: Card #1 should have Rating (card rating: 4.5
(4 reviews)
2025-12-30 03:20:45 INFO  STEP PASS: Card #1 dont have a Additional Images Button
2025-12-30 03:20:45 ERROR STEP FAIL: Card #1 should have all the components
2025-12-30 03:20:45 ERROR === FAIL  tests.productCardsTests.ProductCardElementsTests.cardValidation[Exp#1 [f1=1, f2=1, f3=1, f4=1, f5=1, f6=1, f7=1, f8=1]] ===
java.lang.AssertionError: Card #1 should have all the components
	at org.junit.Assert.fail(Assert.java:89) ~[junit-4.13.jar:4.13]
	at org.junit.Assert.assertTrue(Assert.java:42) ~[junit-4.13.jar:4.13]
	at tests.BaseTest.checkTrue(BaseTest.java:92) ~[test-classes/:?]
	at tests.productCardsTests.ProductCardElementsTests.cardValidation(ProductCardElementsTests.java:61) ~[test-classes/:?]
	at jdk.internal.reflect.DirectMethodHandleAccessor.invoke(DirectMethodHandleAccessor.java:103) ~[?:?]
	at java.lang.reflect.Method.invoke(Method.java:580) ~[?:?]
	at org.junit.runners.model.FrameworkMethod$1.runReflectiveCall(FrameworkMethod.java:59) ~[junit-4.13.jar:4.13]
	at org.junit.internal.runners.model.ReflectiveCallable.run(ReflectiveCallable.java:12) ~[junit-4.13.jar:4.13]
	at org.junit.runners.model.FrameworkMethod.invokeExplosively(FrameworkMethod.java:56) ~[junit-4.13.jar:4.13]
	at org.junit.internal.runners.statements.InvokeMethod.evaluate(InvokeMethod.java:17) ~[junit-4.13.jar:4.13]
	at org.junit.internal.runners.statements.RunBefores.evaluate(RunBefores.java:26) ~[junit-4.13.jar:4.13]
	at org.junit.internal.runners.statements.RunAfters.evaluate(RunAfters.java:27) ~[junit-4.13.jar:4.13]
	at org.junit.rules.TestWatcher$1.evaluate(TestWatcher.java:61) [junit-4.13.jar:4.13]
	at org.junit.runners.ParentRunner$3.evaluate(ParentRunner.java:306) [junit-4.13.jar:4.13]
	at org.junit.runners.BlockJUnit4ClassRunner$1.evaluate(BlockJUnit4ClassRunner.java:100) [junit-4.13.jar:4.13]
	at org.junit.runners.ParentRunner.runLeaf(ParentRunner.java:366) [junit-4.13.jar:4.13]
	at org.junit.runners.BlockJUnit4ClassRunner.runChild(BlockJUnit4ClassRunner.java:103) [junit-4.13.jar:4.13]
	at org.junit.runners.BlockJUnit4ClassRunner.runChild(BlockJUnit4ClassRunner.java:63) [junit-4.13.jar:4.13]
	at org.junit.runners.ParentRunner$4.run(ParentRunner.java:331) [junit-4.13.jar:4.13]
	at org.junit.runners.ParentRunner$1.schedule(ParentRunner.java:79) [junit-4.13.jar:4.13]
	at org.junit.runners.ParentRunner.runChildren(ParentRunner.java:329) [junit-4.13.jar:4.13]
	at org.junit.runners.ParentRunner.access$100(ParentRunner.java:66) [junit-4.13.jar:4.13]
	at org.junit.runners.ParentRunner$2.evaluate(ParentRunner.java:293) [junit-4.13.jar:4.13]
	at org.junit.runners.ParentRunner.run(ParentRunner.java:413) [junit-4.13.jar:4.13]
	at org.junit.runners.Suite.runChild(Suite.java:128) [junit-4.13.jar:4.13]
	at org.junit.runners.Suite.runChild(Suite.java:27) [junit-4.13.jar:4.13]
	at org.junit.runners.ParentRunner$4.run(ParentRunner.java:331) [junit-4.13.jar:4.13]
	at org.junit.runners.ParentRunner$1.schedule(ParentRunner.java:79) [junit-4.13.jar:4.13]
	at org.junit.runners.ParentRunner.runChildren(ParentRunner.java:329) [junit-4.13.jar:4.13]
	at org.junit.runners.ParentRunner.access$100(ParentRunner.java:66) [junit-4.13.jar:4.13]
	at org.junit.runners.ParentRunner$2.evaluate(ParentRunner.java:293) [junit-4.13.jar:4.13]
	at org.junit.internal.runners.statements.RunAfters.evaluate(RunAfters.java:27) [junit-4.13.jar:4.13]
	at org.junit.runners.ParentRunner$3.evaluate(ParentRunner.java:306) [junit-4.13.jar:4.13]
	at org.junit.runners.ParentRunner.run(ParentRunner.java:413) [junit-4.13.jar:4.13]
	at org.eclipse.jdt.internal.junit4.runner.JUnit4TestReference.run(JUnit4TestReference.java:93) [.cp/:?]
	at org.eclipse.jdt.internal.junit.runner.TestExecution.run(TestExecution.java:40) [.cp/:?]
	at org.eclipse.jdt.internal.junit.runner.RemoteTestRunner.runTests(RemoteTestRunner.java:530) [.cp/:?]
	at org.eclipse.jdt.internal.junit.runner.RemoteTestRunner.runTests(RemoteTestRunner.java:758) [.cp/:?]
	at org.eclipse.jdt.internal.junit.runner.RemoteTestRunner.run(RemoteTestRunner.java:453) [.cp/:?]
	at org.eclipse.jdt.internal.junit.runner.RemoteTestRunner.main(RemoteTestRunner.java:211) [.cp/:?]
2025-12-30 03:20:45 INFO  === END   tests.productCardsTests.ProductCardElementsTests.cardValidation[Exp#1 [f1=1, f2=1, f3=1, f4=1, f5=1, f6=1, f7=1, f8=1]] ===
2025-12-30 03:20:45 INFO  === START tests.productCardsTests.ProductCardElementsTests.cardValidation[Exp#2 [f1=1, f2=1, f3=2, f4=2, f5=2, f6=2, f7=2, f8=2]] ===
2025-12-30 03:20:45 INFO  STEP: 📝 New input: Filling form fields.
2025-12-30 03:20:48 INFO  STEP: Card #1 have a Thumbnail
2025-12-30 03:20:48 INFO  STEP: Card #1 have a Title: Black Aluminium Cup
2025-12-30 03:20:49 INFO  STEP: Card #1 have a Description: The Black Aluminium Cup is a stylish and durable cup suitable for both hot and cold beverages. Its sleek black design adds a modern touch to your drinkware collection.
2025-12-30 03:20:49 INFO  STEP: Card #1 have a Price: 5.99
2025-12-30 03:20:49 INFO  STEP PASS: Card #1 should have Rating (card rating: 4.5
(4 reviews)
2025-12-30 03:20:49 INFO  STEP PASS: Card #1 dont have a Additional Images Button
2025-12-30 03:20:49 ERROR STEP FAIL: Card #1 should have all the components
2025-12-30 03:20:49 ERROR === FAIL  tests.productCardsTests.ProductCardElementsTests.cardValidation[Exp#2 [f1=1, f2=1, f3=2, f4=2, f5=2, f6=2, f7=2, f8=2]] ===
java.lang.AssertionError: Card #1 should have all the components
	at org.junit.Assert.fail(Assert.java:89) ~[junit-4.13.jar:4.13]
	at org.junit.Assert.assertTrue(Assert.java:42) ~[junit-4.13.jar:4.13]
	at tests.BaseTest.checkTrue(BaseTest.java:92) ~[test-classes/:?]
	at tests.productCardsTests.ProductCardElementsTests.cardValidation(ProductCardElementsTests.java:61) ~[test-classes/:?]
	at jdk.internal.reflect.DirectMethodHandleAccessor.invoke(DirectMethodHandleAccessor.java:103) ~[?:?]
	at java.lang.reflect.Method.invoke(Method.java:580) ~[?:?]
	at org.junit.runners.model.FrameworkMethod$1.runReflectiveCall(FrameworkMethod.java:59) ~[junit-4.13.jar:4.13]
	at org.junit.internal.runners.model.ReflectiveCallable.run(ReflectiveCallable.java:12) ~[junit-4.13.jar:4.13]
	at org.junit.runners.model.FrameworkMethod.invokeExplosively(FrameworkMethod.java:56) ~[junit-4.13.jar:4.13]
	at org.junit.internal.runners.statements.InvokeMethod.evaluate(InvokeMethod.java:17) ~[junit-4.13.jar:4.13]
	at org.junit.internal.runners.statements.RunBefores.evaluate(RunBefores.java:26) ~[junit-4.13.jar:4.13]
	at org.junit.internal.runners.statements.RunAfters.evaluate(RunAfters.java:27) ~[junit-4.13.jar:4.13]
	at org.junit.rules.TestWatcher$1.evaluate(TestWatcher.java:61) [junit-4.13.jar:4.13]
	at org.junit.runners.ParentRunner$3.evaluate(ParentRunner.java:306) [junit-4.13.jar:4.13]
	at org.junit.runners.BlockJUnit4ClassRunner$1.evaluate(BlockJUnit4ClassRunner.java:100) [junit-4.13.jar:4.13]
	at org.junit.runners.ParentRunner.runLeaf(ParentRunner.java:366) [junit-4.13.jar:4.13]
	at org.junit.runners.BlockJUnit4ClassRunner.runChild(BlockJUnit4ClassRunner.java:103) [junit-4.13.jar:4.13]
	at org.junit.runners.BlockJUnit4ClassRunner.runChild(BlockJUnit4ClassRunner.java:63) [junit-4.13.jar:4.13]
	at org.junit.runners.ParentRunner$4.run(ParentRunner.java:331) [junit-4.13.jar:4.13]
	at org.junit.runners.ParentRunner$1.schedule(ParentRunner.java:79) [junit-4.13.jar:4.13]
	at org.junit.runners.ParentRunner.runChildren(ParentRunner.java:329) [junit-4.13.jar:4.13]
	at org.junit.runners.ParentRunner.access$100(ParentRunner.java:66) [junit-4.13.jar:4.13]
	at org.junit.runners.ParentRunner$2.evaluate(ParentRunner.java:293) [junit-4.13.jar:4.13]
	at org.junit.runners.ParentRunner.run(ParentRunner.java:413) [junit-4.13.jar:4.13]
	at org.junit.runners.Suite.runChild(Suite.java:128) [junit-4.13.jar:4.13]
	at org.junit.runners.Suite.runChild(Suite.java:27) [junit-4.13.jar:4.13]
	at org.junit.runners.ParentRunner$4.run(ParentRunner.java:331) [junit-4.13.jar:4.13]
	at org.junit.runners.ParentRunner$1.schedule(ParentRunner.java:79) [junit-4.13.jar:4.13]
	at org.junit.runners.ParentRunner.runChildren(ParentRunner.java:329) [junit-4.13.jar:4.13]
	at org.junit.runners.ParentRunner.access$100(ParentRunner.java:66) [junit-4.13.jar:4.13]
	at org.junit.runners.ParentRunner$2.evaluate(ParentRunner.java:293) [junit-4.13.jar:4.13]
	at org.junit.internal.runners.statements.RunAfters.evaluate(RunAfters.java:27) [junit-4.13.jar:4.13]
	at org.junit.runners.ParentRunner$3.evaluate(ParentRunner.java:306) [junit-4.13.jar:4.13]
	at org.junit.runners.ParentRunner.run(ParentRunner.java:413) [junit-4.13.jar:4.13]
	at org.eclipse.jdt.internal.junit4.runner.JUnit4TestReference.run(JUnit4TestReference.java:93) [.cp/:?]
	at org.eclipse.jdt.internal.junit.runner.TestExecution.run(TestExecution.java:40) [.cp/:?]
	at org.eclipse.jdt.internal.junit.runner.RemoteTestRunner.runTests(RemoteTestRunner.java:530) [.cp/:?]
	at org.eclipse.jdt.internal.junit.runner.RemoteTestRunner.runTests(RemoteTestRunner.java:758) [.cp/:?]
	at org.eclipse.jdt.internal.junit.runner.RemoteTestRunner.run(RemoteTestRunner.java:453) [.cp/:?]
	at org.eclipse.jdt.internal.junit.runner.RemoteTestRunner.main(RemoteTestRunner.java:211) [.cp/:?]
2025-12-30 03:20:49 INFO  === END   tests.productCardsTests.ProductCardElementsTests.cardValidation[Exp#2 [f1=1, f2=1, f3=2, f4=2, f5=2, f6=2, f7=2, f8=2]] ===
2025-12-30 03:20:49 INFO  === START tests.productCardsTests.ProductCardElementsTests.cardValidation[Exp#3 [f1=1, f2=1, f3=3, f4=3, f5=3, f6=3, f7=3, f8=3]] ===
2025-12-30 03:20:49 INFO  STEP: 📝 New input: Filling form fields.
2025-12-30 03:20:52 INFO  STEP: Card #1 have a Thumbnail
2025-12-30 03:20:52 INFO  STEP: Card #1 have a Title: Samsung Galaxy Tab White
2025-12-30 03:20:53 INFO  STEP: Card #1 have a Description: The Samsung Galaxy Tab in White is a sleek and versatile Android tablet. With a vibrant display, long-lasting battery, and a range of features, it offers a great user experience for various tasks.
2025-12-30 03:20:53 INFO  STEP: Card #1 have a Price: 349.99
2025-12-30 03:20:53 INFO  STEP PASS: Card #1 should have Rating (card rating: 3.7
(4 reviews)
2025-12-30 03:20:53 INFO  STEP PASS: Card #1 dont have a Additional Images Button
2025-12-30 03:20:53 ERROR STEP FAIL: Card #1 should have all the components
2025-12-30 03:20:53 ERROR === FAIL  tests.productCardsTests.ProductCardElementsTests.cardValidation[Exp#3 [f1=1, f2=1, f3=3, f4=3, f5=3, f6=3, f7=3, f8=3]] ===
java.lang.AssertionError: Card #1 should have all the components
	at org.junit.Assert.fail(Assert.java:89) ~[junit-4.13.jar:4.13]
	at org.junit.Assert.assertTrue(Assert.java:42) ~[junit-4.13.jar:4.13]
	at tests.BaseTest.checkTrue(BaseTest.java:92) ~[test-classes/:?]
	at tests.productCardsTests.ProductCardElementsTests.cardValidation(ProductCardElementsTests.java:61) ~[test-classes/:?]
	at jdk.internal.reflect.DirectMethodHandleAccessor.invoke(DirectMethodHandleAccessor.java:103) ~[?:?]
	at java.lang.reflect.Method.invoke(Method.java:580) ~[?:?]
	at org.junit.runners.model.FrameworkMethod$1.runReflectiveCall(FrameworkMethod.java:59) ~[junit-4.13.jar:4.13]
	at org.junit.internal.runners.model.ReflectiveCallable.run(ReflectiveCallable.java:12) ~[junit-4.13.jar:4.13]
	at org.junit.runners.model.FrameworkMethod.invokeExplosively(FrameworkMethod.java:56) ~[junit-4.13.jar:4.13]
	at org.junit.internal.runners.statements.InvokeMethod.evaluate(InvokeMethod.java:17) ~[junit-4.13.jar:4.13]
	at org.junit.internal.runners.statements.RunBefores.evaluate(RunBefores.java:26) ~[junit-4.13.jar:4.13]
	at org.junit.internal.runners.statements.RunAfters.evaluate(RunAfters.java:27) ~[junit-4.13.jar:4.13]
	at org.junit.rules.TestWatcher$1.evaluate(TestWatcher.java:61) [junit-4.13.jar:4.13]
	at org.junit.runners.ParentRunner$3.evaluate(ParentRunner.java:306) [junit-4.13.jar:4.13]
	at org.junit.runners.BlockJUnit4ClassRunner$1.evaluate(BlockJUnit4ClassRunner.java:100) [junit-4.13.jar:4.13]
	at org.junit.runners.ParentRunner.runLeaf(ParentRunner.java:366) [junit-4.13.jar:4.13]
	at org.junit.runners.BlockJUnit4ClassRunner.runChild(BlockJUnit4ClassRunner.java:103) [junit-4.13.jar:4.13]
	at org.junit.runners.BlockJUnit4ClassRunner.runChild(BlockJUnit4ClassRunner.java:63) [junit-4.13.jar:4.13]
	at org.junit.runners.ParentRunner$4.run(ParentRunner.java:331) [junit-4.13.jar:4.13]
	at org.junit.runners.ParentRunner$1.schedule(ParentRunner.java:79) [junit-4.13.jar:4.13]
	at org.junit.runners.ParentRunner.runChildren(ParentRunner.java:329) [junit-4.13.jar:4.13]
	at org.junit.runners.ParentRunner.access$100(ParentRunner.java:66) [junit-4.13.jar:4.13]
	at org.junit.runners.ParentRunner$2.evaluate(ParentRunner.java:293) [junit-4.13.jar:4.13]
	at org.junit.runners.ParentRunner.run(ParentRunner.java:413) [junit-4.13.jar:4.13]
	at org.junit.runners.Suite.runChild(Suite.java:128) [junit-4.13.jar:4.13]
	at org.junit.runners.Suite.runChild(Suite.java:27) [junit-4.13.jar:4.13]
	at org.junit.runners.ParentRunner$4.run(ParentRunner.java:331) [junit-4.13.jar:4.13]
	at org.junit.runners.ParentRunner$1.schedule(ParentRunner.java:79) [junit-4.13.jar:4.13]
	at org.junit.runners.ParentRunner.runChildren(ParentRunner.java:329) [junit-4.13.jar:4.13]
	at org.junit.runners.ParentRunner.access$100(ParentRunner.java:66) [junit-4.13.jar:4.13]
	at org.junit.runners.ParentRunner$2.evaluate(ParentRunner.java:293) [junit-4.13.jar:4.13]
	at org.junit.internal.runners.statements.RunAfters.evaluate(RunAfters.java:27) [junit-4.13.jar:4.13]
	at org.junit.runners.ParentRunner$3.evaluate(ParentRunner.java:306) [junit-4.13.jar:4.13]
	at org.junit.runners.ParentRunner.run(ParentRunner.java:413) [junit-4.13.jar:4.13]
	at org.eclipse.jdt.internal.junit4.runner.JUnit4TestReference.run(JUnit4TestReference.java:93) [.cp/:?]
	at org.eclipse.jdt.internal.junit.runner.TestExecution.run(TestExecution.java:40) [.cp/:?]
	at org.eclipse.jdt.internal.junit.runner.RemoteTestRunner.runTests(RemoteTestRunner.java:530) [.cp/:?]
	at org.eclipse.jdt.internal.junit.runner.RemoteTestRunner.runTests(RemoteTestRunner.java:758) [.cp/:?]
	at org.eclipse.jdt.internal.junit.runner.RemoteTestRunner.run(RemoteTestRunner.java:453) [.cp/:?]
	at org.eclipse.jdt.internal.junit.runner.RemoteTestRunner.main(RemoteTestRunner.java:211) [.cp/:?]
2025-12-30 03:20:53 INFO  === END   tests.productCardsTests.ProductCardElementsTests.cardValidation[Exp#3 [f1=1, f2=1, f3=3, f4=3, f5=3, f6=3, f7=3, f8=3]] ===
2025-12-30 03:20:53 INFO  === START tests.productCardsTests.ProductCardElementsTests.cardValidation[Exp#4 [f1=1, f2=2, f3=1, f4=1, f5=2, f6=2, f7=3, f8=3]] ===
2025-12-30 03:20:53 INFO  STEP: 📝 New input: Filling form fields.
2025-12-30 03:20:56 INFO  STEP: Card #1 have a Thumbnail
2025-12-30 03:20:56 INFO  STEP: Card #1 have a Title: Plant Pot
2025-12-30 03:20:56 INFO  STEP: Card #1 have a Description: The Plant Pot is a stylish container for your favorite plants. With a sleek design, it complements your indoor or outdoor garden, adding a modern touch to your plant display.
2025-12-30 03:20:56 INFO  STEP: Card #1 have a Price: 14.99
2025-12-30 03:20:57 INFO  STEP PASS: Card #1 should have Rating (card rating: 3.0
(4 reviews)
2025-12-30 03:20:57 INFO  STEP PASS: Card #1 dont have a Additional Images Button
2025-12-30 03:20:57 ERROR STEP FAIL: Card #1 should have all the components
2025-12-30 03:20:57 ERROR === FAIL  tests.productCardsTests.ProductCardElementsTests.cardValidation[Exp#4 [f1=1, f2=2, f3=1, f4=1, f5=2, f6=2, f7=3, f8=3]] ===
java.lang.AssertionError: Card #1 should have all the components
	at org.junit.Assert.fail(Assert.java:89) ~[junit-4.13.jar:4.13]
	at org.junit.Assert.assertTrue(Assert.java:42) ~[junit-4.13.jar:4.13]
	at tests.BaseTest.checkTrue(BaseTest.java:92) ~[test-classes/:?]
	at tests.productCardsTests.ProductCardElementsTests.cardValidation(ProductCardElementsTests.java:61) ~[test-classes/:?]
	at jdk.internal.reflect.DirectMethodHandleAccessor.invoke(DirectMethodHandleAccessor.java:103) ~[?:?]
	at java.lang.reflect.Method.invoke(Method.java:580) ~[?:?]
	at org.junit.runners.model.FrameworkMethod$1.runReflectiveCall(FrameworkMethod.java:59) ~[junit-4.13.jar:4.13]
	at org.junit.internal.runners.model.ReflectiveCallable.run(ReflectiveCallable.java:12) ~[junit-4.13.jar:4.13]
	at org.junit.runners.model.FrameworkMethod.invokeExplosively(FrameworkMethod.java:56) ~[junit-4.13.jar:4.13]
	at org.junit.internal.runners.statements.InvokeMethod.evaluate(InvokeMethod.java:17) ~[junit-4.13.jar:4.13]
	at org.junit.internal.runners.statements.RunBefores.evaluate(RunBefores.java:26) ~[junit-4.13.jar:4.13]
	at org.junit.internal.runners.statements.RunAfters.evaluate(RunAfters.java:27) ~[junit-4.13.jar:4.13]
	at org.junit.rules.TestWatcher$1.evaluate(TestWatcher.java:61) [junit-4.13.jar:4.13]
	at org.junit.runners.ParentRunner$3.evaluate(ParentRunner.java:306) [junit-4.13.jar:4.13]
	at org.junit.runners.BlockJUnit4ClassRunner$1.evaluate(BlockJUnit4ClassRunner.java:100) [junit-4.13.jar:4.13]
	at org.junit.runners.ParentRunner.runLeaf(ParentRunner.java:366) [junit-4.13.jar:4.13]
	at org.junit.runners.BlockJUnit4ClassRunner.runChild(BlockJUnit4ClassRunner.java:103) [junit-4.13.jar:4.13]
	at org.junit.runners.BlockJUnit4ClassRunner.runChild(BlockJUnit4ClassRunner.java:63) [junit-4.13.jar:4.13]
	at org.junit.runners.ParentRunner$4.run(ParentRunner.java:331) [junit-4.13.jar:4.13]
	at org.junit.runners.ParentRunner$1.schedule(ParentRunner.java:79) [junit-4.13.jar:4.13]
	at org.junit.runners.ParentRunner.runChildren(ParentRunner.java:329) [junit-4.13.jar:4.13]
	at org.junit.runners.ParentRunner.access$100(ParentRunner.java:66) [junit-4.13.jar:4.13]
	at org.junit.runners.ParentRunner$2.evaluate(ParentRunner.java:293) [junit-4.13.jar:4.13]
	at org.junit.runners.ParentRunner.run(ParentRunner.java:413) [junit-4.13.jar:4.13]
	at org.junit.runners.Suite.runChild(Suite.java:128) [junit-4.13.jar:4.13]
	at org.junit.runners.Suite.runChild(Suite.java:27) [junit-4.13.jar:4.13]
	at org.junit.runners.ParentRunner$4.run(ParentRunner.java:331) [junit-4.13.jar:4.13]
	at org.junit.runners.ParentRunner$1.schedule(ParentRunner.java:79) [junit-4.13.jar:4.13]
	at org.junit.runners.ParentRunner.runChildren(ParentRunner.java:329) [junit-4.13.jar:4.13]
	at org.junit.runners.ParentRunner.access$100(ParentRunner.java:66) [junit-4.13.jar:4.13]
	at org.junit.runners.ParentRunner$2.evaluate(ParentRunner.java:293) [junit-4.13.jar:4.13]
	at org.junit.internal.runners.statements.RunAfters.evaluate(RunAfters.java:27) [junit-4.13.jar:4.13]
	at org.junit.runners.ParentRunner$3.evaluate(ParentRunner.java:306) [junit-4.13.jar:4.13]
	at org.junit.runners.ParentRunner.run(ParentRunner.java:413) [junit-4.13.jar:4.13]
	at org.eclipse.jdt.internal.junit4.runner.JUnit4TestReference.run(JUnit4TestReference.java:93) [.cp/:?]
	at org.eclipse.jdt.internal.junit.runner.TestExecution.run(TestExecution.java:40) [.cp/:?]
	at org.eclipse.jdt.internal.junit.runner.RemoteTestRunner.runTests(RemoteTestRunner.java:530) [.cp/:?]
	at org.eclipse.jdt.internal.junit.runner.RemoteTestRunner.runTests(RemoteTestRunner.java:758) [.cp/:?]
	at org.eclipse.jdt.internal.junit.runner.RemoteTestRunner.run(RemoteTestRunner.java:453) [.cp/:?]
	at org.eclipse.jdt.internal.junit.runner.RemoteTestRunner.main(RemoteTestRunner.java:211) [.cp/:?]
2025-12-30 03:20:57 INFO  === END   tests.productCardsTests.ProductCardElementsTests.cardValidation[Exp#4 [f1=1, f2=2, f3=1, f4=1, f5=2, f6=2, f7=3, f8=3]] ===
2025-12-30 03:20:57 INFO  === START tests.productCardsTests.ProductCardElementsTests.cardValidation[Exp#5 [f1=1, f2=2, f3=2, f4=2, f5=3, f6=3, f7=1, f8=1]] ===
2025-12-30 03:20:57 INFO  STEP: 📝 New input: Filling form fields.
2025-12-30 03:21:00 INFO  STEP: Card #1 have a Thumbnail
2025-12-30 03:21:00 INFO  STEP: Card #1 have a Title: Black Aluminium Cup
2025-12-30 03:21:00 INFO  STEP: Card #1 have a Description: The Black Aluminium Cup is a stylish and durable cup suitable for both hot and cold beverages. Its sleek black design adds a modern touch to your drinkware collection.
2025-12-30 03:21:00 INFO  STEP: Card #1 have a Price: 5.99
2025-12-30 03:21:00 INFO  STEP PASS: Card #1 should have Rating (card rating: 4.5
(4 reviews)
2025-12-30 03:21:00 INFO  STEP PASS: Card #1 dont have a Additional Images Button
2025-12-30 03:21:00 ERROR STEP FAIL: Card #1 should have all the components
2025-12-30 03:21:00 ERROR === FAIL  tests.productCardsTests.ProductCardElementsTests.cardValidation[Exp#5 [f1=1, f2=2, f3=2, f4=2, f5=3, f6=3, f7=1, f8=1]] ===
java.lang.AssertionError: Card #1 should have all the components
	at org.junit.Assert.fail(Assert.java:89) ~[junit-4.13.jar:4.13]
	at org.junit.Assert.assertTrue(Assert.java:42) ~[junit-4.13.jar:4.13]
	at tests.BaseTest.checkTrue(BaseTest.java:92) ~[test-classes/:?]
	at tests.productCardsTests.ProductCardElementsTests.cardValidation(ProductCardElementsTests.java:61) ~[test-classes/:?]
	at jdk.internal.reflect.DirectMethodHandleAccessor.invoke(DirectMethodHandleAccessor.java:103) ~[?:?]
	at java.lang.reflect.Method.invoke(Method.java:580) ~[?:?]
	at org.junit.runners.model.FrameworkMethod$1.runReflectiveCall(FrameworkMethod.java:59) ~[junit-4.13.jar:4.13]
	at org.junit.internal.runners.model.ReflectiveCallable.run(ReflectiveCallable.java:12) ~[junit-4.13.jar:4.13]
	at org.junit.runners.model.FrameworkMethod.invokeExplosively(FrameworkMethod.java:56) ~[junit-4.13.jar:4.13]
	at org.junit.internal.runners.statements.InvokeMethod.evaluate(InvokeMethod.java:17) ~[junit-4.13.jar:4.13]
	at org.junit.internal.runners.statements.RunBefores.evaluate(RunBefores.java:26) ~[junit-4.13.jar:4.13]
	at org.junit.internal.runners.statements.RunAfters.evaluate(RunAfters.java:27) ~[junit-4.13.jar:4.13]
	at org.junit.rules.TestWatcher$1.evaluate(TestWatcher.java:61) [junit-4.13.jar:4.13]
	at org.junit.runners.ParentRunner$3.evaluate(ParentRunner.java:306) [junit-4.13.jar:4.13]
	at org.junit.runners.BlockJUnit4ClassRunner$1.evaluate(BlockJUnit4ClassRunner.java:100) [junit-4.13.jar:4.13]
	at org.junit.runners.ParentRunner.runLeaf(ParentRunner.java:366) [junit-4.13.jar:4.13]
	at org.junit.runners.BlockJUnit4ClassRunner.runChild(BlockJUnit4ClassRunner.java:103) [junit-4.13.jar:4.13]
	at org.junit.runners.BlockJUnit4ClassRunner.runChild(BlockJUnit4ClassRunner.java:63) [junit-4.13.jar:4.13]
	at org.junit.runners.ParentRunner$4.run(ParentRunner.java:331) [junit-4.13.jar:4.13]
	at org.junit.runners.ParentRunner$1.schedule(ParentRunner.java:79) [junit-4.13.jar:4.13]
	at org.junit.runners.ParentRunner.runChildren(ParentRunner.java:329) [junit-4.13.jar:4.13]
	at org.junit.runners.ParentRunner.access$100(ParentRunner.java:66) [junit-4.13.jar:4.13]
	at org.junit.runners.ParentRunner$2.evaluate(ParentRunner.java:293) [junit-4.13.jar:4.13]
	at org.junit.runners.ParentRunner.run(ParentRunner.java:413) [junit-4.13.jar:4.13]
	at org.junit.runners.Suite.runChild(Suite.java:128) [junit-4.13.jar:4.13]
	at org.junit.runners.Suite.runChild(Suite.java:27) [junit-4.13.jar:4.13]
	at org.junit.runners.ParentRunner$4.run(ParentRunner.java:331) [junit-4.13.jar:4.13]
	at org.junit.runners.ParentRunner$1.schedule(ParentRunner.java:79) [junit-4.13.jar:4.13]
	at org.junit.runners.ParentRunner.runChildren(ParentRunner.java:329) [junit-4.13.jar:4.13]
	at org.junit.runners.ParentRunner.access$100(ParentRunner.java:66) [junit-4.13.jar:4.13]
	at org.junit.runners.ParentRunner$2.evaluate(ParentRunner.java:293) [junit-4.13.jar:4.13]
	at org.junit.internal.runners.statements.RunAfters.evaluate(RunAfters.java:27) [junit-4.13.jar:4.13]
	at org.junit.runners.ParentRunner$3.evaluate(ParentRunner.java:306) [junit-4.13.jar:4.13]
	at org.junit.runners.ParentRunner.run(ParentRunner.java:413) [junit-4.13.jar:4.13]
	at org.eclipse.jdt.internal.junit4.runner.JUnit4TestReference.run(JUnit4TestReference.java:93) [.cp/:?]
	at org.eclipse.jdt.internal.junit.runner.TestExecution.run(TestExecution.java:40) [.cp/:?]
	at org.eclipse.jdt.internal.junit.runner.RemoteTestRunner.runTests(RemoteTestRunner.java:530) [.cp/:?]
	at org.eclipse.jdt.internal.junit.runner.RemoteTestRunner.runTests(RemoteTestRunner.java:758) [.cp/:?]
	at org.eclipse.jdt.internal.junit.runner.RemoteTestRunner.run(RemoteTestRunner.java:453) [.cp/:?]
	at org.eclipse.jdt.internal.junit.runner.RemoteTestRunner.main(RemoteTestRunner.java:211) [.cp/:?]
2025-12-30 03:21:00 INFO  === END   tests.productCardsTests.ProductCardElementsTests.cardValidation[Exp#5 [f1=1, f2=2, f3=2, f4=2, f5=3, f6=3, f7=1, f8=1]] ===
2025-12-30 03:21:00 INFO  === START tests.productCardsTests.ProductCardElementsTests.cardValidation[Exp#6 [f1=1, f2=2, f3=3, f4=3, f5=1, f6=1, f7=2, f8=2]] ===
2025-12-30 03:21:00 INFO  STEP: 📝 New input: Filling form fields.
2025-12-30 03:21:04 INFO  STEP: Card #1 have a Thumbnail
2025-12-30 03:21:04 INFO  STEP: Card #1 have a Title: Baseball Ball
2025-12-30 03:21:04 INFO  STEP: Card #1 have a Description: The Baseball Ball is a standard baseball used in baseball games. It features a durable leather cover and is designed for pitching, hitting, and fielding in the game of baseball.
2025-12-30 03:21:04 INFO  STEP: Card #1 have a Price: 8.99
2025-12-30 03:21:04 INFO  STEP PASS: Card #1 should have Rating (card rating: 2.6
(4 reviews)
2025-12-30 03:21:04 INFO  STEP PASS: Card #1 dont have a Additional Images Button
2025-12-30 03:21:04 ERROR STEP FAIL: Card #1 should have all the components
2025-12-30 03:21:04 ERROR === FAIL  tests.productCardsTests.ProductCardElementsTests.cardValidation[Exp#6 [f1=1, f2=2, f3=3, f4=3, f5=1, f6=1, f7=2, f8=2]] ===
java.lang.AssertionError: Card #1 should have all the components
	at org.junit.Assert.fail(Assert.java:89) ~[junit-4.13.jar:4.13]
	at org.junit.Assert.assertTrue(Assert.java:42) ~[junit-4.13.jar:4.13]
	at tests.BaseTest.checkTrue(BaseTest.java:92) ~[test-classes/:?]
	at tests.productCardsTests.ProductCardElementsTests.cardValidation(ProductCardElementsTests.java:61) ~[test-classes/:?]
	at jdk.internal.reflect.DirectMethodHandleAccessor.invoke(DirectMethodHandleAccessor.java:103) ~[?:?]
	at java.lang.reflect.Method.invoke(Method.java:580) ~[?:?]
	at org.junit.runners.model.FrameworkMethod$1.runReflectiveCall(FrameworkMethod.java:59) ~[junit-4.13.jar:4.13]
	at org.junit.internal.runners.model.ReflectiveCallable.run(ReflectiveCallable.java:12) ~[junit-4.13.jar:4.13]
	at org.junit.runners.model.FrameworkMethod.invokeExplosively(FrameworkMethod.java:56) ~[junit-4.13.jar:4.13]
	at org.junit.internal.runners.statements.InvokeMethod.evaluate(InvokeMethod.java:17) ~[junit-4.13.jar:4.13]
	at org.junit.internal.runners.statements.RunBefores.evaluate(RunBefores.java:26) ~[junit-4.13.jar:4.13]
	at org.junit.internal.runners.statements.RunAfters.evaluate(RunAfters.java:27) ~[junit-4.13.jar:4.13]
	at org.junit.rules.TestWatcher$1.evaluate(TestWatcher.java:61) [junit-4.13.jar:4.13]
	at org.junit.runners.ParentRunner$3.evaluate(ParentRunner.java:306) [junit-4.13.jar:4.13]
	at org.junit.runners.BlockJUnit4ClassRunner$1.evaluate(BlockJUnit4ClassRunner.java:100) [junit-4.13.jar:4.13]
	at org.junit.runners.ParentRunner.runLeaf(ParentRunner.java:366) [junit-4.13.jar:4.13]
	at org.junit.runners.BlockJUnit4ClassRunner.runChild(BlockJUnit4ClassRunner.java:103) [junit-4.13.jar:4.13]
	at org.junit.runners.BlockJUnit4ClassRunner.runChild(BlockJUnit4ClassRunner.java:63) [junit-4.13.jar:4.13]
	at org.junit.runners.ParentRunner$4.run(ParentRunner.java:331) [junit-4.13.jar:4.13]
	at org.junit.runners.ParentRunner$1.schedule(ParentRunner.java:79) [junit-4.13.jar:4.13]
	at org.junit.runners.ParentRunner.runChildren(ParentRunner.java:329) [junit-4.13.jar:4.13]
	at org.junit.runners.ParentRunner.access$100(ParentRunner.java:66) [junit-4.13.jar:4.13]
	at org.junit.runners.ParentRunner$2.evaluate(ParentRunner.java:293) [junit-4.13.jar:4.13]
	at org.junit.runners.ParentRunner.run(ParentRunner.java:413) [junit-4.13.jar:4.13]
	at org.junit.runners.Suite.runChild(Suite.java:128) [junit-4.13.jar:4.13]
	at org.junit.runners.Suite.runChild(Suite.java:27) [junit-4.13.jar:4.13]
	at org.junit.runners.ParentRunner$4.run(ParentRunner.java:331) [junit-4.13.jar:4.13]
	at org.junit.runners.ParentRunner$1.schedule(ParentRunner.java:79) [junit-4.13.jar:4.13]
	at org.junit.runners.ParentRunner.runChildren(ParentRunner.java:329) [junit-4.13.jar:4.13]
	at org.junit.runners.ParentRunner.access$100(ParentRunner.java:66) [junit-4.13.jar:4.13]
	at org.junit.runners.ParentRunner$2.evaluate(ParentRunner.java:293) [junit-4.13.jar:4.13]
	at org.junit.internal.runners.statements.RunAfters.evaluate(RunAfters.java:27) [junit-4.13.jar:4.13]
	at org.junit.runners.ParentRunner$3.evaluate(ParentRunner.java:306) [junit-4.13.jar:4.13]
	at org.junit.runners.ParentRunner.run(ParentRunner.java:413) [junit-4.13.jar:4.13]
	at org.eclipse.jdt.internal.junit4.runner.JUnit4TestReference.run(JUnit4TestReference.java:93) [.cp/:?]
	at org.eclipse.jdt.internal.junit.runner.TestExecution.run(TestExecution.java:40) [.cp/:?]
	at org.eclipse.jdt.internal.junit.runner.RemoteTestRunner.runTests(RemoteTestRunner.java:530) [.cp/:?]
	at org.eclipse.jdt.internal.junit.runner.RemoteTestRunner.runTests(RemoteTestRunner.java:758) [.cp/:?]
	at org.eclipse.jdt.internal.junit.runner.RemoteTestRunner.run(RemoteTestRunner.java:453) [.cp/:?]
	at org.eclipse.jdt.internal.junit.runner.RemoteTestRunner.main(RemoteTestRunner.java:211) [.cp/:?]
2025-12-30 03:21:04 INFO  === END   tests.productCardsTests.ProductCardElementsTests.cardValidation[Exp#6 [f1=1, f2=2, f3=3, f4=3, f5=1, f6=1, f7=2, f8=2]] ===
2025-12-30 03:21:04 INFO  === START tests.productCardsTests.ProductCardElementsTests.cardValidation[Exp#7 [f1=1, f2=3, f3=1, f4=2, f5=1, f6=3, f7=2, f8=3]] ===
2025-12-30 03:21:04 INFO  STEP: 📝 New input: Filling form fields.
2025-12-30 03:21:08 INFO  STEP: Card #1 have a Thumbnail
2025-12-30 03:21:08 INFO  STEP: Card #1 have a Title: Baseball Ball
2025-12-30 03:21:08 INFO  STEP: Card #1 have a Description: The Baseball Ball is a standard baseball used in baseball games. It features a durable leather cover and is designed for pitching, hitting, and fielding in the game of baseball.
2025-12-30 03:21:08 INFO  STEP: Card #1 have a Price: 8.99
2025-12-30 03:21:08 INFO  STEP PASS: Card #1 should have Rating (card rating: 2.6
(4 reviews)
2025-12-30 03:21:08 INFO  STEP PASS: Card #1 dont have a Additional Images Button
2025-12-30 03:21:08 ERROR STEP FAIL: Card #1 should have all the components
2025-12-30 03:21:08 ERROR === FAIL  tests.productCardsTests.ProductCardElementsTests.cardValidation[Exp#7 [f1=1, f2=3, f3=1, f4=2, f5=1, f6=3, f7=2, f8=3]] ===
java.lang.AssertionError: Card #1 should have all the components
	at org.junit.Assert.fail(Assert.java:89) ~[junit-4.13.jar:4.13]
	at org.junit.Assert.assertTrue(Assert.java:42) ~[junit-4.13.jar:4.13]
	at tests.BaseTest.checkTrue(BaseTest.java:92) ~[test-classes/:?]
	at tests.productCardsTests.ProductCardElementsTests.cardValidation(ProductCardElementsTests.java:61) ~[test-classes/:?]
	at jdk.internal.reflect.DirectMethodHandleAccessor.invoke(DirectMethodHandleAccessor.java:103) ~[?:?]
	at java.lang.reflect.Method.invoke(Method.java:580) ~[?:?]
	at org.junit.runners.model.FrameworkMethod$1.runReflectiveCall(FrameworkMethod.java:59) ~[junit-4.13.jar:4.13]
	at org.junit.internal.runners.model.ReflectiveCallable.run(ReflectiveCallable.java:12) ~[junit-4.13.jar:4.13]
	at org.junit.runners.model.FrameworkMethod.invokeExplosively(FrameworkMethod.java:56) ~[junit-4.13.jar:4.13]
	at org.junit.internal.runners.statements.InvokeMethod.evaluate(InvokeMethod.java:17) ~[junit-4.13.jar:4.13]
	at org.junit.internal.runners.statements.RunBefores.evaluate(RunBefores.java:26) ~[junit-4.13.jar:4.13]
	at org.junit.internal.runners.statements.RunAfters.evaluate(RunAfters.java:27) ~[junit-4.13.jar:4.13]
	at org.junit.rules.TestWatcher$1.evaluate(TestWatcher.java:61) [junit-4.13.jar:4.13]
	at org.junit.runners.ParentRunner$3.evaluate(ParentRunner.java:306) [junit-4.13.jar:4.13]
	at org.junit.runners.BlockJUnit4ClassRunner$1.evaluate(BlockJUnit4ClassRunner.java:100) [junit-4.13.jar:4.13]
	at org.junit.runners.ParentRunner.runLeaf(ParentRunner.java:366) [junit-4.13.jar:4.13]
	at org.junit.runners.BlockJUnit4ClassRunner.runChild(BlockJUnit4ClassRunner.java:103) [junit-4.13.jar:4.13]
	at org.junit.runners.BlockJUnit4ClassRunner.runChild(BlockJUnit4ClassRunner.java:63) [junit-4.13.jar:4.13]
	at org.junit.runners.ParentRunner$4.run(ParentRunner.java:331) [junit-4.13.jar:4.13]
	at org.junit.runners.ParentRunner$1.schedule(ParentRunner.java:79) [junit-4.13.jar:4.13]
	at org.junit.runners.ParentRunner.runChildren(ParentRunner.java:329) [junit-4.13.jar:4.13]
	at org.junit.runners.ParentRunner.access$100(ParentRunner.java:66) [junit-4.13.jar:4.13]
	at org.junit.runners.ParentRunner$2.evaluate(ParentRunner.java:293) [junit-4.13.jar:4.13]
	at org.junit.runners.ParentRunner.run(ParentRunner.java:413) [junit-4.13.jar:4.13]
	at org.junit.runners.Suite.runChild(Suite.java:128) [junit-4.13.jar:4.13]
	at org.junit.runners.Suite.runChild(Suite.java:27) [junit-4.13.jar:4.13]
	at org.junit.runners.ParentRunner$4.run(ParentRunner.java:331) [junit-4.13.jar:4.13]
	at org.junit.runners.ParentRunner$1.schedule(ParentRunner.java:79) [junit-4.13.jar:4.13]
	at org.junit.runners.ParentRunner.runChildren(ParentRunner.java:329) [junit-4.13.jar:4.13]
	at org.junit.runners.ParentRunner.access$100(ParentRunner.java:66) [junit-4.13.jar:4.13]
	at org.junit.runners.ParentRunner$2.evaluate(ParentRunner.java:293) [junit-4.13.jar:4.13]
	at org.junit.internal.runners.statements.RunAfters.evaluate(RunAfters.java:27) [junit-4.13.jar:4.13]
	at org.junit.runners.ParentRunner$3.evaluate(ParentRunner.java:306) [junit-4.13.jar:4.13]
	at org.junit.runners.ParentRunner.run(ParentRunner.java:413) [junit-4.13.jar:4.13]
	at org.eclipse.jdt.internal.junit4.runner.JUnit4TestReference.run(JUnit4TestReference.java:93) [.cp/:?]
	at org.eclipse.jdt.internal.junit.runner.TestExecution.run(TestExecution.java:40) [.cp/:?]
	at org.eclipse.jdt.internal.junit.runner.RemoteTestRunner.runTests(RemoteTestRunner.java:530) [.cp/:?]
	at org.eclipse.jdt.internal.junit.runner.RemoteTestRunner.runTests(RemoteTestRunner.java:758) [.cp/:?]
	at org.eclipse.jdt.internal.junit.runner.RemoteTestRunner.run(RemoteTestRunner.java:453) [.cp/:?]
	at org.eclipse.jdt.internal.junit.runner.RemoteTestRunner.main(RemoteTestRunner.java:211) [.cp/:?]
2025-12-30 03:21:08 INFO  === END   tests.productCardsTests.ProductCardElementsTests.cardValidation[Exp#7 [f1=1, f2=3, f3=1, f4=2, f5=1, f6=3, f7=2, f8=3]] ===
2025-12-30 03:21:08 INFO  === START tests.productCardsTests.ProductCardElementsTests.cardValidation[Exp#8 [f1=1, f2=3, f3=2, f4=3, f5=2, f6=1, f7=3, f8=1]] ===
2025-12-30 03:21:08 INFO  STEP: 📝 New input: Filling form fields.
2025-12-30 03:21:11 INFO  STEP: Card #1 have a Thumbnail
2025-12-30 03:21:11 INFO  STEP: Card #1 have a Title: iPhone 5s
2025-12-30 03:21:11 INFO  STEP: Card #1 have a Description: The iPhone 5s is a classic smartphone known for its compact design and advanced features during its release. While it's an older model, it still provides a reliable user experience.
2025-12-30 03:21:11 INFO  STEP: Card #1 have a Price: 199.99
2025-12-30 03:21:12 INFO  STEP PASS: Card #1 should have Rating (card rating: 2.8
(4 reviews)
2025-12-30 03:21:12 INFO  STEP PASS: Card #1 dont have a Additional Images Button
2025-12-30 03:21:12 ERROR STEP FAIL: Card #1 should have all the components
2025-12-30 03:21:12 ERROR === FAIL  tests.productCardsTests.ProductCardElementsTests.cardValidation[Exp#8 [f1=1, f2=3, f3=2, f4=3, f5=2, f6=1, f7=3, f8=1]] ===
java.lang.AssertionError: Card #1 should have all the components
	at org.junit.Assert.fail(Assert.java:89) ~[junit-4.13.jar:4.13]
	at org.junit.Assert.assertTrue(Assert.java:42) ~[junit-4.13.jar:4.13]
	at tests.BaseTest.checkTrue(BaseTest.java:92) ~[test-classes/:?]
	at tests.productCardsTests.ProductCardElementsTests.cardValidation(ProductCardElementsTests.java:61) ~[test-classes/:?]
	at jdk.internal.reflect.DirectMethodHandleAccessor.invoke(DirectMethodHandleAccessor.java:103) ~[?:?]
	at java.lang.reflect.Method.invoke(Method.java:580) ~[?:?]
	at org.junit.runners.model.FrameworkMethod$1.runReflectiveCall(FrameworkMethod.java:59) ~[junit-4.13.jar:4.13]
	at org.junit.internal.runners.model.ReflectiveCallable.run(ReflectiveCallable.java:12) ~[junit-4.13.jar:4.13]
	at org.junit.runners.model.FrameworkMethod.invokeExplosively(FrameworkMethod.java:56) ~[junit-4.13.jar:4.13]
	at org.junit.internal.runners.statements.InvokeMethod.evaluate(InvokeMethod.java:17) ~[junit-4.13.jar:4.13]
	at org.junit.internal.runners.statements.RunBefores.evaluate(RunBefores.java:26) ~[junit-4.13.jar:4.13]
	at org.junit.internal.runners.statements.RunAfters.evaluate(RunAfters.java:27) ~[junit-4.13.jar:4.13]
	at org.junit.rules.TestWatcher$1.evaluate(TestWatcher.java:61) [junit-4.13.jar:4.13]
	at org.junit.runners.ParentRunner$3.evaluate(ParentRunner.java:306) [junit-4.13.jar:4.13]
	at org.junit.runners.BlockJUnit4ClassRunner$1.evaluate(BlockJUnit4ClassRunner.java:100) [junit-4.13.jar:4.13]
	at org.junit.runners.ParentRunner.runLeaf(ParentRunner.java:366) [junit-4.13.jar:4.13]
	at org.junit.runners.BlockJUnit4ClassRunner.runChild(BlockJUnit4ClassRunner.java:103) [junit-4.13.jar:4.13]
	at org.junit.runners.BlockJUnit4ClassRunner.runChild(BlockJUnit4ClassRunner.java:63) [junit-4.13.jar:4.13]
	at org.junit.runners.ParentRunner$4.run(ParentRunner.java:331) [junit-4.13.jar:4.13]
	at org.junit.runners.ParentRunner$1.schedule(ParentRunner.java:79) [junit-4.13.jar:4.13]
	at org.junit.runners.ParentRunner.runChildren(ParentRunner.java:329) [junit-4.13.jar:4.13]
	at org.junit.runners.ParentRunner.access$100(ParentRunner.java:66) [junit-4.13.jar:4.13]
	at org.junit.runners.ParentRunner$2.evaluate(ParentRunner.java:293) [junit-4.13.jar:4.13]
	at org.junit.runners.ParentRunner.run(ParentRunner.java:413) [junit-4.13.jar:4.13]
	at org.junit.runners.Suite.runChild(Suite.java:128) [junit-4.13.jar:4.13]
	at org.junit.runners.Suite.runChild(Suite.java:27) [junit-4.13.jar:4.13]
	at org.junit.runners.ParentRunner$4.run(ParentRunner.java:331) [junit-4.13.jar:4.13]
	at org.junit.runners.ParentRunner$1.schedule(ParentRunner.java:79) [junit-4.13.jar:4.13]
	at org.junit.runners.ParentRunner.runChildren(ParentRunner.java:329) [junit-4.13.jar:4.13]
	at org.junit.runners.ParentRunner.access$100(ParentRunner.java:66) [junit-4.13.jar:4.13]
	at org.junit.runners.ParentRunner$2.evaluate(ParentRunner.java:293) [junit-4.13.jar:4.13]
	at org.junit.internal.runners.statements.RunAfters.evaluate(RunAfters.java:27) [junit-4.13.jar:4.13]
	at org.junit.runners.ParentRunner$3.evaluate(ParentRunner.java:306) [junit-4.13.jar:4.13]
	at org.junit.runners.ParentRunner.run(ParentRunner.java:413) [junit-4.13.jar:4.13]
	at org.eclipse.jdt.internal.junit4.runner.JUnit4TestReference.run(JUnit4TestReference.java:93) [.cp/:?]
	at org.eclipse.jdt.internal.junit.runner.TestExecution.run(TestExecution.java:40) [.cp/:?]
	at org.eclipse.jdt.internal.junit.runner.RemoteTestRunner.runTests(RemoteTestRunner.java:530) [.cp/:?]
	at org.eclipse.jdt.internal.junit.runner.RemoteTestRunner.runTests(RemoteTestRunner.java:758) [.cp/:?]
	at org.eclipse.jdt.internal.junit.runner.RemoteTestRunner.run(RemoteTestRunner.java:453) [.cp/:?]
	at org.eclipse.jdt.internal.junit.runner.RemoteTestRunner.main(RemoteTestRunner.java:211) [.cp/:?]
2025-12-30 03:21:12 INFO  === END   tests.productCardsTests.ProductCardElementsTests.cardValidation[Exp#8 [f1=1, f2=3, f3=2, f4=3, f5=2, f6=1, f7=3, f8=1]] ===
2025-12-30 03:21:12 INFO  === START tests.productCardsTests.ProductCardElementsTests.cardValidation[Exp#9 [f1=1, f2=3, f3=3, f4=1, f5=3, f6=2, f7=1, f8=2]] ===
2025-12-30 03:21:12 INFO  STEP: 📝 New input: Filling form fields.
2025-12-30 03:21:15 INFO  STEP: Card #1 have a Thumbnail
2025-12-30 03:21:15 INFO  STEP: Card #1 have a Title: Baseball Ball
2025-12-30 03:21:15 INFO  STEP: Card #1 have a Description: The Baseball Ball is a standard baseball used in baseball games. It features a durable leather cover and is designed for pitching, hitting, and fielding in the game of baseball.
2025-12-30 03:21:15 INFO  STEP: Card #1 have a Price: 8.99
2025-12-30 03:21:15 INFO  STEP PASS: Card #1 should have Rating (card rating: 2.6
(4 reviews)
2025-12-30 03:21:15 INFO  STEP PASS: Card #1 dont have a Additional Images Button
2025-12-30 03:21:15 ERROR STEP FAIL: Card #1 should have all the components
2025-12-30 03:21:15 ERROR === FAIL  tests.productCardsTests.ProductCardElementsTests.cardValidation[Exp#9 [f1=1, f2=3, f3=3, f4=1, f5=3, f6=2, f7=1, f8=2]] ===
java.lang.AssertionError: Card #1 should have all the components
	at org.junit.Assert.fail(Assert.java:89) ~[junit-4.13.jar:4.13]
	at org.junit.Assert.assertTrue(Assert.java:42) ~[junit-4.13.jar:4.13]
	at tests.BaseTest.checkTrue(BaseTest.java:92) ~[test-classes/:?]
	at tests.productCardsTests.ProductCardElementsTests.cardValidation(ProductCardElementsTests.java:61) ~[test-classes/:?]
	at jdk.internal.reflect.DirectMethodHandleAccessor.invoke(DirectMethodHandleAccessor.java:103) ~[?:?]
	at java.lang.reflect.Method.invoke(Method.java:580) ~[?:?]
	at org.junit.runners.model.FrameworkMethod$1.runReflectiveCall(FrameworkMethod.java:59) ~[junit-4.13.jar:4.13]
	at org.junit.internal.runners.model.ReflectiveCallable.run(ReflectiveCallable.java:12) ~[junit-4.13.jar:4.13]
	at org.junit.runners.model.FrameworkMethod.invokeExplosively(FrameworkMethod.java:56) ~[junit-4.13.jar:4.13]
	at org.junit.internal.runners.statements.InvokeMethod.evaluate(InvokeMethod.java:17) ~[junit-4.13.jar:4.13]
	at org.junit.internal.runners.statements.RunBefores.evaluate(RunBefores.java:26) ~[junit-4.13.jar:4.13]
	at org.junit.internal.runners.statements.RunAfters.evaluate(RunAfters.java:27) ~[junit-4.13.jar:4.13]
	at org.junit.rules.TestWatcher$1.evaluate(TestWatcher.java:61) [junit-4.13.jar:4.13]
	at org.junit.runners.ParentRunner$3.evaluate(ParentRunner.java:306) [junit-4.13.jar:4.13]
	at org.junit.runners.BlockJUnit4ClassRunner$1.evaluate(BlockJUnit4ClassRunner.java:100) [junit-4.13.jar:4.13]
	at org.junit.runners.ParentRunner.runLeaf(ParentRunner.java:366) [junit-4.13.jar:4.13]
	at org.junit.runners.BlockJUnit4ClassRunner.runChild(BlockJUnit4ClassRunner.java:103) [junit-4.13.jar:4.13]
	at org.junit.runners.BlockJUnit4ClassRunner.runChild(BlockJUnit4ClassRunner.java:63) [junit-4.13.jar:4.13]
	at org.junit.runners.ParentRunner$4.run(ParentRunner.java:331) [junit-4.13.jar:4.13]
	at org.junit.runners.ParentRunner$1.schedule(ParentRunner.java:79) [junit-4.13.jar:4.13]
	at org.junit.runners.ParentRunner.runChildren(ParentRunner.java:329) [junit-4.13.jar:4.13]
	at org.junit.runners.ParentRunner.access$100(ParentRunner.java:66) [junit-4.13.jar:4.13]
	at org.junit.runners.ParentRunner$2.evaluate(ParentRunner.java:293) [junit-4.13.jar:4.13]
	at org.junit.runners.ParentRunner.run(ParentRunner.java:413) [junit-4.13.jar:4.13]
	at org.junit.runners.Suite.runChild(Suite.java:128) [junit-4.13.jar:4.13]
	at org.junit.runners.Suite.runChild(Suite.java:27) [junit-4.13.jar:4.13]
	at org.junit.runners.ParentRunner$4.run(ParentRunner.java:331) [junit-4.13.jar:4.13]
	at org.junit.runners.ParentRunner$1.schedule(ParentRunner.java:79) [junit-4.13.jar:4.13]
	at org.junit.runners.ParentRunner.runChildren(ParentRunner.java:329) [junit-4.13.jar:4.13]
	at org.junit.runners.ParentRunner.access$100(ParentRunner.java:66) [junit-4.13.jar:4.13]
	at org.junit.runners.ParentRunner$2.evaluate(ParentRunner.java:293) [junit-4.13.jar:4.13]
	at org.junit.internal.runners.statements.RunAfters.evaluate(RunAfters.java:27) [junit-4.13.jar:4.13]
	at org.junit.runners.ParentRunner$3.evaluate(ParentRunner.java:306) [junit-4.13.jar:4.13]
	at org.junit.runners.ParentRunner.run(ParentRunner.java:413) [junit-4.13.jar:4.13]
	at org.eclipse.jdt.internal.junit4.runner.JUnit4TestReference.run(JUnit4TestReference.java:93) [.cp/:?]
	at org.eclipse.jdt.internal.junit.runner.TestExecution.run(TestExecution.java:40) [.cp/:?]
	at org.eclipse.jdt.internal.junit.runner.RemoteTestRunner.runTests(RemoteTestRunner.java:530) [.cp/:?]
	at org.eclipse.jdt.internal.junit.runner.RemoteTestRunner.runTests(RemoteTestRunner.java:758) [.cp/:?]
	at org.eclipse.jdt.internal.junit.runner.RemoteTestRunner.run(RemoteTestRunner.java:453) [.cp/:?]
	at org.eclipse.jdt.internal.junit.runner.RemoteTestRunner.main(RemoteTestRunner.java:211) [.cp/:?]
2025-12-30 03:21:15 INFO  === END   tests.productCardsTests.ProductCardElementsTests.cardValidation[Exp#9 [f1=1, f2=3, f3=3, f4=1, f5=3, f6=2, f7=1, f8=2]] ===
2025-12-30 03:21:15 INFO  === START tests.productCardsTests.ProductCardElementsTests.cardValidation[Exp#10 [f1=2, f2=1, f3=1, f4=3, f5=3, f6=2, f7=2, f8=1]] ===
2025-12-30 03:21:15 INFO  STEP: 📝 New input: Filling form fields.
2025-12-30 03:21:19 INFO  STEP: Card #1 have a Thumbnail
2025-12-30 03:21:19 INFO  STEP: Card #1 have a Title: Black Aluminium Cup
2025-12-30 03:21:19 INFO  STEP: Card #1 have a Description: The Black Aluminium Cup is a stylish and durable cup suitable for both hot and cold beverages. Its sleek black design adds a modern touch to your drinkware collection.
2025-12-30 03:21:19 INFO  STEP: Card #1 have a Price: 5.99
2025-12-30 03:21:19 INFO  STEP PASS: Card #1 should have Rating (card rating: 4.5
(4 reviews)
2025-12-30 03:21:19 INFO  STEP PASS: Card #1 dont have a Additional Images Button
2025-12-30 03:21:19 ERROR STEP FAIL: Card #1 should have all the components
2025-12-30 03:21:19 ERROR === FAIL  tests.productCardsTests.ProductCardElementsTests.cardValidation[Exp#10 [f1=2, f2=1, f3=1, f4=3, f5=3, f6=2, f7=2, f8=1]] ===
java.lang.AssertionError: Card #1 should have all the components
	at org.junit.Assert.fail(Assert.java:89) ~[junit-4.13.jar:4.13]
	at org.junit.Assert.assertTrue(Assert.java:42) ~[junit-4.13.jar:4.13]
	at tests.BaseTest.checkTrue(BaseTest.java:92) ~[test-classes/:?]
	at tests.productCardsTests.ProductCardElementsTests.cardValidation(ProductCardElementsTests.java:61) ~[test-classes/:?]
	at jdk.internal.reflect.DirectMethodHandleAccessor.invoke(DirectMethodHandleAccessor.java:103) ~[?:?]
	at java.lang.reflect.Method.invoke(Method.java:580) ~[?:?]
	at org.junit.runners.model.FrameworkMethod$1.runReflectiveCall(FrameworkMethod.java:59) ~[junit-4.13.jar:4.13]
	at org.junit.internal.runners.model.ReflectiveCallable.run(ReflectiveCallable.java:12) ~[junit-4.13.jar:4.13]
	at org.junit.runners.model.FrameworkMethod.invokeExplosively(FrameworkMethod.java:56) ~[junit-4.13.jar:4.13]
	at org.junit.internal.runners.statements.InvokeMethod.evaluate(InvokeMethod.java:17) ~[junit-4.13.jar:4.13]
	at org.junit.internal.runners.statements.RunBefores.evaluate(RunBefores.java:26) ~[junit-4.13.jar:4.13]
	at org.junit.internal.runners.statements.RunAfters.evaluate(RunAfters.java:27) ~[junit-4.13.jar:4.13]
	at org.junit.rules.TestWatcher$1.evaluate(TestWatcher.java:61) [junit-4.13.jar:4.13]
	at org.junit.runners.ParentRunner$3.evaluate(ParentRunner.java:306) [junit-4.13.jar:4.13]
	at org.junit.runners.BlockJUnit4ClassRunner$1.evaluate(BlockJUnit4ClassRunner.java:100) [junit-4.13.jar:4.13]
	at org.junit.runners.ParentRunner.runLeaf(ParentRunner.java:366) [junit-4.13.jar:4.13]
	at org.junit.runners.BlockJUnit4ClassRunner.runChild(BlockJUnit4ClassRunner.java:103) [junit-4.13.jar:4.13]
	at org.junit.runners.BlockJUnit4ClassRunner.runChild(BlockJUnit4ClassRunner.java:63) [junit-4.13.jar:4.13]
	at org.junit.runners.ParentRunner$4.run(ParentRunner.java:331) [junit-4.13.jar:4.13]
	at org.junit.runners.ParentRunner$1.schedule(ParentRunner.java:79) [junit-4.13.jar:4.13]
	at org.junit.runners.ParentRunner.runChildren(ParentRunner.java:329) [junit-4.13.jar:4.13]
	at org.junit.runners.ParentRunner.access$100(ParentRunner.java:66) [junit-4.13.jar:4.13]
	at org.junit.runners.ParentRunner$2.evaluate(ParentRunner.java:293) [junit-4.13.jar:4.13]
	at org.junit.runners.ParentRunner.run(ParentRunner.java:413) [junit-4.13.jar:4.13]
	at org.junit.runners.Suite.runChild(Suite.java:128) [junit-4.13.jar:4.13]
	at org.junit.runners.Suite.runChild(Suite.java:27) [junit-4.13.jar:4.13]
	at org.junit.runners.ParentRunner$4.run(ParentRunner.java:331) [junit-4.13.jar:4.13]
	at org.junit.runners.ParentRunner$1.schedule(ParentRunner.java:79) [junit-4.13.jar:4.13]
	at org.junit.runners.ParentRunner.runChildren(ParentRunner.java:329) [junit-4.13.jar:4.13]
	at org.junit.runners.ParentRunner.access$100(ParentRunner.java:66) [junit-4.13.jar:4.13]
	at org.junit.runners.ParentRunner$2.evaluate(ParentRunner.java:293) [junit-4.13.jar:4.13]
	at org.junit.internal.runners.statements.RunAfters.evaluate(RunAfters.java:27) [junit-4.13.jar:4.13]
	at org.junit.runners.ParentRunner$3.evaluate(ParentRunner.java:306) [junit-4.13.jar:4.13]
	at org.junit.runners.ParentRunner.run(ParentRunner.java:413) [junit-4.13.jar:4.13]
	at org.eclipse.jdt.internal.junit4.runner.JUnit4TestReference.run(JUnit4TestReference.java:93) [.cp/:?]
	at org.eclipse.jdt.internal.junit.runner.TestExecution.run(TestExecution.java:40) [.cp/:?]
	at org.eclipse.jdt.internal.junit.runner.RemoteTestRunner.runTests(RemoteTestRunner.java:530) [.cp/:?]
	at org.eclipse.jdt.internal.junit.runner.RemoteTestRunner.runTests(RemoteTestRunner.java:758) [.cp/:?]
	at org.eclipse.jdt.internal.junit.runner.RemoteTestRunner.run(RemoteTestRunner.java:453) [.cp/:?]
	at org.eclipse.jdt.internal.junit.runner.RemoteTestRunner.main(RemoteTestRunner.java:211) [.cp/:?]
2025-12-30 03:21:19 INFO  === END   tests.productCardsTests.ProductCardElementsTests.cardValidation[Exp#10 [f1=2, f2=1, f3=1, f4=3, f5=3, f6=2, f7=2, f8=1]] ===
2025-12-30 03:21:19 INFO  === START tests.productCardsTests.ProductCardElementsTests.cardValidation[Exp#11 [f1=2, f2=1, f3=2, f4=1, f5=1, f6=3, f7=3, f8=2]] ===
2025-12-30 03:21:19 INFO  STEP: 📝 New input: Filling form fields.
2025-12-30 03:21:22 INFO  STEP: Card #1 have a Thumbnail
2025-12-30 03:21:22 INFO  STEP: Card #1 have a Title: Black Aluminium Cup
2025-12-30 03:21:22 INFO  STEP: Card #1 have a Description: The Black Aluminium Cup is a stylish and durable cup suitable for both hot and cold beverages. Its sleek black design adds a modern touch to your drinkware collection.
2025-12-30 03:21:22 INFO  STEP: Card #1 have a Price: 5.99
2025-12-30 03:21:22 INFO  STEP PASS: Card #1 should have Rating (card rating: 4.5
(4 reviews)
2025-12-30 03:21:22 INFO  STEP PASS: Card #1 dont have a Additional Images Button
2025-12-30 03:21:22 ERROR STEP FAIL: Card #1 should have all the components
2025-12-30 03:21:22 ERROR === FAIL  tests.productCardsTests.ProductCardElementsTests.cardValidation[Exp#11 [f1=2, f2=1, f3=2, f4=1, f5=1, f6=3, f7=3, f8=2]] ===
java.lang.AssertionError: Card #1 should have all the components
	at org.junit.Assert.fail(Assert.java:89) ~[junit-4.13.jar:4.13]
	at org.junit.Assert.assertTrue(Assert.java:42) ~[junit-4.13.jar:4.13]
	at tests.BaseTest.checkTrue(BaseTest.java:92) ~[test-classes/:?]
	at tests.productCardsTests.ProductCardElementsTests.cardValidation(ProductCardElementsTests.java:61) ~[test-classes/:?]
	at jdk.internal.reflect.DirectMethodHandleAccessor.invoke(DirectMethodHandleAccessor.java:103) ~[?:?]
	at java.lang.reflect.Method.invoke(Method.java:580) ~[?:?]
	at org.junit.runners.model.FrameworkMethod$1.runReflectiveCall(FrameworkMethod.java:59) ~[junit-4.13.jar:4.13]
	at org.junit.internal.runners.model.ReflectiveCallable.run(ReflectiveCallable.java:12) ~[junit-4.13.jar:4.13]
	at org.junit.runners.model.FrameworkMethod.invokeExplosively(FrameworkMethod.java:56) ~[junit-4.13.jar:4.13]
	at org.junit.internal.runners.statements.InvokeMethod.evaluate(InvokeMethod.java:17) ~[junit-4.13.jar:4.13]
	at org.junit.internal.runners.statements.RunBefores.evaluate(RunBefores.java:26) ~[junit-4.13.jar:4.13]
	at org.junit.internal.runners.statements.RunAfters.evaluate(RunAfters.java:27) ~[junit-4.13.jar:4.13]
	at org.junit.rules.TestWatcher$1.evaluate(TestWatcher.java:61) [junit-4.13.jar:4.13]
	at org.junit.runners.ParentRunner$3.evaluate(ParentRunner.java:306) [junit-4.13.jar:4.13]
	at org.junit.runners.BlockJUnit4ClassRunner$1.evaluate(BlockJUnit4ClassRunner.java:100) [junit-4.13.jar:4.13]
	at org.junit.runners.ParentRunner.runLeaf(ParentRunner.java:366) [junit-4.13.jar:4.13]
	at org.junit.runners.BlockJUnit4ClassRunner.runChild(BlockJUnit4ClassRunner.java:103) [junit-4.13.jar:4.13]
	at org.junit.runners.BlockJUnit4ClassRunner.runChild(BlockJUnit4ClassRunner.java:63) [junit-4.13.jar:4.13]
	at org.junit.runners.ParentRunner$4.run(ParentRunner.java:331) [junit-4.13.jar:4.13]
	at org.junit.runners.ParentRunner$1.schedule(ParentRunner.java:79) [junit-4.13.jar:4.13]
	at org.junit.runners.ParentRunner.runChildren(ParentRunner.java:329) [junit-4.13.jar:4.13]
	at org.junit.runners.ParentRunner.access$100(ParentRunner.java:66) [junit-4.13.jar:4.13]
	at org.junit.runners.ParentRunner$2.evaluate(ParentRunner.java:293) [junit-4.13.jar:4.13]
	at org.junit.runners.ParentRunner.run(ParentRunner.java:413) [junit-4.13.jar:4.13]
	at org.junit.runners.Suite.runChild(Suite.java:128) [junit-4.13.jar:4.13]
	at org.junit.runners.Suite.runChild(Suite.java:27) [junit-4.13.jar:4.13]
	at org.junit.runners.ParentRunner$4.run(ParentRunner.java:331) [junit-4.13.jar:4.13]
	at org.junit.runners.ParentRunner$1.schedule(ParentRunner.java:79) [junit-4.13.jar:4.13]
	at org.junit.runners.ParentRunner.runChildren(ParentRunner.java:329) [junit-4.13.jar:4.13]
	at org.junit.runners.ParentRunner.access$100(ParentRunner.java:66) [junit-4.13.jar:4.13]
	at org.junit.runners.ParentRunner$2.evaluate(ParentRunner.java:293) [junit-4.13.jar:4.13]
	at org.junit.internal.runners.statements.RunAfters.evaluate(RunAfters.java:27) [junit-4.13.jar:4.13]
	at org.junit.runners.ParentRunner$3.evaluate(ParentRunner.java:306) [junit-4.13.jar:4.13]
	at org.junit.runners.ParentRunner.run(ParentRunner.java:413) [junit-4.13.jar:4.13]
	at org.eclipse.jdt.internal.junit4.runner.JUnit4TestReference.run(JUnit4TestReference.java:93) [.cp/:?]
	at org.eclipse.jdt.internal.junit.runner.TestExecution.run(TestExecution.java:40) [.cp/:?]
	at org.eclipse.jdt.internal.junit.runner.RemoteTestRunner.runTests(RemoteTestRunner.java:530) [.cp/:?]
	at org.eclipse.jdt.internal.junit.runner.RemoteTestRunner.runTests(RemoteTestRunner.java:758) [.cp/:?]
	at org.eclipse.jdt.internal.junit.runner.RemoteTestRunner.run(RemoteTestRunner.java:453) [.cp/:?]
	at org.eclipse.jdt.internal.junit.runner.RemoteTestRunner.main(RemoteTestRunner.java:211) [.cp/:?]
2025-12-30 03:21:22 INFO  === END   tests.productCardsTests.ProductCardElementsTests.cardValidation[Exp#11 [f1=2, f2=1, f3=2, f4=1, f5=1, f6=3, f7=3, f8=2]] ===
2025-12-30 03:21:22 INFO  === START tests.productCardsTests.ProductCardElementsTests.cardValidation[Exp#12 [f1=2, f2=1, f3=3, f4=2, f5=2, f6=1, f7=1, f8=3]] ===
2025-12-30 03:21:22 INFO  STEP: 📝 New input: Filling form fields.
2025-12-30 03:21:26 INFO  STEP: Card #1 have a Thumbnail
2025-12-30 03:21:26 INFO  STEP: Card #1 have a Title: Baseball Ball
2025-12-30 03:21:26 INFO  STEP: Card #1 have a Description: The Baseball Ball is a standard baseball used in baseball games. It features a durable leather cover and is designed for pitching, hitting, and fielding in the game of baseball.
2025-12-30 03:21:26 INFO  STEP: Card #1 have a Price: 8.99
2025-12-30 03:21:26 INFO  STEP PASS: Card #1 should have Rating (card rating: 2.6
(4 reviews)
2025-12-30 03:21:26 INFO  STEP PASS: Card #1 dont have a Additional Images Button
2025-12-30 03:21:26 ERROR STEP FAIL: Card #1 should have all the components
2025-12-30 03:21:26 ERROR === FAIL  tests.productCardsTests.ProductCardElementsTests.cardValidation[Exp#12 [f1=2, f2=1, f3=3, f4=2, f5=2, f6=1, f7=1, f8=3]] ===
java.lang.AssertionError: Card #1 should have all the components
	at org.junit.Assert.fail(Assert.java:89) ~[junit-4.13.jar:4.13]
	at org.junit.Assert.assertTrue(Assert.java:42) ~[junit-4.13.jar:4.13]
	at tests.BaseTest.checkTrue(BaseTest.java:92) ~[test-classes/:?]
	at tests.productCardsTests.ProductCardElementsTests.cardValidation(ProductCardElementsTests.java:61) ~[test-classes/:?]
	at jdk.internal.reflect.DirectMethodHandleAccessor.invoke(DirectMethodHandleAccessor.java:103) ~[?:?]
	at java.lang.reflect.Method.invoke(Method.java:580) ~[?:?]
	at org.junit.runners.model.FrameworkMethod$1.runReflectiveCall(FrameworkMethod.java:59) ~[junit-4.13.jar:4.13]
	at org.junit.internal.runners.model.ReflectiveCallable.run(ReflectiveCallable.java:12) ~[junit-4.13.jar:4.13]
	at org.junit.runners.model.FrameworkMethod.invokeExplosively(FrameworkMethod.java:56) ~[junit-4.13.jar:4.13]
	at org.junit.internal.runners.statements.InvokeMethod.evaluate(InvokeMethod.java:17) ~[junit-4.13.jar:4.13]
	at org.junit.internal.runners.statements.RunBefores.evaluate(RunBefores.java:26) ~[junit-4.13.jar:4.13]
	at org.junit.internal.runners.statements.RunAfters.evaluate(RunAfters.java:27) ~[junit-4.13.jar:4.13]
	at org.junit.rules.TestWatcher$1.evaluate(TestWatcher.java:61) [junit-4.13.jar:4.13]
	at org.junit.runners.ParentRunner$3.evaluate(ParentRunner.java:306) [junit-4.13.jar:4.13]
	at org.junit.runners.BlockJUnit4ClassRunner$1.evaluate(BlockJUnit4ClassRunner.java:100) [junit-4.13.jar:4.13]
	at org.junit.runners.ParentRunner.runLeaf(ParentRunner.java:366) [junit-4.13.jar:4.13]
	at org.junit.runners.BlockJUnit4ClassRunner.runChild(BlockJUnit4ClassRunner.java:103) [junit-4.13.jar:4.13]
	at org.junit.runners.BlockJUnit4ClassRunner.runChild(BlockJUnit4ClassRunner.java:63) [junit-4.13.jar:4.13]
	at org.junit.runners.ParentRunner$4.run(ParentRunner.java:331) [junit-4.13.jar:4.13]
	at org.junit.runners.ParentRunner$1.schedule(ParentRunner.java:79) [junit-4.13.jar:4.13]
	at org.junit.runners.ParentRunner.runChildren(ParentRunner.java:329) [junit-4.13.jar:4.13]
	at org.junit.runners.ParentRunner.access$100(ParentRunner.java:66) [junit-4.13.jar:4.13]
	at org.junit.runners.ParentRunner$2.evaluate(ParentRunner.java:293) [junit-4.13.jar:4.13]
	at org.junit.runners.ParentRunner.run(ParentRunner.java:413) [junit-4.13.jar:4.13]
	at org.junit.runners.Suite.runChild(Suite.java:128) [junit-4.13.jar:4.13]
	at org.junit.runners.Suite.runChild(Suite.java:27) [junit-4.13.jar:4.13]
	at org.junit.runners.ParentRunner$4.run(ParentRunner.java:331) [junit-4.13.jar:4.13]
	at org.junit.runners.ParentRunner$1.schedule(ParentRunner.java:79) [junit-4.13.jar:4.13]
	at org.junit.runners.ParentRunner.runChildren(ParentRunner.java:329) [junit-4.13.jar:4.13]
	at org.junit.runners.ParentRunner.access$100(ParentRunner.java:66) [junit-4.13.jar:4.13]
	at org.junit.runners.ParentRunner$2.evaluate(ParentRunner.java:293) [junit-4.13.jar:4.13]
	at org.junit.internal.runners.statements.RunAfters.evaluate(RunAfters.java:27) [junit-4.13.jar:4.13]
	at org.junit.runners.ParentRunner$3.evaluate(ParentRunner.java:306) [junit-4.13.jar:4.13]
	at org.junit.runners.ParentRunner.run(ParentRunner.java:413) [junit-4.13.jar:4.13]
	at org.eclipse.jdt.internal.junit4.runner.JUnit4TestReference.run(JUnit4TestReference.java:93) [.cp/:?]
	at org.eclipse.jdt.internal.junit.runner.TestExecution.run(TestExecution.java:40) [.cp/:?]
	at org.eclipse.jdt.internal.junit.runner.RemoteTestRunner.runTests(RemoteTestRunner.java:530) [.cp/:?]
	at org.eclipse.jdt.internal.junit.runner.RemoteTestRunner.runTests(RemoteTestRunner.java:758) [.cp/:?]
	at org.eclipse.jdt.internal.junit.runner.RemoteTestRunner.run(RemoteTestRunner.java:453) [.cp/:?]
	at org.eclipse.jdt.internal.junit.runner.RemoteTestRunner.main(RemoteTestRunner.java:211) [.cp/:?]
2025-12-30 03:21:26 INFO  === END   tests.productCardsTests.ProductCardElementsTests.cardValidation[Exp#12 [f1=2, f2=1, f3=3, f4=2, f5=2, f6=1, f7=1, f8=3]] ===
2025-12-30 03:21:26 INFO  === START tests.productCardsTests.ProductCardElementsTests.cardValidation[Exp#13 [f1=2, f2=2, f3=1, f4=2, f5=3, f6=1, f7=3, f8=2]] ===
2025-12-30 03:21:26 INFO  STEP: 📝 New input: Filling form fields.
2025-12-30 03:21:29 INFO  STEP: Card #1 have a Thumbnail
2025-12-30 03:21:29 INFO  STEP: Card #1 have a Title: Baseball Ball
2025-12-30 03:21:29 INFO  STEP: Card #1 have a Description: The Baseball Ball is a standard baseball used in baseball games. It features a durable leather cover and is designed for pitching, hitting, and fielding in the game of baseball.
2025-12-30 03:21:29 INFO  STEP: Card #1 have a Price: 8.99
2025-12-30 03:21:30 INFO  STEP PASS: Card #1 should have Rating (card rating: 2.6
(4 reviews)
2025-12-30 03:21:30 INFO  STEP PASS: Card #1 dont have a Additional Images Button
2025-12-30 03:21:30 ERROR STEP FAIL: Card #1 should have all the components
2025-12-30 03:21:30 ERROR === FAIL  tests.productCardsTests.ProductCardElementsTests.cardValidation[Exp#13 [f1=2, f2=2, f3=1, f4=2, f5=3, f6=1, f7=3, f8=2]] ===
java.lang.AssertionError: Card #1 should have all the components
	at org.junit.Assert.fail(Assert.java:89) ~[junit-4.13.jar:4.13]
	at org.junit.Assert.assertTrue(Assert.java:42) ~[junit-4.13.jar:4.13]
	at tests.BaseTest.checkTrue(BaseTest.java:92) ~[test-classes/:?]
	at tests.productCardsTests.ProductCardElementsTests.cardValidation(ProductCardElementsTests.java:61) ~[test-classes/:?]
	at jdk.internal.reflect.DirectMethodHandleAccessor.invoke(DirectMethodHandleAccessor.java:103) ~[?:?]
	at java.lang.reflect.Method.invoke(Method.java:580) ~[?:?]
	at org.junit.runners.model.FrameworkMethod$1.runReflectiveCall(FrameworkMethod.java:59) ~[junit-4.13.jar:4.13]
	at org.junit.internal.runners.model.ReflectiveCallable.run(ReflectiveCallable.java:12) ~[junit-4.13.jar:4.13]
	at org.junit.runners.model.FrameworkMethod.invokeExplosively(FrameworkMethod.java:56) ~[junit-4.13.jar:4.13]
	at org.junit.internal.runners.statements.InvokeMethod.evaluate(InvokeMethod.java:17) ~[junit-4.13.jar:4.13]
	at org.junit.internal.runners.statements.RunBefores.evaluate(RunBefores.java:26) ~[junit-4.13.jar:4.13]
	at org.junit.internal.runners.statements.RunAfters.evaluate(RunAfters.java:27) ~[junit-4.13.jar:4.13]
	at org.junit.rules.TestWatcher$1.evaluate(TestWatcher.java:61) [junit-4.13.jar:4.13]
	at org.junit.runners.ParentRunner$3.evaluate(ParentRunner.java:306) [junit-4.13.jar:4.13]
	at org.junit.runners.BlockJUnit4ClassRunner$1.evaluate(BlockJUnit4ClassRunner.java:100) [junit-4.13.jar:4.13]
	at org.junit.runners.ParentRunner.runLeaf(ParentRunner.java:366) [junit-4.13.jar:4.13]
	at org.junit.runners.BlockJUnit4ClassRunner.runChild(BlockJUnit4ClassRunner.java:103) [junit-4.13.jar:4.13]
	at org.junit.runners.BlockJUnit4ClassRunner.runChild(BlockJUnit4ClassRunner.java:63) [junit-4.13.jar:4.13]
	at org.junit.runners.ParentRunner$4.run(ParentRunner.java:331) [junit-4.13.jar:4.13]
	at org.junit.runners.ParentRunner$1.schedule(ParentRunner.java:79) [junit-4.13.jar:4.13]
	at org.junit.runners.ParentRunner.runChildren(ParentRunner.java:329) [junit-4.13.jar:4.13]
	at org.junit.runners.ParentRunner.access$100(ParentRunner.java:66) [junit-4.13.jar:4.13]
	at org.junit.runners.ParentRunner$2.evaluate(ParentRunner.java:293) [junit-4.13.jar:4.13]
	at org.junit.runners.ParentRunner.run(ParentRunner.java:413) [junit-4.13.jar:4.13]
	at org.junit.runners.Suite.runChild(Suite.java:128) [junit-4.13.jar:4.13]
	at org.junit.runners.Suite.runChild(Suite.java:27) [junit-4.13.jar:4.13]
	at org.junit.runners.ParentRunner$4.run(ParentRunner.java:331) [junit-4.13.jar:4.13]
	at org.junit.runners.ParentRunner$1.schedule(ParentRunner.java:79) [junit-4.13.jar:4.13]
	at org.junit.runners.ParentRunner.runChildren(ParentRunner.java:329) [junit-4.13.jar:4.13]
	at org.junit.runners.ParentRunner.access$100(ParentRunner.java:66) [junit-4.13.jar:4.13]
	at org.junit.runners.ParentRunner$2.evaluate(ParentRunner.java:293) [junit-4.13.jar:4.13]
	at org.junit.internal.runners.statements.RunAfters.evaluate(RunAfters.java:27) [junit-4.13.jar:4.13]
	at org.junit.runners.ParentRunner$3.evaluate(ParentRunner.java:306) [junit-4.13.jar:4.13]
	at org.junit.runners.ParentRunner.run(ParentRunner.java:413) [junit-4.13.jar:4.13]
	at org.eclipse.jdt.internal.junit4.runner.JUnit4TestReference.run(JUnit4TestReference.java:93) [.cp/:?]
	at org.eclipse.jdt.internal.junit.runner.TestExecution.run(TestExecution.java:40) [.cp/:?]
	at org.eclipse.jdt.internal.junit.runner.RemoteTestRunner.runTests(RemoteTestRunner.java:530) [.cp/:?]
	at org.eclipse.jdt.internal.junit.runner.RemoteTestRunner.runTests(RemoteTestRunner.java:758) [.cp/:?]
	at org.eclipse.jdt.internal.junit.runner.RemoteTestRunner.run(RemoteTestRunner.java:453) [.cp/:?]
	at org.eclipse.jdt.internal.junit.runner.RemoteTestRunner.main(RemoteTestRunner.java:211) [.cp/:?]
2025-12-30 03:21:30 INFO  === END   tests.productCardsTests.ProductCardElementsTests.cardValidation[Exp#13 [f1=2, f2=2, f3=1, f4=2, f5=3, f6=1, f7=3, f8=2]] ===
2025-12-30 03:21:30 INFO  === START tests.productCardsTests.ProductCardElementsTests.cardValidation[Exp#14 [f1=2, f2=2, f3=2, f4=3, f5=1, f6=2, f7=1, f8=3]] ===
2025-12-30 03:21:30 INFO  STEP: 📝 New input: Filling form fields.
2025-12-30 03:21:33 INFO  STEP: Card #1 have a Thumbnail
2025-12-30 03:21:33 INFO  STEP: Card #1 have a Title: Vivo S1
2025-12-30 03:21:33 INFO  STEP: Card #1 have a Description: The Vivo S1 is a stylish and mid-range smartphone offering a blend of design and performance. It features a vibrant display, capable camera system, and reliable functionality.
2025-12-30 03:21:33 INFO  STEP: Card #1 have a Price: 249.99
2025-12-30 03:21:33 INFO  STEP PASS: Card #1 should have Rating (card rating: 3.5
(4 reviews)
2025-12-30 03:21:33 INFO  STEP PASS: Card #1 dont have a Additional Images Button
2025-12-30 03:21:33 ERROR STEP FAIL: Card #1 should have all the components
2025-12-30 03:21:33 ERROR === FAIL  tests.productCardsTests.ProductCardElementsTests.cardValidation[Exp#14 [f1=2, f2=2, f3=2, f4=3, f5=1, f6=2, f7=1, f8=3]] ===
java.lang.AssertionError: Card #1 should have all the components
	at org.junit.Assert.fail(Assert.java:89) ~[junit-4.13.jar:4.13]
	at org.junit.Assert.assertTrue(Assert.java:42) ~[junit-4.13.jar:4.13]
	at tests.BaseTest.checkTrue(BaseTest.java:92) ~[test-classes/:?]
	at tests.productCardsTests.ProductCardElementsTests.cardValidation(ProductCardElementsTests.java:61) ~[test-classes/:?]
	at jdk.internal.reflect.DirectMethodHandleAccessor.invoke(DirectMethodHandleAccessor.java:103) ~[?:?]
	at java.lang.reflect.Method.invoke(Method.java:580) ~[?:?]
	at org.junit.runners.model.FrameworkMethod$1.runReflectiveCall(FrameworkMethod.java:59) ~[junit-4.13.jar:4.13]
	at org.junit.internal.runners.model.ReflectiveCallable.run(ReflectiveCallable.java:12) ~[junit-4.13.jar:4.13]
	at org.junit.runners.model.FrameworkMethod.invokeExplosively(FrameworkMethod.java:56) ~[junit-4.13.jar:4.13]
	at org.junit.internal.runners.statements.InvokeMethod.evaluate(InvokeMethod.java:17) ~[junit-4.13.jar:4.13]
	at org.junit.internal.runners.statements.RunBefores.evaluate(RunBefores.java:26) ~[junit-4.13.jar:4.13]
	at org.junit.internal.runners.statements.RunAfters.evaluate(RunAfters.java:27) ~[junit-4.13.jar:4.13]
	at org.junit.rules.TestWatcher$1.evaluate(TestWatcher.java:61) [junit-4.13.jar:4.13]
	at org.junit.runners.ParentRunner$3.evaluate(ParentRunner.java:306) [junit-4.13.jar:4.13]
	at org.junit.runners.BlockJUnit4ClassRunner$1.evaluate(BlockJUnit4ClassRunner.java:100) [junit-4.13.jar:4.13]
	at org.junit.runners.ParentRunner.runLeaf(ParentRunner.java:366) [junit-4.13.jar:4.13]
	at org.junit.runners.BlockJUnit4ClassRunner.runChild(BlockJUnit4ClassRunner.java:103) [junit-4.13.jar:4.13]
	at org.junit.runners.BlockJUnit4ClassRunner.runChild(BlockJUnit4ClassRunner.java:63) [junit-4.13.jar:4.13]
	at org.junit.runners.ParentRunner$4.run(ParentRunner.java:331) [junit-4.13.jar:4.13]
	at org.junit.runners.ParentRunner$1.schedule(ParentRunner.java:79) [junit-4.13.jar:4.13]
	at org.junit.runners.ParentRunner.runChildren(ParentRunner.java:329) [junit-4.13.jar:4.13]
	at org.junit.runners.ParentRunner.access$100(ParentRunner.java:66) [junit-4.13.jar:4.13]
	at org.junit.runners.ParentRunner$2.evaluate(ParentRunner.java:293) [junit-4.13.jar:4.13]
	at org.junit.runners.ParentRunner.run(ParentRunner.java:413) [junit-4.13.jar:4.13]
	at org.junit.runners.Suite.runChild(Suite.java:128) [junit-4.13.jar:4.13]
	at org.junit.runners.Suite.runChild(Suite.java:27) [junit-4.13.jar:4.13]
	at org.junit.runners.ParentRunner$4.run(ParentRunner.java:331) [junit-4.13.jar:4.13]
	at org.junit.runners.ParentRunner$1.schedule(ParentRunner.java:79) [junit-4.13.jar:4.13]
	at org.junit.runners.ParentRunner.runChildren(ParentRunner.java:329) [junit-4.13.jar:4.13]
	at org.junit.runners.ParentRunner.access$100(ParentRunner.java:66) [junit-4.13.jar:4.13]
	at org.junit.runners.ParentRunner$2.evaluate(ParentRunner.java:293) [junit-4.13.jar:4.13]
	at org.junit.internal.runners.statements.RunAfters.evaluate(RunAfters.java:27) [junit-4.13.jar:4.13]
	at org.junit.runners.ParentRunner$3.evaluate(ParentRunner.java:306) [junit-4.13.jar:4.13]
	at org.junit.runners.ParentRunner.run(ParentRunner.java:413) [junit-4.13.jar:4.13]
	at org.eclipse.jdt.internal.junit4.runner.JUnit4TestReference.run(JUnit4TestReference.java:93) [.cp/:?]
	at org.eclipse.jdt.internal.junit.runner.TestExecution.run(TestExecution.java:40) [.cp/:?]
	at org.eclipse.jdt.internal.junit.runner.RemoteTestRunner.runTests(RemoteTestRunner.java:530) [.cp/:?]
	at org.eclipse.jdt.internal.junit.runner.RemoteTestRunner.runTests(RemoteTestRunner.java:758) [.cp/:?]
	at org.eclipse.jdt.internal.junit.runner.RemoteTestRunner.run(RemoteTestRunner.java:453) [.cp/:?]
	at org.eclipse.jdt.internal.junit.runner.RemoteTestRunner.main(RemoteTestRunner.java:211) [.cp/:?]
2025-12-30 03:21:33 INFO  === END   tests.productCardsTests.ProductCardElementsTests.cardValidation[Exp#14 [f1=2, f2=2, f3=2, f4=3, f5=1, f6=2, f7=1, f8=3]] ===
2025-12-30 03:21:33 INFO  === START tests.productCardsTests.ProductCardElementsTests.cardValidation[Exp#15 [f1=2, f2=2, f3=3, f4=1, f5=2, f6=3, f7=2, f8=1]] ===
2025-12-30 03:21:33 INFO  STEP: 📝 New input: Filling form fields.
2025-12-30 03:21:34 INFO  === START tests.productCardsTests.ProductCardElementsTests.cardValidation[Exp#1 [f1=1, f2=1, f3=1, f4=1, f5=1, f6=1, f7=1, f8=1]] ===
2025-12-30 03:21:36 INFO  STEP: Card #1 have a Thumbnail
2025-12-30 03:21:36 INFO  STEP: Card #1 have a Title: Scooter Motorcycle
2025-12-30 03:21:36 INFO  STEP: Card #1 have a Description: The Scooter Motorcycle is a practical and fuel-efficient bike ideal for urban commuting. It features a step-through design and user-friendly controls for easy maneuverability.
2025-12-30 03:21:36 INFO  STEP: 📝 New input: Filling form fields.
2025-12-30 03:21:36 INFO  STEP: Card #1 have a Price: 2999.99
2025-12-30 03:21:36 INFO  STEP PASS: Card #1 should have Rating (card rating: 2.5
(4 reviews)
2025-12-30 03:21:36 INFO  STEP PASS: Card #1 dont have a Additional Images Button
2025-12-30 03:21:36 ERROR STEP FAIL: Card #1 should have all the components
2025-12-30 03:21:36 ERROR === FAIL  tests.productCardsTests.ProductCardElementsTests.cardValidation[Exp#15 [f1=2, f2=2, f3=3, f4=1, f5=2, f6=3, f7=2, f8=1]] ===
java.lang.AssertionError: Card #1 should have all the components
	at org.junit.Assert.fail(Assert.java:89) ~[junit-4.13.jar:4.13]
	at org.junit.Assert.assertTrue(Assert.java:42) ~[junit-4.13.jar:4.13]
	at tests.BaseTest.checkTrue(BaseTest.java:92) ~[test-classes/:?]
	at tests.productCardsTests.ProductCardElementsTests.cardValidation(ProductCardElementsTests.java:61) ~[test-classes/:?]
	at jdk.internal.reflect.DirectMethodHandleAccessor.invoke(DirectMethodHandleAccessor.java:103) ~[?:?]
	at java.lang.reflect.Method.invoke(Method.java:580) ~[?:?]
	at org.junit.runners.model.FrameworkMethod$1.runReflectiveCall(FrameworkMethod.java:59) ~[junit-4.13.jar:4.13]
	at org.junit.internal.runners.model.ReflectiveCallable.run(ReflectiveCallable.java:12) ~[junit-4.13.jar:4.13]
	at org.junit.runners.model.FrameworkMethod.invokeExplosively(FrameworkMethod.java:56) ~[junit-4.13.jar:4.13]
	at org.junit.internal.runners.statements.InvokeMethod.evaluate(InvokeMethod.java:17) ~[junit-4.13.jar:4.13]
	at org.junit.internal.runners.statements.RunBefores.evaluate(RunBefores.java:26) ~[junit-4.13.jar:4.13]
	at org.junit.internal.runners.statements.RunAfters.evaluate(RunAfters.java:27) ~[junit-4.13.jar:4.13]
	at org.junit.rules.TestWatcher$1.evaluate(TestWatcher.java:61) [junit-4.13.jar:4.13]
	at org.junit.runners.ParentRunner$3.evaluate(ParentRunner.java:306) [junit-4.13.jar:4.13]
	at org.junit.runners.BlockJUnit4ClassRunner$1.evaluate(BlockJUnit4ClassRunner.java:100) [junit-4.13.jar:4.13]
	at org.junit.runners.ParentRunner.runLeaf(ParentRunner.java:366) [junit-4.13.jar:4.13]
	at org.junit.runners.BlockJUnit4ClassRunner.runChild(BlockJUnit4ClassRunner.java:103) [junit-4.13.jar:4.13]
	at org.junit.runners.BlockJUnit4ClassRunner.runChild(BlockJUnit4ClassRunner.java:63) [junit-4.13.jar:4.13]
	at org.junit.runners.ParentRunner$4.run(ParentRunner.java:331) [junit-4.13.jar:4.13]
	at org.junit.runners.ParentRunner$1.schedule(ParentRunner.java:79) [junit-4.13.jar:4.13]
	at org.junit.runners.ParentRunner.runChildren(ParentRunner.java:329) [junit-4.13.jar:4.13]
	at org.junit.runners.ParentRunner.access$100(ParentRunner.java:66) [junit-4.13.jar:4.13]
	at org.junit.runners.ParentRunner$2.evaluate(ParentRunner.java:293) [junit-4.13.jar:4.13]
	at org.junit.runners.ParentRunner.run(ParentRunner.java:413) [junit-4.13.jar:4.13]
	at org.junit.runners.Suite.runChild(Suite.java:128) [junit-4.13.jar:4.13]
	at org.junit.runners.Suite.runChild(Suite.java:27) [junit-4.13.jar:4.13]
	at org.junit.runners.ParentRunner$4.run(ParentRunner.java:331) [junit-4.13.jar:4.13]
	at org.junit.runners.ParentRunner$1.schedule(ParentRunner.java:79) [junit-4.13.jar:4.13]
	at org.junit.runners.ParentRunner.runChildren(ParentRunner.java:329) [junit-4.13.jar:4.13]
	at org.junit.runners.ParentRunner.access$100(ParentRunner.java:66) [junit-4.13.jar:4.13]
	at org.junit.runners.ParentRunner$2.evaluate(ParentRunner.java:293) [junit-4.13.jar:4.13]
	at org.junit.internal.runners.statements.RunAfters.evaluate(RunAfters.java:27) [junit-4.13.jar:4.13]
	at org.junit.runners.ParentRunner$3.evaluate(ParentRunner.java:306) [junit-4.13.jar:4.13]
	at org.junit.runners.ParentRunner.run(ParentRunner.java:413) [junit-4.13.jar:4.13]
	at org.eclipse.jdt.internal.junit4.runner.JUnit4TestReference.run(JUnit4TestReference.java:93) [.cp/:?]
	at org.eclipse.jdt.internal.junit.runner.TestExecution.run(TestExecution.java:40) [.cp/:?]
	at org.eclipse.jdt.internal.junit.runner.RemoteTestRunner.runTests(RemoteTestRunner.java:530) [.cp/:?]
	at org.eclipse.jdt.internal.junit.runner.RemoteTestRunner.runTests(RemoteTestRunner.java:758) [.cp/:?]
	at org.eclipse.jdt.internal.junit.runner.RemoteTestRunner.run(RemoteTestRunner.java:453) [.cp/:?]
	at org.eclipse.jdt.internal.junit.runner.RemoteTestRunner.main(RemoteTestRunner.java:211) [.cp/:?]
2025-12-30 03:21:36 INFO  === END   tests.productCardsTests.ProductCardElementsTests.cardValidation[Exp#15 [f1=2, f2=2, f3=3, f4=1, f5=2, f6=3, f7=2, f8=1]] ===
2025-12-30 03:21:36 INFO  === START tests.productCardsTests.ProductCardElementsTests.cardValidation[Exp#16 [f1=2, f2=3, f3=1, f4=3, f5=2, f6=3, f7=1, f8=2]] ===
2025-12-30 03:21:36 INFO  STEP: 📝 New input: Filling form fields.
2025-12-30 03:21:40 INFO  STEP: Card #1 have a Thumbnail
2025-12-30 03:21:41 INFO  STEP: Card #1 have a Title: iPhone 5s
2025-12-30 03:21:41 INFO  STEP: Card #1 have a Description: The iPhone 5s is a classic smartphone known for its compact design and advanced features during its release. While it's an older model, it still provides a reliable user experience.
2025-12-30 03:21:41 INFO  STEP: Card #1 have a Price: 199.99
2025-12-30 03:21:41 INFO  STEP PASS: Card #1 should have Rating (card rating: 2.8
(4 reviews)
2025-12-30 03:21:41 INFO  STEP PASS: Card #1 dont have a Additional Images Button
2025-12-30 03:21:41 ERROR STEP FAIL: Card #1 should have all the components
2025-12-30 03:21:41 ERROR === FAIL  tests.productCardsTests.ProductCardElementsTests.cardValidation[Exp#16 [f1=2, f2=3, f3=1, f4=3, f5=2, f6=3, f7=1, f8=2]] ===
java.lang.AssertionError: Card #1 should have all the components
	at org.junit.Assert.fail(Assert.java:89) ~[junit-4.13.jar:4.13]
	at org.junit.Assert.assertTrue(Assert.java:42) ~[junit-4.13.jar:4.13]
	at tests.BaseTest.checkTrue(BaseTest.java:92) ~[test-classes/:?]
	at tests.productCardsTests.ProductCardElementsTests.cardValidation(ProductCardElementsTests.java:61) ~[test-classes/:?]
	at jdk.internal.reflect.DirectMethodHandleAccessor.invoke(DirectMethodHandleAccessor.java:103) ~[?:?]
	at java.lang.reflect.Method.invoke(Method.java:580) ~[?:?]
	at org.junit.runners.model.FrameworkMethod$1.runReflectiveCall(FrameworkMethod.java:59) ~[junit-4.13.jar:4.13]
	at org.junit.internal.runners.model.ReflectiveCallable.run(ReflectiveCallable.java:12) ~[junit-4.13.jar:4.13]
	at org.junit.runners.model.FrameworkMethod.invokeExplosively(FrameworkMethod.java:56) ~[junit-4.13.jar:4.13]
	at org.junit.internal.runners.statements.InvokeMethod.evaluate(InvokeMethod.java:17) ~[junit-4.13.jar:4.13]
	at org.junit.internal.runners.statements.RunBefores.evaluate(RunBefores.java:26) ~[junit-4.13.jar:4.13]
	at org.junit.internal.runners.statements.RunAfters.evaluate(RunAfters.java:27) ~[junit-4.13.jar:4.13]
	at org.junit.rules.TestWatcher$1.evaluate(TestWatcher.java:61) [junit-4.13.jar:4.13]
	at org.junit.runners.ParentRunner$3.evaluate(ParentRunner.java:306) [junit-4.13.jar:4.13]
	at org.junit.runners.BlockJUnit4ClassRunner$1.evaluate(BlockJUnit4ClassRunner.java:100) [junit-4.13.jar:4.13]
	at org.junit.runners.ParentRunner.runLeaf(ParentRunner.java:366) [junit-4.13.jar:4.13]
	at org.junit.runners.BlockJUnit4ClassRunner.runChild(BlockJUnit4ClassRunner.java:103) [junit-4.13.jar:4.13]
	at org.junit.runners.BlockJUnit4ClassRunner.runChild(BlockJUnit4ClassRunner.java:63) [junit-4.13.jar:4.13]
	at org.junit.runners.ParentRunner$4.run(ParentRunner.java:331) [junit-4.13.jar:4.13]
	at org.junit.runners.ParentRunner$1.schedule(ParentRunner.java:79) [junit-4.13.jar:4.13]
	at org.junit.runners.ParentRunner.runChildren(ParentRunner.java:329) [junit-4.13.jar:4.13]
	at org.junit.runners.ParentRunner.access$100(ParentRunner.java:66) [junit-4.13.jar:4.13]
	at org.junit.runners.ParentRunner$2.evaluate(ParentRunner.java:293) [junit-4.13.jar:4.13]
	at org.junit.runners.ParentRunner.run(ParentRunner.java:413) [junit-4.13.jar:4.13]
	at org.junit.runners.Suite.runChild(Suite.java:128) [junit-4.13.jar:4.13]
	at org.junit.runners.Suite.runChild(Suite.java:27) [junit-4.13.jar:4.13]
	at org.junit.runners.ParentRunner$4.run(ParentRunner.java:331) [junit-4.13.jar:4.13]
	at org.junit.runners.ParentRunner$1.schedule(ParentRunner.java:79) [junit-4.13.jar:4.13]
	at org.junit.runners.ParentRunner.runChildren(ParentRunner.java:329) [junit-4.13.jar:4.13]
	at org.junit.runners.ParentRunner.access$100(ParentRunner.java:66) [junit-4.13.jar:4.13]
	at org.junit.runners.ParentRunner$2.evaluate(ParentRunner.java:293) [junit-4.13.jar:4.13]
	at org.junit.internal.runners.statements.RunAfters.evaluate(RunAfters.java:27) [junit-4.13.jar:4.13]
	at org.junit.runners.ParentRunner$3.evaluate(ParentRunner.java:306) [junit-4.13.jar:4.13]
	at org.junit.runners.ParentRunner.run(ParentRunner.java:413) [junit-4.13.jar:4.13]
	at org.eclipse.jdt.internal.junit4.runner.JUnit4TestReference.run(JUnit4TestReference.java:93) [.cp/:?]
	at org.eclipse.jdt.internal.junit.runner.TestExecution.run(TestExecution.java:40) [.cp/:?]
	at org.eclipse.jdt.internal.junit.runner.RemoteTestRunner.runTests(RemoteTestRunner.java:530) [.cp/:?]
	at org.eclipse.jdt.internal.junit.runner.RemoteTestRunner.runTests(RemoteTestRunner.java:758) [.cp/:?]
	at org.eclipse.jdt.internal.junit.runner.RemoteTestRunner.run(RemoteTestRunner.java:453) [.cp/:?]
	at org.eclipse.jdt.internal.junit.runner.RemoteTestRunner.main(RemoteTestRunner.java:211) [.cp/:?]
2025-12-30 03:21:41 INFO  === END   tests.productCardsTests.ProductCardElementsTests.cardValidation[Exp#16 [f1=2, f2=3, f3=1, f4=3, f5=2, f6=3, f7=1, f8=2]] ===
2025-12-30 03:21:41 INFO  === START tests.productCardsTests.ProductCardElementsTests.cardValidation[Exp#17 [f1=2, f2=3, f3=2, f4=1, f5=3, f6=1, f7=2, f8=3]] ===
2025-12-30 03:21:41 INFO  STEP: 📝 New input: Filling form fields.
2025-12-30 03:21:44 INFO  STEP: Card nuber 1 have a Thumbnail
2025-12-30 03:21:44 INFO  STEP: Card nuber 1 have a Title: Green and Black Glasses
2025-12-30 03:21:44 INFO  STEP: Card nuber 1 have a Description: The Green and Black Glasses feature a bold combination of green and black colors, adding a touch of vibrancy to your eyewear collection. They are both stylish and eye-catching.
2025-12-30 03:21:44 INFO  STEP: Card nuber 1 have a Price: 34.99
2025-12-30 03:21:44 INFO  STEP: Card nuber 1 have a Rating: 4.5
(4 reviews)
2025-12-30 03:21:44 INFO  STEP PASS: Card nuber 1 dont have a Additional Images Button
2025-12-30 03:21:44 ERROR STEP FAIL: Card #1 should have all the components
2025-12-30 03:21:44 ERROR === FAIL  tests.productCardsTests.ProductCardElementsTests.cardValidation[Exp#1 [f1=1, f2=1, f3=1, f4=1, f5=1, f6=1, f7=1, f8=1]] ===
java.lang.AssertionError: Card #1 should have all the components
	at org.junit.Assert.fail(Assert.java:89) ~[junit-4.13.jar:4.13]
	at org.junit.Assert.assertTrue(Assert.java:42) ~[junit-4.13.jar:4.13]
	at tests.BaseTest.checkTrue(BaseTest.java:92) ~[test-classes/:?]
	at tests.productCardsTests.ProductCardElementsTests.cardValidation(ProductCardElementsTests.java:61) ~[test-classes/:?]
	at jdk.internal.reflect.DirectMethodHandleAccessor.invoke(DirectMethodHandleAccessor.java:103) ~[?:?]
	at java.lang.reflect.Method.invoke(Method.java:580) ~[?:?]
	at org.junit.runners.model.FrameworkMethod$1.runReflectiveCall(FrameworkMethod.java:59) ~[junit-4.13.jar:4.13]
	at org.junit.internal.runners.model.ReflectiveCallable.run(ReflectiveCallable.java:12) ~[junit-4.13.jar:4.13]
	at org.junit.runners.model.FrameworkMethod.invokeExplosively(FrameworkMethod.java:56) ~[junit-4.13.jar:4.13]
	at org.junit.internal.runners.statements.InvokeMethod.evaluate(InvokeMethod.java:17) ~[junit-4.13.jar:4.13]
	at org.junit.internal.runners.statements.RunBefores.evaluate(RunBefores.java:26) ~[junit-4.13.jar:4.13]
	at org.junit.internal.runners.statements.RunAfters.evaluate(RunAfters.java:27) ~[junit-4.13.jar:4.13]
	at org.junit.rules.TestWatcher$1.evaluate(TestWatcher.java:61) [junit-4.13.jar:4.13]
	at org.junit.runners.ParentRunner$3.evaluate(ParentRunner.java:306) [junit-4.13.jar:4.13]
	at org.junit.runners.BlockJUnit4ClassRunner$1.evaluate(BlockJUnit4ClassRunner.java:100) [junit-4.13.jar:4.13]
	at org.junit.runners.ParentRunner.runLeaf(ParentRunner.java:366) [junit-4.13.jar:4.13]
	at org.junit.runners.BlockJUnit4ClassRunner.runChild(BlockJUnit4ClassRunner.java:103) [junit-4.13.jar:4.13]
	at org.junit.runners.BlockJUnit4ClassRunner.runChild(BlockJUnit4ClassRunner.java:63) [junit-4.13.jar:4.13]
	at org.junit.runners.ParentRunner$4.run(ParentRunner.java:331) [junit-4.13.jar:4.13]
	at org.junit.runners.ParentRunner$1.schedule(ParentRunner.java:79) [junit-4.13.jar:4.13]
	at org.junit.runners.ParentRunner.runChildren(ParentRunner.java:329) [junit-4.13.jar:4.13]
	at org.junit.runners.ParentRunner.access$100(ParentRunner.java:66) [junit-4.13.jar:4.13]
	at org.junit.runners.ParentRunner$2.evaluate(ParentRunner.java:293) [junit-4.13.jar:4.13]
	at org.junit.runners.ParentRunner.run(ParentRunner.java:413) [junit-4.13.jar:4.13]
	at org.junit.runners.Suite.runChild(Suite.java:128) [junit-4.13.jar:4.13]
	at org.junit.runners.Suite.runChild(Suite.java:27) [junit-4.13.jar:4.13]
	at org.junit.runners.ParentRunner$4.run(ParentRunner.java:331) [junit-4.13.jar:4.13]
	at org.junit.runners.ParentRunner$1.schedule(ParentRunner.java:79) [junit-4.13.jar:4.13]
	at org.junit.runners.ParentRunner.runChildren(ParentRunner.java:329) [junit-4.13.jar:4.13]
	at org.junit.runners.ParentRunner.access$100(ParentRunner.java:66) [junit-4.13.jar:4.13]
	at org.junit.runners.ParentRunner$2.evaluate(ParentRunner.java:293) [junit-4.13.jar:4.13]
	at org.junit.internal.runners.statements.RunAfters.evaluate(RunAfters.java:27) [junit-4.13.jar:4.13]
	at org.junit.runners.ParentRunner$3.evaluate(ParentRunner.java:306) [junit-4.13.jar:4.13]
	at org.junit.runners.ParentRunner.run(ParentRunner.java:413) [junit-4.13.jar:4.13]
	at org.eclipse.jdt.internal.junit4.runner.JUnit4TestReference.run(JUnit4TestReference.java:93) [.cp/:?]
	at org.eclipse.jdt.internal.junit.runner.TestExecution.run(TestExecution.java:40) [.cp/:?]
	at org.eclipse.jdt.internal.junit.runner.RemoteTestRunner.runTests(RemoteTestRunner.java:530) [.cp/:?]
	at org.eclipse.jdt.internal.junit.runner.RemoteTestRunner.runTests(RemoteTestRunner.java:758) [.cp/:?]
	at org.eclipse.jdt.internal.junit.runner.RemoteTestRunner.run(RemoteTestRunner.java:453) [.cp/:?]
	at org.eclipse.jdt.internal.junit.runner.RemoteTestRunner.main(RemoteTestRunner.java:211) [.cp/:?]
2025-12-30 03:21:44 INFO  === END   tests.productCardsTests.ProductCardElementsTests.cardValidation[Exp#1 [f1=1, f2=1, f3=1, f4=1, f5=1, f6=1, f7=1, f8=1]] ===
2025-12-30 03:21:44 INFO  === START tests.productCardsTests.ProductCardElementsTests.cardValidation[Exp#2 [f1=1, f2=1, f3=2, f4=2, f5=2, f6=2, f7=2, f8=2]] ===
2025-12-30 03:21:44 INFO  STEP: 📝 New input: Filling form fields.
2025-12-30 03:21:45 INFO  STEP: Card #1 have a Thumbnail
2025-12-30 03:21:45 INFO  STEP: Card #1 have a Title: Samsung Galaxy Tab White
2025-12-30 03:21:45 INFO  STEP: Card #1 have a Description: The Samsung Galaxy Tab in White is a sleek and versatile Android tablet. With a vibrant display, long-lasting battery, and a range of features, it offers a great user experience for various tasks.
2025-12-30 03:21:45 INFO  STEP: Card #1 have a Price: 349.99
2025-12-30 03:21:45 INFO  STEP PASS: Card #1 should have Rating (card rating: 3.7
(4 reviews)
2025-12-30 03:21:45 INFO  STEP PASS: Card #1 dont have a Additional Images Button
2025-12-30 03:21:45 ERROR STEP FAIL: Card #1 should have all the components
2025-12-30 03:21:45 ERROR === FAIL  tests.productCardsTests.ProductCardElementsTests.cardValidation[Exp#17 [f1=2, f2=3, f3=2, f4=1, f5=3, f6=1, f7=2, f8=3]] ===
java.lang.AssertionError: Card #1 should have all the components
	at org.junit.Assert.fail(Assert.java:89) ~[junit-4.13.jar:4.13]
	at org.junit.Assert.assertTrue(Assert.java:42) ~[junit-4.13.jar:4.13]
	at tests.BaseTest.checkTrue(BaseTest.java:92) ~[test-classes/:?]
	at tests.productCardsTests.ProductCardElementsTests.cardValidation(ProductCardElementsTests.java:61) ~[test-classes/:?]
	at jdk.internal.reflect.DirectMethodHandleAccessor.invoke(DirectMethodHandleAccessor.java:103) ~[?:?]
	at java.lang.reflect.Method.invoke(Method.java:580) ~[?:?]
	at org.junit.runners.model.FrameworkMethod$1.runReflectiveCall(FrameworkMethod.java:59) ~[junit-4.13.jar:4.13]
	at org.junit.internal.runners.model.ReflectiveCallable.run(ReflectiveCallable.java:12) ~[junit-4.13.jar:4.13]
	at org.junit.runners.model.FrameworkMethod.invokeExplosively(FrameworkMethod.java:56) ~[junit-4.13.jar:4.13]
	at org.junit.internal.runners.statements.InvokeMethod.evaluate(InvokeMethod.java:17) ~[junit-4.13.jar:4.13]
	at org.junit.internal.runners.statements.RunBefores.evaluate(RunBefores.java:26) ~[junit-4.13.jar:4.13]
	at org.junit.internal.runners.statements.RunAfters.evaluate(RunAfters.java:27) ~[junit-4.13.jar:4.13]
	at org.junit.rules.TestWatcher$1.evaluate(TestWatcher.java:61) [junit-4.13.jar:4.13]
	at org.junit.runners.ParentRunner$3.evaluate(ParentRunner.java:306) [junit-4.13.jar:4.13]
	at org.junit.runners.BlockJUnit4ClassRunner$1.evaluate(BlockJUnit4ClassRunner.java:100) [junit-4.13.jar:4.13]
	at org.junit.runners.ParentRunner.runLeaf(ParentRunner.java:366) [junit-4.13.jar:4.13]
	at org.junit.runners.BlockJUnit4ClassRunner.runChild(BlockJUnit4ClassRunner.java:103) [junit-4.13.jar:4.13]
	at org.junit.runners.BlockJUnit4ClassRunner.runChild(BlockJUnit4ClassRunner.java:63) [junit-4.13.jar:4.13]
	at org.junit.runners.ParentRunner$4.run(ParentRunner.java:331) [junit-4.13.jar:4.13]
	at org.junit.runners.ParentRunner$1.schedule(ParentRunner.java:79) [junit-4.13.jar:4.13]
	at org.junit.runners.ParentRunner.runChildren(ParentRunner.java:329) [junit-4.13.jar:4.13]
	at org.junit.runners.ParentRunner.access$100(ParentRunner.java:66) [junit-4.13.jar:4.13]
	at org.junit.runners.ParentRunner$2.evaluate(ParentRunner.java:293) [junit-4.13.jar:4.13]
	at org.junit.runners.ParentRunner.run(ParentRunner.java:413) [junit-4.13.jar:4.13]
	at org.junit.runners.Suite.runChild(Suite.java:128) [junit-4.13.jar:4.13]
	at org.junit.runners.Suite.runChild(Suite.java:27) [junit-4.13.jar:4.13]
	at org.junit.runners.ParentRunner$4.run(ParentRunner.java:331) [junit-4.13.jar:4.13]
	at org.junit.runners.ParentRunner$1.schedule(ParentRunner.java:79) [junit-4.13.jar:4.13]
	at org.junit.runners.ParentRunner.runChildren(ParentRunner.java:329) [junit-4.13.jar:4.13]
	at org.junit.runners.ParentRunner.access$100(ParentRunner.java:66) [junit-4.13.jar:4.13]
	at org.junit.runners.ParentRunner$2.evaluate(ParentRunner.java:293) [junit-4.13.jar:4.13]
	at org.junit.internal.runners.statements.RunAfters.evaluate(RunAfters.java:27) [junit-4.13.jar:4.13]
	at org.junit.runners.ParentRunner$3.evaluate(ParentRunner.java:306) [junit-4.13.jar:4.13]
	at org.junit.runners.ParentRunner.run(ParentRunner.java:413) [junit-4.13.jar:4.13]
	at org.eclipse.jdt.internal.junit4.runner.JUnit4TestReference.run(JUnit4TestReference.java:93) [.cp/:?]
	at org.eclipse.jdt.internal.junit.runner.TestExecution.run(TestExecution.java:40) [.cp/:?]
	at org.eclipse.jdt.internal.junit.runner.RemoteTestRunner.runTests(RemoteTestRunner.java:530) [.cp/:?]
	at org.eclipse.jdt.internal.junit.runner.RemoteTestRunner.runTests(RemoteTestRunner.java:758) [.cp/:?]
	at org.eclipse.jdt.internal.junit.runner.RemoteTestRunner.run(RemoteTestRunner.java:453) [.cp/:?]
	at org.eclipse.jdt.internal.junit.runner.RemoteTestRunner.main(RemoteTestRunner.java:211) [.cp/:?]
2025-12-30 03:21:45 INFO  === END   tests.productCardsTests.ProductCardElementsTests.cardValidation[Exp#17 [f1=2, f2=3, f3=2, f4=1, f5=3, f6=1, f7=2, f8=3]] ===
2025-12-30 03:21:45 INFO  === START tests.productCardsTests.ProductCardElementsTests.cardValidation[Exp#18 [f1=2, f2=3, f3=3, f4=2, f5=1, f6=2, f7=3, f8=1]] ===
2025-12-30 03:21:45 INFO  STEP: 📝 New input: Filling form fields.
2025-12-30 03:21:48 INFO  STEP: Card nuber 1 have a Thumbnail
2025-12-30 03:21:48 INFO  STEP: Card nuber 1 have a Title: Black Aluminium Cup
2025-12-30 03:21:48 INFO  STEP: Card nuber 1 have a Description: The Black Aluminium Cup is a stylish and durable cup suitable for both hot and cold beverages. Its sleek black design adds a modern touch to your drinkware collection.
2025-12-30 03:21:48 INFO  STEP: Card nuber 1 have a Price: 5.99
2025-12-30 03:21:48 INFO  STEP: Card nuber 1 have a Rating: 4.5
(4 reviews)
2025-12-30 03:21:48 INFO  STEP PASS: Card nuber 1 dont have a Additional Images Button
2025-12-30 03:21:48 ERROR STEP FAIL: Card #1 should have all the components
2025-12-30 03:21:48 ERROR === FAIL  tests.productCardsTests.ProductCardElementsTests.cardValidation[Exp#2 [f1=1, f2=1, f3=2, f4=2, f5=2, f6=2, f7=2, f8=2]] ===
java.lang.AssertionError: Card #1 should have all the components
	at org.junit.Assert.fail(Assert.java:89) ~[junit-4.13.jar:4.13]
	at org.junit.Assert.assertTrue(Assert.java:42) ~[junit-4.13.jar:4.13]
	at tests.BaseTest.checkTrue(BaseTest.java:92) ~[test-classes/:?]
	at tests.productCardsTests.ProductCardElementsTests.cardValidation(ProductCardElementsTests.java:61) ~[test-classes/:?]
	at jdk.internal.reflect.DirectMethodHandleAccessor.invoke(DirectMethodHandleAccessor.java:103) ~[?:?]
	at java.lang.reflect.Method.invoke(Method.java:580) ~[?:?]
	at org.junit.runners.model.FrameworkMethod$1.runReflectiveCall(FrameworkMethod.java:59) ~[junit-4.13.jar:4.13]
	at org.junit.internal.runners.model.ReflectiveCallable.run(ReflectiveCallable.java:12) ~[junit-4.13.jar:4.13]
	at org.junit.runners.model.FrameworkMethod.invokeExplosively(FrameworkMethod.java:56) ~[junit-4.13.jar:4.13]
	at org.junit.internal.runners.statements.InvokeMethod.evaluate(InvokeMethod.java:17) ~[junit-4.13.jar:4.13]
	at org.junit.internal.runners.statements.RunBefores.evaluate(RunBefores.java:26) ~[junit-4.13.jar:4.13]
	at org.junit.internal.runners.statements.RunAfters.evaluate(RunAfters.java:27) ~[junit-4.13.jar:4.13]
	at org.junit.rules.TestWatcher$1.evaluate(TestWatcher.java:61) [junit-4.13.jar:4.13]
	at org.junit.runners.ParentRunner$3.evaluate(ParentRunner.java:306) [junit-4.13.jar:4.13]
	at org.junit.runners.BlockJUnit4ClassRunner$1.evaluate(BlockJUnit4ClassRunner.java:100) [junit-4.13.jar:4.13]
	at org.junit.runners.ParentRunner.runLeaf(ParentRunner.java:366) [junit-4.13.jar:4.13]
	at org.junit.runners.BlockJUnit4ClassRunner.runChild(BlockJUnit4ClassRunner.java:103) [junit-4.13.jar:4.13]
	at org.junit.runners.BlockJUnit4ClassRunner.runChild(BlockJUnit4ClassRunner.java:63) [junit-4.13.jar:4.13]
	at org.junit.runners.ParentRunner$4.run(ParentRunner.java:331) [junit-4.13.jar:4.13]
	at org.junit.runners.ParentRunner$1.schedule(ParentRunner.java:79) [junit-4.13.jar:4.13]
	at org.junit.runners.ParentRunner.runChildren(ParentRunner.java:329) [junit-4.13.jar:4.13]
	at org.junit.runners.ParentRunner.access$100(ParentRunner.java:66) [junit-4.13.jar:4.13]
	at org.junit.runners.ParentRunner$2.evaluate(ParentRunner.java:293) [junit-4.13.jar:4.13]
	at org.junit.runners.ParentRunner.run(ParentRunner.java:413) [junit-4.13.jar:4.13]
	at org.junit.runners.Suite.runChild(Suite.java:128) [junit-4.13.jar:4.13]
	at org.junit.runners.Suite.runChild(Suite.java:27) [junit-4.13.jar:4.13]
	at org.junit.runners.ParentRunner$4.run(ParentRunner.java:331) [junit-4.13.jar:4.13]
	at org.junit.runners.ParentRunner$1.schedule(ParentRunner.java:79) [junit-4.13.jar:4.13]
	at org.junit.runners.ParentRunner.runChildren(ParentRunner.java:329) [junit-4.13.jar:4.13]
	at org.junit.runners.ParentRunner.access$100(ParentRunner.java:66) [junit-4.13.jar:4.13]
	at org.junit.runners.ParentRunner$2.evaluate(ParentRunner.java:293) [junit-4.13.jar:4.13]
	at org.junit.internal.runners.statements.RunAfters.evaluate(RunAfters.java:27) [junit-4.13.jar:4.13]
	at org.junit.runners.ParentRunner$3.evaluate(ParentRunner.java:306) [junit-4.13.jar:4.13]
	at org.junit.runners.ParentRunner.run(ParentRunner.java:413) [junit-4.13.jar:4.13]
	at org.eclipse.jdt.internal.junit4.runner.JUnit4TestReference.run(JUnit4TestReference.java:93) [.cp/:?]
	at org.eclipse.jdt.internal.junit.runner.TestExecution.run(TestExecution.java:40) [.cp/:?]
	at org.eclipse.jdt.internal.junit.runner.RemoteTestRunner.runTests(RemoteTestRunner.java:530) [.cp/:?]
	at org.eclipse.jdt.internal.junit.runner.RemoteTestRunner.runTests(RemoteTestRunner.java:758) [.cp/:?]
	at org.eclipse.jdt.internal.junit.runner.RemoteTestRunner.run(RemoteTestRunner.java:453) [.cp/:?]
	at org.eclipse.jdt.internal.junit.runner.RemoteTestRunner.main(RemoteTestRunner.java:211) [.cp/:?]
2025-12-30 03:21:48 INFO  === END   tests.productCardsTests.ProductCardElementsTests.cardValidation[Exp#2 [f1=1, f2=1, f3=2, f4=2, f5=2, f6=2, f7=2, f8=2]] ===
2025-12-30 03:21:48 INFO  === START tests.productCardsTests.ProductCardElementsTests.cardValidation[Exp#3 [f1=1, f2=1, f3=3, f4=3, f5=3, f6=3, f7=3, f8=3]] ===
2025-12-30 03:21:48 INFO  STEP: 📝 New input: Filling form fields.
2025-12-30 03:21:49 INFO  STEP: Card #1 have a Thumbnail
2025-12-30 03:21:49 INFO  STEP: Card #1 have a Title: iPhone 5s
2025-12-30 03:21:49 INFO  STEP: Card #1 have a Description: The iPhone 5s is a classic smartphone known for its compact design and advanced features during its release. While it's an older model, it still provides a reliable user experience.
2025-12-30 03:21:49 INFO  STEP: Card #1 have a Price: 199.99
2025-12-30 03:21:49 INFO  STEP PASS: Card #1 should have Rating (card rating: 2.8
(4 reviews)
2025-12-30 03:21:49 INFO  STEP PASS: Card #1 dont have a Additional Images Button
2025-12-30 03:21:49 ERROR STEP FAIL: Card #1 should have all the components
2025-12-30 03:21:49 ERROR === FAIL  tests.productCardsTests.ProductCardElementsTests.cardValidation[Exp#18 [f1=2, f2=3, f3=3, f4=2, f5=1, f6=2, f7=3, f8=1]] ===
java.lang.AssertionError: Card #1 should have all the components
	at org.junit.Assert.fail(Assert.java:89) ~[junit-4.13.jar:4.13]
	at org.junit.Assert.assertTrue(Assert.java:42) ~[junit-4.13.jar:4.13]
	at tests.BaseTest.checkTrue(BaseTest.java:92) ~[test-classes/:?]
	at tests.productCardsTests.ProductCardElementsTests.cardValidation(ProductCardElementsTests.java:61) ~[test-classes/:?]
	at jdk.internal.reflect.DirectMethodHandleAccessor.invoke(DirectMethodHandleAccessor.java:103) ~[?:?]
	at java.lang.reflect.Method.invoke(Method.java:580) ~[?:?]
	at org.junit.runners.model.FrameworkMethod$1.runReflectiveCall(FrameworkMethod.java:59) ~[junit-4.13.jar:4.13]
	at org.junit.internal.runners.model.ReflectiveCallable.run(ReflectiveCallable.java:12) ~[junit-4.13.jar:4.13]
	at org.junit.runners.model.FrameworkMethod.invokeExplosively(FrameworkMethod.java:56) ~[junit-4.13.jar:4.13]
	at org.junit.internal.runners.statements.InvokeMethod.evaluate(InvokeMethod.java:17) ~[junit-4.13.jar:4.13]
	at org.junit.internal.runners.statements.RunBefores.evaluate(RunBefores.java:26) ~[junit-4.13.jar:4.13]
	at org.junit.internal.runners.statements.RunAfters.evaluate(RunAfters.java:27) ~[junit-4.13.jar:4.13]
	at org.junit.rules.TestWatcher$1.evaluate(TestWatcher.java:61) [junit-4.13.jar:4.13]
	at org.junit.runners.ParentRunner$3.evaluate(ParentRunner.java:306) [junit-4.13.jar:4.13]
	at org.junit.runners.BlockJUnit4ClassRunner$1.evaluate(BlockJUnit4ClassRunner.java:100) [junit-4.13.jar:4.13]
	at org.junit.runners.ParentRunner.runLeaf(ParentRunner.java:366) [junit-4.13.jar:4.13]
	at org.junit.runners.BlockJUnit4ClassRunner.runChild(BlockJUnit4ClassRunner.java:103) [junit-4.13.jar:4.13]
	at org.junit.runners.BlockJUnit4ClassRunner.runChild(BlockJUnit4ClassRunner.java:63) [junit-4.13.jar:4.13]
	at org.junit.runners.ParentRunner$4.run(ParentRunner.java:331) [junit-4.13.jar:4.13]
	at org.junit.runners.ParentRunner$1.schedule(ParentRunner.java:79) [junit-4.13.jar:4.13]
	at org.junit.runners.ParentRunner.runChildren(ParentRunner.java:329) [junit-4.13.jar:4.13]
	at org.junit.runners.ParentRunner.access$100(ParentRunner.java:66) [junit-4.13.jar:4.13]
	at org.junit.runners.ParentRunner$2.evaluate(ParentRunner.java:293) [junit-4.13.jar:4.13]
	at org.junit.runners.ParentRunner.run(ParentRunner.java:413) [junit-4.13.jar:4.13]
	at org.junit.runners.Suite.runChild(Suite.java:128) [junit-4.13.jar:4.13]
	at org.junit.runners.Suite.runChild(Suite.java:27) [junit-4.13.jar:4.13]
	at org.junit.runners.ParentRunner$4.run(ParentRunner.java:331) [junit-4.13.jar:4.13]
	at org.junit.runners.ParentRunner$1.schedule(ParentRunner.java:79) [junit-4.13.jar:4.13]
	at org.junit.runners.ParentRunner.runChildren(ParentRunner.java:329) [junit-4.13.jar:4.13]
	at org.junit.runners.ParentRunner.access$100(ParentRunner.java:66) [junit-4.13.jar:4.13]
	at org.junit.runners.ParentRunner$2.evaluate(ParentRunner.java:293) [junit-4.13.jar:4.13]
	at org.junit.internal.runners.statements.RunAfters.evaluate(RunAfters.java:27) [junit-4.13.jar:4.13]
	at org.junit.runners.ParentRunner$3.evaluate(ParentRunner.java:306) [junit-4.13.jar:4.13]
	at org.junit.runners.ParentRunner.run(ParentRunner.java:413) [junit-4.13.jar:4.13]
	at org.eclipse.jdt.internal.junit4.runner.JUnit4TestReference.run(JUnit4TestReference.java:93) [.cp/:?]
	at org.eclipse.jdt.internal.junit.runner.TestExecution.run(TestExecution.java:40) [.cp/:?]
	at org.eclipse.jdt.internal.junit.runner.RemoteTestRunner.runTests(RemoteTestRunner.java:530) [.cp/:?]
	at org.eclipse.jdt.internal.junit.runner.RemoteTestRunner.runTests(RemoteTestRunner.java:758) [.cp/:?]
	at org.eclipse.jdt.internal.junit.runner.RemoteTestRunner.run(RemoteTestRunner.java:453) [.cp/:?]
	at org.eclipse.jdt.internal.junit.runner.RemoteTestRunner.main(RemoteTestRunner.java:211) [.cp/:?]
2025-12-30 03:21:49 INFO  === END   tests.productCardsTests.ProductCardElementsTests.cardValidation[Exp#18 [f1=2, f2=3, f3=3, f4=2, f5=1, f6=2, f7=3, f8=1]] ===
2025-12-30 03:21:49 INFO  === START tests.productCardsTests.ProductCardElementsTests.cardValidation[Exp#19 [f1=2, f2=3, f3=3, f4=2, f5=1, f6=1, f7=1, f8=2]] ===
2025-12-30 03:21:49 INFO  STEP: 📝 New input: Filling form fields.
2025-12-30 03:21:52 INFO  STEP: Card nuber 1 have a Thumbnail
2025-12-30 03:21:52 INFO  STEP: Card nuber 1 have a Title: Samsung Galaxy Tab White
2025-12-30 03:21:52 INFO  STEP: Card nuber 1 have a Description: The Samsung Galaxy Tab in White is a sleek and versatile Android tablet. With a vibrant display, long-lasting battery, and a range of features, it offers a great user experience for various tasks.
2025-12-30 03:21:52 INFO  STEP: Card nuber 1 have a Price: 349.99
2025-12-30 03:21:52 INFO  STEP: Card nuber 1 have a Rating: 3.7
(4 reviews)
2025-12-30 03:21:52 INFO  STEP PASS: Card nuber 1 dont have a Additional Images Button
2025-12-30 03:21:52 ERROR STEP FAIL: Card #1 should have all the components
2025-12-30 03:21:52 ERROR === FAIL  tests.productCardsTests.ProductCardElementsTests.cardValidation[Exp#3 [f1=1, f2=1, f3=3, f4=3, f5=3, f6=3, f7=3, f8=3]] ===
java.lang.AssertionError: Card #1 should have all the components
	at org.junit.Assert.fail(Assert.java:89) ~[junit-4.13.jar:4.13]
	at org.junit.Assert.assertTrue(Assert.java:42) ~[junit-4.13.jar:4.13]
	at tests.BaseTest.checkTrue(BaseTest.java:92) ~[test-classes/:?]
	at tests.productCardsTests.ProductCardElementsTests.cardValidation(ProductCardElementsTests.java:61) ~[test-classes/:?]
	at jdk.internal.reflect.DirectMethodHandleAccessor.invoke(DirectMethodHandleAccessor.java:103) ~[?:?]
	at java.lang.reflect.Method.invoke(Method.java:580) ~[?:?]
	at org.junit.runners.model.FrameworkMethod$1.runReflectiveCall(FrameworkMethod.java:59) ~[junit-4.13.jar:4.13]
	at org.junit.internal.runners.model.ReflectiveCallable.run(ReflectiveCallable.java:12) ~[junit-4.13.jar:4.13]
	at org.junit.runners.model.FrameworkMethod.invokeExplosively(FrameworkMethod.java:56) ~[junit-4.13.jar:4.13]
	at org.junit.internal.runners.statements.InvokeMethod.evaluate(InvokeMethod.java:17) ~[junit-4.13.jar:4.13]
	at org.junit.internal.runners.statements.RunBefores.evaluate(RunBefores.java:26) ~[junit-4.13.jar:4.13]
	at org.junit.internal.runners.statements.RunAfters.evaluate(RunAfters.java:27) ~[junit-4.13.jar:4.13]
	at org.junit.rules.TestWatcher$1.evaluate(TestWatcher.java:61) [junit-4.13.jar:4.13]
	at org.junit.runners.ParentRunner$3.evaluate(ParentRunner.java:306) [junit-4.13.jar:4.13]
	at org.junit.runners.BlockJUnit4ClassRunner$1.evaluate(BlockJUnit4ClassRunner.java:100) [junit-4.13.jar:4.13]
	at org.junit.runners.ParentRunner.runLeaf(ParentRunner.java:366) [junit-4.13.jar:4.13]
	at org.junit.runners.BlockJUnit4ClassRunner.runChild(BlockJUnit4ClassRunner.java:103) [junit-4.13.jar:4.13]
	at org.junit.runners.BlockJUnit4ClassRunner.runChild(BlockJUnit4ClassRunner.java:63) [junit-4.13.jar:4.13]
	at org.junit.runners.ParentRunner$4.run(ParentRunner.java:331) [junit-4.13.jar:4.13]
	at org.junit.runners.ParentRunner$1.schedule(ParentRunner.java:79) [junit-4.13.jar:4.13]
	at org.junit.runners.ParentRunner.runChildren(ParentRunner.java:329) [junit-4.13.jar:4.13]
	at org.junit.runners.ParentRunner.access$100(ParentRunner.java:66) [junit-4.13.jar:4.13]
	at org.junit.runners.ParentRunner$2.evaluate(ParentRunner.java:293) [junit-4.13.jar:4.13]
	at org.junit.runners.ParentRunner.run(ParentRunner.java:413) [junit-4.13.jar:4.13]
	at org.junit.runners.Suite.runChild(Suite.java:128) [junit-4.13.jar:4.13]
	at org.junit.runners.Suite.runChild(Suite.java:27) [junit-4.13.jar:4.13]
	at org.junit.runners.ParentRunner$4.run(ParentRunner.java:331) [junit-4.13.jar:4.13]
	at org.junit.runners.ParentRunner$1.schedule(ParentRunner.java:79) [junit-4.13.jar:4.13]
	at org.junit.runners.ParentRunner.runChildren(ParentRunner.java:329) [junit-4.13.jar:4.13]
	at org.junit.runners.ParentRunner.access$100(ParentRunner.java:66) [junit-4.13.jar:4.13]
	at org.junit.runners.ParentRunner$2.evaluate(ParentRunner.java:293) [junit-4.13.jar:4.13]
	at org.junit.internal.runners.statements.RunAfters.evaluate(RunAfters.java:27) [junit-4.13.jar:4.13]
	at org.junit.runners.ParentRunner$3.evaluate(ParentRunner.java:306) [junit-4.13.jar:4.13]
	at org.junit.runners.ParentRunner.run(ParentRunner.java:413) [junit-4.13.jar:4.13]
	at org.eclipse.jdt.internal.junit4.runner.JUnit4TestReference.run(JUnit4TestReference.java:93) [.cp/:?]
	at org.eclipse.jdt.internal.junit.runner.TestExecution.run(TestExecution.java:40) [.cp/:?]
	at org.eclipse.jdt.internal.junit.runner.RemoteTestRunner.runTests(RemoteTestRunner.java:530) [.cp/:?]
	at org.eclipse.jdt.internal.junit.runner.RemoteTestRunner.runTests(RemoteTestRunner.java:758) [.cp/:?]
	at org.eclipse.jdt.internal.junit.runner.RemoteTestRunner.run(RemoteTestRunner.java:453) [.cp/:?]
	at org.eclipse.jdt.internal.junit.runner.RemoteTestRunner.main(RemoteTestRunner.java:211) [.cp/:?]
2025-12-30 03:21:52 INFO  === END   tests.productCardsTests.ProductCardElementsTests.cardValidation[Exp#3 [f1=1, f2=1, f3=3, f4=3, f5=3, f6=3, f7=3, f8=3]] ===
2025-12-30 03:21:52 INFO  === START tests.productCardsTests.ProductCardElementsTests.cardValidation[Exp#4 [f1=1, f2=2, f3=1, f4=1, f5=2, f6=2, f7=3, f8=3]] ===
2025-12-30 03:21:52 INFO  STEP: 📝 New input: Filling form fields.
2025-12-30 03:21:52 INFO  STEP: Card #1 have a Thumbnail
2025-12-30 03:21:53 INFO  STEP: Card #1 have a Title: Plant Pot
2025-12-30 03:21:53 INFO  STEP: Card #1 have a Description: The Plant Pot is a stylish container for your favorite plants. With a sleek design, it complements your indoor or outdoor garden, adding a modern touch to your plant display.
2025-12-30 03:21:53 INFO  STEP: Card #1 have a Price: 14.99
2025-12-30 03:21:53 INFO  STEP PASS: Card #1 should have Rating (card rating: 3.0
(4 reviews)
2025-12-30 03:21:53 INFO  STEP PASS: Card #1 dont have a Additional Images Button
2025-12-30 03:21:53 ERROR STEP FAIL: Card #1 should have all the components
2025-12-30 03:21:53 ERROR === FAIL  tests.productCardsTests.ProductCardElementsTests.cardValidation[Exp#19 [f1=2, f2=3, f3=3, f4=2, f5=1, f6=1, f7=1, f8=2]] ===
java.lang.AssertionError: Card #1 should have all the components
	at org.junit.Assert.fail(Assert.java:89) ~[junit-4.13.jar:4.13]
	at org.junit.Assert.assertTrue(Assert.java:42) ~[junit-4.13.jar:4.13]
	at tests.BaseTest.checkTrue(BaseTest.java:92) ~[test-classes/:?]
	at tests.productCardsTests.ProductCardElementsTests.cardValidation(ProductCardElementsTests.java:61) ~[test-classes/:?]
	at jdk.internal.reflect.DirectMethodHandleAccessor.invoke(DirectMethodHandleAccessor.java:103) ~[?:?]
	at java.lang.reflect.Method.invoke(Method.java:580) ~[?:?]
	at org.junit.runners.model.FrameworkMethod$1.runReflectiveCall(FrameworkMethod.java:59) ~[junit-4.13.jar:4.13]
	at org.junit.internal.runners.model.ReflectiveCallable.run(ReflectiveCallable.java:12) ~[junit-4.13.jar:4.13]
	at org.junit.runners.model.FrameworkMethod.invokeExplosively(FrameworkMethod.java:56) ~[junit-4.13.jar:4.13]
	at org.junit.internal.runners.statements.InvokeMethod.evaluate(InvokeMethod.java:17) ~[junit-4.13.jar:4.13]
	at org.junit.internal.runners.statements.RunBefores.evaluate(RunBefores.java:26) ~[junit-4.13.jar:4.13]
	at org.junit.internal.runners.statements.RunAfters.evaluate(RunAfters.java:27) ~[junit-4.13.jar:4.13]
	at org.junit.rules.TestWatcher$1.evaluate(TestWatcher.java:61) [junit-4.13.jar:4.13]
	at org.junit.runners.ParentRunner$3.evaluate(ParentRunner.java:306) [junit-4.13.jar:4.13]
	at org.junit.runners.BlockJUnit4ClassRunner$1.evaluate(BlockJUnit4ClassRunner.java:100) [junit-4.13.jar:4.13]
	at org.junit.runners.ParentRunner.runLeaf(ParentRunner.java:366) [junit-4.13.jar:4.13]
	at org.junit.runners.BlockJUnit4ClassRunner.runChild(BlockJUnit4ClassRunner.java:103) [junit-4.13.jar:4.13]
	at org.junit.runners.BlockJUnit4ClassRunner.runChild(BlockJUnit4ClassRunner.java:63) [junit-4.13.jar:4.13]
	at org.junit.runners.ParentRunner$4.run(ParentRunner.java:331) [junit-4.13.jar:4.13]
	at org.junit.runners.ParentRunner$1.schedule(ParentRunner.java:79) [junit-4.13.jar:4.13]
	at org.junit.runners.ParentRunner.runChildren(ParentRunner.java:329) [junit-4.13.jar:4.13]
	at org.junit.runners.ParentRunner.access$100(ParentRunner.java:66) [junit-4.13.jar:4.13]
	at org.junit.runners.ParentRunner$2.evaluate(ParentRunner.java:293) [junit-4.13.jar:4.13]
	at org.junit.runners.ParentRunner.run(ParentRunner.java:413) [junit-4.13.jar:4.13]
	at org.junit.runners.Suite.runChild(Suite.java:128) [junit-4.13.jar:4.13]
	at org.junit.runners.Suite.runChild(Suite.java:27) [junit-4.13.jar:4.13]
	at org.junit.runners.ParentRunner$4.run(ParentRunner.java:331) [junit-4.13.jar:4.13]
	at org.junit.runners.ParentRunner$1.schedule(ParentRunner.java:79) [junit-4.13.jar:4.13]
	at org.junit.runners.ParentRunner.runChildren(ParentRunner.java:329) [junit-4.13.jar:4.13]
	at org.junit.runners.ParentRunner.access$100(ParentRunner.java:66) [junit-4.13.jar:4.13]
	at org.junit.runners.ParentRunner$2.evaluate(ParentRunner.java:293) [junit-4.13.jar:4.13]
	at org.junit.internal.runners.statements.RunAfters.evaluate(RunAfters.java:27) [junit-4.13.jar:4.13]
	at org.junit.runners.ParentRunner$3.evaluate(ParentRunner.java:306) [junit-4.13.jar:4.13]
	at org.junit.runners.ParentRunner.run(ParentRunner.java:413) [junit-4.13.jar:4.13]
	at org.eclipse.jdt.internal.junit4.runner.JUnit4TestReference.run(JUnit4TestReference.java:93) [.cp/:?]
	at org.eclipse.jdt.internal.junit.runner.TestExecution.run(TestExecution.java:40) [.cp/:?]
	at org.eclipse.jdt.internal.junit.runner.RemoteTestRunner.runTests(RemoteTestRunner.java:530) [.cp/:?]
	at org.eclipse.jdt.internal.junit.runner.RemoteTestRunner.runTests(RemoteTestRunner.java:758) [.cp/:?]
	at org.eclipse.jdt.internal.junit.runner.RemoteTestRunner.run(RemoteTestRunner.java:453) [.cp/:?]
	at org.eclipse.jdt.internal.junit.runner.RemoteTestRunner.main(RemoteTestRunner.java:211) [.cp/:?]
2025-12-30 03:21:53 INFO  === END   tests.productCardsTests.ProductCardElementsTests.cardValidation[Exp#19 [f1=2, f2=3, f3=3, f4=2, f5=1, f6=1, f7=1, f8=2]] ===
2025-12-30 03:21:53 INFO  === START tests.productCardsTests.ProductCardElementsTests.cardValidation[Exp#20 [f1=2, f2=3, f3=3, f4=3, f5=3, f6=3, f7=3, f8=3]] ===
2025-12-30 03:21:53 INFO  STEP: 📝 New input: Filling form fields.
2025-12-30 03:21:56 INFO  STEP: Card nuber 1 have a Thumbnail
2025-12-30 03:21:56 INFO  STEP: Card nuber 1 have a Title: Plant Pot
2025-12-30 03:21:56 INFO  STEP: Card nuber 1 have a Description: The Plant Pot is a stylish container for your favorite plants. With a sleek design, it complements your indoor or outdoor garden, adding a modern touch to your plant display.
2025-12-30 03:21:56 INFO  STEP: Card nuber 1 have a Price: 14.99
2025-12-30 03:21:56 INFO  STEP: Card nuber 1 have a Rating: 3.0
(4 reviews)
2025-12-30 03:21:56 INFO  STEP PASS: Card nuber 1 dont have a Additional Images Button
2025-12-30 03:21:56 ERROR STEP FAIL: Card #1 should have all the components
2025-12-30 03:21:56 ERROR === FAIL  tests.productCardsTests.ProductCardElementsTests.cardValidation[Exp#4 [f1=1, f2=2, f3=1, f4=1, f5=2, f6=2, f7=3, f8=3]] ===
java.lang.AssertionError: Card #1 should have all the components
	at org.junit.Assert.fail(Assert.java:89) ~[junit-4.13.jar:4.13]
	at org.junit.Assert.assertTrue(Assert.java:42) ~[junit-4.13.jar:4.13]
	at tests.BaseTest.checkTrue(BaseTest.java:92) ~[test-classes/:?]
	at tests.productCardsTests.ProductCardElementsTests.cardValidation(ProductCardElementsTests.java:61) ~[test-classes/:?]
	at jdk.internal.reflect.DirectMethodHandleAccessor.invoke(DirectMethodHandleAccessor.java:103) ~[?:?]
	at java.lang.reflect.Method.invoke(Method.java:580) ~[?:?]
	at org.junit.runners.model.FrameworkMethod$1.runReflectiveCall(FrameworkMethod.java:59) ~[junit-4.13.jar:4.13]
	at org.junit.internal.runners.model.ReflectiveCallable.run(ReflectiveCallable.java:12) ~[junit-4.13.jar:4.13]
	at org.junit.runners.model.FrameworkMethod.invokeExplosively(FrameworkMethod.java:56) ~[junit-4.13.jar:4.13]
	at org.junit.internal.runners.statements.InvokeMethod.evaluate(InvokeMethod.java:17) ~[junit-4.13.jar:4.13]
	at org.junit.internal.runners.statements.RunBefores.evaluate(RunBefores.java:26) ~[junit-4.13.jar:4.13]
	at org.junit.internal.runners.statements.RunAfters.evaluate(RunAfters.java:27) ~[junit-4.13.jar:4.13]
	at org.junit.rules.TestWatcher$1.evaluate(TestWatcher.java:61) [junit-4.13.jar:4.13]
	at org.junit.runners.ParentRunner$3.evaluate(ParentRunner.java:306) [junit-4.13.jar:4.13]
	at org.junit.runners.BlockJUnit4ClassRunner$1.evaluate(BlockJUnit4ClassRunner.java:100) [junit-4.13.jar:4.13]
	at org.junit.runners.ParentRunner.runLeaf(ParentRunner.java:366) [junit-4.13.jar:4.13]
	at org.junit.runners.BlockJUnit4ClassRunner.runChild(BlockJUnit4ClassRunner.java:103) [junit-4.13.jar:4.13]
	at org.junit.runners.BlockJUnit4ClassRunner.runChild(BlockJUnit4ClassRunner.java:63) [junit-4.13.jar:4.13]
	at org.junit.runners.ParentRunner$4.run(ParentRunner.java:331) [junit-4.13.jar:4.13]
	at org.junit.runners.ParentRunner$1.schedule(ParentRunner.java:79) [junit-4.13.jar:4.13]
	at org.junit.runners.ParentRunner.runChildren(ParentRunner.java:329) [junit-4.13.jar:4.13]
	at org.junit.runners.ParentRunner.access$100(ParentRunner.java:66) [junit-4.13.jar:4.13]
	at org.junit.runners.ParentRunner$2.evaluate(ParentRunner.java:293) [junit-4.13.jar:4.13]
	at org.junit.runners.ParentRunner.run(ParentRunner.java:413) [junit-4.13.jar:4.13]
	at org.junit.runners.Suite.runChild(Suite.java:128) [junit-4.13.jar:4.13]
	at org.junit.runners.Suite.runChild(Suite.java:27) [junit-4.13.jar:4.13]
	at org.junit.runners.ParentRunner$4.run(ParentRunner.java:331) [junit-4.13.jar:4.13]
	at org.junit.runners.ParentRunner$1.schedule(ParentRunner.java:79) [junit-4.13.jar:4.13]
	at org.junit.runners.ParentRunner.runChildren(ParentRunner.java:329) [junit-4.13.jar:4.13]
	at org.junit.runners.ParentRunner.access$100(ParentRunner.java:66) [junit-4.13.jar:4.13]
	at org.junit.runners.ParentRunner$2.evaluate(ParentRunner.java:293) [junit-4.13.jar:4.13]
	at org.junit.internal.runners.statements.RunAfters.evaluate(RunAfters.java:27) [junit-4.13.jar:4.13]
	at org.junit.runners.ParentRunner$3.evaluate(ParentRunner.java:306) [junit-4.13.jar:4.13]
	at org.junit.runners.ParentRunner.run(ParentRunner.java:413) [junit-4.13.jar:4.13]
	at org.eclipse.jdt.internal.junit4.runner.JUnit4TestReference.run(JUnit4TestReference.java:93) [.cp/:?]
	at org.eclipse.jdt.internal.junit.runner.TestExecution.run(TestExecution.java:40) [.cp/:?]
	at org.eclipse.jdt.internal.junit.runner.RemoteTestRunner.runTests(RemoteTestRunner.java:530) [.cp/:?]
	at org.eclipse.jdt.internal.junit.runner.RemoteTestRunner.runTests(RemoteTestRunner.java:758) [.cp/:?]
	at org.eclipse.jdt.internal.junit.runner.RemoteTestRunner.run(RemoteTestRunner.java:453) [.cp/:?]
	at org.eclipse.jdt.internal.junit.runner.RemoteTestRunner.main(RemoteTestRunner.java:211) [.cp/:?]
2025-12-30 03:21:56 INFO  === END   tests.productCardsTests.ProductCardElementsTests.cardValidation[Exp#4 [f1=1, f2=2, f3=1, f4=1, f5=2, f6=2, f7=3, f8=3]] ===
2025-12-30 03:21:56 INFO  === START tests.productCardsTests.ProductCardElementsTests.cardValidation[Exp#5 [f1=1, f2=2, f3=2, f4=2, f5=3, f6=3, f7=1, f8=1]] ===
2025-12-30 03:21:56 INFO  STEP: 📝 New input: Filling form fields.
2025-12-30 03:21:57 INFO  STEP: Card #1 have a Thumbnail
2025-12-30 03:21:57 INFO  STEP: Card #1 have a Title: Samsung Galaxy Tab White
2025-12-30 03:21:57 INFO  STEP: Card #1 have a Description: The Samsung Galaxy Tab in White is a sleek and versatile Android tablet. With a vibrant display, long-lasting battery, and a range of features, it offers a great user experience for various tasks.
2025-12-30 03:21:57 INFO  STEP: Card #1 have a Price: 349.99
2025-12-30 03:21:57 INFO  STEP PASS: Card #1 should have Rating (card rating: 3.7
(4 reviews)
2025-12-30 03:21:57 INFO  STEP PASS: Card #1 dont have a Additional Images Button
2025-12-30 03:21:57 ERROR STEP FAIL: Card #1 should have all the components
2025-12-30 03:21:57 ERROR === FAIL  tests.productCardsTests.ProductCardElementsTests.cardValidation[Exp#20 [f1=2, f2=3, f3=3, f4=3, f5=3, f6=3, f7=3, f8=3]] ===
java.lang.AssertionError: Card #1 should have all the components
	at org.junit.Assert.fail(Assert.java:89) ~[junit-4.13.jar:4.13]
	at org.junit.Assert.assertTrue(Assert.java:42) ~[junit-4.13.jar:4.13]
	at tests.BaseTest.checkTrue(BaseTest.java:92) ~[test-classes/:?]
	at tests.productCardsTests.ProductCardElementsTests.cardValidation(ProductCardElementsTests.java:61) ~[test-classes/:?]
	at jdk.internal.reflect.DirectMethodHandleAccessor.invoke(DirectMethodHandleAccessor.java:103) ~[?:?]
	at java.lang.reflect.Method.invoke(Method.java:580) ~[?:?]
	at org.junit.runners.model.FrameworkMethod$1.runReflectiveCall(FrameworkMethod.java:59) ~[junit-4.13.jar:4.13]
	at org.junit.internal.runners.model.ReflectiveCallable.run(ReflectiveCallable.java:12) ~[junit-4.13.jar:4.13]
	at org.junit.runners.model.FrameworkMethod.invokeExplosively(FrameworkMethod.java:56) ~[junit-4.13.jar:4.13]
	at org.junit.internal.runners.statements.InvokeMethod.evaluate(InvokeMethod.java:17) ~[junit-4.13.jar:4.13]
	at org.junit.internal.runners.statements.RunBefores.evaluate(RunBefores.java:26) ~[junit-4.13.jar:4.13]
	at org.junit.internal.runners.statements.RunAfters.evaluate(RunAfters.java:27) ~[junit-4.13.jar:4.13]
	at org.junit.rules.TestWatcher$1.evaluate(TestWatcher.java:61) [junit-4.13.jar:4.13]
	at org.junit.runners.ParentRunner$3.evaluate(ParentRunner.java:306) [junit-4.13.jar:4.13]
	at org.junit.runners.BlockJUnit4ClassRunner$1.evaluate(BlockJUnit4ClassRunner.java:100) [junit-4.13.jar:4.13]
	at org.junit.runners.ParentRunner.runLeaf(ParentRunner.java:366) [junit-4.13.jar:4.13]
	at org.junit.runners.BlockJUnit4ClassRunner.runChild(BlockJUnit4ClassRunner.java:103) [junit-4.13.jar:4.13]
	at org.junit.runners.BlockJUnit4ClassRunner.runChild(BlockJUnit4ClassRunner.java:63) [junit-4.13.jar:4.13]
	at org.junit.runners.ParentRunner$4.run(ParentRunner.java:331) [junit-4.13.jar:4.13]
	at org.junit.runners.ParentRunner$1.schedule(ParentRunner.java:79) [junit-4.13.jar:4.13]
	at org.junit.runners.ParentRunner.runChildren(ParentRunner.java:329) [junit-4.13.jar:4.13]
	at org.junit.runners.ParentRunner.access$100(ParentRunner.java:66) [junit-4.13.jar:4.13]
	at org.junit.runners.ParentRunner$2.evaluate(ParentRunner.java:293) [junit-4.13.jar:4.13]
	at org.junit.runners.ParentRunner.run(ParentRunner.java:413) [junit-4.13.jar:4.13]
	at org.junit.runners.Suite.runChild(Suite.java:128) [junit-4.13.jar:4.13]
	at org.junit.runners.Suite.runChild(Suite.java:27) [junit-4.13.jar:4.13]
	at org.junit.runners.ParentRunner$4.run(ParentRunner.java:331) [junit-4.13.jar:4.13]
	at org.junit.runners.ParentRunner$1.schedule(ParentRunner.java:79) [junit-4.13.jar:4.13]
	at org.junit.runners.ParentRunner.runChildren(ParentRunner.java:329) [junit-4.13.jar:4.13]
	at org.junit.runners.ParentRunner.access$100(ParentRunner.java:66) [junit-4.13.jar:4.13]
	at org.junit.runners.ParentRunner$2.evaluate(ParentRunner.java:293) [junit-4.13.jar:4.13]
	at org.junit.internal.runners.statements.RunAfters.evaluate(RunAfters.java:27) [junit-4.13.jar:4.13]
	at org.junit.runners.ParentRunner$3.evaluate(ParentRunner.java:306) [junit-4.13.jar:4.13]
	at org.junit.runners.ParentRunner.run(ParentRunner.java:413) [junit-4.13.jar:4.13]
	at org.eclipse.jdt.internal.junit4.runner.JUnit4TestReference.run(JUnit4TestReference.java:93) [.cp/:?]
	at org.eclipse.jdt.internal.junit.runner.TestExecution.run(TestExecution.java:40) [.cp/:?]
	at org.eclipse.jdt.internal.junit.runner.RemoteTestRunner.runTests(RemoteTestRunner.java:530) [.cp/:?]
	at org.eclipse.jdt.internal.junit.runner.RemoteTestRunner.runTests(RemoteTestRunner.java:758) [.cp/:?]
	at org.eclipse.jdt.internal.junit.runner.RemoteTestRunner.run(RemoteTestRunner.java:453) [.cp/:?]
	at org.eclipse.jdt.internal.junit.runner.RemoteTestRunner.main(RemoteTestRunner.java:211) [.cp/:?]
2025-12-30 03:21:57 INFO  === END   tests.productCardsTests.ProductCardElementsTests.cardValidation[Exp#20 [f1=2, f2=3, f3=3, f4=3, f5=3, f6=3, f7=3, f8=3]] ===
2025-12-30 03:22:00 INFO  STEP: Card nuber 1 have a Thumbnail
2025-12-30 03:22:00 INFO  STEP: Card nuber 1 have a Title: Black Aluminium Cup
2025-12-30 03:22:00 INFO  STEP: Card nuber 1 have a Description: The Black Aluminium Cup is a stylish and durable cup suitable for both hot and cold beverages. Its sleek black design adds a modern touch to your drinkware collection.
2025-12-30 03:22:00 INFO  STEP: Card nuber 1 have a Price: 5.99
2025-12-30 03:22:00 INFO  STEP: Card nuber 1 have a Rating: 4.5
(4 reviews)
2025-12-30 03:22:00 INFO  STEP PASS: Card nuber 1 dont have a Additional Images Button
2025-12-30 03:22:00 ERROR STEP FAIL: Card #1 should have all the components
2025-12-30 03:22:00 ERROR === FAIL  tests.productCardsTests.ProductCardElementsTests.cardValidation[Exp#5 [f1=1, f2=2, f3=2, f4=2, f5=3, f6=3, f7=1, f8=1]] ===
java.lang.AssertionError: Card #1 should have all the components
	at org.junit.Assert.fail(Assert.java:89) ~[junit-4.13.jar:4.13]
	at org.junit.Assert.assertTrue(Assert.java:42) ~[junit-4.13.jar:4.13]
	at tests.BaseTest.checkTrue(BaseTest.java:92) ~[test-classes/:?]
	at tests.productCardsTests.ProductCardElementsTests.cardValidation(ProductCardElementsTests.java:61) ~[test-classes/:?]
	at jdk.internal.reflect.DirectMethodHandleAccessor.invoke(DirectMethodHandleAccessor.java:103) ~[?:?]
	at java.lang.reflect.Method.invoke(Method.java:580) ~[?:?]
	at org.junit.runners.model.FrameworkMethod$1.runReflectiveCall(FrameworkMethod.java:59) ~[junit-4.13.jar:4.13]
	at org.junit.internal.runners.model.ReflectiveCallable.run(ReflectiveCallable.java:12) ~[junit-4.13.jar:4.13]
	at org.junit.runners.model.FrameworkMethod.invokeExplosively(FrameworkMethod.java:56) ~[junit-4.13.jar:4.13]
	at org.junit.internal.runners.statements.InvokeMethod.evaluate(InvokeMethod.java:17) ~[junit-4.13.jar:4.13]
	at org.junit.internal.runners.statements.RunBefores.evaluate(RunBefores.java:26) ~[junit-4.13.jar:4.13]
	at org.junit.internal.runners.statements.RunAfters.evaluate(RunAfters.java:27) ~[junit-4.13.jar:4.13]
	at org.junit.rules.TestWatcher$1.evaluate(TestWatcher.java:61) [junit-4.13.jar:4.13]
	at org.junit.runners.ParentRunner$3.evaluate(ParentRunner.java:306) [junit-4.13.jar:4.13]
	at org.junit.runners.BlockJUnit4ClassRunner$1.evaluate(BlockJUnit4ClassRunner.java:100) [junit-4.13.jar:4.13]
	at org.junit.runners.ParentRunner.runLeaf(ParentRunner.java:366) [junit-4.13.jar:4.13]
	at org.junit.runners.BlockJUnit4ClassRunner.runChild(BlockJUnit4ClassRunner.java:103) [junit-4.13.jar:4.13]
	at org.junit.runners.BlockJUnit4ClassRunner.runChild(BlockJUnit4ClassRunner.java:63) [junit-4.13.jar:4.13]
	at org.junit.runners.ParentRunner$4.run(ParentRunner.java:331) [junit-4.13.jar:4.13]
	at org.junit.runners.ParentRunner$1.schedule(ParentRunner.java:79) [junit-4.13.jar:4.13]
	at org.junit.runners.ParentRunner.runChildren(ParentRunner.java:329) [junit-4.13.jar:4.13]
	at org.junit.runners.ParentRunner.access$100(ParentRunner.java:66) [junit-4.13.jar:4.13]
	at org.junit.runners.ParentRunner$2.evaluate(ParentRunner.java:293) [junit-4.13.jar:4.13]
	at org.junit.runners.ParentRunner.run(ParentRunner.java:413) [junit-4.13.jar:4.13]
	at org.junit.runners.Suite.runChild(Suite.java:128) [junit-4.13.jar:4.13]
	at org.junit.runners.Suite.runChild(Suite.java:27) [junit-4.13.jar:4.13]
	at org.junit.runners.ParentRunner$4.run(ParentRunner.java:331) [junit-4.13.jar:4.13]
	at org.junit.runners.ParentRunner$1.schedule(ParentRunner.java:79) [junit-4.13.jar:4.13]
	at org.junit.runners.ParentRunner.runChildren(ParentRunner.java:329) [junit-4.13.jar:4.13]
	at org.junit.runners.ParentRunner.access$100(ParentRunner.java:66) [junit-4.13.jar:4.13]
	at org.junit.runners.ParentRunner$2.evaluate(ParentRunner.java:293) [junit-4.13.jar:4.13]
	at org.junit.internal.runners.statements.RunAfters.evaluate(RunAfters.java:27) [junit-4.13.jar:4.13]
	at org.junit.runners.ParentRunner$3.evaluate(ParentRunner.java:306) [junit-4.13.jar:4.13]
	at org.junit.runners.ParentRunner.run(ParentRunner.java:413) [junit-4.13.jar:4.13]
	at org.eclipse.jdt.internal.junit4.runner.JUnit4TestReference.run(JUnit4TestReference.java:93) [.cp/:?]
	at org.eclipse.jdt.internal.junit.runner.TestExecution.run(TestExecution.java:40) [.cp/:?]
	at org.eclipse.jdt.internal.junit.runner.RemoteTestRunner.runTests(RemoteTestRunner.java:530) [.cp/:?]
	at org.eclipse.jdt.internal.junit.runner.RemoteTestRunner.runTests(RemoteTestRunner.java:758) [.cp/:?]
	at org.eclipse.jdt.internal.junit.runner.RemoteTestRunner.run(RemoteTestRunner.java:453) [.cp/:?]
	at org.eclipse.jdt.internal.junit.runner.RemoteTestRunner.main(RemoteTestRunner.java:211) [.cp/:?]
2025-12-30 03:22:00 INFO  === END   tests.productCardsTests.ProductCardElementsTests.cardValidation[Exp#5 [f1=1, f2=2, f3=2, f4=2, f5=3, f6=3, f7=1, f8=1]] ===
2025-12-30 03:22:00 INFO  === START tests.productCardsTests.ProductCardElementsTests.cardValidation[Exp#6 [f1=1, f2=2, f3=3, f4=3, f5=1, f6=1, f7=2, f8=2]] ===
2025-12-30 03:22:00 INFO  STEP: 📝 New input: Filling form fields.
2025-12-30 03:22:04 INFO  STEP: Card nuber 1 have a Thumbnail
2025-12-30 03:22:04 INFO  STEP: Card nuber 1 have a Title: Baseball Ball
2025-12-30 03:22:04 INFO  STEP: Card nuber 1 have a Description: The Baseball Ball is a standard baseball used in baseball games. It features a durable leather cover and is designed for pitching, hitting, and fielding in the game of baseball.
2025-12-30 03:22:04 INFO  STEP: Card nuber 1 have a Price: 8.99
2025-12-30 03:22:04 INFO  STEP: Card nuber 1 have a Rating: 2.6
(4 reviews)
2025-12-30 03:22:04 INFO  STEP PASS: Card nuber 1 dont have a Additional Images Button
2025-12-30 03:22:04 ERROR STEP FAIL: Card #1 should have all the components
2025-12-30 03:22:04 ERROR === FAIL  tests.productCardsTests.ProductCardElementsTests.cardValidation[Exp#6 [f1=1, f2=2, f3=3, f4=3, f5=1, f6=1, f7=2, f8=2]] ===
java.lang.AssertionError: Card #1 should have all the components
	at org.junit.Assert.fail(Assert.java:89) ~[junit-4.13.jar:4.13]
	at org.junit.Assert.assertTrue(Assert.java:42) ~[junit-4.13.jar:4.13]
	at tests.BaseTest.checkTrue(BaseTest.java:92) ~[test-classes/:?]
	at tests.productCardsTests.ProductCardElementsTests.cardValidation(ProductCardElementsTests.java:61) ~[test-classes/:?]
	at jdk.internal.reflect.DirectMethodHandleAccessor.invoke(DirectMethodHandleAccessor.java:103) ~[?:?]
	at java.lang.reflect.Method.invoke(Method.java:580) ~[?:?]
	at org.junit.runners.model.FrameworkMethod$1.runReflectiveCall(FrameworkMethod.java:59) ~[junit-4.13.jar:4.13]
	at org.junit.internal.runners.model.ReflectiveCallable.run(ReflectiveCallable.java:12) ~[junit-4.13.jar:4.13]
	at org.junit.runners.model.FrameworkMethod.invokeExplosively(FrameworkMethod.java:56) ~[junit-4.13.jar:4.13]
	at org.junit.internal.runners.statements.InvokeMethod.evaluate(InvokeMethod.java:17) ~[junit-4.13.jar:4.13]
	at org.junit.internal.runners.statements.RunBefores.evaluate(RunBefores.java:26) ~[junit-4.13.jar:4.13]
	at org.junit.internal.runners.statements.RunAfters.evaluate(RunAfters.java:27) ~[junit-4.13.jar:4.13]
	at org.junit.rules.TestWatcher$1.evaluate(TestWatcher.java:61) [junit-4.13.jar:4.13]
	at org.junit.runners.ParentRunner$3.evaluate(ParentRunner.java:306) [junit-4.13.jar:4.13]
	at org.junit.runners.BlockJUnit4ClassRunner$1.evaluate(BlockJUnit4ClassRunner.java:100) [junit-4.13.jar:4.13]
	at org.junit.runners.ParentRunner.runLeaf(ParentRunner.java:366) [junit-4.13.jar:4.13]
	at org.junit.runners.BlockJUnit4ClassRunner.runChild(BlockJUnit4ClassRunner.java:103) [junit-4.13.jar:4.13]
	at org.junit.runners.BlockJUnit4ClassRunner.runChild(BlockJUnit4ClassRunner.java:63) [junit-4.13.jar:4.13]
	at org.junit.runners.ParentRunner$4.run(ParentRunner.java:331) [junit-4.13.jar:4.13]
	at org.junit.runners.ParentRunner$1.schedule(ParentRunner.java:79) [junit-4.13.jar:4.13]
	at org.junit.runners.ParentRunner.runChildren(ParentRunner.java:329) [junit-4.13.jar:4.13]
	at org.junit.runners.ParentRunner.access$100(ParentRunner.java:66) [junit-4.13.jar:4.13]
	at org.junit.runners.ParentRunner$2.evaluate(ParentRunner.java:293) [junit-4.13.jar:4.13]
	at org.junit.runners.ParentRunner.run(ParentRunner.java:413) [junit-4.13.jar:4.13]
	at org.junit.runners.Suite.runChild(Suite.java:128) [junit-4.13.jar:4.13]
	at org.junit.runners.Suite.runChild(Suite.java:27) [junit-4.13.jar:4.13]
	at org.junit.runners.ParentRunner$4.run(ParentRunner.java:331) [junit-4.13.jar:4.13]
	at org.junit.runners.ParentRunner$1.schedule(ParentRunner.java:79) [junit-4.13.jar:4.13]
	at org.junit.runners.ParentRunner.runChildren(ParentRunner.java:329) [junit-4.13.jar:4.13]
	at org.junit.runners.ParentRunner.access$100(ParentRunner.java:66) [junit-4.13.jar:4.13]
	at org.junit.runners.ParentRunner$2.evaluate(ParentRunner.java:293) [junit-4.13.jar:4.13]
	at org.junit.internal.runners.statements.RunAfters.evaluate(RunAfters.java:27) [junit-4.13.jar:4.13]
	at org.junit.runners.ParentRunner$3.evaluate(ParentRunner.java:306) [junit-4.13.jar:4.13]
	at org.junit.runners.ParentRunner.run(ParentRunner.java:413) [junit-4.13.jar:4.13]
	at org.eclipse.jdt.internal.junit4.runner.JUnit4TestReference.run(JUnit4TestReference.java:93) [.cp/:?]
	at org.eclipse.jdt.internal.junit.runner.TestExecution.run(TestExecution.java:40) [.cp/:?]
	at org.eclipse.jdt.internal.junit.runner.RemoteTestRunner.runTests(RemoteTestRunner.java:530) [.cp/:?]
	at org.eclipse.jdt.internal.junit.runner.RemoteTestRunner.runTests(RemoteTestRunner.java:758) [.cp/:?]
	at org.eclipse.jdt.internal.junit.runner.RemoteTestRunner.run(RemoteTestRunner.java:453) [.cp/:?]
	at org.eclipse.jdt.internal.junit.runner.RemoteTestRunner.main(RemoteTestRunner.java:211) [.cp/:?]
2025-12-30 03:22:04 INFO  === END   tests.productCardsTests.ProductCardElementsTests.cardValidation[Exp#6 [f1=1, f2=2, f3=3, f4=3, f5=1, f6=1, f7=2, f8=2]] ===
2025-12-30 03:22:04 INFO  === START tests.productCardsTests.ProductCardElementsTests.cardValidation[Exp#7 [f1=1, f2=3, f3=1, f4=2, f5=1, f6=3, f7=2, f8=3]] ===
2025-12-30 03:22:04 INFO  STEP: 📝 New input: Filling form fields.
2025-12-30 03:22:08 INFO  STEP: Card nuber 1 have a Thumbnail
2025-12-30 03:22:08 INFO  STEP: Card nuber 1 have a Title: Baseball Ball
2025-12-30 03:22:08 INFO  STEP: Card nuber 1 have a Description: The Baseball Ball is a standard baseball used in baseball games. It features a durable leather cover and is designed for pitching, hitting, and fielding in the game of baseball.
2025-12-30 03:22:08 INFO  STEP: Card nuber 1 have a Price: 8.99
2025-12-30 03:22:08 INFO  STEP: Card nuber 1 have a Rating: 2.6
(4 reviews)
2025-12-30 03:22:08 INFO  STEP PASS: Card nuber 1 dont have a Additional Images Button
2025-12-30 03:22:08 ERROR STEP FAIL: Card #1 should have all the components
2025-12-30 03:22:08 ERROR === FAIL  tests.productCardsTests.ProductCardElementsTests.cardValidation[Exp#7 [f1=1, f2=3, f3=1, f4=2, f5=1, f6=3, f7=2, f8=3]] ===
java.lang.AssertionError: Card #1 should have all the components
	at org.junit.Assert.fail(Assert.java:89) ~[junit-4.13.jar:4.13]
	at org.junit.Assert.assertTrue(Assert.java:42) ~[junit-4.13.jar:4.13]
	at tests.BaseTest.checkTrue(BaseTest.java:92) ~[test-classes/:?]
	at tests.productCardsTests.ProductCardElementsTests.cardValidation(ProductCardElementsTests.java:61) ~[test-classes/:?]
	at jdk.internal.reflect.DirectMethodHandleAccessor.invoke(DirectMethodHandleAccessor.java:103) ~[?:?]
	at java.lang.reflect.Method.invoke(Method.java:580) ~[?:?]
	at org.junit.runners.model.FrameworkMethod$1.runReflectiveCall(FrameworkMethod.java:59) ~[junit-4.13.jar:4.13]
	at org.junit.internal.runners.model.ReflectiveCallable.run(ReflectiveCallable.java:12) ~[junit-4.13.jar:4.13]
	at org.junit.runners.model.FrameworkMethod.invokeExplosively(FrameworkMethod.java:56) ~[junit-4.13.jar:4.13]
	at org.junit.internal.runners.statements.InvokeMethod.evaluate(InvokeMethod.java:17) ~[junit-4.13.jar:4.13]
	at org.junit.internal.runners.statements.RunBefores.evaluate(RunBefores.java:26) ~[junit-4.13.jar:4.13]
	at org.junit.internal.runners.statements.RunAfters.evaluate(RunAfters.java:27) ~[junit-4.13.jar:4.13]
	at org.junit.rules.TestWatcher$1.evaluate(TestWatcher.java:61) [junit-4.13.jar:4.13]
	at org.junit.runners.ParentRunner$3.evaluate(ParentRunner.java:306) [junit-4.13.jar:4.13]
	at org.junit.runners.BlockJUnit4ClassRunner$1.evaluate(BlockJUnit4ClassRunner.java:100) [junit-4.13.jar:4.13]
	at org.junit.runners.ParentRunner.runLeaf(ParentRunner.java:366) [junit-4.13.jar:4.13]
	at org.junit.runners.BlockJUnit4ClassRunner.runChild(BlockJUnit4ClassRunner.java:103) [junit-4.13.jar:4.13]
	at org.junit.runners.BlockJUnit4ClassRunner.runChild(BlockJUnit4ClassRunner.java:63) [junit-4.13.jar:4.13]
	at org.junit.runners.ParentRunner$4.run(ParentRunner.java:331) [junit-4.13.jar:4.13]
	at org.junit.runners.ParentRunner$1.schedule(ParentRunner.java:79) [junit-4.13.jar:4.13]
	at org.junit.runners.ParentRunner.runChildren(ParentRunner.java:329) [junit-4.13.jar:4.13]
	at org.junit.runners.ParentRunner.access$100(ParentRunner.java:66) [junit-4.13.jar:4.13]
	at org.junit.runners.ParentRunner$2.evaluate(ParentRunner.java:293) [junit-4.13.jar:4.13]
	at org.junit.runners.ParentRunner.run(ParentRunner.java:413) [junit-4.13.jar:4.13]
	at org.junit.runners.Suite.runChild(Suite.java:128) [junit-4.13.jar:4.13]
	at org.junit.runners.Suite.runChild(Suite.java:27) [junit-4.13.jar:4.13]
	at org.junit.runners.ParentRunner$4.run(ParentRunner.java:331) [junit-4.13.jar:4.13]
	at org.junit.runners.ParentRunner$1.schedule(ParentRunner.java:79) [junit-4.13.jar:4.13]
	at org.junit.runners.ParentRunner.runChildren(ParentRunner.java:329) [junit-4.13.jar:4.13]
	at org.junit.runners.ParentRunner.access$100(ParentRunner.java:66) [junit-4.13.jar:4.13]
	at org.junit.runners.ParentRunner$2.evaluate(ParentRunner.java:293) [junit-4.13.jar:4.13]
	at org.junit.internal.runners.statements.RunAfters.evaluate(RunAfters.java:27) [junit-4.13.jar:4.13]
	at org.junit.runners.ParentRunner$3.evaluate(ParentRunner.java:306) [junit-4.13.jar:4.13]
	at org.junit.runners.ParentRunner.run(ParentRunner.java:413) [junit-4.13.jar:4.13]
	at org.eclipse.jdt.internal.junit4.runner.JUnit4TestReference.run(JUnit4TestReference.java:93) [.cp/:?]
	at org.eclipse.jdt.internal.junit.runner.TestExecution.run(TestExecution.java:40) [.cp/:?]
	at org.eclipse.jdt.internal.junit.runner.RemoteTestRunner.runTests(RemoteTestRunner.java:530) [.cp/:?]
	at org.eclipse.jdt.internal.junit.runner.RemoteTestRunner.runTests(RemoteTestRunner.java:758) [.cp/:?]
	at org.eclipse.jdt.internal.junit.runner.RemoteTestRunner.run(RemoteTestRunner.java:453) [.cp/:?]
	at org.eclipse.jdt.internal.junit.runner.RemoteTestRunner.main(RemoteTestRunner.java:211) [.cp/:?]
2025-12-30 03:22:08 INFO  === END   tests.productCardsTests.ProductCardElementsTests.cardValidation[Exp#7 [f1=1, f2=3, f3=1, f4=2, f5=1, f6=3, f7=2, f8=3]] ===
2025-12-30 03:22:08 INFO  === START tests.productCardsTests.ProductCardElementsTests.cardValidation[Exp#8 [f1=1, f2=3, f3=2, f4=3, f5=2, f6=1, f7=3, f8=1]] ===
2025-12-30 03:22:08 INFO  STEP: 📝 New input: Filling form fields.
2025-12-30 03:22:12 INFO  STEP: Card nuber 1 have a Thumbnail
2025-12-30 03:22:12 INFO  STEP: Card nuber 1 have a Title: iPhone 5s
2025-12-30 03:22:12 INFO  STEP: Card nuber 1 have a Description: The iPhone 5s is a classic smartphone known for its compact design and advanced features during its release. While it's an older model, it still provides a reliable user experience.
2025-12-30 03:22:12 INFO  STEP: Card nuber 1 have a Price: 199.99
2025-12-30 03:22:12 INFO  STEP: Card nuber 1 have a Rating: 2.8
(4 reviews)
2025-12-30 03:22:12 INFO  STEP PASS: Card nuber 1 dont have a Additional Images Button
2025-12-30 03:22:12 ERROR STEP FAIL: Card #1 should have all the components
2025-12-30 03:22:12 ERROR === FAIL  tests.productCardsTests.ProductCardElementsTests.cardValidation[Exp#8 [f1=1, f2=3, f3=2, f4=3, f5=2, f6=1, f7=3, f8=1]] ===
java.lang.AssertionError: Card #1 should have all the components
	at org.junit.Assert.fail(Assert.java:89) ~[junit-4.13.jar:4.13]
	at org.junit.Assert.assertTrue(Assert.java:42) ~[junit-4.13.jar:4.13]
	at tests.BaseTest.checkTrue(BaseTest.java:92) ~[test-classes/:?]
	at tests.productCardsTests.ProductCardElementsTests.cardValidation(ProductCardElementsTests.java:61) ~[test-classes/:?]
	at jdk.internal.reflect.DirectMethodHandleAccessor.invoke(DirectMethodHandleAccessor.java:103) ~[?:?]
	at java.lang.reflect.Method.invoke(Method.java:580) ~[?:?]
	at org.junit.runners.model.FrameworkMethod$1.runReflectiveCall(FrameworkMethod.java:59) ~[junit-4.13.jar:4.13]
	at org.junit.internal.runners.model.ReflectiveCallable.run(ReflectiveCallable.java:12) ~[junit-4.13.jar:4.13]
	at org.junit.runners.model.FrameworkMethod.invokeExplosively(FrameworkMethod.java:56) ~[junit-4.13.jar:4.13]
	at org.junit.internal.runners.statements.InvokeMethod.evaluate(InvokeMethod.java:17) ~[junit-4.13.jar:4.13]
	at org.junit.internal.runners.statements.RunBefores.evaluate(RunBefores.java:26) ~[junit-4.13.jar:4.13]
	at org.junit.internal.runners.statements.RunAfters.evaluate(RunAfters.java:27) ~[junit-4.13.jar:4.13]
	at org.junit.rules.TestWatcher$1.evaluate(TestWatcher.java:61) [junit-4.13.jar:4.13]
	at org.junit.runners.ParentRunner$3.evaluate(ParentRunner.java:306) [junit-4.13.jar:4.13]
	at org.junit.runners.BlockJUnit4ClassRunner$1.evaluate(BlockJUnit4ClassRunner.java:100) [junit-4.13.jar:4.13]
	at org.junit.runners.ParentRunner.runLeaf(ParentRunner.java:366) [junit-4.13.jar:4.13]
	at org.junit.runners.BlockJUnit4ClassRunner.runChild(BlockJUnit4ClassRunner.java:103) [junit-4.13.jar:4.13]
	at org.junit.runners.BlockJUnit4ClassRunner.runChild(BlockJUnit4ClassRunner.java:63) [junit-4.13.jar:4.13]
	at org.junit.runners.ParentRunner$4.run(ParentRunner.java:331) [junit-4.13.jar:4.13]
	at org.junit.runners.ParentRunner$1.schedule(ParentRunner.java:79) [junit-4.13.jar:4.13]
	at org.junit.runners.ParentRunner.runChildren(ParentRunner.java:329) [junit-4.13.jar:4.13]
	at org.junit.runners.ParentRunner.access$100(ParentRunner.java:66) [junit-4.13.jar:4.13]
	at org.junit.runners.ParentRunner$2.evaluate(ParentRunner.java:293) [junit-4.13.jar:4.13]
	at org.junit.runners.ParentRunner.run(ParentRunner.java:413) [junit-4.13.jar:4.13]
	at org.junit.runners.Suite.runChild(Suite.java:128) [junit-4.13.jar:4.13]
	at org.junit.runners.Suite.runChild(Suite.java:27) [junit-4.13.jar:4.13]
	at org.junit.runners.ParentRunner$4.run(ParentRunner.java:331) [junit-4.13.jar:4.13]
	at org.junit.runners.ParentRunner$1.schedule(ParentRunner.java:79) [junit-4.13.jar:4.13]
	at org.junit.runners.ParentRunner.runChildren(ParentRunner.java:329) [junit-4.13.jar:4.13]
	at org.junit.runners.ParentRunner.access$100(ParentRunner.java:66) [junit-4.13.jar:4.13]
	at org.junit.runners.ParentRunner$2.evaluate(ParentRunner.java:293) [junit-4.13.jar:4.13]
	at org.junit.internal.runners.statements.RunAfters.evaluate(RunAfters.java:27) [junit-4.13.jar:4.13]
	at org.junit.runners.ParentRunner$3.evaluate(ParentRunner.java:306) [junit-4.13.jar:4.13]
	at org.junit.runners.ParentRunner.run(ParentRunner.java:413) [junit-4.13.jar:4.13]
	at org.eclipse.jdt.internal.junit4.runner.JUnit4TestReference.run(JUnit4TestReference.java:93) [.cp/:?]
	at org.eclipse.jdt.internal.junit.runner.TestExecution.run(TestExecution.java:40) [.cp/:?]
	at org.eclipse.jdt.internal.junit.runner.RemoteTestRunner.runTests(RemoteTestRunner.java:530) [.cp/:?]
	at org.eclipse.jdt.internal.junit.runner.RemoteTestRunner.runTests(RemoteTestRunner.java:758) [.cp/:?]
	at org.eclipse.jdt.internal.junit.runner.RemoteTestRunner.run(RemoteTestRunner.java:453) [.cp/:?]
	at org.eclipse.jdt.internal.junit.runner.RemoteTestRunner.main(RemoteTestRunner.java:211) [.cp/:?]
2025-12-30 03:22:12 INFO  === END   tests.productCardsTests.ProductCardElementsTests.cardValidation[Exp#8 [f1=1, f2=3, f3=2, f4=3, f5=2, f6=1, f7=3, f8=1]] ===
2025-12-30 03:22:12 INFO  === START tests.productCardsTests.ProductCardElementsTests.cardValidation[Exp#9 [f1=1, f2=3, f3=3, f4=1, f5=3, f6=2, f7=1, f8=2]] ===
2025-12-30 03:22:12 INFO  STEP: 📝 New input: Filling form fields.
2025-12-30 03:22:16 INFO  STEP: Card nuber 1 have a Thumbnail
2025-12-30 03:22:16 INFO  STEP: Card nuber 1 have a Title: Baseball Ball
2025-12-30 03:22:16 INFO  STEP: Card nuber 1 have a Description: The Baseball Ball is a standard baseball used in baseball games. It features a durable leather cover and is designed for pitching, hitting, and fielding in the game of baseball.
2025-12-30 03:22:16 INFO  STEP: Card nuber 1 have a Price: 8.99
2025-12-30 03:22:16 INFO  STEP: Card nuber 1 have a Rating: 2.6
(4 reviews)
2025-12-30 03:22:16 INFO  STEP PASS: Card nuber 1 dont have a Additional Images Button
2025-12-30 03:22:16 ERROR STEP FAIL: Card #1 should have all the components
2025-12-30 03:22:16 ERROR === FAIL  tests.productCardsTests.ProductCardElementsTests.cardValidation[Exp#9 [f1=1, f2=3, f3=3, f4=1, f5=3, f6=2, f7=1, f8=2]] ===
java.lang.AssertionError: Card #1 should have all the components
	at org.junit.Assert.fail(Assert.java:89) ~[junit-4.13.jar:4.13]
	at org.junit.Assert.assertTrue(Assert.java:42) ~[junit-4.13.jar:4.13]
	at tests.BaseTest.checkTrue(BaseTest.java:92) ~[test-classes/:?]
	at tests.productCardsTests.ProductCardElementsTests.cardValidation(ProductCardElementsTests.java:61) ~[test-classes/:?]
	at jdk.internal.reflect.DirectMethodHandleAccessor.invoke(DirectMethodHandleAccessor.java:103) ~[?:?]
	at java.lang.reflect.Method.invoke(Method.java:580) ~[?:?]
	at org.junit.runners.model.FrameworkMethod$1.runReflectiveCall(FrameworkMethod.java:59) ~[junit-4.13.jar:4.13]
	at org.junit.internal.runners.model.ReflectiveCallable.run(ReflectiveCallable.java:12) ~[junit-4.13.jar:4.13]
	at org.junit.runners.model.FrameworkMethod.invokeExplosively(FrameworkMethod.java:56) ~[junit-4.13.jar:4.13]
	at org.junit.internal.runners.statements.InvokeMethod.evaluate(InvokeMethod.java:17) ~[junit-4.13.jar:4.13]
	at org.junit.internal.runners.statements.RunBefores.evaluate(RunBefores.java:26) ~[junit-4.13.jar:4.13]
	at org.junit.internal.runners.statements.RunAfters.evaluate(RunAfters.java:27) ~[junit-4.13.jar:4.13]
	at org.junit.rules.TestWatcher$1.evaluate(TestWatcher.java:61) [junit-4.13.jar:4.13]
	at org.junit.runners.ParentRunner$3.evaluate(ParentRunner.java:306) [junit-4.13.jar:4.13]
	at org.junit.runners.BlockJUnit4ClassRunner$1.evaluate(BlockJUnit4ClassRunner.java:100) [junit-4.13.jar:4.13]
	at org.junit.runners.ParentRunner.runLeaf(ParentRunner.java:366) [junit-4.13.jar:4.13]
	at org.junit.runners.BlockJUnit4ClassRunner.runChild(BlockJUnit4ClassRunner.java:103) [junit-4.13.jar:4.13]
	at org.junit.runners.BlockJUnit4ClassRunner.runChild(BlockJUnit4ClassRunner.java:63) [junit-4.13.jar:4.13]
	at org.junit.runners.ParentRunner$4.run(ParentRunner.java:331) [junit-4.13.jar:4.13]
	at org.junit.runners.ParentRunner$1.schedule(ParentRunner.java:79) [junit-4.13.jar:4.13]
	at org.junit.runners.ParentRunner.runChildren(ParentRunner.java:329) [junit-4.13.jar:4.13]
	at org.junit.runners.ParentRunner.access$100(ParentRunner.java:66) [junit-4.13.jar:4.13]
	at org.junit.runners.ParentRunner$2.evaluate(ParentRunner.java:293) [junit-4.13.jar:4.13]
	at org.junit.runners.ParentRunner.run(ParentRunner.java:413) [junit-4.13.jar:4.13]
	at org.junit.runners.Suite.runChild(Suite.java:128) [junit-4.13.jar:4.13]
	at org.junit.runners.Suite.runChild(Suite.java:27) [junit-4.13.jar:4.13]
	at org.junit.runners.ParentRunner$4.run(ParentRunner.java:331) [junit-4.13.jar:4.13]
	at org.junit.runners.ParentRunner$1.schedule(ParentRunner.java:79) [junit-4.13.jar:4.13]
	at org.junit.runners.ParentRunner.runChildren(ParentRunner.java:329) [junit-4.13.jar:4.13]
	at org.junit.runners.ParentRunner.access$100(ParentRunner.java:66) [junit-4.13.jar:4.13]
	at org.junit.runners.ParentRunner$2.evaluate(ParentRunner.java:293) [junit-4.13.jar:4.13]
	at org.junit.internal.runners.statements.RunAfters.evaluate(RunAfters.java:27) [junit-4.13.jar:4.13]
	at org.junit.runners.ParentRunner$3.evaluate(ParentRunner.java:306) [junit-4.13.jar:4.13]
	at org.junit.runners.ParentRunner.run(ParentRunner.java:413) [junit-4.13.jar:4.13]
	at org.eclipse.jdt.internal.junit4.runner.JUnit4TestReference.run(JUnit4TestReference.java:93) [.cp/:?]
	at org.eclipse.jdt.internal.junit.runner.TestExecution.run(TestExecution.java:40) [.cp/:?]
	at org.eclipse.jdt.internal.junit.runner.RemoteTestRunner.runTests(RemoteTestRunner.java:530) [.cp/:?]
	at org.eclipse.jdt.internal.junit.runner.RemoteTestRunner.runTests(RemoteTestRunner.java:758) [.cp/:?]
	at org.eclipse.jdt.internal.junit.runner.RemoteTestRunner.run(RemoteTestRunner.java:453) [.cp/:?]
	at org.eclipse.jdt.internal.junit.runner.RemoteTestRunner.main(RemoteTestRunner.java:211) [.cp/:?]
2025-12-30 03:22:16 INFO  === END   tests.productCardsTests.ProductCardElementsTests.cardValidation[Exp#9 [f1=1, f2=3, f3=3, f4=1, f5=3, f6=2, f7=1, f8=2]] ===
2025-12-30 03:22:16 INFO  === START tests.productCardsTests.ProductCardElementsTests.cardValidation[Exp#10 [f1=2, f2=1, f3=1, f4=3, f5=3, f6=2, f7=2, f8=1]] ===
2025-12-30 03:22:16 INFO  STEP: 📝 New input: Filling form fields.
2025-12-30 03:22:19 INFO  STEP: Card nuber 1 have a Thumbnail
2025-12-30 03:22:19 INFO  STEP: Card nuber 1 have a Title: Black Aluminium Cup
2025-12-30 03:22:19 INFO  STEP: Card nuber 1 have a Description: The Black Aluminium Cup is a stylish and durable cup suitable for both hot and cold beverages. Its sleek black design adds a modern touch to your drinkware collection.
2025-12-30 03:22:19 INFO  STEP: Card nuber 1 have a Price: 5.99
2025-12-30 03:22:19 INFO  STEP: Card nuber 1 have a Rating: 4.5
(4 reviews)
2025-12-30 03:22:20 INFO  STEP PASS: Card nuber 1 dont have a Additional Images Button
2025-12-30 03:22:20 ERROR STEP FAIL: Card #1 should have all the components
2025-12-30 03:22:20 ERROR === FAIL  tests.productCardsTests.ProductCardElementsTests.cardValidation[Exp#10 [f1=2, f2=1, f3=1, f4=3, f5=3, f6=2, f7=2, f8=1]] ===
java.lang.AssertionError: Card #1 should have all the components
	at org.junit.Assert.fail(Assert.java:89) ~[junit-4.13.jar:4.13]
	at org.junit.Assert.assertTrue(Assert.java:42) ~[junit-4.13.jar:4.13]
	at tests.BaseTest.checkTrue(BaseTest.java:92) ~[test-classes/:?]
	at tests.productCardsTests.ProductCardElementsTests.cardValidation(ProductCardElementsTests.java:61) ~[test-classes/:?]
	at jdk.internal.reflect.DirectMethodHandleAccessor.invoke(DirectMethodHandleAccessor.java:103) ~[?:?]
	at java.lang.reflect.Method.invoke(Method.java:580) ~[?:?]
	at org.junit.runners.model.FrameworkMethod$1.runReflectiveCall(FrameworkMethod.java:59) ~[junit-4.13.jar:4.13]
	at org.junit.internal.runners.model.ReflectiveCallable.run(ReflectiveCallable.java:12) ~[junit-4.13.jar:4.13]
	at org.junit.runners.model.FrameworkMethod.invokeExplosively(FrameworkMethod.java:56) ~[junit-4.13.jar:4.13]
	at org.junit.internal.runners.statements.InvokeMethod.evaluate(InvokeMethod.java:17) ~[junit-4.13.jar:4.13]
	at org.junit.internal.runners.statements.RunBefores.evaluate(RunBefores.java:26) ~[junit-4.13.jar:4.13]
	at org.junit.internal.runners.statements.RunAfters.evaluate(RunAfters.java:27) ~[junit-4.13.jar:4.13]
	at org.junit.rules.TestWatcher$1.evaluate(TestWatcher.java:61) [junit-4.13.jar:4.13]
	at org.junit.runners.ParentRunner$3.evaluate(ParentRunner.java:306) [junit-4.13.jar:4.13]
	at org.junit.runners.BlockJUnit4ClassRunner$1.evaluate(BlockJUnit4ClassRunner.java:100) [junit-4.13.jar:4.13]
	at org.junit.runners.ParentRunner.runLeaf(ParentRunner.java:366) [junit-4.13.jar:4.13]
	at org.junit.runners.BlockJUnit4ClassRunner.runChild(BlockJUnit4ClassRunner.java:103) [junit-4.13.jar:4.13]
	at org.junit.runners.BlockJUnit4ClassRunner.runChild(BlockJUnit4ClassRunner.java:63) [junit-4.13.jar:4.13]
	at org.junit.runners.ParentRunner$4.run(ParentRunner.java:331) [junit-4.13.jar:4.13]
	at org.junit.runners.ParentRunner$1.schedule(ParentRunner.java:79) [junit-4.13.jar:4.13]
	at org.junit.runners.ParentRunner.runChildren(ParentRunner.java:329) [junit-4.13.jar:4.13]
	at org.junit.runners.ParentRunner.access$100(ParentRunner.java:66) [junit-4.13.jar:4.13]
	at org.junit.runners.ParentRunner$2.evaluate(ParentRunner.java:293) [junit-4.13.jar:4.13]
	at org.junit.runners.ParentRunner.run(ParentRunner.java:413) [junit-4.13.jar:4.13]
	at org.junit.runners.Suite.runChild(Suite.java:128) [junit-4.13.jar:4.13]
	at org.junit.runners.Suite.runChild(Suite.java:27) [junit-4.13.jar:4.13]
	at org.junit.runners.ParentRunner$4.run(ParentRunner.java:331) [junit-4.13.jar:4.13]
	at org.junit.runners.ParentRunner$1.schedule(ParentRunner.java:79) [junit-4.13.jar:4.13]
	at org.junit.runners.ParentRunner.runChildren(ParentRunner.java:329) [junit-4.13.jar:4.13]
	at org.junit.runners.ParentRunner.access$100(ParentRunner.java:66) [junit-4.13.jar:4.13]
	at org.junit.runners.ParentRunner$2.evaluate(ParentRunner.java:293) [junit-4.13.jar:4.13]
	at org.junit.internal.runners.statements.RunAfters.evaluate(RunAfters.java:27) [junit-4.13.jar:4.13]
	at org.junit.runners.ParentRunner$3.evaluate(ParentRunner.java:306) [junit-4.13.jar:4.13]
	at org.junit.runners.ParentRunner.run(ParentRunner.java:413) [junit-4.13.jar:4.13]
	at org.eclipse.jdt.internal.junit4.runner.JUnit4TestReference.run(JUnit4TestReference.java:93) [.cp/:?]
	at org.eclipse.jdt.internal.junit.runner.TestExecution.run(TestExecution.java:40) [.cp/:?]
	at org.eclipse.jdt.internal.junit.runner.RemoteTestRunner.runTests(RemoteTestRunner.java:530) [.cp/:?]
	at org.eclipse.jdt.internal.junit.runner.RemoteTestRunner.runTests(RemoteTestRunner.java:758) [.cp/:?]
	at org.eclipse.jdt.internal.junit.runner.RemoteTestRunner.run(RemoteTestRunner.java:453) [.cp/:?]
	at org.eclipse.jdt.internal.junit.runner.RemoteTestRunner.main(RemoteTestRunner.java:211) [.cp/:?]
2025-12-30 03:22:20 INFO  === END   tests.productCardsTests.ProductCardElementsTests.cardValidation[Exp#10 [f1=2, f2=1, f3=1, f4=3, f5=3, f6=2, f7=2, f8=1]] ===
2025-12-30 03:22:20 INFO  === START tests.productCardsTests.ProductCardElementsTests.cardValidation[Exp#11 [f1=2, f2=1, f3=2, f4=1, f5=1, f6=3, f7=3, f8=2]] ===
2025-12-30 03:22:20 INFO  STEP: 📝 New input: Filling form fields.
2025-12-30 03:22:23 INFO  STEP: Card nuber 1 have a Thumbnail
2025-12-30 03:22:23 INFO  STEP: Card nuber 1 have a Title: Black Aluminium Cup
2025-12-30 03:22:23 INFO  STEP: Card nuber 1 have a Description: The Black Aluminium Cup is a stylish and durable cup suitable for both hot and cold beverages. Its sleek black design adds a modern touch to your drinkware collection.
2025-12-30 03:22:23 INFO  STEP: Card nuber 1 have a Price: 5.99
2025-12-30 03:22:23 INFO  STEP: Card nuber 1 have a Rating: 4.5
(4 reviews)
2025-12-30 03:22:23 INFO  STEP PASS: Card nuber 1 dont have a Additional Images Button
2025-12-30 03:22:23 ERROR STEP FAIL: Card #1 should have all the components
2025-12-30 03:22:23 ERROR === FAIL  tests.productCardsTests.ProductCardElementsTests.cardValidation[Exp#11 [f1=2, f2=1, f3=2, f4=1, f5=1, f6=3, f7=3, f8=2]] ===
java.lang.AssertionError: Card #1 should have all the components
	at org.junit.Assert.fail(Assert.java:89) ~[junit-4.13.jar:4.13]
	at org.junit.Assert.assertTrue(Assert.java:42) ~[junit-4.13.jar:4.13]
	at tests.BaseTest.checkTrue(BaseTest.java:92) ~[test-classes/:?]
	at tests.productCardsTests.ProductCardElementsTests.cardValidation(ProductCardElementsTests.java:61) ~[test-classes/:?]
	at jdk.internal.reflect.DirectMethodHandleAccessor.invoke(DirectMethodHandleAccessor.java:103) ~[?:?]
	at java.lang.reflect.Method.invoke(Method.java:580) ~[?:?]
	at org.junit.runners.model.FrameworkMethod$1.runReflectiveCall(FrameworkMethod.java:59) ~[junit-4.13.jar:4.13]
	at org.junit.internal.runners.model.ReflectiveCallable.run(ReflectiveCallable.java:12) ~[junit-4.13.jar:4.13]
	at org.junit.runners.model.FrameworkMethod.invokeExplosively(FrameworkMethod.java:56) ~[junit-4.13.jar:4.13]
	at org.junit.internal.runners.statements.InvokeMethod.evaluate(InvokeMethod.java:17) ~[junit-4.13.jar:4.13]
	at org.junit.internal.runners.statements.RunBefores.evaluate(RunBefores.java:26) ~[junit-4.13.jar:4.13]
	at org.junit.internal.runners.statements.RunAfters.evaluate(RunAfters.java:27) ~[junit-4.13.jar:4.13]
	at org.junit.rules.TestWatcher$1.evaluate(TestWatcher.java:61) [junit-4.13.jar:4.13]
	at org.junit.runners.ParentRunner$3.evaluate(ParentRunner.java:306) [junit-4.13.jar:4.13]
	at org.junit.runners.BlockJUnit4ClassRunner$1.evaluate(BlockJUnit4ClassRunner.java:100) [junit-4.13.jar:4.13]
	at org.junit.runners.ParentRunner.runLeaf(ParentRunner.java:366) [junit-4.13.jar:4.13]
	at org.junit.runners.BlockJUnit4ClassRunner.runChild(BlockJUnit4ClassRunner.java:103) [junit-4.13.jar:4.13]
	at org.junit.runners.BlockJUnit4ClassRunner.runChild(BlockJUnit4ClassRunner.java:63) [junit-4.13.jar:4.13]
	at org.junit.runners.ParentRunner$4.run(ParentRunner.java:331) [junit-4.13.jar:4.13]
	at org.junit.runners.ParentRunner$1.schedule(ParentRunner.java:79) [junit-4.13.jar:4.13]
	at org.junit.runners.ParentRunner.runChildren(ParentRunner.java:329) [junit-4.13.jar:4.13]
	at org.junit.runners.ParentRunner.access$100(ParentRunner.java:66) [junit-4.13.jar:4.13]
	at org.junit.runners.ParentRunner$2.evaluate(ParentRunner.java:293) [junit-4.13.jar:4.13]
	at org.junit.runners.ParentRunner.run(ParentRunner.java:413) [junit-4.13.jar:4.13]
	at org.junit.runners.Suite.runChild(Suite.java:128) [junit-4.13.jar:4.13]
	at org.junit.runners.Suite.runChild(Suite.java:27) [junit-4.13.jar:4.13]
	at org.junit.runners.ParentRunner$4.run(ParentRunner.java:331) [junit-4.13.jar:4.13]
	at org.junit.runners.ParentRunner$1.schedule(ParentRunner.java:79) [junit-4.13.jar:4.13]
	at org.junit.runners.ParentRunner.runChildren(ParentRunner.java:329) [junit-4.13.jar:4.13]
	at org.junit.runners.ParentRunner.access$100(ParentRunner.java:66) [junit-4.13.jar:4.13]
	at org.junit.runners.ParentRunner$2.evaluate(ParentRunner.java:293) [junit-4.13.jar:4.13]
	at org.junit.internal.runners.statements.RunAfters.evaluate(RunAfters.java:27) [junit-4.13.jar:4.13]
	at org.junit.runners.ParentRunner$3.evaluate(ParentRunner.java:306) [junit-4.13.jar:4.13]
	at org.junit.runners.ParentRunner.run(ParentRunner.java:413) [junit-4.13.jar:4.13]
	at org.eclipse.jdt.internal.junit4.runner.JUnit4TestReference.run(JUnit4TestReference.java:93) [.cp/:?]
	at org.eclipse.jdt.internal.junit.runner.TestExecution.run(TestExecution.java:40) [.cp/:?]
	at org.eclipse.jdt.internal.junit.runner.RemoteTestRunner.runTests(RemoteTestRunner.java:530) [.cp/:?]
	at org.eclipse.jdt.internal.junit.runner.RemoteTestRunner.runTests(RemoteTestRunner.java:758) [.cp/:?]
	at org.eclipse.jdt.internal.junit.runner.RemoteTestRunner.run(RemoteTestRunner.java:453) [.cp/:?]
	at org.eclipse.jdt.internal.junit.runner.RemoteTestRunner.main(RemoteTestRunner.java:211) [.cp/:?]
2025-12-30 03:22:23 INFO  === END   tests.productCardsTests.ProductCardElementsTests.cardValidation[Exp#11 [f1=2, f2=1, f3=2, f4=1, f5=1, f6=3, f7=3, f8=2]] ===
2025-12-30 03:22:23 INFO  === START tests.productCardsTests.ProductCardElementsTests.cardValidation[Exp#12 [f1=2, f2=1, f3=3, f4=2, f5=2, f6=1, f7=1, f8=3]] ===
2025-12-30 03:22:23 INFO  STEP: 📝 New input: Filling form fields.
2025-12-30 03:22:25 INFO  === START tests.productCardsTests.ProductCardElementsTests.cardValidation[Exp#1 [f1=1, f2=1, f3=1, f4=1, f5=1, f6=1, f7=1, f8=1]] ===
2025-12-30 03:22:27 INFO  STEP: 📝 New input: Filling form fields.
2025-12-30 03:22:27 INFO  STEP: Card nuber 1 have a Thumbnail
2025-12-30 03:22:27 INFO  STEP: Card nuber 1 have a Title: Baseball Ball
2025-12-30 03:22:27 INFO  STEP: Card nuber 1 have a Description: The Baseball Ball is a standard baseball used in baseball games. It features a durable leather cover and is designed for pitching, hitting, and fielding in the game of baseball.
2025-12-30 03:22:27 INFO  STEP: Card nuber 1 have a Price: 8.99
2025-12-30 03:22:27 INFO  STEP: Card nuber 1 have a Rating: 2.6
(4 reviews)
2025-12-30 03:22:27 INFO  STEP PASS: Card nuber 1 dont have a Additional Images Button
2025-12-30 03:22:27 ERROR STEP FAIL: Card #1 should have all the components
2025-12-30 03:22:27 ERROR === FAIL  tests.productCardsTests.ProductCardElementsTests.cardValidation[Exp#12 [f1=2, f2=1, f3=3, f4=2, f5=2, f6=1, f7=1, f8=3]] ===
java.lang.AssertionError: Card #1 should have all the components
	at org.junit.Assert.fail(Assert.java:89) ~[junit-4.13.jar:4.13]
	at org.junit.Assert.assertTrue(Assert.java:42) ~[junit-4.13.jar:4.13]
	at tests.BaseTest.checkTrue(BaseTest.java:92) ~[test-classes/:?]
	at tests.productCardsTests.ProductCardElementsTests.cardValidation(ProductCardElementsTests.java:61) ~[test-classes/:?]
	at jdk.internal.reflect.DirectMethodHandleAccessor.invoke(DirectMethodHandleAccessor.java:103) ~[?:?]
	at java.lang.reflect.Method.invoke(Method.java:580) ~[?:?]
	at org.junit.runners.model.FrameworkMethod$1.runReflectiveCall(FrameworkMethod.java:59) ~[junit-4.13.jar:4.13]
	at org.junit.internal.runners.model.ReflectiveCallable.run(ReflectiveCallable.java:12) ~[junit-4.13.jar:4.13]
	at org.junit.runners.model.FrameworkMethod.invokeExplosively(FrameworkMethod.java:56) ~[junit-4.13.jar:4.13]
	at org.junit.internal.runners.statements.InvokeMethod.evaluate(InvokeMethod.java:17) ~[junit-4.13.jar:4.13]
	at org.junit.internal.runners.statements.RunBefores.evaluate(RunBefores.java:26) ~[junit-4.13.jar:4.13]
	at org.junit.internal.runners.statements.RunAfters.evaluate(RunAfters.java:27) ~[junit-4.13.jar:4.13]
	at org.junit.rules.TestWatcher$1.evaluate(TestWatcher.java:61) [junit-4.13.jar:4.13]
	at org.junit.runners.ParentRunner$3.evaluate(ParentRunner.java:306) [junit-4.13.jar:4.13]
	at org.junit.runners.BlockJUnit4ClassRunner$1.evaluate(BlockJUnit4ClassRunner.java:100) [junit-4.13.jar:4.13]
	at org.junit.runners.ParentRunner.runLeaf(ParentRunner.java:366) [junit-4.13.jar:4.13]
	at org.junit.runners.BlockJUnit4ClassRunner.runChild(BlockJUnit4ClassRunner.java:103) [junit-4.13.jar:4.13]
	at org.junit.runners.BlockJUnit4ClassRunner.runChild(BlockJUnit4ClassRunner.java:63) [junit-4.13.jar:4.13]
	at org.junit.runners.ParentRunner$4.run(ParentRunner.java:331) [junit-4.13.jar:4.13]
	at org.junit.runners.ParentRunner$1.schedule(ParentRunner.java:79) [junit-4.13.jar:4.13]
	at org.junit.runners.ParentRunner.runChildren(ParentRunner.java:329) [junit-4.13.jar:4.13]
	at org.junit.runners.ParentRunner.access$100(ParentRunner.java:66) [junit-4.13.jar:4.13]
	at org.junit.runners.ParentRunner$2.evaluate(ParentRunner.java:293) [junit-4.13.jar:4.13]
	at org.junit.runners.ParentRunner.run(ParentRunner.java:413) [junit-4.13.jar:4.13]
	at org.junit.runners.Suite.runChild(Suite.java:128) [junit-4.13.jar:4.13]
	at org.junit.runners.Suite.runChild(Suite.java:27) [junit-4.13.jar:4.13]
	at org.junit.runners.ParentRunner$4.run(ParentRunner.java:331) [junit-4.13.jar:4.13]
	at org.junit.runners.ParentRunner$1.schedule(ParentRunner.java:79) [junit-4.13.jar:4.13]
	at org.junit.runners.ParentRunner.runChildren(ParentRunner.java:329) [junit-4.13.jar:4.13]
	at org.junit.runners.ParentRunner.access$100(ParentRunner.java:66) [junit-4.13.jar:4.13]
	at org.junit.runners.ParentRunner$2.evaluate(ParentRunner.java:293) [junit-4.13.jar:4.13]
	at org.junit.internal.runners.statements.RunAfters.evaluate(RunAfters.java:27) [junit-4.13.jar:4.13]
	at org.junit.runners.ParentRunner$3.evaluate(ParentRunner.java:306) [junit-4.13.jar:4.13]
	at org.junit.runners.ParentRunner.run(ParentRunner.java:413) [junit-4.13.jar:4.13]
	at org.eclipse.jdt.internal.junit4.runner.JUnit4TestReference.run(JUnit4TestReference.java:93) [.cp/:?]
	at org.eclipse.jdt.internal.junit.runner.TestExecution.run(TestExecution.java:40) [.cp/:?]
	at org.eclipse.jdt.internal.junit.runner.RemoteTestRunner.runTests(RemoteTestRunner.java:530) [.cp/:?]
	at org.eclipse.jdt.internal.junit.runner.RemoteTestRunner.runTests(RemoteTestRunner.java:758) [.cp/:?]
	at org.eclipse.jdt.internal.junit.runner.RemoteTestRunner.run(RemoteTestRunner.java:453) [.cp/:?]
	at org.eclipse.jdt.internal.junit.runner.RemoteTestRunner.main(RemoteTestRunner.java:211) [.cp/:?]
2025-12-30 03:22:27 INFO  === END   tests.productCardsTests.ProductCardElementsTests.cardValidation[Exp#12 [f1=2, f2=1, f3=3, f4=2, f5=2, f6=1, f7=1, f8=3]] ===
2025-12-30 03:22:27 INFO  === START tests.productCardsTests.ProductCardElementsTests.cardValidation[Exp#13 [f1=2, f2=2, f3=1, f4=2, f5=3, f6=1, f7=3, f8=2]] ===
2025-12-30 03:22:27 INFO  STEP: 📝 New input: Filling form fields.
2025-12-30 03:22:31 INFO  STEP: Card nuber 1 have a Thumbnail
2025-12-30 03:22:31 INFO  STEP: Card nuber 1 have a Title: Baseball Ball
2025-12-30 03:22:31 INFO  STEP: Card nuber 1 have a Description: The Baseball Ball is a standard baseball used in baseball games. It features a durable leather cover and is designed for pitching, hitting, and fielding in the game of baseball.
2025-12-30 03:22:31 INFO  STEP: Card nuber 1 have a Price: 8.99
2025-12-30 03:22:31 INFO  STEP: Card nuber 1 have a Rating: 2.6
(4 reviews)
2025-12-30 03:22:32 INFO  STEP PASS: Card nuber 1 dont have a Additional Images Button
2025-12-30 03:22:32 ERROR STEP FAIL: Card #1 should have all the components
2025-12-30 03:22:32 ERROR === FAIL  tests.productCardsTests.ProductCardElementsTests.cardValidation[Exp#13 [f1=2, f2=2, f3=1, f4=2, f5=3, f6=1, f7=3, f8=2]] ===
java.lang.AssertionError: Card #1 should have all the components
	at org.junit.Assert.fail(Assert.java:89) ~[junit-4.13.jar:4.13]
	at org.junit.Assert.assertTrue(Assert.java:42) ~[junit-4.13.jar:4.13]
	at tests.BaseTest.checkTrue(BaseTest.java:92) ~[test-classes/:?]
	at tests.productCardsTests.ProductCardElementsTests.cardValidation(ProductCardElementsTests.java:61) ~[test-classes/:?]
	at jdk.internal.reflect.DirectMethodHandleAccessor.invoke(DirectMethodHandleAccessor.java:103) ~[?:?]
	at java.lang.reflect.Method.invoke(Method.java:580) ~[?:?]
	at org.junit.runners.model.FrameworkMethod$1.runReflectiveCall(FrameworkMethod.java:59) ~[junit-4.13.jar:4.13]
	at org.junit.internal.runners.model.ReflectiveCallable.run(ReflectiveCallable.java:12) ~[junit-4.13.jar:4.13]
	at org.junit.runners.model.FrameworkMethod.invokeExplosively(FrameworkMethod.java:56) ~[junit-4.13.jar:4.13]
	at org.junit.internal.runners.statements.InvokeMethod.evaluate(InvokeMethod.java:17) ~[junit-4.13.jar:4.13]
	at org.junit.internal.runners.statements.RunBefores.evaluate(RunBefores.java:26) ~[junit-4.13.jar:4.13]
	at org.junit.internal.runners.statements.RunAfters.evaluate(RunAfters.java:27) ~[junit-4.13.jar:4.13]
	at org.junit.rules.TestWatcher$1.evaluate(TestWatcher.java:61) [junit-4.13.jar:4.13]
	at org.junit.runners.ParentRunner$3.evaluate(ParentRunner.java:306) [junit-4.13.jar:4.13]
	at org.junit.runners.BlockJUnit4ClassRunner$1.evaluate(BlockJUnit4ClassRunner.java:100) [junit-4.13.jar:4.13]
	at org.junit.runners.ParentRunner.runLeaf(ParentRunner.java:366) [junit-4.13.jar:4.13]
	at org.junit.runners.BlockJUnit4ClassRunner.runChild(BlockJUnit4ClassRunner.java:103) [junit-4.13.jar:4.13]
	at org.junit.runners.BlockJUnit4ClassRunner.runChild(BlockJUnit4ClassRunner.java:63) [junit-4.13.jar:4.13]
	at org.junit.runners.ParentRunner$4.run(ParentRunner.java:331) [junit-4.13.jar:4.13]
	at org.junit.runners.ParentRunner$1.schedule(ParentRunner.java:79) [junit-4.13.jar:4.13]
	at org.junit.runners.ParentRunner.runChildren(ParentRunner.java:329) [junit-4.13.jar:4.13]
	at org.junit.runners.ParentRunner.access$100(ParentRunner.java:66) [junit-4.13.jar:4.13]
	at org.junit.runners.ParentRunner$2.evaluate(ParentRunner.java:293) [junit-4.13.jar:4.13]
	at org.junit.runners.ParentRunner.run(ParentRunner.java:413) [junit-4.13.jar:4.13]
	at org.junit.runners.Suite.runChild(Suite.java:128) [junit-4.13.jar:4.13]
	at org.junit.runners.Suite.runChild(Suite.java:27) [junit-4.13.jar:4.13]
	at org.junit.runners.ParentRunner$4.run(ParentRunner.java:331) [junit-4.13.jar:4.13]
	at org.junit.runners.ParentRunner$1.schedule(ParentRunner.java:79) [junit-4.13.jar:4.13]
	at org.junit.runners.ParentRunner.runChildren(ParentRunner.java:329) [junit-4.13.jar:4.13]
	at org.junit.runners.ParentRunner.access$100(ParentRunner.java:66) [junit-4.13.jar:4.13]
	at org.junit.runners.ParentRunner$2.evaluate(ParentRunner.java:293) [junit-4.13.jar:4.13]
	at org.junit.internal.runners.statements.RunAfters.evaluate(RunAfters.java:27) [junit-4.13.jar:4.13]
	at org.junit.runners.ParentRunner$3.evaluate(ParentRunner.java:306) [junit-4.13.jar:4.13]
	at org.junit.runners.ParentRunner.run(ParentRunner.java:413) [junit-4.13.jar:4.13]
	at org.eclipse.jdt.internal.junit4.runner.JUnit4TestReference.run(JUnit4TestReference.java:93) [.cp/:?]
	at org.eclipse.jdt.internal.junit.runner.TestExecution.run(TestExecution.java:40) [.cp/:?]
	at org.eclipse.jdt.internal.junit.runner.RemoteTestRunner.runTests(RemoteTestRunner.java:530) [.cp/:?]
	at org.eclipse.jdt.internal.junit.runner.RemoteTestRunner.runTests(RemoteTestRunner.java:758) [.cp/:?]
	at org.eclipse.jdt.internal.junit.runner.RemoteTestRunner.run(RemoteTestRunner.java:453) [.cp/:?]
	at org.eclipse.jdt.internal.junit.runner.RemoteTestRunner.main(RemoteTestRunner.java:211) [.cp/:?]
2025-12-30 03:22:32 INFO  === END   tests.productCardsTests.ProductCardElementsTests.cardValidation[Exp#13 [f1=2, f2=2, f3=1, f4=2, f5=3, f6=1, f7=3, f8=2]] ===
2025-12-30 03:22:32 INFO  === START tests.productCardsTests.ProductCardElementsTests.cardValidation[Exp#14 [f1=2, f2=2, f3=2, f4=3, f5=1, f6=2, f7=1, f8=3]] ===
2025-12-30 03:22:32 INFO  STEP: 📝 New input: Filling form fields.
2025-12-30 03:22:33 INFO  STEP: Card nuber 1 have a Thumbnail
2025-12-30 03:22:33 INFO  STEP: Card nuber 1 have a Title: Green and Black Glasses
2025-12-30 03:22:33 INFO  STEP: Card nuber 1 have a Description: The Green and Black Glasses feature a bold combination of green and black colors, adding a touch of vibrancy to your eyewear collection. They are both stylish and eye-catching.
2025-12-30 03:22:33 INFO  STEP: Card nuber 1 have a Price: 34.99
2025-12-30 03:22:33 INFO  STEP: Card nuber 1 have a Rating: 4.5
2025-12-30 03:22:33 INFO  STEP PASS: Card nuber 1 dont have a Additional Images Button
2025-12-30 03:22:33 ERROR STEP FAIL: Card #1 should have all the components
2025-12-30 03:22:33 ERROR === FAIL  tests.productCardsTests.ProductCardElementsTests.cardValidation[Exp#1 [f1=1, f2=1, f3=1, f4=1, f5=1, f6=1, f7=1, f8=1]] ===
java.lang.AssertionError: Card #1 should have all the components
	at org.junit.Assert.fail(Assert.java:89) ~[junit-4.13.jar:4.13]
	at org.junit.Assert.assertTrue(Assert.java:42) ~[junit-4.13.jar:4.13]
	at tests.BaseTest.checkTrue(BaseTest.java:92) ~[test-classes/:?]
	at tests.productCardsTests.ProductCardElementsTests.cardValidation(ProductCardElementsTests.java:61) ~[test-classes/:?]
	at jdk.internal.reflect.DirectMethodHandleAccessor.invoke(DirectMethodHandleAccessor.java:103) ~[?:?]
	at java.lang.reflect.Method.invoke(Method.java:580) ~[?:?]
	at org.junit.runners.model.FrameworkMethod$1.runReflectiveCall(FrameworkMethod.java:59) ~[junit-4.13.jar:4.13]
	at org.junit.internal.runners.model.ReflectiveCallable.run(ReflectiveCallable.java:12) ~[junit-4.13.jar:4.13]
	at org.junit.runners.model.FrameworkMethod.invokeExplosively(FrameworkMethod.java:56) ~[junit-4.13.jar:4.13]
	at org.junit.internal.runners.statements.InvokeMethod.evaluate(InvokeMethod.java:17) ~[junit-4.13.jar:4.13]
	at org.junit.internal.runners.statements.RunBefores.evaluate(RunBefores.java:26) ~[junit-4.13.jar:4.13]
	at org.junit.internal.runners.statements.RunAfters.evaluate(RunAfters.java:27) ~[junit-4.13.jar:4.13]
	at org.junit.rules.TestWatcher$1.evaluate(TestWatcher.java:61) [junit-4.13.jar:4.13]
	at org.junit.runners.ParentRunner$3.evaluate(ParentRunner.java:306) [junit-4.13.jar:4.13]
	at org.junit.runners.BlockJUnit4ClassRunner$1.evaluate(BlockJUnit4ClassRunner.java:100) [junit-4.13.jar:4.13]
	at org.junit.runners.ParentRunner.runLeaf(ParentRunner.java:366) [junit-4.13.jar:4.13]
	at org.junit.runners.BlockJUnit4ClassRunner.runChild(BlockJUnit4ClassRunner.java:103) [junit-4.13.jar:4.13]
	at org.junit.runners.BlockJUnit4ClassRunner.runChild(BlockJUnit4ClassRunner.java:63) [junit-4.13.jar:4.13]
	at org.junit.runners.ParentRunner$4.run(ParentRunner.java:331) [junit-4.13.jar:4.13]
	at org.junit.runners.ParentRunner$1.schedule(ParentRunner.java:79) [junit-4.13.jar:4.13]
	at org.junit.runners.ParentRunner.runChildren(ParentRunner.java:329) [junit-4.13.jar:4.13]
	at org.junit.runners.ParentRunner.access$100(ParentRunner.java:66) [junit-4.13.jar:4.13]
	at org.junit.runners.ParentRunner$2.evaluate(ParentRunner.java:293) [junit-4.13.jar:4.13]
	at org.junit.runners.ParentRunner.run(ParentRunner.java:413) [junit-4.13.jar:4.13]
	at org.junit.runners.Suite.runChild(Suite.java:128) [junit-4.13.jar:4.13]
	at org.junit.runners.Suite.runChild(Suite.java:27) [junit-4.13.jar:4.13]
	at org.junit.runners.ParentRunner$4.run(ParentRunner.java:331) [junit-4.13.jar:4.13]
	at org.junit.runners.ParentRunner$1.schedule(ParentRunner.java:79) [junit-4.13.jar:4.13]
	at org.junit.runners.ParentRunner.runChildren(ParentRunner.java:329) [junit-4.13.jar:4.13]
	at org.junit.runners.ParentRunner.access$100(ParentRunner.java:66) [junit-4.13.jar:4.13]
	at org.junit.runners.ParentRunner$2.evaluate(ParentRunner.java:293) [junit-4.13.jar:4.13]
	at org.junit.internal.runners.statements.RunAfters.evaluate(RunAfters.java:27) [junit-4.13.jar:4.13]
	at org.junit.runners.ParentRunner$3.evaluate(ParentRunner.java:306) [junit-4.13.jar:4.13]
	at org.junit.runners.ParentRunner.run(ParentRunner.java:413) [junit-4.13.jar:4.13]
	at org.eclipse.jdt.internal.junit4.runner.JUnit4TestReference.run(JUnit4TestReference.java:93) [.cp/:?]
	at org.eclipse.jdt.internal.junit.runner.TestExecution.run(TestExecution.java:40) [.cp/:?]
	at org.eclipse.jdt.internal.junit.runner.RemoteTestRunner.runTests(RemoteTestRunner.java:530) [.cp/:?]
	at org.eclipse.jdt.internal.junit.runner.RemoteTestRunner.runTests(RemoteTestRunner.java:758) [.cp/:?]
	at org.eclipse.jdt.internal.junit.runner.RemoteTestRunner.run(RemoteTestRunner.java:453) [.cp/:?]
	at org.eclipse.jdt.internal.junit.runner.RemoteTestRunner.main(RemoteTestRunner.java:211) [.cp/:?]
2025-12-30 03:22:33 INFO  === END   tests.productCardsTests.ProductCardElementsTests.cardValidation[Exp#1 [f1=1, f2=1, f3=1, f4=1, f5=1, f6=1, f7=1, f8=1]] ===
2025-12-30 03:22:34 INFO  === START tests.productCardsTests.ProductCardElementsTests.cardValidation[Exp#2 [f1=1, f2=1, f3=2, f4=2, f5=2, f6=2, f7=2, f8=2]] ===
2025-12-30 03:22:34 INFO  STEP: 📝 New input: Filling form fields.
2025-12-30 03:22:35 INFO  STEP: Card nuber 1 have a Thumbnail
2025-12-30 03:22:35 INFO  STEP: Card nuber 1 have a Title: Vivo S1
2025-12-30 03:22:35 INFO  STEP: Card nuber 1 have a Description: The Vivo S1 is a stylish and mid-range smartphone offering a blend of design and performance. It features a vibrant display, capable camera system, and reliable functionality.
2025-12-30 03:22:35 INFO  STEP: Card nuber 1 have a Price: 249.99
2025-12-30 03:22:35 INFO  STEP: Card nuber 1 have a Rating: 3.5
(4 reviews)
2025-12-30 03:22:36 INFO  STEP PASS: Card nuber 1 dont have a Additional Images Button
2025-12-30 03:22:36 ERROR STEP FAIL: Card #1 should have all the components
2025-12-30 03:22:36 ERROR === FAIL  tests.productCardsTests.ProductCardElementsTests.cardValidation[Exp#14 [f1=2, f2=2, f3=2, f4=3, f5=1, f6=2, f7=1, f8=3]] ===
java.lang.AssertionError: Card #1 should have all the components
	at org.junit.Assert.fail(Assert.java:89) ~[junit-4.13.jar:4.13]
	at org.junit.Assert.assertTrue(Assert.java:42) ~[junit-4.13.jar:4.13]
	at tests.BaseTest.checkTrue(BaseTest.java:92) ~[test-classes/:?]
	at tests.productCardsTests.ProductCardElementsTests.cardValidation(ProductCardElementsTests.java:61) ~[test-classes/:?]
	at jdk.internal.reflect.DirectMethodHandleAccessor.invoke(DirectMethodHandleAccessor.java:103) ~[?:?]
	at java.lang.reflect.Method.invoke(Method.java:580) ~[?:?]
	at org.junit.runners.model.FrameworkMethod$1.runReflectiveCall(FrameworkMethod.java:59) ~[junit-4.13.jar:4.13]
	at org.junit.internal.runners.model.ReflectiveCallable.run(ReflectiveCallable.java:12) ~[junit-4.13.jar:4.13]
	at org.junit.runners.model.FrameworkMethod.invokeExplosively(FrameworkMethod.java:56) ~[junit-4.13.jar:4.13]
	at org.junit.internal.runners.statements.InvokeMethod.evaluate(InvokeMethod.java:17) ~[junit-4.13.jar:4.13]
	at org.junit.internal.runners.statements.RunBefores.evaluate(RunBefores.java:26) ~[junit-4.13.jar:4.13]
	at org.junit.internal.runners.statements.RunAfters.evaluate(RunAfters.java:27) ~[junit-4.13.jar:4.13]
	at org.junit.rules.TestWatcher$1.evaluate(TestWatcher.java:61) [junit-4.13.jar:4.13]
	at org.junit.runners.ParentRunner$3.evaluate(ParentRunner.java:306) [junit-4.13.jar:4.13]
	at org.junit.runners.BlockJUnit4ClassRunner$1.evaluate(BlockJUnit4ClassRunner.java:100) [junit-4.13.jar:4.13]
	at org.junit.runners.ParentRunner.runLeaf(ParentRunner.java:366) [junit-4.13.jar:4.13]
	at org.junit.runners.BlockJUnit4ClassRunner.runChild(BlockJUnit4ClassRunner.java:103) [junit-4.13.jar:4.13]
	at org.junit.runners.BlockJUnit4ClassRunner.runChild(BlockJUnit4ClassRunner.java:63) [junit-4.13.jar:4.13]
	at org.junit.runners.ParentRunner$4.run(ParentRunner.java:331) [junit-4.13.jar:4.13]
	at org.junit.runners.ParentRunner$1.schedule(ParentRunner.java:79) [junit-4.13.jar:4.13]
	at org.junit.runners.ParentRunner.runChildren(ParentRunner.java:329) [junit-4.13.jar:4.13]
	at org.junit.runners.ParentRunner.access$100(ParentRunner.java:66) [junit-4.13.jar:4.13]
	at org.junit.runners.ParentRunner$2.evaluate(ParentRunner.java:293) [junit-4.13.jar:4.13]
	at org.junit.runners.ParentRunner.run(ParentRunner.java:413) [junit-4.13.jar:4.13]
	at org.junit.runners.Suite.runChild(Suite.java:128) [junit-4.13.jar:4.13]
	at org.junit.runners.Suite.runChild(Suite.java:27) [junit-4.13.jar:4.13]
	at org.junit.runners.ParentRunner$4.run(ParentRunner.java:331) [junit-4.13.jar:4.13]
	at org.junit.runners.ParentRunner$1.schedule(ParentRunner.java:79) [junit-4.13.jar:4.13]
	at org.junit.runners.ParentRunner.runChildren(ParentRunner.java:329) [junit-4.13.jar:4.13]
	at org.junit.runners.ParentRunner.access$100(ParentRunner.java:66) [junit-4.13.jar:4.13]
	at org.junit.runners.ParentRunner$2.evaluate(ParentRunner.java:293) [junit-4.13.jar:4.13]
	at org.junit.internal.runners.statements.RunAfters.evaluate(RunAfters.java:27) [junit-4.13.jar:4.13]
	at org.junit.runners.ParentRunner$3.evaluate(ParentRunner.java:306) [junit-4.13.jar:4.13]
	at org.junit.runners.ParentRunner.run(ParentRunner.java:413) [junit-4.13.jar:4.13]
	at org.eclipse.jdt.internal.junit4.runner.JUnit4TestReference.run(JUnit4TestReference.java:93) [.cp/:?]
	at org.eclipse.jdt.internal.junit.runner.TestExecution.run(TestExecution.java:40) [.cp/:?]
	at org.eclipse.jdt.internal.junit.runner.RemoteTestRunner.runTests(RemoteTestRunner.java:530) [.cp/:?]
	at org.eclipse.jdt.internal.junit.runner.RemoteTestRunner.runTests(RemoteTestRunner.java:758) [.cp/:?]
	at org.eclipse.jdt.internal.junit.runner.RemoteTestRunner.run(RemoteTestRunner.java:453) [.cp/:?]
	at org.eclipse.jdt.internal.junit.runner.RemoteTestRunner.main(RemoteTestRunner.java:211) [.cp/:?]
2025-12-30 03:22:36 INFO  === END   tests.productCardsTests.ProductCardElementsTests.cardValidation[Exp#14 [f1=2, f2=2, f3=2, f4=3, f5=1, f6=2, f7=1, f8=3]] ===
2025-12-30 03:22:36 INFO  === START tests.productCardsTests.ProductCardElementsTests.cardValidation[Exp#15 [f1=2, f2=2, f3=3, f4=1, f5=2, f6=3, f7=2, f8=1]] ===
2025-12-30 03:22:36 INFO  STEP: 📝 New input: Filling form fields.
2025-12-30 03:22:37 INFO  STEP: Card nuber 1 have a Thumbnail
2025-12-30 03:22:37 INFO  STEP: Card nuber 1 have a Title: Black Aluminium Cup
2025-12-30 03:22:37 INFO  STEP: Card nuber 1 have a Description: The Black Aluminium Cup is a stylish and durable cup suitable for both hot and cold beverages. Its sleek black design adds a modern touch to your drinkware collection.
2025-12-30 03:22:37 INFO  STEP: Card nuber 1 have a Price: 5.99
2025-12-30 03:22:37 INFO  STEP: Card nuber 1 have a Rating: 4.5
2025-12-30 03:22:38 INFO  STEP PASS: Card nuber 1 dont have a Additional Images Button
2025-12-30 03:22:38 ERROR STEP FAIL: Card #1 should have all the components
2025-12-30 03:22:38 ERROR === FAIL  tests.productCardsTests.ProductCardElementsTests.cardValidation[Exp#2 [f1=1, f2=1, f3=2, f4=2, f5=2, f6=2, f7=2, f8=2]] ===
java.lang.AssertionError: Card #1 should have all the components
	at org.junit.Assert.fail(Assert.java:89) ~[junit-4.13.jar:4.13]
	at org.junit.Assert.assertTrue(Assert.java:42) ~[junit-4.13.jar:4.13]
	at tests.BaseTest.checkTrue(BaseTest.java:92) ~[test-classes/:?]
	at tests.productCardsTests.ProductCardElementsTests.cardValidation(ProductCardElementsTests.java:61) ~[test-classes/:?]
	at jdk.internal.reflect.DirectMethodHandleAccessor.invoke(DirectMethodHandleAccessor.java:103) ~[?:?]
	at java.lang.reflect.Method.invoke(Method.java:580) ~[?:?]
	at org.junit.runners.model.FrameworkMethod$1.runReflectiveCall(FrameworkMethod.java:59) ~[junit-4.13.jar:4.13]
	at org.junit.internal.runners.model.ReflectiveCallable.run(ReflectiveCallable.java:12) ~[junit-4.13.jar:4.13]
	at org.junit.runners.model.FrameworkMethod.invokeExplosively(FrameworkMethod.java:56) ~[junit-4.13.jar:4.13]
	at org.junit.internal.runners.statements.InvokeMethod.evaluate(InvokeMethod.java:17) ~[junit-4.13.jar:4.13]
	at org.junit.internal.runners.statements.RunBefores.evaluate(RunBefores.java:26) ~[junit-4.13.jar:4.13]
	at org.junit.internal.runners.statements.RunAfters.evaluate(RunAfters.java:27) ~[junit-4.13.jar:4.13]
	at org.junit.rules.TestWatcher$1.evaluate(TestWatcher.java:61) [junit-4.13.jar:4.13]
	at org.junit.runners.ParentRunner$3.evaluate(ParentRunner.java:306) [junit-4.13.jar:4.13]
	at org.junit.runners.BlockJUnit4ClassRunner$1.evaluate(BlockJUnit4ClassRunner.java:100) [junit-4.13.jar:4.13]
	at org.junit.runners.ParentRunner.runLeaf(ParentRunner.java:366) [junit-4.13.jar:4.13]
	at org.junit.runners.BlockJUnit4ClassRunner.runChild(BlockJUnit4ClassRunner.java:103) [junit-4.13.jar:4.13]
	at org.junit.runners.BlockJUnit4ClassRunner.runChild(BlockJUnit4ClassRunner.java:63) [junit-4.13.jar:4.13]
	at org.junit.runners.ParentRunner$4.run(ParentRunner.java:331) [junit-4.13.jar:4.13]
	at org.junit.runners.ParentRunner$1.schedule(ParentRunner.java:79) [junit-4.13.jar:4.13]
	at org.junit.runners.ParentRunner.runChildren(ParentRunner.java:329) [junit-4.13.jar:4.13]
	at org.junit.runners.ParentRunner.access$100(ParentRunner.java:66) [junit-4.13.jar:4.13]
	at org.junit.runners.ParentRunner$2.evaluate(ParentRunner.java:293) [junit-4.13.jar:4.13]
	at org.junit.runners.ParentRunner.run(ParentRunner.java:413) [junit-4.13.jar:4.13]
	at org.junit.runners.Suite.runChild(Suite.java:128) [junit-4.13.jar:4.13]
	at org.junit.runners.Suite.runChild(Suite.java:27) [junit-4.13.jar:4.13]
	at org.junit.runners.ParentRunner$4.run(ParentRunner.java:331) [junit-4.13.jar:4.13]
	at org.junit.runners.ParentRunner$1.schedule(ParentRunner.java:79) [junit-4.13.jar:4.13]
	at org.junit.runners.ParentRunner.runChildren(ParentRunner.java:329) [junit-4.13.jar:4.13]
	at org.junit.runners.ParentRunner.access$100(ParentRunner.java:66) [junit-4.13.jar:4.13]
	at org.junit.runners.ParentRunner$2.evaluate(ParentRunner.java:293) [junit-4.13.jar:4.13]
	at org.junit.internal.runners.statements.RunAfters.evaluate(RunAfters.java:27) [junit-4.13.jar:4.13]
	at org.junit.runners.ParentRunner$3.evaluate(ParentRunner.java:306) [junit-4.13.jar:4.13]
	at org.junit.runners.ParentRunner.run(ParentRunner.java:413) [junit-4.13.jar:4.13]
	at org.eclipse.jdt.internal.junit4.runner.JUnit4TestReference.run(JUnit4TestReference.java:93) [.cp/:?]
	at org.eclipse.jdt.internal.junit.runner.TestExecution.run(TestExecution.java:40) [.cp/:?]
	at org.eclipse.jdt.internal.junit.runner.RemoteTestRunner.runTests(RemoteTestRunner.java:530) [.cp/:?]
	at org.eclipse.jdt.internal.junit.runner.RemoteTestRunner.runTests(RemoteTestRunner.java:758) [.cp/:?]
	at org.eclipse.jdt.internal.junit.runner.RemoteTestRunner.run(RemoteTestRunner.java:453) [.cp/:?]
	at org.eclipse.jdt.internal.junit.runner.RemoteTestRunner.main(RemoteTestRunner.java:211) [.cp/:?]
2025-12-30 03:22:38 INFO  === END   tests.productCardsTests.ProductCardElementsTests.cardValidation[Exp#2 [f1=1, f2=1, f3=2, f4=2, f5=2, f6=2, f7=2, f8=2]] ===
2025-12-30 03:22:38 INFO  === START tests.productCardsTests.ProductCardElementsTests.cardValidation[Exp#3 [f1=1, f2=1, f3=3, f4=3, f5=3, f6=3, f7=3, f8=3]] ===
2025-12-30 03:22:38 INFO  STEP: 📝 New input: Filling form fields.
2025-12-30 03:22:40 INFO  STEP: Card nuber 1 have a Thumbnail
2025-12-30 03:22:40 INFO  STEP: Card nuber 1 have a Title: Scooter Motorcycle
2025-12-30 03:22:40 INFO  STEP: Card nuber 1 have a Description: The Scooter Motorcycle is a practical and fuel-efficient bike ideal for urban commuting. It features a step-through design and user-friendly controls for easy maneuverability.
2025-12-30 03:22:40 INFO  STEP: Card nuber 1 have a Price: 2999.99
2025-12-30 03:22:40 INFO  STEP: Card nuber 1 have a Rating: 2.5
(4 reviews)
2025-12-30 03:22:40 INFO  STEP PASS: Card nuber 1 dont have a Additional Images Button
2025-12-30 03:22:40 ERROR STEP FAIL: Card #1 should have all the components
2025-12-30 03:22:40 ERROR === FAIL  tests.productCardsTests.ProductCardElementsTests.cardValidation[Exp#15 [f1=2, f2=2, f3=3, f4=1, f5=2, f6=3, f7=2, f8=1]] ===
java.lang.AssertionError: Card #1 should have all the components
	at org.junit.Assert.fail(Assert.java:89) ~[junit-4.13.jar:4.13]
	at org.junit.Assert.assertTrue(Assert.java:42) ~[junit-4.13.jar:4.13]
	at tests.BaseTest.checkTrue(BaseTest.java:92) ~[test-classes/:?]
	at tests.productCardsTests.ProductCardElementsTests.cardValidation(ProductCardElementsTests.java:61) ~[test-classes/:?]
	at jdk.internal.reflect.DirectMethodHandleAccessor.invoke(DirectMethodHandleAccessor.java:103) ~[?:?]
	at java.lang.reflect.Method.invoke(Method.java:580) ~[?:?]
	at org.junit.runners.model.FrameworkMethod$1.runReflectiveCall(FrameworkMethod.java:59) ~[junit-4.13.jar:4.13]
	at org.junit.internal.runners.model.ReflectiveCallable.run(ReflectiveCallable.java:12) ~[junit-4.13.jar:4.13]
	at org.junit.runners.model.FrameworkMethod.invokeExplosively(FrameworkMethod.java:56) ~[junit-4.13.jar:4.13]
	at org.junit.internal.runners.statements.InvokeMethod.evaluate(InvokeMethod.java:17) ~[junit-4.13.jar:4.13]
	at org.junit.internal.runners.statements.RunBefores.evaluate(RunBefores.java:26) ~[junit-4.13.jar:4.13]
	at org.junit.internal.runners.statements.RunAfters.evaluate(RunAfters.java:27) ~[junit-4.13.jar:4.13]
	at org.junit.rules.TestWatcher$1.evaluate(TestWatcher.java:61) [junit-4.13.jar:4.13]
	at org.junit.runners.ParentRunner$3.evaluate(ParentRunner.java:306) [junit-4.13.jar:4.13]
	at org.junit.runners.BlockJUnit4ClassRunner$1.evaluate(BlockJUnit4ClassRunner.java:100) [junit-4.13.jar:4.13]
	at org.junit.runners.ParentRunner.runLeaf(ParentRunner.java:366) [junit-4.13.jar:4.13]
	at org.junit.runners.BlockJUnit4ClassRunner.runChild(BlockJUnit4ClassRunner.java:103) [junit-4.13.jar:4.13]
	at org.junit.runners.BlockJUnit4ClassRunner.runChild(BlockJUnit4ClassRunner.java:63) [junit-4.13.jar:4.13]
	at org.junit.runners.ParentRunner$4.run(ParentRunner.java:331) [junit-4.13.jar:4.13]
	at org.junit.runners.ParentRunner$1.schedule(ParentRunner.java:79) [junit-4.13.jar:4.13]
	at org.junit.runners.ParentRunner.runChildren(ParentRunner.java:329) [junit-4.13.jar:4.13]
	at org.junit.runners.ParentRunner.access$100(ParentRunner.java:66) [junit-4.13.jar:4.13]
	at org.junit.runners.ParentRunner$2.evaluate(ParentRunner.java:293) [junit-4.13.jar:4.13]
	at org.junit.runners.ParentRunner.run(ParentRunner.java:413) [junit-4.13.jar:4.13]
	at org.junit.runners.Suite.runChild(Suite.java:128) [junit-4.13.jar:4.13]
	at org.junit.runners.Suite.runChild(Suite.java:27) [junit-4.13.jar:4.13]
	at org.junit.runners.ParentRunner$4.run(ParentRunner.java:331) [junit-4.13.jar:4.13]
	at org.junit.runners.ParentRunner$1.schedule(ParentRunner.java:79) [junit-4.13.jar:4.13]
	at org.junit.runners.ParentRunner.runChildren(ParentRunner.java:329) [junit-4.13.jar:4.13]
	at org.junit.runners.ParentRunner.access$100(ParentRunner.java:66) [junit-4.13.jar:4.13]
	at org.junit.runners.ParentRunner$2.evaluate(ParentRunner.java:293) [junit-4.13.jar:4.13]
	at org.junit.internal.runners.statements.RunAfters.evaluate(RunAfters.java:27) [junit-4.13.jar:4.13]
	at org.junit.runners.ParentRunner$3.evaluate(ParentRunner.java:306) [junit-4.13.jar:4.13]
	at org.junit.runners.ParentRunner.run(ParentRunner.java:413) [junit-4.13.jar:4.13]
	at org.eclipse.jdt.internal.junit4.runner.JUnit4TestReference.run(JUnit4TestReference.java:93) [.cp/:?]
	at org.eclipse.jdt.internal.junit.runner.TestExecution.run(TestExecution.java:40) [.cp/:?]
	at org.eclipse.jdt.internal.junit.runner.RemoteTestRunner.runTests(RemoteTestRunner.java:530) [.cp/:?]
	at org.eclipse.jdt.internal.junit.runner.RemoteTestRunner.runTests(RemoteTestRunner.java:758) [.cp/:?]
	at org.eclipse.jdt.internal.junit.runner.RemoteTestRunner.run(RemoteTestRunner.java:453) [.cp/:?]
	at org.eclipse.jdt.internal.junit.runner.RemoteTestRunner.main(RemoteTestRunner.java:211) [.cp/:?]
2025-12-30 03:22:40 INFO  === END   tests.productCardsTests.ProductCardElementsTests.cardValidation[Exp#15 [f1=2, f2=2, f3=3, f4=1, f5=2, f6=3, f7=2, f8=1]] ===
2025-12-30 03:22:40 INFO  === START tests.productCardsTests.ProductCardElementsTests.cardValidation[Exp#16 [f1=2, f2=3, f3=1, f4=3, f5=2, f6=3, f7=1, f8=2]] ===
2025-12-30 03:22:40 INFO  STEP: 📝 New input: Filling form fields.
2025-12-30 03:22:41 INFO  STEP: Card nuber 1 have a Thumbnail
2025-12-30 03:22:41 INFO  STEP: Card nuber 1 have a Title: Samsung Galaxy Tab White
2025-12-30 03:22:41 INFO  STEP: Card nuber 1 have a Description: The Samsung Galaxy Tab in White is a sleek and versatile Android tablet. With a vibrant display, long-lasting battery, and a range of features, it offers a great user experience for various tasks.
2025-12-30 03:22:41 INFO  STEP: Card nuber 1 have a Price: 349.99
2025-12-30 03:22:41 INFO  STEP: Card nuber 1 have a Rating: 3.7
2025-12-30 03:22:41 INFO  STEP PASS: Card nuber 1 dont have a Additional Images Button
2025-12-30 03:22:41 ERROR STEP FAIL: Card #1 should have all the components
2025-12-30 03:22:41 ERROR === FAIL  tests.productCardsTests.ProductCardElementsTests.cardValidation[Exp#3 [f1=1, f2=1, f3=3, f4=3, f5=3, f6=3, f7=3, f8=3]] ===
java.lang.AssertionError: Card #1 should have all the components
	at org.junit.Assert.fail(Assert.java:89) ~[junit-4.13.jar:4.13]
	at org.junit.Assert.assertTrue(Assert.java:42) ~[junit-4.13.jar:4.13]
	at tests.BaseTest.checkTrue(BaseTest.java:92) ~[test-classes/:?]
	at tests.productCardsTests.ProductCardElementsTests.cardValidation(ProductCardElementsTests.java:61) ~[test-classes/:?]
	at jdk.internal.reflect.DirectMethodHandleAccessor.invoke(DirectMethodHandleAccessor.java:103) ~[?:?]
	at java.lang.reflect.Method.invoke(Method.java:580) ~[?:?]
	at org.junit.runners.model.FrameworkMethod$1.runReflectiveCall(FrameworkMethod.java:59) ~[junit-4.13.jar:4.13]
	at org.junit.internal.runners.model.ReflectiveCallable.run(ReflectiveCallable.java:12) ~[junit-4.13.jar:4.13]
	at org.junit.runners.model.FrameworkMethod.invokeExplosively(FrameworkMethod.java:56) ~[junit-4.13.jar:4.13]
	at org.junit.internal.runners.statements.InvokeMethod.evaluate(InvokeMethod.java:17) ~[junit-4.13.jar:4.13]
	at org.junit.internal.runners.statements.RunBefores.evaluate(RunBefores.java:26) ~[junit-4.13.jar:4.13]
	at org.junit.internal.runners.statements.RunAfters.evaluate(RunAfters.java:27) ~[junit-4.13.jar:4.13]
	at org.junit.rules.TestWatcher$1.evaluate(TestWatcher.java:61) [junit-4.13.jar:4.13]
	at org.junit.runners.ParentRunner$3.evaluate(ParentRunner.java:306) [junit-4.13.jar:4.13]
	at org.junit.runners.BlockJUnit4ClassRunner$1.evaluate(BlockJUnit4ClassRunner.java:100) [junit-4.13.jar:4.13]
	at org.junit.runners.ParentRunner.runLeaf(ParentRunner.java:366) [junit-4.13.jar:4.13]
	at org.junit.runners.BlockJUnit4ClassRunner.runChild(BlockJUnit4ClassRunner.java:103) [junit-4.13.jar:4.13]
	at org.junit.runners.BlockJUnit4ClassRunner.runChild(BlockJUnit4ClassRunner.java:63) [junit-4.13.jar:4.13]
	at org.junit.runners.ParentRunner$4.run(ParentRunner.java:331) [junit-4.13.jar:4.13]
	at org.junit.runners.ParentRunner$1.schedule(ParentRunner.java:79) [junit-4.13.jar:4.13]
	at org.junit.runners.ParentRunner.runChildren(ParentRunner.java:329) [junit-4.13.jar:4.13]
	at org.junit.runners.ParentRunner.access$100(ParentRunner.java:66) [junit-4.13.jar:4.13]
	at org.junit.runners.ParentRunner$2.evaluate(ParentRunner.java:293) [junit-4.13.jar:4.13]
	at org.junit.runners.ParentRunner.run(ParentRunner.java:413) [junit-4.13.jar:4.13]
	at org.junit.runners.Suite.runChild(Suite.java:128) [junit-4.13.jar:4.13]
	at org.junit.runners.Suite.runChild(Suite.java:27) [junit-4.13.jar:4.13]
	at org.junit.runners.ParentRunner$4.run(ParentRunner.java:331) [junit-4.13.jar:4.13]
	at org.junit.runners.ParentRunner$1.schedule(ParentRunner.java:79) [junit-4.13.jar:4.13]
	at org.junit.runners.ParentRunner.runChildren(ParentRunner.java:329) [junit-4.13.jar:4.13]
	at org.junit.runners.ParentRunner.access$100(ParentRunner.java:66) [junit-4.13.jar:4.13]
	at org.junit.runners.ParentRunner$2.evaluate(ParentRunner.java:293) [junit-4.13.jar:4.13]
	at org.junit.internal.runners.statements.RunAfters.evaluate(RunAfters.java:27) [junit-4.13.jar:4.13]
	at org.junit.runners.ParentRunner$3.evaluate(ParentRunner.java:306) [junit-4.13.jar:4.13]
	at org.junit.runners.ParentRunner.run(ParentRunner.java:413) [junit-4.13.jar:4.13]
	at org.eclipse.jdt.internal.junit4.runner.JUnit4TestReference.run(JUnit4TestReference.java:93) [.cp/:?]
	at org.eclipse.jdt.internal.junit.runner.TestExecution.run(TestExecution.java:40) [.cp/:?]
	at org.eclipse.jdt.internal.junit.runner.RemoteTestRunner.runTests(RemoteTestRunner.java:530) [.cp/:?]
	at org.eclipse.jdt.internal.junit.runner.RemoteTestRunner.runTests(RemoteTestRunner.java:758) [.cp/:?]
	at org.eclipse.jdt.internal.junit.runner.RemoteTestRunner.run(RemoteTestRunner.java:453) [.cp/:?]
	at org.eclipse.jdt.internal.junit.runner.RemoteTestRunner.main(RemoteTestRunner.java:211) [.cp/:?]
2025-12-30 03:22:41 INFO  === END   tests.productCardsTests.ProductCardElementsTests.cardValidation[Exp#3 [f1=1, f2=1, f3=3, f4=3, f5=3, f6=3, f7=3, f8=3]] ===
2025-12-30 03:22:41 INFO  === START tests.productCardsTests.ProductCardElementsTests.cardValidation[Exp#4 [f1=1, f2=2, f3=1, f4=1, f5=2, f6=2, f7=3, f8=3]] ===
2025-12-30 03:22:41 INFO  STEP: 📝 New input: Filling form fields.
2025-12-30 03:22:44 INFO  STEP: Card nuber 1 have a Thumbnail
2025-12-30 03:22:44 INFO  STEP: Card nuber 1 have a Title: iPhone 5s
2025-12-30 03:22:44 INFO  STEP: Card nuber 1 have a Description: The iPhone 5s is a classic smartphone known for its compact design and advanced features during its release. While it's an older model, it still provides a reliable user experience.
2025-12-30 03:22:44 INFO  STEP: Card nuber 1 have a Price: 199.99
2025-12-30 03:22:44 INFO  STEP: Card nuber 1 have a Rating: 2.8
(4 reviews)
2025-12-30 03:22:44 INFO  STEP PASS: Card nuber 1 dont have a Additional Images Button
2025-12-30 03:22:44 ERROR STEP FAIL: Card #1 should have all the components
2025-12-30 03:22:44 ERROR === FAIL  tests.productCardsTests.ProductCardElementsTests.cardValidation[Exp#16 [f1=2, f2=3, f3=1, f4=3, f5=2, f6=3, f7=1, f8=2]] ===
java.lang.AssertionError: Card #1 should have all the components
	at org.junit.Assert.fail(Assert.java:89) ~[junit-4.13.jar:4.13]
	at org.junit.Assert.assertTrue(Assert.java:42) ~[junit-4.13.jar:4.13]
	at tests.BaseTest.checkTrue(BaseTest.java:92) ~[test-classes/:?]
	at tests.productCardsTests.ProductCardElementsTests.cardValidation(ProductCardElementsTests.java:61) ~[test-classes/:?]
	at jdk.internal.reflect.DirectMethodHandleAccessor.invoke(DirectMethodHandleAccessor.java:103) ~[?:?]
	at java.lang.reflect.Method.invoke(Method.java:580) ~[?:?]
	at org.junit.runners.model.FrameworkMethod$1.runReflectiveCall(FrameworkMethod.java:59) ~[junit-4.13.jar:4.13]
	at org.junit.internal.runners.model.ReflectiveCallable.run(ReflectiveCallable.java:12) ~[junit-4.13.jar:4.13]
	at org.junit.runners.model.FrameworkMethod.invokeExplosively(FrameworkMethod.java:56) ~[junit-4.13.jar:4.13]
	at org.junit.internal.runners.statements.InvokeMethod.evaluate(InvokeMethod.java:17) ~[junit-4.13.jar:4.13]
	at org.junit.internal.runners.statements.RunBefores.evaluate(RunBefores.java:26) ~[junit-4.13.jar:4.13]
	at org.junit.internal.runners.statements.RunAfters.evaluate(RunAfters.java:27) ~[junit-4.13.jar:4.13]
	at org.junit.rules.TestWatcher$1.evaluate(TestWatcher.java:61) [junit-4.13.jar:4.13]
	at org.junit.runners.ParentRunner$3.evaluate(ParentRunner.java:306) [junit-4.13.jar:4.13]
	at org.junit.runners.BlockJUnit4ClassRunner$1.evaluate(BlockJUnit4ClassRunner.java:100) [junit-4.13.jar:4.13]
	at org.junit.runners.ParentRunner.runLeaf(ParentRunner.java:366) [junit-4.13.jar:4.13]
	at org.junit.runners.BlockJUnit4ClassRunner.runChild(BlockJUnit4ClassRunner.java:103) [junit-4.13.jar:4.13]
	at org.junit.runners.BlockJUnit4ClassRunner.runChild(BlockJUnit4ClassRunner.java:63) [junit-4.13.jar:4.13]
	at org.junit.runners.ParentRunner$4.run(ParentRunner.java:331) [junit-4.13.jar:4.13]
	at org.junit.runners.ParentRunner$1.schedule(ParentRunner.java:79) [junit-4.13.jar:4.13]
	at org.junit.runners.ParentRunner.runChildren(ParentRunner.java:329) [junit-4.13.jar:4.13]
	at org.junit.runners.ParentRunner.access$100(ParentRunner.java:66) [junit-4.13.jar:4.13]
	at org.junit.runners.ParentRunner$2.evaluate(ParentRunner.java:293) [junit-4.13.jar:4.13]
	at org.junit.runners.ParentRunner.run(ParentRunner.java:413) [junit-4.13.jar:4.13]
	at org.junit.runners.Suite.runChild(Suite.java:128) [junit-4.13.jar:4.13]
	at org.junit.runners.Suite.runChild(Suite.java:27) [junit-4.13.jar:4.13]
	at org.junit.runners.ParentRunner$4.run(ParentRunner.java:331) [junit-4.13.jar:4.13]
	at org.junit.runners.ParentRunner$1.schedule(ParentRunner.java:79) [junit-4.13.jar:4.13]
	at org.junit.runners.ParentRunner.runChildren(ParentRunner.java:329) [junit-4.13.jar:4.13]
	at org.junit.runners.ParentRunner.access$100(ParentRunner.java:66) [junit-4.13.jar:4.13]
	at org.junit.runners.ParentRunner$2.evaluate(ParentRunner.java:293) [junit-4.13.jar:4.13]
	at org.junit.internal.runners.statements.RunAfters.evaluate(RunAfters.java:27) [junit-4.13.jar:4.13]
	at org.junit.runners.ParentRunner$3.evaluate(ParentRunner.java:306) [junit-4.13.jar:4.13]
	at org.junit.runners.ParentRunner.run(ParentRunner.java:413) [junit-4.13.jar:4.13]
	at org.eclipse.jdt.internal.junit4.runner.JUnit4TestReference.run(JUnit4TestReference.java:93) [.cp/:?]
	at org.eclipse.jdt.internal.junit.runner.TestExecution.run(TestExecution.java:40) [.cp/:?]
	at org.eclipse.jdt.internal.junit.runner.RemoteTestRunner.runTests(RemoteTestRunner.java:530) [.cp/:?]
	at org.eclipse.jdt.internal.junit.runner.RemoteTestRunner.runTests(RemoteTestRunner.java:758) [.cp/:?]
	at org.eclipse.jdt.internal.junit.runner.RemoteTestRunner.run(RemoteTestRunner.java:453) [.cp/:?]
	at org.eclipse.jdt.internal.junit.runner.RemoteTestRunner.main(RemoteTestRunner.java:211) [.cp/:?]
2025-12-30 03:22:44 INFO  === END   tests.productCardsTests.ProductCardElementsTests.cardValidation[Exp#16 [f1=2, f2=3, f3=1, f4=3, f5=2, f6=3, f7=1, f8=2]] ===
2025-12-30 03:22:44 INFO  === START tests.productCardsTests.ProductCardElementsTests.cardValidation[Exp#17 [f1=2, f2=3, f3=2, f4=1, f5=3, f6=1, f7=2, f8=3]] ===
2025-12-30 03:22:44 INFO  STEP: 📝 New input: Filling form fields.
2025-12-30 03:22:45 INFO  STEP: Card nuber 1 have a Thumbnail
2025-12-30 03:22:45 INFO  STEP: Card nuber 1 have a Title: Plant Pot
2025-12-30 03:22:45 INFO  STEP: Card nuber 1 have a Description: The Plant Pot is a stylish container for your favorite plants. With a sleek design, it complements your indoor or outdoor garden, adding a modern touch to your plant display.
2025-12-30 03:22:45 INFO  STEP: Card nuber 1 have a Price: 14.99
2025-12-30 03:22:45 INFO  STEP: Card nuber 1 have a Rating: 3.0
2025-12-30 03:22:45 INFO  STEP PASS: Card nuber 1 dont have a Additional Images Button
2025-12-30 03:22:45 ERROR STEP FAIL: Card #1 should have all the components
2025-12-30 03:22:45 ERROR === FAIL  tests.productCardsTests.ProductCardElementsTests.cardValidation[Exp#4 [f1=1, f2=2, f3=1, f4=1, f5=2, f6=2, f7=3, f8=3]] ===
java.lang.AssertionError: Card #1 should have all the components
	at org.junit.Assert.fail(Assert.java:89) ~[junit-4.13.jar:4.13]
	at org.junit.Assert.assertTrue(Assert.java:42) ~[junit-4.13.jar:4.13]
	at tests.BaseTest.checkTrue(BaseTest.java:92) ~[test-classes/:?]
	at tests.productCardsTests.ProductCardElementsTests.cardValidation(ProductCardElementsTests.java:61) ~[test-classes/:?]
	at jdk.internal.reflect.DirectMethodHandleAccessor.invoke(DirectMethodHandleAccessor.java:103) ~[?:?]
	at java.lang.reflect.Method.invoke(Method.java:580) ~[?:?]
	at org.junit.runners.model.FrameworkMethod$1.runReflectiveCall(FrameworkMethod.java:59) ~[junit-4.13.jar:4.13]
	at org.junit.internal.runners.model.ReflectiveCallable.run(ReflectiveCallable.java:12) ~[junit-4.13.jar:4.13]
	at org.junit.runners.model.FrameworkMethod.invokeExplosively(FrameworkMethod.java:56) ~[junit-4.13.jar:4.13]
	at org.junit.internal.runners.statements.InvokeMethod.evaluate(InvokeMethod.java:17) ~[junit-4.13.jar:4.13]
	at org.junit.internal.runners.statements.RunBefores.evaluate(RunBefores.java:26) ~[junit-4.13.jar:4.13]
	at org.junit.internal.runners.statements.RunAfters.evaluate(RunAfters.java:27) ~[junit-4.13.jar:4.13]
	at org.junit.rules.TestWatcher$1.evaluate(TestWatcher.java:61) [junit-4.13.jar:4.13]
	at org.junit.runners.ParentRunner$3.evaluate(ParentRunner.java:306) [junit-4.13.jar:4.13]
	at org.junit.runners.BlockJUnit4ClassRunner$1.evaluate(BlockJUnit4ClassRunner.java:100) [junit-4.13.jar:4.13]
	at org.junit.runners.ParentRunner.runLeaf(ParentRunner.java:366) [junit-4.13.jar:4.13]
	at org.junit.runners.BlockJUnit4ClassRunner.runChild(BlockJUnit4ClassRunner.java:103) [junit-4.13.jar:4.13]
	at org.junit.runners.BlockJUnit4ClassRunner.runChild(BlockJUnit4ClassRunner.java:63) [junit-4.13.jar:4.13]
	at org.junit.runners.ParentRunner$4.run(ParentRunner.java:331) [junit-4.13.jar:4.13]
	at org.junit.runners.ParentRunner$1.schedule(ParentRunner.java:79) [junit-4.13.jar:4.13]
	at org.junit.runners.ParentRunner.runChildren(ParentRunner.java:329) [junit-4.13.jar:4.13]
	at org.junit.runners.ParentRunner.access$100(ParentRunner.java:66) [junit-4.13.jar:4.13]
	at org.junit.runners.ParentRunner$2.evaluate(ParentRunner.java:293) [junit-4.13.jar:4.13]
	at org.junit.runners.ParentRunner.run(ParentRunner.java:413) [junit-4.13.jar:4.13]
	at org.junit.runners.Suite.runChild(Suite.java:128) [junit-4.13.jar:4.13]
	at org.junit.runners.Suite.runChild(Suite.java:27) [junit-4.13.jar:4.13]
	at org.junit.runners.ParentRunner$4.run(ParentRunner.java:331) [junit-4.13.jar:4.13]
	at org.junit.runners.ParentRunner$1.schedule(ParentRunner.java:79) [junit-4.13.jar:4.13]
	at org.junit.runners.ParentRunner.runChildren(ParentRunner.java:329) [junit-4.13.jar:4.13]
	at org.junit.runners.ParentRunner.access$100(ParentRunner.java:66) [junit-4.13.jar:4.13]
	at org.junit.runners.ParentRunner$2.evaluate(ParentRunner.java:293) [junit-4.13.jar:4.13]
	at org.junit.internal.runners.statements.RunAfters.evaluate(RunAfters.java:27) [junit-4.13.jar:4.13]
	at org.junit.runners.ParentRunner$3.evaluate(ParentRunner.java:306) [junit-4.13.jar:4.13]
	at org.junit.runners.ParentRunner.run(ParentRunner.java:413) [junit-4.13.jar:4.13]
	at org.eclipse.jdt.internal.junit4.runner.JUnit4TestReference.run(JUnit4TestReference.java:93) [.cp/:?]
	at org.eclipse.jdt.internal.junit.runner.TestExecution.run(TestExecution.java:40) [.cp/:?]
	at org.eclipse.jdt.internal.junit.runner.RemoteTestRunner.runTests(RemoteTestRunner.java:530) [.cp/:?]
	at org.eclipse.jdt.internal.junit.runner.RemoteTestRunner.runTests(RemoteTestRunner.java:758) [.cp/:?]
	at org.eclipse.jdt.internal.junit.runner.RemoteTestRunner.run(RemoteTestRunner.java:453) [.cp/:?]
	at org.eclipse.jdt.internal.junit.runner.RemoteTestRunner.main(RemoteTestRunner.java:211) [.cp/:?]
2025-12-30 03:22:45 INFO  === END   tests.productCardsTests.ProductCardElementsTests.cardValidation[Exp#4 [f1=1, f2=2, f3=1, f4=1, f5=2, f6=2, f7=3, f8=3]] ===
2025-12-30 03:22:45 INFO  === START tests.productCardsTests.ProductCardElementsTests.cardValidation[Exp#5 [f1=1, f2=2, f3=2, f4=2, f5=3, f6=3, f7=1, f8=1]] ===
2025-12-30 03:22:45 INFO  STEP: 📝 New input: Filling form fields.
2025-12-30 03:22:48 INFO  STEP: Card nuber 1 have a Thumbnail
2025-12-30 03:22:48 INFO  STEP: Card nuber 1 have a Title: Samsung Galaxy Tab White
2025-12-30 03:22:48 INFO  STEP: Card nuber 1 have a Description: The Samsung Galaxy Tab in White is a sleek and versatile Android tablet. With a vibrant display, long-lasting battery, and a range of features, it offers a great user experience for various tasks.
2025-12-30 03:22:48 INFO  STEP: Card nuber 1 have a Price: 349.99
2025-12-30 03:22:48 INFO  STEP: Card nuber 1 have a Rating: 3.7
(4 reviews)
2025-12-30 03:22:48 INFO  STEP PASS: Card nuber 1 dont have a Additional Images Button
2025-12-30 03:22:48 ERROR STEP FAIL: Card #1 should have all the components
2025-12-30 03:22:48 ERROR === FAIL  tests.productCardsTests.ProductCardElementsTests.cardValidation[Exp#17 [f1=2, f2=3, f3=2, f4=1, f5=3, f6=1, f7=2, f8=3]] ===
java.lang.AssertionError: Card #1 should have all the components
	at org.junit.Assert.fail(Assert.java:89) ~[junit-4.13.jar:4.13]
	at org.junit.Assert.assertTrue(Assert.java:42) ~[junit-4.13.jar:4.13]
	at tests.BaseTest.checkTrue(BaseTest.java:92) ~[test-classes/:?]
	at tests.productCardsTests.ProductCardElementsTests.cardValidation(ProductCardElementsTests.java:61) ~[test-classes/:?]
	at jdk.internal.reflect.DirectMethodHandleAccessor.invoke(DirectMethodHandleAccessor.java:103) ~[?:?]
	at java.lang.reflect.Method.invoke(Method.java:580) ~[?:?]
	at org.junit.runners.model.FrameworkMethod$1.runReflectiveCall(FrameworkMethod.java:59) ~[junit-4.13.jar:4.13]
	at org.junit.internal.runners.model.ReflectiveCallable.run(ReflectiveCallable.java:12) ~[junit-4.13.jar:4.13]
	at org.junit.runners.model.FrameworkMethod.invokeExplosively(FrameworkMethod.java:56) ~[junit-4.13.jar:4.13]
	at org.junit.internal.runners.statements.InvokeMethod.evaluate(InvokeMethod.java:17) ~[junit-4.13.jar:4.13]
	at org.junit.internal.runners.statements.RunBefores.evaluate(RunBefores.java:26) ~[junit-4.13.jar:4.13]
	at org.junit.internal.runners.statements.RunAfters.evaluate(RunAfters.java:27) ~[junit-4.13.jar:4.13]
	at org.junit.rules.TestWatcher$1.evaluate(TestWatcher.java:61) [junit-4.13.jar:4.13]
	at org.junit.runners.ParentRunner$3.evaluate(ParentRunner.java:306) [junit-4.13.jar:4.13]
	at org.junit.runners.BlockJUnit4ClassRunner$1.evaluate(BlockJUnit4ClassRunner.java:100) [junit-4.13.jar:4.13]
	at org.junit.runners.ParentRunner.runLeaf(ParentRunner.java:366) [junit-4.13.jar:4.13]
	at org.junit.runners.BlockJUnit4ClassRunner.runChild(BlockJUnit4ClassRunner.java:103) [junit-4.13.jar:4.13]
	at org.junit.runners.BlockJUnit4ClassRunner.runChild(BlockJUnit4ClassRunner.java:63) [junit-4.13.jar:4.13]
	at org.junit.runners.ParentRunner$4.run(ParentRunner.java:331) [junit-4.13.jar:4.13]
	at org.junit.runners.ParentRunner$1.schedule(ParentRunner.java:79) [junit-4.13.jar:4.13]
	at org.junit.runners.ParentRunner.runChildren(ParentRunner.java:329) [junit-4.13.jar:4.13]
	at org.junit.runners.ParentRunner.access$100(ParentRunner.java:66) [junit-4.13.jar:4.13]
	at org.junit.runners.ParentRunner$2.evaluate(ParentRunner.java:293) [junit-4.13.jar:4.13]
	at org.junit.runners.ParentRunner.run(ParentRunner.java:413) [junit-4.13.jar:4.13]
	at org.junit.runners.Suite.runChild(Suite.java:128) [junit-4.13.jar:4.13]
	at org.junit.runners.Suite.runChild(Suite.java:27) [junit-4.13.jar:4.13]
	at org.junit.runners.ParentRunner$4.run(ParentRunner.java:331) [junit-4.13.jar:4.13]
	at org.junit.runners.ParentRunner$1.schedule(ParentRunner.java:79) [junit-4.13.jar:4.13]
	at org.junit.runners.ParentRunner.runChildren(ParentRunner.java:329) [junit-4.13.jar:4.13]
	at org.junit.runners.ParentRunner.access$100(ParentRunner.java:66) [junit-4.13.jar:4.13]
	at org.junit.runners.ParentRunner$2.evaluate(ParentRunner.java:293) [junit-4.13.jar:4.13]
	at org.junit.internal.runners.statements.RunAfters.evaluate(RunAfters.java:27) [junit-4.13.jar:4.13]
	at org.junit.runners.ParentRunner$3.evaluate(ParentRunner.java:306) [junit-4.13.jar:4.13]
	at org.junit.runners.ParentRunner.run(ParentRunner.java:413) [junit-4.13.jar:4.13]
	at org.eclipse.jdt.internal.junit4.runner.JUnit4TestReference.run(JUnit4TestReference.java:93) [.cp/:?]
	at org.eclipse.jdt.internal.junit.runner.TestExecution.run(TestExecution.java:40) [.cp/:?]
	at org.eclipse.jdt.internal.junit.runner.RemoteTestRunner.runTests(RemoteTestRunner.java:530) [.cp/:?]
	at org.eclipse.jdt.internal.junit.runner.RemoteTestRunner.runTests(RemoteTestRunner.java:758) [.cp/:?]
	at org.eclipse.jdt.internal.junit.runner.RemoteTestRunner.run(RemoteTestRunner.java:453) [.cp/:?]
	at org.eclipse.jdt.internal.junit.runner.RemoteTestRunner.main(RemoteTestRunner.java:211) [.cp/:?]
2025-12-30 03:22:48 INFO  === END   tests.productCardsTests.ProductCardElementsTests.cardValidation[Exp#17 [f1=2, f2=3, f3=2, f4=1, f5=3, f6=1, f7=2, f8=3]] ===
2025-12-30 03:22:48 INFO  === START tests.productCardsTests.ProductCardElementsTests.cardValidation[Exp#18 [f1=2, f2=3, f3=3, f4=2, f5=1, f6=2, f7=3, f8=1]] ===
2025-12-30 03:22:48 INFO  STEP: 📝 New input: Filling form fields.
2025-12-30 03:22:49 INFO  STEP: Card nuber 1 have a Thumbnail
2025-12-30 03:22:49 INFO  STEP: Card nuber 1 have a Title: Black Aluminium Cup
2025-12-30 03:22:49 INFO  STEP: Card nuber 1 have a Description: The Black Aluminium Cup is a stylish and durable cup suitable for both hot and cold beverages. Its sleek black design adds a modern touch to your drinkware collection.
2025-12-30 03:22:49 INFO  STEP: Card nuber 1 have a Price: 5.99
2025-12-30 03:22:49 INFO  STEP: Card nuber 1 have a Rating: 4.5
2025-12-30 03:22:49 INFO  STEP PASS: Card nuber 1 dont have a Additional Images Button
2025-12-30 03:22:49 ERROR STEP FAIL: Card #1 should have all the components
2025-12-30 03:22:49 ERROR === FAIL  tests.productCardsTests.ProductCardElementsTests.cardValidation[Exp#5 [f1=1, f2=2, f3=2, f4=2, f5=3, f6=3, f7=1, f8=1]] ===
java.lang.AssertionError: Card #1 should have all the components
	at org.junit.Assert.fail(Assert.java:89) ~[junit-4.13.jar:4.13]
	at org.junit.Assert.assertTrue(Assert.java:42) ~[junit-4.13.jar:4.13]
	at tests.BaseTest.checkTrue(BaseTest.java:92) ~[test-classes/:?]
	at tests.productCardsTests.ProductCardElementsTests.cardValidation(ProductCardElementsTests.java:61) ~[test-classes/:?]
	at jdk.internal.reflect.DirectMethodHandleAccessor.invoke(DirectMethodHandleAccessor.java:103) ~[?:?]
	at java.lang.reflect.Method.invoke(Method.java:580) ~[?:?]
	at org.junit.runners.model.FrameworkMethod$1.runReflectiveCall(FrameworkMethod.java:59) ~[junit-4.13.jar:4.13]
	at org.junit.internal.runners.model.ReflectiveCallable.run(ReflectiveCallable.java:12) ~[junit-4.13.jar:4.13]
	at org.junit.runners.model.FrameworkMethod.invokeExplosively(FrameworkMethod.java:56) ~[junit-4.13.jar:4.13]
	at org.junit.internal.runners.statements.InvokeMethod.evaluate(InvokeMethod.java:17) ~[junit-4.13.jar:4.13]
	at org.junit.internal.runners.statements.RunBefores.evaluate(RunBefores.java:26) ~[junit-4.13.jar:4.13]
	at org.junit.internal.runners.statements.RunAfters.evaluate(RunAfters.java:27) ~[junit-4.13.jar:4.13]
	at org.junit.rules.TestWatcher$1.evaluate(TestWatcher.java:61) [junit-4.13.jar:4.13]
	at org.junit.runners.ParentRunner$3.evaluate(ParentRunner.java:306) [junit-4.13.jar:4.13]
	at org.junit.runners.BlockJUnit4ClassRunner$1.evaluate(BlockJUnit4ClassRunner.java:100) [junit-4.13.jar:4.13]
	at org.junit.runners.ParentRunner.runLeaf(ParentRunner.java:366) [junit-4.13.jar:4.13]
	at org.junit.runners.BlockJUnit4ClassRunner.runChild(BlockJUnit4ClassRunner.java:103) [junit-4.13.jar:4.13]
	at org.junit.runners.BlockJUnit4ClassRunner.runChild(BlockJUnit4ClassRunner.java:63) [junit-4.13.jar:4.13]
	at org.junit.runners.ParentRunner$4.run(ParentRunner.java:331) [junit-4.13.jar:4.13]
	at org.junit.runners.ParentRunner$1.schedule(ParentRunner.java:79) [junit-4.13.jar:4.13]
	at org.junit.runners.ParentRunner.runChildren(ParentRunner.java:329) [junit-4.13.jar:4.13]
	at org.junit.runners.ParentRunner.access$100(ParentRunner.java:66) [junit-4.13.jar:4.13]
	at org.junit.runners.ParentRunner$2.evaluate(ParentRunner.java:293) [junit-4.13.jar:4.13]
	at org.junit.runners.ParentRunner.run(ParentRunner.java:413) [junit-4.13.jar:4.13]
	at org.junit.runners.Suite.runChild(Suite.java:128) [junit-4.13.jar:4.13]
	at org.junit.runners.Suite.runChild(Suite.java:27) [junit-4.13.jar:4.13]
	at org.junit.runners.ParentRunner$4.run(ParentRunner.java:331) [junit-4.13.jar:4.13]
	at org.junit.runners.ParentRunner$1.schedule(ParentRunner.java:79) [junit-4.13.jar:4.13]
	at org.junit.runners.ParentRunner.runChildren(ParentRunner.java:329) [junit-4.13.jar:4.13]
	at org.junit.runners.ParentRunner.access$100(ParentRunner.java:66) [junit-4.13.jar:4.13]
	at org.junit.runners.ParentRunner$2.evaluate(ParentRunner.java:293) [junit-4.13.jar:4.13]
	at org.junit.internal.runners.statements.RunAfters.evaluate(RunAfters.java:27) [junit-4.13.jar:4.13]
	at org.junit.runners.ParentRunner$3.evaluate(ParentRunner.java:306) [junit-4.13.jar:4.13]
	at org.junit.runners.ParentRunner.run(ParentRunner.java:413) [junit-4.13.jar:4.13]
	at org.eclipse.jdt.internal.junit4.runner.JUnit4TestReference.run(JUnit4TestReference.java:93) [.cp/:?]
	at org.eclipse.jdt.internal.junit.runner.TestExecution.run(TestExecution.java:40) [.cp/:?]
	at org.eclipse.jdt.internal.junit.runner.RemoteTestRunner.runTests(RemoteTestRunner.java:530) [.cp/:?]
	at org.eclipse.jdt.internal.junit.runner.RemoteTestRunner.runTests(RemoteTestRunner.java:758) [.cp/:?]
	at org.eclipse.jdt.internal.junit.runner.RemoteTestRunner.run(RemoteTestRunner.java:453) [.cp/:?]
	at org.eclipse.jdt.internal.junit.runner.RemoteTestRunner.main(RemoteTestRunner.java:211) [.cp/:?]
2025-12-30 03:22:49 INFO  === END   tests.productCardsTests.ProductCardElementsTests.cardValidation[Exp#5 [f1=1, f2=2, f3=2, f4=2, f5=3, f6=3, f7=1, f8=1]] ===
2025-12-30 03:22:49 INFO  === START tests.productCardsTests.ProductCardElementsTests.cardValidation[Exp#6 [f1=1, f2=2, f3=3, f4=3, f5=1, f6=1, f7=2, f8=2]] ===
2025-12-30 03:22:49 INFO  STEP: 📝 New input: Filling form fields.
2025-12-30 03:22:52 INFO  STEP: Card nuber 1 have a Thumbnail
2025-12-30 03:22:52 INFO  STEP: Card nuber 1 have a Title: iPhone 5s
2025-12-30 03:22:52 INFO  STEP: Card nuber 1 have a Description: The iPhone 5s is a classic smartphone known for its compact design and advanced features during its release. While it's an older model, it still provides a reliable user experience.
2025-12-30 03:22:52 INFO  STEP: Card nuber 1 have a Price: 199.99
2025-12-30 03:22:52 INFO  STEP: Card nuber 1 have a Rating: 2.8
(4 reviews)
2025-12-30 03:22:52 INFO  STEP PASS: Card nuber 1 dont have a Additional Images Button
2025-12-30 03:22:52 ERROR STEP FAIL: Card #1 should have all the components
2025-12-30 03:22:52 ERROR === FAIL  tests.productCardsTests.ProductCardElementsTests.cardValidation[Exp#18 [f1=2, f2=3, f3=3, f4=2, f5=1, f6=2, f7=3, f8=1]] ===
java.lang.AssertionError: Card #1 should have all the components
	at org.junit.Assert.fail(Assert.java:89) ~[junit-4.13.jar:4.13]
	at org.junit.Assert.assertTrue(Assert.java:42) ~[junit-4.13.jar:4.13]
	at tests.BaseTest.checkTrue(BaseTest.java:92) ~[test-classes/:?]
	at tests.productCardsTests.ProductCardElementsTests.cardValidation(ProductCardElementsTests.java:61) ~[test-classes/:?]
	at jdk.internal.reflect.DirectMethodHandleAccessor.invoke(DirectMethodHandleAccessor.java:103) ~[?:?]
	at java.lang.reflect.Method.invoke(Method.java:580) ~[?:?]
	at org.junit.runners.model.FrameworkMethod$1.runReflectiveCall(FrameworkMethod.java:59) ~[junit-4.13.jar:4.13]
	at org.junit.internal.runners.model.ReflectiveCallable.run(ReflectiveCallable.java:12) ~[junit-4.13.jar:4.13]
	at org.junit.runners.model.FrameworkMethod.invokeExplosively(FrameworkMethod.java:56) ~[junit-4.13.jar:4.13]
	at org.junit.internal.runners.statements.InvokeMethod.evaluate(InvokeMethod.java:17) ~[junit-4.13.jar:4.13]
	at org.junit.internal.runners.statements.RunBefores.evaluate(RunBefores.java:26) ~[junit-4.13.jar:4.13]
	at org.junit.internal.runners.statements.RunAfters.evaluate(RunAfters.java:27) ~[junit-4.13.jar:4.13]
	at org.junit.rules.TestWatcher$1.evaluate(TestWatcher.java:61) [junit-4.13.jar:4.13]
	at org.junit.runners.ParentRunner$3.evaluate(ParentRunner.java:306) [junit-4.13.jar:4.13]
	at org.junit.runners.BlockJUnit4ClassRunner$1.evaluate(BlockJUnit4ClassRunner.java:100) [junit-4.13.jar:4.13]
	at org.junit.runners.ParentRunner.runLeaf(ParentRunner.java:366) [junit-4.13.jar:4.13]
	at org.junit.runners.BlockJUnit4ClassRunner.runChild(BlockJUnit4ClassRunner.java:103) [junit-4.13.jar:4.13]
	at org.junit.runners.BlockJUnit4ClassRunner.runChild(BlockJUnit4ClassRunner.java:63) [junit-4.13.jar:4.13]
	at org.junit.runners.ParentRunner$4.run(ParentRunner.java:331) [junit-4.13.jar:4.13]
	at org.junit.runners.ParentRunner$1.schedule(ParentRunner.java:79) [junit-4.13.jar:4.13]
	at org.junit.runners.ParentRunner.runChildren(ParentRunner.java:329) [junit-4.13.jar:4.13]
	at org.junit.runners.ParentRunner.access$100(ParentRunner.java:66) [junit-4.13.jar:4.13]
	at org.junit.runners.ParentRunner$2.evaluate(ParentRunner.java:293) [junit-4.13.jar:4.13]
	at org.junit.runners.ParentRunner.run(ParentRunner.java:413) [junit-4.13.jar:4.13]
	at org.junit.runners.Suite.runChild(Suite.java:128) [junit-4.13.jar:4.13]
	at org.junit.runners.Suite.runChild(Suite.java:27) [junit-4.13.jar:4.13]
	at org.junit.runners.ParentRunner$4.run(ParentRunner.java:331) [junit-4.13.jar:4.13]
	at org.junit.runners.ParentRunner$1.schedule(ParentRunner.java:79) [junit-4.13.jar:4.13]
	at org.junit.runners.ParentRunner.runChildren(ParentRunner.java:329) [junit-4.13.jar:4.13]
	at org.junit.runners.ParentRunner.access$100(ParentRunner.java:66) [junit-4.13.jar:4.13]
	at org.junit.runners.ParentRunner$2.evaluate(ParentRunner.java:293) [junit-4.13.jar:4.13]
	at org.junit.internal.runners.statements.RunAfters.evaluate(RunAfters.java:27) [junit-4.13.jar:4.13]
	at org.junit.runners.ParentRunner$3.evaluate(ParentRunner.java:306) [junit-4.13.jar:4.13]
	at org.junit.runners.ParentRunner.run(ParentRunner.java:413) [junit-4.13.jar:4.13]
	at org.eclipse.jdt.internal.junit4.runner.JUnit4TestReference.run(JUnit4TestReference.java:93) [.cp/:?]
	at org.eclipse.jdt.internal.junit.runner.TestExecution.run(TestExecution.java:40) [.cp/:?]
	at org.eclipse.jdt.internal.junit.runner.RemoteTestRunner.runTests(RemoteTestRunner.java:530) [.cp/:?]
	at org.eclipse.jdt.internal.junit.runner.RemoteTestRunner.runTests(RemoteTestRunner.java:758) [.cp/:?]
	at org.eclipse.jdt.internal.junit.runner.RemoteTestRunner.run(RemoteTestRunner.java:453) [.cp/:?]
	at org.eclipse.jdt.internal.junit.runner.RemoteTestRunner.main(RemoteTestRunner.java:211) [.cp/:?]
2025-12-30 03:22:52 INFO  === END   tests.productCardsTests.ProductCardElementsTests.cardValidation[Exp#18 [f1=2, f2=3, f3=3, f4=2, f5=1, f6=2, f7=3, f8=1]] ===
2025-12-30 03:22:52 INFO  === START tests.productCardsTests.ProductCardElementsTests.cardValidation[Exp#19 [f1=2, f2=3, f3=3, f4=2, f5=1, f6=1, f7=1, f8=2]] ===
2025-12-30 03:22:52 INFO  STEP: 📝 New input: Filling form fields.
2025-12-30 03:22:53 INFO  STEP: Card nuber 1 have a Thumbnail
2025-12-30 03:22:53 INFO  STEP: Card nuber 1 have a Title: Baseball Ball
2025-12-30 03:22:53 INFO  STEP: Card nuber 1 have a Description: The Baseball Ball is a standard baseball used in baseball games. It features a durable leather cover and is designed for pitching, hitting, and fielding in the game of baseball.
2025-12-30 03:22:53 INFO  STEP: Card nuber 1 have a Price: 8.99
2025-12-30 03:22:53 INFO  STEP: Card nuber 1 have a Rating: 2.6
2025-12-30 03:22:53 INFO  STEP PASS: Card nuber 1 dont have a Additional Images Button
2025-12-30 03:22:53 ERROR STEP FAIL: Card #1 should have all the components
2025-12-30 03:22:53 ERROR === FAIL  tests.productCardsTests.ProductCardElementsTests.cardValidation[Exp#6 [f1=1, f2=2, f3=3, f4=3, f5=1, f6=1, f7=2, f8=2]] ===
java.lang.AssertionError: Card #1 should have all the components
	at org.junit.Assert.fail(Assert.java:89) ~[junit-4.13.jar:4.13]
	at org.junit.Assert.assertTrue(Assert.java:42) ~[junit-4.13.jar:4.13]
	at tests.BaseTest.checkTrue(BaseTest.java:92) ~[test-classes/:?]
	at tests.productCardsTests.ProductCardElementsTests.cardValidation(ProductCardElementsTests.java:61) ~[test-classes/:?]
	at jdk.internal.reflect.DirectMethodHandleAccessor.invoke(DirectMethodHandleAccessor.java:103) ~[?:?]
	at java.lang.reflect.Method.invoke(Method.java:580) ~[?:?]
	at org.junit.runners.model.FrameworkMethod$1.runReflectiveCall(FrameworkMethod.java:59) ~[junit-4.13.jar:4.13]
	at org.junit.internal.runners.model.ReflectiveCallable.run(ReflectiveCallable.java:12) ~[junit-4.13.jar:4.13]
	at org.junit.runners.model.FrameworkMethod.invokeExplosively(FrameworkMethod.java:56) ~[junit-4.13.jar:4.13]
	at org.junit.internal.runners.statements.InvokeMethod.evaluate(InvokeMethod.java:17) ~[junit-4.13.jar:4.13]
	at org.junit.internal.runners.statements.RunBefores.evaluate(RunBefores.java:26) ~[junit-4.13.jar:4.13]
	at org.junit.internal.runners.statements.RunAfters.evaluate(RunAfters.java:27) ~[junit-4.13.jar:4.13]
	at org.junit.rules.TestWatcher$1.evaluate(TestWatcher.java:61) [junit-4.13.jar:4.13]
	at org.junit.runners.ParentRunner$3.evaluate(ParentRunner.java:306) [junit-4.13.jar:4.13]
	at org.junit.runners.BlockJUnit4ClassRunner$1.evaluate(BlockJUnit4ClassRunner.java:100) [junit-4.13.jar:4.13]
	at org.junit.runners.ParentRunner.runLeaf(ParentRunner.java:366) [junit-4.13.jar:4.13]
	at org.junit.runners.BlockJUnit4ClassRunner.runChild(BlockJUnit4ClassRunner.java:103) [junit-4.13.jar:4.13]
	at org.junit.runners.BlockJUnit4ClassRunner.runChild(BlockJUnit4ClassRunner.java:63) [junit-4.13.jar:4.13]
	at org.junit.runners.ParentRunner$4.run(ParentRunner.java:331) [junit-4.13.jar:4.13]
	at org.junit.runners.ParentRunner$1.schedule(ParentRunner.java:79) [junit-4.13.jar:4.13]
	at org.junit.runners.ParentRunner.runChildren(ParentRunner.java:329) [junit-4.13.jar:4.13]
	at org.junit.runners.ParentRunner.access$100(ParentRunner.java:66) [junit-4.13.jar:4.13]
	at org.junit.runners.ParentRunner$2.evaluate(ParentRunner.java:293) [junit-4.13.jar:4.13]
	at org.junit.runners.ParentRunner.run(ParentRunner.java:413) [junit-4.13.jar:4.13]
	at org.junit.runners.Suite.runChild(Suite.java:128) [junit-4.13.jar:4.13]
	at org.junit.runners.Suite.runChild(Suite.java:27) [junit-4.13.jar:4.13]
	at org.junit.runners.ParentRunner$4.run(ParentRunner.java:331) [junit-4.13.jar:4.13]
	at org.junit.runners.ParentRunner$1.schedule(ParentRunner.java:79) [junit-4.13.jar:4.13]
	at org.junit.runners.ParentRunner.runChildren(ParentRunner.java:329) [junit-4.13.jar:4.13]
	at org.junit.runners.ParentRunner.access$100(ParentRunner.java:66) [junit-4.13.jar:4.13]
	at org.junit.runners.ParentRunner$2.evaluate(ParentRunner.java:293) [junit-4.13.jar:4.13]
	at org.junit.internal.runners.statements.RunAfters.evaluate(RunAfters.java:27) [junit-4.13.jar:4.13]
	at org.junit.runners.ParentRunner$3.evaluate(ParentRunner.java:306) [junit-4.13.jar:4.13]
	at org.junit.runners.ParentRunner.run(ParentRunner.java:413) [junit-4.13.jar:4.13]
	at org.eclipse.jdt.internal.junit4.runner.JUnit4TestReference.run(JUnit4TestReference.java:93) [.cp/:?]
	at org.eclipse.jdt.internal.junit.runner.TestExecution.run(TestExecution.java:40) [.cp/:?]
	at org.eclipse.jdt.internal.junit.runner.RemoteTestRunner.runTests(RemoteTestRunner.java:530) [.cp/:?]
	at org.eclipse.jdt.internal.junit.runner.RemoteTestRunner.runTests(RemoteTestRunner.java:758) [.cp/:?]
	at org.eclipse.jdt.internal.junit.runner.RemoteTestRunner.run(RemoteTestRunner.java:453) [.cp/:?]
	at org.eclipse.jdt.internal.junit.runner.RemoteTestRunner.main(RemoteTestRunner.java:211) [.cp/:?]
2025-12-30 03:22:53 INFO  === END   tests.productCardsTests.ProductCardElementsTests.cardValidation[Exp#6 [f1=1, f2=2, f3=3, f4=3, f5=1, f6=1, f7=2, f8=2]] ===
2025-12-30 03:22:53 INFO  === START tests.productCardsTests.ProductCardElementsTests.cardValidation[Exp#7 [f1=1, f2=3, f3=1, f4=2, f5=1, f6=3, f7=2, f8=3]] ===
2025-12-30 03:22:53 INFO  STEP: 📝 New input: Filling form fields.
2025-12-30 03:22:56 INFO  STEP: Card nuber 1 have a Thumbnail
2025-12-30 03:22:56 INFO  STEP: Card nuber 1 have a Title: Plant Pot
2025-12-30 03:22:56 INFO  STEP: Card nuber 1 have a Description: The Plant Pot is a stylish container for your favorite plants. With a sleek design, it complements your indoor or outdoor garden, adding a modern touch to your plant display.
2025-12-30 03:22:56 INFO  STEP: Card nuber 1 have a Price: 14.99
2025-12-30 03:22:57 INFO  STEP: Card nuber 1 have a Rating: 3.0
(4 reviews)
2025-12-30 03:22:57 INFO  STEP PASS: Card nuber 1 dont have a Additional Images Button
2025-12-30 03:22:57 ERROR STEP FAIL: Card #1 should have all the components
2025-12-30 03:22:57 ERROR === FAIL  tests.productCardsTests.ProductCardElementsTests.cardValidation[Exp#19 [f1=2, f2=3, f3=3, f4=2, f5=1, f6=1, f7=1, f8=2]] ===
java.lang.AssertionError: Card #1 should have all the components
	at org.junit.Assert.fail(Assert.java:89) ~[junit-4.13.jar:4.13]
	at org.junit.Assert.assertTrue(Assert.java:42) ~[junit-4.13.jar:4.13]
	at tests.BaseTest.checkTrue(BaseTest.java:92) ~[test-classes/:?]
	at tests.productCardsTests.ProductCardElementsTests.cardValidation(ProductCardElementsTests.java:61) ~[test-classes/:?]
	at jdk.internal.reflect.DirectMethodHandleAccessor.invoke(DirectMethodHandleAccessor.java:103) ~[?:?]
	at java.lang.reflect.Method.invoke(Method.java:580) ~[?:?]
	at org.junit.runners.model.FrameworkMethod$1.runReflectiveCall(FrameworkMethod.java:59) ~[junit-4.13.jar:4.13]
	at org.junit.internal.runners.model.ReflectiveCallable.run(ReflectiveCallable.java:12) ~[junit-4.13.jar:4.13]
	at org.junit.runners.model.FrameworkMethod.invokeExplosively(FrameworkMethod.java:56) ~[junit-4.13.jar:4.13]
	at org.junit.internal.runners.statements.InvokeMethod.evaluate(InvokeMethod.java:17) ~[junit-4.13.jar:4.13]
	at org.junit.internal.runners.statements.RunBefores.evaluate(RunBefores.java:26) ~[junit-4.13.jar:4.13]
	at org.junit.internal.runners.statements.RunAfters.evaluate(RunAfters.java:27) ~[junit-4.13.jar:4.13]
	at org.junit.rules.TestWatcher$1.evaluate(TestWatcher.java:61) [junit-4.13.jar:4.13]
	at org.junit.runners.ParentRunner$3.evaluate(ParentRunner.java:306) [junit-4.13.jar:4.13]
	at org.junit.runners.BlockJUnit4ClassRunner$1.evaluate(BlockJUnit4ClassRunner.java:100) [junit-4.13.jar:4.13]
	at org.junit.runners.ParentRunner.runLeaf(ParentRunner.java:366) [junit-4.13.jar:4.13]
	at org.junit.runners.BlockJUnit4ClassRunner.runChild(BlockJUnit4ClassRunner.java:103) [junit-4.13.jar:4.13]
	at org.junit.runners.BlockJUnit4ClassRunner.runChild(BlockJUnit4ClassRunner.java:63) [junit-4.13.jar:4.13]
	at org.junit.runners.ParentRunner$4.run(ParentRunner.java:331) [junit-4.13.jar:4.13]
	at org.junit.runners.ParentRunner$1.schedule(ParentRunner.java:79) [junit-4.13.jar:4.13]
	at org.junit.runners.ParentRunner.runChildren(ParentRunner.java:329) [junit-4.13.jar:4.13]
	at org.junit.runners.ParentRunner.access$100(ParentRunner.java:66) [junit-4.13.jar:4.13]
	at org.junit.runners.ParentRunner$2.evaluate(ParentRunner.java:293) [junit-4.13.jar:4.13]
	at org.junit.runners.ParentRunner.run(ParentRunner.java:413) [junit-4.13.jar:4.13]
	at org.junit.runners.Suite.runChild(Suite.java:128) [junit-4.13.jar:4.13]
	at org.junit.runners.Suite.runChild(Suite.java:27) [junit-4.13.jar:4.13]
	at org.junit.runners.ParentRunner$4.run(ParentRunner.java:331) [junit-4.13.jar:4.13]
	at org.junit.runners.ParentRunner$1.schedule(ParentRunner.java:79) [junit-4.13.jar:4.13]
	at org.junit.runners.ParentRunner.runChildren(ParentRunner.java:329) [junit-4.13.jar:4.13]
	at org.junit.runners.ParentRunner.access$100(ParentRunner.java:66) [junit-4.13.jar:4.13]
	at org.junit.runners.ParentRunner$2.evaluate(ParentRunner.java:293) [junit-4.13.jar:4.13]
	at org.junit.internal.runners.statements.RunAfters.evaluate(RunAfters.java:27) [junit-4.13.jar:4.13]
	at org.junit.runners.ParentRunner$3.evaluate(ParentRunner.java:306) [junit-4.13.jar:4.13]
	at org.junit.runners.ParentRunner.run(ParentRunner.java:413) [junit-4.13.jar:4.13]
	at org.eclipse.jdt.internal.junit4.runner.JUnit4TestReference.run(JUnit4TestReference.java:93) [.cp/:?]
	at org.eclipse.jdt.internal.junit.runner.TestExecution.run(TestExecution.java:40) [.cp/:?]
	at org.eclipse.jdt.internal.junit.runner.RemoteTestRunner.runTests(RemoteTestRunner.java:530) [.cp/:?]
	at org.eclipse.jdt.internal.junit.runner.RemoteTestRunner.runTests(RemoteTestRunner.java:758) [.cp/:?]
	at org.eclipse.jdt.internal.junit.runner.RemoteTestRunner.run(RemoteTestRunner.java:453) [.cp/:?]
	at org.eclipse.jdt.internal.junit.runner.RemoteTestRunner.main(RemoteTestRunner.java:211) [.cp/:?]
2025-12-30 03:22:57 INFO  === END   tests.productCardsTests.ProductCardElementsTests.cardValidation[Exp#19 [f1=2, f2=3, f3=3, f4=2, f5=1, f6=1, f7=1, f8=2]] ===
2025-12-30 03:22:57 INFO  === START tests.productCardsTests.ProductCardElementsTests.cardValidation[Exp#20 [f1=2, f2=3, f3=3, f4=3, f5=3, f6=3, f7=3, f8=3]] ===
2025-12-30 03:22:57 INFO  STEP: 📝 New input: Filling form fields.
2025-12-30 03:22:57 INFO  STEP: Card nuber 1 have a Thumbnail
2025-12-30 03:22:57 INFO  STEP: Card nuber 1 have a Title: Baseball Ball
2025-12-30 03:22:57 INFO  STEP: Card nuber 1 have a Description: The Baseball Ball is a standard baseball used in baseball games. It features a durable leather cover and is designed for pitching, hitting, and fielding in the game of baseball.
2025-12-30 03:22:57 INFO  STEP: Card nuber 1 have a Price: 8.99
2025-12-30 03:22:57 INFO  STEP: Card nuber 1 have a Rating: 2.6
2025-12-30 03:22:57 INFO  STEP PASS: Card nuber 1 dont have a Additional Images Button
2025-12-30 03:22:57 ERROR STEP FAIL: Card #1 should have all the components
2025-12-30 03:22:57 ERROR === FAIL  tests.productCardsTests.ProductCardElementsTests.cardValidation[Exp#7 [f1=1, f2=3, f3=1, f4=2, f5=1, f6=3, f7=2, f8=3]] ===
java.lang.AssertionError: Card #1 should have all the components
	at org.junit.Assert.fail(Assert.java:89) ~[junit-4.13.jar:4.13]
	at org.junit.Assert.assertTrue(Assert.java:42) ~[junit-4.13.jar:4.13]
	at tests.BaseTest.checkTrue(BaseTest.java:92) ~[test-classes/:?]
	at tests.productCardsTests.ProductCardElementsTests.cardValidation(ProductCardElementsTests.java:61) ~[test-classes/:?]
	at jdk.internal.reflect.DirectMethodHandleAccessor.invoke(DirectMethodHandleAccessor.java:103) ~[?:?]
	at java.lang.reflect.Method.invoke(Method.java:580) ~[?:?]
	at org.junit.runners.model.FrameworkMethod$1.runReflectiveCall(FrameworkMethod.java:59) ~[junit-4.13.jar:4.13]
	at org.junit.internal.runners.model.ReflectiveCallable.run(ReflectiveCallable.java:12) ~[junit-4.13.jar:4.13]
	at org.junit.runners.model.FrameworkMethod.invokeExplosively(FrameworkMethod.java:56) ~[junit-4.13.jar:4.13]
	at org.junit.internal.runners.statements.InvokeMethod.evaluate(InvokeMethod.java:17) ~[junit-4.13.jar:4.13]
	at org.junit.internal.runners.statements.RunBefores.evaluate(RunBefores.java:26) ~[junit-4.13.jar:4.13]
	at org.junit.internal.runners.statements.RunAfters.evaluate(RunAfters.java:27) ~[junit-4.13.jar:4.13]
	at org.junit.rules.TestWatcher$1.evaluate(TestWatcher.java:61) [junit-4.13.jar:4.13]
	at org.junit.runners.ParentRunner$3.evaluate(ParentRunner.java:306) [junit-4.13.jar:4.13]
	at org.junit.runners.BlockJUnit4ClassRunner$1.evaluate(BlockJUnit4ClassRunner.java:100) [junit-4.13.jar:4.13]
	at org.junit.runners.ParentRunner.runLeaf(ParentRunner.java:366) [junit-4.13.jar:4.13]
	at org.junit.runners.BlockJUnit4ClassRunner.runChild(BlockJUnit4ClassRunner.java:103) [junit-4.13.jar:4.13]
	at org.junit.runners.BlockJUnit4ClassRunner.runChild(BlockJUnit4ClassRunner.java:63) [junit-4.13.jar:4.13]
	at org.junit.runners.ParentRunner$4.run(ParentRunner.java:331) [junit-4.13.jar:4.13]
	at org.junit.runners.ParentRunner$1.schedule(ParentRunner.java:79) [junit-4.13.jar:4.13]
	at org.junit.runners.ParentRunner.runChildren(ParentRunner.java:329) [junit-4.13.jar:4.13]
	at org.junit.runners.ParentRunner.access$100(ParentRunner.java:66) [junit-4.13.jar:4.13]
	at org.junit.runners.ParentRunner$2.evaluate(ParentRunner.java:293) [junit-4.13.jar:4.13]
	at org.junit.runners.ParentRunner.run(ParentRunner.java:413) [junit-4.13.jar:4.13]
	at org.junit.runners.Suite.runChild(Suite.java:128) [junit-4.13.jar:4.13]
	at org.junit.runners.Suite.runChild(Suite.java:27) [junit-4.13.jar:4.13]
	at org.junit.runners.ParentRunner$4.run(ParentRunner.java:331) [junit-4.13.jar:4.13]
	at org.junit.runners.ParentRunner$1.schedule(ParentRunner.java:79) [junit-4.13.jar:4.13]
	at org.junit.runners.ParentRunner.runChildren(ParentRunner.java:329) [junit-4.13.jar:4.13]
	at org.junit.runners.ParentRunner.access$100(ParentRunner.java:66) [junit-4.13.jar:4.13]
	at org.junit.runners.ParentRunner$2.evaluate(ParentRunner.java:293) [junit-4.13.jar:4.13]
	at org.junit.internal.runners.statements.RunAfters.evaluate(RunAfters.java:27) [junit-4.13.jar:4.13]
	at org.junit.runners.ParentRunner$3.evaluate(ParentRunner.java:306) [junit-4.13.jar:4.13]
	at org.junit.runners.ParentRunner.run(ParentRunner.java:413) [junit-4.13.jar:4.13]
	at org.eclipse.jdt.internal.junit4.runner.JUnit4TestReference.run(JUnit4TestReference.java:93) [.cp/:?]
	at org.eclipse.jdt.internal.junit.runner.TestExecution.run(TestExecution.java:40) [.cp/:?]
	at org.eclipse.jdt.internal.junit.runner.RemoteTestRunner.runTests(RemoteTestRunner.java:530) [.cp/:?]
	at org.eclipse.jdt.internal.junit.runner.RemoteTestRunner.runTests(RemoteTestRunner.java:758) [.cp/:?]
	at org.eclipse.jdt.internal.junit.runner.RemoteTestRunner.run(RemoteTestRunner.java:453) [.cp/:?]
	at org.eclipse.jdt.internal.junit.runner.RemoteTestRunner.main(RemoteTestRunner.java:211) [.cp/:?]
2025-12-30 03:22:57 INFO  === END   tests.productCardsTests.ProductCardElementsTests.cardValidation[Exp#7 [f1=1, f2=3, f3=1, f4=2, f5=1, f6=3, f7=2, f8=3]] ===
2025-12-30 03:22:57 INFO  === START tests.productCardsTests.ProductCardElementsTests.cardValidation[Exp#8 [f1=1, f2=3, f3=2, f4=3, f5=2, f6=1, f7=3, f8=1]] ===
2025-12-30 03:22:57 INFO  STEP: 📝 New input: Filling form fields.
2025-12-30 03:23:00 INFO  STEP: Card nuber 1 have a Thumbnail
2025-12-30 03:23:00 INFO  STEP: Card nuber 1 have a Title: Samsung Galaxy Tab White
2025-12-30 03:23:00 INFO  STEP: Card nuber 1 have a Description: The Samsung Galaxy Tab in White is a sleek and versatile Android tablet. With a vibrant display, long-lasting battery, and a range of features, it offers a great user experience for various tasks.
2025-12-30 03:23:00 INFO  STEP: Card nuber 1 have a Price: 349.99
2025-12-30 03:23:00 INFO  STEP: Card nuber 1 have a Rating: 3.7
(4 reviews)
2025-12-30 03:23:01 INFO  STEP PASS: Card nuber 1 dont have a Additional Images Button
2025-12-30 03:23:01 ERROR STEP FAIL: Card #1 should have all the components
2025-12-30 03:23:01 ERROR === FAIL  tests.productCardsTests.ProductCardElementsTests.cardValidation[Exp#20 [f1=2, f2=3, f3=3, f4=3, f5=3, f6=3, f7=3, f8=3]] ===
java.lang.AssertionError: Card #1 should have all the components
	at org.junit.Assert.fail(Assert.java:89) ~[junit-4.13.jar:4.13]
	at org.junit.Assert.assertTrue(Assert.java:42) ~[junit-4.13.jar:4.13]
	at tests.BaseTest.checkTrue(BaseTest.java:92) ~[test-classes/:?]
	at tests.productCardsTests.ProductCardElementsTests.cardValidation(ProductCardElementsTests.java:61) ~[test-classes/:?]
	at jdk.internal.reflect.DirectMethodHandleAccessor.invoke(DirectMethodHandleAccessor.java:103) ~[?:?]
	at java.lang.reflect.Method.invoke(Method.java:580) ~[?:?]
	at org.junit.runners.model.FrameworkMethod$1.runReflectiveCall(FrameworkMethod.java:59) ~[junit-4.13.jar:4.13]
	at org.junit.internal.runners.model.ReflectiveCallable.run(ReflectiveCallable.java:12) ~[junit-4.13.jar:4.13]
	at org.junit.runners.model.FrameworkMethod.invokeExplosively(FrameworkMethod.java:56) ~[junit-4.13.jar:4.13]
	at org.junit.internal.runners.statements.InvokeMethod.evaluate(InvokeMethod.java:17) ~[junit-4.13.jar:4.13]
	at org.junit.internal.runners.statements.RunBefores.evaluate(RunBefores.java:26) ~[junit-4.13.jar:4.13]
	at org.junit.internal.runners.statements.RunAfters.evaluate(RunAfters.java:27) ~[junit-4.13.jar:4.13]
	at org.junit.rules.TestWatcher$1.evaluate(TestWatcher.java:61) [junit-4.13.jar:4.13]
	at org.junit.runners.ParentRunner$3.evaluate(ParentRunner.java:306) [junit-4.13.jar:4.13]
	at org.junit.runners.BlockJUnit4ClassRunner$1.evaluate(BlockJUnit4ClassRunner.java:100) [junit-4.13.jar:4.13]
	at org.junit.runners.ParentRunner.runLeaf(ParentRunner.java:366) [junit-4.13.jar:4.13]
	at org.junit.runners.BlockJUnit4ClassRunner.runChild(BlockJUnit4ClassRunner.java:103) [junit-4.13.jar:4.13]
	at org.junit.runners.BlockJUnit4ClassRunner.runChild(BlockJUnit4ClassRunner.java:63) [junit-4.13.jar:4.13]
	at org.junit.runners.ParentRunner$4.run(ParentRunner.java:331) [junit-4.13.jar:4.13]
	at org.junit.runners.ParentRunner$1.schedule(ParentRunner.java:79) [junit-4.13.jar:4.13]
	at org.junit.runners.ParentRunner.runChildren(ParentRunner.java:329) [junit-4.13.jar:4.13]
	at org.junit.runners.ParentRunner.access$100(ParentRunner.java:66) [junit-4.13.jar:4.13]
	at org.junit.runners.ParentRunner$2.evaluate(ParentRunner.java:293) [junit-4.13.jar:4.13]
	at org.junit.runners.ParentRunner.run(ParentRunner.java:413) [junit-4.13.jar:4.13]
	at org.junit.runners.Suite.runChild(Suite.java:128) [junit-4.13.jar:4.13]
	at org.junit.runners.Suite.runChild(Suite.java:27) [junit-4.13.jar:4.13]
	at org.junit.runners.ParentRunner$4.run(ParentRunner.java:331) [junit-4.13.jar:4.13]
	at org.junit.runners.ParentRunner$1.schedule(ParentRunner.java:79) [junit-4.13.jar:4.13]
	at org.junit.runners.ParentRunner.runChildren(ParentRunner.java:329) [junit-4.13.jar:4.13]
	at org.junit.runners.ParentRunner.access$100(ParentRunner.java:66) [junit-4.13.jar:4.13]
	at org.junit.runners.ParentRunner$2.evaluate(ParentRunner.java:293) [junit-4.13.jar:4.13]
	at org.junit.internal.runners.statements.RunAfters.evaluate(RunAfters.java:27) [junit-4.13.jar:4.13]
	at org.junit.runners.ParentRunner$3.evaluate(ParentRunner.java:306) [junit-4.13.jar:4.13]
	at org.junit.runners.ParentRunner.run(ParentRunner.java:413) [junit-4.13.jar:4.13]
	at org.eclipse.jdt.internal.junit4.runner.JUnit4TestReference.run(JUnit4TestReference.java:93) [.cp/:?]
	at org.eclipse.jdt.internal.junit.runner.TestExecution.run(TestExecution.java:40) [.cp/:?]
	at org.eclipse.jdt.internal.junit.runner.RemoteTestRunner.runTests(RemoteTestRunner.java:530) [.cp/:?]
	at org.eclipse.jdt.internal.junit.runner.RemoteTestRunner.runTests(RemoteTestRunner.java:758) [.cp/:?]
	at org.eclipse.jdt.internal.junit.runner.RemoteTestRunner.run(RemoteTestRunner.java:453) [.cp/:?]
	at org.eclipse.jdt.internal.junit.runner.RemoteTestRunner.main(RemoteTestRunner.java:211) [.cp/:?]
2025-12-30 03:23:01 INFO  === END   tests.productCardsTests.ProductCardElementsTests.cardValidation[Exp#20 [f1=2, f2=3, f3=3, f4=3, f5=3, f6=3, f7=3, f8=3]] ===
2025-12-30 03:23:01 INFO  STEP: Card nuber 1 have a Thumbnail
2025-12-30 03:23:01 INFO  STEP: Card nuber 1 have a Title: iPhone 5s
2025-12-30 03:23:01 INFO  STEP: Card nuber 1 have a Description: The iPhone 5s is a classic smartphone known for its compact design and advanced features during its release. While it's an older model, it still provides a reliable user experience.
2025-12-30 03:23:01 INFO  STEP: Card nuber 1 have a Price: 199.99
2025-12-30 03:23:01 INFO  STEP: Card nuber 1 have a Rating: 2.8
2025-12-30 03:23:01 INFO  STEP PASS: Card nuber 1 dont have a Additional Images Button
2025-12-30 03:23:01 ERROR STEP FAIL: Card #1 should have all the components
2025-12-30 03:23:01 ERROR === FAIL  tests.productCardsTests.ProductCardElementsTests.cardValidation[Exp#8 [f1=1, f2=3, f3=2, f4=3, f5=2, f6=1, f7=3, f8=1]] ===
java.lang.AssertionError: Card #1 should have all the components
	at org.junit.Assert.fail(Assert.java:89) ~[junit-4.13.jar:4.13]
	at org.junit.Assert.assertTrue(Assert.java:42) ~[junit-4.13.jar:4.13]
	at tests.BaseTest.checkTrue(BaseTest.java:92) ~[test-classes/:?]
	at tests.productCardsTests.ProductCardElementsTests.cardValidation(ProductCardElementsTests.java:61) ~[test-classes/:?]
	at jdk.internal.reflect.DirectMethodHandleAccessor.invoke(DirectMethodHandleAccessor.java:103) ~[?:?]
	at java.lang.reflect.Method.invoke(Method.java:580) ~[?:?]
	at org.junit.runners.model.FrameworkMethod$1.runReflectiveCall(FrameworkMethod.java:59) ~[junit-4.13.jar:4.13]
	at org.junit.internal.runners.model.ReflectiveCallable.run(ReflectiveCallable.java:12) ~[junit-4.13.jar:4.13]
	at org.junit.runners.model.FrameworkMethod.invokeExplosively(FrameworkMethod.java:56) ~[junit-4.13.jar:4.13]
	at org.junit.internal.runners.statements.InvokeMethod.evaluate(InvokeMethod.java:17) ~[junit-4.13.jar:4.13]
	at org.junit.internal.runners.statements.RunBefores.evaluate(RunBefores.java:26) ~[junit-4.13.jar:4.13]
	at org.junit.internal.runners.statements.RunAfters.evaluate(RunAfters.java:27) ~[junit-4.13.jar:4.13]
	at org.junit.rules.TestWatcher$1.evaluate(TestWatcher.java:61) [junit-4.13.jar:4.13]
	at org.junit.runners.ParentRunner$3.evaluate(ParentRunner.java:306) [junit-4.13.jar:4.13]
	at org.junit.runners.BlockJUnit4ClassRunner$1.evaluate(BlockJUnit4ClassRunner.java:100) [junit-4.13.jar:4.13]
	at org.junit.runners.ParentRunner.runLeaf(ParentRunner.java:366) [junit-4.13.jar:4.13]
	at org.junit.runners.BlockJUnit4ClassRunner.runChild(BlockJUnit4ClassRunner.java:103) [junit-4.13.jar:4.13]
	at org.junit.runners.BlockJUnit4ClassRunner.runChild(BlockJUnit4ClassRunner.java:63) [junit-4.13.jar:4.13]
	at org.junit.runners.ParentRunner$4.run(ParentRunner.java:331) [junit-4.13.jar:4.13]
	at org.junit.runners.ParentRunner$1.schedule(ParentRunner.java:79) [junit-4.13.jar:4.13]
	at org.junit.runners.ParentRunner.runChildren(ParentRunner.java:329) [junit-4.13.jar:4.13]
	at org.junit.runners.ParentRunner.access$100(ParentRunner.java:66) [junit-4.13.jar:4.13]
	at org.junit.runners.ParentRunner$2.evaluate(ParentRunner.java:293) [junit-4.13.jar:4.13]
	at org.junit.runners.ParentRunner.run(ParentRunner.java:413) [junit-4.13.jar:4.13]
	at org.junit.runners.Suite.runChild(Suite.java:128) [junit-4.13.jar:4.13]
	at org.junit.runners.Suite.runChild(Suite.java:27) [junit-4.13.jar:4.13]
	at org.junit.runners.ParentRunner$4.run(ParentRunner.java:331) [junit-4.13.jar:4.13]
	at org.junit.runners.ParentRunner$1.schedule(ParentRunner.java:79) [junit-4.13.jar:4.13]
	at org.junit.runners.ParentRunner.runChildren(ParentRunner.java:329) [junit-4.13.jar:4.13]
	at org.junit.runners.ParentRunner.access$100(ParentRunner.java:66) [junit-4.13.jar:4.13]
	at org.junit.runners.ParentRunner$2.evaluate(ParentRunner.java:293) [junit-4.13.jar:4.13]
	at org.junit.internal.runners.statements.RunAfters.evaluate(RunAfters.java:27) [junit-4.13.jar:4.13]
	at org.junit.runners.ParentRunner$3.evaluate(ParentRunner.java:306) [junit-4.13.jar:4.13]
	at org.junit.runners.ParentRunner.run(ParentRunner.java:413) [junit-4.13.jar:4.13]
	at org.eclipse.jdt.internal.junit4.runner.JUnit4TestReference.run(JUnit4TestReference.java:93) [.cp/:?]
	at org.eclipse.jdt.internal.junit.runner.TestExecution.run(TestExecution.java:40) [.cp/:?]
	at org.eclipse.jdt.internal.junit.runner.RemoteTestRunner.runTests(RemoteTestRunner.java:530) [.cp/:?]
	at org.eclipse.jdt.internal.junit.runner.RemoteTestRunner.runTests(RemoteTestRunner.java:758) [.cp/:?]
	at org.eclipse.jdt.internal.junit.runner.RemoteTestRunner.run(RemoteTestRunner.java:453) [.cp/:?]
	at org.eclipse.jdt.internal.junit.runner.RemoteTestRunner.main(RemoteTestRunner.java:211) [.cp/:?]
2025-12-30 03:23:01 INFO  === END   tests.productCardsTests.ProductCardElementsTests.cardValidation[Exp#8 [f1=1, f2=3, f3=2, f4=3, f5=2, f6=1, f7=3, f8=1]] ===
2025-12-30 03:23:01 INFO  === START tests.productCardsTests.ProductCardElementsTests.cardValidation[Exp#9 [f1=1, f2=3, f3=3, f4=1, f5=3, f6=2, f7=1, f8=2]] ===
2025-12-30 03:23:01 INFO  STEP: 📝 New input: Filling form fields.
2025-12-30 03:23:05 INFO  STEP: Card nuber 1 have a Thumbnail
2025-12-30 03:23:05 INFO  STEP: Card nuber 1 have a Title: Baseball Ball
2025-12-30 03:23:05 INFO  STEP: Card nuber 1 have a Description: The Baseball Ball is a standard baseball used in baseball games. It features a durable leather cover and is designed for pitching, hitting, and fielding in the game of baseball.
2025-12-30 03:23:05 INFO  STEP: Card nuber 1 have a Price: 8.99
2025-12-30 03:23:05 INFO  STEP: Card nuber 1 have a Rating: 2.6
2025-12-30 03:23:05 INFO  STEP PASS: Card nuber 1 dont have a Additional Images Button
2025-12-30 03:23:05 ERROR STEP FAIL: Card #1 should have all the components
2025-12-30 03:23:05 ERROR === FAIL  tests.productCardsTests.ProductCardElementsTests.cardValidation[Exp#9 [f1=1, f2=3, f3=3, f4=1, f5=3, f6=2, f7=1, f8=2]] ===
java.lang.AssertionError: Card #1 should have all the components
	at org.junit.Assert.fail(Assert.java:89) ~[junit-4.13.jar:4.13]
	at org.junit.Assert.assertTrue(Assert.java:42) ~[junit-4.13.jar:4.13]
	at tests.BaseTest.checkTrue(BaseTest.java:92) ~[test-classes/:?]
	at tests.productCardsTests.ProductCardElementsTests.cardValidation(ProductCardElementsTests.java:61) ~[test-classes/:?]
	at jdk.internal.reflect.DirectMethodHandleAccessor.invoke(DirectMethodHandleAccessor.java:103) ~[?:?]
	at java.lang.reflect.Method.invoke(Method.java:580) ~[?:?]
	at org.junit.runners.model.FrameworkMethod$1.runReflectiveCall(FrameworkMethod.java:59) ~[junit-4.13.jar:4.13]
	at org.junit.internal.runners.model.ReflectiveCallable.run(ReflectiveCallable.java:12) ~[junit-4.13.jar:4.13]
	at org.junit.runners.model.FrameworkMethod.invokeExplosively(FrameworkMethod.java:56) ~[junit-4.13.jar:4.13]
	at org.junit.internal.runners.statements.InvokeMethod.evaluate(InvokeMethod.java:17) ~[junit-4.13.jar:4.13]
	at org.junit.internal.runners.statements.RunBefores.evaluate(RunBefores.java:26) ~[junit-4.13.jar:4.13]
	at org.junit.internal.runners.statements.RunAfters.evaluate(RunAfters.java:27) ~[junit-4.13.jar:4.13]
	at org.junit.rules.TestWatcher$1.evaluate(TestWatcher.java:61) [junit-4.13.jar:4.13]
	at org.junit.runners.ParentRunner$3.evaluate(ParentRunner.java:306) [junit-4.13.jar:4.13]
	at org.junit.runners.BlockJUnit4ClassRunner$1.evaluate(BlockJUnit4ClassRunner.java:100) [junit-4.13.jar:4.13]
	at org.junit.runners.ParentRunner.runLeaf(ParentRunner.java:366) [junit-4.13.jar:4.13]
	at org.junit.runners.BlockJUnit4ClassRunner.runChild(BlockJUnit4ClassRunner.java:103) [junit-4.13.jar:4.13]
	at org.junit.runners.BlockJUnit4ClassRunner.runChild(BlockJUnit4ClassRunner.java:63) [junit-4.13.jar:4.13]
	at org.junit.runners.ParentRunner$4.run(ParentRunner.java:331) [junit-4.13.jar:4.13]
	at org.junit.runners.ParentRunner$1.schedule(ParentRunner.java:79) [junit-4.13.jar:4.13]
	at org.junit.runners.ParentRunner.runChildren(ParentRunner.java:329) [junit-4.13.jar:4.13]
	at org.junit.runners.ParentRunner.access$100(ParentRunner.java:66) [junit-4.13.jar:4.13]
	at org.junit.runners.ParentRunner$2.evaluate(ParentRunner.java:293) [junit-4.13.jar:4.13]
	at org.junit.runners.ParentRunner.run(ParentRunner.java:413) [junit-4.13.jar:4.13]
	at org.junit.runners.Suite.runChild(Suite.java:128) [junit-4.13.jar:4.13]
	at org.junit.runners.Suite.runChild(Suite.java:27) [junit-4.13.jar:4.13]
	at org.junit.runners.ParentRunner$4.run(ParentRunner.java:331) [junit-4.13.jar:4.13]
	at org.junit.runners.ParentRunner$1.schedule(ParentRunner.java:79) [junit-4.13.jar:4.13]
	at org.junit.runners.ParentRunner.runChildren(ParentRunner.java:329) [junit-4.13.jar:4.13]
	at org.junit.runners.ParentRunner.access$100(ParentRunner.java:66) [junit-4.13.jar:4.13]
	at org.junit.runners.ParentRunner$2.evaluate(ParentRunner.java:293) [junit-4.13.jar:4.13]
	at org.junit.internal.runners.statements.RunAfters.evaluate(RunAfters.java:27) [junit-4.13.jar:4.13]
	at org.junit.runners.ParentRunner$3.evaluate(ParentRunner.java:306) [junit-4.13.jar:4.13]
	at org.junit.runners.ParentRunner.run(ParentRunner.java:413) [junit-4.13.jar:4.13]
	at org.eclipse.jdt.internal.junit4.runner.JUnit4TestReference.run(JUnit4TestReference.java:93) [.cp/:?]
	at org.eclipse.jdt.internal.junit.runner.TestExecution.run(TestExecution.java:40) [.cp/:?]
	at org.eclipse.jdt.internal.junit.runner.RemoteTestRunner.runTests(RemoteTestRunner.java:530) [.cp/:?]
	at org.eclipse.jdt.internal.junit.runner.RemoteTestRunner.runTests(RemoteTestRunner.java:758) [.cp/:?]
	at org.eclipse.jdt.internal.junit.runner.RemoteTestRunner.run(RemoteTestRunner.java:453) [.cp/:?]
	at org.eclipse.jdt.internal.junit.runner.RemoteTestRunner.main(RemoteTestRunner.java:211) [.cp/:?]
2025-12-30 03:23:05 INFO  === END   tests.productCardsTests.ProductCardElementsTests.cardValidation[Exp#9 [f1=1, f2=3, f3=3, f4=1, f5=3, f6=2, f7=1, f8=2]] ===
2025-12-30 03:23:05 INFO  === START tests.productCardsTests.ProductCardElementsTests.cardValidation[Exp#10 [f1=2, f2=1, f3=1, f4=3, f5=3, f6=2, f7=2, f8=1]] ===
2025-12-30 03:23:05 INFO  STEP: 📝 New input: Filling form fields.
2025-12-30 03:23:09 INFO  STEP: Card nuber 1 have a Thumbnail
2025-12-30 03:23:09 INFO  STEP: Card nuber 1 have a Title: Black Aluminium Cup
2025-12-30 03:23:09 INFO  STEP: Card nuber 1 have a Description: The Black Aluminium Cup is a stylish and durable cup suitable for both hot and cold beverages. Its sleek black design adds a modern touch to your drinkware collection.
2025-12-30 03:23:09 INFO  STEP: Card nuber 1 have a Price: 5.99
2025-12-30 03:23:09 INFO  STEP: Card nuber 1 have a Rating: 4.5
2025-12-30 03:23:09 INFO  STEP PASS: Card nuber 1 dont have a Additional Images Button
2025-12-30 03:23:09 ERROR STEP FAIL: Card #1 should have all the components
2025-12-30 03:23:09 ERROR === FAIL  tests.productCardsTests.ProductCardElementsTests.cardValidation[Exp#10 [f1=2, f2=1, f3=1, f4=3, f5=3, f6=2, f7=2, f8=1]] ===
java.lang.AssertionError: Card #1 should have all the components
	at org.junit.Assert.fail(Assert.java:89) ~[junit-4.13.jar:4.13]
	at org.junit.Assert.assertTrue(Assert.java:42) ~[junit-4.13.jar:4.13]
	at tests.BaseTest.checkTrue(BaseTest.java:92) ~[test-classes/:?]
	at tests.productCardsTests.ProductCardElementsTests.cardValidation(ProductCardElementsTests.java:61) ~[test-classes/:?]
	at jdk.internal.reflect.DirectMethodHandleAccessor.invoke(DirectMethodHandleAccessor.java:103) ~[?:?]
	at java.lang.reflect.Method.invoke(Method.java:580) ~[?:?]
	at org.junit.runners.model.FrameworkMethod$1.runReflectiveCall(FrameworkMethod.java:59) ~[junit-4.13.jar:4.13]
	at org.junit.internal.runners.model.ReflectiveCallable.run(ReflectiveCallable.java:12) ~[junit-4.13.jar:4.13]
	at org.junit.runners.model.FrameworkMethod.invokeExplosively(FrameworkMethod.java:56) ~[junit-4.13.jar:4.13]
	at org.junit.internal.runners.statements.InvokeMethod.evaluate(InvokeMethod.java:17) ~[junit-4.13.jar:4.13]
	at org.junit.internal.runners.statements.RunBefores.evaluate(RunBefores.java:26) ~[junit-4.13.jar:4.13]
	at org.junit.internal.runners.statements.RunAfters.evaluate(RunAfters.java:27) ~[junit-4.13.jar:4.13]
	at org.junit.rules.TestWatcher$1.evaluate(TestWatcher.java:61) [junit-4.13.jar:4.13]
	at org.junit.runners.ParentRunner$3.evaluate(ParentRunner.java:306) [junit-4.13.jar:4.13]
	at org.junit.runners.BlockJUnit4ClassRunner$1.evaluate(BlockJUnit4ClassRunner.java:100) [junit-4.13.jar:4.13]
	at org.junit.runners.ParentRunner.runLeaf(ParentRunner.java:366) [junit-4.13.jar:4.13]
	at org.junit.runners.BlockJUnit4ClassRunner.runChild(BlockJUnit4ClassRunner.java:103) [junit-4.13.jar:4.13]
	at org.junit.runners.BlockJUnit4ClassRunner.runChild(BlockJUnit4ClassRunner.java:63) [junit-4.13.jar:4.13]
	at org.junit.runners.ParentRunner$4.run(ParentRunner.java:331) [junit-4.13.jar:4.13]
	at org.junit.runners.ParentRunner$1.schedule(ParentRunner.java:79) [junit-4.13.jar:4.13]
	at org.junit.runners.ParentRunner.runChildren(ParentRunner.java:329) [junit-4.13.jar:4.13]
	at org.junit.runners.ParentRunner.access$100(ParentRunner.java:66) [junit-4.13.jar:4.13]
	at org.junit.runners.ParentRunner$2.evaluate(ParentRunner.java:293) [junit-4.13.jar:4.13]
	at org.junit.runners.ParentRunner.run(ParentRunner.java:413) [junit-4.13.jar:4.13]
	at org.junit.runners.Suite.runChild(Suite.java:128) [junit-4.13.jar:4.13]
	at org.junit.runners.Suite.runChild(Suite.java:27) [junit-4.13.jar:4.13]
	at org.junit.runners.ParentRunner$4.run(ParentRunner.java:331) [junit-4.13.jar:4.13]
	at org.junit.runners.ParentRunner$1.schedule(ParentRunner.java:79) [junit-4.13.jar:4.13]
	at org.junit.runners.ParentRunner.runChildren(ParentRunner.java:329) [junit-4.13.jar:4.13]
	at org.junit.runners.ParentRunner.access$100(ParentRunner.java:66) [junit-4.13.jar:4.13]
	at org.junit.runners.ParentRunner$2.evaluate(ParentRunner.java:293) [junit-4.13.jar:4.13]
	at org.junit.internal.runners.statements.RunAfters.evaluate(RunAfters.java:27) [junit-4.13.jar:4.13]
	at org.junit.runners.ParentRunner$3.evaluate(ParentRunner.java:306) [junit-4.13.jar:4.13]
	at org.junit.runners.ParentRunner.run(ParentRunner.java:413) [junit-4.13.jar:4.13]
	at org.eclipse.jdt.internal.junit4.runner.JUnit4TestReference.run(JUnit4TestReference.java:93) [.cp/:?]
	at org.eclipse.jdt.internal.junit.runner.TestExecution.run(TestExecution.java:40) [.cp/:?]
	at org.eclipse.jdt.internal.junit.runner.RemoteTestRunner.runTests(RemoteTestRunner.java:530) [.cp/:?]
	at org.eclipse.jdt.internal.junit.runner.RemoteTestRunner.runTests(RemoteTestRunner.java:758) [.cp/:?]
	at org.eclipse.jdt.internal.junit.runner.RemoteTestRunner.run(RemoteTestRunner.java:453) [.cp/:?]
	at org.eclipse.jdt.internal.junit.runner.RemoteTestRunner.main(RemoteTestRunner.java:211) [.cp/:?]
2025-12-30 03:23:09 INFO  === END   tests.productCardsTests.ProductCardElementsTests.cardValidation[Exp#10 [f1=2, f2=1, f3=1, f4=3, f5=3, f6=2, f7=2, f8=1]] ===
2025-12-30 03:23:09 INFO  === START tests.productCardsTests.ProductCardElementsTests.cardValidation[Exp#11 [f1=2, f2=1, f3=2, f4=1, f5=1, f6=3, f7=3, f8=2]] ===
2025-12-30 03:23:09 INFO  STEP: 📝 New input: Filling form fields.
2025-12-30 03:23:12 INFO  STEP: Card nuber 1 have a Thumbnail
2025-12-30 03:23:12 INFO  STEP: Card nuber 1 have a Title: Black Aluminium Cup
2025-12-30 03:23:12 INFO  STEP: Card nuber 1 have a Description: The Black Aluminium Cup is a stylish and durable cup suitable for both hot and cold beverages. Its sleek black design adds a modern touch to your drinkware collection.
2025-12-30 03:23:12 INFO  STEP: Card nuber 1 have a Price: 5.99
2025-12-30 03:23:12 INFO  STEP: Card nuber 1 have a Rating: 4.5
2025-12-30 03:23:12 INFO  STEP PASS: Card nuber 1 dont have a Additional Images Button
2025-12-30 03:23:12 ERROR STEP FAIL: Card #1 should have all the components
2025-12-30 03:23:12 ERROR === FAIL  tests.productCardsTests.ProductCardElementsTests.cardValidation[Exp#11 [f1=2, f2=1, f3=2, f4=1, f5=1, f6=3, f7=3, f8=2]] ===
java.lang.AssertionError: Card #1 should have all the components
	at org.junit.Assert.fail(Assert.java:89) ~[junit-4.13.jar:4.13]
	at org.junit.Assert.assertTrue(Assert.java:42) ~[junit-4.13.jar:4.13]
	at tests.BaseTest.checkTrue(BaseTest.java:92) ~[test-classes/:?]
	at tests.productCardsTests.ProductCardElementsTests.cardValidation(ProductCardElementsTests.java:61) ~[test-classes/:?]
	at jdk.internal.reflect.DirectMethodHandleAccessor.invoke(DirectMethodHandleAccessor.java:103) ~[?:?]
	at java.lang.reflect.Method.invoke(Method.java:580) ~[?:?]
	at org.junit.runners.model.FrameworkMethod$1.runReflectiveCall(FrameworkMethod.java:59) ~[junit-4.13.jar:4.13]
	at org.junit.internal.runners.model.ReflectiveCallable.run(ReflectiveCallable.java:12) ~[junit-4.13.jar:4.13]
	at org.junit.runners.model.FrameworkMethod.invokeExplosively(FrameworkMethod.java:56) ~[junit-4.13.jar:4.13]
	at org.junit.internal.runners.statements.InvokeMethod.evaluate(InvokeMethod.java:17) ~[junit-4.13.jar:4.13]
	at org.junit.internal.runners.statements.RunBefores.evaluate(RunBefores.java:26) ~[junit-4.13.jar:4.13]
	at org.junit.internal.runners.statements.RunAfters.evaluate(RunAfters.java:27) ~[junit-4.13.jar:4.13]
	at org.junit.rules.TestWatcher$1.evaluate(TestWatcher.java:61) [junit-4.13.jar:4.13]
	at org.junit.runners.ParentRunner$3.evaluate(ParentRunner.java:306) [junit-4.13.jar:4.13]
	at org.junit.runners.BlockJUnit4ClassRunner$1.evaluate(BlockJUnit4ClassRunner.java:100) [junit-4.13.jar:4.13]
	at org.junit.runners.ParentRunner.runLeaf(ParentRunner.java:366) [junit-4.13.jar:4.13]
	at org.junit.runners.BlockJUnit4ClassRunner.runChild(BlockJUnit4ClassRunner.java:103) [junit-4.13.jar:4.13]
	at org.junit.runners.BlockJUnit4ClassRunner.runChild(BlockJUnit4ClassRunner.java:63) [junit-4.13.jar:4.13]
	at org.junit.runners.ParentRunner$4.run(ParentRunner.java:331) [junit-4.13.jar:4.13]
	at org.junit.runners.ParentRunner$1.schedule(ParentRunner.java:79) [junit-4.13.jar:4.13]
	at org.junit.runners.ParentRunner.runChildren(ParentRunner.java:329) [junit-4.13.jar:4.13]
	at org.junit.runners.ParentRunner.access$100(ParentRunner.java:66) [junit-4.13.jar:4.13]
	at org.junit.runners.ParentRunner$2.evaluate(ParentRunner.java:293) [junit-4.13.jar:4.13]
	at org.junit.runners.ParentRunner.run(ParentRunner.java:413) [junit-4.13.jar:4.13]
	at org.junit.runners.Suite.runChild(Suite.java:128) [junit-4.13.jar:4.13]
	at org.junit.runners.Suite.runChild(Suite.java:27) [junit-4.13.jar:4.13]
	at org.junit.runners.ParentRunner$4.run(ParentRunner.java:331) [junit-4.13.jar:4.13]
	at org.junit.runners.ParentRunner$1.schedule(ParentRunner.java:79) [junit-4.13.jar:4.13]
	at org.junit.runners.ParentRunner.runChildren(ParentRunner.java:329) [junit-4.13.jar:4.13]
	at org.junit.runners.ParentRunner.access$100(ParentRunner.java:66) [junit-4.13.jar:4.13]
	at org.junit.runners.ParentRunner$2.evaluate(ParentRunner.java:293) [junit-4.13.jar:4.13]
	at org.junit.internal.runners.statements.RunAfters.evaluate(RunAfters.java:27) [junit-4.13.jar:4.13]
	at org.junit.runners.ParentRunner$3.evaluate(ParentRunner.java:306) [junit-4.13.jar:4.13]
	at org.junit.runners.ParentRunner.run(ParentRunner.java:413) [junit-4.13.jar:4.13]
	at org.eclipse.jdt.internal.junit4.runner.JUnit4TestReference.run(JUnit4TestReference.java:93) [.cp/:?]
	at org.eclipse.jdt.internal.junit.runner.TestExecution.run(TestExecution.java:40) [.cp/:?]
	at org.eclipse.jdt.internal.junit.runner.RemoteTestRunner.runTests(RemoteTestRunner.java:530) [.cp/:?]
	at org.eclipse.jdt.internal.junit.runner.RemoteTestRunner.runTests(RemoteTestRunner.java:758) [.cp/:?]
	at org.eclipse.jdt.internal.junit.runner.RemoteTestRunner.run(RemoteTestRunner.java:453) [.cp/:?]
	at org.eclipse.jdt.internal.junit.runner.RemoteTestRunner.main(RemoteTestRunner.java:211) [.cp/:?]
2025-12-30 03:23:12 INFO  === END   tests.productCardsTests.ProductCardElementsTests.cardValidation[Exp#11 [f1=2, f2=1, f3=2, f4=1, f5=1, f6=3, f7=3, f8=2]] ===
2025-12-30 03:23:12 INFO  === START tests.productCardsTests.ProductCardElementsTests.cardValidation[Exp#12 [f1=2, f2=1, f3=3, f4=2, f5=2, f6=1, f7=1, f8=3]] ===
2025-12-30 03:23:12 INFO  STEP: 📝 New input: Filling form fields.
2025-12-30 03:23:16 INFO  STEP: Card nuber 1 have a Thumbnail
2025-12-30 03:23:16 INFO  STEP: Card nuber 1 have a Title: Baseball Ball
2025-12-30 03:23:16 INFO  STEP: Card nuber 1 have a Description: The Baseball Ball is a standard baseball used in baseball games. It features a durable leather cover and is designed for pitching, hitting, and fielding in the game of baseball.
2025-12-30 03:23:16 INFO  STEP: Card nuber 1 have a Price: 8.99
2025-12-30 03:23:16 INFO  STEP: Card nuber 1 have a Rating: 2.6
2025-12-30 03:23:16 INFO  STEP PASS: Card nuber 1 dont have a Additional Images Button
2025-12-30 03:23:16 ERROR STEP FAIL: Card #1 should have all the components
2025-12-30 03:23:16 ERROR === FAIL  tests.productCardsTests.ProductCardElementsTests.cardValidation[Exp#12 [f1=2, f2=1, f3=3, f4=2, f5=2, f6=1, f7=1, f8=3]] ===
java.lang.AssertionError: Card #1 should have all the components
	at org.junit.Assert.fail(Assert.java:89) ~[junit-4.13.jar:4.13]
	at org.junit.Assert.assertTrue(Assert.java:42) ~[junit-4.13.jar:4.13]
	at tests.BaseTest.checkTrue(BaseTest.java:92) ~[test-classes/:?]
	at tests.productCardsTests.ProductCardElementsTests.cardValidation(ProductCardElementsTests.java:61) ~[test-classes/:?]
	at jdk.internal.reflect.DirectMethodHandleAccessor.invoke(DirectMethodHandleAccessor.java:103) ~[?:?]
	at java.lang.reflect.Method.invoke(Method.java:580) ~[?:?]
	at org.junit.runners.model.FrameworkMethod$1.runReflectiveCall(FrameworkMethod.java:59) ~[junit-4.13.jar:4.13]
	at org.junit.internal.runners.model.ReflectiveCallable.run(ReflectiveCallable.java:12) ~[junit-4.13.jar:4.13]
	at org.junit.runners.model.FrameworkMethod.invokeExplosively(FrameworkMethod.java:56) ~[junit-4.13.jar:4.13]
	at org.junit.internal.runners.statements.InvokeMethod.evaluate(InvokeMethod.java:17) ~[junit-4.13.jar:4.13]
	at org.junit.internal.runners.statements.RunBefores.evaluate(RunBefores.java:26) ~[junit-4.13.jar:4.13]
	at org.junit.internal.runners.statements.RunAfters.evaluate(RunAfters.java:27) ~[junit-4.13.jar:4.13]
	at org.junit.rules.TestWatcher$1.evaluate(TestWatcher.java:61) [junit-4.13.jar:4.13]
	at org.junit.runners.ParentRunner$3.evaluate(ParentRunner.java:306) [junit-4.13.jar:4.13]
	at org.junit.runners.BlockJUnit4ClassRunner$1.evaluate(BlockJUnit4ClassRunner.java:100) [junit-4.13.jar:4.13]
	at org.junit.runners.ParentRunner.runLeaf(ParentRunner.java:366) [junit-4.13.jar:4.13]
	at org.junit.runners.BlockJUnit4ClassRunner.runChild(BlockJUnit4ClassRunner.java:103) [junit-4.13.jar:4.13]
	at org.junit.runners.BlockJUnit4ClassRunner.runChild(BlockJUnit4ClassRunner.java:63) [junit-4.13.jar:4.13]
	at org.junit.runners.ParentRunner$4.run(ParentRunner.java:331) [junit-4.13.jar:4.13]
	at org.junit.runners.ParentRunner$1.schedule(ParentRunner.java:79) [junit-4.13.jar:4.13]
	at org.junit.runners.ParentRunner.runChildren(ParentRunner.java:329) [junit-4.13.jar:4.13]
	at org.junit.runners.ParentRunner.access$100(ParentRunner.java:66) [junit-4.13.jar:4.13]
	at org.junit.runners.ParentRunner$2.evaluate(ParentRunner.java:293) [junit-4.13.jar:4.13]
	at org.junit.runners.ParentRunner.run(ParentRunner.java:413) [junit-4.13.jar:4.13]
	at org.junit.runners.Suite.runChild(Suite.java:128) [junit-4.13.jar:4.13]
	at org.junit.runners.Suite.runChild(Suite.java:27) [junit-4.13.jar:4.13]
	at org.junit.runners.ParentRunner$4.run(ParentRunner.java:331) [junit-4.13.jar:4.13]
	at org.junit.runners.ParentRunner$1.schedule(ParentRunner.java:79) [junit-4.13.jar:4.13]
	at org.junit.runners.ParentRunner.runChildren(ParentRunner.java:329) [junit-4.13.jar:4.13]
	at org.junit.runners.ParentRunner.access$100(ParentRunner.java:66) [junit-4.13.jar:4.13]
	at org.junit.runners.ParentRunner$2.evaluate(ParentRunner.java:293) [junit-4.13.jar:4.13]
	at org.junit.internal.runners.statements.RunAfters.evaluate(RunAfters.java:27) [junit-4.13.jar:4.13]
	at org.junit.runners.ParentRunner$3.evaluate(ParentRunner.java:306) [junit-4.13.jar:4.13]
	at org.junit.runners.ParentRunner.run(ParentRunner.java:413) [junit-4.13.jar:4.13]
	at org.eclipse.jdt.internal.junit4.runner.JUnit4TestReference.run(JUnit4TestReference.java:93) [.cp/:?]
	at org.eclipse.jdt.internal.junit.runner.TestExecution.run(TestExecution.java:40) [.cp/:?]
	at org.eclipse.jdt.internal.junit.runner.RemoteTestRunner.runTests(RemoteTestRunner.java:530) [.cp/:?]
	at org.eclipse.jdt.internal.junit.runner.RemoteTestRunner.runTests(RemoteTestRunner.java:758) [.cp/:?]
	at org.eclipse.jdt.internal.junit.runner.RemoteTestRunner.run(RemoteTestRunner.java:453) [.cp/:?]
	at org.eclipse.jdt.internal.junit.runner.RemoteTestRunner.main(RemoteTestRunner.java:211) [.cp/:?]
2025-12-30 03:23:16 INFO  === END   tests.productCardsTests.ProductCardElementsTests.cardValidation[Exp#12 [f1=2, f2=1, f3=3, f4=2, f5=2, f6=1, f7=1, f8=3]] ===
2025-12-30 03:23:16 INFO  === START tests.productCardsTests.ProductCardElementsTests.cardValidation[Exp#13 [f1=2, f2=2, f3=1, f4=2, f5=3, f6=1, f7=3, f8=2]] ===
2025-12-30 03:23:16 INFO  STEP: 📝 New input: Filling form fields.
2025-12-30 03:23:19 INFO  STEP: Card nuber 1 have a Thumbnail
2025-12-30 03:23:19 INFO  STEP: Card nuber 1 have a Title: Baseball Ball
2025-12-30 03:23:19 INFO  STEP: Card nuber 1 have a Description: The Baseball Ball is a standard baseball used in baseball games. It features a durable leather cover and is designed for pitching, hitting, and fielding in the game of baseball.
2025-12-30 03:23:19 INFO  STEP: Card nuber 1 have a Price: 8.99
2025-12-30 03:23:19 INFO  STEP: Card nuber 1 have a Rating: 2.6
2025-12-30 03:23:19 INFO  STEP PASS: Card nuber 1 dont have a Additional Images Button
2025-12-30 03:23:19 ERROR STEP FAIL: Card #1 should have all the components
2025-12-30 03:23:19 ERROR === FAIL  tests.productCardsTests.ProductCardElementsTests.cardValidation[Exp#13 [f1=2, f2=2, f3=1, f4=2, f5=3, f6=1, f7=3, f8=2]] ===
java.lang.AssertionError: Card #1 should have all the components
	at org.junit.Assert.fail(Assert.java:89) ~[junit-4.13.jar:4.13]
	at org.junit.Assert.assertTrue(Assert.java:42) ~[junit-4.13.jar:4.13]
	at tests.BaseTest.checkTrue(BaseTest.java:92) ~[test-classes/:?]
	at tests.productCardsTests.ProductCardElementsTests.cardValidation(ProductCardElementsTests.java:61) ~[test-classes/:?]
	at jdk.internal.reflect.DirectMethodHandleAccessor.invoke(DirectMethodHandleAccessor.java:103) ~[?:?]
	at java.lang.reflect.Method.invoke(Method.java:580) ~[?:?]
	at org.junit.runners.model.FrameworkMethod$1.runReflectiveCall(FrameworkMethod.java:59) ~[junit-4.13.jar:4.13]
	at org.junit.internal.runners.model.ReflectiveCallable.run(ReflectiveCallable.java:12) ~[junit-4.13.jar:4.13]
	at org.junit.runners.model.FrameworkMethod.invokeExplosively(FrameworkMethod.java:56) ~[junit-4.13.jar:4.13]
	at org.junit.internal.runners.statements.InvokeMethod.evaluate(InvokeMethod.java:17) ~[junit-4.13.jar:4.13]
	at org.junit.internal.runners.statements.RunBefores.evaluate(RunBefores.java:26) ~[junit-4.13.jar:4.13]
	at org.junit.internal.runners.statements.RunAfters.evaluate(RunAfters.java:27) ~[junit-4.13.jar:4.13]
	at org.junit.rules.TestWatcher$1.evaluate(TestWatcher.java:61) [junit-4.13.jar:4.13]
	at org.junit.runners.ParentRunner$3.evaluate(ParentRunner.java:306) [junit-4.13.jar:4.13]
	at org.junit.runners.BlockJUnit4ClassRunner$1.evaluate(BlockJUnit4ClassRunner.java:100) [junit-4.13.jar:4.13]
	at org.junit.runners.ParentRunner.runLeaf(ParentRunner.java:366) [junit-4.13.jar:4.13]
	at org.junit.runners.BlockJUnit4ClassRunner.runChild(BlockJUnit4ClassRunner.java:103) [junit-4.13.jar:4.13]
	at org.junit.runners.BlockJUnit4ClassRunner.runChild(BlockJUnit4ClassRunner.java:63) [junit-4.13.jar:4.13]
	at org.junit.runners.ParentRunner$4.run(ParentRunner.java:331) [junit-4.13.jar:4.13]
	at org.junit.runners.ParentRunner$1.schedule(ParentRunner.java:79) [junit-4.13.jar:4.13]
	at org.junit.runners.ParentRunner.runChildren(ParentRunner.java:329) [junit-4.13.jar:4.13]
	at org.junit.runners.ParentRunner.access$100(ParentRunner.java:66) [junit-4.13.jar:4.13]
	at org.junit.runners.ParentRunner$2.evaluate(ParentRunner.java:293) [junit-4.13.jar:4.13]
	at org.junit.runners.ParentRunner.run(ParentRunner.java:413) [junit-4.13.jar:4.13]
	at org.junit.runners.Suite.runChild(Suite.java:128) [junit-4.13.jar:4.13]
	at org.junit.runners.Suite.runChild(Suite.java:27) [junit-4.13.jar:4.13]
	at org.junit.runners.ParentRunner$4.run(ParentRunner.java:331) [junit-4.13.jar:4.13]
	at org.junit.runners.ParentRunner$1.schedule(ParentRunner.java:79) [junit-4.13.jar:4.13]
	at org.junit.runners.ParentRunner.runChildren(ParentRunner.java:329) [junit-4.13.jar:4.13]
	at org.junit.runners.ParentRunner.access$100(ParentRunner.java:66) [junit-4.13.jar:4.13]
	at org.junit.runners.ParentRunner$2.evaluate(ParentRunner.java:293) [junit-4.13.jar:4.13]
	at org.junit.internal.runners.statements.RunAfters.evaluate(RunAfters.java:27) [junit-4.13.jar:4.13]
	at org.junit.runners.ParentRunner$3.evaluate(ParentRunner.java:306) [junit-4.13.jar:4.13]
	at org.junit.runners.ParentRunner.run(ParentRunner.java:413) [junit-4.13.jar:4.13]
	at org.eclipse.jdt.internal.junit4.runner.JUnit4TestReference.run(JUnit4TestReference.java:93) [.cp/:?]
	at org.eclipse.jdt.internal.junit.runner.TestExecution.run(TestExecution.java:40) [.cp/:?]
	at org.eclipse.jdt.internal.junit.runner.RemoteTestRunner.runTests(RemoteTestRunner.java:530) [.cp/:?]
	at org.eclipse.jdt.internal.junit.runner.RemoteTestRunner.runTests(RemoteTestRunner.java:758) [.cp/:?]
	at org.eclipse.jdt.internal.junit.runner.RemoteTestRunner.run(RemoteTestRunner.java:453) [.cp/:?]
	at org.eclipse.jdt.internal.junit.runner.RemoteTestRunner.main(RemoteTestRunner.java:211) [.cp/:?]
2025-12-30 03:23:19 INFO  === END   tests.productCardsTests.ProductCardElementsTests.cardValidation[Exp#13 [f1=2, f2=2, f3=1, f4=2, f5=3, f6=1, f7=3, f8=2]] ===
2025-12-30 03:23:19 INFO  === START tests.productCardsTests.ProductCardElementsTests.cardValidation[Exp#14 [f1=2, f2=2, f3=2, f4=3, f5=1, f6=2, f7=1, f8=3]] ===
2025-12-30 03:23:19 INFO  STEP: 📝 New input: Filling form fields.
2025-12-30 03:23:23 INFO  STEP: Card nuber 1 have a Thumbnail
2025-12-30 03:23:23 INFO  STEP: Card nuber 1 have a Title: Vivo S1
2025-12-30 03:23:23 INFO  STEP: Card nuber 1 have a Description: The Vivo S1 is a stylish and mid-range smartphone offering a blend of design and performance. It features a vibrant display, capable camera system, and reliable functionality.
2025-12-30 03:23:23 INFO  STEP: Card nuber 1 have a Price: 249.99
2025-12-30 03:23:23 INFO  STEP: Card nuber 1 have a Rating: 3.5
2025-12-30 03:23:23 INFO  STEP PASS: Card nuber 1 dont have a Additional Images Button
2025-12-30 03:23:23 ERROR STEP FAIL: Card #1 should have all the components
2025-12-30 03:23:23 ERROR === FAIL  tests.productCardsTests.ProductCardElementsTests.cardValidation[Exp#14 [f1=2, f2=2, f3=2, f4=3, f5=1, f6=2, f7=1, f8=3]] ===
java.lang.AssertionError: Card #1 should have all the components
	at org.junit.Assert.fail(Assert.java:89) ~[junit-4.13.jar:4.13]
	at org.junit.Assert.assertTrue(Assert.java:42) ~[junit-4.13.jar:4.13]
	at tests.BaseTest.checkTrue(BaseTest.java:92) ~[test-classes/:?]
	at tests.productCardsTests.ProductCardElementsTests.cardValidation(ProductCardElementsTests.java:61) ~[test-classes/:?]
	at jdk.internal.reflect.DirectMethodHandleAccessor.invoke(DirectMethodHandleAccessor.java:103) ~[?:?]
	at java.lang.reflect.Method.invoke(Method.java:580) ~[?:?]
	at org.junit.runners.model.FrameworkMethod$1.runReflectiveCall(FrameworkMethod.java:59) ~[junit-4.13.jar:4.13]
	at org.junit.internal.runners.model.ReflectiveCallable.run(ReflectiveCallable.java:12) ~[junit-4.13.jar:4.13]
	at org.junit.runners.model.FrameworkMethod.invokeExplosively(FrameworkMethod.java:56) ~[junit-4.13.jar:4.13]
	at org.junit.internal.runners.statements.InvokeMethod.evaluate(InvokeMethod.java:17) ~[junit-4.13.jar:4.13]
	at org.junit.internal.runners.statements.RunBefores.evaluate(RunBefores.java:26) ~[junit-4.13.jar:4.13]
	at org.junit.internal.runners.statements.RunAfters.evaluate(RunAfters.java:27) ~[junit-4.13.jar:4.13]
	at org.junit.rules.TestWatcher$1.evaluate(TestWatcher.java:61) [junit-4.13.jar:4.13]
	at org.junit.runners.ParentRunner$3.evaluate(ParentRunner.java:306) [junit-4.13.jar:4.13]
	at org.junit.runners.BlockJUnit4ClassRunner$1.evaluate(BlockJUnit4ClassRunner.java:100) [junit-4.13.jar:4.13]
	at org.junit.runners.ParentRunner.runLeaf(ParentRunner.java:366) [junit-4.13.jar:4.13]
	at org.junit.runners.BlockJUnit4ClassRunner.runChild(BlockJUnit4ClassRunner.java:103) [junit-4.13.jar:4.13]
	at org.junit.runners.BlockJUnit4ClassRunner.runChild(BlockJUnit4ClassRunner.java:63) [junit-4.13.jar:4.13]
	at org.junit.runners.ParentRunner$4.run(ParentRunner.java:331) [junit-4.13.jar:4.13]
	at org.junit.runners.ParentRunner$1.schedule(ParentRunner.java:79) [junit-4.13.jar:4.13]
	at org.junit.runners.ParentRunner.runChildren(ParentRunner.java:329) [junit-4.13.jar:4.13]
	at org.junit.runners.ParentRunner.access$100(ParentRunner.java:66) [junit-4.13.jar:4.13]
	at org.junit.runners.ParentRunner$2.evaluate(ParentRunner.java:293) [junit-4.13.jar:4.13]
	at org.junit.runners.ParentRunner.run(ParentRunner.java:413) [junit-4.13.jar:4.13]
	at org.junit.runners.Suite.runChild(Suite.java:128) [junit-4.13.jar:4.13]
	at org.junit.runners.Suite.runChild(Suite.java:27) [junit-4.13.jar:4.13]
	at org.junit.runners.ParentRunner$4.run(ParentRunner.java:331) [junit-4.13.jar:4.13]
	at org.junit.runners.ParentRunner$1.schedule(ParentRunner.java:79) [junit-4.13.jar:4.13]
	at org.junit.runners.ParentRunner.runChildren(ParentRunner.java:329) [junit-4.13.jar:4.13]
	at org.junit.runners.ParentRunner.access$100(ParentRunner.java:66) [junit-4.13.jar:4.13]
	at org.junit.runners.ParentRunner$2.evaluate(ParentRunner.java:293) [junit-4.13.jar:4.13]
	at org.junit.internal.runners.statements.RunAfters.evaluate(RunAfters.java:27) [junit-4.13.jar:4.13]
	at org.junit.runners.ParentRunner$3.evaluate(ParentRunner.java:306) [junit-4.13.jar:4.13]
	at org.junit.runners.ParentRunner.run(ParentRunner.java:413) [junit-4.13.jar:4.13]
	at org.eclipse.jdt.internal.junit4.runner.JUnit4TestReference.run(JUnit4TestReference.java:93) [.cp/:?]
	at org.eclipse.jdt.internal.junit.runner.TestExecution.run(TestExecution.java:40) [.cp/:?]
	at org.eclipse.jdt.internal.junit.runner.RemoteTestRunner.runTests(RemoteTestRunner.java:530) [.cp/:?]
	at org.eclipse.jdt.internal.junit.runner.RemoteTestRunner.runTests(RemoteTestRunner.java:758) [.cp/:?]
	at org.eclipse.jdt.internal.junit.runner.RemoteTestRunner.run(RemoteTestRunner.java:453) [.cp/:?]
	at org.eclipse.jdt.internal.junit.runner.RemoteTestRunner.main(RemoteTestRunner.java:211) [.cp/:?]
2025-12-30 03:23:23 INFO  === END   tests.productCardsTests.ProductCardElementsTests.cardValidation[Exp#14 [f1=2, f2=2, f3=2, f4=3, f5=1, f6=2, f7=1, f8=3]] ===
2025-12-30 03:23:23 INFO  === START tests.productCardsTests.ProductCardElementsTests.cardValidation[Exp#15 [f1=2, f2=2, f3=3, f4=1, f5=2, f6=3, f7=2, f8=1]] ===
2025-12-30 03:23:23 INFO  STEP: 📝 New input: Filling form fields.
2025-12-30 03:23:26 INFO  STEP: Card nuber 1 have a Thumbnail
2025-12-30 03:23:26 INFO  STEP: Card nuber 1 have a Title: Scooter Motorcycle
2025-12-30 03:23:26 INFO  STEP: Card nuber 1 have a Description: The Scooter Motorcycle is a practical and fuel-efficient bike ideal for urban commuting. It features a step-through design and user-friendly controls for easy maneuverability.
2025-12-30 03:23:26 INFO  STEP: Card nuber 1 have a Price: 2999.99
2025-12-30 03:23:26 INFO  STEP: Card nuber 1 have a Rating: 2.5
2025-12-30 03:23:26 INFO  STEP PASS: Card nuber 1 dont have a Additional Images Button
2025-12-30 03:23:26 ERROR STEP FAIL: Card #1 should have all the components
2025-12-30 03:23:26 ERROR === FAIL  tests.productCardsTests.ProductCardElementsTests.cardValidation[Exp#15 [f1=2, f2=2, f3=3, f4=1, f5=2, f6=3, f7=2, f8=1]] ===
java.lang.AssertionError: Card #1 should have all the components
	at org.junit.Assert.fail(Assert.java:89) ~[junit-4.13.jar:4.13]
	at org.junit.Assert.assertTrue(Assert.java:42) ~[junit-4.13.jar:4.13]
	at tests.BaseTest.checkTrue(BaseTest.java:92) ~[test-classes/:?]
	at tests.productCardsTests.ProductCardElementsTests.cardValidation(ProductCardElementsTests.java:61) ~[test-classes/:?]
	at jdk.internal.reflect.DirectMethodHandleAccessor.invoke(DirectMethodHandleAccessor.java:103) ~[?:?]
	at java.lang.reflect.Method.invoke(Method.java:580) ~[?:?]
	at org.junit.runners.model.FrameworkMethod$1.runReflectiveCall(FrameworkMethod.java:59) ~[junit-4.13.jar:4.13]
	at org.junit.internal.runners.model.ReflectiveCallable.run(ReflectiveCallable.java:12) ~[junit-4.13.jar:4.13]
	at org.junit.runners.model.FrameworkMethod.invokeExplosively(FrameworkMethod.java:56) ~[junit-4.13.jar:4.13]
	at org.junit.internal.runners.statements.InvokeMethod.evaluate(InvokeMethod.java:17) ~[junit-4.13.jar:4.13]
	at org.junit.internal.runners.statements.RunBefores.evaluate(RunBefores.java:26) ~[junit-4.13.jar:4.13]
	at org.junit.internal.runners.statements.RunAfters.evaluate(RunAfters.java:27) ~[junit-4.13.jar:4.13]
	at org.junit.rules.TestWatcher$1.evaluate(TestWatcher.java:61) [junit-4.13.jar:4.13]
	at org.junit.runners.ParentRunner$3.evaluate(ParentRunner.java:306) [junit-4.13.jar:4.13]
	at org.junit.runners.BlockJUnit4ClassRunner$1.evaluate(BlockJUnit4ClassRunner.java:100) [junit-4.13.jar:4.13]
	at org.junit.runners.ParentRunner.runLeaf(ParentRunner.java:366) [junit-4.13.jar:4.13]
	at org.junit.runners.BlockJUnit4ClassRunner.runChild(BlockJUnit4ClassRunner.java:103) [junit-4.13.jar:4.13]
	at org.junit.runners.BlockJUnit4ClassRunner.runChild(BlockJUnit4ClassRunner.java:63) [junit-4.13.jar:4.13]
	at org.junit.runners.ParentRunner$4.run(ParentRunner.java:331) [junit-4.13.jar:4.13]
	at org.junit.runners.ParentRunner$1.schedule(ParentRunner.java:79) [junit-4.13.jar:4.13]
	at org.junit.runners.ParentRunner.runChildren(ParentRunner.java:329) [junit-4.13.jar:4.13]
	at org.junit.runners.ParentRunner.access$100(ParentRunner.java:66) [junit-4.13.jar:4.13]
	at org.junit.runners.ParentRunner$2.evaluate(ParentRunner.java:293) [junit-4.13.jar:4.13]
	at org.junit.runners.ParentRunner.run(ParentRunner.java:413) [junit-4.13.jar:4.13]
	at org.junit.runners.Suite.runChild(Suite.java:128) [junit-4.13.jar:4.13]
	at org.junit.runners.Suite.runChild(Suite.java:27) [junit-4.13.jar:4.13]
	at org.junit.runners.ParentRunner$4.run(ParentRunner.java:331) [junit-4.13.jar:4.13]
	at org.junit.runners.ParentRunner$1.schedule(ParentRunner.java:79) [junit-4.13.jar:4.13]
	at org.junit.runners.ParentRunner.runChildren(ParentRunner.java:329) [junit-4.13.jar:4.13]
	at org.junit.runners.ParentRunner.access$100(ParentRunner.java:66) [junit-4.13.jar:4.13]
	at org.junit.runners.ParentRunner$2.evaluate(ParentRunner.java:293) [junit-4.13.jar:4.13]
	at org.junit.internal.runners.statements.RunAfters.evaluate(RunAfters.java:27) [junit-4.13.jar:4.13]
	at org.junit.runners.ParentRunner$3.evaluate(ParentRunner.java:306) [junit-4.13.jar:4.13]
	at org.junit.runners.ParentRunner.run(ParentRunner.java:413) [junit-4.13.jar:4.13]
	at org.eclipse.jdt.internal.junit4.runner.JUnit4TestReference.run(JUnit4TestReference.java:93) [.cp/:?]
	at org.eclipse.jdt.internal.junit.runner.TestExecution.run(TestExecution.java:40) [.cp/:?]
	at org.eclipse.jdt.internal.junit.runner.RemoteTestRunner.runTests(RemoteTestRunner.java:530) [.cp/:?]
	at org.eclipse.jdt.internal.junit.runner.RemoteTestRunner.runTests(RemoteTestRunner.java:758) [.cp/:?]
	at org.eclipse.jdt.internal.junit.runner.RemoteTestRunner.run(RemoteTestRunner.java:453) [.cp/:?]
	at org.eclipse.jdt.internal.junit.runner.RemoteTestRunner.main(RemoteTestRunner.java:211) [.cp/:?]
2025-12-30 03:23:26 INFO  === END   tests.productCardsTests.ProductCardElementsTests.cardValidation[Exp#15 [f1=2, f2=2, f3=3, f4=1, f5=2, f6=3, f7=2, f8=1]] ===
2025-12-30 03:23:26 INFO  === START tests.productCardsTests.ProductCardElementsTests.cardValidation[Exp#16 [f1=2, f2=3, f3=1, f4=3, f5=2, f6=3, f7=1, f8=2]] ===
2025-12-30 03:23:26 INFO  STEP: 📝 New input: Filling form fields.
2025-12-30 03:23:30 INFO  STEP: Card nuber 1 have a Thumbnail
2025-12-30 03:23:30 INFO  STEP: Card nuber 1 have a Title: iPhone 5s
2025-12-30 03:23:30 INFO  STEP: Card nuber 1 have a Description: The iPhone 5s is a classic smartphone known for its compact design and advanced features during its release. While it's an older model, it still provides a reliable user experience.
2025-12-30 03:23:30 INFO  STEP: Card nuber 1 have a Price: 199.99
2025-12-30 03:23:30 INFO  STEP: Card nuber 1 have a Rating: 2.8
2025-12-30 03:23:30 INFO  STEP PASS: Card nuber 1 dont have a Additional Images Button
2025-12-30 03:23:30 ERROR STEP FAIL: Card #1 should have all the components
2025-12-30 03:23:30 ERROR === FAIL  tests.productCardsTests.ProductCardElementsTests.cardValidation[Exp#16 [f1=2, f2=3, f3=1, f4=3, f5=2, f6=3, f7=1, f8=2]] ===
java.lang.AssertionError: Card #1 should have all the components
	at org.junit.Assert.fail(Assert.java:89) ~[junit-4.13.jar:4.13]
	at org.junit.Assert.assertTrue(Assert.java:42) ~[junit-4.13.jar:4.13]
	at tests.BaseTest.checkTrue(BaseTest.java:92) ~[test-classes/:?]
	at tests.productCardsTests.ProductCardElementsTests.cardValidation(ProductCardElementsTests.java:61) ~[test-classes/:?]
	at jdk.internal.reflect.DirectMethodHandleAccessor.invoke(DirectMethodHandleAccessor.java:103) ~[?:?]
	at java.lang.reflect.Method.invoke(Method.java:580) ~[?:?]
	at org.junit.runners.model.FrameworkMethod$1.runReflectiveCall(FrameworkMethod.java:59) ~[junit-4.13.jar:4.13]
	at org.junit.internal.runners.model.ReflectiveCallable.run(ReflectiveCallable.java:12) ~[junit-4.13.jar:4.13]
	at org.junit.runners.model.FrameworkMethod.invokeExplosively(FrameworkMethod.java:56) ~[junit-4.13.jar:4.13]
	at org.junit.internal.runners.statements.InvokeMethod.evaluate(InvokeMethod.java:17) ~[junit-4.13.jar:4.13]
	at org.junit.internal.runners.statements.RunBefores.evaluate(RunBefores.java:26) ~[junit-4.13.jar:4.13]
	at org.junit.internal.runners.statements.RunAfters.evaluate(RunAfters.java:27) ~[junit-4.13.jar:4.13]
	at org.junit.rules.TestWatcher$1.evaluate(TestWatcher.java:61) [junit-4.13.jar:4.13]
	at org.junit.runners.ParentRunner$3.evaluate(ParentRunner.java:306) [junit-4.13.jar:4.13]
	at org.junit.runners.BlockJUnit4ClassRunner$1.evaluate(BlockJUnit4ClassRunner.java:100) [junit-4.13.jar:4.13]
	at org.junit.runners.ParentRunner.runLeaf(ParentRunner.java:366) [junit-4.13.jar:4.13]
	at org.junit.runners.BlockJUnit4ClassRunner.runChild(BlockJUnit4ClassRunner.java:103) [junit-4.13.jar:4.13]
	at org.junit.runners.BlockJUnit4ClassRunner.runChild(BlockJUnit4ClassRunner.java:63) [junit-4.13.jar:4.13]
	at org.junit.runners.ParentRunner$4.run(ParentRunner.java:331) [junit-4.13.jar:4.13]
	at org.junit.runners.ParentRunner$1.schedule(ParentRunner.java:79) [junit-4.13.jar:4.13]
	at org.junit.runners.ParentRunner.runChildren(ParentRunner.java:329) [junit-4.13.jar:4.13]
	at org.junit.runners.ParentRunner.access$100(ParentRunner.java:66) [junit-4.13.jar:4.13]
	at org.junit.runners.ParentRunner$2.evaluate(ParentRunner.java:293) [junit-4.13.jar:4.13]
	at org.junit.runners.ParentRunner.run(ParentRunner.java:413) [junit-4.13.jar:4.13]
	at org.junit.runners.Suite.runChild(Suite.java:128) [junit-4.13.jar:4.13]
	at org.junit.runners.Suite.runChild(Suite.java:27) [junit-4.13.jar:4.13]
	at org.junit.runners.ParentRunner$4.run(ParentRunner.java:331) [junit-4.13.jar:4.13]
	at org.junit.runners.ParentRunner$1.schedule(ParentRunner.java:79) [junit-4.13.jar:4.13]
	at org.junit.runners.ParentRunner.runChildren(ParentRunner.java:329) [junit-4.13.jar:4.13]
	at org.junit.runners.ParentRunner.access$100(ParentRunner.java:66) [junit-4.13.jar:4.13]
	at org.junit.runners.ParentRunner$2.evaluate(ParentRunner.java:293) [junit-4.13.jar:4.13]
	at org.junit.internal.runners.statements.RunAfters.evaluate(RunAfters.java:27) [junit-4.13.jar:4.13]
	at org.junit.runners.ParentRunner$3.evaluate(ParentRunner.java:306) [junit-4.13.jar:4.13]
	at org.junit.runners.ParentRunner.run(ParentRunner.java:413) [junit-4.13.jar:4.13]
	at org.eclipse.jdt.internal.junit4.runner.JUnit4TestReference.run(JUnit4TestReference.java:93) [.cp/:?]
	at org.eclipse.jdt.internal.junit.runner.TestExecution.run(TestExecution.java:40) [.cp/:?]
	at org.eclipse.jdt.internal.junit.runner.RemoteTestRunner.runTests(RemoteTestRunner.java:530) [.cp/:?]
	at org.eclipse.jdt.internal.junit.runner.RemoteTestRunner.runTests(RemoteTestRunner.java:758) [.cp/:?]
	at org.eclipse.jdt.internal.junit.runner.RemoteTestRunner.run(RemoteTestRunner.java:453) [.cp/:?]
	at org.eclipse.jdt.internal.junit.runner.RemoteTestRunner.main(RemoteTestRunner.java:211) [.cp/:?]
2025-12-30 03:23:30 INFO  === END   tests.productCardsTests.ProductCardElementsTests.cardValidation[Exp#16 [f1=2, f2=3, f3=1, f4=3, f5=2, f6=3, f7=1, f8=2]] ===
2025-12-30 03:23:30 INFO  === START tests.productCardsTests.ProductCardElementsTests.cardValidation[Exp#17 [f1=2, f2=3, f3=2, f4=1, f5=3, f6=1, f7=2, f8=3]] ===
2025-12-30 03:23:30 INFO  STEP: 📝 New input: Filling form fields.
2025-12-30 03:23:34 INFO  STEP: Card nuber 1 have a Thumbnail
2025-12-30 03:23:34 INFO  STEP: Card nuber 1 have a Title: Samsung Galaxy Tab White
2025-12-30 03:23:34 INFO  STEP: Card nuber 1 have a Description: The Samsung Galaxy Tab in White is a sleek and versatile Android tablet. With a vibrant display, long-lasting battery, and a range of features, it offers a great user experience for various tasks.
2025-12-30 03:23:34 INFO  STEP: Card nuber 1 have a Price: 349.99
2025-12-30 03:23:34 INFO  STEP: Card nuber 1 have a Rating: 3.7
2025-12-30 03:23:34 INFO  STEP PASS: Card nuber 1 dont have a Additional Images Button
2025-12-30 03:23:34 ERROR STEP FAIL: Card #1 should have all the components
2025-12-30 03:23:34 ERROR === FAIL  tests.productCardsTests.ProductCardElementsTests.cardValidation[Exp#17 [f1=2, f2=3, f3=2, f4=1, f5=3, f6=1, f7=2, f8=3]] ===
java.lang.AssertionError: Card #1 should have all the components
	at org.junit.Assert.fail(Assert.java:89) ~[junit-4.13.jar:4.13]
	at org.junit.Assert.assertTrue(Assert.java:42) ~[junit-4.13.jar:4.13]
	at tests.BaseTest.checkTrue(BaseTest.java:92) ~[test-classes/:?]
	at tests.productCardsTests.ProductCardElementsTests.cardValidation(ProductCardElementsTests.java:61) ~[test-classes/:?]
	at jdk.internal.reflect.DirectMethodHandleAccessor.invoke(DirectMethodHandleAccessor.java:103) ~[?:?]
	at java.lang.reflect.Method.invoke(Method.java:580) ~[?:?]
	at org.junit.runners.model.FrameworkMethod$1.runReflectiveCall(FrameworkMethod.java:59) ~[junit-4.13.jar:4.13]
	at org.junit.internal.runners.model.ReflectiveCallable.run(ReflectiveCallable.java:12) ~[junit-4.13.jar:4.13]
	at org.junit.runners.model.FrameworkMethod.invokeExplosively(FrameworkMethod.java:56) ~[junit-4.13.jar:4.13]
	at org.junit.internal.runners.statements.InvokeMethod.evaluate(InvokeMethod.java:17) ~[junit-4.13.jar:4.13]
	at org.junit.internal.runners.statements.RunBefores.evaluate(RunBefores.java:26) ~[junit-4.13.jar:4.13]
	at org.junit.internal.runners.statements.RunAfters.evaluate(RunAfters.java:27) ~[junit-4.13.jar:4.13]
	at org.junit.rules.TestWatcher$1.evaluate(TestWatcher.java:61) [junit-4.13.jar:4.13]
	at org.junit.runners.ParentRunner$3.evaluate(ParentRunner.java:306) [junit-4.13.jar:4.13]
	at org.junit.runners.BlockJUnit4ClassRunner$1.evaluate(BlockJUnit4ClassRunner.java:100) [junit-4.13.jar:4.13]
	at org.junit.runners.ParentRunner.runLeaf(ParentRunner.java:366) [junit-4.13.jar:4.13]
	at org.junit.runners.BlockJUnit4ClassRunner.runChild(BlockJUnit4ClassRunner.java:103) [junit-4.13.jar:4.13]
	at org.junit.runners.BlockJUnit4ClassRunner.runChild(BlockJUnit4ClassRunner.java:63) [junit-4.13.jar:4.13]
	at org.junit.runners.ParentRunner$4.run(ParentRunner.java:331) [junit-4.13.jar:4.13]
	at org.junit.runners.ParentRunner$1.schedule(ParentRunner.java:79) [junit-4.13.jar:4.13]
	at org.junit.runners.ParentRunner.runChildren(ParentRunner.java:329) [junit-4.13.jar:4.13]
	at org.junit.runners.ParentRunner.access$100(ParentRunner.java:66) [junit-4.13.jar:4.13]
	at org.junit.runners.ParentRunner$2.evaluate(ParentRunner.java:293) [junit-4.13.jar:4.13]
	at org.junit.runners.ParentRunner.run(ParentRunner.java:413) [junit-4.13.jar:4.13]
	at org.junit.runners.Suite.runChild(Suite.java:128) [junit-4.13.jar:4.13]
	at org.junit.runners.Suite.runChild(Suite.java:27) [junit-4.13.jar:4.13]
	at org.junit.runners.ParentRunner$4.run(ParentRunner.java:331) [junit-4.13.jar:4.13]
	at org.junit.runners.ParentRunner$1.schedule(ParentRunner.java:79) [junit-4.13.jar:4.13]
	at org.junit.runners.ParentRunner.runChildren(ParentRunner.java:329) [junit-4.13.jar:4.13]
	at org.junit.runners.ParentRunner.access$100(ParentRunner.java:66) [junit-4.13.jar:4.13]
	at org.junit.runners.ParentRunner$2.evaluate(ParentRunner.java:293) [junit-4.13.jar:4.13]
	at org.junit.internal.runners.statements.RunAfters.evaluate(RunAfters.java:27) [junit-4.13.jar:4.13]
	at org.junit.runners.ParentRunner$3.evaluate(ParentRunner.java:306) [junit-4.13.jar:4.13]
	at org.junit.runners.ParentRunner.run(ParentRunner.java:413) [junit-4.13.jar:4.13]
	at org.eclipse.jdt.internal.junit4.runner.JUnit4TestReference.run(JUnit4TestReference.java:93) [.cp/:?]
	at org.eclipse.jdt.internal.junit.runner.TestExecution.run(TestExecution.java:40) [.cp/:?]
	at org.eclipse.jdt.internal.junit.runner.RemoteTestRunner.runTests(RemoteTestRunner.java:530) [.cp/:?]
	at org.eclipse.jdt.internal.junit.runner.RemoteTestRunner.runTests(RemoteTestRunner.java:758) [.cp/:?]
	at org.eclipse.jdt.internal.junit.runner.RemoteTestRunner.run(RemoteTestRunner.java:453) [.cp/:?]
	at org.eclipse.jdt.internal.junit.runner.RemoteTestRunner.main(RemoteTestRunner.java:211) [.cp/:?]
2025-12-30 03:23:34 INFO  === END   tests.productCardsTests.ProductCardElementsTests.cardValidation[Exp#17 [f1=2, f2=3, f3=2, f4=1, f5=3, f6=1, f7=2, f8=3]] ===
2025-12-30 03:23:34 INFO  === START tests.productCardsTests.ProductCardElementsTests.cardValidation[Exp#18 [f1=2, f2=3, f3=3, f4=2, f5=1, f6=2, f7=3, f8=1]] ===
2025-12-30 03:23:34 INFO  STEP: 📝 New input: Filling form fields.
2025-12-30 03:23:37 INFO  STEP: Card nuber 1 have a Thumbnail
2025-12-30 03:23:37 INFO  STEP: Card nuber 1 have a Title: iPhone 5s
2025-12-30 03:23:37 INFO  STEP: Card nuber 1 have a Description: The iPhone 5s is a classic smartphone known for its compact design and advanced features during its release. While it's an older model, it still provides a reliable user experience.
2025-12-30 03:23:37 INFO  STEP: Card nuber 1 have a Price: 199.99
2025-12-30 03:23:37 INFO  STEP: Card nuber 1 have a Rating: 2.8
2025-12-30 03:23:37 INFO  STEP PASS: Card nuber 1 dont have a Additional Images Button
2025-12-30 03:23:37 ERROR STEP FAIL: Card #1 should have all the components
2025-12-30 03:23:37 ERROR === FAIL  tests.productCardsTests.ProductCardElementsTests.cardValidation[Exp#18 [f1=2, f2=3, f3=3, f4=2, f5=1, f6=2, f7=3, f8=1]] ===
java.lang.AssertionError: Card #1 should have all the components
	at org.junit.Assert.fail(Assert.java:89) ~[junit-4.13.jar:4.13]
	at org.junit.Assert.assertTrue(Assert.java:42) ~[junit-4.13.jar:4.13]
	at tests.BaseTest.checkTrue(BaseTest.java:92) ~[test-classes/:?]
	at tests.productCardsTests.ProductCardElementsTests.cardValidation(ProductCardElementsTests.java:61) ~[test-classes/:?]
	at jdk.internal.reflect.DirectMethodHandleAccessor.invoke(DirectMethodHandleAccessor.java:103) ~[?:?]
	at java.lang.reflect.Method.invoke(Method.java:580) ~[?:?]
	at org.junit.runners.model.FrameworkMethod$1.runReflectiveCall(FrameworkMethod.java:59) ~[junit-4.13.jar:4.13]
	at org.junit.internal.runners.model.ReflectiveCallable.run(ReflectiveCallable.java:12) ~[junit-4.13.jar:4.13]
	at org.junit.runners.model.FrameworkMethod.invokeExplosively(FrameworkMethod.java:56) ~[junit-4.13.jar:4.13]
	at org.junit.internal.runners.statements.InvokeMethod.evaluate(InvokeMethod.java:17) ~[junit-4.13.jar:4.13]
	at org.junit.internal.runners.statements.RunBefores.evaluate(RunBefores.java:26) ~[junit-4.13.jar:4.13]
	at org.junit.internal.runners.statements.RunAfters.evaluate(RunAfters.java:27) ~[junit-4.13.jar:4.13]
	at org.junit.rules.TestWatcher$1.evaluate(TestWatcher.java:61) [junit-4.13.jar:4.13]
	at org.junit.runners.ParentRunner$3.evaluate(ParentRunner.java:306) [junit-4.13.jar:4.13]
	at org.junit.runners.BlockJUnit4ClassRunner$1.evaluate(BlockJUnit4ClassRunner.java:100) [junit-4.13.jar:4.13]
	at org.junit.runners.ParentRunner.runLeaf(ParentRunner.java:366) [junit-4.13.jar:4.13]
	at org.junit.runners.BlockJUnit4ClassRunner.runChild(BlockJUnit4ClassRunner.java:103) [junit-4.13.jar:4.13]
	at org.junit.runners.BlockJUnit4ClassRunner.runChild(BlockJUnit4ClassRunner.java:63) [junit-4.13.jar:4.13]
	at org.junit.runners.ParentRunner$4.run(ParentRunner.java:331) [junit-4.13.jar:4.13]
	at org.junit.runners.ParentRunner$1.schedule(ParentRunner.java:79) [junit-4.13.jar:4.13]
	at org.junit.runners.ParentRunner.runChildren(ParentRunner.java:329) [junit-4.13.jar:4.13]
	at org.junit.runners.ParentRunner.access$100(ParentRunner.java:66) [junit-4.13.jar:4.13]
	at org.junit.runners.ParentRunner$2.evaluate(ParentRunner.java:293) [junit-4.13.jar:4.13]
	at org.junit.runners.ParentRunner.run(ParentRunner.java:413) [junit-4.13.jar:4.13]
	at org.junit.runners.Suite.runChild(Suite.java:128) [junit-4.13.jar:4.13]
	at org.junit.runners.Suite.runChild(Suite.java:27) [junit-4.13.jar:4.13]
	at org.junit.runners.ParentRunner$4.run(ParentRunner.java:331) [junit-4.13.jar:4.13]
	at org.junit.runners.ParentRunner$1.schedule(ParentRunner.java:79) [junit-4.13.jar:4.13]
	at org.junit.runners.ParentRunner.runChildren(ParentRunner.java:329) [junit-4.13.jar:4.13]
	at org.junit.runners.ParentRunner.access$100(ParentRunner.java:66) [junit-4.13.jar:4.13]
	at org.junit.runners.ParentRunner$2.evaluate(ParentRunner.java:293) [junit-4.13.jar:4.13]
	at org.junit.internal.runners.statements.RunAfters.evaluate(RunAfters.java:27) [junit-4.13.jar:4.13]
	at org.junit.runners.ParentRunner$3.evaluate(ParentRunner.java:306) [junit-4.13.jar:4.13]
	at org.junit.runners.ParentRunner.run(ParentRunner.java:413) [junit-4.13.jar:4.13]
	at org.eclipse.jdt.internal.junit4.runner.JUnit4TestReference.run(JUnit4TestReference.java:93) [.cp/:?]
	at org.eclipse.jdt.internal.junit.runner.TestExecution.run(TestExecution.java:40) [.cp/:?]
	at org.eclipse.jdt.internal.junit.runner.RemoteTestRunner.runTests(RemoteTestRunner.java:530) [.cp/:?]
	at org.eclipse.jdt.internal.junit.runner.RemoteTestRunner.runTests(RemoteTestRunner.java:758) [.cp/:?]
	at org.eclipse.jdt.internal.junit.runner.RemoteTestRunner.run(RemoteTestRunner.java:453) [.cp/:?]
	at org.eclipse.jdt.internal.junit.runner.RemoteTestRunner.main(RemoteTestRunner.java:211) [.cp/:?]
2025-12-30 03:23:37 INFO  === END   tests.productCardsTests.ProductCardElementsTests.cardValidation[Exp#18 [f1=2, f2=3, f3=3, f4=2, f5=1, f6=2, f7=3, f8=1]] ===
2025-12-30 03:23:37 INFO  === START tests.productCardsTests.ProductCardElementsTests.cardValidation[Exp#19 [f1=2, f2=3, f3=3, f4=2, f5=1, f6=1, f7=1, f8=2]] ===
2025-12-30 03:23:37 INFO  STEP: 📝 New input: Filling form fields.
2025-12-30 03:23:41 INFO  STEP: Card nuber 1 have a Thumbnail
2025-12-30 03:23:41 INFO  STEP: Card nuber 1 have a Title: Plant Pot
2025-12-30 03:23:41 INFO  STEP: Card nuber 1 have a Description: The Plant Pot is a stylish container for your favorite plants. With a sleek design, it complements your indoor or outdoor garden, adding a modern touch to your plant display.
2025-12-30 03:23:41 INFO  STEP: Card nuber 1 have a Price: 14.99
2025-12-30 03:23:41 INFO  STEP: Card nuber 1 have a Rating: 3.0
2025-12-30 03:23:41 INFO  STEP PASS: Card nuber 1 dont have a Additional Images Button
2025-12-30 03:23:41 ERROR STEP FAIL: Card #1 should have all the components
2025-12-30 03:23:41 ERROR === FAIL  tests.productCardsTests.ProductCardElementsTests.cardValidation[Exp#19 [f1=2, f2=3, f3=3, f4=2, f5=1, f6=1, f7=1, f8=2]] ===
java.lang.AssertionError: Card #1 should have all the components
	at org.junit.Assert.fail(Assert.java:89) ~[junit-4.13.jar:4.13]
	at org.junit.Assert.assertTrue(Assert.java:42) ~[junit-4.13.jar:4.13]
	at tests.BaseTest.checkTrue(BaseTest.java:92) ~[test-classes/:?]
	at tests.productCardsTests.ProductCardElementsTests.cardValidation(ProductCardElementsTests.java:61) ~[test-classes/:?]
	at jdk.internal.reflect.DirectMethodHandleAccessor.invoke(DirectMethodHandleAccessor.java:103) ~[?:?]
	at java.lang.reflect.Method.invoke(Method.java:580) ~[?:?]
	at org.junit.runners.model.FrameworkMethod$1.runReflectiveCall(FrameworkMethod.java:59) ~[junit-4.13.jar:4.13]
	at org.junit.internal.runners.model.ReflectiveCallable.run(ReflectiveCallable.java:12) ~[junit-4.13.jar:4.13]
	at org.junit.runners.model.FrameworkMethod.invokeExplosively(FrameworkMethod.java:56) ~[junit-4.13.jar:4.13]
	at org.junit.internal.runners.statements.InvokeMethod.evaluate(InvokeMethod.java:17) ~[junit-4.13.jar:4.13]
	at org.junit.internal.runners.statements.RunBefores.evaluate(RunBefores.java:26) ~[junit-4.13.jar:4.13]
	at org.junit.internal.runners.statements.RunAfters.evaluate(RunAfters.java:27) ~[junit-4.13.jar:4.13]
	at org.junit.rules.TestWatcher$1.evaluate(TestWatcher.java:61) [junit-4.13.jar:4.13]
	at org.junit.runners.ParentRunner$3.evaluate(ParentRunner.java:306) [junit-4.13.jar:4.13]
	at org.junit.runners.BlockJUnit4ClassRunner$1.evaluate(BlockJUnit4ClassRunner.java:100) [junit-4.13.jar:4.13]
	at org.junit.runners.ParentRunner.runLeaf(ParentRunner.java:366) [junit-4.13.jar:4.13]
	at org.junit.runners.BlockJUnit4ClassRunner.runChild(BlockJUnit4ClassRunner.java:103) [junit-4.13.jar:4.13]
	at org.junit.runners.BlockJUnit4ClassRunner.runChild(BlockJUnit4ClassRunner.java:63) [junit-4.13.jar:4.13]
	at org.junit.runners.ParentRunner$4.run(ParentRunner.java:331) [junit-4.13.jar:4.13]
	at org.junit.runners.ParentRunner$1.schedule(ParentRunner.java:79) [junit-4.13.jar:4.13]
	at org.junit.runners.ParentRunner.runChildren(ParentRunner.java:329) [junit-4.13.jar:4.13]
	at org.junit.runners.ParentRunner.access$100(ParentRunner.java:66) [junit-4.13.jar:4.13]
	at org.junit.runners.ParentRunner$2.evaluate(ParentRunner.java:293) [junit-4.13.jar:4.13]
	at org.junit.runners.ParentRunner.run(ParentRunner.java:413) [junit-4.13.jar:4.13]
	at org.junit.runners.Suite.runChild(Suite.java:128) [junit-4.13.jar:4.13]
	at org.junit.runners.Suite.runChild(Suite.java:27) [junit-4.13.jar:4.13]
	at org.junit.runners.ParentRunner$4.run(ParentRunner.java:331) [junit-4.13.jar:4.13]
	at org.junit.runners.ParentRunner$1.schedule(ParentRunner.java:79) [junit-4.13.jar:4.13]
	at org.junit.runners.ParentRunner.runChildren(ParentRunner.java:329) [junit-4.13.jar:4.13]
	at org.junit.runners.ParentRunner.access$100(ParentRunner.java:66) [junit-4.13.jar:4.13]
	at org.junit.runners.ParentRunner$2.evaluate(ParentRunner.java:293) [junit-4.13.jar:4.13]
	at org.junit.internal.runners.statements.RunAfters.evaluate(RunAfters.java:27) [junit-4.13.jar:4.13]
	at org.junit.runners.ParentRunner$3.evaluate(ParentRunner.java:306) [junit-4.13.jar:4.13]
	at org.junit.runners.ParentRunner.run(ParentRunner.java:413) [junit-4.13.jar:4.13]
	at org.eclipse.jdt.internal.junit4.runner.JUnit4TestReference.run(JUnit4TestReference.java:93) [.cp/:?]
	at org.eclipse.jdt.internal.junit.runner.TestExecution.run(TestExecution.java:40) [.cp/:?]
	at org.eclipse.jdt.internal.junit.runner.RemoteTestRunner.runTests(RemoteTestRunner.java:530) [.cp/:?]
	at org.eclipse.jdt.internal.junit.runner.RemoteTestRunner.runTests(RemoteTestRunner.java:758) [.cp/:?]
	at org.eclipse.jdt.internal.junit.runner.RemoteTestRunner.run(RemoteTestRunner.java:453) [.cp/:?]
	at org.eclipse.jdt.internal.junit.runner.RemoteTestRunner.main(RemoteTestRunner.java:211) [.cp/:?]
2025-12-30 03:23:41 INFO  === END   tests.productCardsTests.ProductCardElementsTests.cardValidation[Exp#19 [f1=2, f2=3, f3=3, f4=2, f5=1, f6=1, f7=1, f8=2]] ===
2025-12-30 03:23:41 INFO  === START tests.productCardsTests.ProductCardElementsTests.cardValidation[Exp#20 [f1=2, f2=3, f3=3, f4=3, f5=3, f6=3, f7=3, f8=3]] ===
2025-12-30 03:23:41 INFO  STEP: 📝 New input: Filling form fields.
2025-12-30 03:23:45 INFO  STEP: Card nuber 1 have a Thumbnail
2025-12-30 03:23:45 INFO  STEP: Card nuber 1 have a Title: Samsung Galaxy Tab White
2025-12-30 03:23:45 INFO  STEP: Card nuber 1 have a Description: The Samsung Galaxy Tab in White is a sleek and versatile Android tablet. With a vibrant display, long-lasting battery, and a range of features, it offers a great user experience for various tasks.
2025-12-30 03:23:45 INFO  STEP: Card nuber 1 have a Price: 349.99
2025-12-30 03:23:45 INFO  STEP: Card nuber 1 have a Rating: 3.7
2025-12-30 03:23:45 INFO  STEP PASS: Card nuber 1 dont have a Additional Images Button
2025-12-30 03:23:45 ERROR STEP FAIL: Card #1 should have all the components
2025-12-30 03:23:45 ERROR === FAIL  tests.productCardsTests.ProductCardElementsTests.cardValidation[Exp#20 [f1=2, f2=3, f3=3, f4=3, f5=3, f6=3, f7=3, f8=3]] ===
java.lang.AssertionError: Card #1 should have all the components
	at org.junit.Assert.fail(Assert.java:89) ~[junit-4.13.jar:4.13]
	at org.junit.Assert.assertTrue(Assert.java:42) ~[junit-4.13.jar:4.13]
	at tests.BaseTest.checkTrue(BaseTest.java:92) ~[test-classes/:?]
	at tests.productCardsTests.ProductCardElementsTests.cardValidation(ProductCardElementsTests.java:61) ~[test-classes/:?]
	at jdk.internal.reflect.DirectMethodHandleAccessor.invoke(DirectMethodHandleAccessor.java:103) ~[?:?]
	at java.lang.reflect.Method.invoke(Method.java:580) ~[?:?]
	at org.junit.runners.model.FrameworkMethod$1.runReflectiveCall(FrameworkMethod.java:59) ~[junit-4.13.jar:4.13]
	at org.junit.internal.runners.model.ReflectiveCallable.run(ReflectiveCallable.java:12) ~[junit-4.13.jar:4.13]
	at org.junit.runners.model.FrameworkMethod.invokeExplosively(FrameworkMethod.java:56) ~[junit-4.13.jar:4.13]
	at org.junit.internal.runners.statements.InvokeMethod.evaluate(InvokeMethod.java:17) ~[junit-4.13.jar:4.13]
	at org.junit.internal.runners.statements.RunBefores.evaluate(RunBefores.java:26) ~[junit-4.13.jar:4.13]
	at org.junit.internal.runners.statements.RunAfters.evaluate(RunAfters.java:27) ~[junit-4.13.jar:4.13]
	at org.junit.rules.TestWatcher$1.evaluate(TestWatcher.java:61) [junit-4.13.jar:4.13]
	at org.junit.runners.ParentRunner$3.evaluate(ParentRunner.java:306) [junit-4.13.jar:4.13]
	at org.junit.runners.BlockJUnit4ClassRunner$1.evaluate(BlockJUnit4ClassRunner.java:100) [junit-4.13.jar:4.13]
	at org.junit.runners.ParentRunner.runLeaf(ParentRunner.java:366) [junit-4.13.jar:4.13]
	at org.junit.runners.BlockJUnit4ClassRunner.runChild(BlockJUnit4ClassRunner.java:103) [junit-4.13.jar:4.13]
	at org.junit.runners.BlockJUnit4ClassRunner.runChild(BlockJUnit4ClassRunner.java:63) [junit-4.13.jar:4.13]
	at org.junit.runners.ParentRunner$4.run(ParentRunner.java:331) [junit-4.13.jar:4.13]
	at org.junit.runners.ParentRunner$1.schedule(ParentRunner.java:79) [junit-4.13.jar:4.13]
	at org.junit.runners.ParentRunner.runChildren(ParentRunner.java:329) [junit-4.13.jar:4.13]
	at org.junit.runners.ParentRunner.access$100(ParentRunner.java:66) [junit-4.13.jar:4.13]
	at org.junit.runners.ParentRunner$2.evaluate(ParentRunner.java:293) [junit-4.13.jar:4.13]
	at org.junit.runners.ParentRunner.run(ParentRunner.java:413) [junit-4.13.jar:4.13]
	at org.junit.runners.Suite.runChild(Suite.java:128) [junit-4.13.jar:4.13]
	at org.junit.runners.Suite.runChild(Suite.java:27) [junit-4.13.jar:4.13]
	at org.junit.runners.ParentRunner$4.run(ParentRunner.java:331) [junit-4.13.jar:4.13]
	at org.junit.runners.ParentRunner$1.schedule(ParentRunner.java:79) [junit-4.13.jar:4.13]
	at org.junit.runners.ParentRunner.runChildren(ParentRunner.java:329) [junit-4.13.jar:4.13]
	at org.junit.runners.ParentRunner.access$100(ParentRunner.java:66) [junit-4.13.jar:4.13]
	at org.junit.runners.ParentRunner$2.evaluate(ParentRunner.java:293) [junit-4.13.jar:4.13]
	at org.junit.internal.runners.statements.RunAfters.evaluate(RunAfters.java:27) [junit-4.13.jar:4.13]
	at org.junit.runners.ParentRunner$3.evaluate(ParentRunner.java:306) [junit-4.13.jar:4.13]
	at org.junit.runners.ParentRunner.run(ParentRunner.java:413) [junit-4.13.jar:4.13]
	at org.eclipse.jdt.internal.junit4.runner.JUnit4TestReference.run(JUnit4TestReference.java:93) [.cp/:?]
	at org.eclipse.jdt.internal.junit.runner.TestExecution.run(TestExecution.java:40) [.cp/:?]
	at org.eclipse.jdt.internal.junit.runner.RemoteTestRunner.runTests(RemoteTestRunner.java:530) [.cp/:?]
	at org.eclipse.jdt.internal.junit.runner.RemoteTestRunner.runTests(RemoteTestRunner.java:758) [.cp/:?]
	at org.eclipse.jdt.internal.junit.runner.RemoteTestRunner.run(RemoteTestRunner.java:453) [.cp/:?]
	at org.eclipse.jdt.internal.junit.runner.RemoteTestRunner.main(RemoteTestRunner.java:211) [.cp/:?]
2025-12-30 03:23:45 INFO  === END   tests.productCardsTests.ProductCardElementsTests.cardValidation[Exp#20 [f1=2, f2=3, f3=3, f4=3, f5=3, f6=3, f7=3, f8=3]] ===
2025-12-30 03:27:16 INFO  === START tests.productCardsTests.ProductCardElementsTests.cardValidation[Exp#1 [f1=1, f2=1, f3=1, f4=1, f5=1, f6=1, f7=1, f8=1]] ===
2025-12-30 03:27:18 INFO  STEP: 📝 New input: Filling form fields.
2025-12-30 03:27:25 INFO  STEP: Card nuber 1 have a Thumbnail
2025-12-30 03:27:25 INFO  STEP: Card nuber 1 have a Title: Green and Black Glasses
2025-12-30 03:27:25 INFO  STEP: Card nuber 1 have a Description: The Green and Black Glasses feature a bold combination of green and black colors, adding a touch of vibrancy to your eyewear collection. They are both stylish and eye-catching.
2025-12-30 03:27:25 INFO  STEP: Card nuber 1 have a Price: 34.99
2025-12-30 03:27:25 INFO  STEP PASS: Card nuber 1 should have Rating (card's rating: 4.5
2025-12-30 03:27:25 INFO  STEP PASS: Card nuber 1 dont have a Additional Images Button
2025-12-30 03:27:25 ERROR STEP FAIL: Card #1 should have all the components
2025-12-30 03:27:25 ERROR === FAIL  tests.productCardsTests.ProductCardElementsTests.cardValidation[Exp#1 [f1=1, f2=1, f3=1, f4=1, f5=1, f6=1, f7=1, f8=1]] ===
java.lang.AssertionError: Card #1 should have all the components
	at org.junit.Assert.fail(Assert.java:89) ~[junit-4.13.jar:4.13]
	at org.junit.Assert.assertTrue(Assert.java:42) ~[junit-4.13.jar:4.13]
	at tests.BaseTest.checkTrue(BaseTest.java:92) ~[test-classes/:?]
	at tests.productCardsTests.ProductCardElementsTests.cardValidation(ProductCardElementsTests.java:61) ~[test-classes/:?]
	at jdk.internal.reflect.DirectMethodHandleAccessor.invoke(DirectMethodHandleAccessor.java:103) ~[?:?]
	at java.lang.reflect.Method.invoke(Method.java:580) ~[?:?]
	at org.junit.runners.model.FrameworkMethod$1.runReflectiveCall(FrameworkMethod.java:59) ~[junit-4.13.jar:4.13]
	at org.junit.internal.runners.model.ReflectiveCallable.run(ReflectiveCallable.java:12) ~[junit-4.13.jar:4.13]
	at org.junit.runners.model.FrameworkMethod.invokeExplosively(FrameworkMethod.java:56) ~[junit-4.13.jar:4.13]
	at org.junit.internal.runners.statements.InvokeMethod.evaluate(InvokeMethod.java:17) ~[junit-4.13.jar:4.13]
	at org.junit.internal.runners.statements.RunBefores.evaluate(RunBefores.java:26) ~[junit-4.13.jar:4.13]
	at org.junit.internal.runners.statements.RunAfters.evaluate(RunAfters.java:27) ~[junit-4.13.jar:4.13]
	at org.junit.rules.TestWatcher$1.evaluate(TestWatcher.java:61) [junit-4.13.jar:4.13]
	at org.junit.runners.ParentRunner$3.evaluate(ParentRunner.java:306) [junit-4.13.jar:4.13]
	at org.junit.runners.BlockJUnit4ClassRunner$1.evaluate(BlockJUnit4ClassRunner.java:100) [junit-4.13.jar:4.13]
	at org.junit.runners.ParentRunner.runLeaf(ParentRunner.java:366) [junit-4.13.jar:4.13]
	at org.junit.runners.BlockJUnit4ClassRunner.runChild(BlockJUnit4ClassRunner.java:103) [junit-4.13.jar:4.13]
	at org.junit.runners.BlockJUnit4ClassRunner.runChild(BlockJUnit4ClassRunner.java:63) [junit-4.13.jar:4.13]
	at org.junit.runners.ParentRunner$4.run(ParentRunner.java:331) [junit-4.13.jar:4.13]
	at org.junit.runners.ParentRunner$1.schedule(ParentRunner.java:79) [junit-4.13.jar:4.13]
	at org.junit.runners.ParentRunner.runChildren(ParentRunner.java:329) [junit-4.13.jar:4.13]
	at org.junit.runners.ParentRunner.access$100(ParentRunner.java:66) [junit-4.13.jar:4.13]
	at org.junit.runners.ParentRunner$2.evaluate(ParentRunner.java:293) [junit-4.13.jar:4.13]
	at org.junit.runners.ParentRunner.run(ParentRunner.java:413) [junit-4.13.jar:4.13]
	at org.junit.runners.Suite.runChild(Suite.java:128) [junit-4.13.jar:4.13]
	at org.junit.runners.Suite.runChild(Suite.java:27) [junit-4.13.jar:4.13]
	at org.junit.runners.ParentRunner$4.run(ParentRunner.java:331) [junit-4.13.jar:4.13]
	at org.junit.runners.ParentRunner$1.schedule(ParentRunner.java:79) [junit-4.13.jar:4.13]
	at org.junit.runners.ParentRunner.runChildren(ParentRunner.java:329) [junit-4.13.jar:4.13]
	at org.junit.runners.ParentRunner.access$100(ParentRunner.java:66) [junit-4.13.jar:4.13]
	at org.junit.runners.ParentRunner$2.evaluate(ParentRunner.java:293) [junit-4.13.jar:4.13]
	at org.junit.internal.runners.statements.RunAfters.evaluate(RunAfters.java:27) [junit-4.13.jar:4.13]
	at org.junit.runners.ParentRunner$3.evaluate(ParentRunner.java:306) [junit-4.13.jar:4.13]
	at org.junit.runners.ParentRunner.run(ParentRunner.java:413) [junit-4.13.jar:4.13]
	at org.eclipse.jdt.internal.junit4.runner.JUnit4TestReference.run(JUnit4TestReference.java:93) [.cp/:?]
	at org.eclipse.jdt.internal.junit.runner.TestExecution.run(TestExecution.java:40) [.cp/:?]
	at org.eclipse.jdt.internal.junit.runner.RemoteTestRunner.runTests(RemoteTestRunner.java:530) [.cp/:?]
	at org.eclipse.jdt.internal.junit.runner.RemoteTestRunner.runTests(RemoteTestRunner.java:758) [.cp/:?]
	at org.eclipse.jdt.internal.junit.runner.RemoteTestRunner.run(RemoteTestRunner.java:453) [.cp/:?]
	at org.eclipse.jdt.internal.junit.runner.RemoteTestRunner.main(RemoteTestRunner.java:211) [.cp/:?]
2025-12-30 03:27:25 INFO  === END   tests.productCardsTests.ProductCardElementsTests.cardValidation[Exp#1 [f1=1, f2=1, f3=1, f4=1, f5=1, f6=1, f7=1, f8=1]] ===
2025-12-30 03:27:25 INFO  === START tests.productCardsTests.ProductCardElementsTests.cardValidation[Exp#2 [f1=1, f2=1, f3=2, f4=2, f5=2, f6=2, f7=2, f8=2]] ===
2025-12-30 03:27:25 INFO  STEP: 📝 New input: Filling form fields.
2025-12-30 03:27:29 INFO  STEP: Card nuber 1 have a Thumbnail
2025-12-30 03:27:29 INFO  STEP: Card nuber 1 have a Title: Black Aluminium Cup
2025-12-30 03:27:29 INFO  STEP: Card nuber 1 have a Description: The Black Aluminium Cup is a stylish and durable cup suitable for both hot and cold beverages. Its sleek black design adds a modern touch to your drinkware collection.
2025-12-30 03:27:29 INFO  STEP: Card nuber 1 have a Price: 5.99
2025-12-30 03:27:29 INFO  STEP PASS: Card nuber 1 should have Rating (card's rating: 4.5
2025-12-30 03:27:29 INFO  STEP PASS: Card nuber 1 dont have a Additional Images Button
2025-12-30 03:27:29 ERROR STEP FAIL: Card #1 should have all the components
2025-12-30 03:27:29 ERROR === FAIL  tests.productCardsTests.ProductCardElementsTests.cardValidation[Exp#2 [f1=1, f2=1, f3=2, f4=2, f5=2, f6=2, f7=2, f8=2]] ===
java.lang.AssertionError: Card #1 should have all the components
	at org.junit.Assert.fail(Assert.java:89) ~[junit-4.13.jar:4.13]
	at org.junit.Assert.assertTrue(Assert.java:42) ~[junit-4.13.jar:4.13]
	at tests.BaseTest.checkTrue(BaseTest.java:92) ~[test-classes/:?]
	at tests.productCardsTests.ProductCardElementsTests.cardValidation(ProductCardElementsTests.java:61) ~[test-classes/:?]
	at jdk.internal.reflect.DirectMethodHandleAccessor.invoke(DirectMethodHandleAccessor.java:103) ~[?:?]
	at java.lang.reflect.Method.invoke(Method.java:580) ~[?:?]
	at org.junit.runners.model.FrameworkMethod$1.runReflectiveCall(FrameworkMethod.java:59) ~[junit-4.13.jar:4.13]
	at org.junit.internal.runners.model.ReflectiveCallable.run(ReflectiveCallable.java:12) ~[junit-4.13.jar:4.13]
	at org.junit.runners.model.FrameworkMethod.invokeExplosively(FrameworkMethod.java:56) ~[junit-4.13.jar:4.13]
	at org.junit.internal.runners.statements.InvokeMethod.evaluate(InvokeMethod.java:17) ~[junit-4.13.jar:4.13]
	at org.junit.internal.runners.statements.RunBefores.evaluate(RunBefores.java:26) ~[junit-4.13.jar:4.13]
	at org.junit.internal.runners.statements.RunAfters.evaluate(RunAfters.java:27) ~[junit-4.13.jar:4.13]
	at org.junit.rules.TestWatcher$1.evaluate(TestWatcher.java:61) [junit-4.13.jar:4.13]
	at org.junit.runners.ParentRunner$3.evaluate(ParentRunner.java:306) [junit-4.13.jar:4.13]
	at org.junit.runners.BlockJUnit4ClassRunner$1.evaluate(BlockJUnit4ClassRunner.java:100) [junit-4.13.jar:4.13]
	at org.junit.runners.ParentRunner.runLeaf(ParentRunner.java:366) [junit-4.13.jar:4.13]
	at org.junit.runners.BlockJUnit4ClassRunner.runChild(BlockJUnit4ClassRunner.java:103) [junit-4.13.jar:4.13]
	at org.junit.runners.BlockJUnit4ClassRunner.runChild(BlockJUnit4ClassRunner.java:63) [junit-4.13.jar:4.13]
	at org.junit.runners.ParentRunner$4.run(ParentRunner.java:331) [junit-4.13.jar:4.13]
	at org.junit.runners.ParentRunner$1.schedule(ParentRunner.java:79) [junit-4.13.jar:4.13]
	at org.junit.runners.ParentRunner.runChildren(ParentRunner.java:329) [junit-4.13.jar:4.13]
	at org.junit.runners.ParentRunner.access$100(ParentRunner.java:66) [junit-4.13.jar:4.13]
	at org.junit.runners.ParentRunner$2.evaluate(ParentRunner.java:293) [junit-4.13.jar:4.13]
	at org.junit.runners.ParentRunner.run(ParentRunner.java:413) [junit-4.13.jar:4.13]
	at org.junit.runners.Suite.runChild(Suite.java:128) [junit-4.13.jar:4.13]
	at org.junit.runners.Suite.runChild(Suite.java:27) [junit-4.13.jar:4.13]
	at org.junit.runners.ParentRunner$4.run(ParentRunner.java:331) [junit-4.13.jar:4.13]
	at org.junit.runners.ParentRunner$1.schedule(ParentRunner.java:79) [junit-4.13.jar:4.13]
	at org.junit.runners.ParentRunner.runChildren(ParentRunner.java:329) [junit-4.13.jar:4.13]
	at org.junit.runners.ParentRunner.access$100(ParentRunner.java:66) [junit-4.13.jar:4.13]
	at org.junit.runners.ParentRunner$2.evaluate(ParentRunner.java:293) [junit-4.13.jar:4.13]
	at org.junit.internal.runners.statements.RunAfters.evaluate(RunAfters.java:27) [junit-4.13.jar:4.13]
	at org.junit.runners.ParentRunner$3.evaluate(ParentRunner.java:306) [junit-4.13.jar:4.13]
	at org.junit.runners.ParentRunner.run(ParentRunner.java:413) [junit-4.13.jar:4.13]
	at org.eclipse.jdt.internal.junit4.runner.JUnit4TestReference.run(JUnit4TestReference.java:93) [.cp/:?]
	at org.eclipse.jdt.internal.junit.runner.TestExecution.run(TestExecution.java:40) [.cp/:?]
	at org.eclipse.jdt.internal.junit.runner.RemoteTestRunner.runTests(RemoteTestRunner.java:530) [.cp/:?]
	at org.eclipse.jdt.internal.junit.runner.RemoteTestRunner.runTests(RemoteTestRunner.java:758) [.cp/:?]
	at org.eclipse.jdt.internal.junit.runner.RemoteTestRunner.run(RemoteTestRunner.java:453) [.cp/:?]
	at org.eclipse.jdt.internal.junit.runner.RemoteTestRunner.main(RemoteTestRunner.java:211) [.cp/:?]
2025-12-30 03:27:29 INFO  === END   tests.productCardsTests.ProductCardElementsTests.cardValidation[Exp#2 [f1=1, f2=1, f3=2, f4=2, f5=2, f6=2, f7=2, f8=2]] ===
2025-12-30 03:27:29 INFO  === START tests.productCardsTests.ProductCardElementsTests.cardValidation[Exp#3 [f1=1, f2=1, f3=3, f4=3, f5=3, f6=3, f7=3, f8=3]] ===
2025-12-30 03:27:29 INFO  STEP: 📝 New input: Filling form fields.
2025-12-30 03:27:32 INFO  STEP: Card nuber 1 have a Thumbnail
2025-12-30 03:27:32 INFO  STEP: Card nuber 1 have a Title: Samsung Galaxy Tab White
2025-12-30 03:27:32 INFO  STEP: Card nuber 1 have a Description: The Samsung Galaxy Tab in White is a sleek and versatile Android tablet. With a vibrant display, long-lasting battery, and a range of features, it offers a great user experience for various tasks.
2025-12-30 03:27:32 INFO  STEP: Card nuber 1 have a Price: 349.99
2025-12-30 03:27:33 INFO  STEP PASS: Card nuber 1 should have Rating (card's rating: 3.7
2025-12-30 03:27:33 INFO  STEP PASS: Card nuber 1 dont have a Additional Images Button
2025-12-30 03:27:33 ERROR STEP FAIL: Card #1 should have all the components
2025-12-30 03:27:33 ERROR === FAIL  tests.productCardsTests.ProductCardElementsTests.cardValidation[Exp#3 [f1=1, f2=1, f3=3, f4=3, f5=3, f6=3, f7=3, f8=3]] ===
java.lang.AssertionError: Card #1 should have all the components
	at org.junit.Assert.fail(Assert.java:89) ~[junit-4.13.jar:4.13]
	at org.junit.Assert.assertTrue(Assert.java:42) ~[junit-4.13.jar:4.13]
	at tests.BaseTest.checkTrue(BaseTest.java:92) ~[test-classes/:?]
	at tests.productCardsTests.ProductCardElementsTests.cardValidation(ProductCardElementsTests.java:61) ~[test-classes/:?]
	at jdk.internal.reflect.DirectMethodHandleAccessor.invoke(DirectMethodHandleAccessor.java:103) ~[?:?]
	at java.lang.reflect.Method.invoke(Method.java:580) ~[?:?]
	at org.junit.runners.model.FrameworkMethod$1.runReflectiveCall(FrameworkMethod.java:59) ~[junit-4.13.jar:4.13]
	at org.junit.internal.runners.model.ReflectiveCallable.run(ReflectiveCallable.java:12) ~[junit-4.13.jar:4.13]
	at org.junit.runners.model.FrameworkMethod.invokeExplosively(FrameworkMethod.java:56) ~[junit-4.13.jar:4.13]
	at org.junit.internal.runners.statements.InvokeMethod.evaluate(InvokeMethod.java:17) ~[junit-4.13.jar:4.13]
	at org.junit.internal.runners.statements.RunBefores.evaluate(RunBefores.java:26) ~[junit-4.13.jar:4.13]
	at org.junit.internal.runners.statements.RunAfters.evaluate(RunAfters.java:27) ~[junit-4.13.jar:4.13]
	at org.junit.rules.TestWatcher$1.evaluate(TestWatcher.java:61) [junit-4.13.jar:4.13]
	at org.junit.runners.ParentRunner$3.evaluate(ParentRunner.java:306) [junit-4.13.jar:4.13]
	at org.junit.runners.BlockJUnit4ClassRunner$1.evaluate(BlockJUnit4ClassRunner.java:100) [junit-4.13.jar:4.13]
	at org.junit.runners.ParentRunner.runLeaf(ParentRunner.java:366) [junit-4.13.jar:4.13]
	at org.junit.runners.BlockJUnit4ClassRunner.runChild(BlockJUnit4ClassRunner.java:103) [junit-4.13.jar:4.13]
	at org.junit.runners.BlockJUnit4ClassRunner.runChild(BlockJUnit4ClassRunner.java:63) [junit-4.13.jar:4.13]
	at org.junit.runners.ParentRunner$4.run(ParentRunner.java:331) [junit-4.13.jar:4.13]
	at org.junit.runners.ParentRunner$1.schedule(ParentRunner.java:79) [junit-4.13.jar:4.13]
	at org.junit.runners.ParentRunner.runChildren(ParentRunner.java:329) [junit-4.13.jar:4.13]
	at org.junit.runners.ParentRunner.access$100(ParentRunner.java:66) [junit-4.13.jar:4.13]
	at org.junit.runners.ParentRunner$2.evaluate(ParentRunner.java:293) [junit-4.13.jar:4.13]
	at org.junit.runners.ParentRunner.run(ParentRunner.java:413) [junit-4.13.jar:4.13]
	at org.junit.runners.Suite.runChild(Suite.java:128) [junit-4.13.jar:4.13]
	at org.junit.runners.Suite.runChild(Suite.java:27) [junit-4.13.jar:4.13]
	at org.junit.runners.ParentRunner$4.run(ParentRunner.java:331) [junit-4.13.jar:4.13]
	at org.junit.runners.ParentRunner$1.schedule(ParentRunner.java:79) [junit-4.13.jar:4.13]
	at org.junit.runners.ParentRunner.runChildren(ParentRunner.java:329) [junit-4.13.jar:4.13]
	at org.junit.runners.ParentRunner.access$100(ParentRunner.java:66) [junit-4.13.jar:4.13]
	at org.junit.runners.ParentRunner$2.evaluate(ParentRunner.java:293) [junit-4.13.jar:4.13]
	at org.junit.internal.runners.statements.RunAfters.evaluate(RunAfters.java:27) [junit-4.13.jar:4.13]
	at org.junit.runners.ParentRunner$3.evaluate(ParentRunner.java:306) [junit-4.13.jar:4.13]
	at org.junit.runners.ParentRunner.run(ParentRunner.java:413) [junit-4.13.jar:4.13]
	at org.eclipse.jdt.internal.junit4.runner.JUnit4TestReference.run(JUnit4TestReference.java:93) [.cp/:?]
	at org.eclipse.jdt.internal.junit.runner.TestExecution.run(TestExecution.java:40) [.cp/:?]
	at org.eclipse.jdt.internal.junit.runner.RemoteTestRunner.runTests(RemoteTestRunner.java:530) [.cp/:?]
	at org.eclipse.jdt.internal.junit.runner.RemoteTestRunner.runTests(RemoteTestRunner.java:758) [.cp/:?]
	at org.eclipse.jdt.internal.junit.runner.RemoteTestRunner.run(RemoteTestRunner.java:453) [.cp/:?]
	at org.eclipse.jdt.internal.junit.runner.RemoteTestRunner.main(RemoteTestRunner.java:211) [.cp/:?]
2025-12-30 03:27:33 INFO  === END   tests.productCardsTests.ProductCardElementsTests.cardValidation[Exp#3 [f1=1, f2=1, f3=3, f4=3, f5=3, f6=3, f7=3, f8=3]] ===
2025-12-30 03:27:33 INFO  === START tests.productCardsTests.ProductCardElementsTests.cardValidation[Exp#4 [f1=1, f2=2, f3=1, f4=1, f5=2, f6=2, f7=3, f8=3]] ===
2025-12-30 03:27:33 INFO  STEP: 📝 New input: Filling form fields.
2025-12-30 03:27:36 INFO  STEP: Card nuber 1 have a Thumbnail
2025-12-30 03:27:36 INFO  STEP: Card nuber 1 have a Title: Plant Pot
2025-12-30 03:27:36 INFO  STEP: Card nuber 1 have a Description: The Plant Pot is a stylish container for your favorite plants. With a sleek design, it complements your indoor or outdoor garden, adding a modern touch to your plant display.
2025-12-30 03:27:36 INFO  STEP: Card nuber 1 have a Price: 14.99
2025-12-30 03:27:36 INFO  STEP PASS: Card nuber 1 should have Rating (card's rating: 3.0
2025-12-30 03:27:36 INFO  STEP PASS: Card nuber 1 dont have a Additional Images Button
2025-12-30 03:27:36 ERROR STEP FAIL: Card #1 should have all the components
2025-12-30 03:27:36 ERROR === FAIL  tests.productCardsTests.ProductCardElementsTests.cardValidation[Exp#4 [f1=1, f2=2, f3=1, f4=1, f5=2, f6=2, f7=3, f8=3]] ===
java.lang.AssertionError: Card #1 should have all the components
	at org.junit.Assert.fail(Assert.java:89) ~[junit-4.13.jar:4.13]
	at org.junit.Assert.assertTrue(Assert.java:42) ~[junit-4.13.jar:4.13]
	at tests.BaseTest.checkTrue(BaseTest.java:92) ~[test-classes/:?]
	at tests.productCardsTests.ProductCardElementsTests.cardValidation(ProductCardElementsTests.java:61) ~[test-classes/:?]
	at jdk.internal.reflect.DirectMethodHandleAccessor.invoke(DirectMethodHandleAccessor.java:103) ~[?:?]
	at java.lang.reflect.Method.invoke(Method.java:580) ~[?:?]
	at org.junit.runners.model.FrameworkMethod$1.runReflectiveCall(FrameworkMethod.java:59) ~[junit-4.13.jar:4.13]
	at org.junit.internal.runners.model.ReflectiveCallable.run(ReflectiveCallable.java:12) ~[junit-4.13.jar:4.13]
	at org.junit.runners.model.FrameworkMethod.invokeExplosively(FrameworkMethod.java:56) ~[junit-4.13.jar:4.13]
	at org.junit.internal.runners.statements.InvokeMethod.evaluate(InvokeMethod.java:17) ~[junit-4.13.jar:4.13]
	at org.junit.internal.runners.statements.RunBefores.evaluate(RunBefores.java:26) ~[junit-4.13.jar:4.13]
	at org.junit.internal.runners.statements.RunAfters.evaluate(RunAfters.java:27) ~[junit-4.13.jar:4.13]
	at org.junit.rules.TestWatcher$1.evaluate(TestWatcher.java:61) [junit-4.13.jar:4.13]
	at org.junit.runners.ParentRunner$3.evaluate(ParentRunner.java:306) [junit-4.13.jar:4.13]
	at org.junit.runners.BlockJUnit4ClassRunner$1.evaluate(BlockJUnit4ClassRunner.java:100) [junit-4.13.jar:4.13]
	at org.junit.runners.ParentRunner.runLeaf(ParentRunner.java:366) [junit-4.13.jar:4.13]
	at org.junit.runners.BlockJUnit4ClassRunner.runChild(BlockJUnit4ClassRunner.java:103) [junit-4.13.jar:4.13]
	at org.junit.runners.BlockJUnit4ClassRunner.runChild(BlockJUnit4ClassRunner.java:63) [junit-4.13.jar:4.13]
	at org.junit.runners.ParentRunner$4.run(ParentRunner.java:331) [junit-4.13.jar:4.13]
	at org.junit.runners.ParentRunner$1.schedule(ParentRunner.java:79) [junit-4.13.jar:4.13]
	at org.junit.runners.ParentRunner.runChildren(ParentRunner.java:329) [junit-4.13.jar:4.13]
	at org.junit.runners.ParentRunner.access$100(ParentRunner.java:66) [junit-4.13.jar:4.13]
	at org.junit.runners.ParentRunner$2.evaluate(ParentRunner.java:293) [junit-4.13.jar:4.13]
	at org.junit.runners.ParentRunner.run(ParentRunner.java:413) [junit-4.13.jar:4.13]
	at org.junit.runners.Suite.runChild(Suite.java:128) [junit-4.13.jar:4.13]
	at org.junit.runners.Suite.runChild(Suite.java:27) [junit-4.13.jar:4.13]
	at org.junit.runners.ParentRunner$4.run(ParentRunner.java:331) [junit-4.13.jar:4.13]
	at org.junit.runners.ParentRunner$1.schedule(ParentRunner.java:79) [junit-4.13.jar:4.13]
	at org.junit.runners.ParentRunner.runChildren(ParentRunner.java:329) [junit-4.13.jar:4.13]
	at org.junit.runners.ParentRunner.access$100(ParentRunner.java:66) [junit-4.13.jar:4.13]
	at org.junit.runners.ParentRunner$2.evaluate(ParentRunner.java:293) [junit-4.13.jar:4.13]
	at org.junit.internal.runners.statements.RunAfters.evaluate(RunAfters.java:27) [junit-4.13.jar:4.13]
	at org.junit.runners.ParentRunner$3.evaluate(ParentRunner.java:306) [junit-4.13.jar:4.13]
	at org.junit.runners.ParentRunner.run(ParentRunner.java:413) [junit-4.13.jar:4.13]
	at org.eclipse.jdt.internal.junit4.runner.JUnit4TestReference.run(JUnit4TestReference.java:93) [.cp/:?]
	at org.eclipse.jdt.internal.junit.runner.TestExecution.run(TestExecution.java:40) [.cp/:?]
	at org.eclipse.jdt.internal.junit.runner.RemoteTestRunner.runTests(RemoteTestRunner.java:530) [.cp/:?]
	at org.eclipse.jdt.internal.junit.runner.RemoteTestRunner.runTests(RemoteTestRunner.java:758) [.cp/:?]
	at org.eclipse.jdt.internal.junit.runner.RemoteTestRunner.run(RemoteTestRunner.java:453) [.cp/:?]
	at org.eclipse.jdt.internal.junit.runner.RemoteTestRunner.main(RemoteTestRunner.java:211) [.cp/:?]
2025-12-30 03:27:36 INFO  === END   tests.productCardsTests.ProductCardElementsTests.cardValidation[Exp#4 [f1=1, f2=2, f3=1, f4=1, f5=2, f6=2, f7=3, f8=3]] ===
2025-12-30 03:27:36 INFO  === START tests.productCardsTests.ProductCardElementsTests.cardValidation[Exp#5 [f1=1, f2=2, f3=2, f4=2, f5=3, f6=3, f7=1, f8=1]] ===
2025-12-30 03:27:36 INFO  STEP: 📝 New input: Filling form fields.
2025-12-30 03:27:39 INFO  STEP: Card nuber 1 have a Thumbnail
2025-12-30 03:27:39 INFO  STEP: Card nuber 1 have a Title: Black Aluminium Cup
2025-12-30 03:27:39 INFO  STEP: Card nuber 1 have a Description: The Black Aluminium Cup is a stylish and durable cup suitable for both hot and cold beverages. Its sleek black design adds a modern touch to your drinkware collection.
2025-12-30 03:27:39 INFO  STEP: Card nuber 1 have a Price: 5.99
2025-12-30 03:27:40 INFO  STEP PASS: Card nuber 1 should have Rating (card's rating: 4.5
2025-12-30 03:27:40 INFO  STEP PASS: Card nuber 1 dont have a Additional Images Button
2025-12-30 03:27:40 ERROR STEP FAIL: Card #1 should have all the components
2025-12-30 03:27:40 ERROR === FAIL  tests.productCardsTests.ProductCardElementsTests.cardValidation[Exp#5 [f1=1, f2=2, f3=2, f4=2, f5=3, f6=3, f7=1, f8=1]] ===
java.lang.AssertionError: Card #1 should have all the components
	at org.junit.Assert.fail(Assert.java:89) ~[junit-4.13.jar:4.13]
	at org.junit.Assert.assertTrue(Assert.java:42) ~[junit-4.13.jar:4.13]
	at tests.BaseTest.checkTrue(BaseTest.java:92) ~[test-classes/:?]
	at tests.productCardsTests.ProductCardElementsTests.cardValidation(ProductCardElementsTests.java:61) ~[test-classes/:?]
	at jdk.internal.reflect.DirectMethodHandleAccessor.invoke(DirectMethodHandleAccessor.java:103) ~[?:?]
	at java.lang.reflect.Method.invoke(Method.java:580) ~[?:?]
	at org.junit.runners.model.FrameworkMethod$1.runReflectiveCall(FrameworkMethod.java:59) ~[junit-4.13.jar:4.13]
	at org.junit.internal.runners.model.ReflectiveCallable.run(ReflectiveCallable.java:12) ~[junit-4.13.jar:4.13]
	at org.junit.runners.model.FrameworkMethod.invokeExplosively(FrameworkMethod.java:56) ~[junit-4.13.jar:4.13]
	at org.junit.internal.runners.statements.InvokeMethod.evaluate(InvokeMethod.java:17) ~[junit-4.13.jar:4.13]
	at org.junit.internal.runners.statements.RunBefores.evaluate(RunBefores.java:26) ~[junit-4.13.jar:4.13]
	at org.junit.internal.runners.statements.RunAfters.evaluate(RunAfters.java:27) ~[junit-4.13.jar:4.13]
	at org.junit.rules.TestWatcher$1.evaluate(TestWatcher.java:61) [junit-4.13.jar:4.13]
	at org.junit.runners.ParentRunner$3.evaluate(ParentRunner.java:306) [junit-4.13.jar:4.13]
	at org.junit.runners.BlockJUnit4ClassRunner$1.evaluate(BlockJUnit4ClassRunner.java:100) [junit-4.13.jar:4.13]
	at org.junit.runners.ParentRunner.runLeaf(ParentRunner.java:366) [junit-4.13.jar:4.13]
	at org.junit.runners.BlockJUnit4ClassRunner.runChild(BlockJUnit4ClassRunner.java:103) [junit-4.13.jar:4.13]
	at org.junit.runners.BlockJUnit4ClassRunner.runChild(BlockJUnit4ClassRunner.java:63) [junit-4.13.jar:4.13]
	at org.junit.runners.ParentRunner$4.run(ParentRunner.java:331) [junit-4.13.jar:4.13]
	at org.junit.runners.ParentRunner$1.schedule(ParentRunner.java:79) [junit-4.13.jar:4.13]
	at org.junit.runners.ParentRunner.runChildren(ParentRunner.java:329) [junit-4.13.jar:4.13]
	at org.junit.runners.ParentRunner.access$100(ParentRunner.java:66) [junit-4.13.jar:4.13]
	at org.junit.runners.ParentRunner$2.evaluate(ParentRunner.java:293) [junit-4.13.jar:4.13]
	at org.junit.runners.ParentRunner.run(ParentRunner.java:413) [junit-4.13.jar:4.13]
	at org.junit.runners.Suite.runChild(Suite.java:128) [junit-4.13.jar:4.13]
	at org.junit.runners.Suite.runChild(Suite.java:27) [junit-4.13.jar:4.13]
	at org.junit.runners.ParentRunner$4.run(ParentRunner.java:331) [junit-4.13.jar:4.13]
	at org.junit.runners.ParentRunner$1.schedule(ParentRunner.java:79) [junit-4.13.jar:4.13]
	at org.junit.runners.ParentRunner.runChildren(ParentRunner.java:329) [junit-4.13.jar:4.13]
	at org.junit.runners.ParentRunner.access$100(ParentRunner.java:66) [junit-4.13.jar:4.13]
	at org.junit.runners.ParentRunner$2.evaluate(ParentRunner.java:293) [junit-4.13.jar:4.13]
	at org.junit.internal.runners.statements.RunAfters.evaluate(RunAfters.java:27) [junit-4.13.jar:4.13]
	at org.junit.runners.ParentRunner$3.evaluate(ParentRunner.java:306) [junit-4.13.jar:4.13]
	at org.junit.runners.ParentRunner.run(ParentRunner.java:413) [junit-4.13.jar:4.13]
	at org.eclipse.jdt.internal.junit4.runner.JUnit4TestReference.run(JUnit4TestReference.java:93) [.cp/:?]
	at org.eclipse.jdt.internal.junit.runner.TestExecution.run(TestExecution.java:40) [.cp/:?]
	at org.eclipse.jdt.internal.junit.runner.RemoteTestRunner.runTests(RemoteTestRunner.java:530) [.cp/:?]
	at org.eclipse.jdt.internal.junit.runner.RemoteTestRunner.runTests(RemoteTestRunner.java:758) [.cp/:?]
	at org.eclipse.jdt.internal.junit.runner.RemoteTestRunner.run(RemoteTestRunner.java:453) [.cp/:?]
	at org.eclipse.jdt.internal.junit.runner.RemoteTestRunner.main(RemoteTestRunner.java:211) [.cp/:?]
2025-12-30 03:27:40 INFO  === END   tests.productCardsTests.ProductCardElementsTests.cardValidation[Exp#5 [f1=1, f2=2, f3=2, f4=2, f5=3, f6=3, f7=1, f8=1]] ===
2025-12-30 03:27:40 INFO  === START tests.productCardsTests.ProductCardElementsTests.cardValidation[Exp#6 [f1=1, f2=2, f3=3, f4=3, f5=1, f6=1, f7=2, f8=2]] ===
2025-12-30 03:27:40 INFO  STEP: 📝 New input: Filling form fields.
2025-12-30 03:27:43 INFO  STEP: Card nuber 1 have a Thumbnail
2025-12-30 03:27:43 INFO  STEP: Card nuber 1 have a Title: Baseball Ball
2025-12-30 03:27:43 INFO  STEP: Card nuber 1 have a Description: The Baseball Ball is a standard baseball used in baseball games. It features a durable leather cover and is designed for pitching, hitting, and fielding in the game of baseball.
2025-12-30 03:27:43 INFO  STEP: Card nuber 1 have a Price: 8.99
2025-12-30 03:27:43 INFO  STEP PASS: Card nuber 1 should have Rating (card's rating: 2.6
2025-12-30 03:27:43 INFO  STEP PASS: Card nuber 1 dont have a Additional Images Button
2025-12-30 03:27:43 ERROR STEP FAIL: Card #1 should have all the components
2025-12-30 03:27:43 ERROR === FAIL  tests.productCardsTests.ProductCardElementsTests.cardValidation[Exp#6 [f1=1, f2=2, f3=3, f4=3, f5=1, f6=1, f7=2, f8=2]] ===
java.lang.AssertionError: Card #1 should have all the components
	at org.junit.Assert.fail(Assert.java:89) ~[junit-4.13.jar:4.13]
	at org.junit.Assert.assertTrue(Assert.java:42) ~[junit-4.13.jar:4.13]
	at tests.BaseTest.checkTrue(BaseTest.java:92) ~[test-classes/:?]
	at tests.productCardsTests.ProductCardElementsTests.cardValidation(ProductCardElementsTests.java:61) ~[test-classes/:?]
	at jdk.internal.reflect.DirectMethodHandleAccessor.invoke(DirectMethodHandleAccessor.java:103) ~[?:?]
	at java.lang.reflect.Method.invoke(Method.java:580) ~[?:?]
	at org.junit.runners.model.FrameworkMethod$1.runReflectiveCall(FrameworkMethod.java:59) ~[junit-4.13.jar:4.13]
	at org.junit.internal.runners.model.ReflectiveCallable.run(ReflectiveCallable.java:12) ~[junit-4.13.jar:4.13]
	at org.junit.runners.model.FrameworkMethod.invokeExplosively(FrameworkMethod.java:56) ~[junit-4.13.jar:4.13]
	at org.junit.internal.runners.statements.InvokeMethod.evaluate(InvokeMethod.java:17) ~[junit-4.13.jar:4.13]
	at org.junit.internal.runners.statements.RunBefores.evaluate(RunBefores.java:26) ~[junit-4.13.jar:4.13]
	at org.junit.internal.runners.statements.RunAfters.evaluate(RunAfters.java:27) ~[junit-4.13.jar:4.13]
	at org.junit.rules.TestWatcher$1.evaluate(TestWatcher.java:61) [junit-4.13.jar:4.13]
	at org.junit.runners.ParentRunner$3.evaluate(ParentRunner.java:306) [junit-4.13.jar:4.13]
	at org.junit.runners.BlockJUnit4ClassRunner$1.evaluate(BlockJUnit4ClassRunner.java:100) [junit-4.13.jar:4.13]
	at org.junit.runners.ParentRunner.runLeaf(ParentRunner.java:366) [junit-4.13.jar:4.13]
	at org.junit.runners.BlockJUnit4ClassRunner.runChild(BlockJUnit4ClassRunner.java:103) [junit-4.13.jar:4.13]
	at org.junit.runners.BlockJUnit4ClassRunner.runChild(BlockJUnit4ClassRunner.java:63) [junit-4.13.jar:4.13]
	at org.junit.runners.ParentRunner$4.run(ParentRunner.java:331) [junit-4.13.jar:4.13]
	at org.junit.runners.ParentRunner$1.schedule(ParentRunner.java:79) [junit-4.13.jar:4.13]
	at org.junit.runners.ParentRunner.runChildren(ParentRunner.java:329) [junit-4.13.jar:4.13]
	at org.junit.runners.ParentRunner.access$100(ParentRunner.java:66) [junit-4.13.jar:4.13]
	at org.junit.runners.ParentRunner$2.evaluate(ParentRunner.java:293) [junit-4.13.jar:4.13]
	at org.junit.runners.ParentRunner.run(ParentRunner.java:413) [junit-4.13.jar:4.13]
	at org.junit.runners.Suite.runChild(Suite.java:128) [junit-4.13.jar:4.13]
	at org.junit.runners.Suite.runChild(Suite.java:27) [junit-4.13.jar:4.13]
	at org.junit.runners.ParentRunner$4.run(ParentRunner.java:331) [junit-4.13.jar:4.13]
	at org.junit.runners.ParentRunner$1.schedule(ParentRunner.java:79) [junit-4.13.jar:4.13]
	at org.junit.runners.ParentRunner.runChildren(ParentRunner.java:329) [junit-4.13.jar:4.13]
	at org.junit.runners.ParentRunner.access$100(ParentRunner.java:66) [junit-4.13.jar:4.13]
	at org.junit.runners.ParentRunner$2.evaluate(ParentRunner.java:293) [junit-4.13.jar:4.13]
	at org.junit.internal.runners.statements.RunAfters.evaluate(RunAfters.java:27) [junit-4.13.jar:4.13]
	at org.junit.runners.ParentRunner$3.evaluate(ParentRunner.java:306) [junit-4.13.jar:4.13]
	at org.junit.runners.ParentRunner.run(ParentRunner.java:413) [junit-4.13.jar:4.13]
	at org.eclipse.jdt.internal.junit4.runner.JUnit4TestReference.run(JUnit4TestReference.java:93) [.cp/:?]
	at org.eclipse.jdt.internal.junit.runner.TestExecution.run(TestExecution.java:40) [.cp/:?]
	at org.eclipse.jdt.internal.junit.runner.RemoteTestRunner.runTests(RemoteTestRunner.java:530) [.cp/:?]
	at org.eclipse.jdt.internal.junit.runner.RemoteTestRunner.runTests(RemoteTestRunner.java:758) [.cp/:?]
	at org.eclipse.jdt.internal.junit.runner.RemoteTestRunner.run(RemoteTestRunner.java:453) [.cp/:?]
	at org.eclipse.jdt.internal.junit.runner.RemoteTestRunner.main(RemoteTestRunner.java:211) [.cp/:?]
2025-12-30 03:27:43 INFO  === END   tests.productCardsTests.ProductCardElementsTests.cardValidation[Exp#6 [f1=1, f2=2, f3=3, f4=3, f5=1, f6=1, f7=2, f8=2]] ===
2025-12-30 03:27:43 INFO  === START tests.productCardsTests.ProductCardElementsTests.cardValidation[Exp#7 [f1=1, f2=3, f3=1, f4=2, f5=1, f6=3, f7=2, f8=3]] ===
2025-12-30 03:27:43 INFO  STEP: 📝 New input: Filling form fields.
2025-12-30 03:27:46 INFO  STEP: Card nuber 1 have a Thumbnail
2025-12-30 03:27:46 INFO  STEP: Card nuber 1 have a Title: Baseball Ball
2025-12-30 03:27:46 INFO  STEP: Card nuber 1 have a Description: The Baseball Ball is a standard baseball used in baseball games. It features a durable leather cover and is designed for pitching, hitting, and fielding in the game of baseball.
2025-12-30 03:27:47 INFO  STEP: Card nuber 1 have a Price: 8.99
2025-12-30 03:27:47 INFO  STEP PASS: Card nuber 1 should have Rating (card's rating: 2.6
2025-12-30 03:27:47 INFO  STEP PASS: Card nuber 1 dont have a Additional Images Button
2025-12-30 03:27:47 ERROR STEP FAIL: Card #1 should have all the components
2025-12-30 03:27:47 ERROR === FAIL  tests.productCardsTests.ProductCardElementsTests.cardValidation[Exp#7 [f1=1, f2=3, f3=1, f4=2, f5=1, f6=3, f7=2, f8=3]] ===
java.lang.AssertionError: Card #1 should have all the components
	at org.junit.Assert.fail(Assert.java:89) ~[junit-4.13.jar:4.13]
	at org.junit.Assert.assertTrue(Assert.java:42) ~[junit-4.13.jar:4.13]
	at tests.BaseTest.checkTrue(BaseTest.java:92) ~[test-classes/:?]
	at tests.productCardsTests.ProductCardElementsTests.cardValidation(ProductCardElementsTests.java:61) ~[test-classes/:?]
	at jdk.internal.reflect.DirectMethodHandleAccessor.invoke(DirectMethodHandleAccessor.java:103) ~[?:?]
	at java.lang.reflect.Method.invoke(Method.java:580) ~[?:?]
	at org.junit.runners.model.FrameworkMethod$1.runReflectiveCall(FrameworkMethod.java:59) ~[junit-4.13.jar:4.13]
	at org.junit.internal.runners.model.ReflectiveCallable.run(ReflectiveCallable.java:12) ~[junit-4.13.jar:4.13]
	at org.junit.runners.model.FrameworkMethod.invokeExplosively(FrameworkMethod.java:56) ~[junit-4.13.jar:4.13]
	at org.junit.internal.runners.statements.InvokeMethod.evaluate(InvokeMethod.java:17) ~[junit-4.13.jar:4.13]
	at org.junit.internal.runners.statements.RunBefores.evaluate(RunBefores.java:26) ~[junit-4.13.jar:4.13]
	at org.junit.internal.runners.statements.RunAfters.evaluate(RunAfters.java:27) ~[junit-4.13.jar:4.13]
	at org.junit.rules.TestWatcher$1.evaluate(TestWatcher.java:61) [junit-4.13.jar:4.13]
	at org.junit.runners.ParentRunner$3.evaluate(ParentRunner.java:306) [junit-4.13.jar:4.13]
	at org.junit.runners.BlockJUnit4ClassRunner$1.evaluate(BlockJUnit4ClassRunner.java:100) [junit-4.13.jar:4.13]
	at org.junit.runners.ParentRunner.runLeaf(ParentRunner.java:366) [junit-4.13.jar:4.13]
	at org.junit.runners.BlockJUnit4ClassRunner.runChild(BlockJUnit4ClassRunner.java:103) [junit-4.13.jar:4.13]
	at org.junit.runners.BlockJUnit4ClassRunner.runChild(BlockJUnit4ClassRunner.java:63) [junit-4.13.jar:4.13]
	at org.junit.runners.ParentRunner$4.run(ParentRunner.java:331) [junit-4.13.jar:4.13]
	at org.junit.runners.ParentRunner$1.schedule(ParentRunner.java:79) [junit-4.13.jar:4.13]
	at org.junit.runners.ParentRunner.runChildren(ParentRunner.java:329) [junit-4.13.jar:4.13]
	at org.junit.runners.ParentRunner.access$100(ParentRunner.java:66) [junit-4.13.jar:4.13]
	at org.junit.runners.ParentRunner$2.evaluate(ParentRunner.java:293) [junit-4.13.jar:4.13]
	at org.junit.runners.ParentRunner.run(ParentRunner.java:413) [junit-4.13.jar:4.13]
	at org.junit.runners.Suite.runChild(Suite.java:128) [junit-4.13.jar:4.13]
	at org.junit.runners.Suite.runChild(Suite.java:27) [junit-4.13.jar:4.13]
	at org.junit.runners.ParentRunner$4.run(ParentRunner.java:331) [junit-4.13.jar:4.13]
	at org.junit.runners.ParentRunner$1.schedule(ParentRunner.java:79) [junit-4.13.jar:4.13]
	at org.junit.runners.ParentRunner.runChildren(ParentRunner.java:329) [junit-4.13.jar:4.13]
	at org.junit.runners.ParentRunner.access$100(ParentRunner.java:66) [junit-4.13.jar:4.13]
	at org.junit.runners.ParentRunner$2.evaluate(ParentRunner.java:293) [junit-4.13.jar:4.13]
	at org.junit.internal.runners.statements.RunAfters.evaluate(RunAfters.java:27) [junit-4.13.jar:4.13]
	at org.junit.runners.ParentRunner$3.evaluate(ParentRunner.java:306) [junit-4.13.jar:4.13]
	at org.junit.runners.ParentRunner.run(ParentRunner.java:413) [junit-4.13.jar:4.13]
	at org.eclipse.jdt.internal.junit4.runner.JUnit4TestReference.run(JUnit4TestReference.java:93) [.cp/:?]
	at org.eclipse.jdt.internal.junit.runner.TestExecution.run(TestExecution.java:40) [.cp/:?]
	at org.eclipse.jdt.internal.junit.runner.RemoteTestRunner.runTests(RemoteTestRunner.java:530) [.cp/:?]
	at org.eclipse.jdt.internal.junit.runner.RemoteTestRunner.runTests(RemoteTestRunner.java:758) [.cp/:?]
	at org.eclipse.jdt.internal.junit.runner.RemoteTestRunner.run(RemoteTestRunner.java:453) [.cp/:?]
	at org.eclipse.jdt.internal.junit.runner.RemoteTestRunner.main(RemoteTestRunner.java:211) [.cp/:?]
2025-12-30 03:27:47 INFO  === END   tests.productCardsTests.ProductCardElementsTests.cardValidation[Exp#7 [f1=1, f2=3, f3=1, f4=2, f5=1, f6=3, f7=2, f8=3]] ===
2025-12-30 03:27:47 INFO  === START tests.productCardsTests.ProductCardElementsTests.cardValidation[Exp#8 [f1=1, f2=3, f3=2, f4=3, f5=2, f6=1, f7=3, f8=1]] ===
2025-12-30 03:27:47 INFO  STEP: 📝 New input: Filling form fields.
2025-12-30 03:27:50 INFO  STEP: Card nuber 1 have a Thumbnail
2025-12-30 03:27:50 INFO  STEP: Card nuber 1 have a Title: iPhone 5s
2025-12-30 03:27:50 INFO  STEP: Card nuber 1 have a Description: The iPhone 5s is a classic smartphone known for its compact design and advanced features during its release. While it's an older model, it still provides a reliable user experience.
2025-12-30 03:27:50 INFO  STEP: Card nuber 1 have a Price: 199.99
2025-12-30 03:27:50 INFO  STEP PASS: Card nuber 1 should have Rating (card's rating: 2.8
2025-12-30 03:27:50 INFO  STEP PASS: Card nuber 1 dont have a Additional Images Button
2025-12-30 03:27:50 ERROR STEP FAIL: Card #1 should have all the components
2025-12-30 03:27:50 ERROR === FAIL  tests.productCardsTests.ProductCardElementsTests.cardValidation[Exp#8 [f1=1, f2=3, f3=2, f4=3, f5=2, f6=1, f7=3, f8=1]] ===
java.lang.AssertionError: Card #1 should have all the components
	at org.junit.Assert.fail(Assert.java:89) ~[junit-4.13.jar:4.13]
	at org.junit.Assert.assertTrue(Assert.java:42) ~[junit-4.13.jar:4.13]
	at tests.BaseTest.checkTrue(BaseTest.java:92) ~[test-classes/:?]
	at tests.productCardsTests.ProductCardElementsTests.cardValidation(ProductCardElementsTests.java:61) ~[test-classes/:?]
	at jdk.internal.reflect.DirectMethodHandleAccessor.invoke(DirectMethodHandleAccessor.java:103) ~[?:?]
	at java.lang.reflect.Method.invoke(Method.java:580) ~[?:?]
	at org.junit.runners.model.FrameworkMethod$1.runReflectiveCall(FrameworkMethod.java:59) ~[junit-4.13.jar:4.13]
	at org.junit.internal.runners.model.ReflectiveCallable.run(ReflectiveCallable.java:12) ~[junit-4.13.jar:4.13]
	at org.junit.runners.model.FrameworkMethod.invokeExplosively(FrameworkMethod.java:56) ~[junit-4.13.jar:4.13]
	at org.junit.internal.runners.statements.InvokeMethod.evaluate(InvokeMethod.java:17) ~[junit-4.13.jar:4.13]
	at org.junit.internal.runners.statements.RunBefores.evaluate(RunBefores.java:26) ~[junit-4.13.jar:4.13]
	at org.junit.internal.runners.statements.RunAfters.evaluate(RunAfters.java:27) ~[junit-4.13.jar:4.13]
	at org.junit.rules.TestWatcher$1.evaluate(TestWatcher.java:61) [junit-4.13.jar:4.13]
	at org.junit.runners.ParentRunner$3.evaluate(ParentRunner.java:306) [junit-4.13.jar:4.13]
	at org.junit.runners.BlockJUnit4ClassRunner$1.evaluate(BlockJUnit4ClassRunner.java:100) [junit-4.13.jar:4.13]
	at org.junit.runners.ParentRunner.runLeaf(ParentRunner.java:366) [junit-4.13.jar:4.13]
	at org.junit.runners.BlockJUnit4ClassRunner.runChild(BlockJUnit4ClassRunner.java:103) [junit-4.13.jar:4.13]
	at org.junit.runners.BlockJUnit4ClassRunner.runChild(BlockJUnit4ClassRunner.java:63) [junit-4.13.jar:4.13]
	at org.junit.runners.ParentRunner$4.run(ParentRunner.java:331) [junit-4.13.jar:4.13]
	at org.junit.runners.ParentRunner$1.schedule(ParentRunner.java:79) [junit-4.13.jar:4.13]
	at org.junit.runners.ParentRunner.runChildren(ParentRunner.java:329) [junit-4.13.jar:4.13]
	at org.junit.runners.ParentRunner.access$100(ParentRunner.java:66) [junit-4.13.jar:4.13]
	at org.junit.runners.ParentRunner$2.evaluate(ParentRunner.java:293) [junit-4.13.jar:4.13]
	at org.junit.runners.ParentRunner.run(ParentRunner.java:413) [junit-4.13.jar:4.13]
	at org.junit.runners.Suite.runChild(Suite.java:128) [junit-4.13.jar:4.13]
	at org.junit.runners.Suite.runChild(Suite.java:27) [junit-4.13.jar:4.13]
	at org.junit.runners.ParentRunner$4.run(ParentRunner.java:331) [junit-4.13.jar:4.13]
	at org.junit.runners.ParentRunner$1.schedule(ParentRunner.java:79) [junit-4.13.jar:4.13]
	at org.junit.runners.ParentRunner.runChildren(ParentRunner.java:329) [junit-4.13.jar:4.13]
	at org.junit.runners.ParentRunner.access$100(ParentRunner.java:66) [junit-4.13.jar:4.13]
	at org.junit.runners.ParentRunner$2.evaluate(ParentRunner.java:293) [junit-4.13.jar:4.13]
	at org.junit.internal.runners.statements.RunAfters.evaluate(RunAfters.java:27) [junit-4.13.jar:4.13]
	at org.junit.runners.ParentRunner$3.evaluate(ParentRunner.java:306) [junit-4.13.jar:4.13]
	at org.junit.runners.ParentRunner.run(ParentRunner.java:413) [junit-4.13.jar:4.13]
	at org.eclipse.jdt.internal.junit4.runner.JUnit4TestReference.run(JUnit4TestReference.java:93) [.cp/:?]
	at org.eclipse.jdt.internal.junit.runner.TestExecution.run(TestExecution.java:40) [.cp/:?]
	at org.eclipse.jdt.internal.junit.runner.RemoteTestRunner.runTests(RemoteTestRunner.java:530) [.cp/:?]
	at org.eclipse.jdt.internal.junit.runner.RemoteTestRunner.runTests(RemoteTestRunner.java:758) [.cp/:?]
	at org.eclipse.jdt.internal.junit.runner.RemoteTestRunner.run(RemoteTestRunner.java:453) [.cp/:?]
	at org.eclipse.jdt.internal.junit.runner.RemoteTestRunner.main(RemoteTestRunner.java:211) [.cp/:?]
2025-12-30 03:27:50 INFO  === END   tests.productCardsTests.ProductCardElementsTests.cardValidation[Exp#8 [f1=1, f2=3, f3=2, f4=3, f5=2, f6=1, f7=3, f8=1]] ===
2025-12-30 03:27:50 INFO  === START tests.productCardsTests.ProductCardElementsTests.cardValidation[Exp#9 [f1=1, f2=3, f3=3, f4=1, f5=3, f6=2, f7=1, f8=2]] ===
2025-12-30 03:27:50 INFO  STEP: 📝 New input: Filling form fields.
2025-12-30 03:27:53 INFO  STEP: Card nuber 1 have a Thumbnail
2025-12-30 03:27:53 INFO  STEP: Card nuber 1 have a Title: Baseball Ball
2025-12-30 03:27:53 INFO  STEP: Card nuber 1 have a Description: The Baseball Ball is a standard baseball used in baseball games. It features a durable leather cover and is designed for pitching, hitting, and fielding in the game of baseball.
2025-12-30 03:27:54 INFO  STEP: Card nuber 1 have a Price: 8.99
2025-12-30 03:27:54 INFO  STEP PASS: Card nuber 1 should have Rating (card's rating: 2.6
2025-12-30 03:27:54 INFO  STEP PASS: Card nuber 1 dont have a Additional Images Button
2025-12-30 03:27:54 ERROR STEP FAIL: Card #1 should have all the components
2025-12-30 03:27:54 ERROR === FAIL  tests.productCardsTests.ProductCardElementsTests.cardValidation[Exp#9 [f1=1, f2=3, f3=3, f4=1, f5=3, f6=2, f7=1, f8=2]] ===
java.lang.AssertionError: Card #1 should have all the components
	at org.junit.Assert.fail(Assert.java:89) ~[junit-4.13.jar:4.13]
	at org.junit.Assert.assertTrue(Assert.java:42) ~[junit-4.13.jar:4.13]
	at tests.BaseTest.checkTrue(BaseTest.java:92) ~[test-classes/:?]
	at tests.productCardsTests.ProductCardElementsTests.cardValidation(ProductCardElementsTests.java:61) ~[test-classes/:?]
	at jdk.internal.reflect.DirectMethodHandleAccessor.invoke(DirectMethodHandleAccessor.java:103) ~[?:?]
	at java.lang.reflect.Method.invoke(Method.java:580) ~[?:?]
	at org.junit.runners.model.FrameworkMethod$1.runReflectiveCall(FrameworkMethod.java:59) ~[junit-4.13.jar:4.13]
	at org.junit.internal.runners.model.ReflectiveCallable.run(ReflectiveCallable.java:12) ~[junit-4.13.jar:4.13]
	at org.junit.runners.model.FrameworkMethod.invokeExplosively(FrameworkMethod.java:56) ~[junit-4.13.jar:4.13]
	at org.junit.internal.runners.statements.InvokeMethod.evaluate(InvokeMethod.java:17) ~[junit-4.13.jar:4.13]
	at org.junit.internal.runners.statements.RunBefores.evaluate(RunBefores.java:26) ~[junit-4.13.jar:4.13]
	at org.junit.internal.runners.statements.RunAfters.evaluate(RunAfters.java:27) ~[junit-4.13.jar:4.13]
	at org.junit.rules.TestWatcher$1.evaluate(TestWatcher.java:61) [junit-4.13.jar:4.13]
	at org.junit.runners.ParentRunner$3.evaluate(ParentRunner.java:306) [junit-4.13.jar:4.13]
	at org.junit.runners.BlockJUnit4ClassRunner$1.evaluate(BlockJUnit4ClassRunner.java:100) [junit-4.13.jar:4.13]
	at org.junit.runners.ParentRunner.runLeaf(ParentRunner.java:366) [junit-4.13.jar:4.13]
	at org.junit.runners.BlockJUnit4ClassRunner.runChild(BlockJUnit4ClassRunner.java:103) [junit-4.13.jar:4.13]
	at org.junit.runners.BlockJUnit4ClassRunner.runChild(BlockJUnit4ClassRunner.java:63) [junit-4.13.jar:4.13]
	at org.junit.runners.ParentRunner$4.run(ParentRunner.java:331) [junit-4.13.jar:4.13]
	at org.junit.runners.ParentRunner$1.schedule(ParentRunner.java:79) [junit-4.13.jar:4.13]
	at org.junit.runners.ParentRunner.runChildren(ParentRunner.java:329) [junit-4.13.jar:4.13]
	at org.junit.runners.ParentRunner.access$100(ParentRunner.java:66) [junit-4.13.jar:4.13]
	at org.junit.runners.ParentRunner$2.evaluate(ParentRunner.java:293) [junit-4.13.jar:4.13]
	at org.junit.runners.ParentRunner.run(ParentRunner.java:413) [junit-4.13.jar:4.13]
	at org.junit.runners.Suite.runChild(Suite.java:128) [junit-4.13.jar:4.13]
	at org.junit.runners.Suite.runChild(Suite.java:27) [junit-4.13.jar:4.13]
	at org.junit.runners.ParentRunner$4.run(ParentRunner.java:331) [junit-4.13.jar:4.13]
	at org.junit.runners.ParentRunner$1.schedule(ParentRunner.java:79) [junit-4.13.jar:4.13]
	at org.junit.runners.ParentRunner.runChildren(ParentRunner.java:329) [junit-4.13.jar:4.13]
	at org.junit.runners.ParentRunner.access$100(ParentRunner.java:66) [junit-4.13.jar:4.13]
	at org.junit.runners.ParentRunner$2.evaluate(ParentRunner.java:293) [junit-4.13.jar:4.13]
	at org.junit.internal.runners.statements.RunAfters.evaluate(RunAfters.java:27) [junit-4.13.jar:4.13]
	at org.junit.runners.ParentRunner$3.evaluate(ParentRunner.java:306) [junit-4.13.jar:4.13]
	at org.junit.runners.ParentRunner.run(ParentRunner.java:413) [junit-4.13.jar:4.13]
	at org.eclipse.jdt.internal.junit4.runner.JUnit4TestReference.run(JUnit4TestReference.java:93) [.cp/:?]
	at org.eclipse.jdt.internal.junit.runner.TestExecution.run(TestExecution.java:40) [.cp/:?]
	at org.eclipse.jdt.internal.junit.runner.RemoteTestRunner.runTests(RemoteTestRunner.java:530) [.cp/:?]
	at org.eclipse.jdt.internal.junit.runner.RemoteTestRunner.runTests(RemoteTestRunner.java:758) [.cp/:?]
	at org.eclipse.jdt.internal.junit.runner.RemoteTestRunner.run(RemoteTestRunner.java:453) [.cp/:?]
	at org.eclipse.jdt.internal.junit.runner.RemoteTestRunner.main(RemoteTestRunner.java:211) [.cp/:?]
2025-12-30 03:27:54 INFO  === END   tests.productCardsTests.ProductCardElementsTests.cardValidation[Exp#9 [f1=1, f2=3, f3=3, f4=1, f5=3, f6=2, f7=1, f8=2]] ===
2025-12-30 03:27:54 INFO  === START tests.productCardsTests.ProductCardElementsTests.cardValidation[Exp#10 [f1=2, f2=1, f3=1, f4=3, f5=3, f6=2, f7=2, f8=1]] ===
2025-12-30 03:27:54 INFO  STEP: 📝 New input: Filling form fields.
2025-12-30 03:27:57 INFO  STEP: Card nuber 1 have a Thumbnail
2025-12-30 03:27:57 INFO  STEP: Card nuber 1 have a Title: Black Aluminium Cup
2025-12-30 03:27:57 INFO  STEP: Card nuber 1 have a Description: The Black Aluminium Cup is a stylish and durable cup suitable for both hot and cold beverages. Its sleek black design adds a modern touch to your drinkware collection.
2025-12-30 03:27:57 INFO  STEP: Card nuber 1 have a Price: 5.99
2025-12-30 03:27:57 INFO  STEP PASS: Card nuber 1 should have Rating (card's rating: 4.5
2025-12-30 03:27:57 INFO  STEP PASS: Card nuber 1 dont have a Additional Images Button
2025-12-30 03:27:57 ERROR STEP FAIL: Card #1 should have all the components
2025-12-30 03:27:57 ERROR === FAIL  tests.productCardsTests.ProductCardElementsTests.cardValidation[Exp#10 [f1=2, f2=1, f3=1, f4=3, f5=3, f6=2, f7=2, f8=1]] ===
java.lang.AssertionError: Card #1 should have all the components
	at org.junit.Assert.fail(Assert.java:89) ~[junit-4.13.jar:4.13]
	at org.junit.Assert.assertTrue(Assert.java:42) ~[junit-4.13.jar:4.13]
	at tests.BaseTest.checkTrue(BaseTest.java:92) ~[test-classes/:?]
	at tests.productCardsTests.ProductCardElementsTests.cardValidation(ProductCardElementsTests.java:61) ~[test-classes/:?]
	at jdk.internal.reflect.DirectMethodHandleAccessor.invoke(DirectMethodHandleAccessor.java:103) ~[?:?]
	at java.lang.reflect.Method.invoke(Method.java:580) ~[?:?]
	at org.junit.runners.model.FrameworkMethod$1.runReflectiveCall(FrameworkMethod.java:59) ~[junit-4.13.jar:4.13]
	at org.junit.internal.runners.model.ReflectiveCallable.run(ReflectiveCallable.java:12) ~[junit-4.13.jar:4.13]
	at org.junit.runners.model.FrameworkMethod.invokeExplosively(FrameworkMethod.java:56) ~[junit-4.13.jar:4.13]
	at org.junit.internal.runners.statements.InvokeMethod.evaluate(InvokeMethod.java:17) ~[junit-4.13.jar:4.13]
	at org.junit.internal.runners.statements.RunBefores.evaluate(RunBefores.java:26) ~[junit-4.13.jar:4.13]
	at org.junit.internal.runners.statements.RunAfters.evaluate(RunAfters.java:27) ~[junit-4.13.jar:4.13]
	at org.junit.rules.TestWatcher$1.evaluate(TestWatcher.java:61) [junit-4.13.jar:4.13]
	at org.junit.runners.ParentRunner$3.evaluate(ParentRunner.java:306) [junit-4.13.jar:4.13]
	at org.junit.runners.BlockJUnit4ClassRunner$1.evaluate(BlockJUnit4ClassRunner.java:100) [junit-4.13.jar:4.13]
	at org.junit.runners.ParentRunner.runLeaf(ParentRunner.java:366) [junit-4.13.jar:4.13]
	at org.junit.runners.BlockJUnit4ClassRunner.runChild(BlockJUnit4ClassRunner.java:103) [junit-4.13.jar:4.13]
	at org.junit.runners.BlockJUnit4ClassRunner.runChild(BlockJUnit4ClassRunner.java:63) [junit-4.13.jar:4.13]
	at org.junit.runners.ParentRunner$4.run(ParentRunner.java:331) [junit-4.13.jar:4.13]
	at org.junit.runners.ParentRunner$1.schedule(ParentRunner.java:79) [junit-4.13.jar:4.13]
	at org.junit.runners.ParentRunner.runChildren(ParentRunner.java:329) [junit-4.13.jar:4.13]
	at org.junit.runners.ParentRunner.access$100(ParentRunner.java:66) [junit-4.13.jar:4.13]
	at org.junit.runners.ParentRunner$2.evaluate(ParentRunner.java:293) [junit-4.13.jar:4.13]
	at org.junit.runners.ParentRunner.run(ParentRunner.java:413) [junit-4.13.jar:4.13]
	at org.junit.runners.Suite.runChild(Suite.java:128) [junit-4.13.jar:4.13]
	at org.junit.runners.Suite.runChild(Suite.java:27) [junit-4.13.jar:4.13]
	at org.junit.runners.ParentRunner$4.run(ParentRunner.java:331) [junit-4.13.jar:4.13]
	at org.junit.runners.ParentRunner$1.schedule(ParentRunner.java:79) [junit-4.13.jar:4.13]
	at org.junit.runners.ParentRunner.runChildren(ParentRunner.java:329) [junit-4.13.jar:4.13]
	at org.junit.runners.ParentRunner.access$100(ParentRunner.java:66) [junit-4.13.jar:4.13]
	at org.junit.runners.ParentRunner$2.evaluate(ParentRunner.java:293) [junit-4.13.jar:4.13]
	at org.junit.internal.runners.statements.RunAfters.evaluate(RunAfters.java:27) [junit-4.13.jar:4.13]
	at org.junit.runners.ParentRunner$3.evaluate(ParentRunner.java:306) [junit-4.13.jar:4.13]
	at org.junit.runners.ParentRunner.run(ParentRunner.java:413) [junit-4.13.jar:4.13]
	at org.eclipse.jdt.internal.junit4.runner.JUnit4TestReference.run(JUnit4TestReference.java:93) [.cp/:?]
	at org.eclipse.jdt.internal.junit.runner.TestExecution.run(TestExecution.java:40) [.cp/:?]
	at org.eclipse.jdt.internal.junit.runner.RemoteTestRunner.runTests(RemoteTestRunner.java:530) [.cp/:?]
	at org.eclipse.jdt.internal.junit.runner.RemoteTestRunner.runTests(RemoteTestRunner.java:758) [.cp/:?]
	at org.eclipse.jdt.internal.junit.runner.RemoteTestRunner.run(RemoteTestRunner.java:453) [.cp/:?]
	at org.eclipse.jdt.internal.junit.runner.RemoteTestRunner.main(RemoteTestRunner.java:211) [.cp/:?]
2025-12-30 03:27:57 INFO  === END   tests.productCardsTests.ProductCardElementsTests.cardValidation[Exp#10 [f1=2, f2=1, f3=1, f4=3, f5=3, f6=2, f7=2, f8=1]] ===
2025-12-30 03:27:57 INFO  === START tests.productCardsTests.ProductCardElementsTests.cardValidation[Exp#11 [f1=2, f2=1, f3=2, f4=1, f5=1, f6=3, f7=3, f8=2]] ===
2025-12-30 03:27:57 INFO  STEP: 📝 New input: Filling form fields.
2025-12-30 03:28:01 INFO  STEP: Card nuber 1 have a Thumbnail
2025-12-30 03:28:01 INFO  STEP: Card nuber 1 have a Title: Black Aluminium Cup
2025-12-30 03:28:01 INFO  STEP: Card nuber 1 have a Description: The Black Aluminium Cup is a stylish and durable cup suitable for both hot and cold beverages. Its sleek black design adds a modern touch to your drinkware collection.
2025-12-30 03:28:01 INFO  STEP: Card nuber 1 have a Price: 5.99
2025-12-30 03:28:01 INFO  STEP PASS: Card nuber 1 should have Rating (card's rating: 4.5
2025-12-30 03:28:01 INFO  STEP PASS: Card nuber 1 dont have a Additional Images Button
2025-12-30 03:28:01 ERROR STEP FAIL: Card #1 should have all the components
2025-12-30 03:28:01 ERROR === FAIL  tests.productCardsTests.ProductCardElementsTests.cardValidation[Exp#11 [f1=2, f2=1, f3=2, f4=1, f5=1, f6=3, f7=3, f8=2]] ===
java.lang.AssertionError: Card #1 should have all the components
	at org.junit.Assert.fail(Assert.java:89) ~[junit-4.13.jar:4.13]
	at org.junit.Assert.assertTrue(Assert.java:42) ~[junit-4.13.jar:4.13]
	at tests.BaseTest.checkTrue(BaseTest.java:92) ~[test-classes/:?]
	at tests.productCardsTests.ProductCardElementsTests.cardValidation(ProductCardElementsTests.java:61) ~[test-classes/:?]
	at jdk.internal.reflect.DirectMethodHandleAccessor.invoke(DirectMethodHandleAccessor.java:103) ~[?:?]
	at java.lang.reflect.Method.invoke(Method.java:580) ~[?:?]
	at org.junit.runners.model.FrameworkMethod$1.runReflectiveCall(FrameworkMethod.java:59) ~[junit-4.13.jar:4.13]
	at org.junit.internal.runners.model.ReflectiveCallable.run(ReflectiveCallable.java:12) ~[junit-4.13.jar:4.13]
	at org.junit.runners.model.FrameworkMethod.invokeExplosively(FrameworkMethod.java:56) ~[junit-4.13.jar:4.13]
	at org.junit.internal.runners.statements.InvokeMethod.evaluate(InvokeMethod.java:17) ~[junit-4.13.jar:4.13]
	at org.junit.internal.runners.statements.RunBefores.evaluate(RunBefores.java:26) ~[junit-4.13.jar:4.13]
	at org.junit.internal.runners.statements.RunAfters.evaluate(RunAfters.java:27) ~[junit-4.13.jar:4.13]
	at org.junit.rules.TestWatcher$1.evaluate(TestWatcher.java:61) [junit-4.13.jar:4.13]
	at org.junit.runners.ParentRunner$3.evaluate(ParentRunner.java:306) [junit-4.13.jar:4.13]
	at org.junit.runners.BlockJUnit4ClassRunner$1.evaluate(BlockJUnit4ClassRunner.java:100) [junit-4.13.jar:4.13]
	at org.junit.runners.ParentRunner.runLeaf(ParentRunner.java:366) [junit-4.13.jar:4.13]
	at org.junit.runners.BlockJUnit4ClassRunner.runChild(BlockJUnit4ClassRunner.java:103) [junit-4.13.jar:4.13]
	at org.junit.runners.BlockJUnit4ClassRunner.runChild(BlockJUnit4ClassRunner.java:63) [junit-4.13.jar:4.13]
	at org.junit.runners.ParentRunner$4.run(ParentRunner.java:331) [junit-4.13.jar:4.13]
	at org.junit.runners.ParentRunner$1.schedule(ParentRunner.java:79) [junit-4.13.jar:4.13]
	at org.junit.runners.ParentRunner.runChildren(ParentRunner.java:329) [junit-4.13.jar:4.13]
	at org.junit.runners.ParentRunner.access$100(ParentRunner.java:66) [junit-4.13.jar:4.13]
	at org.junit.runners.ParentRunner$2.evaluate(ParentRunner.java:293) [junit-4.13.jar:4.13]
	at org.junit.runners.ParentRunner.run(ParentRunner.java:413) [junit-4.13.jar:4.13]
	at org.junit.runners.Suite.runChild(Suite.java:128) [junit-4.13.jar:4.13]
	at org.junit.runners.Suite.runChild(Suite.java:27) [junit-4.13.jar:4.13]
	at org.junit.runners.ParentRunner$4.run(ParentRunner.java:331) [junit-4.13.jar:4.13]
	at org.junit.runners.ParentRunner$1.schedule(ParentRunner.java:79) [junit-4.13.jar:4.13]
	at org.junit.runners.ParentRunner.runChildren(ParentRunner.java:329) [junit-4.13.jar:4.13]
	at org.junit.runners.ParentRunner.access$100(ParentRunner.java:66) [junit-4.13.jar:4.13]
	at org.junit.runners.ParentRunner$2.evaluate(ParentRunner.java:293) [junit-4.13.jar:4.13]
	at org.junit.internal.runners.statements.RunAfters.evaluate(RunAfters.java:27) [junit-4.13.jar:4.13]
	at org.junit.runners.ParentRunner$3.evaluate(ParentRunner.java:306) [junit-4.13.jar:4.13]
	at org.junit.runners.ParentRunner.run(ParentRunner.java:413) [junit-4.13.jar:4.13]
	at org.eclipse.jdt.internal.junit4.runner.JUnit4TestReference.run(JUnit4TestReference.java:93) [.cp/:?]
	at org.eclipse.jdt.internal.junit.runner.TestExecution.run(TestExecution.java:40) [.cp/:?]
	at org.eclipse.jdt.internal.junit.runner.RemoteTestRunner.runTests(RemoteTestRunner.java:530) [.cp/:?]
	at org.eclipse.jdt.internal.junit.runner.RemoteTestRunner.runTests(RemoteTestRunner.java:758) [.cp/:?]
	at org.eclipse.jdt.internal.junit.runner.RemoteTestRunner.run(RemoteTestRunner.java:453) [.cp/:?]
	at org.eclipse.jdt.internal.junit.runner.RemoteTestRunner.main(RemoteTestRunner.java:211) [.cp/:?]
2025-12-30 03:28:01 INFO  === END   tests.productCardsTests.ProductCardElementsTests.cardValidation[Exp#11 [f1=2, f2=1, f3=2, f4=1, f5=1, f6=3, f7=3, f8=2]] ===
2025-12-30 03:28:01 INFO  === START tests.productCardsTests.ProductCardElementsTests.cardValidation[Exp#12 [f1=2, f2=1, f3=3, f4=2, f5=2, f6=1, f7=1, f8=3]] ===
2025-12-30 03:28:01 INFO  STEP: 📝 New input: Filling form fields.
2025-12-30 03:28:04 INFO  STEP: Card nuber 1 have a Thumbnail
2025-12-30 03:28:04 INFO  STEP: Card nuber 1 have a Title: Baseball Ball
2025-12-30 03:28:04 INFO  STEP: Card nuber 1 have a Description: The Baseball Ball is a standard baseball used in baseball games. It features a durable leather cover and is designed for pitching, hitting, and fielding in the game of baseball.
2025-12-30 03:28:04 INFO  STEP: Card nuber 1 have a Price: 8.99
2025-12-30 03:28:05 INFO  STEP PASS: Card nuber 1 should have Rating (card's rating: 2.6
2025-12-30 03:28:05 INFO  STEP PASS: Card nuber 1 dont have a Additional Images Button
2025-12-30 03:28:05 ERROR STEP FAIL: Card #1 should have all the components
2025-12-30 03:28:05 ERROR === FAIL  tests.productCardsTests.ProductCardElementsTests.cardValidation[Exp#12 [f1=2, f2=1, f3=3, f4=2, f5=2, f6=1, f7=1, f8=3]] ===
java.lang.AssertionError: Card #1 should have all the components
	at org.junit.Assert.fail(Assert.java:89) ~[junit-4.13.jar:4.13]
	at org.junit.Assert.assertTrue(Assert.java:42) ~[junit-4.13.jar:4.13]
	at tests.BaseTest.checkTrue(BaseTest.java:92) ~[test-classes/:?]
	at tests.productCardsTests.ProductCardElementsTests.cardValidation(ProductCardElementsTests.java:61) ~[test-classes/:?]
	at jdk.internal.reflect.DirectMethodHandleAccessor.invoke(DirectMethodHandleAccessor.java:103) ~[?:?]
	at java.lang.reflect.Method.invoke(Method.java:580) ~[?:?]
	at org.junit.runners.model.FrameworkMethod$1.runReflectiveCall(FrameworkMethod.java:59) ~[junit-4.13.jar:4.13]
	at org.junit.internal.runners.model.ReflectiveCallable.run(ReflectiveCallable.java:12) ~[junit-4.13.jar:4.13]
	at org.junit.runners.model.FrameworkMethod.invokeExplosively(FrameworkMethod.java:56) ~[junit-4.13.jar:4.13]
	at org.junit.internal.runners.statements.InvokeMethod.evaluate(InvokeMethod.java:17) ~[junit-4.13.jar:4.13]
	at org.junit.internal.runners.statements.RunBefores.evaluate(RunBefores.java:26) ~[junit-4.13.jar:4.13]
	at org.junit.internal.runners.statements.RunAfters.evaluate(RunAfters.java:27) ~[junit-4.13.jar:4.13]
	at org.junit.rules.TestWatcher$1.evaluate(TestWatcher.java:61) [junit-4.13.jar:4.13]
	at org.junit.runners.ParentRunner$3.evaluate(ParentRunner.java:306) [junit-4.13.jar:4.13]
	at org.junit.runners.BlockJUnit4ClassRunner$1.evaluate(BlockJUnit4ClassRunner.java:100) [junit-4.13.jar:4.13]
	at org.junit.runners.ParentRunner.runLeaf(ParentRunner.java:366) [junit-4.13.jar:4.13]
	at org.junit.runners.BlockJUnit4ClassRunner.runChild(BlockJUnit4ClassRunner.java:103) [junit-4.13.jar:4.13]
	at org.junit.runners.BlockJUnit4ClassRunner.runChild(BlockJUnit4ClassRunner.java:63) [junit-4.13.jar:4.13]
	at org.junit.runners.ParentRunner$4.run(ParentRunner.java:331) [junit-4.13.jar:4.13]
	at org.junit.runners.ParentRunner$1.schedule(ParentRunner.java:79) [junit-4.13.jar:4.13]
	at org.junit.runners.ParentRunner.runChildren(ParentRunner.java:329) [junit-4.13.jar:4.13]
	at org.junit.runners.ParentRunner.access$100(ParentRunner.java:66) [junit-4.13.jar:4.13]
	at org.junit.runners.ParentRunner$2.evaluate(ParentRunner.java:293) [junit-4.13.jar:4.13]
	at org.junit.runners.ParentRunner.run(ParentRunner.java:413) [junit-4.13.jar:4.13]
	at org.junit.runners.Suite.runChild(Suite.java:128) [junit-4.13.jar:4.13]
	at org.junit.runners.Suite.runChild(Suite.java:27) [junit-4.13.jar:4.13]
	at org.junit.runners.ParentRunner$4.run(ParentRunner.java:331) [junit-4.13.jar:4.13]
	at org.junit.runners.ParentRunner$1.schedule(ParentRunner.java:79) [junit-4.13.jar:4.13]
	at org.junit.runners.ParentRunner.runChildren(ParentRunner.java:329) [junit-4.13.jar:4.13]
	at org.junit.runners.ParentRunner.access$100(ParentRunner.java:66) [junit-4.13.jar:4.13]
	at org.junit.runners.ParentRunner$2.evaluate(ParentRunner.java:293) [junit-4.13.jar:4.13]
	at org.junit.internal.runners.statements.RunAfters.evaluate(RunAfters.java:27) [junit-4.13.jar:4.13]
	at org.junit.runners.ParentRunner$3.evaluate(ParentRunner.java:306) [junit-4.13.jar:4.13]
	at org.junit.runners.ParentRunner.run(ParentRunner.java:413) [junit-4.13.jar:4.13]
	at org.eclipse.jdt.internal.junit4.runner.JUnit4TestReference.run(JUnit4TestReference.java:93) [.cp/:?]
	at org.eclipse.jdt.internal.junit.runner.TestExecution.run(TestExecution.java:40) [.cp/:?]
	at org.eclipse.jdt.internal.junit.runner.RemoteTestRunner.runTests(RemoteTestRunner.java:530) [.cp/:?]
	at org.eclipse.jdt.internal.junit.runner.RemoteTestRunner.runTests(RemoteTestRunner.java:758) [.cp/:?]
	at org.eclipse.jdt.internal.junit.runner.RemoteTestRunner.run(RemoteTestRunner.java:453) [.cp/:?]
	at org.eclipse.jdt.internal.junit.runner.RemoteTestRunner.main(RemoteTestRunner.java:211) [.cp/:?]
2025-12-30 03:28:05 INFO  === END   tests.productCardsTests.ProductCardElementsTests.cardValidation[Exp#12 [f1=2, f2=1, f3=3, f4=2, f5=2, f6=1, f7=1, f8=3]] ===
2025-12-30 03:28:05 INFO  === START tests.productCardsTests.ProductCardElementsTests.cardValidation[Exp#13 [f1=2, f2=2, f3=1, f4=2, f5=3, f6=1, f7=3, f8=2]] ===
2025-12-30 03:28:05 INFO  STEP: 📝 New input: Filling form fields.
2025-12-30 03:34:19 INFO  === START tests.productCardsTests.ProductCardElementsTests.cardValidation[Exp#1 [f1=1, f2=1, f3=1, f4=1, f5=1, f6=1, f7=1, f8=1]] ===
2025-12-30 03:34:21 INFO  STEP: 📝 New input: Filling form fields.
2025-12-30 03:34:28 INFO  STEP PASS: Card #1 should have Tumbnail
2025-12-30 03:34:28 INFO  STEP PASS: Card #1 should have Title (card's title: Green and Black Glasses)
2025-12-30 03:34:29 INFO  STEP PASS: Card #1 should have Rating (card's description: The Green and Black Glasses feature a bold combination of green and black colors, adding a touch of vibrancy to your eyewear collection. They are both stylish and eye-catching.)
2025-12-30 03:34:29 INFO  STEP PASS: Card #1 should have Price (card's price: 34.99)
2025-12-30 03:34:29 INFO  STEP PASS: Card #1 should have Rating (card's rating: 4.5)
2025-12-30 03:34:29 ERROR STEP FAIL: Card #1 should have Additional Images Button
2025-12-30 03:34:29 ERROR === FAIL  tests.productCardsTests.ProductCardElementsTests.cardValidation[Exp#1 [f1=1, f2=1, f3=1, f4=1, f5=1, f6=1, f7=1, f8=1]] ===
java.lang.AssertionError: Card #1 should have Additional Images Button
	at org.junit.Assert.fail(Assert.java:89) ~[junit-4.13.jar:4.13]
	at org.junit.Assert.assertTrue(Assert.java:42) ~[junit-4.13.jar:4.13]
	at org.junit.Assert.assertFalse(Assert.java:65) ~[junit-4.13.jar:4.13]
	at tests.BaseTest.checkFalse(BaseTest.java:100) ~[test-classes/:?]
	at tests.productCardsTests.ProductCardElementsTests.isThereAdditionalImageBtnInProductCard(ProductCardElementsTests.java:104) ~[test-classes/:?]
	at tests.productCardsTests.ProductCardElementsTests.cardValidation(ProductCardElementsTests.java:60) ~[test-classes/:?]
	at jdk.internal.reflect.DirectMethodHandleAccessor.invoke(DirectMethodHandleAccessor.java:103) ~[?:?]
	at java.lang.reflect.Method.invoke(Method.java:580) ~[?:?]
	at org.junit.runners.model.FrameworkMethod$1.runReflectiveCall(FrameworkMethod.java:59) ~[junit-4.13.jar:4.13]
	at org.junit.internal.runners.model.ReflectiveCallable.run(ReflectiveCallable.java:12) ~[junit-4.13.jar:4.13]
	at org.junit.runners.model.FrameworkMethod.invokeExplosively(FrameworkMethod.java:56) ~[junit-4.13.jar:4.13]
	at org.junit.internal.runners.statements.InvokeMethod.evaluate(InvokeMethod.java:17) ~[junit-4.13.jar:4.13]
	at org.junit.internal.runners.statements.RunBefores.evaluate(RunBefores.java:26) ~[junit-4.13.jar:4.13]
	at org.junit.internal.runners.statements.RunAfters.evaluate(RunAfters.java:27) ~[junit-4.13.jar:4.13]
	at org.junit.rules.TestWatcher$1.evaluate(TestWatcher.java:61) [junit-4.13.jar:4.13]
	at org.junit.runners.ParentRunner$3.evaluate(ParentRunner.java:306) [junit-4.13.jar:4.13]
	at org.junit.runners.BlockJUnit4ClassRunner$1.evaluate(BlockJUnit4ClassRunner.java:100) [junit-4.13.jar:4.13]
	at org.junit.runners.ParentRunner.runLeaf(ParentRunner.java:366) [junit-4.13.jar:4.13]
	at org.junit.runners.BlockJUnit4ClassRunner.runChild(BlockJUnit4ClassRunner.java:103) [junit-4.13.jar:4.13]
	at org.junit.runners.BlockJUnit4ClassRunner.runChild(BlockJUnit4ClassRunner.java:63) [junit-4.13.jar:4.13]
	at org.junit.runners.ParentRunner$4.run(ParentRunner.java:331) [junit-4.13.jar:4.13]
	at org.junit.runners.ParentRunner$1.schedule(ParentRunner.java:79) [junit-4.13.jar:4.13]
	at org.junit.runners.ParentRunner.runChildren(ParentRunner.java:329) [junit-4.13.jar:4.13]
	at org.junit.runners.ParentRunner.access$100(ParentRunner.java:66) [junit-4.13.jar:4.13]
	at org.junit.runners.ParentRunner$2.evaluate(ParentRunner.java:293) [junit-4.13.jar:4.13]
	at org.junit.runners.ParentRunner.run(ParentRunner.java:413) [junit-4.13.jar:4.13]
	at org.junit.runners.Suite.runChild(Suite.java:128) [junit-4.13.jar:4.13]
	at org.junit.runners.Suite.runChild(Suite.java:27) [junit-4.13.jar:4.13]
	at org.junit.runners.ParentRunner$4.run(ParentRunner.java:331) [junit-4.13.jar:4.13]
	at org.junit.runners.ParentRunner$1.schedule(ParentRunner.java:79) [junit-4.13.jar:4.13]
	at org.junit.runners.ParentRunner.runChildren(ParentRunner.java:329) [junit-4.13.jar:4.13]
	at org.junit.runners.ParentRunner.access$100(ParentRunner.java:66) [junit-4.13.jar:4.13]
	at org.junit.runners.ParentRunner$2.evaluate(ParentRunner.java:293) [junit-4.13.jar:4.13]
	at org.junit.internal.runners.statements.RunAfters.evaluate(RunAfters.java:27) [junit-4.13.jar:4.13]
	at org.junit.runners.ParentRunner$3.evaluate(ParentRunner.java:306) [junit-4.13.jar:4.13]
	at org.junit.runners.ParentRunner.run(ParentRunner.java:413) [junit-4.13.jar:4.13]
	at org.eclipse.jdt.internal.junit4.runner.JUnit4TestReference.run(JUnit4TestReference.java:93) [.cp/:?]
	at org.eclipse.jdt.internal.junit.runner.TestExecution.run(TestExecution.java:40) [.cp/:?]
	at org.eclipse.jdt.internal.junit.runner.RemoteTestRunner.runTests(RemoteTestRunner.java:530) [.cp/:?]
	at org.eclipse.jdt.internal.junit.runner.RemoteTestRunner.runTests(RemoteTestRunner.java:758) [.cp/:?]
	at org.eclipse.jdt.internal.junit.runner.RemoteTestRunner.run(RemoteTestRunner.java:453) [.cp/:?]
	at org.eclipse.jdt.internal.junit.runner.RemoteTestRunner.main(RemoteTestRunner.java:211) [.cp/:?]
2025-12-30 03:34:29 INFO  === END   tests.productCardsTests.ProductCardElementsTests.cardValidation[Exp#1 [f1=1, f2=1, f3=1, f4=1, f5=1, f6=1, f7=1, f8=1]] ===
2025-12-30 03:34:29 INFO  === START tests.productCardsTests.ProductCardElementsTests.cardValidation[Exp#2 [f1=1, f2=1, f3=2, f4=2, f5=2, f6=2, f7=2, f8=2]] ===
2025-12-30 03:34:29 INFO  STEP: 📝 New input: Filling form fields.
2025-12-30 03:34:32 INFO  STEP PASS: Card #1 should have Tumbnail
2025-12-30 03:34:33 INFO  STEP PASS: Card #1 should have Title (card's title: Black Aluminium Cup)
2025-12-30 03:34:33 INFO  STEP PASS: Card #1 should have Rating (card's description: The Black Aluminium Cup is a stylish and durable cup suitable for both hot and cold beverages. Its sleek black design adds a modern touch to your drinkware collection.)
2025-12-30 03:34:33 INFO  STEP PASS: Card #1 should have Price (card's price: 5.99)
2025-12-30 03:34:33 INFO  STEP PASS: Card #1 should have Rating (card's rating: 4.5)
2025-12-30 03:34:33 ERROR STEP FAIL: Card #1 should have Additional Images Button
2025-12-30 03:34:33 ERROR === FAIL  tests.productCardsTests.ProductCardElementsTests.cardValidation[Exp#2 [f1=1, f2=1, f3=2, f4=2, f5=2, f6=2, f7=2, f8=2]] ===
java.lang.AssertionError: Card #1 should have Additional Images Button
	at org.junit.Assert.fail(Assert.java:89) ~[junit-4.13.jar:4.13]
	at org.junit.Assert.assertTrue(Assert.java:42) ~[junit-4.13.jar:4.13]
	at org.junit.Assert.assertFalse(Assert.java:65) ~[junit-4.13.jar:4.13]
	at tests.BaseTest.checkFalse(BaseTest.java:100) ~[test-classes/:?]
	at tests.productCardsTests.ProductCardElementsTests.isThereAdditionalImageBtnInProductCard(ProductCardElementsTests.java:104) ~[test-classes/:?]
	at tests.productCardsTests.ProductCardElementsTests.cardValidation(ProductCardElementsTests.java:60) ~[test-classes/:?]
	at jdk.internal.reflect.DirectMethodHandleAccessor.invoke(DirectMethodHandleAccessor.java:103) ~[?:?]
	at java.lang.reflect.Method.invoke(Method.java:580) ~[?:?]
	at org.junit.runners.model.FrameworkMethod$1.runReflectiveCall(FrameworkMethod.java:59) ~[junit-4.13.jar:4.13]
	at org.junit.internal.runners.model.ReflectiveCallable.run(ReflectiveCallable.java:12) ~[junit-4.13.jar:4.13]
	at org.junit.runners.model.FrameworkMethod.invokeExplosively(FrameworkMethod.java:56) ~[junit-4.13.jar:4.13]
	at org.junit.internal.runners.statements.InvokeMethod.evaluate(InvokeMethod.java:17) ~[junit-4.13.jar:4.13]
	at org.junit.internal.runners.statements.RunBefores.evaluate(RunBefores.java:26) ~[junit-4.13.jar:4.13]
	at org.junit.internal.runners.statements.RunAfters.evaluate(RunAfters.java:27) ~[junit-4.13.jar:4.13]
	at org.junit.rules.TestWatcher$1.evaluate(TestWatcher.java:61) [junit-4.13.jar:4.13]
	at org.junit.runners.ParentRunner$3.evaluate(ParentRunner.java:306) [junit-4.13.jar:4.13]
	at org.junit.runners.BlockJUnit4ClassRunner$1.evaluate(BlockJUnit4ClassRunner.java:100) [junit-4.13.jar:4.13]
	at org.junit.runners.ParentRunner.runLeaf(ParentRunner.java:366) [junit-4.13.jar:4.13]
	at org.junit.runners.BlockJUnit4ClassRunner.runChild(BlockJUnit4ClassRunner.java:103) [junit-4.13.jar:4.13]
	at org.junit.runners.BlockJUnit4ClassRunner.runChild(BlockJUnit4ClassRunner.java:63) [junit-4.13.jar:4.13]
	at org.junit.runners.ParentRunner$4.run(ParentRunner.java:331) [junit-4.13.jar:4.13]
	at org.junit.runners.ParentRunner$1.schedule(ParentRunner.java:79) [junit-4.13.jar:4.13]
	at org.junit.runners.ParentRunner.runChildren(ParentRunner.java:329) [junit-4.13.jar:4.13]
	at org.junit.runners.ParentRunner.access$100(ParentRunner.java:66) [junit-4.13.jar:4.13]
	at org.junit.runners.ParentRunner$2.evaluate(ParentRunner.java:293) [junit-4.13.jar:4.13]
	at org.junit.runners.ParentRunner.run(ParentRunner.java:413) [junit-4.13.jar:4.13]
	at org.junit.runners.Suite.runChild(Suite.java:128) [junit-4.13.jar:4.13]
	at org.junit.runners.Suite.runChild(Suite.java:27) [junit-4.13.jar:4.13]
	at org.junit.runners.ParentRunner$4.run(ParentRunner.java:331) [junit-4.13.jar:4.13]
	at org.junit.runners.ParentRunner$1.schedule(ParentRunner.java:79) [junit-4.13.jar:4.13]
	at org.junit.runners.ParentRunner.runChildren(ParentRunner.java:329) [junit-4.13.jar:4.13]
	at org.junit.runners.ParentRunner.access$100(ParentRunner.java:66) [junit-4.13.jar:4.13]
	at org.junit.runners.ParentRunner$2.evaluate(ParentRunner.java:293) [junit-4.13.jar:4.13]
	at org.junit.internal.runners.statements.RunAfters.evaluate(RunAfters.java:27) [junit-4.13.jar:4.13]
	at org.junit.runners.ParentRunner$3.evaluate(ParentRunner.java:306) [junit-4.13.jar:4.13]
	at org.junit.runners.ParentRunner.run(ParentRunner.java:413) [junit-4.13.jar:4.13]
	at org.eclipse.jdt.internal.junit4.runner.JUnit4TestReference.run(JUnit4TestReference.java:93) [.cp/:?]
	at org.eclipse.jdt.internal.junit.runner.TestExecution.run(TestExecution.java:40) [.cp/:?]
	at org.eclipse.jdt.internal.junit.runner.RemoteTestRunner.runTests(RemoteTestRunner.java:530) [.cp/:?]
	at org.eclipse.jdt.internal.junit.runner.RemoteTestRunner.runTests(RemoteTestRunner.java:758) [.cp/:?]
	at org.eclipse.jdt.internal.junit.runner.RemoteTestRunner.run(RemoteTestRunner.java:453) [.cp/:?]
	at org.eclipse.jdt.internal.junit.runner.RemoteTestRunner.main(RemoteTestRunner.java:211) [.cp/:?]
2025-12-30 03:34:33 INFO  === END   tests.productCardsTests.ProductCardElementsTests.cardValidation[Exp#2 [f1=1, f2=1, f3=2, f4=2, f5=2, f6=2, f7=2, f8=2]] ===
2025-12-30 03:34:33 INFO  === START tests.productCardsTests.ProductCardElementsTests.cardValidation[Exp#3 [f1=1, f2=1, f3=3, f4=3, f5=3, f6=3, f7=3, f8=3]] ===
2025-12-30 03:34:33 INFO  STEP: 📝 New input: Filling form fields.
2025-12-30 03:34:36 INFO  STEP PASS: Card #1 should have Tumbnail
2025-12-30 03:34:36 INFO  STEP PASS: Card #1 should have Title (card's title: Samsung Galaxy Tab White)
2025-12-30 03:34:36 INFO  STEP PASS: Card #1 should have Rating (card's description: The Samsung Galaxy Tab in White is a sleek and versatile Android tablet. With a vibrant display, long-lasting battery, and a range of features, it offers a great user experience for various tasks.)
2025-12-30 03:34:37 INFO  STEP PASS: Card #1 should have Price (card's price: 349.99)
2025-12-30 03:34:37 INFO  STEP PASS: Card #1 should have Rating (card's rating: 3.7)
2025-12-30 03:34:37 ERROR STEP FAIL: Card #1 should have Additional Images Button
2025-12-30 03:34:37 ERROR === FAIL  tests.productCardsTests.ProductCardElementsTests.cardValidation[Exp#3 [f1=1, f2=1, f3=3, f4=3, f5=3, f6=3, f7=3, f8=3]] ===
java.lang.AssertionError: Card #1 should have Additional Images Button
	at org.junit.Assert.fail(Assert.java:89) ~[junit-4.13.jar:4.13]
	at org.junit.Assert.assertTrue(Assert.java:42) ~[junit-4.13.jar:4.13]
	at org.junit.Assert.assertFalse(Assert.java:65) ~[junit-4.13.jar:4.13]
	at tests.BaseTest.checkFalse(BaseTest.java:100) ~[test-classes/:?]
	at tests.productCardsTests.ProductCardElementsTests.isThereAdditionalImageBtnInProductCard(ProductCardElementsTests.java:104) ~[test-classes/:?]
	at tests.productCardsTests.ProductCardElementsTests.cardValidation(ProductCardElementsTests.java:60) ~[test-classes/:?]
	at jdk.internal.reflect.DirectMethodHandleAccessor.invoke(DirectMethodHandleAccessor.java:103) ~[?:?]
	at java.lang.reflect.Method.invoke(Method.java:580) ~[?:?]
	at org.junit.runners.model.FrameworkMethod$1.runReflectiveCall(FrameworkMethod.java:59) ~[junit-4.13.jar:4.13]
	at org.junit.internal.runners.model.ReflectiveCallable.run(ReflectiveCallable.java:12) ~[junit-4.13.jar:4.13]
	at org.junit.runners.model.FrameworkMethod.invokeExplosively(FrameworkMethod.java:56) ~[junit-4.13.jar:4.13]
	at org.junit.internal.runners.statements.InvokeMethod.evaluate(InvokeMethod.java:17) ~[junit-4.13.jar:4.13]
	at org.junit.internal.runners.statements.RunBefores.evaluate(RunBefores.java:26) ~[junit-4.13.jar:4.13]
	at org.junit.internal.runners.statements.RunAfters.evaluate(RunAfters.java:27) ~[junit-4.13.jar:4.13]
	at org.junit.rules.TestWatcher$1.evaluate(TestWatcher.java:61) [junit-4.13.jar:4.13]
	at org.junit.runners.ParentRunner$3.evaluate(ParentRunner.java:306) [junit-4.13.jar:4.13]
	at org.junit.runners.BlockJUnit4ClassRunner$1.evaluate(BlockJUnit4ClassRunner.java:100) [junit-4.13.jar:4.13]
	at org.junit.runners.ParentRunner.runLeaf(ParentRunner.java:366) [junit-4.13.jar:4.13]
	at org.junit.runners.BlockJUnit4ClassRunner.runChild(BlockJUnit4ClassRunner.java:103) [junit-4.13.jar:4.13]
	at org.junit.runners.BlockJUnit4ClassRunner.runChild(BlockJUnit4ClassRunner.java:63) [junit-4.13.jar:4.13]
	at org.junit.runners.ParentRunner$4.run(ParentRunner.java:331) [junit-4.13.jar:4.13]
	at org.junit.runners.ParentRunner$1.schedule(ParentRunner.java:79) [junit-4.13.jar:4.13]
	at org.junit.runners.ParentRunner.runChildren(ParentRunner.java:329) [junit-4.13.jar:4.13]
	at org.junit.runners.ParentRunner.access$100(ParentRunner.java:66) [junit-4.13.jar:4.13]
	at org.junit.runners.ParentRunner$2.evaluate(ParentRunner.java:293) [junit-4.13.jar:4.13]
	at org.junit.runners.ParentRunner.run(ParentRunner.java:413) [junit-4.13.jar:4.13]
	at org.junit.runners.Suite.runChild(Suite.java:128) [junit-4.13.jar:4.13]
	at org.junit.runners.Suite.runChild(Suite.java:27) [junit-4.13.jar:4.13]
	at org.junit.runners.ParentRunner$4.run(ParentRunner.java:331) [junit-4.13.jar:4.13]
	at org.junit.runners.ParentRunner$1.schedule(ParentRunner.java:79) [junit-4.13.jar:4.13]
	at org.junit.runners.ParentRunner.runChildren(ParentRunner.java:329) [junit-4.13.jar:4.13]
	at org.junit.runners.ParentRunner.access$100(ParentRunner.java:66) [junit-4.13.jar:4.13]
	at org.junit.runners.ParentRunner$2.evaluate(ParentRunner.java:293) [junit-4.13.jar:4.13]
	at org.junit.internal.runners.statements.RunAfters.evaluate(RunAfters.java:27) [junit-4.13.jar:4.13]
	at org.junit.runners.ParentRunner$3.evaluate(ParentRunner.java:306) [junit-4.13.jar:4.13]
	at org.junit.runners.ParentRunner.run(ParentRunner.java:413) [junit-4.13.jar:4.13]
	at org.eclipse.jdt.internal.junit4.runner.JUnit4TestReference.run(JUnit4TestReference.java:93) [.cp/:?]
	at org.eclipse.jdt.internal.junit.runner.TestExecution.run(TestExecution.java:40) [.cp/:?]
	at org.eclipse.jdt.internal.junit.runner.RemoteTestRunner.runTests(RemoteTestRunner.java:530) [.cp/:?]
	at org.eclipse.jdt.internal.junit.runner.RemoteTestRunner.runTests(RemoteTestRunner.java:758) [.cp/:?]
	at org.eclipse.jdt.internal.junit.runner.RemoteTestRunner.run(RemoteTestRunner.java:453) [.cp/:?]
	at org.eclipse.jdt.internal.junit.runner.RemoteTestRunner.main(RemoteTestRunner.java:211) [.cp/:?]
2025-12-30 03:34:37 INFO  === END   tests.productCardsTests.ProductCardElementsTests.cardValidation[Exp#3 [f1=1, f2=1, f3=3, f4=3, f5=3, f6=3, f7=3, f8=3]] ===
2025-12-30 03:34:37 INFO  === START tests.productCardsTests.ProductCardElementsTests.cardValidation[Exp#4 [f1=1, f2=2, f3=1, f4=1, f5=2, f6=2, f7=3, f8=3]] ===
2025-12-30 03:34:37 INFO  STEP: 📝 New input: Filling form fields.
2025-12-30 03:34:40 INFO  STEP PASS: Card #1 should have Tumbnail
2025-12-30 03:34:40 INFO  STEP PASS: Card #1 should have Title (card's title: Plant Pot)
2025-12-30 03:34:40 INFO  STEP PASS: Card #1 should have Rating (card's description: The Plant Pot is a stylish container for your favorite plants. With a sleek design, it complements your indoor or outdoor garden, adding a modern touch to your plant display.)
2025-12-30 03:34:40 INFO  STEP PASS: Card #1 should have Price (card's price: 14.99)
2025-12-30 03:34:41 INFO  STEP PASS: Card #1 should have Rating (card's rating: 3.0)
2025-12-30 03:34:41 ERROR STEP FAIL: Card #1 should have Additional Images Button
2025-12-30 03:34:41 ERROR === FAIL  tests.productCardsTests.ProductCardElementsTests.cardValidation[Exp#4 [f1=1, f2=2, f3=1, f4=1, f5=2, f6=2, f7=3, f8=3]] ===
java.lang.AssertionError: Card #1 should have Additional Images Button
	at org.junit.Assert.fail(Assert.java:89) ~[junit-4.13.jar:4.13]
	at org.junit.Assert.assertTrue(Assert.java:42) ~[junit-4.13.jar:4.13]
	at org.junit.Assert.assertFalse(Assert.java:65) ~[junit-4.13.jar:4.13]
	at tests.BaseTest.checkFalse(BaseTest.java:100) ~[test-classes/:?]
	at tests.productCardsTests.ProductCardElementsTests.isThereAdditionalImageBtnInProductCard(ProductCardElementsTests.java:104) ~[test-classes/:?]
	at tests.productCardsTests.ProductCardElementsTests.cardValidation(ProductCardElementsTests.java:60) ~[test-classes/:?]
	at jdk.internal.reflect.DirectMethodHandleAccessor.invoke(DirectMethodHandleAccessor.java:103) ~[?:?]
	at java.lang.reflect.Method.invoke(Method.java:580) ~[?:?]
	at org.junit.runners.model.FrameworkMethod$1.runReflectiveCall(FrameworkMethod.java:59) ~[junit-4.13.jar:4.13]
	at org.junit.internal.runners.model.ReflectiveCallable.run(ReflectiveCallable.java:12) ~[junit-4.13.jar:4.13]
	at org.junit.runners.model.FrameworkMethod.invokeExplosively(FrameworkMethod.java:56) ~[junit-4.13.jar:4.13]
	at org.junit.internal.runners.statements.InvokeMethod.evaluate(InvokeMethod.java:17) ~[junit-4.13.jar:4.13]
	at org.junit.internal.runners.statements.RunBefores.evaluate(RunBefores.java:26) ~[junit-4.13.jar:4.13]
	at org.junit.internal.runners.statements.RunAfters.evaluate(RunAfters.java:27) ~[junit-4.13.jar:4.13]
	at org.junit.rules.TestWatcher$1.evaluate(TestWatcher.java:61) [junit-4.13.jar:4.13]
	at org.junit.runners.ParentRunner$3.evaluate(ParentRunner.java:306) [junit-4.13.jar:4.13]
	at org.junit.runners.BlockJUnit4ClassRunner$1.evaluate(BlockJUnit4ClassRunner.java:100) [junit-4.13.jar:4.13]
	at org.junit.runners.ParentRunner.runLeaf(ParentRunner.java:366) [junit-4.13.jar:4.13]
	at org.junit.runners.BlockJUnit4ClassRunner.runChild(BlockJUnit4ClassRunner.java:103) [junit-4.13.jar:4.13]
	at org.junit.runners.BlockJUnit4ClassRunner.runChild(BlockJUnit4ClassRunner.java:63) [junit-4.13.jar:4.13]
	at org.junit.runners.ParentRunner$4.run(ParentRunner.java:331) [junit-4.13.jar:4.13]
	at org.junit.runners.ParentRunner$1.schedule(ParentRunner.java:79) [junit-4.13.jar:4.13]
	at org.junit.runners.ParentRunner.runChildren(ParentRunner.java:329) [junit-4.13.jar:4.13]
	at org.junit.runners.ParentRunner.access$100(ParentRunner.java:66) [junit-4.13.jar:4.13]
	at org.junit.runners.ParentRunner$2.evaluate(ParentRunner.java:293) [junit-4.13.jar:4.13]
	at org.junit.runners.ParentRunner.run(ParentRunner.java:413) [junit-4.13.jar:4.13]
	at org.junit.runners.Suite.runChild(Suite.java:128) [junit-4.13.jar:4.13]
	at org.junit.runners.Suite.runChild(Suite.java:27) [junit-4.13.jar:4.13]
	at org.junit.runners.ParentRunner$4.run(ParentRunner.java:331) [junit-4.13.jar:4.13]
	at org.junit.runners.ParentRunner$1.schedule(ParentRunner.java:79) [junit-4.13.jar:4.13]
	at org.junit.runners.ParentRunner.runChildren(ParentRunner.java:329) [junit-4.13.jar:4.13]
	at org.junit.runners.ParentRunner.access$100(ParentRunner.java:66) [junit-4.13.jar:4.13]
	at org.junit.runners.ParentRunner$2.evaluate(ParentRunner.java:293) [junit-4.13.jar:4.13]
	at org.junit.internal.runners.statements.RunAfters.evaluate(RunAfters.java:27) [junit-4.13.jar:4.13]
	at org.junit.runners.ParentRunner$3.evaluate(ParentRunner.java:306) [junit-4.13.jar:4.13]
	at org.junit.runners.ParentRunner.run(ParentRunner.java:413) [junit-4.13.jar:4.13]
	at org.eclipse.jdt.internal.junit4.runner.JUnit4TestReference.run(JUnit4TestReference.java:93) [.cp/:?]
	at org.eclipse.jdt.internal.junit.runner.TestExecution.run(TestExecution.java:40) [.cp/:?]
	at org.eclipse.jdt.internal.junit.runner.RemoteTestRunner.runTests(RemoteTestRunner.java:530) [.cp/:?]
	at org.eclipse.jdt.internal.junit.runner.RemoteTestRunner.runTests(RemoteTestRunner.java:758) [.cp/:?]
	at org.eclipse.jdt.internal.junit.runner.RemoteTestRunner.run(RemoteTestRunner.java:453) [.cp/:?]
	at org.eclipse.jdt.internal.junit.runner.RemoteTestRunner.main(RemoteTestRunner.java:211) [.cp/:?]
2025-12-30 03:34:41 INFO  === END   tests.productCardsTests.ProductCardElementsTests.cardValidation[Exp#4 [f1=1, f2=2, f3=1, f4=1, f5=2, f6=2, f7=3, f8=3]] ===
2025-12-30 03:34:41 INFO  === START tests.productCardsTests.ProductCardElementsTests.cardValidation[Exp#5 [f1=1, f2=2, f3=2, f4=2, f5=3, f6=3, f7=1, f8=1]] ===
2025-12-30 03:34:41 INFO  STEP: 📝 New input: Filling form fields.
2025-12-30 03:34:44 INFO  STEP PASS: Card #1 should have Tumbnail
2025-12-30 03:34:44 INFO  STEP PASS: Card #1 should have Title (card's title: Black Aluminium Cup)
2025-12-30 03:34:44 INFO  STEP PASS: Card #1 should have Rating (card's description: The Black Aluminium Cup is a stylish and durable cup suitable for both hot and cold beverages. Its sleek black design adds a modern touch to your drinkware collection.)
2025-12-30 03:34:44 INFO  STEP PASS: Card #1 should have Price (card's price: 5.99)
2025-12-30 03:34:44 INFO  STEP PASS: Card #1 should have Rating (card's rating: 4.5)
2025-12-30 03:34:44 ERROR STEP FAIL: Card #1 should have Additional Images Button
2025-12-30 03:34:44 ERROR === FAIL  tests.productCardsTests.ProductCardElementsTests.cardValidation[Exp#5 [f1=1, f2=2, f3=2, f4=2, f5=3, f6=3, f7=1, f8=1]] ===
java.lang.AssertionError: Card #1 should have Additional Images Button
	at org.junit.Assert.fail(Assert.java:89) ~[junit-4.13.jar:4.13]
	at org.junit.Assert.assertTrue(Assert.java:42) ~[junit-4.13.jar:4.13]
	at org.junit.Assert.assertFalse(Assert.java:65) ~[junit-4.13.jar:4.13]
	at tests.BaseTest.checkFalse(BaseTest.java:100) ~[test-classes/:?]
	at tests.productCardsTests.ProductCardElementsTests.isThereAdditionalImageBtnInProductCard(ProductCardElementsTests.java:104) ~[test-classes/:?]
	at tests.productCardsTests.ProductCardElementsTests.cardValidation(ProductCardElementsTests.java:60) ~[test-classes/:?]
	at jdk.internal.reflect.DirectMethodHandleAccessor.invoke(DirectMethodHandleAccessor.java:103) ~[?:?]
	at java.lang.reflect.Method.invoke(Method.java:580) ~[?:?]
	at org.junit.runners.model.FrameworkMethod$1.runReflectiveCall(FrameworkMethod.java:59) ~[junit-4.13.jar:4.13]
	at org.junit.internal.runners.model.ReflectiveCallable.run(ReflectiveCallable.java:12) ~[junit-4.13.jar:4.13]
	at org.junit.runners.model.FrameworkMethod.invokeExplosively(FrameworkMethod.java:56) ~[junit-4.13.jar:4.13]
	at org.junit.internal.runners.statements.InvokeMethod.evaluate(InvokeMethod.java:17) ~[junit-4.13.jar:4.13]
	at org.junit.internal.runners.statements.RunBefores.evaluate(RunBefores.java:26) ~[junit-4.13.jar:4.13]
	at org.junit.internal.runners.statements.RunAfters.evaluate(RunAfters.java:27) ~[junit-4.13.jar:4.13]
	at org.junit.rules.TestWatcher$1.evaluate(TestWatcher.java:61) [junit-4.13.jar:4.13]
	at org.junit.runners.ParentRunner$3.evaluate(ParentRunner.java:306) [junit-4.13.jar:4.13]
	at org.junit.runners.BlockJUnit4ClassRunner$1.evaluate(BlockJUnit4ClassRunner.java:100) [junit-4.13.jar:4.13]
	at org.junit.runners.ParentRunner.runLeaf(ParentRunner.java:366) [junit-4.13.jar:4.13]
	at org.junit.runners.BlockJUnit4ClassRunner.runChild(BlockJUnit4ClassRunner.java:103) [junit-4.13.jar:4.13]
	at org.junit.runners.BlockJUnit4ClassRunner.runChild(BlockJUnit4ClassRunner.java:63) [junit-4.13.jar:4.13]
	at org.junit.runners.ParentRunner$4.run(ParentRunner.java:331) [junit-4.13.jar:4.13]
	at org.junit.runners.ParentRunner$1.schedule(ParentRunner.java:79) [junit-4.13.jar:4.13]
	at org.junit.runners.ParentRunner.runChildren(ParentRunner.java:329) [junit-4.13.jar:4.13]
	at org.junit.runners.ParentRunner.access$100(ParentRunner.java:66) [junit-4.13.jar:4.13]
	at org.junit.runners.ParentRunner$2.evaluate(ParentRunner.java:293) [junit-4.13.jar:4.13]
	at org.junit.runners.ParentRunner.run(ParentRunner.java:413) [junit-4.13.jar:4.13]
	at org.junit.runners.Suite.runChild(Suite.java:128) [junit-4.13.jar:4.13]
	at org.junit.runners.Suite.runChild(Suite.java:27) [junit-4.13.jar:4.13]
	at org.junit.runners.ParentRunner$4.run(ParentRunner.java:331) [junit-4.13.jar:4.13]
	at org.junit.runners.ParentRunner$1.schedule(ParentRunner.java:79) [junit-4.13.jar:4.13]
	at org.junit.runners.ParentRunner.runChildren(ParentRunner.java:329) [junit-4.13.jar:4.13]
	at org.junit.runners.ParentRunner.access$100(ParentRunner.java:66) [junit-4.13.jar:4.13]
	at org.junit.runners.ParentRunner$2.evaluate(ParentRunner.java:293) [junit-4.13.jar:4.13]
	at org.junit.internal.runners.statements.RunAfters.evaluate(RunAfters.java:27) [junit-4.13.jar:4.13]
	at org.junit.runners.ParentRunner$3.evaluate(ParentRunner.java:306) [junit-4.13.jar:4.13]
	at org.junit.runners.ParentRunner.run(ParentRunner.java:413) [junit-4.13.jar:4.13]
	at org.eclipse.jdt.internal.junit4.runner.JUnit4TestReference.run(JUnit4TestReference.java:93) [.cp/:?]
	at org.eclipse.jdt.internal.junit.runner.TestExecution.run(TestExecution.java:40) [.cp/:?]
	at org.eclipse.jdt.internal.junit.runner.RemoteTestRunner.runTests(RemoteTestRunner.java:530) [.cp/:?]
	at org.eclipse.jdt.internal.junit.runner.RemoteTestRunner.runTests(RemoteTestRunner.java:758) [.cp/:?]
	at org.eclipse.jdt.internal.junit.runner.RemoteTestRunner.run(RemoteTestRunner.java:453) [.cp/:?]
	at org.eclipse.jdt.internal.junit.runner.RemoteTestRunner.main(RemoteTestRunner.java:211) [.cp/:?]
2025-12-30 03:34:44 INFO  === END   tests.productCardsTests.ProductCardElementsTests.cardValidation[Exp#5 [f1=1, f2=2, f3=2, f4=2, f5=3, f6=3, f7=1, f8=1]] ===
2025-12-30 03:34:44 INFO  === START tests.productCardsTests.ProductCardElementsTests.cardValidation[Exp#6 [f1=1, f2=2, f3=3, f4=3, f5=1, f6=1, f7=2, f8=2]] ===
2025-12-30 03:34:44 INFO  STEP: 📝 New input: Filling form fields.
2025-12-30 03:34:48 INFO  STEP PASS: Card #1 should have Tumbnail
2025-12-30 03:34:48 INFO  STEP PASS: Card #1 should have Title (card's title: Baseball Ball)
2025-12-30 03:34:48 INFO  STEP PASS: Card #1 should have Rating (card's description: The Baseball Ball is a standard baseball used in baseball games. It features a durable leather cover and is designed for pitching, hitting, and fielding in the game of baseball.)
2025-12-30 03:34:48 INFO  STEP PASS: Card #1 should have Price (card's price: 8.99)
2025-12-30 03:34:48 INFO  STEP PASS: Card #1 should have Rating (card's rating: 2.6)
2025-12-30 03:34:48 ERROR STEP FAIL: Card #1 should have Additional Images Button
2025-12-30 03:34:48 ERROR === FAIL  tests.productCardsTests.ProductCardElementsTests.cardValidation[Exp#6 [f1=1, f2=2, f3=3, f4=3, f5=1, f6=1, f7=2, f8=2]] ===
java.lang.AssertionError: Card #1 should have Additional Images Button
	at org.junit.Assert.fail(Assert.java:89) ~[junit-4.13.jar:4.13]
	at org.junit.Assert.assertTrue(Assert.java:42) ~[junit-4.13.jar:4.13]
	at org.junit.Assert.assertFalse(Assert.java:65) ~[junit-4.13.jar:4.13]
	at tests.BaseTest.checkFalse(BaseTest.java:100) ~[test-classes/:?]
	at tests.productCardsTests.ProductCardElementsTests.isThereAdditionalImageBtnInProductCard(ProductCardElementsTests.java:104) ~[test-classes/:?]
	at tests.productCardsTests.ProductCardElementsTests.cardValidation(ProductCardElementsTests.java:60) ~[test-classes/:?]
	at jdk.internal.reflect.DirectMethodHandleAccessor.invoke(DirectMethodHandleAccessor.java:103) ~[?:?]
	at java.lang.reflect.Method.invoke(Method.java:580) ~[?:?]
	at org.junit.runners.model.FrameworkMethod$1.runReflectiveCall(FrameworkMethod.java:59) ~[junit-4.13.jar:4.13]
	at org.junit.internal.runners.model.ReflectiveCallable.run(ReflectiveCallable.java:12) ~[junit-4.13.jar:4.13]
	at org.junit.runners.model.FrameworkMethod.invokeExplosively(FrameworkMethod.java:56) ~[junit-4.13.jar:4.13]
	at org.junit.internal.runners.statements.InvokeMethod.evaluate(InvokeMethod.java:17) ~[junit-4.13.jar:4.13]
	at org.junit.internal.runners.statements.RunBefores.evaluate(RunBefores.java:26) ~[junit-4.13.jar:4.13]
	at org.junit.internal.runners.statements.RunAfters.evaluate(RunAfters.java:27) ~[junit-4.13.jar:4.13]
	at org.junit.rules.TestWatcher$1.evaluate(TestWatcher.java:61) [junit-4.13.jar:4.13]
	at org.junit.runners.ParentRunner$3.evaluate(ParentRunner.java:306) [junit-4.13.jar:4.13]
	at org.junit.runners.BlockJUnit4ClassRunner$1.evaluate(BlockJUnit4ClassRunner.java:100) [junit-4.13.jar:4.13]
	at org.junit.runners.ParentRunner.runLeaf(ParentRunner.java:366) [junit-4.13.jar:4.13]
	at org.junit.runners.BlockJUnit4ClassRunner.runChild(BlockJUnit4ClassRunner.java:103) [junit-4.13.jar:4.13]
	at org.junit.runners.BlockJUnit4ClassRunner.runChild(BlockJUnit4ClassRunner.java:63) [junit-4.13.jar:4.13]
	at org.junit.runners.ParentRunner$4.run(ParentRunner.java:331) [junit-4.13.jar:4.13]
	at org.junit.runners.ParentRunner$1.schedule(ParentRunner.java:79) [junit-4.13.jar:4.13]
	at org.junit.runners.ParentRunner.runChildren(ParentRunner.java:329) [junit-4.13.jar:4.13]
	at org.junit.runners.ParentRunner.access$100(ParentRunner.java:66) [junit-4.13.jar:4.13]
	at org.junit.runners.ParentRunner$2.evaluate(ParentRunner.java:293) [junit-4.13.jar:4.13]
	at org.junit.runners.ParentRunner.run(ParentRunner.java:413) [junit-4.13.jar:4.13]
	at org.junit.runners.Suite.runChild(Suite.java:128) [junit-4.13.jar:4.13]
	at org.junit.runners.Suite.runChild(Suite.java:27) [junit-4.13.jar:4.13]
	at org.junit.runners.ParentRunner$4.run(ParentRunner.java:331) [junit-4.13.jar:4.13]
	at org.junit.runners.ParentRunner$1.schedule(ParentRunner.java:79) [junit-4.13.jar:4.13]
	at org.junit.runners.ParentRunner.runChildren(ParentRunner.java:329) [junit-4.13.jar:4.13]
	at org.junit.runners.ParentRunner.access$100(ParentRunner.java:66) [junit-4.13.jar:4.13]
	at org.junit.runners.ParentRunner$2.evaluate(ParentRunner.java:293) [junit-4.13.jar:4.13]
	at org.junit.internal.runners.statements.RunAfters.evaluate(RunAfters.java:27) [junit-4.13.jar:4.13]
	at org.junit.runners.ParentRunner$3.evaluate(ParentRunner.java:306) [junit-4.13.jar:4.13]
	at org.junit.runners.ParentRunner.run(ParentRunner.java:413) [junit-4.13.jar:4.13]
	at org.eclipse.jdt.internal.junit4.runner.JUnit4TestReference.run(JUnit4TestReference.java:93) [.cp/:?]
	at org.eclipse.jdt.internal.junit.runner.TestExecution.run(TestExecution.java:40) [.cp/:?]
	at org.eclipse.jdt.internal.junit.runner.RemoteTestRunner.runTests(RemoteTestRunner.java:530) [.cp/:?]
	at org.eclipse.jdt.internal.junit.runner.RemoteTestRunner.runTests(RemoteTestRunner.java:758) [.cp/:?]
	at org.eclipse.jdt.internal.junit.runner.RemoteTestRunner.run(RemoteTestRunner.java:453) [.cp/:?]
	at org.eclipse.jdt.internal.junit.runner.RemoteTestRunner.main(RemoteTestRunner.java:211) [.cp/:?]
2025-12-30 03:34:48 INFO  === END   tests.productCardsTests.ProductCardElementsTests.cardValidation[Exp#6 [f1=1, f2=2, f3=3, f4=3, f5=1, f6=1, f7=2, f8=2]] ===
2025-12-30 03:34:48 INFO  === START tests.productCardsTests.ProductCardElementsTests.cardValidation[Exp#7 [f1=1, f2=3, f3=1, f4=2, f5=1, f6=3, f7=2, f8=3]] ===
2025-12-30 03:34:48 INFO  STEP: 📝 New input: Filling form fields.
2025-12-30 03:34:52 INFO  STEP PASS: Card #1 should have Tumbnail
2025-12-30 03:34:52 INFO  STEP PASS: Card #1 should have Title (card's title: Baseball Ball)
2025-12-30 03:34:52 INFO  STEP PASS: Card #1 should have Rating (card's description: The Baseball Ball is a standard baseball used in baseball games. It features a durable leather cover and is designed for pitching, hitting, and fielding in the game of baseball.)
2025-12-30 03:34:52 INFO  STEP PASS: Card #1 should have Price (card's price: 8.99)
2025-12-30 03:34:52 INFO  STEP PASS: Card #1 should have Rating (card's rating: 2.6)
2025-12-30 03:34:52 ERROR STEP FAIL: Card #1 should have Additional Images Button
2025-12-30 03:34:52 ERROR === FAIL  tests.productCardsTests.ProductCardElementsTests.cardValidation[Exp#7 [f1=1, f2=3, f3=1, f4=2, f5=1, f6=3, f7=2, f8=3]] ===
java.lang.AssertionError: Card #1 should have Additional Images Button
	at org.junit.Assert.fail(Assert.java:89) ~[junit-4.13.jar:4.13]
	at org.junit.Assert.assertTrue(Assert.java:42) ~[junit-4.13.jar:4.13]
	at org.junit.Assert.assertFalse(Assert.java:65) ~[junit-4.13.jar:4.13]
	at tests.BaseTest.checkFalse(BaseTest.java:100) ~[test-classes/:?]
	at tests.productCardsTests.ProductCardElementsTests.isThereAdditionalImageBtnInProductCard(ProductCardElementsTests.java:104) ~[test-classes/:?]
	at tests.productCardsTests.ProductCardElementsTests.cardValidation(ProductCardElementsTests.java:60) ~[test-classes/:?]
	at jdk.internal.reflect.DirectMethodHandleAccessor.invoke(DirectMethodHandleAccessor.java:103) ~[?:?]
	at java.lang.reflect.Method.invoke(Method.java:580) ~[?:?]
	at org.junit.runners.model.FrameworkMethod$1.runReflectiveCall(FrameworkMethod.java:59) ~[junit-4.13.jar:4.13]
	at org.junit.internal.runners.model.ReflectiveCallable.run(ReflectiveCallable.java:12) ~[junit-4.13.jar:4.13]
	at org.junit.runners.model.FrameworkMethod.invokeExplosively(FrameworkMethod.java:56) ~[junit-4.13.jar:4.13]
	at org.junit.internal.runners.statements.InvokeMethod.evaluate(InvokeMethod.java:17) ~[junit-4.13.jar:4.13]
	at org.junit.internal.runners.statements.RunBefores.evaluate(RunBefores.java:26) ~[junit-4.13.jar:4.13]
	at org.junit.internal.runners.statements.RunAfters.evaluate(RunAfters.java:27) ~[junit-4.13.jar:4.13]
	at org.junit.rules.TestWatcher$1.evaluate(TestWatcher.java:61) [junit-4.13.jar:4.13]
	at org.junit.runners.ParentRunner$3.evaluate(ParentRunner.java:306) [junit-4.13.jar:4.13]
	at org.junit.runners.BlockJUnit4ClassRunner$1.evaluate(BlockJUnit4ClassRunner.java:100) [junit-4.13.jar:4.13]
	at org.junit.runners.ParentRunner.runLeaf(ParentRunner.java:366) [junit-4.13.jar:4.13]
	at org.junit.runners.BlockJUnit4ClassRunner.runChild(BlockJUnit4ClassRunner.java:103) [junit-4.13.jar:4.13]
	at org.junit.runners.BlockJUnit4ClassRunner.runChild(BlockJUnit4ClassRunner.java:63) [junit-4.13.jar:4.13]
	at org.junit.runners.ParentRunner$4.run(ParentRunner.java:331) [junit-4.13.jar:4.13]
	at org.junit.runners.ParentRunner$1.schedule(ParentRunner.java:79) [junit-4.13.jar:4.13]
	at org.junit.runners.ParentRunner.runChildren(ParentRunner.java:329) [junit-4.13.jar:4.13]
	at org.junit.runners.ParentRunner.access$100(ParentRunner.java:66) [junit-4.13.jar:4.13]
	at org.junit.runners.ParentRunner$2.evaluate(ParentRunner.java:293) [junit-4.13.jar:4.13]
	at org.junit.runners.ParentRunner.run(ParentRunner.java:413) [junit-4.13.jar:4.13]
	at org.junit.runners.Suite.runChild(Suite.java:128) [junit-4.13.jar:4.13]
	at org.junit.runners.Suite.runChild(Suite.java:27) [junit-4.13.jar:4.13]
	at org.junit.runners.ParentRunner$4.run(ParentRunner.java:331) [junit-4.13.jar:4.13]
	at org.junit.runners.ParentRunner$1.schedule(ParentRunner.java:79) [junit-4.13.jar:4.13]
	at org.junit.runners.ParentRunner.runChildren(ParentRunner.java:329) [junit-4.13.jar:4.13]
	at org.junit.runners.ParentRunner.access$100(ParentRunner.java:66) [junit-4.13.jar:4.13]
	at org.junit.runners.ParentRunner$2.evaluate(ParentRunner.java:293) [junit-4.13.jar:4.13]
	at org.junit.internal.runners.statements.RunAfters.evaluate(RunAfters.java:27) [junit-4.13.jar:4.13]
	at org.junit.runners.ParentRunner$3.evaluate(ParentRunner.java:306) [junit-4.13.jar:4.13]
	at org.junit.runners.ParentRunner.run(ParentRunner.java:413) [junit-4.13.jar:4.13]
	at org.eclipse.jdt.internal.junit4.runner.JUnit4TestReference.run(JUnit4TestReference.java:93) [.cp/:?]
	at org.eclipse.jdt.internal.junit.runner.TestExecution.run(TestExecution.java:40) [.cp/:?]
	at org.eclipse.jdt.internal.junit.runner.RemoteTestRunner.runTests(RemoteTestRunner.java:530) [.cp/:?]
	at org.eclipse.jdt.internal.junit.runner.RemoteTestRunner.runTests(RemoteTestRunner.java:758) [.cp/:?]
	at org.eclipse.jdt.internal.junit.runner.RemoteTestRunner.run(RemoteTestRunner.java:453) [.cp/:?]
	at org.eclipse.jdt.internal.junit.runner.RemoteTestRunner.main(RemoteTestRunner.java:211) [.cp/:?]
2025-12-30 03:34:52 INFO  === END   tests.productCardsTests.ProductCardElementsTests.cardValidation[Exp#7 [f1=1, f2=3, f3=1, f4=2, f5=1, f6=3, f7=2, f8=3]] ===
2025-12-30 03:34:52 INFO  === START tests.productCardsTests.ProductCardElementsTests.cardValidation[Exp#8 [f1=1, f2=3, f3=2, f4=3, f5=2, f6=1, f7=3, f8=1]] ===
2025-12-30 03:34:52 INFO  STEP: 📝 New input: Filling form fields.
2025-12-30 03:34:56 INFO  STEP PASS: Card #1 should have Tumbnail
2025-12-30 03:34:56 INFO  STEP PASS: Card #1 should have Title (card's title: iPhone 5s)
2025-12-30 03:34:56 INFO  STEP PASS: Card #1 should have Rating (card's description: The iPhone 5s is a classic smartphone known for its compact design and advanced features during its release. While it's an older model, it still provides a reliable user experience.)
2025-12-30 03:34:56 INFO  STEP PASS: Card #1 should have Price (card's price: 199.99)
2025-12-30 03:34:56 INFO  STEP PASS: Card #1 should have Rating (card's rating: 2.8)
2025-12-30 03:34:56 ERROR STEP FAIL: Card #1 should have Additional Images Button
2025-12-30 03:34:56 ERROR === FAIL  tests.productCardsTests.ProductCardElementsTests.cardValidation[Exp#8 [f1=1, f2=3, f3=2, f4=3, f5=2, f6=1, f7=3, f8=1]] ===
java.lang.AssertionError: Card #1 should have Additional Images Button
	at org.junit.Assert.fail(Assert.java:89) ~[junit-4.13.jar:4.13]
	at org.junit.Assert.assertTrue(Assert.java:42) ~[junit-4.13.jar:4.13]
	at org.junit.Assert.assertFalse(Assert.java:65) ~[junit-4.13.jar:4.13]
	at tests.BaseTest.checkFalse(BaseTest.java:100) ~[test-classes/:?]
	at tests.productCardsTests.ProductCardElementsTests.isThereAdditionalImageBtnInProductCard(ProductCardElementsTests.java:104) ~[test-classes/:?]
	at tests.productCardsTests.ProductCardElementsTests.cardValidation(ProductCardElementsTests.java:60) ~[test-classes/:?]
	at jdk.internal.reflect.DirectMethodHandleAccessor.invoke(DirectMethodHandleAccessor.java:103) ~[?:?]
	at java.lang.reflect.Method.invoke(Method.java:580) ~[?:?]
	at org.junit.runners.model.FrameworkMethod$1.runReflectiveCall(FrameworkMethod.java:59) ~[junit-4.13.jar:4.13]
	at org.junit.internal.runners.model.ReflectiveCallable.run(ReflectiveCallable.java:12) ~[junit-4.13.jar:4.13]
	at org.junit.runners.model.FrameworkMethod.invokeExplosively(FrameworkMethod.java:56) ~[junit-4.13.jar:4.13]
	at org.junit.internal.runners.statements.InvokeMethod.evaluate(InvokeMethod.java:17) ~[junit-4.13.jar:4.13]
	at org.junit.internal.runners.statements.RunBefores.evaluate(RunBefores.java:26) ~[junit-4.13.jar:4.13]
	at org.junit.internal.runners.statements.RunAfters.evaluate(RunAfters.java:27) ~[junit-4.13.jar:4.13]
	at org.junit.rules.TestWatcher$1.evaluate(TestWatcher.java:61) [junit-4.13.jar:4.13]
	at org.junit.runners.ParentRunner$3.evaluate(ParentRunner.java:306) [junit-4.13.jar:4.13]
	at org.junit.runners.BlockJUnit4ClassRunner$1.evaluate(BlockJUnit4ClassRunner.java:100) [junit-4.13.jar:4.13]
	at org.junit.runners.ParentRunner.runLeaf(ParentRunner.java:366) [junit-4.13.jar:4.13]
	at org.junit.runners.BlockJUnit4ClassRunner.runChild(BlockJUnit4ClassRunner.java:103) [junit-4.13.jar:4.13]
	at org.junit.runners.BlockJUnit4ClassRunner.runChild(BlockJUnit4ClassRunner.java:63) [junit-4.13.jar:4.13]
	at org.junit.runners.ParentRunner$4.run(ParentRunner.java:331) [junit-4.13.jar:4.13]
	at org.junit.runners.ParentRunner$1.schedule(ParentRunner.java:79) [junit-4.13.jar:4.13]
	at org.junit.runners.ParentRunner.runChildren(ParentRunner.java:329) [junit-4.13.jar:4.13]
	at org.junit.runners.ParentRunner.access$100(ParentRunner.java:66) [junit-4.13.jar:4.13]
	at org.junit.runners.ParentRunner$2.evaluate(ParentRunner.java:293) [junit-4.13.jar:4.13]
	at org.junit.runners.ParentRunner.run(ParentRunner.java:413) [junit-4.13.jar:4.13]
	at org.junit.runners.Suite.runChild(Suite.java:128) [junit-4.13.jar:4.13]
	at org.junit.runners.Suite.runChild(Suite.java:27) [junit-4.13.jar:4.13]
	at org.junit.runners.ParentRunner$4.run(ParentRunner.java:331) [junit-4.13.jar:4.13]
	at org.junit.runners.ParentRunner$1.schedule(ParentRunner.java:79) [junit-4.13.jar:4.13]
	at org.junit.runners.ParentRunner.runChildren(ParentRunner.java:329) [junit-4.13.jar:4.13]
	at org.junit.runners.ParentRunner.access$100(ParentRunner.java:66) [junit-4.13.jar:4.13]
	at org.junit.runners.ParentRunner$2.evaluate(ParentRunner.java:293) [junit-4.13.jar:4.13]
	at org.junit.internal.runners.statements.RunAfters.evaluate(RunAfters.java:27) [junit-4.13.jar:4.13]
	at org.junit.runners.ParentRunner$3.evaluate(ParentRunner.java:306) [junit-4.13.jar:4.13]
	at org.junit.runners.ParentRunner.run(ParentRunner.java:413) [junit-4.13.jar:4.13]
	at org.eclipse.jdt.internal.junit4.runner.JUnit4TestReference.run(JUnit4TestReference.java:93) [.cp/:?]
	at org.eclipse.jdt.internal.junit.runner.TestExecution.run(TestExecution.java:40) [.cp/:?]
	at org.eclipse.jdt.internal.junit.runner.RemoteTestRunner.runTests(RemoteTestRunner.java:530) [.cp/:?]
	at org.eclipse.jdt.internal.junit.runner.RemoteTestRunner.runTests(RemoteTestRunner.java:758) [.cp/:?]
	at org.eclipse.jdt.internal.junit.runner.RemoteTestRunner.run(RemoteTestRunner.java:453) [.cp/:?]
	at org.eclipse.jdt.internal.junit.runner.RemoteTestRunner.main(RemoteTestRunner.java:211) [.cp/:?]
2025-12-30 03:34:56 INFO  === END   tests.productCardsTests.ProductCardElementsTests.cardValidation[Exp#8 [f1=1, f2=3, f3=2, f4=3, f5=2, f6=1, f7=3, f8=1]] ===
2025-12-30 03:34:56 INFO  === START tests.productCardsTests.ProductCardElementsTests.cardValidation[Exp#9 [f1=1, f2=3, f3=3, f4=1, f5=3, f6=2, f7=1, f8=2]] ===
2025-12-30 03:34:56 INFO  STEP: 📝 New input: Filling form fields.
2025-12-30 03:34:59 INFO  STEP PASS: Card #1 should have Tumbnail
2025-12-30 03:34:59 INFO  STEP PASS: Card #1 should have Title (card's title: Baseball Ball)
2025-12-30 03:35:00 INFO  STEP PASS: Card #1 should have Rating (card's description: The Baseball Ball is a standard baseball used in baseball games. It features a durable leather cover and is designed for pitching, hitting, and fielding in the game of baseball.)
2025-12-30 03:35:00 INFO  STEP PASS: Card #1 should have Price (card's price: 8.99)
2025-12-30 03:35:00 INFO  STEP PASS: Card #1 should have Rating (card's rating: 2.6)
2025-12-30 03:35:00 ERROR STEP FAIL: Card #1 should have Additional Images Button
2025-12-30 03:35:00 ERROR === FAIL  tests.productCardsTests.ProductCardElementsTests.cardValidation[Exp#9 [f1=1, f2=3, f3=3, f4=1, f5=3, f6=2, f7=1, f8=2]] ===
java.lang.AssertionError: Card #1 should have Additional Images Button
	at org.junit.Assert.fail(Assert.java:89) ~[junit-4.13.jar:4.13]
	at org.junit.Assert.assertTrue(Assert.java:42) ~[junit-4.13.jar:4.13]
	at org.junit.Assert.assertFalse(Assert.java:65) ~[junit-4.13.jar:4.13]
	at tests.BaseTest.checkFalse(BaseTest.java:100) ~[test-classes/:?]
	at tests.productCardsTests.ProductCardElementsTests.isThereAdditionalImageBtnInProductCard(ProductCardElementsTests.java:104) ~[test-classes/:?]
	at tests.productCardsTests.ProductCardElementsTests.cardValidation(ProductCardElementsTests.java:60) ~[test-classes/:?]
	at jdk.internal.reflect.DirectMethodHandleAccessor.invoke(DirectMethodHandleAccessor.java:103) ~[?:?]
	at java.lang.reflect.Method.invoke(Method.java:580) ~[?:?]
	at org.junit.runners.model.FrameworkMethod$1.runReflectiveCall(FrameworkMethod.java:59) ~[junit-4.13.jar:4.13]
	at org.junit.internal.runners.model.ReflectiveCallable.run(ReflectiveCallable.java:12) ~[junit-4.13.jar:4.13]
	at org.junit.runners.model.FrameworkMethod.invokeExplosively(FrameworkMethod.java:56) ~[junit-4.13.jar:4.13]
	at org.junit.internal.runners.statements.InvokeMethod.evaluate(InvokeMethod.java:17) ~[junit-4.13.jar:4.13]
	at org.junit.internal.runners.statements.RunBefores.evaluate(RunBefores.java:26) ~[junit-4.13.jar:4.13]
	at org.junit.internal.runners.statements.RunAfters.evaluate(RunAfters.java:27) ~[junit-4.13.jar:4.13]
	at org.junit.rules.TestWatcher$1.evaluate(TestWatcher.java:61) [junit-4.13.jar:4.13]
	at org.junit.runners.ParentRunner$3.evaluate(ParentRunner.java:306) [junit-4.13.jar:4.13]
	at org.junit.runners.BlockJUnit4ClassRunner$1.evaluate(BlockJUnit4ClassRunner.java:100) [junit-4.13.jar:4.13]
	at org.junit.runners.ParentRunner.runLeaf(ParentRunner.java:366) [junit-4.13.jar:4.13]
	at org.junit.runners.BlockJUnit4ClassRunner.runChild(BlockJUnit4ClassRunner.java:103) [junit-4.13.jar:4.13]
	at org.junit.runners.BlockJUnit4ClassRunner.runChild(BlockJUnit4ClassRunner.java:63) [junit-4.13.jar:4.13]
	at org.junit.runners.ParentRunner$4.run(ParentRunner.java:331) [junit-4.13.jar:4.13]
	at org.junit.runners.ParentRunner$1.schedule(ParentRunner.java:79) [junit-4.13.jar:4.13]
	at org.junit.runners.ParentRunner.runChildren(ParentRunner.java:329) [junit-4.13.jar:4.13]
	at org.junit.runners.ParentRunner.access$100(ParentRunner.java:66) [junit-4.13.jar:4.13]
	at org.junit.runners.ParentRunner$2.evaluate(ParentRunner.java:293) [junit-4.13.jar:4.13]
	at org.junit.runners.ParentRunner.run(ParentRunner.java:413) [junit-4.13.jar:4.13]
	at org.junit.runners.Suite.runChild(Suite.java:128) [junit-4.13.jar:4.13]
	at org.junit.runners.Suite.runChild(Suite.java:27) [junit-4.13.jar:4.13]
	at org.junit.runners.ParentRunner$4.run(ParentRunner.java:331) [junit-4.13.jar:4.13]
	at org.junit.runners.ParentRunner$1.schedule(ParentRunner.java:79) [junit-4.13.jar:4.13]
	at org.junit.runners.ParentRunner.runChildren(ParentRunner.java:329) [junit-4.13.jar:4.13]
	at org.junit.runners.ParentRunner.access$100(ParentRunner.java:66) [junit-4.13.jar:4.13]
	at org.junit.runners.ParentRunner$2.evaluate(ParentRunner.java:293) [junit-4.13.jar:4.13]
	at org.junit.internal.runners.statements.RunAfters.evaluate(RunAfters.java:27) [junit-4.13.jar:4.13]
	at org.junit.runners.ParentRunner$3.evaluate(ParentRunner.java:306) [junit-4.13.jar:4.13]
	at org.junit.runners.ParentRunner.run(ParentRunner.java:413) [junit-4.13.jar:4.13]
	at org.eclipse.jdt.internal.junit4.runner.JUnit4TestReference.run(JUnit4TestReference.java:93) [.cp/:?]
	at org.eclipse.jdt.internal.junit.runner.TestExecution.run(TestExecution.java:40) [.cp/:?]
	at org.eclipse.jdt.internal.junit.runner.RemoteTestRunner.runTests(RemoteTestRunner.java:530) [.cp/:?]
	at org.eclipse.jdt.internal.junit.runner.RemoteTestRunner.runTests(RemoteTestRunner.java:758) [.cp/:?]
	at org.eclipse.jdt.internal.junit.runner.RemoteTestRunner.run(RemoteTestRunner.java:453) [.cp/:?]
	at org.eclipse.jdt.internal.junit.runner.RemoteTestRunner.main(RemoteTestRunner.java:211) [.cp/:?]
2025-12-30 03:35:00 INFO  === END   tests.productCardsTests.ProductCardElementsTests.cardValidation[Exp#9 [f1=1, f2=3, f3=3, f4=1, f5=3, f6=2, f7=1, f8=2]] ===
2025-12-30 03:35:00 INFO  === START tests.productCardsTests.ProductCardElementsTests.cardValidation[Exp#10 [f1=2, f2=1, f3=1, f4=3, f5=3, f6=2, f7=2, f8=1]] ===
2025-12-30 03:35:00 INFO  STEP: 📝 New input: Filling form fields.
2025-12-30 03:35:03 INFO  STEP PASS: Card #1 should have Tumbnail
2025-12-30 03:35:03 INFO  STEP PASS: Card #1 should have Title (card's title: Black Aluminium Cup)
2025-12-30 03:35:03 INFO  STEP PASS: Card #1 should have Rating (card's description: The Black Aluminium Cup is a stylish and durable cup suitable for both hot and cold beverages. Its sleek black design adds a modern touch to your drinkware collection.)
2025-12-30 03:35:03 INFO  STEP PASS: Card #1 should have Price (card's price: 5.99)
2025-12-30 03:35:03 INFO  STEP PASS: Card #1 should have Rating (card's rating: 4.5)
2025-12-30 03:35:03 ERROR STEP FAIL: Card #1 should have Additional Images Button
2025-12-30 03:35:03 ERROR === FAIL  tests.productCardsTests.ProductCardElementsTests.cardValidation[Exp#10 [f1=2, f2=1, f3=1, f4=3, f5=3, f6=2, f7=2, f8=1]] ===
java.lang.AssertionError: Card #1 should have Additional Images Button
	at org.junit.Assert.fail(Assert.java:89) ~[junit-4.13.jar:4.13]
	at org.junit.Assert.assertTrue(Assert.java:42) ~[junit-4.13.jar:4.13]
	at org.junit.Assert.assertFalse(Assert.java:65) ~[junit-4.13.jar:4.13]
	at tests.BaseTest.checkFalse(BaseTest.java:100) ~[test-classes/:?]
	at tests.productCardsTests.ProductCardElementsTests.isThereAdditionalImageBtnInProductCard(ProductCardElementsTests.java:104) ~[test-classes/:?]
	at tests.productCardsTests.ProductCardElementsTests.cardValidation(ProductCardElementsTests.java:60) ~[test-classes/:?]
	at jdk.internal.reflect.DirectMethodHandleAccessor.invoke(DirectMethodHandleAccessor.java:103) ~[?:?]
	at java.lang.reflect.Method.invoke(Method.java:580) ~[?:?]
	at org.junit.runners.model.FrameworkMethod$1.runReflectiveCall(FrameworkMethod.java:59) ~[junit-4.13.jar:4.13]
	at org.junit.internal.runners.model.ReflectiveCallable.run(ReflectiveCallable.java:12) ~[junit-4.13.jar:4.13]
	at org.junit.runners.model.FrameworkMethod.invokeExplosively(FrameworkMethod.java:56) ~[junit-4.13.jar:4.13]
	at org.junit.internal.runners.statements.InvokeMethod.evaluate(InvokeMethod.java:17) ~[junit-4.13.jar:4.13]
	at org.junit.internal.runners.statements.RunBefores.evaluate(RunBefores.java:26) ~[junit-4.13.jar:4.13]
	at org.junit.internal.runners.statements.RunAfters.evaluate(RunAfters.java:27) ~[junit-4.13.jar:4.13]
	at org.junit.rules.TestWatcher$1.evaluate(TestWatcher.java:61) [junit-4.13.jar:4.13]
	at org.junit.runners.ParentRunner$3.evaluate(ParentRunner.java:306) [junit-4.13.jar:4.13]
	at org.junit.runners.BlockJUnit4ClassRunner$1.evaluate(BlockJUnit4ClassRunner.java:100) [junit-4.13.jar:4.13]
	at org.junit.runners.ParentRunner.runLeaf(ParentRunner.java:366) [junit-4.13.jar:4.13]
	at org.junit.runners.BlockJUnit4ClassRunner.runChild(BlockJUnit4ClassRunner.java:103) [junit-4.13.jar:4.13]
	at org.junit.runners.BlockJUnit4ClassRunner.runChild(BlockJUnit4ClassRunner.java:63) [junit-4.13.jar:4.13]
	at org.junit.runners.ParentRunner$4.run(ParentRunner.java:331) [junit-4.13.jar:4.13]
	at org.junit.runners.ParentRunner$1.schedule(ParentRunner.java:79) [junit-4.13.jar:4.13]
	at org.junit.runners.ParentRunner.runChildren(ParentRunner.java:329) [junit-4.13.jar:4.13]
	at org.junit.runners.ParentRunner.access$100(ParentRunner.java:66) [junit-4.13.jar:4.13]
	at org.junit.runners.ParentRunner$2.evaluate(ParentRunner.java:293) [junit-4.13.jar:4.13]
	at org.junit.runners.ParentRunner.run(ParentRunner.java:413) [junit-4.13.jar:4.13]
	at org.junit.runners.Suite.runChild(Suite.java:128) [junit-4.13.jar:4.13]
	at org.junit.runners.Suite.runChild(Suite.java:27) [junit-4.13.jar:4.13]
	at org.junit.runners.ParentRunner$4.run(ParentRunner.java:331) [junit-4.13.jar:4.13]
	at org.junit.runners.ParentRunner$1.schedule(ParentRunner.java:79) [junit-4.13.jar:4.13]
	at org.junit.runners.ParentRunner.runChildren(ParentRunner.java:329) [junit-4.13.jar:4.13]
	at org.junit.runners.ParentRunner.access$100(ParentRunner.java:66) [junit-4.13.jar:4.13]
	at org.junit.runners.ParentRunner$2.evaluate(ParentRunner.java:293) [junit-4.13.jar:4.13]
	at org.junit.internal.runners.statements.RunAfters.evaluate(RunAfters.java:27) [junit-4.13.jar:4.13]
	at org.junit.runners.ParentRunner$3.evaluate(ParentRunner.java:306) [junit-4.13.jar:4.13]
	at org.junit.runners.ParentRunner.run(ParentRunner.java:413) [junit-4.13.jar:4.13]
	at org.eclipse.jdt.internal.junit4.runner.JUnit4TestReference.run(JUnit4TestReference.java:93) [.cp/:?]
	at org.eclipse.jdt.internal.junit.runner.TestExecution.run(TestExecution.java:40) [.cp/:?]
	at org.eclipse.jdt.internal.junit.runner.RemoteTestRunner.runTests(RemoteTestRunner.java:530) [.cp/:?]
	at org.eclipse.jdt.internal.junit.runner.RemoteTestRunner.runTests(RemoteTestRunner.java:758) [.cp/:?]
	at org.eclipse.jdt.internal.junit.runner.RemoteTestRunner.run(RemoteTestRunner.java:453) [.cp/:?]
	at org.eclipse.jdt.internal.junit.runner.RemoteTestRunner.main(RemoteTestRunner.java:211) [.cp/:?]
2025-12-30 03:35:03 INFO  === END   tests.productCardsTests.ProductCardElementsTests.cardValidation[Exp#10 [f1=2, f2=1, f3=1, f4=3, f5=3, f6=2, f7=2, f8=1]] ===
2025-12-30 03:35:03 INFO  === START tests.productCardsTests.ProductCardElementsTests.cardValidation[Exp#11 [f1=2, f2=1, f3=2, f4=1, f5=1, f6=3, f7=3, f8=2]] ===
2025-12-30 03:35:03 INFO  STEP: 📝 New input: Filling form fields.
2025-12-30 03:35:07 INFO  STEP PASS: Card #1 should have Tumbnail
2025-12-30 03:35:07 INFO  STEP PASS: Card #1 should have Title (card's title: Black Aluminium Cup)
2025-12-30 03:35:07 INFO  STEP PASS: Card #1 should have Rating (card's description: The Black Aluminium Cup is a stylish and durable cup suitable for both hot and cold beverages. Its sleek black design adds a modern touch to your drinkware collection.)
2025-12-30 03:35:07 INFO  STEP PASS: Card #1 should have Price (card's price: 5.99)
2025-12-30 03:35:07 INFO  STEP PASS: Card #1 should have Rating (card's rating: 4.5)
2025-12-30 03:35:07 ERROR STEP FAIL: Card #1 should have Additional Images Button
2025-12-30 03:35:07 ERROR === FAIL  tests.productCardsTests.ProductCardElementsTests.cardValidation[Exp#11 [f1=2, f2=1, f3=2, f4=1, f5=1, f6=3, f7=3, f8=2]] ===
java.lang.AssertionError: Card #1 should have Additional Images Button
	at org.junit.Assert.fail(Assert.java:89) ~[junit-4.13.jar:4.13]
	at org.junit.Assert.assertTrue(Assert.java:42) ~[junit-4.13.jar:4.13]
	at org.junit.Assert.assertFalse(Assert.java:65) ~[junit-4.13.jar:4.13]
	at tests.BaseTest.checkFalse(BaseTest.java:100) ~[test-classes/:?]
	at tests.productCardsTests.ProductCardElementsTests.isThereAdditionalImageBtnInProductCard(ProductCardElementsTests.java:104) ~[test-classes/:?]
	at tests.productCardsTests.ProductCardElementsTests.cardValidation(ProductCardElementsTests.java:60) ~[test-classes/:?]
	at jdk.internal.reflect.DirectMethodHandleAccessor.invoke(DirectMethodHandleAccessor.java:103) ~[?:?]
	at java.lang.reflect.Method.invoke(Method.java:580) ~[?:?]
	at org.junit.runners.model.FrameworkMethod$1.runReflectiveCall(FrameworkMethod.java:59) ~[junit-4.13.jar:4.13]
	at org.junit.internal.runners.model.ReflectiveCallable.run(ReflectiveCallable.java:12) ~[junit-4.13.jar:4.13]
	at org.junit.runners.model.FrameworkMethod.invokeExplosively(FrameworkMethod.java:56) ~[junit-4.13.jar:4.13]
	at org.junit.internal.runners.statements.InvokeMethod.evaluate(InvokeMethod.java:17) ~[junit-4.13.jar:4.13]
	at org.junit.internal.runners.statements.RunBefores.evaluate(RunBefores.java:26) ~[junit-4.13.jar:4.13]
	at org.junit.internal.runners.statements.RunAfters.evaluate(RunAfters.java:27) ~[junit-4.13.jar:4.13]
	at org.junit.rules.TestWatcher$1.evaluate(TestWatcher.java:61) [junit-4.13.jar:4.13]
	at org.junit.runners.ParentRunner$3.evaluate(ParentRunner.java:306) [junit-4.13.jar:4.13]
	at org.junit.runners.BlockJUnit4ClassRunner$1.evaluate(BlockJUnit4ClassRunner.java:100) [junit-4.13.jar:4.13]
	at org.junit.runners.ParentRunner.runLeaf(ParentRunner.java:366) [junit-4.13.jar:4.13]
	at org.junit.runners.BlockJUnit4ClassRunner.runChild(BlockJUnit4ClassRunner.java:103) [junit-4.13.jar:4.13]
	at org.junit.runners.BlockJUnit4ClassRunner.runChild(BlockJUnit4ClassRunner.java:63) [junit-4.13.jar:4.13]
	at org.junit.runners.ParentRunner$4.run(ParentRunner.java:331) [junit-4.13.jar:4.13]
	at org.junit.runners.ParentRunner$1.schedule(ParentRunner.java:79) [junit-4.13.jar:4.13]
	at org.junit.runners.ParentRunner.runChildren(ParentRunner.java:329) [junit-4.13.jar:4.13]
	at org.junit.runners.ParentRunner.access$100(ParentRunner.java:66) [junit-4.13.jar:4.13]
	at org.junit.runners.ParentRunner$2.evaluate(ParentRunner.java:293) [junit-4.13.jar:4.13]
	at org.junit.runners.ParentRunner.run(ParentRunner.java:413) [junit-4.13.jar:4.13]
	at org.junit.runners.Suite.runChild(Suite.java:128) [junit-4.13.jar:4.13]
	at org.junit.runners.Suite.runChild(Suite.java:27) [junit-4.13.jar:4.13]
	at org.junit.runners.ParentRunner$4.run(ParentRunner.java:331) [junit-4.13.jar:4.13]
	at org.junit.runners.ParentRunner$1.schedule(ParentRunner.java:79) [junit-4.13.jar:4.13]
	at org.junit.runners.ParentRunner.runChildren(ParentRunner.java:329) [junit-4.13.jar:4.13]
	at org.junit.runners.ParentRunner.access$100(ParentRunner.java:66) [junit-4.13.jar:4.13]
	at org.junit.runners.ParentRunner$2.evaluate(ParentRunner.java:293) [junit-4.13.jar:4.13]
	at org.junit.internal.runners.statements.RunAfters.evaluate(RunAfters.java:27) [junit-4.13.jar:4.13]
	at org.junit.runners.ParentRunner$3.evaluate(ParentRunner.java:306) [junit-4.13.jar:4.13]
	at org.junit.runners.ParentRunner.run(ParentRunner.java:413) [junit-4.13.jar:4.13]
	at org.eclipse.jdt.internal.junit4.runner.JUnit4TestReference.run(JUnit4TestReference.java:93) [.cp/:?]
	at org.eclipse.jdt.internal.junit.runner.TestExecution.run(TestExecution.java:40) [.cp/:?]
	at org.eclipse.jdt.internal.junit.runner.RemoteTestRunner.runTests(RemoteTestRunner.java:530) [.cp/:?]
	at org.eclipse.jdt.internal.junit.runner.RemoteTestRunner.runTests(RemoteTestRunner.java:758) [.cp/:?]
	at org.eclipse.jdt.internal.junit.runner.RemoteTestRunner.run(RemoteTestRunner.java:453) [.cp/:?]
	at org.eclipse.jdt.internal.junit.runner.RemoteTestRunner.main(RemoteTestRunner.java:211) [.cp/:?]
2025-12-30 03:35:07 INFO  === END   tests.productCardsTests.ProductCardElementsTests.cardValidation[Exp#11 [f1=2, f2=1, f3=2, f4=1, f5=1, f6=3, f7=3, f8=2]] ===
2025-12-30 03:35:07 INFO  === START tests.productCardsTests.ProductCardElementsTests.cardValidation[Exp#12 [f1=2, f2=1, f3=3, f4=2, f5=2, f6=1, f7=1, f8=3]] ===
2025-12-30 03:35:07 INFO  STEP: 📝 New input: Filling form fields.
2025-12-30 03:35:11 INFO  STEP PASS: Card #1 should have Tumbnail
2025-12-30 03:35:11 INFO  STEP PASS: Card #1 should have Title (card's title: Baseball Ball)
2025-12-30 03:35:11 INFO  STEP PASS: Card #1 should have Rating (card's description: The Baseball Ball is a standard baseball used in baseball games. It features a durable leather cover and is designed for pitching, hitting, and fielding in the game of baseball.)
2025-12-30 03:35:12 INFO  STEP PASS: Card #1 should have Price (card's price: 8.99)
2025-12-30 03:35:12 INFO  STEP PASS: Card #1 should have Rating (card's rating: 2.6)
2025-12-30 03:35:12 ERROR STEP FAIL: Card #1 should have Additional Images Button
2025-12-30 03:35:12 ERROR === FAIL  tests.productCardsTests.ProductCardElementsTests.cardValidation[Exp#12 [f1=2, f2=1, f3=3, f4=2, f5=2, f6=1, f7=1, f8=3]] ===
java.lang.AssertionError: Card #1 should have Additional Images Button
	at org.junit.Assert.fail(Assert.java:89) ~[junit-4.13.jar:4.13]
	at org.junit.Assert.assertTrue(Assert.java:42) ~[junit-4.13.jar:4.13]
	at org.junit.Assert.assertFalse(Assert.java:65) ~[junit-4.13.jar:4.13]
	at tests.BaseTest.checkFalse(BaseTest.java:100) ~[test-classes/:?]
	at tests.productCardsTests.ProductCardElementsTests.isThereAdditionalImageBtnInProductCard(ProductCardElementsTests.java:104) ~[test-classes/:?]
	at tests.productCardsTests.ProductCardElementsTests.cardValidation(ProductCardElementsTests.java:60) ~[test-classes/:?]
	at jdk.internal.reflect.DirectMethodHandleAccessor.invoke(DirectMethodHandleAccessor.java:103) ~[?:?]
	at java.lang.reflect.Method.invoke(Method.java:580) ~[?:?]
	at org.junit.runners.model.FrameworkMethod$1.runReflectiveCall(FrameworkMethod.java:59) ~[junit-4.13.jar:4.13]
	at org.junit.internal.runners.model.ReflectiveCallable.run(ReflectiveCallable.java:12) ~[junit-4.13.jar:4.13]
	at org.junit.runners.model.FrameworkMethod.invokeExplosively(FrameworkMethod.java:56) ~[junit-4.13.jar:4.13]
	at org.junit.internal.runners.statements.InvokeMethod.evaluate(InvokeMethod.java:17) ~[junit-4.13.jar:4.13]
	at org.junit.internal.runners.statements.RunBefores.evaluate(RunBefores.java:26) ~[junit-4.13.jar:4.13]
	at org.junit.internal.runners.statements.RunAfters.evaluate(RunAfters.java:27) ~[junit-4.13.jar:4.13]
	at org.junit.rules.TestWatcher$1.evaluate(TestWatcher.java:61) [junit-4.13.jar:4.13]
	at org.junit.runners.ParentRunner$3.evaluate(ParentRunner.java:306) [junit-4.13.jar:4.13]
	at org.junit.runners.BlockJUnit4ClassRunner$1.evaluate(BlockJUnit4ClassRunner.java:100) [junit-4.13.jar:4.13]
	at org.junit.runners.ParentRunner.runLeaf(ParentRunner.java:366) [junit-4.13.jar:4.13]
	at org.junit.runners.BlockJUnit4ClassRunner.runChild(BlockJUnit4ClassRunner.java:103) [junit-4.13.jar:4.13]
	at org.junit.runners.BlockJUnit4ClassRunner.runChild(BlockJUnit4ClassRunner.java:63) [junit-4.13.jar:4.13]
	at org.junit.runners.ParentRunner$4.run(ParentRunner.java:331) [junit-4.13.jar:4.13]
	at org.junit.runners.ParentRunner$1.schedule(ParentRunner.java:79) [junit-4.13.jar:4.13]
	at org.junit.runners.ParentRunner.runChildren(ParentRunner.java:329) [junit-4.13.jar:4.13]
	at org.junit.runners.ParentRunner.access$100(ParentRunner.java:66) [junit-4.13.jar:4.13]
	at org.junit.runners.ParentRunner$2.evaluate(ParentRunner.java:293) [junit-4.13.jar:4.13]
	at org.junit.runners.ParentRunner.run(ParentRunner.java:413) [junit-4.13.jar:4.13]
	at org.junit.runners.Suite.runChild(Suite.java:128) [junit-4.13.jar:4.13]
	at org.junit.runners.Suite.runChild(Suite.java:27) [junit-4.13.jar:4.13]
	at org.junit.runners.ParentRunner$4.run(ParentRunner.java:331) [junit-4.13.jar:4.13]
	at org.junit.runners.ParentRunner$1.schedule(ParentRunner.java:79) [junit-4.13.jar:4.13]
	at org.junit.runners.ParentRunner.runChildren(ParentRunner.java:329) [junit-4.13.jar:4.13]
	at org.junit.runners.ParentRunner.access$100(ParentRunner.java:66) [junit-4.13.jar:4.13]
	at org.junit.runners.ParentRunner$2.evaluate(ParentRunner.java:293) [junit-4.13.jar:4.13]
	at org.junit.internal.runners.statements.RunAfters.evaluate(RunAfters.java:27) [junit-4.13.jar:4.13]
	at org.junit.runners.ParentRunner$3.evaluate(ParentRunner.java:306) [junit-4.13.jar:4.13]
	at org.junit.runners.ParentRunner.run(ParentRunner.java:413) [junit-4.13.jar:4.13]
	at org.eclipse.jdt.internal.junit4.runner.JUnit4TestReference.run(JUnit4TestReference.java:93) [.cp/:?]
	at org.eclipse.jdt.internal.junit.runner.TestExecution.run(TestExecution.java:40) [.cp/:?]
	at org.eclipse.jdt.internal.junit.runner.RemoteTestRunner.runTests(RemoteTestRunner.java:530) [.cp/:?]
	at org.eclipse.jdt.internal.junit.runner.RemoteTestRunner.runTests(RemoteTestRunner.java:758) [.cp/:?]
	at org.eclipse.jdt.internal.junit.runner.RemoteTestRunner.run(RemoteTestRunner.java:453) [.cp/:?]
	at org.eclipse.jdt.internal.junit.runner.RemoteTestRunner.main(RemoteTestRunner.java:211) [.cp/:?]
2025-12-30 03:35:12 INFO  === END   tests.productCardsTests.ProductCardElementsTests.cardValidation[Exp#12 [f1=2, f2=1, f3=3, f4=2, f5=2, f6=1, f7=1, f8=3]] ===
2025-12-30 03:35:12 INFO  === START tests.productCardsTests.ProductCardElementsTests.cardValidation[Exp#13 [f1=2, f2=2, f3=1, f4=2, f5=3, f6=1, f7=3, f8=2]] ===
2025-12-30 03:35:12 INFO  STEP: 📝 New input: Filling form fields.
2025-12-30 03:35:15 INFO  STEP PASS: Card #1 should have Tumbnail
2025-12-30 03:35:15 INFO  STEP PASS: Card #1 should have Title (card's title: Baseball Ball)
2025-12-30 03:35:15 INFO  STEP PASS: Card #1 should have Rating (card's description: The Baseball Ball is a standard baseball used in baseball games. It features a durable leather cover and is designed for pitching, hitting, and fielding in the game of baseball.)
2025-12-30 03:35:15 INFO  STEP PASS: Card #1 should have Price (card's price: 8.99)
2025-12-30 03:35:15 INFO  STEP PASS: Card #1 should have Rating (card's rating: 2.6)
2025-12-30 03:35:15 ERROR STEP FAIL: Card #1 should have Additional Images Button
2025-12-30 03:35:15 ERROR === FAIL  tests.productCardsTests.ProductCardElementsTests.cardValidation[Exp#13 [f1=2, f2=2, f3=1, f4=2, f5=3, f6=1, f7=3, f8=2]] ===
java.lang.AssertionError: Card #1 should have Additional Images Button
	at org.junit.Assert.fail(Assert.java:89) ~[junit-4.13.jar:4.13]
	at org.junit.Assert.assertTrue(Assert.java:42) ~[junit-4.13.jar:4.13]
	at org.junit.Assert.assertFalse(Assert.java:65) ~[junit-4.13.jar:4.13]
	at tests.BaseTest.checkFalse(BaseTest.java:100) ~[test-classes/:?]
	at tests.productCardsTests.ProductCardElementsTests.isThereAdditionalImageBtnInProductCard(ProductCardElementsTests.java:104) ~[test-classes/:?]
	at tests.productCardsTests.ProductCardElementsTests.cardValidation(ProductCardElementsTests.java:60) ~[test-classes/:?]
	at jdk.internal.reflect.DirectMethodHandleAccessor.invoke(DirectMethodHandleAccessor.java:103) ~[?:?]
	at java.lang.reflect.Method.invoke(Method.java:580) ~[?:?]
	at org.junit.runners.model.FrameworkMethod$1.runReflectiveCall(FrameworkMethod.java:59) ~[junit-4.13.jar:4.13]
	at org.junit.internal.runners.model.ReflectiveCallable.run(ReflectiveCallable.java:12) ~[junit-4.13.jar:4.13]
	at org.junit.runners.model.FrameworkMethod.invokeExplosively(FrameworkMethod.java:56) ~[junit-4.13.jar:4.13]
	at org.junit.internal.runners.statements.InvokeMethod.evaluate(InvokeMethod.java:17) ~[junit-4.13.jar:4.13]
	at org.junit.internal.runners.statements.RunBefores.evaluate(RunBefores.java:26) ~[junit-4.13.jar:4.13]
	at org.junit.internal.runners.statements.RunAfters.evaluate(RunAfters.java:27) ~[junit-4.13.jar:4.13]
	at org.junit.rules.TestWatcher$1.evaluate(TestWatcher.java:61) [junit-4.13.jar:4.13]
	at org.junit.runners.ParentRunner$3.evaluate(ParentRunner.java:306) [junit-4.13.jar:4.13]
	at org.junit.runners.BlockJUnit4ClassRunner$1.evaluate(BlockJUnit4ClassRunner.java:100) [junit-4.13.jar:4.13]
	at org.junit.runners.ParentRunner.runLeaf(ParentRunner.java:366) [junit-4.13.jar:4.13]
	at org.junit.runners.BlockJUnit4ClassRunner.runChild(BlockJUnit4ClassRunner.java:103) [junit-4.13.jar:4.13]
	at org.junit.runners.BlockJUnit4ClassRunner.runChild(BlockJUnit4ClassRunner.java:63) [junit-4.13.jar:4.13]
	at org.junit.runners.ParentRunner$4.run(ParentRunner.java:331) [junit-4.13.jar:4.13]
	at org.junit.runners.ParentRunner$1.schedule(ParentRunner.java:79) [junit-4.13.jar:4.13]
	at org.junit.runners.ParentRunner.runChildren(ParentRunner.java:329) [junit-4.13.jar:4.13]
	at org.junit.runners.ParentRunner.access$100(ParentRunner.java:66) [junit-4.13.jar:4.13]
	at org.junit.runners.ParentRunner$2.evaluate(ParentRunner.java:293) [junit-4.13.jar:4.13]
	at org.junit.runners.ParentRunner.run(ParentRunner.java:413) [junit-4.13.jar:4.13]
	at org.junit.runners.Suite.runChild(Suite.java:128) [junit-4.13.jar:4.13]
	at org.junit.runners.Suite.runChild(Suite.java:27) [junit-4.13.jar:4.13]
	at org.junit.runners.ParentRunner$4.run(ParentRunner.java:331) [junit-4.13.jar:4.13]
	at org.junit.runners.ParentRunner$1.schedule(ParentRunner.java:79) [junit-4.13.jar:4.13]
	at org.junit.runners.ParentRunner.runChildren(ParentRunner.java:329) [junit-4.13.jar:4.13]
	at org.junit.runners.ParentRunner.access$100(ParentRunner.java:66) [junit-4.13.jar:4.13]
	at org.junit.runners.ParentRunner$2.evaluate(ParentRunner.java:293) [junit-4.13.jar:4.13]
	at org.junit.internal.runners.statements.RunAfters.evaluate(RunAfters.java:27) [junit-4.13.jar:4.13]
	at org.junit.runners.ParentRunner$3.evaluate(ParentRunner.java:306) [junit-4.13.jar:4.13]
	at org.junit.runners.ParentRunner.run(ParentRunner.java:413) [junit-4.13.jar:4.13]
	at org.eclipse.jdt.internal.junit4.runner.JUnit4TestReference.run(JUnit4TestReference.java:93) [.cp/:?]
	at org.eclipse.jdt.internal.junit.runner.TestExecution.run(TestExecution.java:40) [.cp/:?]
	at org.eclipse.jdt.internal.junit.runner.RemoteTestRunner.runTests(RemoteTestRunner.java:530) [.cp/:?]
	at org.eclipse.jdt.internal.junit.runner.RemoteTestRunner.runTests(RemoteTestRunner.java:758) [.cp/:?]
	at org.eclipse.jdt.internal.junit.runner.RemoteTestRunner.run(RemoteTestRunner.java:453) [.cp/:?]
	at org.eclipse.jdt.internal.junit.runner.RemoteTestRunner.main(RemoteTestRunner.java:211) [.cp/:?]
2025-12-30 03:35:15 INFO  === END   tests.productCardsTests.ProductCardElementsTests.cardValidation[Exp#13 [f1=2, f2=2, f3=1, f4=2, f5=3, f6=1, f7=3, f8=2]] ===
2025-12-30 03:35:15 INFO  === START tests.productCardsTests.ProductCardElementsTests.cardValidation[Exp#14 [f1=2, f2=2, f3=2, f4=3, f5=1, f6=2, f7=1, f8=3]] ===
2025-12-30 03:35:15 INFO  STEP: 📝 New input: Filling form fields.
2025-12-30 03:35:19 INFO  STEP PASS: Card #1 should have Tumbnail
2025-12-30 03:35:20 INFO  STEP PASS: Card #1 should have Title (card's title: Vivo S1)
2025-12-30 03:35:20 INFO  STEP PASS: Card #1 should have Rating (card's description: The Vivo S1 is a stylish and mid-range smartphone offering a blend of design and performance. It features a vibrant display, capable camera system, and reliable functionality.)
2025-12-30 03:35:20 INFO  === START tests.productCardsTests.ProductCardElementsTests.cardValidation[Exp#1 [f1=1, f2=1, f3=1, f4=1, f5=1, f6=1, f7=1, f8=1]] ===
2025-12-30 03:35:20 INFO  STEP PASS: Card #1 should have Price (card's price: 249.99)
2025-12-30 03:35:20 INFO  STEP PASS: Card #1 should have Rating (card's rating: 3.5)
2025-12-30 03:35:20 ERROR STEP FAIL: Card #1 should have Additional Images Button
2025-12-30 03:35:20 ERROR === FAIL  tests.productCardsTests.ProductCardElementsTests.cardValidation[Exp#14 [f1=2, f2=2, f3=2, f4=3, f5=1, f6=2, f7=1, f8=3]] ===
java.lang.AssertionError: Card #1 should have Additional Images Button
	at org.junit.Assert.fail(Assert.java:89) ~[junit-4.13.jar:4.13]
	at org.junit.Assert.assertTrue(Assert.java:42) ~[junit-4.13.jar:4.13]
	at org.junit.Assert.assertFalse(Assert.java:65) ~[junit-4.13.jar:4.13]
	at tests.BaseTest.checkFalse(BaseTest.java:100) ~[test-classes/:?]
	at tests.productCardsTests.ProductCardElementsTests.isThereAdditionalImageBtnInProductCard(ProductCardElementsTests.java:104) ~[test-classes/:?]
	at tests.productCardsTests.ProductCardElementsTests.cardValidation(ProductCardElementsTests.java:60) ~[test-classes/:?]
	at jdk.internal.reflect.DirectMethodHandleAccessor.invoke(DirectMethodHandleAccessor.java:103) ~[?:?]
	at java.lang.reflect.Method.invoke(Method.java:580) ~[?:?]
	at org.junit.runners.model.FrameworkMethod$1.runReflectiveCall(FrameworkMethod.java:59) ~[junit-4.13.jar:4.13]
	at org.junit.internal.runners.model.ReflectiveCallable.run(ReflectiveCallable.java:12) ~[junit-4.13.jar:4.13]
	at org.junit.runners.model.FrameworkMethod.invokeExplosively(FrameworkMethod.java:56) ~[junit-4.13.jar:4.13]
	at org.junit.internal.runners.statements.InvokeMethod.evaluate(InvokeMethod.java:17) ~[junit-4.13.jar:4.13]
	at org.junit.internal.runners.statements.RunBefores.evaluate(RunBefores.java:26) ~[junit-4.13.jar:4.13]
	at org.junit.internal.runners.statements.RunAfters.evaluate(RunAfters.java:27) ~[junit-4.13.jar:4.13]
	at org.junit.rules.TestWatcher$1.evaluate(TestWatcher.java:61) [junit-4.13.jar:4.13]
	at org.junit.runners.ParentRunner$3.evaluate(ParentRunner.java:306) [junit-4.13.jar:4.13]
	at org.junit.runners.BlockJUnit4ClassRunner$1.evaluate(BlockJUnit4ClassRunner.java:100) [junit-4.13.jar:4.13]
	at org.junit.runners.ParentRunner.runLeaf(ParentRunner.java:366) [junit-4.13.jar:4.13]
	at org.junit.runners.BlockJUnit4ClassRunner.runChild(BlockJUnit4ClassRunner.java:103) [junit-4.13.jar:4.13]
	at org.junit.runners.BlockJUnit4ClassRunner.runChild(BlockJUnit4ClassRunner.java:63) [junit-4.13.jar:4.13]
	at org.junit.runners.ParentRunner$4.run(ParentRunner.java:331) [junit-4.13.jar:4.13]
	at org.junit.runners.ParentRunner$1.schedule(ParentRunner.java:79) [junit-4.13.jar:4.13]
	at org.junit.runners.ParentRunner.runChildren(ParentRunner.java:329) [junit-4.13.jar:4.13]
	at org.junit.runners.ParentRunner.access$100(ParentRunner.java:66) [junit-4.13.jar:4.13]
	at org.junit.runners.ParentRunner$2.evaluate(ParentRunner.java:293) [junit-4.13.jar:4.13]
	at org.junit.runners.ParentRunner.run(ParentRunner.java:413) [junit-4.13.jar:4.13]
	at org.junit.runners.Suite.runChild(Suite.java:128) [junit-4.13.jar:4.13]
	at org.junit.runners.Suite.runChild(Suite.java:27) [junit-4.13.jar:4.13]
	at org.junit.runners.ParentRunner$4.run(ParentRunner.java:331) [junit-4.13.jar:4.13]
	at org.junit.runners.ParentRunner$1.schedule(ParentRunner.java:79) [junit-4.13.jar:4.13]
	at org.junit.runners.ParentRunner.runChildren(ParentRunner.java:329) [junit-4.13.jar:4.13]
	at org.junit.runners.ParentRunner.access$100(ParentRunner.java:66) [junit-4.13.jar:4.13]
	at org.junit.runners.ParentRunner$2.evaluate(ParentRunner.java:293) [junit-4.13.jar:4.13]
	at org.junit.internal.runners.statements.RunAfters.evaluate(RunAfters.java:27) [junit-4.13.jar:4.13]
	at org.junit.runners.ParentRunner$3.evaluate(ParentRunner.java:306) [junit-4.13.jar:4.13]
	at org.junit.runners.ParentRunner.run(ParentRunner.java:413) [junit-4.13.jar:4.13]
	at org.eclipse.jdt.internal.junit4.runner.JUnit4TestReference.run(JUnit4TestReference.java:93) [.cp/:?]
	at org.eclipse.jdt.internal.junit.runner.TestExecution.run(TestExecution.java:40) [.cp/:?]
	at org.eclipse.jdt.internal.junit.runner.RemoteTestRunner.runTests(RemoteTestRunner.java:530) [.cp/:?]
	at org.eclipse.jdt.internal.junit.runner.RemoteTestRunner.runTests(RemoteTestRunner.java:758) [.cp/:?]
	at org.eclipse.jdt.internal.junit.runner.RemoteTestRunner.run(RemoteTestRunner.java:453) [.cp/:?]
	at org.eclipse.jdt.internal.junit.runner.RemoteTestRunner.main(RemoteTestRunner.java:211) [.cp/:?]
2025-12-30 03:35:20 INFO  === END   tests.productCardsTests.ProductCardElementsTests.cardValidation[Exp#14 [f1=2, f2=2, f3=2, f4=3, f5=1, f6=2, f7=1, f8=3]] ===
2025-12-30 03:35:21 INFO  STEP: 📝 New input: Filling form fields.
2025-12-30 03:35:29 INFO  STEP PASS: Card #1 should have Tumbnail
2025-12-30 03:35:29 INFO  STEP PASS: Card #1 should have Title (card's title: Green and Black Glasses)
2025-12-30 03:35:29 INFO  STEP PASS: Card #1 should have Rating (card's description: The Green and Black Glasses feature a bold combination of green and black colors, adding a touch of vibrancy to your eyewear collection. They are both stylish and eye-catching.)
2025-12-30 03:35:29 INFO  STEP PASS: Card #1 should have Price (card's price: 34.99)
2025-12-30 03:35:29 ERROR STEP FAIL: Card #1 should have Rating (card's rating: 4.5)
2025-12-30 03:35:29 ERROR === FAIL  tests.productCardsTests.ProductCardElementsTests.cardValidation[Exp#1 [f1=1, f2=1, f3=1, f4=1, f5=1, f6=1, f7=1, f8=1]] ===
java.lang.AssertionError: Card #1 should have Rating (card's rating: 4.5)
	at org.junit.Assert.fail(Assert.java:89) ~[junit-4.13.jar:4.13]
	at org.junit.Assert.assertTrue(Assert.java:42) ~[junit-4.13.jar:4.13]
	at tests.BaseTest.checkTrue(BaseTest.java:92) ~[test-classes/:?]
	at tests.productCardsTests.ProductCardElementsTests.isThereRatingInProductCard(ProductCardElementsTests.java:95) ~[test-classes/:?]
	at tests.productCardsTests.ProductCardElementsTests.cardValidation(ProductCardElementsTests.java:59) ~[test-classes/:?]
	at jdk.internal.reflect.DirectMethodHandleAccessor.invoke(DirectMethodHandleAccessor.java:103) ~[?:?]
	at java.lang.reflect.Method.invoke(Method.java:580) ~[?:?]
	at org.junit.runners.model.FrameworkMethod$1.runReflectiveCall(FrameworkMethod.java:59) ~[junit-4.13.jar:4.13]
	at org.junit.internal.runners.model.ReflectiveCallable.run(ReflectiveCallable.java:12) ~[junit-4.13.jar:4.13]
	at org.junit.runners.model.FrameworkMethod.invokeExplosively(FrameworkMethod.java:56) ~[junit-4.13.jar:4.13]
	at org.junit.internal.runners.statements.InvokeMethod.evaluate(InvokeMethod.java:17) ~[junit-4.13.jar:4.13]
	at org.junit.internal.runners.statements.RunBefores.evaluate(RunBefores.java:26) ~[junit-4.13.jar:4.13]
	at org.junit.internal.runners.statements.RunAfters.evaluate(RunAfters.java:27) ~[junit-4.13.jar:4.13]
	at org.junit.rules.TestWatcher$1.evaluate(TestWatcher.java:61) [junit-4.13.jar:4.13]
	at org.junit.runners.ParentRunner$3.evaluate(ParentRunner.java:306) [junit-4.13.jar:4.13]
	at org.junit.runners.BlockJUnit4ClassRunner$1.evaluate(BlockJUnit4ClassRunner.java:100) [junit-4.13.jar:4.13]
	at org.junit.runners.ParentRunner.runLeaf(ParentRunner.java:366) [junit-4.13.jar:4.13]
	at org.junit.runners.BlockJUnit4ClassRunner.runChild(BlockJUnit4ClassRunner.java:103) [junit-4.13.jar:4.13]
	at org.junit.runners.BlockJUnit4ClassRunner.runChild(BlockJUnit4ClassRunner.java:63) [junit-4.13.jar:4.13]
	at org.junit.runners.ParentRunner$4.run(ParentRunner.java:331) [junit-4.13.jar:4.13]
	at org.junit.runners.ParentRunner$1.schedule(ParentRunner.java:79) [junit-4.13.jar:4.13]
	at org.junit.runners.ParentRunner.runChildren(ParentRunner.java:329) [junit-4.13.jar:4.13]
	at org.junit.runners.ParentRunner.access$100(ParentRunner.java:66) [junit-4.13.jar:4.13]
	at org.junit.runners.ParentRunner$2.evaluate(ParentRunner.java:293) [junit-4.13.jar:4.13]
	at org.junit.runners.ParentRunner.run(ParentRunner.java:413) [junit-4.13.jar:4.13]
	at org.junit.runners.Suite.runChild(Suite.java:128) [junit-4.13.jar:4.13]
	at org.junit.runners.Suite.runChild(Suite.java:27) [junit-4.13.jar:4.13]
	at org.junit.runners.ParentRunner$4.run(ParentRunner.java:331) [junit-4.13.jar:4.13]
	at org.junit.runners.ParentRunner$1.schedule(ParentRunner.java:79) [junit-4.13.jar:4.13]
	at org.junit.runners.ParentRunner.runChildren(ParentRunner.java:329) [junit-4.13.jar:4.13]
	at org.junit.runners.ParentRunner.access$100(ParentRunner.java:66) [junit-4.13.jar:4.13]
	at org.junit.runners.ParentRunner$2.evaluate(ParentRunner.java:293) [junit-4.13.jar:4.13]
	at org.junit.internal.runners.statements.RunAfters.evaluate(RunAfters.java:27) [junit-4.13.jar:4.13]
	at org.junit.runners.ParentRunner$3.evaluate(ParentRunner.java:306) [junit-4.13.jar:4.13]
	at org.junit.runners.ParentRunner.run(ParentRunner.java:413) [junit-4.13.jar:4.13]
	at org.eclipse.jdt.internal.junit4.runner.JUnit4TestReference.run(JUnit4TestReference.java:93) [.cp/:?]
	at org.eclipse.jdt.internal.junit.runner.TestExecution.run(TestExecution.java:40) [.cp/:?]
	at org.eclipse.jdt.internal.junit.runner.RemoteTestRunner.runTests(RemoteTestRunner.java:530) [.cp/:?]
	at org.eclipse.jdt.internal.junit.runner.RemoteTestRunner.runTests(RemoteTestRunner.java:758) [.cp/:?]
	at org.eclipse.jdt.internal.junit.runner.RemoteTestRunner.run(RemoteTestRunner.java:453) [.cp/:?]
	at org.eclipse.jdt.internal.junit.runner.RemoteTestRunner.main(RemoteTestRunner.java:211) [.cp/:?]
2025-12-30 03:35:29 INFO  === END   tests.productCardsTests.ProductCardElementsTests.cardValidation[Exp#1 [f1=1, f2=1, f3=1, f4=1, f5=1, f6=1, f7=1, f8=1]] ===
2025-12-30 03:35:29 INFO  === START tests.productCardsTests.ProductCardElementsTests.cardValidation[Exp#2 [f1=1, f2=1, f3=2, f4=2, f5=2, f6=2, f7=2, f8=2]] ===
2025-12-30 03:35:29 INFO  STEP: 📝 New input: Filling form fields.
2025-12-30 03:35:33 INFO  STEP PASS: Card #1 should have Tumbnail
2025-12-30 03:35:33 INFO  STEP PASS: Card #1 should have Title (card's title: Black Aluminium Cup)
2025-12-30 03:35:33 INFO  STEP PASS: Card #1 should have Rating (card's description: The Black Aluminium Cup is a stylish and durable cup suitable for both hot and cold beverages. Its sleek black design adds a modern touch to your drinkware collection.)
2025-12-30 03:35:33 INFO  STEP PASS: Card #1 should have Price (card's price: 5.99)
2025-12-30 03:35:34 ERROR STEP FAIL: Card #1 should have Rating (card's rating: 4.5)
2025-12-30 03:35:34 ERROR === FAIL  tests.productCardsTests.ProductCardElementsTests.cardValidation[Exp#2 [f1=1, f2=1, f3=2, f4=2, f5=2, f6=2, f7=2, f8=2]] ===
java.lang.AssertionError: Card #1 should have Rating (card's rating: 4.5)
	at org.junit.Assert.fail(Assert.java:89) ~[junit-4.13.jar:4.13]
	at org.junit.Assert.assertTrue(Assert.java:42) ~[junit-4.13.jar:4.13]
	at tests.BaseTest.checkTrue(BaseTest.java:92) ~[test-classes/:?]
	at tests.productCardsTests.ProductCardElementsTests.isThereRatingInProductCard(ProductCardElementsTests.java:95) ~[test-classes/:?]
	at tests.productCardsTests.ProductCardElementsTests.cardValidation(ProductCardElementsTests.java:59) ~[test-classes/:?]
	at jdk.internal.reflect.DirectMethodHandleAccessor.invoke(DirectMethodHandleAccessor.java:103) ~[?:?]
	at java.lang.reflect.Method.invoke(Method.java:580) ~[?:?]
	at org.junit.runners.model.FrameworkMethod$1.runReflectiveCall(FrameworkMethod.java:59) ~[junit-4.13.jar:4.13]
	at org.junit.internal.runners.model.ReflectiveCallable.run(ReflectiveCallable.java:12) ~[junit-4.13.jar:4.13]
	at org.junit.runners.model.FrameworkMethod.invokeExplosively(FrameworkMethod.java:56) ~[junit-4.13.jar:4.13]
	at org.junit.internal.runners.statements.InvokeMethod.evaluate(InvokeMethod.java:17) ~[junit-4.13.jar:4.13]
	at org.junit.internal.runners.statements.RunBefores.evaluate(RunBefores.java:26) ~[junit-4.13.jar:4.13]
	at org.junit.internal.runners.statements.RunAfters.evaluate(RunAfters.java:27) ~[junit-4.13.jar:4.13]
	at org.junit.rules.TestWatcher$1.evaluate(TestWatcher.java:61) [junit-4.13.jar:4.13]
	at org.junit.runners.ParentRunner$3.evaluate(ParentRunner.java:306) [junit-4.13.jar:4.13]
	at org.junit.runners.BlockJUnit4ClassRunner$1.evaluate(BlockJUnit4ClassRunner.java:100) [junit-4.13.jar:4.13]
	at org.junit.runners.ParentRunner.runLeaf(ParentRunner.java:366) [junit-4.13.jar:4.13]
	at org.junit.runners.BlockJUnit4ClassRunner.runChild(BlockJUnit4ClassRunner.java:103) [junit-4.13.jar:4.13]
	at org.junit.runners.BlockJUnit4ClassRunner.runChild(BlockJUnit4ClassRunner.java:63) [junit-4.13.jar:4.13]
	at org.junit.runners.ParentRunner$4.run(ParentRunner.java:331) [junit-4.13.jar:4.13]
	at org.junit.runners.ParentRunner$1.schedule(ParentRunner.java:79) [junit-4.13.jar:4.13]
	at org.junit.runners.ParentRunner.runChildren(ParentRunner.java:329) [junit-4.13.jar:4.13]
	at org.junit.runners.ParentRunner.access$100(ParentRunner.java:66) [junit-4.13.jar:4.13]
	at org.junit.runners.ParentRunner$2.evaluate(ParentRunner.java:293) [junit-4.13.jar:4.13]
	at org.junit.runners.ParentRunner.run(ParentRunner.java:413) [junit-4.13.jar:4.13]
	at org.junit.runners.Suite.runChild(Suite.java:128) [junit-4.13.jar:4.13]
	at org.junit.runners.Suite.runChild(Suite.java:27) [junit-4.13.jar:4.13]
	at org.junit.runners.ParentRunner$4.run(ParentRunner.java:331) [junit-4.13.jar:4.13]
	at org.junit.runners.ParentRunner$1.schedule(ParentRunner.java:79) [junit-4.13.jar:4.13]
	at org.junit.runners.ParentRunner.runChildren(ParentRunner.java:329) [junit-4.13.jar:4.13]
	at org.junit.runners.ParentRunner.access$100(ParentRunner.java:66) [junit-4.13.jar:4.13]
	at org.junit.runners.ParentRunner$2.evaluate(ParentRunner.java:293) [junit-4.13.jar:4.13]
	at org.junit.internal.runners.statements.RunAfters.evaluate(RunAfters.java:27) [junit-4.13.jar:4.13]
	at org.junit.runners.ParentRunner$3.evaluate(ParentRunner.java:306) [junit-4.13.jar:4.13]
	at org.junit.runners.ParentRunner.run(ParentRunner.java:413) [junit-4.13.jar:4.13]
	at org.eclipse.jdt.internal.junit4.runner.JUnit4TestReference.run(JUnit4TestReference.java:93) [.cp/:?]
	at org.eclipse.jdt.internal.junit.runner.TestExecution.run(TestExecution.java:40) [.cp/:?]
	at org.eclipse.jdt.internal.junit.runner.RemoteTestRunner.runTests(RemoteTestRunner.java:530) [.cp/:?]
	at org.eclipse.jdt.internal.junit.runner.RemoteTestRunner.runTests(RemoteTestRunner.java:758) [.cp/:?]
	at org.eclipse.jdt.internal.junit.runner.RemoteTestRunner.run(RemoteTestRunner.java:453) [.cp/:?]
	at org.eclipse.jdt.internal.junit.runner.RemoteTestRunner.main(RemoteTestRunner.java:211) [.cp/:?]
2025-12-30 03:35:34 INFO  === END   tests.productCardsTests.ProductCardElementsTests.cardValidation[Exp#2 [f1=1, f2=1, f3=2, f4=2, f5=2, f6=2, f7=2, f8=2]] ===
2025-12-30 03:35:34 INFO  === START tests.productCardsTests.ProductCardElementsTests.cardValidation[Exp#3 [f1=1, f2=1, f3=3, f4=3, f5=3, f6=3, f7=3, f8=3]] ===
2025-12-30 03:35:34 INFO  STEP: 📝 New input: Filling form fields.
2025-12-30 03:35:37 INFO  STEP PASS: Card #1 should have Tumbnail
2025-12-30 03:35:37 INFO  STEP PASS: Card #1 should have Title (card's title: Samsung Galaxy Tab White)
2025-12-30 03:35:37 INFO  STEP PASS: Card #1 should have Rating (card's description: The Samsung Galaxy Tab in White is a sleek and versatile Android tablet. With a vibrant display, long-lasting battery, and a range of features, it offers a great user experience for various tasks.)
2025-12-30 03:35:37 INFO  STEP PASS: Card #1 should have Price (card's price: 349.99)
2025-12-30 03:35:37 ERROR STEP FAIL: Card #1 should have Rating (card's rating: 3.7)
2025-12-30 03:35:37 ERROR === FAIL  tests.productCardsTests.ProductCardElementsTests.cardValidation[Exp#3 [f1=1, f2=1, f3=3, f4=3, f5=3, f6=3, f7=3, f8=3]] ===
java.lang.AssertionError: Card #1 should have Rating (card's rating: 3.7)
	at org.junit.Assert.fail(Assert.java:89) ~[junit-4.13.jar:4.13]
	at org.junit.Assert.assertTrue(Assert.java:42) ~[junit-4.13.jar:4.13]
	at tests.BaseTest.checkTrue(BaseTest.java:92) ~[test-classes/:?]
	at tests.productCardsTests.ProductCardElementsTests.isThereRatingInProductCard(ProductCardElementsTests.java:95) ~[test-classes/:?]
	at tests.productCardsTests.ProductCardElementsTests.cardValidation(ProductCardElementsTests.java:59) ~[test-classes/:?]
	at jdk.internal.reflect.DirectMethodHandleAccessor.invoke(DirectMethodHandleAccessor.java:103) ~[?:?]
	at java.lang.reflect.Method.invoke(Method.java:580) ~[?:?]
	at org.junit.runners.model.FrameworkMethod$1.runReflectiveCall(FrameworkMethod.java:59) ~[junit-4.13.jar:4.13]
	at org.junit.internal.runners.model.ReflectiveCallable.run(ReflectiveCallable.java:12) ~[junit-4.13.jar:4.13]
	at org.junit.runners.model.FrameworkMethod.invokeExplosively(FrameworkMethod.java:56) ~[junit-4.13.jar:4.13]
	at org.junit.internal.runners.statements.InvokeMethod.evaluate(InvokeMethod.java:17) ~[junit-4.13.jar:4.13]
	at org.junit.internal.runners.statements.RunBefores.evaluate(RunBefores.java:26) ~[junit-4.13.jar:4.13]
	at org.junit.internal.runners.statements.RunAfters.evaluate(RunAfters.java:27) ~[junit-4.13.jar:4.13]
	at org.junit.rules.TestWatcher$1.evaluate(TestWatcher.java:61) [junit-4.13.jar:4.13]
	at org.junit.runners.ParentRunner$3.evaluate(ParentRunner.java:306) [junit-4.13.jar:4.13]
	at org.junit.runners.BlockJUnit4ClassRunner$1.evaluate(BlockJUnit4ClassRunner.java:100) [junit-4.13.jar:4.13]
	at org.junit.runners.ParentRunner.runLeaf(ParentRunner.java:366) [junit-4.13.jar:4.13]
	at org.junit.runners.BlockJUnit4ClassRunner.runChild(BlockJUnit4ClassRunner.java:103) [junit-4.13.jar:4.13]
	at org.junit.runners.BlockJUnit4ClassRunner.runChild(BlockJUnit4ClassRunner.java:63) [junit-4.13.jar:4.13]
	at org.junit.runners.ParentRunner$4.run(ParentRunner.java:331) [junit-4.13.jar:4.13]
	at org.junit.runners.ParentRunner$1.schedule(ParentRunner.java:79) [junit-4.13.jar:4.13]
	at org.junit.runners.ParentRunner.runChildren(ParentRunner.java:329) [junit-4.13.jar:4.13]
	at org.junit.runners.ParentRunner.access$100(ParentRunner.java:66) [junit-4.13.jar:4.13]
	at org.junit.runners.ParentRunner$2.evaluate(ParentRunner.java:293) [junit-4.13.jar:4.13]
	at org.junit.runners.ParentRunner.run(ParentRunner.java:413) [junit-4.13.jar:4.13]
	at org.junit.runners.Suite.runChild(Suite.java:128) [junit-4.13.jar:4.13]
	at org.junit.runners.Suite.runChild(Suite.java:27) [junit-4.13.jar:4.13]
	at org.junit.runners.ParentRunner$4.run(ParentRunner.java:331) [junit-4.13.jar:4.13]
	at org.junit.runners.ParentRunner$1.schedule(ParentRunner.java:79) [junit-4.13.jar:4.13]
	at org.junit.runners.ParentRunner.runChildren(ParentRunner.java:329) [junit-4.13.jar:4.13]
	at org.junit.runners.ParentRunner.access$100(ParentRunner.java:66) [junit-4.13.jar:4.13]
	at org.junit.runners.ParentRunner$2.evaluate(ParentRunner.java:293) [junit-4.13.jar:4.13]
	at org.junit.internal.runners.statements.RunAfters.evaluate(RunAfters.java:27) [junit-4.13.jar:4.13]
	at org.junit.runners.ParentRunner$3.evaluate(ParentRunner.java:306) [junit-4.13.jar:4.13]
	at org.junit.runners.ParentRunner.run(ParentRunner.java:413) [junit-4.13.jar:4.13]
	at org.eclipse.jdt.internal.junit4.runner.JUnit4TestReference.run(JUnit4TestReference.java:93) [.cp/:?]
	at org.eclipse.jdt.internal.junit.runner.TestExecution.run(TestExecution.java:40) [.cp/:?]
	at org.eclipse.jdt.internal.junit.runner.RemoteTestRunner.runTests(RemoteTestRunner.java:530) [.cp/:?]
	at org.eclipse.jdt.internal.junit.runner.RemoteTestRunner.runTests(RemoteTestRunner.java:758) [.cp/:?]
	at org.eclipse.jdt.internal.junit.runner.RemoteTestRunner.run(RemoteTestRunner.java:453) [.cp/:?]
	at org.eclipse.jdt.internal.junit.runner.RemoteTestRunner.main(RemoteTestRunner.java:211) [.cp/:?]
2025-12-30 03:35:37 INFO  === END   tests.productCardsTests.ProductCardElementsTests.cardValidation[Exp#3 [f1=1, f2=1, f3=3, f4=3, f5=3, f6=3, f7=3, f8=3]] ===
2025-12-30 03:35:37 INFO  === START tests.productCardsTests.ProductCardElementsTests.cardValidation[Exp#4 [f1=1, f2=2, f3=1, f4=1, f5=2, f6=2, f7=3, f8=3]] ===
2025-12-30 03:35:37 INFO  STEP: 📝 New input: Filling form fields.
2025-12-30 03:35:41 INFO  STEP PASS: Card #1 should have Tumbnail
2025-12-30 03:35:41 INFO  STEP PASS: Card #1 should have Title (card's title: Plant Pot)
2025-12-30 03:35:41 INFO  STEP PASS: Card #1 should have Rating (card's description: The Plant Pot is a stylish container for your favorite plants. With a sleek design, it complements your indoor or outdoor garden, adding a modern touch to your plant display.)
2025-12-30 03:35:41 INFO  STEP PASS: Card #1 should have Price (card's price: 14.99)
2025-12-30 03:35:41 ERROR STEP FAIL: Card #1 should have Rating (card's rating: 3.0)
2025-12-30 03:35:41 ERROR === FAIL  tests.productCardsTests.ProductCardElementsTests.cardValidation[Exp#4 [f1=1, f2=2, f3=1, f4=1, f5=2, f6=2, f7=3, f8=3]] ===
java.lang.AssertionError: Card #1 should have Rating (card's rating: 3.0)
	at org.junit.Assert.fail(Assert.java:89) ~[junit-4.13.jar:4.13]
	at org.junit.Assert.assertTrue(Assert.java:42) ~[junit-4.13.jar:4.13]
	at tests.BaseTest.checkTrue(BaseTest.java:92) ~[test-classes/:?]
	at tests.productCardsTests.ProductCardElementsTests.isThereRatingInProductCard(ProductCardElementsTests.java:95) ~[test-classes/:?]
	at tests.productCardsTests.ProductCardElementsTests.cardValidation(ProductCardElementsTests.java:59) ~[test-classes/:?]
	at jdk.internal.reflect.DirectMethodHandleAccessor.invoke(DirectMethodHandleAccessor.java:103) ~[?:?]
	at java.lang.reflect.Method.invoke(Method.java:580) ~[?:?]
	at org.junit.runners.model.FrameworkMethod$1.runReflectiveCall(FrameworkMethod.java:59) ~[junit-4.13.jar:4.13]
	at org.junit.internal.runners.model.ReflectiveCallable.run(ReflectiveCallable.java:12) ~[junit-4.13.jar:4.13]
	at org.junit.runners.model.FrameworkMethod.invokeExplosively(FrameworkMethod.java:56) ~[junit-4.13.jar:4.13]
	at org.junit.internal.runners.statements.InvokeMethod.evaluate(InvokeMethod.java:17) ~[junit-4.13.jar:4.13]
	at org.junit.internal.runners.statements.RunBefores.evaluate(RunBefores.java:26) ~[junit-4.13.jar:4.13]
	at org.junit.internal.runners.statements.RunAfters.evaluate(RunAfters.java:27) ~[junit-4.13.jar:4.13]
	at org.junit.rules.TestWatcher$1.evaluate(TestWatcher.java:61) [junit-4.13.jar:4.13]
	at org.junit.runners.ParentRunner$3.evaluate(ParentRunner.java:306) [junit-4.13.jar:4.13]
	at org.junit.runners.BlockJUnit4ClassRunner$1.evaluate(BlockJUnit4ClassRunner.java:100) [junit-4.13.jar:4.13]
	at org.junit.runners.ParentRunner.runLeaf(ParentRunner.java:366) [junit-4.13.jar:4.13]
	at org.junit.runners.BlockJUnit4ClassRunner.runChild(BlockJUnit4ClassRunner.java:103) [junit-4.13.jar:4.13]
	at org.junit.runners.BlockJUnit4ClassRunner.runChild(BlockJUnit4ClassRunner.java:63) [junit-4.13.jar:4.13]
	at org.junit.runners.ParentRunner$4.run(ParentRunner.java:331) [junit-4.13.jar:4.13]
	at org.junit.runners.ParentRunner$1.schedule(ParentRunner.java:79) [junit-4.13.jar:4.13]
	at org.junit.runners.ParentRunner.runChildren(ParentRunner.java:329) [junit-4.13.jar:4.13]
	at org.junit.runners.ParentRunner.access$100(ParentRunner.java:66) [junit-4.13.jar:4.13]
	at org.junit.runners.ParentRunner$2.evaluate(ParentRunner.java:293) [junit-4.13.jar:4.13]
	at org.junit.runners.ParentRunner.run(ParentRunner.java:413) [junit-4.13.jar:4.13]
	at org.junit.runners.Suite.runChild(Suite.java:128) [junit-4.13.jar:4.13]
	at org.junit.runners.Suite.runChild(Suite.java:27) [junit-4.13.jar:4.13]
	at org.junit.runners.ParentRunner$4.run(ParentRunner.java:331) [junit-4.13.jar:4.13]
	at org.junit.runners.ParentRunner$1.schedule(ParentRunner.java:79) [junit-4.13.jar:4.13]
	at org.junit.runners.ParentRunner.runChildren(ParentRunner.java:329) [junit-4.13.jar:4.13]
	at org.junit.runners.ParentRunner.access$100(ParentRunner.java:66) [junit-4.13.jar:4.13]
	at org.junit.runners.ParentRunner$2.evaluate(ParentRunner.java:293) [junit-4.13.jar:4.13]
	at org.junit.internal.runners.statements.RunAfters.evaluate(RunAfters.java:27) [junit-4.13.jar:4.13]
	at org.junit.runners.ParentRunner$3.evaluate(ParentRunner.java:306) [junit-4.13.jar:4.13]
	at org.junit.runners.ParentRunner.run(ParentRunner.java:413) [junit-4.13.jar:4.13]
	at org.eclipse.jdt.internal.junit4.runner.JUnit4TestReference.run(JUnit4TestReference.java:93) [.cp/:?]
	at org.eclipse.jdt.internal.junit.runner.TestExecution.run(TestExecution.java:40) [.cp/:?]
	at org.eclipse.jdt.internal.junit.runner.RemoteTestRunner.runTests(RemoteTestRunner.java:530) [.cp/:?]
	at org.eclipse.jdt.internal.junit.runner.RemoteTestRunner.runTests(RemoteTestRunner.java:758) [.cp/:?]
	at org.eclipse.jdt.internal.junit.runner.RemoteTestRunner.run(RemoteTestRunner.java:453) [.cp/:?]
	at org.eclipse.jdt.internal.junit.runner.RemoteTestRunner.main(RemoteTestRunner.java:211) [.cp/:?]
2025-12-30 03:35:41 INFO  === END   tests.productCardsTests.ProductCardElementsTests.cardValidation[Exp#4 [f1=1, f2=2, f3=1, f4=1, f5=2, f6=2, f7=3, f8=3]] ===
2025-12-30 03:35:41 INFO  === START tests.productCardsTests.ProductCardElementsTests.cardValidation[Exp#5 [f1=1, f2=2, f3=2, f4=2, f5=3, f6=3, f7=1, f8=1]] ===
2025-12-30 03:35:41 INFO  STEP: 📝 New input: Filling form fields.
2025-12-30 03:35:45 INFO  STEP PASS: Card #1 should have Tumbnail
2025-12-30 03:35:45 INFO  STEP PASS: Card #1 should have Title (card's title: Black Aluminium Cup)
2025-12-30 03:35:45 INFO  STEP PASS: Card #1 should have Rating (card's description: The Black Aluminium Cup is a stylish and durable cup suitable for both hot and cold beverages. Its sleek black design adds a modern touch to your drinkware collection.)
2025-12-30 03:35:45 INFO  STEP PASS: Card #1 should have Price (card's price: 5.99)
2025-12-30 03:35:45 ERROR STEP FAIL: Card #1 should have Rating (card's rating: 4.5)
2025-12-30 03:35:45 ERROR === FAIL  tests.productCardsTests.ProductCardElementsTests.cardValidation[Exp#5 [f1=1, f2=2, f3=2, f4=2, f5=3, f6=3, f7=1, f8=1]] ===
java.lang.AssertionError: Card #1 should have Rating (card's rating: 4.5)
	at org.junit.Assert.fail(Assert.java:89) ~[junit-4.13.jar:4.13]
	at org.junit.Assert.assertTrue(Assert.java:42) ~[junit-4.13.jar:4.13]
	at tests.BaseTest.checkTrue(BaseTest.java:92) ~[test-classes/:?]
	at tests.productCardsTests.ProductCardElementsTests.isThereRatingInProductCard(ProductCardElementsTests.java:95) ~[test-classes/:?]
	at tests.productCardsTests.ProductCardElementsTests.cardValidation(ProductCardElementsTests.java:59) ~[test-classes/:?]
	at jdk.internal.reflect.DirectMethodHandleAccessor.invoke(DirectMethodHandleAccessor.java:103) ~[?:?]
	at java.lang.reflect.Method.invoke(Method.java:580) ~[?:?]
	at org.junit.runners.model.FrameworkMethod$1.runReflectiveCall(FrameworkMethod.java:59) ~[junit-4.13.jar:4.13]
	at org.junit.internal.runners.model.ReflectiveCallable.run(ReflectiveCallable.java:12) ~[junit-4.13.jar:4.13]
	at org.junit.runners.model.FrameworkMethod.invokeExplosively(FrameworkMethod.java:56) ~[junit-4.13.jar:4.13]
	at org.junit.internal.runners.statements.InvokeMethod.evaluate(InvokeMethod.java:17) ~[junit-4.13.jar:4.13]
	at org.junit.internal.runners.statements.RunBefores.evaluate(RunBefores.java:26) ~[junit-4.13.jar:4.13]
	at org.junit.internal.runners.statements.RunAfters.evaluate(RunAfters.java:27) ~[junit-4.13.jar:4.13]
	at org.junit.rules.TestWatcher$1.evaluate(TestWatcher.java:61) [junit-4.13.jar:4.13]
	at org.junit.runners.ParentRunner$3.evaluate(ParentRunner.java:306) [junit-4.13.jar:4.13]
	at org.junit.runners.BlockJUnit4ClassRunner$1.evaluate(BlockJUnit4ClassRunner.java:100) [junit-4.13.jar:4.13]
	at org.junit.runners.ParentRunner.runLeaf(ParentRunner.java:366) [junit-4.13.jar:4.13]
	at org.junit.runners.BlockJUnit4ClassRunner.runChild(BlockJUnit4ClassRunner.java:103) [junit-4.13.jar:4.13]
	at org.junit.runners.BlockJUnit4ClassRunner.runChild(BlockJUnit4ClassRunner.java:63) [junit-4.13.jar:4.13]
	at org.junit.runners.ParentRunner$4.run(ParentRunner.java:331) [junit-4.13.jar:4.13]
	at org.junit.runners.ParentRunner$1.schedule(ParentRunner.java:79) [junit-4.13.jar:4.13]
	at org.junit.runners.ParentRunner.runChildren(ParentRunner.java:329) [junit-4.13.jar:4.13]
	at org.junit.runners.ParentRunner.access$100(ParentRunner.java:66) [junit-4.13.jar:4.13]
	at org.junit.runners.ParentRunner$2.evaluate(ParentRunner.java:293) [junit-4.13.jar:4.13]
	at org.junit.runners.ParentRunner.run(ParentRunner.java:413) [junit-4.13.jar:4.13]
	at org.junit.runners.Suite.runChild(Suite.java:128) [junit-4.13.jar:4.13]
	at org.junit.runners.Suite.runChild(Suite.java:27) [junit-4.13.jar:4.13]
	at org.junit.runners.ParentRunner$4.run(ParentRunner.java:331) [junit-4.13.jar:4.13]
	at org.junit.runners.ParentRunner$1.schedule(ParentRunner.java:79) [junit-4.13.jar:4.13]
	at org.junit.runners.ParentRunner.runChildren(ParentRunner.java:329) [junit-4.13.jar:4.13]
	at org.junit.runners.ParentRunner.access$100(ParentRunner.java:66) [junit-4.13.jar:4.13]
	at org.junit.runners.ParentRunner$2.evaluate(ParentRunner.java:293) [junit-4.13.jar:4.13]
	at org.junit.internal.runners.statements.RunAfters.evaluate(RunAfters.java:27) [junit-4.13.jar:4.13]
	at org.junit.runners.ParentRunner$3.evaluate(ParentRunner.java:306) [junit-4.13.jar:4.13]
	at org.junit.runners.ParentRunner.run(ParentRunner.java:413) [junit-4.13.jar:4.13]
	at org.eclipse.jdt.internal.junit4.runner.JUnit4TestReference.run(JUnit4TestReference.java:93) [.cp/:?]
	at org.eclipse.jdt.internal.junit.runner.TestExecution.run(TestExecution.java:40) [.cp/:?]
	at org.eclipse.jdt.internal.junit.runner.RemoteTestRunner.runTests(RemoteTestRunner.java:530) [.cp/:?]
	at org.eclipse.jdt.internal.junit.runner.RemoteTestRunner.runTests(RemoteTestRunner.java:758) [.cp/:?]
	at org.eclipse.jdt.internal.junit.runner.RemoteTestRunner.run(RemoteTestRunner.java:453) [.cp/:?]
	at org.eclipse.jdt.internal.junit.runner.RemoteTestRunner.main(RemoteTestRunner.java:211) [.cp/:?]
2025-12-30 03:35:45 INFO  === END   tests.productCardsTests.ProductCardElementsTests.cardValidation[Exp#5 [f1=1, f2=2, f3=2, f4=2, f5=3, f6=3, f7=1, f8=1]] ===
2025-12-30 03:35:45 INFO  === START tests.productCardsTests.ProductCardElementsTests.cardValidation[Exp#6 [f1=1, f2=2, f3=3, f4=3, f5=1, f6=1, f7=2, f8=2]] ===
2025-12-30 03:35:45 INFO  STEP: 📝 New input: Filling form fields.
2025-12-30 03:35:49 INFO  STEP PASS: Card #1 should have Tumbnail
2025-12-30 03:35:49 INFO  STEP PASS: Card #1 should have Title (card's title: Baseball Ball)
2025-12-30 03:35:49 INFO  STEP PASS: Card #1 should have Rating (card's description: The Baseball Ball is a standard baseball used in baseball games. It features a durable leather cover and is designed for pitching, hitting, and fielding in the game of baseball.)
2025-12-30 03:35:49 INFO  STEP PASS: Card #1 should have Price (card's price: 8.99)
2025-12-30 03:35:49 ERROR STEP FAIL: Card #1 should have Rating (card's rating: 2.6)
2025-12-30 03:35:49 ERROR === FAIL  tests.productCardsTests.ProductCardElementsTests.cardValidation[Exp#6 [f1=1, f2=2, f3=3, f4=3, f5=1, f6=1, f7=2, f8=2]] ===
java.lang.AssertionError: Card #1 should have Rating (card's rating: 2.6)
	at org.junit.Assert.fail(Assert.java:89) ~[junit-4.13.jar:4.13]
	at org.junit.Assert.assertTrue(Assert.java:42) ~[junit-4.13.jar:4.13]
	at tests.BaseTest.checkTrue(BaseTest.java:92) ~[test-classes/:?]
	at tests.productCardsTests.ProductCardElementsTests.isThereRatingInProductCard(ProductCardElementsTests.java:95) ~[test-classes/:?]
	at tests.productCardsTests.ProductCardElementsTests.cardValidation(ProductCardElementsTests.java:59) ~[test-classes/:?]
	at jdk.internal.reflect.DirectMethodHandleAccessor.invoke(DirectMethodHandleAccessor.java:103) ~[?:?]
	at java.lang.reflect.Method.invoke(Method.java:580) ~[?:?]
	at org.junit.runners.model.FrameworkMethod$1.runReflectiveCall(FrameworkMethod.java:59) ~[junit-4.13.jar:4.13]
	at org.junit.internal.runners.model.ReflectiveCallable.run(ReflectiveCallable.java:12) ~[junit-4.13.jar:4.13]
	at org.junit.runners.model.FrameworkMethod.invokeExplosively(FrameworkMethod.java:56) ~[junit-4.13.jar:4.13]
	at org.junit.internal.runners.statements.InvokeMethod.evaluate(InvokeMethod.java:17) ~[junit-4.13.jar:4.13]
	at org.junit.internal.runners.statements.RunBefores.evaluate(RunBefores.java:26) ~[junit-4.13.jar:4.13]
	at org.junit.internal.runners.statements.RunAfters.evaluate(RunAfters.java:27) ~[junit-4.13.jar:4.13]
	at org.junit.rules.TestWatcher$1.evaluate(TestWatcher.java:61) [junit-4.13.jar:4.13]
	at org.junit.runners.ParentRunner$3.evaluate(ParentRunner.java:306) [junit-4.13.jar:4.13]
	at org.junit.runners.BlockJUnit4ClassRunner$1.evaluate(BlockJUnit4ClassRunner.java:100) [junit-4.13.jar:4.13]
	at org.junit.runners.ParentRunner.runLeaf(ParentRunner.java:366) [junit-4.13.jar:4.13]
	at org.junit.runners.BlockJUnit4ClassRunner.runChild(BlockJUnit4ClassRunner.java:103) [junit-4.13.jar:4.13]
	at org.junit.runners.BlockJUnit4ClassRunner.runChild(BlockJUnit4ClassRunner.java:63) [junit-4.13.jar:4.13]
	at org.junit.runners.ParentRunner$4.run(ParentRunner.java:331) [junit-4.13.jar:4.13]
	at org.junit.runners.ParentRunner$1.schedule(ParentRunner.java:79) [junit-4.13.jar:4.13]
	at org.junit.runners.ParentRunner.runChildren(ParentRunner.java:329) [junit-4.13.jar:4.13]
	at org.junit.runners.ParentRunner.access$100(ParentRunner.java:66) [junit-4.13.jar:4.13]
	at org.junit.runners.ParentRunner$2.evaluate(ParentRunner.java:293) [junit-4.13.jar:4.13]
	at org.junit.runners.ParentRunner.run(ParentRunner.java:413) [junit-4.13.jar:4.13]
	at org.junit.runners.Suite.runChild(Suite.java:128) [junit-4.13.jar:4.13]
	at org.junit.runners.Suite.runChild(Suite.java:27) [junit-4.13.jar:4.13]
	at org.junit.runners.ParentRunner$4.run(ParentRunner.java:331) [junit-4.13.jar:4.13]
	at org.junit.runners.ParentRunner$1.schedule(ParentRunner.java:79) [junit-4.13.jar:4.13]
	at org.junit.runners.ParentRunner.runChildren(ParentRunner.java:329) [junit-4.13.jar:4.13]
	at org.junit.runners.ParentRunner.access$100(ParentRunner.java:66) [junit-4.13.jar:4.13]
	at org.junit.runners.ParentRunner$2.evaluate(ParentRunner.java:293) [junit-4.13.jar:4.13]
	at org.junit.internal.runners.statements.RunAfters.evaluate(RunAfters.java:27) [junit-4.13.jar:4.13]
	at org.junit.runners.ParentRunner$3.evaluate(ParentRunner.java:306) [junit-4.13.jar:4.13]
	at org.junit.runners.ParentRunner.run(ParentRunner.java:413) [junit-4.13.jar:4.13]
	at org.eclipse.jdt.internal.junit4.runner.JUnit4TestReference.run(JUnit4TestReference.java:93) [.cp/:?]
	at org.eclipse.jdt.internal.junit.runner.TestExecution.run(TestExecution.java:40) [.cp/:?]
	at org.eclipse.jdt.internal.junit.runner.RemoteTestRunner.runTests(RemoteTestRunner.java:530) [.cp/:?]
	at org.eclipse.jdt.internal.junit.runner.RemoteTestRunner.runTests(RemoteTestRunner.java:758) [.cp/:?]
	at org.eclipse.jdt.internal.junit.runner.RemoteTestRunner.run(RemoteTestRunner.java:453) [.cp/:?]
	at org.eclipse.jdt.internal.junit.runner.RemoteTestRunner.main(RemoteTestRunner.java:211) [.cp/:?]
2025-12-30 03:35:49 INFO  === END   tests.productCardsTests.ProductCardElementsTests.cardValidation[Exp#6 [f1=1, f2=2, f3=3, f4=3, f5=1, f6=1, f7=2, f8=2]] ===
2025-12-30 03:35:49 INFO  === START tests.productCardsTests.ProductCardElementsTests.cardValidation[Exp#7 [f1=1, f2=3, f3=1, f4=2, f5=1, f6=3, f7=2, f8=3]] ===
2025-12-30 03:35:49 INFO  STEP: 📝 New input: Filling form fields.
2025-12-30 03:35:52 INFO  STEP PASS: Card #1 should have Tumbnail
2025-12-30 03:35:53 INFO  STEP PASS: Card #1 should have Title (card's title: Baseball Ball)
2025-12-30 03:35:53 INFO  STEP PASS: Card #1 should have Rating (card's description: The Baseball Ball is a standard baseball used in baseball games. It features a durable leather cover and is designed for pitching, hitting, and fielding in the game of baseball.)
2025-12-30 03:35:53 INFO  STEP PASS: Card #1 should have Price (card's price: 8.99)
2025-12-30 03:35:53 ERROR STEP FAIL: Card #1 should have Rating (card's rating: 2.6)
2025-12-30 03:35:53 ERROR === FAIL  tests.productCardsTests.ProductCardElementsTests.cardValidation[Exp#7 [f1=1, f2=3, f3=1, f4=2, f5=1, f6=3, f7=2, f8=3]] ===
java.lang.AssertionError: Card #1 should have Rating (card's rating: 2.6)
	at org.junit.Assert.fail(Assert.java:89) ~[junit-4.13.jar:4.13]
	at org.junit.Assert.assertTrue(Assert.java:42) ~[junit-4.13.jar:4.13]
	at tests.BaseTest.checkTrue(BaseTest.java:92) ~[test-classes/:?]
	at tests.productCardsTests.ProductCardElementsTests.isThereRatingInProductCard(ProductCardElementsTests.java:95) ~[test-classes/:?]
	at tests.productCardsTests.ProductCardElementsTests.cardValidation(ProductCardElementsTests.java:59) ~[test-classes/:?]
	at jdk.internal.reflect.DirectMethodHandleAccessor.invoke(DirectMethodHandleAccessor.java:103) ~[?:?]
	at java.lang.reflect.Method.invoke(Method.java:580) ~[?:?]
	at org.junit.runners.model.FrameworkMethod$1.runReflectiveCall(FrameworkMethod.java:59) ~[junit-4.13.jar:4.13]
	at org.junit.internal.runners.model.ReflectiveCallable.run(ReflectiveCallable.java:12) ~[junit-4.13.jar:4.13]
	at org.junit.runners.model.FrameworkMethod.invokeExplosively(FrameworkMethod.java:56) ~[junit-4.13.jar:4.13]
	at org.junit.internal.runners.statements.InvokeMethod.evaluate(InvokeMethod.java:17) ~[junit-4.13.jar:4.13]
	at org.junit.internal.runners.statements.RunBefores.evaluate(RunBefores.java:26) ~[junit-4.13.jar:4.13]
	at org.junit.internal.runners.statements.RunAfters.evaluate(RunAfters.java:27) ~[junit-4.13.jar:4.13]
	at org.junit.rules.TestWatcher$1.evaluate(TestWatcher.java:61) [junit-4.13.jar:4.13]
	at org.junit.runners.ParentRunner$3.evaluate(ParentRunner.java:306) [junit-4.13.jar:4.13]
	at org.junit.runners.BlockJUnit4ClassRunner$1.evaluate(BlockJUnit4ClassRunner.java:100) [junit-4.13.jar:4.13]
	at org.junit.runners.ParentRunner.runLeaf(ParentRunner.java:366) [junit-4.13.jar:4.13]
	at org.junit.runners.BlockJUnit4ClassRunner.runChild(BlockJUnit4ClassRunner.java:103) [junit-4.13.jar:4.13]
	at org.junit.runners.BlockJUnit4ClassRunner.runChild(BlockJUnit4ClassRunner.java:63) [junit-4.13.jar:4.13]
	at org.junit.runners.ParentRunner$4.run(ParentRunner.java:331) [junit-4.13.jar:4.13]
	at org.junit.runners.ParentRunner$1.schedule(ParentRunner.java:79) [junit-4.13.jar:4.13]
	at org.junit.runners.ParentRunner.runChildren(ParentRunner.java:329) [junit-4.13.jar:4.13]
	at org.junit.runners.ParentRunner.access$100(ParentRunner.java:66) [junit-4.13.jar:4.13]
	at org.junit.runners.ParentRunner$2.evaluate(ParentRunner.java:293) [junit-4.13.jar:4.13]
	at org.junit.runners.ParentRunner.run(ParentRunner.java:413) [junit-4.13.jar:4.13]
	at org.junit.runners.Suite.runChild(Suite.java:128) [junit-4.13.jar:4.13]
	at org.junit.runners.Suite.runChild(Suite.java:27) [junit-4.13.jar:4.13]
	at org.junit.runners.ParentRunner$4.run(ParentRunner.java:331) [junit-4.13.jar:4.13]
	at org.junit.runners.ParentRunner$1.schedule(ParentRunner.java:79) [junit-4.13.jar:4.13]
	at org.junit.runners.ParentRunner.runChildren(ParentRunner.java:329) [junit-4.13.jar:4.13]
	at org.junit.runners.ParentRunner.access$100(ParentRunner.java:66) [junit-4.13.jar:4.13]
	at org.junit.runners.ParentRunner$2.evaluate(ParentRunner.java:293) [junit-4.13.jar:4.13]
	at org.junit.internal.runners.statements.RunAfters.evaluate(RunAfters.java:27) [junit-4.13.jar:4.13]
	at org.junit.runners.ParentRunner$3.evaluate(ParentRunner.java:306) [junit-4.13.jar:4.13]
	at org.junit.runners.ParentRunner.run(ParentRunner.java:413) [junit-4.13.jar:4.13]
	at org.eclipse.jdt.internal.junit4.runner.JUnit4TestReference.run(JUnit4TestReference.java:93) [.cp/:?]
	at org.eclipse.jdt.internal.junit.runner.TestExecution.run(TestExecution.java:40) [.cp/:?]
	at org.eclipse.jdt.internal.junit.runner.RemoteTestRunner.runTests(RemoteTestRunner.java:530) [.cp/:?]
	at org.eclipse.jdt.internal.junit.runner.RemoteTestRunner.runTests(RemoteTestRunner.java:758) [.cp/:?]
	at org.eclipse.jdt.internal.junit.runner.RemoteTestRunner.run(RemoteTestRunner.java:453) [.cp/:?]
	at org.eclipse.jdt.internal.junit.runner.RemoteTestRunner.main(RemoteTestRunner.java:211) [.cp/:?]
2025-12-30 03:35:53 INFO  === END   tests.productCardsTests.ProductCardElementsTests.cardValidation[Exp#7 [f1=1, f2=3, f3=1, f4=2, f5=1, f6=3, f7=2, f8=3]] ===
2025-12-30 03:35:53 INFO  === START tests.productCardsTests.ProductCardElementsTests.cardValidation[Exp#8 [f1=1, f2=3, f3=2, f4=3, f5=2, f6=1, f7=3, f8=1]] ===
2025-12-30 03:35:53 INFO  STEP: 📝 New input: Filling form fields.
2025-12-30 03:35:56 INFO  STEP PASS: Card #1 should have Tumbnail
2025-12-30 03:35:56 INFO  STEP PASS: Card #1 should have Title (card's title: iPhone 5s)
2025-12-30 03:35:56 INFO  STEP PASS: Card #1 should have Rating (card's description: The iPhone 5s is a classic smartphone known for its compact design and advanced features during its release. While it's an older model, it still provides a reliable user experience.)
2025-12-30 03:35:57 INFO  STEP PASS: Card #1 should have Price (card's price: 199.99)
2025-12-30 03:35:57 ERROR STEP FAIL: Card #1 should have Rating (card's rating: 2.8)
2025-12-30 03:35:57 ERROR === FAIL  tests.productCardsTests.ProductCardElementsTests.cardValidation[Exp#8 [f1=1, f2=3, f3=2, f4=3, f5=2, f6=1, f7=3, f8=1]] ===
java.lang.AssertionError: Card #1 should have Rating (card's rating: 2.8)
	at org.junit.Assert.fail(Assert.java:89) ~[junit-4.13.jar:4.13]
	at org.junit.Assert.assertTrue(Assert.java:42) ~[junit-4.13.jar:4.13]
	at tests.BaseTest.checkTrue(BaseTest.java:92) ~[test-classes/:?]
	at tests.productCardsTests.ProductCardElementsTests.isThereRatingInProductCard(ProductCardElementsTests.java:95) ~[test-classes/:?]
	at tests.productCardsTests.ProductCardElementsTests.cardValidation(ProductCardElementsTests.java:59) ~[test-classes/:?]
	at jdk.internal.reflect.DirectMethodHandleAccessor.invoke(DirectMethodHandleAccessor.java:103) ~[?:?]
	at java.lang.reflect.Method.invoke(Method.java:580) ~[?:?]
	at org.junit.runners.model.FrameworkMethod$1.runReflectiveCall(FrameworkMethod.java:59) ~[junit-4.13.jar:4.13]
	at org.junit.internal.runners.model.ReflectiveCallable.run(ReflectiveCallable.java:12) ~[junit-4.13.jar:4.13]
	at org.junit.runners.model.FrameworkMethod.invokeExplosively(FrameworkMethod.java:56) ~[junit-4.13.jar:4.13]
	at org.junit.internal.runners.statements.InvokeMethod.evaluate(InvokeMethod.java:17) ~[junit-4.13.jar:4.13]
	at org.junit.internal.runners.statements.RunBefores.evaluate(RunBefores.java:26) ~[junit-4.13.jar:4.13]
	at org.junit.internal.runners.statements.RunAfters.evaluate(RunAfters.java:27) ~[junit-4.13.jar:4.13]
	at org.junit.rules.TestWatcher$1.evaluate(TestWatcher.java:61) [junit-4.13.jar:4.13]
	at org.junit.runners.ParentRunner$3.evaluate(ParentRunner.java:306) [junit-4.13.jar:4.13]
	at org.junit.runners.BlockJUnit4ClassRunner$1.evaluate(BlockJUnit4ClassRunner.java:100) [junit-4.13.jar:4.13]
	at org.junit.runners.ParentRunner.runLeaf(ParentRunner.java:366) [junit-4.13.jar:4.13]
	at org.junit.runners.BlockJUnit4ClassRunner.runChild(BlockJUnit4ClassRunner.java:103) [junit-4.13.jar:4.13]
	at org.junit.runners.BlockJUnit4ClassRunner.runChild(BlockJUnit4ClassRunner.java:63) [junit-4.13.jar:4.13]
	at org.junit.runners.ParentRunner$4.run(ParentRunner.java:331) [junit-4.13.jar:4.13]
	at org.junit.runners.ParentRunner$1.schedule(ParentRunner.java:79) [junit-4.13.jar:4.13]
	at org.junit.runners.ParentRunner.runChildren(ParentRunner.java:329) [junit-4.13.jar:4.13]
	at org.junit.runners.ParentRunner.access$100(ParentRunner.java:66) [junit-4.13.jar:4.13]
	at org.junit.runners.ParentRunner$2.evaluate(ParentRunner.java:293) [junit-4.13.jar:4.13]
	at org.junit.runners.ParentRunner.run(ParentRunner.java:413) [junit-4.13.jar:4.13]
	at org.junit.runners.Suite.runChild(Suite.java:128) [junit-4.13.jar:4.13]
	at org.junit.runners.Suite.runChild(Suite.java:27) [junit-4.13.jar:4.13]
	at org.junit.runners.ParentRunner$4.run(ParentRunner.java:331) [junit-4.13.jar:4.13]
	at org.junit.runners.ParentRunner$1.schedule(ParentRunner.java:79) [junit-4.13.jar:4.13]
	at org.junit.runners.ParentRunner.runChildren(ParentRunner.java:329) [junit-4.13.jar:4.13]
	at org.junit.runners.ParentRunner.access$100(ParentRunner.java:66) [junit-4.13.jar:4.13]
	at org.junit.runners.ParentRunner$2.evaluate(ParentRunner.java:293) [junit-4.13.jar:4.13]
	at org.junit.internal.runners.statements.RunAfters.evaluate(RunAfters.java:27) [junit-4.13.jar:4.13]
	at org.junit.runners.ParentRunner$3.evaluate(ParentRunner.java:306) [junit-4.13.jar:4.13]
	at org.junit.runners.ParentRunner.run(ParentRunner.java:413) [junit-4.13.jar:4.13]
	at org.eclipse.jdt.internal.junit4.runner.JUnit4TestReference.run(JUnit4TestReference.java:93) [.cp/:?]
	at org.eclipse.jdt.internal.junit.runner.TestExecution.run(TestExecution.java:40) [.cp/:?]
	at org.eclipse.jdt.internal.junit.runner.RemoteTestRunner.runTests(RemoteTestRunner.java:530) [.cp/:?]
	at org.eclipse.jdt.internal.junit.runner.RemoteTestRunner.runTests(RemoteTestRunner.java:758) [.cp/:?]
	at org.eclipse.jdt.internal.junit.runner.RemoteTestRunner.run(RemoteTestRunner.java:453) [.cp/:?]
	at org.eclipse.jdt.internal.junit.runner.RemoteTestRunner.main(RemoteTestRunner.java:211) [.cp/:?]
2025-12-30 03:35:57 INFO  === END   tests.productCardsTests.ProductCardElementsTests.cardValidation[Exp#8 [f1=1, f2=3, f3=2, f4=3, f5=2, f6=1, f7=3, f8=1]] ===
2025-12-30 03:35:57 INFO  === START tests.productCardsTests.ProductCardElementsTests.cardValidation[Exp#9 [f1=1, f2=3, f3=3, f4=1, f5=3, f6=2, f7=1, f8=2]] ===
2025-12-30 03:35:57 INFO  STEP: 📝 New input: Filling form fields.
2025-12-30 03:36:00 INFO  STEP PASS: Card #1 should have Tumbnail
2025-12-30 03:36:00 INFO  STEP PASS: Card #1 should have Title (card's title: Baseball Ball)
2025-12-30 03:36:00 INFO  STEP PASS: Card #1 should have Rating (card's description: The Baseball Ball is a standard baseball used in baseball games. It features a durable leather cover and is designed for pitching, hitting, and fielding in the game of baseball.)
2025-12-30 03:36:00 INFO  STEP PASS: Card #1 should have Price (card's price: 8.99)
2025-12-30 03:36:00 ERROR STEP FAIL: Card #1 should have Rating (card's rating: 2.6)
2025-12-30 03:36:00 ERROR === FAIL  tests.productCardsTests.ProductCardElementsTests.cardValidation[Exp#9 [f1=1, f2=3, f3=3, f4=1, f5=3, f6=2, f7=1, f8=2]] ===
java.lang.AssertionError: Card #1 should have Rating (card's rating: 2.6)
	at org.junit.Assert.fail(Assert.java:89) ~[junit-4.13.jar:4.13]
	at org.junit.Assert.assertTrue(Assert.java:42) ~[junit-4.13.jar:4.13]
	at tests.BaseTest.checkTrue(BaseTest.java:92) ~[test-classes/:?]
	at tests.productCardsTests.ProductCardElementsTests.isThereRatingInProductCard(ProductCardElementsTests.java:95) ~[test-classes/:?]
	at tests.productCardsTests.ProductCardElementsTests.cardValidation(ProductCardElementsTests.java:59) ~[test-classes/:?]
	at jdk.internal.reflect.DirectMethodHandleAccessor.invoke(DirectMethodHandleAccessor.java:103) ~[?:?]
	at java.lang.reflect.Method.invoke(Method.java:580) ~[?:?]
	at org.junit.runners.model.FrameworkMethod$1.runReflectiveCall(FrameworkMethod.java:59) ~[junit-4.13.jar:4.13]
	at org.junit.internal.runners.model.ReflectiveCallable.run(ReflectiveCallable.java:12) ~[junit-4.13.jar:4.13]
	at org.junit.runners.model.FrameworkMethod.invokeExplosively(FrameworkMethod.java:56) ~[junit-4.13.jar:4.13]
	at org.junit.internal.runners.statements.InvokeMethod.evaluate(InvokeMethod.java:17) ~[junit-4.13.jar:4.13]
	at org.junit.internal.runners.statements.RunBefores.evaluate(RunBefores.java:26) ~[junit-4.13.jar:4.13]
	at org.junit.internal.runners.statements.RunAfters.evaluate(RunAfters.java:27) ~[junit-4.13.jar:4.13]
	at org.junit.rules.TestWatcher$1.evaluate(TestWatcher.java:61) [junit-4.13.jar:4.13]
	at org.junit.runners.ParentRunner$3.evaluate(ParentRunner.java:306) [junit-4.13.jar:4.13]
	at org.junit.runners.BlockJUnit4ClassRunner$1.evaluate(BlockJUnit4ClassRunner.java:100) [junit-4.13.jar:4.13]
	at org.junit.runners.ParentRunner.runLeaf(ParentRunner.java:366) [junit-4.13.jar:4.13]
	at org.junit.runners.BlockJUnit4ClassRunner.runChild(BlockJUnit4ClassRunner.java:103) [junit-4.13.jar:4.13]
	at org.junit.runners.BlockJUnit4ClassRunner.runChild(BlockJUnit4ClassRunner.java:63) [junit-4.13.jar:4.13]
	at org.junit.runners.ParentRunner$4.run(ParentRunner.java:331) [junit-4.13.jar:4.13]
	at org.junit.runners.ParentRunner$1.schedule(ParentRunner.java:79) [junit-4.13.jar:4.13]
	at org.junit.runners.ParentRunner.runChildren(ParentRunner.java:329) [junit-4.13.jar:4.13]
	at org.junit.runners.ParentRunner.access$100(ParentRunner.java:66) [junit-4.13.jar:4.13]
	at org.junit.runners.ParentRunner$2.evaluate(ParentRunner.java:293) [junit-4.13.jar:4.13]
	at org.junit.runners.ParentRunner.run(ParentRunner.java:413) [junit-4.13.jar:4.13]
	at org.junit.runners.Suite.runChild(Suite.java:128) [junit-4.13.jar:4.13]
	at org.junit.runners.Suite.runChild(Suite.java:27) [junit-4.13.jar:4.13]
	at org.junit.runners.ParentRunner$4.run(ParentRunner.java:331) [junit-4.13.jar:4.13]
	at org.junit.runners.ParentRunner$1.schedule(ParentRunner.java:79) [junit-4.13.jar:4.13]
	at org.junit.runners.ParentRunner.runChildren(ParentRunner.java:329) [junit-4.13.jar:4.13]
	at org.junit.runners.ParentRunner.access$100(ParentRunner.java:66) [junit-4.13.jar:4.13]
	at org.junit.runners.ParentRunner$2.evaluate(ParentRunner.java:293) [junit-4.13.jar:4.13]
	at org.junit.internal.runners.statements.RunAfters.evaluate(RunAfters.java:27) [junit-4.13.jar:4.13]
	at org.junit.runners.ParentRunner$3.evaluate(ParentRunner.java:306) [junit-4.13.jar:4.13]
	at org.junit.runners.ParentRunner.run(ParentRunner.java:413) [junit-4.13.jar:4.13]
	at org.eclipse.jdt.internal.junit4.runner.JUnit4TestReference.run(JUnit4TestReference.java:93) [.cp/:?]
	at org.eclipse.jdt.internal.junit.runner.TestExecution.run(TestExecution.java:40) [.cp/:?]
	at org.eclipse.jdt.internal.junit.runner.RemoteTestRunner.runTests(RemoteTestRunner.java:530) [.cp/:?]
	at org.eclipse.jdt.internal.junit.runner.RemoteTestRunner.runTests(RemoteTestRunner.java:758) [.cp/:?]
	at org.eclipse.jdt.internal.junit.runner.RemoteTestRunner.run(RemoteTestRunner.java:453) [.cp/:?]
	at org.eclipse.jdt.internal.junit.runner.RemoteTestRunner.main(RemoteTestRunner.java:211) [.cp/:?]
2025-12-30 03:36:00 INFO  === END   tests.productCardsTests.ProductCardElementsTests.cardValidation[Exp#9 [f1=1, f2=3, f3=3, f4=1, f5=3, f6=2, f7=1, f8=2]] ===
2025-12-30 03:36:00 INFO  === START tests.productCardsTests.ProductCardElementsTests.cardValidation[Exp#10 [f1=2, f2=1, f3=1, f4=3, f5=3, f6=2, f7=2, f8=1]] ===
2025-12-30 03:36:00 INFO  STEP: 📝 New input: Filling form fields.
2025-12-30 03:36:04 INFO  STEP PASS: Card #1 should have Tumbnail
2025-12-30 03:36:04 INFO  STEP PASS: Card #1 should have Title (card's title: Black Aluminium Cup)
2025-12-30 03:36:04 INFO  STEP PASS: Card #1 should have Rating (card's description: The Black Aluminium Cup is a stylish and durable cup suitable for both hot and cold beverages. Its sleek black design adds a modern touch to your drinkware collection.)
2025-12-30 03:36:04 INFO  STEP PASS: Card #1 should have Price (card's price: 5.99)
2025-12-30 03:36:04 ERROR STEP FAIL: Card #1 should have Rating (card's rating: 4.5)
2025-12-30 03:36:04 ERROR === FAIL  tests.productCardsTests.ProductCardElementsTests.cardValidation[Exp#10 [f1=2, f2=1, f3=1, f4=3, f5=3, f6=2, f7=2, f8=1]] ===
java.lang.AssertionError: Card #1 should have Rating (card's rating: 4.5)
	at org.junit.Assert.fail(Assert.java:89) ~[junit-4.13.jar:4.13]
	at org.junit.Assert.assertTrue(Assert.java:42) ~[junit-4.13.jar:4.13]
	at tests.BaseTest.checkTrue(BaseTest.java:92) ~[test-classes/:?]
	at tests.productCardsTests.ProductCardElementsTests.isThereRatingInProductCard(ProductCardElementsTests.java:95) ~[test-classes/:?]
	at tests.productCardsTests.ProductCardElementsTests.cardValidation(ProductCardElementsTests.java:59) ~[test-classes/:?]
	at jdk.internal.reflect.DirectMethodHandleAccessor.invoke(DirectMethodHandleAccessor.java:103) ~[?:?]
	at java.lang.reflect.Method.invoke(Method.java:580) ~[?:?]
	at org.junit.runners.model.FrameworkMethod$1.runReflectiveCall(FrameworkMethod.java:59) ~[junit-4.13.jar:4.13]
	at org.junit.internal.runners.model.ReflectiveCallable.run(ReflectiveCallable.java:12) ~[junit-4.13.jar:4.13]
	at org.junit.runners.model.FrameworkMethod.invokeExplosively(FrameworkMethod.java:56) ~[junit-4.13.jar:4.13]
	at org.junit.internal.runners.statements.InvokeMethod.evaluate(InvokeMethod.java:17) ~[junit-4.13.jar:4.13]
	at org.junit.internal.runners.statements.RunBefores.evaluate(RunBefores.java:26) ~[junit-4.13.jar:4.13]
	at org.junit.internal.runners.statements.RunAfters.evaluate(RunAfters.java:27) ~[junit-4.13.jar:4.13]
	at org.junit.rules.TestWatcher$1.evaluate(TestWatcher.java:61) [junit-4.13.jar:4.13]
	at org.junit.runners.ParentRunner$3.evaluate(ParentRunner.java:306) [junit-4.13.jar:4.13]
	at org.junit.runners.BlockJUnit4ClassRunner$1.evaluate(BlockJUnit4ClassRunner.java:100) [junit-4.13.jar:4.13]
	at org.junit.runners.ParentRunner.runLeaf(ParentRunner.java:366) [junit-4.13.jar:4.13]
	at org.junit.runners.BlockJUnit4ClassRunner.runChild(BlockJUnit4ClassRunner.java:103) [junit-4.13.jar:4.13]
	at org.junit.runners.BlockJUnit4ClassRunner.runChild(BlockJUnit4ClassRunner.java:63) [junit-4.13.jar:4.13]
	at org.junit.runners.ParentRunner$4.run(ParentRunner.java:331) [junit-4.13.jar:4.13]
	at org.junit.runners.ParentRunner$1.schedule(ParentRunner.java:79) [junit-4.13.jar:4.13]
	at org.junit.runners.ParentRunner.runChildren(ParentRunner.java:329) [junit-4.13.jar:4.13]
	at org.junit.runners.ParentRunner.access$100(ParentRunner.java:66) [junit-4.13.jar:4.13]
	at org.junit.runners.ParentRunner$2.evaluate(ParentRunner.java:293) [junit-4.13.jar:4.13]
	at org.junit.runners.ParentRunner.run(ParentRunner.java:413) [junit-4.13.jar:4.13]
	at org.junit.runners.Suite.runChild(Suite.java:128) [junit-4.13.jar:4.13]
	at org.junit.runners.Suite.runChild(Suite.java:27) [junit-4.13.jar:4.13]
	at org.junit.runners.ParentRunner$4.run(ParentRunner.java:331) [junit-4.13.jar:4.13]
	at org.junit.runners.ParentRunner$1.schedule(ParentRunner.java:79) [junit-4.13.jar:4.13]
	at org.junit.runners.ParentRunner.runChildren(ParentRunner.java:329) [junit-4.13.jar:4.13]
	at org.junit.runners.ParentRunner.access$100(ParentRunner.java:66) [junit-4.13.jar:4.13]
	at org.junit.runners.ParentRunner$2.evaluate(ParentRunner.java:293) [junit-4.13.jar:4.13]
	at org.junit.internal.runners.statements.RunAfters.evaluate(RunAfters.java:27) [junit-4.13.jar:4.13]
	at org.junit.runners.ParentRunner$3.evaluate(ParentRunner.java:306) [junit-4.13.jar:4.13]
	at org.junit.runners.ParentRunner.run(ParentRunner.java:413) [junit-4.13.jar:4.13]
	at org.eclipse.jdt.internal.junit4.runner.JUnit4TestReference.run(JUnit4TestReference.java:93) [.cp/:?]
	at org.eclipse.jdt.internal.junit.runner.TestExecution.run(TestExecution.java:40) [.cp/:?]
	at org.eclipse.jdt.internal.junit.runner.RemoteTestRunner.runTests(RemoteTestRunner.java:530) [.cp/:?]
	at org.eclipse.jdt.internal.junit.runner.RemoteTestRunner.runTests(RemoteTestRunner.java:758) [.cp/:?]
	at org.eclipse.jdt.internal.junit.runner.RemoteTestRunner.run(RemoteTestRunner.java:453) [.cp/:?]
	at org.eclipse.jdt.internal.junit.runner.RemoteTestRunner.main(RemoteTestRunner.java:211) [.cp/:?]
2025-12-30 03:36:04 INFO  === END   tests.productCardsTests.ProductCardElementsTests.cardValidation[Exp#10 [f1=2, f2=1, f3=1, f4=3, f5=3, f6=2, f7=2, f8=1]] ===
2025-12-30 03:36:05 INFO  === START tests.productCardsTests.ProductCardElementsTests.cardValidation[Exp#1 [f1=1, f2=1, f3=1, f4=1, f5=1, f6=1, f7=1, f8=1]] ===
2025-12-30 03:36:07 INFO  STEP: 📝 New input: Filling form fields.
2025-12-30 03:36:14 INFO  STEP PASS: Card #1 should have Tumbnail
2025-12-30 03:36:14 INFO  STEP PASS: Card #1 should have Title (card's title: Green and Black Glasses)
2025-12-30 03:36:14 INFO  STEP PASS: Card #1 should have Rating (card's description: The Green and Black Glasses feature a bold combination of green and black colors, adding a touch of vibrancy to your eyewear collection. They are both stylish and eye-catching.)
2025-12-30 03:36:14 INFO  STEP PASS: Card #1 should have Price (card's price: 34.99)
2025-12-30 03:36:14 INFO  STEP PASS: Card #1 should have Rating (card's rating: 4.5)
2025-12-30 03:36:14 INFO  STEP PASS: Card #1 should have Additional Images Button
2025-12-30 03:36:14 ERROR STEP FAIL: Card #1 should have all the components
2025-12-30 03:36:14 ERROR === FAIL  tests.productCardsTests.ProductCardElementsTests.cardValidation[Exp#1 [f1=1, f2=1, f3=1, f4=1, f5=1, f6=1, f7=1, f8=1]] ===
java.lang.AssertionError: Card #1 should have all the components
	at org.junit.Assert.fail(Assert.java:89) ~[junit-4.13.jar:4.13]
	at org.junit.Assert.assertTrue(Assert.java:42) ~[junit-4.13.jar:4.13]
	at tests.BaseTest.checkTrue(BaseTest.java:92) ~[test-classes/:?]
	at tests.productCardsTests.ProductCardElementsTests.cardValidation(ProductCardElementsTests.java:61) ~[test-classes/:?]
	at jdk.internal.reflect.DirectMethodHandleAccessor.invoke(DirectMethodHandleAccessor.java:103) ~[?:?]
	at java.lang.reflect.Method.invoke(Method.java:580) ~[?:?]
	at org.junit.runners.model.FrameworkMethod$1.runReflectiveCall(FrameworkMethod.java:59) ~[junit-4.13.jar:4.13]
	at org.junit.internal.runners.model.ReflectiveCallable.run(ReflectiveCallable.java:12) ~[junit-4.13.jar:4.13]
	at org.junit.runners.model.FrameworkMethod.invokeExplosively(FrameworkMethod.java:56) ~[junit-4.13.jar:4.13]
	at org.junit.internal.runners.statements.InvokeMethod.evaluate(InvokeMethod.java:17) ~[junit-4.13.jar:4.13]
	at org.junit.internal.runners.statements.RunBefores.evaluate(RunBefores.java:26) ~[junit-4.13.jar:4.13]
	at org.junit.internal.runners.statements.RunAfters.evaluate(RunAfters.java:27) ~[junit-4.13.jar:4.13]
	at org.junit.rules.TestWatcher$1.evaluate(TestWatcher.java:61) [junit-4.13.jar:4.13]
	at org.junit.runners.ParentRunner$3.evaluate(ParentRunner.java:306) [junit-4.13.jar:4.13]
	at org.junit.runners.BlockJUnit4ClassRunner$1.evaluate(BlockJUnit4ClassRunner.java:100) [junit-4.13.jar:4.13]
	at org.junit.runners.ParentRunner.runLeaf(ParentRunner.java:366) [junit-4.13.jar:4.13]
	at org.junit.runners.BlockJUnit4ClassRunner.runChild(BlockJUnit4ClassRunner.java:103) [junit-4.13.jar:4.13]
	at org.junit.runners.BlockJUnit4ClassRunner.runChild(BlockJUnit4ClassRunner.java:63) [junit-4.13.jar:4.13]
	at org.junit.runners.ParentRunner$4.run(ParentRunner.java:331) [junit-4.13.jar:4.13]
	at org.junit.runners.ParentRunner$1.schedule(ParentRunner.java:79) [junit-4.13.jar:4.13]
	at org.junit.runners.ParentRunner.runChildren(ParentRunner.java:329) [junit-4.13.jar:4.13]
	at org.junit.runners.ParentRunner.access$100(ParentRunner.java:66) [junit-4.13.jar:4.13]
	at org.junit.runners.ParentRunner$2.evaluate(ParentRunner.java:293) [junit-4.13.jar:4.13]
	at org.junit.runners.ParentRunner.run(ParentRunner.java:413) [junit-4.13.jar:4.13]
	at org.junit.runners.Suite.runChild(Suite.java:128) [junit-4.13.jar:4.13]
	at org.junit.runners.Suite.runChild(Suite.java:27) [junit-4.13.jar:4.13]
	at org.junit.runners.ParentRunner$4.run(ParentRunner.java:331) [junit-4.13.jar:4.13]
	at org.junit.runners.ParentRunner$1.schedule(ParentRunner.java:79) [junit-4.13.jar:4.13]
	at org.junit.runners.ParentRunner.runChildren(ParentRunner.java:329) [junit-4.13.jar:4.13]
	at org.junit.runners.ParentRunner.access$100(ParentRunner.java:66) [junit-4.13.jar:4.13]
	at org.junit.runners.ParentRunner$2.evaluate(ParentRunner.java:293) [junit-4.13.jar:4.13]
	at org.junit.internal.runners.statements.RunAfters.evaluate(RunAfters.java:27) [junit-4.13.jar:4.13]
	at org.junit.runners.ParentRunner$3.evaluate(ParentRunner.java:306) [junit-4.13.jar:4.13]
	at org.junit.runners.ParentRunner.run(ParentRunner.java:413) [junit-4.13.jar:4.13]
	at org.eclipse.jdt.internal.junit4.runner.JUnit4TestReference.run(JUnit4TestReference.java:93) [.cp/:?]
	at org.eclipse.jdt.internal.junit.runner.TestExecution.run(TestExecution.java:40) [.cp/:?]
	at org.eclipse.jdt.internal.junit.runner.RemoteTestRunner.runTests(RemoteTestRunner.java:530) [.cp/:?]
	at org.eclipse.jdt.internal.junit.runner.RemoteTestRunner.runTests(RemoteTestRunner.java:758) [.cp/:?]
	at org.eclipse.jdt.internal.junit.runner.RemoteTestRunner.run(RemoteTestRunner.java:453) [.cp/:?]
	at org.eclipse.jdt.internal.junit.runner.RemoteTestRunner.main(RemoteTestRunner.java:211) [.cp/:?]
2025-12-30 03:36:14 INFO  === END   tests.productCardsTests.ProductCardElementsTests.cardValidation[Exp#1 [f1=1, f2=1, f3=1, f4=1, f5=1, f6=1, f7=1, f8=1]] ===
2025-12-30 03:36:14 INFO  === START tests.productCardsTests.ProductCardElementsTests.cardValidation[Exp#2 [f1=1, f2=1, f3=2, f4=2, f5=2, f6=2, f7=2, f8=2]] ===
2025-12-30 03:36:14 INFO  STEP: 📝 New input: Filling form fields.
2025-12-30 03:36:18 INFO  STEP PASS: Card #1 should have Tumbnail
2025-12-30 03:36:18 INFO  STEP PASS: Card #1 should have Title (card's title: Black Aluminium Cup)
2025-12-30 03:36:18 INFO  STEP PASS: Card #1 should have Rating (card's description: The Black Aluminium Cup is a stylish and durable cup suitable for both hot and cold beverages. Its sleek black design adds a modern touch to your drinkware collection.)
2025-12-30 03:36:18 INFO  STEP PASS: Card #1 should have Price (card's price: 5.99)
2025-12-30 03:36:18 INFO  STEP PASS: Card #1 should have Rating (card's rating: 4.5)
2025-12-30 03:36:18 INFO  STEP PASS: Card #1 should have Additional Images Button
2025-12-30 03:36:18 ERROR STEP FAIL: Card #1 should have all the components
2025-12-30 03:36:18 ERROR === FAIL  tests.productCardsTests.ProductCardElementsTests.cardValidation[Exp#2 [f1=1, f2=1, f3=2, f4=2, f5=2, f6=2, f7=2, f8=2]] ===
java.lang.AssertionError: Card #1 should have all the components
	at org.junit.Assert.fail(Assert.java:89) ~[junit-4.13.jar:4.13]
	at org.junit.Assert.assertTrue(Assert.java:42) ~[junit-4.13.jar:4.13]
	at tests.BaseTest.checkTrue(BaseTest.java:92) ~[test-classes/:?]
	at tests.productCardsTests.ProductCardElementsTests.cardValidation(ProductCardElementsTests.java:61) ~[test-classes/:?]
	at jdk.internal.reflect.DirectMethodHandleAccessor.invoke(DirectMethodHandleAccessor.java:103) ~[?:?]
	at java.lang.reflect.Method.invoke(Method.java:580) ~[?:?]
	at org.junit.runners.model.FrameworkMethod$1.runReflectiveCall(FrameworkMethod.java:59) ~[junit-4.13.jar:4.13]
	at org.junit.internal.runners.model.ReflectiveCallable.run(ReflectiveCallable.java:12) ~[junit-4.13.jar:4.13]
	at org.junit.runners.model.FrameworkMethod.invokeExplosively(FrameworkMethod.java:56) ~[junit-4.13.jar:4.13]
	at org.junit.internal.runners.statements.InvokeMethod.evaluate(InvokeMethod.java:17) ~[junit-4.13.jar:4.13]
	at org.junit.internal.runners.statements.RunBefores.evaluate(RunBefores.java:26) ~[junit-4.13.jar:4.13]
	at org.junit.internal.runners.statements.RunAfters.evaluate(RunAfters.java:27) ~[junit-4.13.jar:4.13]
	at org.junit.rules.TestWatcher$1.evaluate(TestWatcher.java:61) [junit-4.13.jar:4.13]
	at org.junit.runners.ParentRunner$3.evaluate(ParentRunner.java:306) [junit-4.13.jar:4.13]
	at org.junit.runners.BlockJUnit4ClassRunner$1.evaluate(BlockJUnit4ClassRunner.java:100) [junit-4.13.jar:4.13]
	at org.junit.runners.ParentRunner.runLeaf(ParentRunner.java:366) [junit-4.13.jar:4.13]
	at org.junit.runners.BlockJUnit4ClassRunner.runChild(BlockJUnit4ClassRunner.java:103) [junit-4.13.jar:4.13]
	at org.junit.runners.BlockJUnit4ClassRunner.runChild(BlockJUnit4ClassRunner.java:63) [junit-4.13.jar:4.13]
	at org.junit.runners.ParentRunner$4.run(ParentRunner.java:331) [junit-4.13.jar:4.13]
	at org.junit.runners.ParentRunner$1.schedule(ParentRunner.java:79) [junit-4.13.jar:4.13]
	at org.junit.runners.ParentRunner.runChildren(ParentRunner.java:329) [junit-4.13.jar:4.13]
	at org.junit.runners.ParentRunner.access$100(ParentRunner.java:66) [junit-4.13.jar:4.13]
	at org.junit.runners.ParentRunner$2.evaluate(ParentRunner.java:293) [junit-4.13.jar:4.13]
	at org.junit.runners.ParentRunner.run(ParentRunner.java:413) [junit-4.13.jar:4.13]
	at org.junit.runners.Suite.runChild(Suite.java:128) [junit-4.13.jar:4.13]
	at org.junit.runners.Suite.runChild(Suite.java:27) [junit-4.13.jar:4.13]
	at org.junit.runners.ParentRunner$4.run(ParentRunner.java:331) [junit-4.13.jar:4.13]
	at org.junit.runners.ParentRunner$1.schedule(ParentRunner.java:79) [junit-4.13.jar:4.13]
	at org.junit.runners.ParentRunner.runChildren(ParentRunner.java:329) [junit-4.13.jar:4.13]
	at org.junit.runners.ParentRunner.access$100(ParentRunner.java:66) [junit-4.13.jar:4.13]
	at org.junit.runners.ParentRunner$2.evaluate(ParentRunner.java:293) [junit-4.13.jar:4.13]
	at org.junit.internal.runners.statements.RunAfters.evaluate(RunAfters.java:27) [junit-4.13.jar:4.13]
	at org.junit.runners.ParentRunner$3.evaluate(ParentRunner.java:306) [junit-4.13.jar:4.13]
	at org.junit.runners.ParentRunner.run(ParentRunner.java:413) [junit-4.13.jar:4.13]
	at org.eclipse.jdt.internal.junit4.runner.JUnit4TestReference.run(JUnit4TestReference.java:93) [.cp/:?]
	at org.eclipse.jdt.internal.junit.runner.TestExecution.run(TestExecution.java:40) [.cp/:?]
	at org.eclipse.jdt.internal.junit.runner.RemoteTestRunner.runTests(RemoteTestRunner.java:530) [.cp/:?]
	at org.eclipse.jdt.internal.junit.runner.RemoteTestRunner.runTests(RemoteTestRunner.java:758) [.cp/:?]
	at org.eclipse.jdt.internal.junit.runner.RemoteTestRunner.run(RemoteTestRunner.java:453) [.cp/:?]
	at org.eclipse.jdt.internal.junit.runner.RemoteTestRunner.main(RemoteTestRunner.java:211) [.cp/:?]
2025-12-30 03:36:18 INFO  === END   tests.productCardsTests.ProductCardElementsTests.cardValidation[Exp#2 [f1=1, f2=1, f3=2, f4=2, f5=2, f6=2, f7=2, f8=2]] ===
2025-12-30 03:36:18 INFO  === START tests.productCardsTests.ProductCardElementsTests.cardValidation[Exp#3 [f1=1, f2=1, f3=3, f4=3, f5=3, f6=3, f7=3, f8=3]] ===
2025-12-30 03:36:18 INFO  STEP: 📝 New input: Filling form fields.
2025-12-30 03:36:21 INFO  STEP PASS: Card #1 should have Tumbnail
2025-12-30 03:36:22 INFO  STEP PASS: Card #1 should have Title (card's title: Samsung Galaxy Tab White)
2025-12-30 03:36:22 INFO  STEP PASS: Card #1 should have Rating (card's description: The Samsung Galaxy Tab in White is a sleek and versatile Android tablet. With a vibrant display, long-lasting battery, and a range of features, it offers a great user experience for various tasks.)
2025-12-30 03:36:22 INFO  STEP PASS: Card #1 should have Price (card's price: 349.99)
2025-12-30 03:36:22 INFO  STEP PASS: Card #1 should have Rating (card's rating: 3.7)
2025-12-30 03:36:22 INFO  STEP PASS: Card #1 should have Additional Images Button
2025-12-30 03:36:22 ERROR STEP FAIL: Card #1 should have all the components
2025-12-30 03:36:22 ERROR === FAIL  tests.productCardsTests.ProductCardElementsTests.cardValidation[Exp#3 [f1=1, f2=1, f3=3, f4=3, f5=3, f6=3, f7=3, f8=3]] ===
java.lang.AssertionError: Card #1 should have all the components
	at org.junit.Assert.fail(Assert.java:89) ~[junit-4.13.jar:4.13]
	at org.junit.Assert.assertTrue(Assert.java:42) ~[junit-4.13.jar:4.13]
	at tests.BaseTest.checkTrue(BaseTest.java:92) ~[test-classes/:?]
	at tests.productCardsTests.ProductCardElementsTests.cardValidation(ProductCardElementsTests.java:61) ~[test-classes/:?]
	at jdk.internal.reflect.DirectMethodHandleAccessor.invoke(DirectMethodHandleAccessor.java:103) ~[?:?]
	at java.lang.reflect.Method.invoke(Method.java:580) ~[?:?]
	at org.junit.runners.model.FrameworkMethod$1.runReflectiveCall(FrameworkMethod.java:59) ~[junit-4.13.jar:4.13]
	at org.junit.internal.runners.model.ReflectiveCallable.run(ReflectiveCallable.java:12) ~[junit-4.13.jar:4.13]
	at org.junit.runners.model.FrameworkMethod.invokeExplosively(FrameworkMethod.java:56) ~[junit-4.13.jar:4.13]
	at org.junit.internal.runners.statements.InvokeMethod.evaluate(InvokeMethod.java:17) ~[junit-4.13.jar:4.13]
	at org.junit.internal.runners.statements.RunBefores.evaluate(RunBefores.java:26) ~[junit-4.13.jar:4.13]
	at org.junit.internal.runners.statements.RunAfters.evaluate(RunAfters.java:27) ~[junit-4.13.jar:4.13]
	at org.junit.rules.TestWatcher$1.evaluate(TestWatcher.java:61) [junit-4.13.jar:4.13]
	at org.junit.runners.ParentRunner$3.evaluate(ParentRunner.java:306) [junit-4.13.jar:4.13]
	at org.junit.runners.BlockJUnit4ClassRunner$1.evaluate(BlockJUnit4ClassRunner.java:100) [junit-4.13.jar:4.13]
	at org.junit.runners.ParentRunner.runLeaf(ParentRunner.java:366) [junit-4.13.jar:4.13]
	at org.junit.runners.BlockJUnit4ClassRunner.runChild(BlockJUnit4ClassRunner.java:103) [junit-4.13.jar:4.13]
	at org.junit.runners.BlockJUnit4ClassRunner.runChild(BlockJUnit4ClassRunner.java:63) [junit-4.13.jar:4.13]
	at org.junit.runners.ParentRunner$4.run(ParentRunner.java:331) [junit-4.13.jar:4.13]
	at org.junit.runners.ParentRunner$1.schedule(ParentRunner.java:79) [junit-4.13.jar:4.13]
	at org.junit.runners.ParentRunner.runChildren(ParentRunner.java:329) [junit-4.13.jar:4.13]
	at org.junit.runners.ParentRunner.access$100(ParentRunner.java:66) [junit-4.13.jar:4.13]
	at org.junit.runners.ParentRunner$2.evaluate(ParentRunner.java:293) [junit-4.13.jar:4.13]
	at org.junit.runners.ParentRunner.run(ParentRunner.java:413) [junit-4.13.jar:4.13]
	at org.junit.runners.Suite.runChild(Suite.java:128) [junit-4.13.jar:4.13]
	at org.junit.runners.Suite.runChild(Suite.java:27) [junit-4.13.jar:4.13]
	at org.junit.runners.ParentRunner$4.run(ParentRunner.java:331) [junit-4.13.jar:4.13]
	at org.junit.runners.ParentRunner$1.schedule(ParentRunner.java:79) [junit-4.13.jar:4.13]
	at org.junit.runners.ParentRunner.runChildren(ParentRunner.java:329) [junit-4.13.jar:4.13]
	at org.junit.runners.ParentRunner.access$100(ParentRunner.java:66) [junit-4.13.jar:4.13]
	at org.junit.runners.ParentRunner$2.evaluate(ParentRunner.java:293) [junit-4.13.jar:4.13]
	at org.junit.internal.runners.statements.RunAfters.evaluate(RunAfters.java:27) [junit-4.13.jar:4.13]
	at org.junit.runners.ParentRunner$3.evaluate(ParentRunner.java:306) [junit-4.13.jar:4.13]
	at org.junit.runners.ParentRunner.run(ParentRunner.java:413) [junit-4.13.jar:4.13]
	at org.eclipse.jdt.internal.junit4.runner.JUnit4TestReference.run(JUnit4TestReference.java:93) [.cp/:?]
	at org.eclipse.jdt.internal.junit.runner.TestExecution.run(TestExecution.java:40) [.cp/:?]
	at org.eclipse.jdt.internal.junit.runner.RemoteTestRunner.runTests(RemoteTestRunner.java:530) [.cp/:?]
	at org.eclipse.jdt.internal.junit.runner.RemoteTestRunner.runTests(RemoteTestRunner.java:758) [.cp/:?]
	at org.eclipse.jdt.internal.junit.runner.RemoteTestRunner.run(RemoteTestRunner.java:453) [.cp/:?]
	at org.eclipse.jdt.internal.junit.runner.RemoteTestRunner.main(RemoteTestRunner.java:211) [.cp/:?]
2025-12-30 03:36:22 INFO  === END   tests.productCardsTests.ProductCardElementsTests.cardValidation[Exp#3 [f1=1, f2=1, f3=3, f4=3, f5=3, f6=3, f7=3, f8=3]] ===
2025-12-30 03:36:22 INFO  === START tests.productCardsTests.ProductCardElementsTests.cardValidation[Exp#4 [f1=1, f2=2, f3=1, f4=1, f5=2, f6=2, f7=3, f8=3]] ===
2025-12-30 03:36:22 INFO  STEP: 📝 New input: Filling form fields.
2025-12-30 03:36:25 INFO  STEP PASS: Card #1 should have Tumbnail
2025-12-30 03:36:25 INFO  STEP PASS: Card #1 should have Title (card's title: Plant Pot)
2025-12-30 03:36:25 INFO  STEP PASS: Card #1 should have Rating (card's description: The Plant Pot is a stylish container for your favorite plants. With a sleek design, it complements your indoor or outdoor garden, adding a modern touch to your plant display.)
2025-12-30 03:36:25 INFO  STEP PASS: Card #1 should have Price (card's price: 14.99)
2025-12-30 03:36:25 INFO  STEP PASS: Card #1 should have Rating (card's rating: 3.0)
2025-12-30 03:36:25 INFO  STEP PASS: Card #1 should have Additional Images Button
2025-12-30 03:36:25 ERROR STEP FAIL: Card #1 should have all the components
2025-12-30 03:36:25 ERROR === FAIL  tests.productCardsTests.ProductCardElementsTests.cardValidation[Exp#4 [f1=1, f2=2, f3=1, f4=1, f5=2, f6=2, f7=3, f8=3]] ===
java.lang.AssertionError: Card #1 should have all the components
	at org.junit.Assert.fail(Assert.java:89) ~[junit-4.13.jar:4.13]
	at org.junit.Assert.assertTrue(Assert.java:42) ~[junit-4.13.jar:4.13]
	at tests.BaseTest.checkTrue(BaseTest.java:92) ~[test-classes/:?]
	at tests.productCardsTests.ProductCardElementsTests.cardValidation(ProductCardElementsTests.java:61) ~[test-classes/:?]
	at jdk.internal.reflect.DirectMethodHandleAccessor.invoke(DirectMethodHandleAccessor.java:103) ~[?:?]
	at java.lang.reflect.Method.invoke(Method.java:580) ~[?:?]
	at org.junit.runners.model.FrameworkMethod$1.runReflectiveCall(FrameworkMethod.java:59) ~[junit-4.13.jar:4.13]
	at org.junit.internal.runners.model.ReflectiveCallable.run(ReflectiveCallable.java:12) ~[junit-4.13.jar:4.13]
	at org.junit.runners.model.FrameworkMethod.invokeExplosively(FrameworkMethod.java:56) ~[junit-4.13.jar:4.13]
	at org.junit.internal.runners.statements.InvokeMethod.evaluate(InvokeMethod.java:17) ~[junit-4.13.jar:4.13]
	at org.junit.internal.runners.statements.RunBefores.evaluate(RunBefores.java:26) ~[junit-4.13.jar:4.13]
	at org.junit.internal.runners.statements.RunAfters.evaluate(RunAfters.java:27) ~[junit-4.13.jar:4.13]
	at org.junit.rules.TestWatcher$1.evaluate(TestWatcher.java:61) [junit-4.13.jar:4.13]
	at org.junit.runners.ParentRunner$3.evaluate(ParentRunner.java:306) [junit-4.13.jar:4.13]
	at org.junit.runners.BlockJUnit4ClassRunner$1.evaluate(BlockJUnit4ClassRunner.java:100) [junit-4.13.jar:4.13]
	at org.junit.runners.ParentRunner.runLeaf(ParentRunner.java:366) [junit-4.13.jar:4.13]
	at org.junit.runners.BlockJUnit4ClassRunner.runChild(BlockJUnit4ClassRunner.java:103) [junit-4.13.jar:4.13]
	at org.junit.runners.BlockJUnit4ClassRunner.runChild(BlockJUnit4ClassRunner.java:63) [junit-4.13.jar:4.13]
	at org.junit.runners.ParentRunner$4.run(ParentRunner.java:331) [junit-4.13.jar:4.13]
	at org.junit.runners.ParentRunner$1.schedule(ParentRunner.java:79) [junit-4.13.jar:4.13]
	at org.junit.runners.ParentRunner.runChildren(ParentRunner.java:329) [junit-4.13.jar:4.13]
	at org.junit.runners.ParentRunner.access$100(ParentRunner.java:66) [junit-4.13.jar:4.13]
	at org.junit.runners.ParentRunner$2.evaluate(ParentRunner.java:293) [junit-4.13.jar:4.13]
	at org.junit.runners.ParentRunner.run(ParentRunner.java:413) [junit-4.13.jar:4.13]
	at org.junit.runners.Suite.runChild(Suite.java:128) [junit-4.13.jar:4.13]
	at org.junit.runners.Suite.runChild(Suite.java:27) [junit-4.13.jar:4.13]
	at org.junit.runners.ParentRunner$4.run(ParentRunner.java:331) [junit-4.13.jar:4.13]
	at org.junit.runners.ParentRunner$1.schedule(ParentRunner.java:79) [junit-4.13.jar:4.13]
	at org.junit.runners.ParentRunner.runChildren(ParentRunner.java:329) [junit-4.13.jar:4.13]
	at org.junit.runners.ParentRunner.access$100(ParentRunner.java:66) [junit-4.13.jar:4.13]
	at org.junit.runners.ParentRunner$2.evaluate(ParentRunner.java:293) [junit-4.13.jar:4.13]
	at org.junit.internal.runners.statements.RunAfters.evaluate(RunAfters.java:27) [junit-4.13.jar:4.13]
	at org.junit.runners.ParentRunner$3.evaluate(ParentRunner.java:306) [junit-4.13.jar:4.13]
	at org.junit.runners.ParentRunner.run(ParentRunner.java:413) [junit-4.13.jar:4.13]
	at org.eclipse.jdt.internal.junit4.runner.JUnit4TestReference.run(JUnit4TestReference.java:93) [.cp/:?]
	at org.eclipse.jdt.internal.junit.runner.TestExecution.run(TestExecution.java:40) [.cp/:?]
	at org.eclipse.jdt.internal.junit.runner.RemoteTestRunner.runTests(RemoteTestRunner.java:530) [.cp/:?]
	at org.eclipse.jdt.internal.junit.runner.RemoteTestRunner.runTests(RemoteTestRunner.java:758) [.cp/:?]
	at org.eclipse.jdt.internal.junit.runner.RemoteTestRunner.run(RemoteTestRunner.java:453) [.cp/:?]
	at org.eclipse.jdt.internal.junit.runner.RemoteTestRunner.main(RemoteTestRunner.java:211) [.cp/:?]
2025-12-30 03:36:25 INFO  === END   tests.productCardsTests.ProductCardElementsTests.cardValidation[Exp#4 [f1=1, f2=2, f3=1, f4=1, f5=2, f6=2, f7=3, f8=3]] ===
2025-12-30 03:36:25 INFO  === START tests.productCardsTests.ProductCardElementsTests.cardValidation[Exp#5 [f1=1, f2=2, f3=2, f4=2, f5=3, f6=3, f7=1, f8=1]] ===
2025-12-30 03:36:25 INFO  STEP: 📝 New input: Filling form fields.
2025-12-30 03:36:28 INFO  STEP PASS: Card #1 should have Tumbnail
2025-12-30 03:36:28 INFO  STEP PASS: Card #1 should have Title (card's title: Black Aluminium Cup)
2025-12-30 03:36:28 INFO  STEP PASS: Card #1 should have Rating (card's description: The Black Aluminium Cup is a stylish and durable cup suitable for both hot and cold beverages. Its sleek black design adds a modern touch to your drinkware collection.)
2025-12-30 03:36:28 INFO  STEP PASS: Card #1 should have Price (card's price: 5.99)
2025-12-30 03:36:29 INFO  STEP PASS: Card #1 should have Rating (card's rating: 4.5)
2025-12-30 03:36:29 INFO  STEP PASS: Card #1 should have Additional Images Button
2025-12-30 03:36:29 ERROR STEP FAIL: Card #1 should have all the components
2025-12-30 03:36:29 ERROR === FAIL  tests.productCardsTests.ProductCardElementsTests.cardValidation[Exp#5 [f1=1, f2=2, f3=2, f4=2, f5=3, f6=3, f7=1, f8=1]] ===
java.lang.AssertionError: Card #1 should have all the components
	at org.junit.Assert.fail(Assert.java:89) ~[junit-4.13.jar:4.13]
	at org.junit.Assert.assertTrue(Assert.java:42) ~[junit-4.13.jar:4.13]
	at tests.BaseTest.checkTrue(BaseTest.java:92) ~[test-classes/:?]
	at tests.productCardsTests.ProductCardElementsTests.cardValidation(ProductCardElementsTests.java:61) ~[test-classes/:?]
	at jdk.internal.reflect.DirectMethodHandleAccessor.invoke(DirectMethodHandleAccessor.java:103) ~[?:?]
	at java.lang.reflect.Method.invoke(Method.java:580) ~[?:?]
	at org.junit.runners.model.FrameworkMethod$1.runReflectiveCall(FrameworkMethod.java:59) ~[junit-4.13.jar:4.13]
	at org.junit.internal.runners.model.ReflectiveCallable.run(ReflectiveCallable.java:12) ~[junit-4.13.jar:4.13]
	at org.junit.runners.model.FrameworkMethod.invokeExplosively(FrameworkMethod.java:56) ~[junit-4.13.jar:4.13]
	at org.junit.internal.runners.statements.InvokeMethod.evaluate(InvokeMethod.java:17) ~[junit-4.13.jar:4.13]
	at org.junit.internal.runners.statements.RunBefores.evaluate(RunBefores.java:26) ~[junit-4.13.jar:4.13]
	at org.junit.internal.runners.statements.RunAfters.evaluate(RunAfters.java:27) ~[junit-4.13.jar:4.13]
	at org.junit.rules.TestWatcher$1.evaluate(TestWatcher.java:61) [junit-4.13.jar:4.13]
	at org.junit.runners.ParentRunner$3.evaluate(ParentRunner.java:306) [junit-4.13.jar:4.13]
	at org.junit.runners.BlockJUnit4ClassRunner$1.evaluate(BlockJUnit4ClassRunner.java:100) [junit-4.13.jar:4.13]
	at org.junit.runners.ParentRunner.runLeaf(ParentRunner.java:366) [junit-4.13.jar:4.13]
	at org.junit.runners.BlockJUnit4ClassRunner.runChild(BlockJUnit4ClassRunner.java:103) [junit-4.13.jar:4.13]
	at org.junit.runners.BlockJUnit4ClassRunner.runChild(BlockJUnit4ClassRunner.java:63) [junit-4.13.jar:4.13]
	at org.junit.runners.ParentRunner$4.run(ParentRunner.java:331) [junit-4.13.jar:4.13]
	at org.junit.runners.ParentRunner$1.schedule(ParentRunner.java:79) [junit-4.13.jar:4.13]
	at org.junit.runners.ParentRunner.runChildren(ParentRunner.java:329) [junit-4.13.jar:4.13]
	at org.junit.runners.ParentRunner.access$100(ParentRunner.java:66) [junit-4.13.jar:4.13]
	at org.junit.runners.ParentRunner$2.evaluate(ParentRunner.java:293) [junit-4.13.jar:4.13]
	at org.junit.runners.ParentRunner.run(ParentRunner.java:413) [junit-4.13.jar:4.13]
	at org.junit.runners.Suite.runChild(Suite.java:128) [junit-4.13.jar:4.13]
	at org.junit.runners.Suite.runChild(Suite.java:27) [junit-4.13.jar:4.13]
	at org.junit.runners.ParentRunner$4.run(ParentRunner.java:331) [junit-4.13.jar:4.13]
	at org.junit.runners.ParentRunner$1.schedule(ParentRunner.java:79) [junit-4.13.jar:4.13]
	at org.junit.runners.ParentRunner.runChildren(ParentRunner.java:329) [junit-4.13.jar:4.13]
	at org.junit.runners.ParentRunner.access$100(ParentRunner.java:66) [junit-4.13.jar:4.13]
	at org.junit.runners.ParentRunner$2.evaluate(ParentRunner.java:293) [junit-4.13.jar:4.13]
	at org.junit.internal.runners.statements.RunAfters.evaluate(RunAfters.java:27) [junit-4.13.jar:4.13]
	at org.junit.runners.ParentRunner$3.evaluate(ParentRunner.java:306) [junit-4.13.jar:4.13]
	at org.junit.runners.ParentRunner.run(ParentRunner.java:413) [junit-4.13.jar:4.13]
	at org.eclipse.jdt.internal.junit4.runner.JUnit4TestReference.run(JUnit4TestReference.java:93) [.cp/:?]
	at org.eclipse.jdt.internal.junit.runner.TestExecution.run(TestExecution.java:40) [.cp/:?]
	at org.eclipse.jdt.internal.junit.runner.RemoteTestRunner.runTests(RemoteTestRunner.java:530) [.cp/:?]
	at org.eclipse.jdt.internal.junit.runner.RemoteTestRunner.runTests(RemoteTestRunner.java:758) [.cp/:?]
	at org.eclipse.jdt.internal.junit.runner.RemoteTestRunner.run(RemoteTestRunner.java:453) [.cp/:?]
	at org.eclipse.jdt.internal.junit.runner.RemoteTestRunner.main(RemoteTestRunner.java:211) [.cp/:?]
2025-12-30 03:36:29 INFO  === END   tests.productCardsTests.ProductCardElementsTests.cardValidation[Exp#5 [f1=1, f2=2, f3=2, f4=2, f5=3, f6=3, f7=1, f8=1]] ===
2025-12-30 03:36:29 INFO  === START tests.productCardsTests.ProductCardElementsTests.cardValidation[Exp#6 [f1=1, f2=2, f3=3, f4=3, f5=1, f6=1, f7=2, f8=2]] ===
2025-12-30 03:36:29 INFO  STEP: 📝 New input: Filling form fields.
2025-12-30 03:36:32 INFO  STEP PASS: Card #1 should have Tumbnail
2025-12-30 03:36:32 INFO  STEP PASS: Card #1 should have Title (card's title: Baseball Ball)
2025-12-30 03:36:32 INFO  STEP PASS: Card #1 should have Rating (card's description: The Baseball Ball is a standard baseball used in baseball games. It features a durable leather cover and is designed for pitching, hitting, and fielding in the game of baseball.)
2025-12-30 03:36:32 INFO  STEP PASS: Card #1 should have Price (card's price: 8.99)
2025-12-30 03:36:32 INFO  STEP PASS: Card #1 should have Rating (card's rating: 2.6)
2025-12-30 03:36:32 INFO  STEP PASS: Card #1 should have Additional Images Button
2025-12-30 03:36:32 ERROR STEP FAIL: Card #1 should have all the components
2025-12-30 03:36:32 ERROR === FAIL  tests.productCardsTests.ProductCardElementsTests.cardValidation[Exp#6 [f1=1, f2=2, f3=3, f4=3, f5=1, f6=1, f7=2, f8=2]] ===
java.lang.AssertionError: Card #1 should have all the components
	at org.junit.Assert.fail(Assert.java:89) ~[junit-4.13.jar:4.13]
	at org.junit.Assert.assertTrue(Assert.java:42) ~[junit-4.13.jar:4.13]
	at tests.BaseTest.checkTrue(BaseTest.java:92) ~[test-classes/:?]
	at tests.productCardsTests.ProductCardElementsTests.cardValidation(ProductCardElementsTests.java:61) ~[test-classes/:?]
	at jdk.internal.reflect.DirectMethodHandleAccessor.invoke(DirectMethodHandleAccessor.java:103) ~[?:?]
	at java.lang.reflect.Method.invoke(Method.java:580) ~[?:?]
	at org.junit.runners.model.FrameworkMethod$1.runReflectiveCall(FrameworkMethod.java:59) ~[junit-4.13.jar:4.13]
	at org.junit.internal.runners.model.ReflectiveCallable.run(ReflectiveCallable.java:12) ~[junit-4.13.jar:4.13]
	at org.junit.runners.model.FrameworkMethod.invokeExplosively(FrameworkMethod.java:56) ~[junit-4.13.jar:4.13]
	at org.junit.internal.runners.statements.InvokeMethod.evaluate(InvokeMethod.java:17) ~[junit-4.13.jar:4.13]
	at org.junit.internal.runners.statements.RunBefores.evaluate(RunBefores.java:26) ~[junit-4.13.jar:4.13]
	at org.junit.internal.runners.statements.RunAfters.evaluate(RunAfters.java:27) ~[junit-4.13.jar:4.13]
	at org.junit.rules.TestWatcher$1.evaluate(TestWatcher.java:61) [junit-4.13.jar:4.13]
	at org.junit.runners.ParentRunner$3.evaluate(ParentRunner.java:306) [junit-4.13.jar:4.13]
	at org.junit.runners.BlockJUnit4ClassRunner$1.evaluate(BlockJUnit4ClassRunner.java:100) [junit-4.13.jar:4.13]
	at org.junit.runners.ParentRunner.runLeaf(ParentRunner.java:366) [junit-4.13.jar:4.13]
	at org.junit.runners.BlockJUnit4ClassRunner.runChild(BlockJUnit4ClassRunner.java:103) [junit-4.13.jar:4.13]
	at org.junit.runners.BlockJUnit4ClassRunner.runChild(BlockJUnit4ClassRunner.java:63) [junit-4.13.jar:4.13]
	at org.junit.runners.ParentRunner$4.run(ParentRunner.java:331) [junit-4.13.jar:4.13]
	at org.junit.runners.ParentRunner$1.schedule(ParentRunner.java:79) [junit-4.13.jar:4.13]
	at org.junit.runners.ParentRunner.runChildren(ParentRunner.java:329) [junit-4.13.jar:4.13]
	at org.junit.runners.ParentRunner.access$100(ParentRunner.java:66) [junit-4.13.jar:4.13]
	at org.junit.runners.ParentRunner$2.evaluate(ParentRunner.java:293) [junit-4.13.jar:4.13]
	at org.junit.runners.ParentRunner.run(ParentRunner.java:413) [junit-4.13.jar:4.13]
	at org.junit.runners.Suite.runChild(Suite.java:128) [junit-4.13.jar:4.13]
	at org.junit.runners.Suite.runChild(Suite.java:27) [junit-4.13.jar:4.13]
	at org.junit.runners.ParentRunner$4.run(ParentRunner.java:331) [junit-4.13.jar:4.13]
	at org.junit.runners.ParentRunner$1.schedule(ParentRunner.java:79) [junit-4.13.jar:4.13]
	at org.junit.runners.ParentRunner.runChildren(ParentRunner.java:329) [junit-4.13.jar:4.13]
	at org.junit.runners.ParentRunner.access$100(ParentRunner.java:66) [junit-4.13.jar:4.13]
	at org.junit.runners.ParentRunner$2.evaluate(ParentRunner.java:293) [junit-4.13.jar:4.13]
	at org.junit.internal.runners.statements.RunAfters.evaluate(RunAfters.java:27) [junit-4.13.jar:4.13]
	at org.junit.runners.ParentRunner$3.evaluate(ParentRunner.java:306) [junit-4.13.jar:4.13]
	at org.junit.runners.ParentRunner.run(ParentRunner.java:413) [junit-4.13.jar:4.13]
	at org.eclipse.jdt.internal.junit4.runner.JUnit4TestReference.run(JUnit4TestReference.java:93) [.cp/:?]
	at org.eclipse.jdt.internal.junit.runner.TestExecution.run(TestExecution.java:40) [.cp/:?]
	at org.eclipse.jdt.internal.junit.runner.RemoteTestRunner.runTests(RemoteTestRunner.java:530) [.cp/:?]
	at org.eclipse.jdt.internal.junit.runner.RemoteTestRunner.runTests(RemoteTestRunner.java:758) [.cp/:?]
	at org.eclipse.jdt.internal.junit.runner.RemoteTestRunner.run(RemoteTestRunner.java:453) [.cp/:?]
	at org.eclipse.jdt.internal.junit.runner.RemoteTestRunner.main(RemoteTestRunner.java:211) [.cp/:?]
2025-12-30 03:36:32 INFO  === END   tests.productCardsTests.ProductCardElementsTests.cardValidation[Exp#6 [f1=1, f2=2, f3=3, f4=3, f5=1, f6=1, f7=2, f8=2]] ===
2025-12-30 03:36:32 INFO  === START tests.productCardsTests.ProductCardElementsTests.cardValidation[Exp#7 [f1=1, f2=3, f3=1, f4=2, f5=1, f6=3, f7=2, f8=3]] ===
2025-12-30 03:36:32 INFO  STEP: 📝 New input: Filling form fields.
2025-12-30 03:36:35 INFO  STEP PASS: Card #1 should have Tumbnail
2025-12-30 03:36:36 INFO  STEP PASS: Card #1 should have Title (card's title: Baseball Ball)
2025-12-30 03:36:36 INFO  STEP PASS: Card #1 should have Rating (card's description: The Baseball Ball is a standard baseball used in baseball games. It features a durable leather cover and is designed for pitching, hitting, and fielding in the game of baseball.)
2025-12-30 03:36:36 INFO  STEP PASS: Card #1 should have Price (card's price: 8.99)
2025-12-30 03:36:36 INFO  STEP PASS: Card #1 should have Rating (card's rating: 2.6)
2025-12-30 03:36:36 INFO  STEP PASS: Card #1 should have Additional Images Button
2025-12-30 03:36:36 ERROR STEP FAIL: Card #1 should have all the components
2025-12-30 03:36:36 ERROR === FAIL  tests.productCardsTests.ProductCardElementsTests.cardValidation[Exp#7 [f1=1, f2=3, f3=1, f4=2, f5=1, f6=3, f7=2, f8=3]] ===
java.lang.AssertionError: Card #1 should have all the components
	at org.junit.Assert.fail(Assert.java:89) ~[junit-4.13.jar:4.13]
	at org.junit.Assert.assertTrue(Assert.java:42) ~[junit-4.13.jar:4.13]
	at tests.BaseTest.checkTrue(BaseTest.java:92) ~[test-classes/:?]
	at tests.productCardsTests.ProductCardElementsTests.cardValidation(ProductCardElementsTests.java:61) ~[test-classes/:?]
	at jdk.internal.reflect.DirectMethodHandleAccessor.invoke(DirectMethodHandleAccessor.java:103) ~[?:?]
	at java.lang.reflect.Method.invoke(Method.java:580) ~[?:?]
	at org.junit.runners.model.FrameworkMethod$1.runReflectiveCall(FrameworkMethod.java:59) ~[junit-4.13.jar:4.13]
	at org.junit.internal.runners.model.ReflectiveCallable.run(ReflectiveCallable.java:12) ~[junit-4.13.jar:4.13]
	at org.junit.runners.model.FrameworkMethod.invokeExplosively(FrameworkMethod.java:56) ~[junit-4.13.jar:4.13]
	at org.junit.internal.runners.statements.InvokeMethod.evaluate(InvokeMethod.java:17) ~[junit-4.13.jar:4.13]
	at org.junit.internal.runners.statements.RunBefores.evaluate(RunBefores.java:26) ~[junit-4.13.jar:4.13]
	at org.junit.internal.runners.statements.RunAfters.evaluate(RunAfters.java:27) ~[junit-4.13.jar:4.13]
	at org.junit.rules.TestWatcher$1.evaluate(TestWatcher.java:61) [junit-4.13.jar:4.13]
	at org.junit.runners.ParentRunner$3.evaluate(ParentRunner.java:306) [junit-4.13.jar:4.13]
	at org.junit.runners.BlockJUnit4ClassRunner$1.evaluate(BlockJUnit4ClassRunner.java:100) [junit-4.13.jar:4.13]
	at org.junit.runners.ParentRunner.runLeaf(ParentRunner.java:366) [junit-4.13.jar:4.13]
	at org.junit.runners.BlockJUnit4ClassRunner.runChild(BlockJUnit4ClassRunner.java:103) [junit-4.13.jar:4.13]
	at org.junit.runners.BlockJUnit4ClassRunner.runChild(BlockJUnit4ClassRunner.java:63) [junit-4.13.jar:4.13]
	at org.junit.runners.ParentRunner$4.run(ParentRunner.java:331) [junit-4.13.jar:4.13]
	at org.junit.runners.ParentRunner$1.schedule(ParentRunner.java:79) [junit-4.13.jar:4.13]
	at org.junit.runners.ParentRunner.runChildren(ParentRunner.java:329) [junit-4.13.jar:4.13]
	at org.junit.runners.ParentRunner.access$100(ParentRunner.java:66) [junit-4.13.jar:4.13]
	at org.junit.runners.ParentRunner$2.evaluate(ParentRunner.java:293) [junit-4.13.jar:4.13]
	at org.junit.runners.ParentRunner.run(ParentRunner.java:413) [junit-4.13.jar:4.13]
	at org.junit.runners.Suite.runChild(Suite.java:128) [junit-4.13.jar:4.13]
	at org.junit.runners.Suite.runChild(Suite.java:27) [junit-4.13.jar:4.13]
	at org.junit.runners.ParentRunner$4.run(ParentRunner.java:331) [junit-4.13.jar:4.13]
	at org.junit.runners.ParentRunner$1.schedule(ParentRunner.java:79) [junit-4.13.jar:4.13]
	at org.junit.runners.ParentRunner.runChildren(ParentRunner.java:329) [junit-4.13.jar:4.13]
	at org.junit.runners.ParentRunner.access$100(ParentRunner.java:66) [junit-4.13.jar:4.13]
	at org.junit.runners.ParentRunner$2.evaluate(ParentRunner.java:293) [junit-4.13.jar:4.13]
	at org.junit.internal.runners.statements.RunAfters.evaluate(RunAfters.java:27) [junit-4.13.jar:4.13]
	at org.junit.runners.ParentRunner$3.evaluate(ParentRunner.java:306) [junit-4.13.jar:4.13]
	at org.junit.runners.ParentRunner.run(ParentRunner.java:413) [junit-4.13.jar:4.13]
	at org.eclipse.jdt.internal.junit4.runner.JUnit4TestReference.run(JUnit4TestReference.java:93) [.cp/:?]
	at org.eclipse.jdt.internal.junit.runner.TestExecution.run(TestExecution.java:40) [.cp/:?]
	at org.eclipse.jdt.internal.junit.runner.RemoteTestRunner.runTests(RemoteTestRunner.java:530) [.cp/:?]
	at org.eclipse.jdt.internal.junit.runner.RemoteTestRunner.runTests(RemoteTestRunner.java:758) [.cp/:?]
	at org.eclipse.jdt.internal.junit.runner.RemoteTestRunner.run(RemoteTestRunner.java:453) [.cp/:?]
	at org.eclipse.jdt.internal.junit.runner.RemoteTestRunner.main(RemoteTestRunner.java:211) [.cp/:?]
2025-12-30 03:36:36 INFO  === END   tests.productCardsTests.ProductCardElementsTests.cardValidation[Exp#7 [f1=1, f2=3, f3=1, f4=2, f5=1, f6=3, f7=2, f8=3]] ===
2025-12-30 03:36:36 INFO  === START tests.productCardsTests.ProductCardElementsTests.cardValidation[Exp#8 [f1=1, f2=3, f3=2, f4=3, f5=2, f6=1, f7=3, f8=1]] ===
2025-12-30 03:36:36 INFO  STEP: 📝 New input: Filling form fields.
2025-12-30 03:37:26 INFO  === START tests.productCardsTests.ProductCardElementsTests.cardValidation[Exp#1 [f1=1, f2=1, f3=1, f4=1, f5=1, f6=1, f7=1, f8=1]] ===
2025-12-30 03:37:28 INFO  STEP: 📝 New input: Filling form fields.
2025-12-30 03:37:35 INFO  STEP PASS: Card #1 should have Tumbnail
2025-12-30 03:37:35 INFO  STEP PASS: Card #1 should have Title (card's title: Green and Black Glasses)
2025-12-30 03:37:35 INFO  STEP PASS: Card #1 should have Rating (card's description: The Green and Black Glasses feature a bold combination of green and black colors, adding a touch of vibrancy to your eyewear collection. They are both stylish and eye-catching.)
2025-12-30 03:37:35 INFO  STEP PASS: Card #1 should have Price (card's price: 34.99)
2025-12-30 03:37:35 INFO  STEP PASS: Card #1 should have Rating (card's rating: 4.5)
2025-12-30 03:37:35 INFO  STEP PASS: Card #1 should have Additional Images Button
2025-12-30 03:37:35 ERROR STEP FAIL: Card #1 should have all the components
2025-12-30 03:37:35 ERROR === FAIL  tests.productCardsTests.ProductCardElementsTests.cardValidation[Exp#1 [f1=1, f2=1, f3=1, f4=1, f5=1, f6=1, f7=1, f8=1]] ===
java.lang.AssertionError: Card #1 should have all the components
	at org.junit.Assert.fail(Assert.java:89) ~[junit-4.13.jar:4.13]
	at org.junit.Assert.assertTrue(Assert.java:42) ~[junit-4.13.jar:4.13]
	at tests.BaseTest.checkTrue(BaseTest.java:92) ~[test-classes/:?]
	at tests.productCardsTests.ProductCardElementsTests.cardValidation(ProductCardElementsTests.java:61) ~[test-classes/:?]
	at jdk.internal.reflect.DirectMethodHandleAccessor.invoke(DirectMethodHandleAccessor.java:103) ~[?:?]
	at java.lang.reflect.Method.invoke(Method.java:580) ~[?:?]
	at org.junit.runners.model.FrameworkMethod$1.runReflectiveCall(FrameworkMethod.java:59) ~[junit-4.13.jar:4.13]
	at org.junit.internal.runners.model.ReflectiveCallable.run(ReflectiveCallable.java:12) ~[junit-4.13.jar:4.13]
	at org.junit.runners.model.FrameworkMethod.invokeExplosively(FrameworkMethod.java:56) ~[junit-4.13.jar:4.13]
	at org.junit.internal.runners.statements.InvokeMethod.evaluate(InvokeMethod.java:17) ~[junit-4.13.jar:4.13]
	at org.junit.internal.runners.statements.RunBefores.evaluate(RunBefores.java:26) ~[junit-4.13.jar:4.13]
	at org.junit.internal.runners.statements.RunAfters.evaluate(RunAfters.java:27) ~[junit-4.13.jar:4.13]
	at org.junit.rules.TestWatcher$1.evaluate(TestWatcher.java:61) [junit-4.13.jar:4.13]
	at org.junit.runners.ParentRunner$3.evaluate(ParentRunner.java:306) [junit-4.13.jar:4.13]
	at org.junit.runners.BlockJUnit4ClassRunner$1.evaluate(BlockJUnit4ClassRunner.java:100) [junit-4.13.jar:4.13]
	at org.junit.runners.ParentRunner.runLeaf(ParentRunner.java:366) [junit-4.13.jar:4.13]
	at org.junit.runners.BlockJUnit4ClassRunner.runChild(BlockJUnit4ClassRunner.java:103) [junit-4.13.jar:4.13]
	at org.junit.runners.BlockJUnit4ClassRunner.runChild(BlockJUnit4ClassRunner.java:63) [junit-4.13.jar:4.13]
	at org.junit.runners.ParentRunner$4.run(ParentRunner.java:331) [junit-4.13.jar:4.13]
	at org.junit.runners.ParentRunner$1.schedule(ParentRunner.java:79) [junit-4.13.jar:4.13]
	at org.junit.runners.ParentRunner.runChildren(ParentRunner.java:329) [junit-4.13.jar:4.13]
	at org.junit.runners.ParentRunner.access$100(ParentRunner.java:66) [junit-4.13.jar:4.13]
	at org.junit.runners.ParentRunner$2.evaluate(ParentRunner.java:293) [junit-4.13.jar:4.13]
	at org.junit.runners.ParentRunner.run(ParentRunner.java:413) [junit-4.13.jar:4.13]
	at org.junit.runners.Suite.runChild(Suite.java:128) [junit-4.13.jar:4.13]
	at org.junit.runners.Suite.runChild(Suite.java:27) [junit-4.13.jar:4.13]
	at org.junit.runners.ParentRunner$4.run(ParentRunner.java:331) [junit-4.13.jar:4.13]
	at org.junit.runners.ParentRunner$1.schedule(ParentRunner.java:79) [junit-4.13.jar:4.13]
	at org.junit.runners.ParentRunner.runChildren(ParentRunner.java:329) [junit-4.13.jar:4.13]
	at org.junit.runners.ParentRunner.access$100(ParentRunner.java:66) [junit-4.13.jar:4.13]
	at org.junit.runners.ParentRunner$2.evaluate(ParentRunner.java:293) [junit-4.13.jar:4.13]
	at org.junit.internal.runners.statements.RunAfters.evaluate(RunAfters.java:27) [junit-4.13.jar:4.13]
	at org.junit.runners.ParentRunner$3.evaluate(ParentRunner.java:306) [junit-4.13.jar:4.13]
	at org.junit.runners.ParentRunner.run(ParentRunner.java:413) [junit-4.13.jar:4.13]
	at org.eclipse.jdt.internal.junit4.runner.JUnit4TestReference.run(JUnit4TestReference.java:93) [.cp/:?]
	at org.eclipse.jdt.internal.junit.runner.TestExecution.run(TestExecution.java:40) [.cp/:?]
	at org.eclipse.jdt.internal.junit.runner.RemoteTestRunner.runTests(RemoteTestRunner.java:530) [.cp/:?]
	at org.eclipse.jdt.internal.junit.runner.RemoteTestRunner.runTests(RemoteTestRunner.java:758) [.cp/:?]
	at org.eclipse.jdt.internal.junit.runner.RemoteTestRunner.run(RemoteTestRunner.java:453) [.cp/:?]
	at org.eclipse.jdt.internal.junit.runner.RemoteTestRunner.main(RemoteTestRunner.java:211) [.cp/:?]
2025-12-30 03:37:35 INFO  === END   tests.productCardsTests.ProductCardElementsTests.cardValidation[Exp#1 [f1=1, f2=1, f3=1, f4=1, f5=1, f6=1, f7=1, f8=1]] ===
2025-12-30 03:37:35 INFO  === START tests.productCardsTests.ProductCardElementsTests.cardValidation[Exp#2 [f1=1, f2=1, f3=2, f4=2, f5=2, f6=2, f7=2, f8=2]] ===
2025-12-30 03:37:35 INFO  STEP: 📝 New input: Filling form fields.
2025-12-30 03:37:39 INFO  STEP PASS: Card #1 should have Tumbnail
2025-12-30 03:37:39 INFO  STEP PASS: Card #1 should have Title (card's title: Black Aluminium Cup)
2025-12-30 03:37:39 INFO  STEP PASS: Card #1 should have Rating (card's description: The Black Aluminium Cup is a stylish and durable cup suitable for both hot and cold beverages. Its sleek black design adds a modern touch to your drinkware collection.)
2025-12-30 03:37:39 INFO  STEP PASS: Card #1 should have Price (card's price: 5.99)
2025-12-30 03:37:39 INFO  STEP PASS: Card #1 should have Rating (card's rating: 4.5)
2025-12-30 03:37:39 INFO  STEP PASS: Card #1 should have Additional Images Button
2025-12-30 03:37:39 ERROR STEP FAIL: Card #1 should have all the components
2025-12-30 03:37:39 ERROR === FAIL  tests.productCardsTests.ProductCardElementsTests.cardValidation[Exp#2 [f1=1, f2=1, f3=2, f4=2, f5=2, f6=2, f7=2, f8=2]] ===
java.lang.AssertionError: Card #1 should have all the components
	at org.junit.Assert.fail(Assert.java:89) ~[junit-4.13.jar:4.13]
	at org.junit.Assert.assertTrue(Assert.java:42) ~[junit-4.13.jar:4.13]
	at tests.BaseTest.checkTrue(BaseTest.java:92) ~[test-classes/:?]
	at tests.productCardsTests.ProductCardElementsTests.cardValidation(ProductCardElementsTests.java:61) ~[test-classes/:?]
	at jdk.internal.reflect.DirectMethodHandleAccessor.invoke(DirectMethodHandleAccessor.java:103) ~[?:?]
	at java.lang.reflect.Method.invoke(Method.java:580) ~[?:?]
	at org.junit.runners.model.FrameworkMethod$1.runReflectiveCall(FrameworkMethod.java:59) ~[junit-4.13.jar:4.13]
	at org.junit.internal.runners.model.ReflectiveCallable.run(ReflectiveCallable.java:12) ~[junit-4.13.jar:4.13]
	at org.junit.runners.model.FrameworkMethod.invokeExplosively(FrameworkMethod.java:56) ~[junit-4.13.jar:4.13]
	at org.junit.internal.runners.statements.InvokeMethod.evaluate(InvokeMethod.java:17) ~[junit-4.13.jar:4.13]
	at org.junit.internal.runners.statements.RunBefores.evaluate(RunBefores.java:26) ~[junit-4.13.jar:4.13]
	at org.junit.internal.runners.statements.RunAfters.evaluate(RunAfters.java:27) ~[junit-4.13.jar:4.13]
	at org.junit.rules.TestWatcher$1.evaluate(TestWatcher.java:61) [junit-4.13.jar:4.13]
	at org.junit.runners.ParentRunner$3.evaluate(ParentRunner.java:306) [junit-4.13.jar:4.13]
	at org.junit.runners.BlockJUnit4ClassRunner$1.evaluate(BlockJUnit4ClassRunner.java:100) [junit-4.13.jar:4.13]
	at org.junit.runners.ParentRunner.runLeaf(ParentRunner.java:366) [junit-4.13.jar:4.13]
	at org.junit.runners.BlockJUnit4ClassRunner.runChild(BlockJUnit4ClassRunner.java:103) [junit-4.13.jar:4.13]
	at org.junit.runners.BlockJUnit4ClassRunner.runChild(BlockJUnit4ClassRunner.java:63) [junit-4.13.jar:4.13]
	at org.junit.runners.ParentRunner$4.run(ParentRunner.java:331) [junit-4.13.jar:4.13]
	at org.junit.runners.ParentRunner$1.schedule(ParentRunner.java:79) [junit-4.13.jar:4.13]
	at org.junit.runners.ParentRunner.runChildren(ParentRunner.java:329) [junit-4.13.jar:4.13]
	at org.junit.runners.ParentRunner.access$100(ParentRunner.java:66) [junit-4.13.jar:4.13]
	at org.junit.runners.ParentRunner$2.evaluate(ParentRunner.java:293) [junit-4.13.jar:4.13]
	at org.junit.runners.ParentRunner.run(ParentRunner.java:413) [junit-4.13.jar:4.13]
	at org.junit.runners.Suite.runChild(Suite.java:128) [junit-4.13.jar:4.13]
	at org.junit.runners.Suite.runChild(Suite.java:27) [junit-4.13.jar:4.13]
	at org.junit.runners.ParentRunner$4.run(ParentRunner.java:331) [junit-4.13.jar:4.13]
	at org.junit.runners.ParentRunner$1.schedule(ParentRunner.java:79) [junit-4.13.jar:4.13]
	at org.junit.runners.ParentRunner.runChildren(ParentRunner.java:329) [junit-4.13.jar:4.13]
	at org.junit.runners.ParentRunner.access$100(ParentRunner.java:66) [junit-4.13.jar:4.13]
	at org.junit.runners.ParentRunner$2.evaluate(ParentRunner.java:293) [junit-4.13.jar:4.13]
	at org.junit.internal.runners.statements.RunAfters.evaluate(RunAfters.java:27) [junit-4.13.jar:4.13]
	at org.junit.runners.ParentRunner$3.evaluate(ParentRunner.java:306) [junit-4.13.jar:4.13]
	at org.junit.runners.ParentRunner.run(ParentRunner.java:413) [junit-4.13.jar:4.13]
	at org.eclipse.jdt.internal.junit4.runner.JUnit4TestReference.run(JUnit4TestReference.java:93) [.cp/:?]
	at org.eclipse.jdt.internal.junit.runner.TestExecution.run(TestExecution.java:40) [.cp/:?]
	at org.eclipse.jdt.internal.junit.runner.RemoteTestRunner.runTests(RemoteTestRunner.java:530) [.cp/:?]
	at org.eclipse.jdt.internal.junit.runner.RemoteTestRunner.runTests(RemoteTestRunner.java:758) [.cp/:?]
	at org.eclipse.jdt.internal.junit.runner.RemoteTestRunner.run(RemoteTestRunner.java:453) [.cp/:?]
	at org.eclipse.jdt.internal.junit.runner.RemoteTestRunner.main(RemoteTestRunner.java:211) [.cp/:?]
2025-12-30 03:37:39 INFO  === END   tests.productCardsTests.ProductCardElementsTests.cardValidation[Exp#2 [f1=1, f2=1, f3=2, f4=2, f5=2, f6=2, f7=2, f8=2]] ===
2025-12-30 03:37:39 INFO  === START tests.productCardsTests.ProductCardElementsTests.cardValidation[Exp#3 [f1=1, f2=1, f3=3, f4=3, f5=3, f6=3, f7=3, f8=3]] ===
2025-12-30 03:37:39 INFO  STEP: 📝 New input: Filling form fields.
2025-12-30 03:37:43 INFO  STEP PASS: Card #1 should have Tumbnail
2025-12-30 03:37:43 INFO  STEP PASS: Card #1 should have Title (card's title: Samsung Galaxy Tab White)
2025-12-30 03:37:43 INFO  STEP PASS: Card #1 should have Rating (card's description: The Samsung Galaxy Tab in White is a sleek and versatile Android tablet. With a vibrant display, long-lasting battery, and a range of features, it offers a great user experience for various tasks.)
2025-12-30 03:37:43 INFO  STEP PASS: Card #1 should have Price (card's price: 349.99)
2025-12-30 03:37:43 INFO  STEP PASS: Card #1 should have Rating (card's rating: 3.7)
2025-12-30 03:37:43 INFO  STEP PASS: Card #1 should have Additional Images Button
2025-12-30 03:37:43 ERROR STEP FAIL: Card #1 should have all the components
2025-12-30 03:37:43 ERROR === FAIL  tests.productCardsTests.ProductCardElementsTests.cardValidation[Exp#3 [f1=1, f2=1, f3=3, f4=3, f5=3, f6=3, f7=3, f8=3]] ===
java.lang.AssertionError: Card #1 should have all the components
	at org.junit.Assert.fail(Assert.java:89) ~[junit-4.13.jar:4.13]
	at org.junit.Assert.assertTrue(Assert.java:42) ~[junit-4.13.jar:4.13]
	at tests.BaseTest.checkTrue(BaseTest.java:92) ~[test-classes/:?]
	at tests.productCardsTests.ProductCardElementsTests.cardValidation(ProductCardElementsTests.java:61) ~[test-classes/:?]
	at jdk.internal.reflect.DirectMethodHandleAccessor.invoke(DirectMethodHandleAccessor.java:103) ~[?:?]
	at java.lang.reflect.Method.invoke(Method.java:580) ~[?:?]
	at org.junit.runners.model.FrameworkMethod$1.runReflectiveCall(FrameworkMethod.java:59) ~[junit-4.13.jar:4.13]
	at org.junit.internal.runners.model.ReflectiveCallable.run(ReflectiveCallable.java:12) ~[junit-4.13.jar:4.13]
	at org.junit.runners.model.FrameworkMethod.invokeExplosively(FrameworkMethod.java:56) ~[junit-4.13.jar:4.13]
	at org.junit.internal.runners.statements.InvokeMethod.evaluate(InvokeMethod.java:17) ~[junit-4.13.jar:4.13]
	at org.junit.internal.runners.statements.RunBefores.evaluate(RunBefores.java:26) ~[junit-4.13.jar:4.13]
	at org.junit.internal.runners.statements.RunAfters.evaluate(RunAfters.java:27) ~[junit-4.13.jar:4.13]
	at org.junit.rules.TestWatcher$1.evaluate(TestWatcher.java:61) [junit-4.13.jar:4.13]
	at org.junit.runners.ParentRunner$3.evaluate(ParentRunner.java:306) [junit-4.13.jar:4.13]
	at org.junit.runners.BlockJUnit4ClassRunner$1.evaluate(BlockJUnit4ClassRunner.java:100) [junit-4.13.jar:4.13]
	at org.junit.runners.ParentRunner.runLeaf(ParentRunner.java:366) [junit-4.13.jar:4.13]
	at org.junit.runners.BlockJUnit4ClassRunner.runChild(BlockJUnit4ClassRunner.java:103) [junit-4.13.jar:4.13]
	at org.junit.runners.BlockJUnit4ClassRunner.runChild(BlockJUnit4ClassRunner.java:63) [junit-4.13.jar:4.13]
	at org.junit.runners.ParentRunner$4.run(ParentRunner.java:331) [junit-4.13.jar:4.13]
	at org.junit.runners.ParentRunner$1.schedule(ParentRunner.java:79) [junit-4.13.jar:4.13]
	at org.junit.runners.ParentRunner.runChildren(ParentRunner.java:329) [junit-4.13.jar:4.13]
	at org.junit.runners.ParentRunner.access$100(ParentRunner.java:66) [junit-4.13.jar:4.13]
	at org.junit.runners.ParentRunner$2.evaluate(ParentRunner.java:293) [junit-4.13.jar:4.13]
	at org.junit.runners.ParentRunner.run(ParentRunner.java:413) [junit-4.13.jar:4.13]
	at org.junit.runners.Suite.runChild(Suite.java:128) [junit-4.13.jar:4.13]
	at org.junit.runners.Suite.runChild(Suite.java:27) [junit-4.13.jar:4.13]
	at org.junit.runners.ParentRunner$4.run(ParentRunner.java:331) [junit-4.13.jar:4.13]
	at org.junit.runners.ParentRunner$1.schedule(ParentRunner.java:79) [junit-4.13.jar:4.13]
	at org.junit.runners.ParentRunner.runChildren(ParentRunner.java:329) [junit-4.13.jar:4.13]
	at org.junit.runners.ParentRunner.access$100(ParentRunner.java:66) [junit-4.13.jar:4.13]
	at org.junit.runners.ParentRunner$2.evaluate(ParentRunner.java:293) [junit-4.13.jar:4.13]
	at org.junit.internal.runners.statements.RunAfters.evaluate(RunAfters.java:27) [junit-4.13.jar:4.13]
	at org.junit.runners.ParentRunner$3.evaluate(ParentRunner.java:306) [junit-4.13.jar:4.13]
	at org.junit.runners.ParentRunner.run(ParentRunner.java:413) [junit-4.13.jar:4.13]
	at org.eclipse.jdt.internal.junit4.runner.JUnit4TestReference.run(JUnit4TestReference.java:93) [.cp/:?]
	at org.eclipse.jdt.internal.junit.runner.TestExecution.run(TestExecution.java:40) [.cp/:?]
	at org.eclipse.jdt.internal.junit.runner.RemoteTestRunner.runTests(RemoteTestRunner.java:530) [.cp/:?]
	at org.eclipse.jdt.internal.junit.runner.RemoteTestRunner.runTests(RemoteTestRunner.java:758) [.cp/:?]
	at org.eclipse.jdt.internal.junit.runner.RemoteTestRunner.run(RemoteTestRunner.java:453) [.cp/:?]
	at org.eclipse.jdt.internal.junit.runner.RemoteTestRunner.main(RemoteTestRunner.java:211) [.cp/:?]
2025-12-30 03:37:43 INFO  === END   tests.productCardsTests.ProductCardElementsTests.cardValidation[Exp#3 [f1=1, f2=1, f3=3, f4=3, f5=3, f6=3, f7=3, f8=3]] ===
2025-12-30 03:37:43 INFO  === START tests.productCardsTests.ProductCardElementsTests.cardValidation[Exp#4 [f1=1, f2=2, f3=1, f4=1, f5=2, f6=2, f7=3, f8=3]] ===
2025-12-30 03:37:43 INFO  STEP: 📝 New input: Filling form fields.
2025-12-30 03:38:32 INFO  === START tests.productCardsTests.ProductCardElementsTests.cardValidation[Exp#1 [f1=1, f2=1, f3=1, f4=1, f5=1, f6=1, f7=1, f8=1]] ===
2025-12-30 03:38:34 INFO  STEP: 📝 New input: Filling form fields.
2025-12-30 03:38:40 INFO  STEP PASS: Card #1 should have Tumbnail
2025-12-30 03:38:40 INFO  STEP PASS: Card #1 should have Title (card's title: Green and Black Glasses)
2025-12-30 03:38:40 INFO  STEP PASS: Card #1 should have Rating (card's description: The Green and Black Glasses feature a bold combination of green and black colors, adding a touch of vibrancy to your eyewear collection. They are both stylish and eye-catching.)
2025-12-30 03:38:41 INFO  STEP PASS: Card #1 should have Price (card's price: 34.99)
2025-12-30 03:38:41 INFO  STEP PASS: Card #1 should have Rating (card's rating: 4.5)
2025-12-30 03:38:41 INFO  STEP PASS: Card #1 should have Additional Images Button
2025-12-30 03:38:41 INFO  STEP PASS: Card #1 should have all the components
2025-12-30 03:38:41 INFO  STEP PASS: Card #2 should have Tumbnail
2025-12-30 03:38:41 INFO  STEP PASS: Card #2 should have Title (card's title: Black Sun Glasses)
2025-12-30 03:38:41 INFO  STEP PASS: Card #2 should have Rating (card's description: The Black Sun Glasses are a classic and stylish choice, featuring a sleek black frame and tinted lenses. They provide both UV protection and a fashionable look.)
2025-12-30 03:38:41 INFO  STEP PASS: Card #2 should have Price (card's price: 29.99)
2025-12-30 03:38:41 INFO  STEP PASS: Card #2 should have Rating (card's rating: 4.4)
2025-12-30 03:38:41 INFO  STEP PASS: Card #2 should have Additional Images Button
2025-12-30 03:38:41 INFO  STEP PASS: Card #2 should have all the components
2025-12-30 03:38:41 INFO  STEP PASS: Card #3 should have Tumbnail
2025-12-30 03:38:41 INFO  STEP PASS: Card #3 should have Title (card's title: Classic Sun Glasses)
2025-12-30 03:38:41 INFO  STEP PASS: Card #3 should have Rating (card's description: The Classic Sun Glasses offer a timeless design with a neutral frame and UV-protected lenses. These sunglasses are versatile and suitable for various occasions.)
2025-12-30 03:38:42 INFO  STEP PASS: Card #3 should have Price (card's price: 24.99)
2025-12-30 03:38:42 INFO  STEP PASS: Card #3 should have Rating (card's rating: 3.9)
2025-12-30 03:38:42 INFO  STEP PASS: Card #3 should have Additional Images Button
2025-12-30 03:38:42 INFO  STEP PASS: Card #3 should have all the components
2025-12-30 03:38:42 INFO  STEP PASS: Card #4 should have Tumbnail
2025-12-30 03:38:42 INFO  STEP PASS: Card #4 should have Title (card's title: Sunglasses)
2025-12-30 03:38:42 INFO  STEP PASS: Card #4 should have Rating (card's description: The Sunglasses offer a classic and simple design with a focus on functionality. These sunglasses provide essential UV protection while maintaining a timeless look.)
2025-12-30 03:38:42 INFO  STEP PASS: Card #4 should have Price (card's price: 22.99)
2025-12-30 03:38:42 INFO  STEP PASS: Card #4 should have Rating (card's rating: 3.0)
2025-12-30 03:38:42 INFO  STEP PASS: Card #4 should have Additional Images Button
2025-12-30 03:38:42 INFO  STEP PASS: Card #4 should have all the components
2025-12-30 03:38:42 INFO  STEP PASS: Card #5 should have Tumbnail
2025-12-30 03:38:42 INFO  STEP PASS: Card #5 should have Title (card's title: Party Glasses)
2025-12-30 03:38:42 INFO  STEP PASS: Card #5 should have Rating (card's description: The Party Glasses are designed to add flair to your party outfit. With unique shapes or colorful frames, they're perfect for adding a playful touch to your look during celebrations.)
2025-12-30 03:38:43 INFO  STEP PASS: Card #5 should have Price (card's price: 19.99)
2025-12-30 03:38:43 INFO  STEP PASS: Card #5 should have Rating (card's rating: 2.8)
2025-12-30 03:38:43 INFO  STEP PASS: Card #5 should have Additional Images Button
2025-12-30 03:38:43 INFO  STEP PASS: Card #5 should have all the components
2025-12-30 03:38:43 INFO  === PASS  tests.productCardsTests.ProductCardElementsTests.cardValidation[Exp#1 [f1=1, f2=1, f3=1, f4=1, f5=1, f6=1, f7=1, f8=1]] ===
2025-12-30 03:38:43 INFO  === END   tests.productCardsTests.ProductCardElementsTests.cardValidation[Exp#1 [f1=1, f2=1, f3=1, f4=1, f5=1, f6=1, f7=1, f8=1]] ===
2025-12-30 03:38:43 INFO  === START tests.productCardsTests.ProductCardElementsTests.cardValidation[Exp#2 [f1=1, f2=1, f3=2, f4=2, f5=2, f6=2, f7=2, f8=2]] ===
2025-12-30 03:38:43 INFO  STEP: 📝 New input: Filling form fields.
2025-12-30 03:38:47 INFO  STEP PASS: Card #1 should have Tumbnail
2025-12-30 03:38:47 INFO  STEP PASS: Card #1 should have Title (card's title: Black Aluminium Cup)
2025-12-30 03:38:47 INFO  STEP PASS: Card #1 should have Rating (card's description: The Black Aluminium Cup is a stylish and durable cup suitable for both hot and cold beverages. Its sleek black design adds a modern touch to your drinkware collection.)
2025-12-30 03:38:47 INFO  STEP PASS: Card #1 should have Price (card's price: 5.99)
2025-12-30 03:38:47 INFO  STEP PASS: Card #1 should have Rating (card's rating: 4.5)
2025-12-30 03:38:47 INFO  STEP PASS: Card #1 should have Additional Images Button
2025-12-30 03:38:47 INFO  STEP PASS: Card #1 should have all the components
2025-12-30 03:38:47 INFO  STEP PASS: Card #2 should have Tumbnail
2025-12-30 03:38:47 INFO  STEP PASS: Card #2 should have Title (card's title: Bamboo Spatula)
2025-12-30 03:38:47 INFO  STEP PASS: Card #2 should have Rating (card's description: The Bamboo Spatula is a versatile kitchen tool made from eco-friendly bamboo. Ideal for flipping, stirring, and serving various dishes.)
2025-12-30 03:38:47 INFO  STEP PASS: Card #2 should have Price (card's price: 7.99)
2025-12-30 03:38:47 INFO  STEP PASS: Card #2 should have Rating (card's rating: 3.3)
2025-12-30 03:38:47 INFO  STEP PASS: Card #2 should have Additional Images Button
2025-12-30 03:38:47 INFO  STEP PASS: Card #2 should have all the components
2025-12-30 03:38:47 INFO  STEP PASS: Card #3 should have Tumbnail
2025-12-30 03:38:48 INFO  STEP PASS: Card #3 should have Title (card's title: Black Whisk)
2025-12-30 03:38:48 INFO  STEP PASS: Card #3 should have Rating (card's description: The Black Whisk is a kitchen essential for whisking and beating ingredients. Its ergonomic handle and sleek design make it a practical and stylish tool.)
2025-12-30 03:38:48 INFO  STEP PASS: Card #3 should have Price (card's price: 9.99)
2025-12-30 03:38:48 INFO  STEP PASS: Card #3 should have Rating (card's rating: 3.9)
2025-12-30 03:38:48 INFO  STEP PASS: Card #3 should have Additional Images Button
2025-12-30 03:38:48 INFO  STEP PASS: Card #3 should have all the components
2025-12-30 03:38:48 INFO  STEP PASS: Card #4 should have Tumbnail
2025-12-30 03:38:48 INFO  STEP PASS: Card #4 should have Title (card's title: Carbon Steel Wok)
2025-12-30 03:38:48 INFO  STEP PASS: Card #4 should have Rating (card's description: The Carbon Steel Wok is a versatile cooking pan suitable for stir-frying, sautéing, and deep frying. Its sturdy construction ensures even heat distribution for delicious meals.)
2025-12-30 03:38:48 INFO  STEP PASS: Card #4 should have Price (card's price: 29.99)
2025-12-30 03:38:48 INFO  STEP PASS: Card #4 should have Rating (card's rating: 4.0)
2025-12-30 03:38:48 INFO  STEP PASS: Card #4 should have Additional Images Button
2025-12-30 03:38:48 INFO  STEP PASS: Card #4 should have all the components
2025-12-30 03:38:48 INFO  STEP PASS: Card #5 should have Tumbnail
2025-12-30 03:38:48 INFO  STEP PASS: Card #5 should have Title (card's title: Boxed Blender)
2025-12-30 03:38:48 INFO  STEP PASS: Card #5 should have Rating (card's description: The Boxed Blender is a powerful and compact blender perfect for smoothies, shakes, and more. Its convenient design and multiple functions make it a versatile kitchen appliance.)
2025-12-30 03:38:48 INFO  STEP PASS: Card #5 should have Price (card's price: 39.99)
2025-12-30 03:38:48 INFO  STEP PASS: Card #5 should have Rating (card's rating: 4.6)
2025-12-30 03:38:48 INFO  STEP PASS: Card #5 should have Additional Images Button
2025-12-30 03:38:48 INFO  STEP PASS: Card #5 should have all the components
2025-12-30 03:38:48 INFO  === PASS  tests.productCardsTests.ProductCardElementsTests.cardValidation[Exp#2 [f1=1, f2=1, f3=2, f4=2, f5=2, f6=2, f7=2, f8=2]] ===
2025-12-30 03:38:48 INFO  === END   tests.productCardsTests.ProductCardElementsTests.cardValidation[Exp#2 [f1=1, f2=1, f3=2, f4=2, f5=2, f6=2, f7=2, f8=2]] ===
2025-12-30 03:38:48 INFO  === START tests.productCardsTests.ProductCardElementsTests.cardValidation[Exp#3 [f1=1, f2=1, f3=3, f4=3, f5=3, f6=3, f7=3, f8=3]] ===
2025-12-30 03:38:48 INFO  STEP: 📝 New input: Filling form fields.
2025-12-30 03:38:52 INFO  STEP PASS: Card #1 should have Tumbnail
2025-12-30 03:38:52 INFO  STEP PASS: Card #1 should have Title (card's title: Samsung Galaxy Tab White)
2025-12-30 03:38:52 INFO  STEP PASS: Card #1 should have Rating (card's description: The Samsung Galaxy Tab in White is a sleek and versatile Android tablet. With a vibrant display, long-lasting battery, and a range of features, it offers a great user experience for various tasks.)
2025-12-30 03:38:52 INFO  STEP PASS: Card #1 should have Price (card's price: 349.99)
2025-12-30 03:38:52 INFO  STEP PASS: Card #1 should have Rating (card's rating: 3.7)
2025-12-30 03:38:52 INFO  STEP PASS: Card #1 should have Additional Images Button
2025-12-30 03:38:52 INFO  STEP PASS: Card #1 should have all the components
2025-12-30 03:38:52 INFO  STEP PASS: Card #2 should have Tumbnail
2025-12-30 03:38:52 INFO  STEP PASS: Card #2 should have Title (card's title: Samsung Galaxy Tab White)
2025-12-30 03:38:52 INFO  STEP PASS: Card #2 should have Rating (card's description: The Samsung Galaxy Tab in White is a sleek and versatile Android tablet. With a vibrant display, long-lasting battery, and a range of features, it offers a great user experience for various tasks.)
2025-12-30 03:38:52 INFO  STEP PASS: Card #2 should have Price (card's price: 349.99)
2025-12-30 03:38:53 INFO  STEP PASS: Card #2 should have Rating (card's rating: 3.7)
2025-12-30 03:38:53 INFO  STEP PASS: Card #2 should have Additional Images Button
2025-12-30 03:38:53 INFO  STEP PASS: Card #2 should have all the components
2025-12-30 03:38:53 INFO  STEP PASS: Card #3 should have Tumbnail
2025-12-30 03:38:53 INFO  STEP PASS: Card #3 should have Title (card's title: iPad Mini 2021 Starlight)
2025-12-30 03:38:53 INFO  STEP PASS: Card #3 should have Rating (card's description: The iPad Mini 2021 in Starlight is a compact and powerful tablet from Apple. Featuring a stunning Retina display, powerful A-series chip, and a sleek design, it offers a premium tablet experience.)
2025-12-30 03:38:53 INFO  STEP PASS: Card #3 should have Price (card's price: 499.99)
2025-12-30 03:38:53 INFO  STEP PASS: Card #3 should have Rating (card's rating: 3.2)
2025-12-30 03:38:53 INFO  STEP PASS: Card #3 should have Additional Images Button
2025-12-30 03:38:53 INFO  STEP PASS: Card #3 should have all the components
2025-12-30 03:38:53 INFO  STEP PASS: Card #4 should have Tumbnail
2025-12-30 03:38:53 INFO  STEP PASS: Card #4 should have Title (card's title: Samsung Galaxy Tab S8 Plus Grey)
2025-12-30 03:38:53 INFO  STEP PASS: Card #4 should have Rating (card's description: The Samsung Galaxy Tab S8 Plus in Grey is a high-performance Android tablet by Samsung. With a large AMOLED display, powerful processor, and S Pen support, it's ideal for productivity and entertainment.)
2025-12-30 03:38:53 INFO  STEP PASS: Card #4 should have Price (card's price: 599.99)
2025-12-30 03:38:53 INFO  STEP PASS: Card #4 should have Rating (card's rating: 4.7)
2025-12-30 03:38:53 INFO  STEP PASS: Card #4 should have Additional Images Button
2025-12-30 03:38:53 INFO  STEP PASS: Card #4 should have all the components
2025-12-30 03:38:53 INFO  === PASS  tests.productCardsTests.ProductCardElementsTests.cardValidation[Exp#3 [f1=1, f2=1, f3=3, f4=3, f5=3, f6=3, f7=3, f8=3]] ===
2025-12-30 03:38:53 INFO  === END   tests.productCardsTests.ProductCardElementsTests.cardValidation[Exp#3 [f1=1, f2=1, f3=3, f4=3, f5=3, f6=3, f7=3, f8=3]] ===
2025-12-30 03:38:53 INFO  === START tests.productCardsTests.ProductCardElementsTests.cardValidation[Exp#4 [f1=1, f2=2, f3=1, f4=1, f5=2, f6=2, f7=3, f8=3]] ===
2025-12-30 03:38:53 INFO  STEP: 📝 New input: Filling form fields.
2025-12-30 03:38:57 INFO  STEP PASS: Card #1 should have Tumbnail
2025-12-30 03:38:57 INFO  STEP PASS: Card #1 should have Title (card's title: Plant Pot)
2025-12-30 03:38:57 INFO  STEP PASS: Card #1 should have Rating (card's description: The Plant Pot is a stylish container for your favorite plants. With a sleek design, it complements your indoor or outdoor garden, adding a modern touch to your plant display.)
2025-12-30 03:38:57 INFO  STEP PASS: Card #1 should have Price (card's price: 14.99)
2025-12-30 03:38:57 INFO  STEP PASS: Card #1 should have Rating (card's rating: 3.0)
2025-12-30 03:38:57 INFO  STEP PASS: Card #1 should have Additional Images Button
2025-12-30 03:38:57 INFO  STEP PASS: Card #1 should have all the components
2025-12-30 03:38:57 INFO  STEP PASS: Card #2 should have Tumbnail
2025-12-30 03:38:57 INFO  STEP PASS: Card #2 should have Title (card's title: Family Tree Photo Frame)
2025-12-30 03:38:57 INFO  STEP PASS: Card #2 should have Rating (card's description: The Family Tree Photo Frame is a sentimental and stylish way to display your cherished family memories. With multiple photo slots, it tells the story of your loved ones.)
2025-12-30 03:38:57 INFO  STEP PASS: Card #2 should have Price (card's price: 29.99)
2025-12-30 03:38:57 INFO  STEP PASS: Card #2 should have Rating (card's rating: 4.5)
2025-12-30 03:38:57 INFO  STEP PASS: Card #2 should have Additional Images Button
2025-12-30 03:38:57 INFO  STEP PASS: Card #2 should have all the components
2025-12-30 03:38:57 INFO  STEP PASS: Card #3 should have Tumbnail
2025-12-30 03:38:57 INFO  STEP PASS: Card #3 should have Title (card's title: House Showpiece Plant)
2025-12-30 03:38:57 INFO  STEP PASS: Card #3 should have Rating (card's description: The House Showpiece Plant is an artificial plant that brings a touch of nature to your home without the need for maintenance. It adds greenery and style to any space.)
2025-12-30 03:38:57 INFO  STEP PASS: Card #3 should have Price (card's price: 39.99)
2025-12-30 03:38:58 INFO  STEP PASS: Card #3 should have Rating (card's rating: 4.7)
2025-12-30 03:38:58 INFO  STEP PASS: Card #3 should have Additional Images Button
2025-12-30 03:38:58 INFO  STEP PASS: Card #3 should have all the components
2025-12-30 03:38:58 INFO  STEP PASS: Card #4 should have Tumbnail
2025-12-30 03:38:58 INFO  STEP PASS: Card #4 should have Title (card's title: Table Lamp)
2025-12-30 03:38:58 INFO  STEP PASS: Card #4 should have Rating (card's description: The Table Lamp is a functional and decorative lighting solution for your living space. With a modern design, it provides both ambient and task lighting, enhancing the atmosphere.)
2025-12-30 03:38:58 INFO  STEP PASS: Card #4 should have Price (card's price: 49.99)
2025-12-30 03:38:58 INFO  STEP PASS: Card #4 should have Rating (card's rating: 3.5)
2025-12-30 03:38:58 INFO  STEP PASS: Card #4 should have Additional Images Button
2025-12-30 03:38:58 INFO  STEP PASS: Card #4 should have all the components
2025-12-30 03:38:58 INFO  STEP PASS: Card #5 should have Tumbnail
2025-12-30 03:38:58 INFO  STEP PASS: Card #5 should have Title (card's title: Decoration Swing)
2025-12-30 03:38:58 INFO  STEP PASS: Card #5 should have Rating (card's description: The Decoration Swing is a charming addition to your home decor. Crafted with intricate details, it adds a touch of elegance and whimsy to any room.)
2025-12-30 03:38:58 INFO  STEP PASS: Card #5 should have Price (card's price: 59.99)
2025-12-30 03:38:58 INFO  STEP PASS: Card #5 should have Rating (card's rating: 3.2)
2025-12-30 03:38:58 INFO  STEP PASS: Card #5 should have Additional Images Button
2025-12-30 03:38:58 INFO  STEP PASS: Card #5 should have all the components
2025-12-30 03:38:58 INFO  === PASS  tests.productCardsTests.ProductCardElementsTests.cardValidation[Exp#4 [f1=1, f2=2, f3=1, f4=1, f5=2, f6=2, f7=3, f8=3]] ===
2025-12-30 03:38:58 INFO  === END   tests.productCardsTests.ProductCardElementsTests.cardValidation[Exp#4 [f1=1, f2=2, f3=1, f4=1, f5=2, f6=2, f7=3, f8=3]] ===
2025-12-30 03:38:58 INFO  === START tests.productCardsTests.ProductCardElementsTests.cardValidation[Exp#5 [f1=1, f2=2, f3=2, f4=2, f5=3, f6=3, f7=1, f8=1]] ===
2025-12-30 03:38:58 INFO  STEP: 📝 New input: Filling form fields.
2025-12-30 03:39:02 INFO  STEP PASS: Card #1 should have Tumbnail
2025-12-30 03:39:02 INFO  STEP PASS: Card #1 should have Title (card's title: Black Aluminium Cup)
2025-12-30 03:39:02 INFO  STEP PASS: Card #1 should have Rating (card's description: The Black Aluminium Cup is a stylish and durable cup suitable for both hot and cold beverages. Its sleek black design adds a modern touch to your drinkware collection.)
2025-12-30 03:39:02 INFO  STEP PASS: Card #1 should have Price (card's price: 5.99)
2025-12-30 03:39:02 INFO  STEP PASS: Card #1 should have Rating (card's rating: 4.5)
2025-12-30 03:39:02 INFO  STEP PASS: Card #1 should have Additional Images Button
2025-12-30 03:39:02 INFO  STEP PASS: Card #1 should have all the components
2025-12-30 03:39:02 INFO  STEP PASS: Card #2 should have Tumbnail
2025-12-30 03:39:02 INFO  STEP PASS: Card #2 should have Title (card's title: Bamboo Spatula)
2025-12-30 03:39:02 INFO  STEP PASS: Card #2 should have Rating (card's description: The Bamboo Spatula is a versatile kitchen tool made from eco-friendly bamboo. Ideal for flipping, stirring, and serving various dishes.)
2025-12-30 03:39:03 INFO  STEP PASS: Card #2 should have Price (card's price: 7.99)
2025-12-30 03:39:03 INFO  STEP PASS: Card #2 should have Rating (card's rating: 3.3)
2025-12-30 03:39:03 INFO  STEP PASS: Card #2 should have Additional Images Button
2025-12-30 03:39:03 INFO  STEP PASS: Card #2 should have all the components
2025-12-30 03:39:03 INFO  STEP PASS: Card #3 should have Tumbnail
2025-12-30 03:39:03 INFO  STEP PASS: Card #3 should have Title (card's title: Black Whisk)
2025-12-30 03:39:03 INFO  STEP PASS: Card #3 should have Rating (card's description: The Black Whisk is a kitchen essential for whisking and beating ingredients. Its ergonomic handle and sleek design make it a practical and stylish tool.)
2025-12-30 03:39:03 INFO  STEP PASS: Card #3 should have Price (card's price: 9.99)
2025-12-30 03:39:03 INFO  STEP PASS: Card #3 should have Rating (card's rating: 3.9)
2025-12-30 03:39:03 INFO  STEP PASS: Card #3 should have Additional Images Button
2025-12-30 03:39:03 INFO  STEP PASS: Card #3 should have all the components
2025-12-30 03:39:03 INFO  STEP PASS: Card #4 should have Tumbnail
2025-12-30 03:39:03 INFO  STEP PASS: Card #4 should have Title (card's title: Carbon Steel Wok)
2025-12-30 03:39:03 INFO  STEP PASS: Card #4 should have Rating (card's description: The Carbon Steel Wok is a versatile cooking pan suitable for stir-frying, sautéing, and deep frying. Its sturdy construction ensures even heat distribution for delicious meals.)
2025-12-30 03:39:03 INFO  STEP PASS: Card #4 should have Price (card's price: 29.99)
2025-12-30 03:39:04 INFO  STEP PASS: Card #4 should have Rating (card's rating: 4.0)
2025-12-30 03:39:04 INFO  STEP PASS: Card #4 should have Additional Images Button
2025-12-30 03:39:04 INFO  STEP PASS: Card #4 should have all the components
2025-12-30 03:39:04 INFO  STEP PASS: Card #5 should have Tumbnail
2025-12-30 03:39:04 INFO  STEP PASS: Card #5 should have Title (card's title: Boxed Blender)
2025-12-30 03:39:04 INFO  STEP PASS: Card #5 should have Rating (card's description: The Boxed Blender is a powerful and compact blender perfect for smoothies, shakes, and more. Its convenient design and multiple functions make it a versatile kitchen appliance.)
2025-12-30 03:39:04 INFO  STEP PASS: Card #5 should have Price (card's price: 39.99)
2025-12-30 03:39:04 INFO  STEP PASS: Card #5 should have Rating (card's rating: 4.6)
2025-12-30 03:39:04 INFO  STEP PASS: Card #5 should have Additional Images Button
2025-12-30 03:39:04 INFO  STEP PASS: Card #5 should have all the components
2025-12-30 03:39:04 INFO  === PASS  tests.productCardsTests.ProductCardElementsTests.cardValidation[Exp#5 [f1=1, f2=2, f3=2, f4=2, f5=3, f6=3, f7=1, f8=1]] ===
2025-12-30 03:39:04 INFO  === END   tests.productCardsTests.ProductCardElementsTests.cardValidation[Exp#5 [f1=1, f2=2, f3=2, f4=2, f5=3, f6=3, f7=1, f8=1]] ===
2025-12-30 03:39:04 INFO  === START tests.productCardsTests.ProductCardElementsTests.cardValidation[Exp#6 [f1=1, f2=2, f3=3, f4=3, f5=1, f6=1, f7=2, f8=2]] ===
2025-12-30 03:39:04 INFO  STEP: 📝 New input: Filling form fields.
2025-12-30 03:39:07 INFO  STEP PASS: Card #1 should have Tumbnail
2025-12-30 03:39:08 INFO  STEP PASS: Card #1 should have Title (card's title: Baseball Ball)
2025-12-30 03:39:08 INFO  STEP PASS: Card #1 should have Rating (card's description: The Baseball Ball is a standard baseball used in baseball games. It features a durable leather cover and is designed for pitching, hitting, and fielding in the game of baseball.)
2025-12-30 03:39:08 INFO  STEP PASS: Card #1 should have Price (card's price: 8.99)
2025-12-30 03:39:08 INFO  STEP PASS: Card #1 should have Rating (card's rating: 2.6)
2025-12-30 03:39:08 INFO  STEP PASS: Card #1 should have Additional Images Button
2025-12-30 03:39:08 INFO  STEP PASS: Card #1 should have all the components
2025-12-30 03:39:08 INFO  STEP PASS: Card #2 should have Tumbnail
2025-12-30 03:39:08 INFO  STEP PASS: Card #2 should have Title (card's title: Basketball)
2025-12-30 03:39:08 INFO  STEP PASS: Card #2 should have Rating (card's description: The Basketball is a standard ball used in basketball games. It is designed for dribbling, shooting, and passing in the game of basketball, suitable for both indoor and outdoor play.)
2025-12-30 03:39:08 INFO  STEP PASS: Card #2 should have Price (card's price: 14.99)
2025-12-30 03:39:08 INFO  STEP PASS: Card #2 should have Rating (card's rating: 4.7)
2025-12-30 03:39:08 INFO  STEP PASS: Card #2 should have Additional Images Button
2025-12-30 03:39:08 INFO  STEP PASS: Card #2 should have all the components
2025-12-30 03:39:08 INFO  STEP PASS: Card #3 should have Tumbnail
2025-12-30 03:39:08 INFO  STEP PASS: Card #3 should have Title (card's title: American Football)
2025-12-30 03:39:08 INFO  STEP PASS: Card #3 should have Rating (card's description: The American Football is a classic ball used in American football games. It is designed for throwing and catching, making it an essential piece of equipment for the sport.)
2025-12-30 03:39:09 INFO  STEP PASS: Card #3 should have Price (card's price: 19.99)
2025-12-30 03:39:09 INFO  STEP PASS: Card #3 should have Rating (card's rating: 4.9)
2025-12-30 03:39:09 INFO  STEP PASS: Card #3 should have Additional Images Button
2025-12-30 03:39:09 INFO  STEP PASS: Card #3 should have all the components
2025-12-30 03:39:09 INFO  STEP PASS: Card #4 should have Tumbnail
2025-12-30 03:39:09 INFO  STEP PASS: Card #4 should have Title (card's title: Baseball Glove)
2025-12-30 03:39:09 INFO  STEP PASS: Card #4 should have Rating (card's description: The Baseball Glove is a protective glove worn by baseball players. It is designed to catch and field the baseball, providing players with comfort and control during the game.)
2025-12-30 03:39:09 INFO  STEP PASS: Card #4 should have Price (card's price: 24.99)
2025-12-30 03:39:09 INFO  STEP PASS: Card #4 should have Rating (card's rating: 4.0)
2025-12-30 03:39:09 INFO  STEP PASS: Card #4 should have Additional Images Button
2025-12-30 03:39:09 INFO  STEP PASS: Card #4 should have all the components
2025-12-30 03:39:09 INFO  STEP PASS: Card #5 should have Tumbnail
2025-12-30 03:39:09 INFO  STEP PASS: Card #5 should have Title (card's title: Basketball Rim)
2025-12-30 03:39:09 INFO  STEP PASS: Card #5 should have Rating (card's description: The Basketball Rim is a sturdy hoop and net assembly mounted on a basketball backboard. It provides a target for shooting and scoring in the game of basketball.)
2025-12-30 03:39:09 INFO  STEP PASS: Card #5 should have Price (card's price: 39.99)
2025-12-30 03:39:09 INFO  STEP PASS: Card #5 should have Rating (card's rating: 4.6)
2025-12-30 03:39:09 INFO  STEP PASS: Card #5 should have Additional Images Button
2025-12-30 03:39:09 INFO  STEP PASS: Card #5 should have all the components
2025-12-30 03:39:09 INFO  === PASS  tests.productCardsTests.ProductCardElementsTests.cardValidation[Exp#6 [f1=1, f2=2, f3=3, f4=3, f5=1, f6=1, f7=2, f8=2]] ===
2025-12-30 03:39:09 INFO  === END   tests.productCardsTests.ProductCardElementsTests.cardValidation[Exp#6 [f1=1, f2=2, f3=3, f4=3, f5=1, f6=1, f7=2, f8=2]] ===
2025-12-30 03:39:09 INFO  === START tests.productCardsTests.ProductCardElementsTests.cardValidation[Exp#7 [f1=1, f2=3, f3=1, f4=2, f5=1, f6=3, f7=2, f8=3]] ===
2025-12-30 03:39:09 INFO  STEP: 📝 New input: Filling form fields.
2025-12-30 03:39:13 INFO  STEP PASS: Card #1 should have Tumbnail
2025-12-30 03:39:13 INFO  STEP PASS: Card #1 should have Title (card's title: Baseball Ball)
2025-12-30 03:39:13 INFO  STEP PASS: Card #1 should have Rating (card's description: The Baseball Ball is a standard baseball used in baseball games. It features a durable leather cover and is designed for pitching, hitting, and fielding in the game of baseball.)
2025-12-30 03:39:13 INFO  STEP PASS: Card #1 should have Price (card's price: 8.99)
2025-12-30 03:39:13 INFO  STEP PASS: Card #1 should have Rating (card's rating: 2.6)
2025-12-30 03:39:13 INFO  STEP PASS: Card #1 should have Additional Images Button
2025-12-30 03:39:13 INFO  STEP PASS: Card #1 should have all the components
2025-12-30 03:39:13 INFO  STEP PASS: Card #2 should have Tumbnail
2025-12-30 03:39:13 INFO  STEP PASS: Card #2 should have Title (card's title: Basketball)
2025-12-30 03:39:13 INFO  STEP PASS: Card #2 should have Rating (card's description: The Basketball is a standard ball used in basketball games. It is designed for dribbling, shooting, and passing in the game of basketball, suitable for both indoor and outdoor play.)
2025-12-30 03:39:14 INFO  STEP PASS: Card #2 should have Price (card's price: 14.99)
2025-12-30 03:39:14 INFO  STEP PASS: Card #2 should have Rating (card's rating: 4.7)
2025-12-30 03:39:14 INFO  STEP PASS: Card #2 should have Additional Images Button
2025-12-30 03:39:14 INFO  STEP PASS: Card #2 should have all the components
2025-12-30 03:39:14 INFO  STEP PASS: Card #3 should have Tumbnail
2025-12-30 03:39:14 INFO  STEP PASS: Card #3 should have Title (card's title: American Football)
2025-12-30 03:39:14 INFO  STEP PASS: Card #3 should have Rating (card's description: The American Football is a classic ball used in American football games. It is designed for throwing and catching, making it an essential piece of equipment for the sport.)
2025-12-30 03:39:14 INFO  STEP PASS: Card #3 should have Price (card's price: 19.99)
2025-12-30 03:39:14 INFO  STEP PASS: Card #3 should have Rating (card's rating: 4.9)
2025-12-30 03:39:14 INFO  STEP PASS: Card #3 should have Additional Images Button
2025-12-30 03:39:14 INFO  STEP PASS: Card #3 should have all the components
2025-12-30 03:39:14 INFO  STEP PASS: Card #4 should have Tumbnail
2025-12-30 03:39:14 INFO  STEP PASS: Card #4 should have Title (card's title: Baseball Glove)
2025-12-30 03:39:14 INFO  STEP PASS: Card #4 should have Rating (card's description: The Baseball Glove is a protective glove worn by baseball players. It is designed to catch and field the baseball, providing players with comfort and control during the game.)
2025-12-30 03:39:14 INFO  STEP PASS: Card #4 should have Price (card's price: 24.99)
2025-12-30 03:39:14 INFO  STEP PASS: Card #4 should have Rating (card's rating: 4.0)
2025-12-30 03:39:14 INFO  STEP PASS: Card #4 should have Additional Images Button
2025-12-30 03:39:14 INFO  STEP PASS: Card #4 should have all the components
2025-12-30 03:39:14 INFO  STEP PASS: Card #5 should have Tumbnail
2025-12-30 03:39:14 INFO  STEP PASS: Card #5 should have Title (card's title: Basketball Rim)
2025-12-30 03:39:15 INFO  STEP PASS: Card #5 should have Rating (card's description: The Basketball Rim is a sturdy hoop and net assembly mounted on a basketball backboard. It provides a target for shooting and scoring in the game of basketball.)
2025-12-30 03:39:15 INFO  STEP PASS: Card #5 should have Price (card's price: 39.99)
2025-12-30 03:39:15 INFO  STEP PASS: Card #5 should have Rating (card's rating: 4.6)
2025-12-30 03:39:15 INFO  STEP PASS: Card #5 should have Additional Images Button
2025-12-30 03:39:15 INFO  STEP PASS: Card #5 should have all the components
2025-12-30 03:39:15 INFO  === PASS  tests.productCardsTests.ProductCardElementsTests.cardValidation[Exp#7 [f1=1, f2=3, f3=1, f4=2, f5=1, f6=3, f7=2, f8=3]] ===
2025-12-30 03:39:15 INFO  === END   tests.productCardsTests.ProductCardElementsTests.cardValidation[Exp#7 [f1=1, f2=3, f3=1, f4=2, f5=1, f6=3, f7=2, f8=3]] ===
2025-12-30 03:39:15 INFO  === START tests.productCardsTests.ProductCardElementsTests.cardValidation[Exp#8 [f1=1, f2=3, f3=2, f4=3, f5=2, f6=1, f7=3, f8=1]] ===
2025-12-30 03:39:15 INFO  STEP: 📝 New input: Filling form fields.
2025-12-30 03:39:18 INFO  STEP PASS: Card #1 should have Tumbnail
2025-12-30 03:39:18 INFO  STEP PASS: Card #1 should have Title (card's title: iPhone 5s)
2025-12-30 03:39:18 INFO  STEP PASS: Card #1 should have Rating (card's description: The iPhone 5s is a classic smartphone known for its compact design and advanced features during its release. While it's an older model, it still provides a reliable user experience.)
2025-12-30 03:39:18 INFO  STEP PASS: Card #1 should have Price (card's price: 199.99)
2025-12-30 03:39:18 INFO  STEP PASS: Card #1 should have Rating (card's rating: 2.8)
2025-12-30 03:39:18 INFO  STEP PASS: Card #1 should have Additional Images Button
2025-12-30 03:39:18 INFO  STEP PASS: Card #1 should have all the components
2025-12-30 03:39:18 INFO  STEP PASS: Card #2 should have Tumbnail
2025-12-30 03:39:18 INFO  STEP PASS: Card #2 should have Title (card's title: Oppo A57)
2025-12-30 03:39:18 INFO  STEP PASS: Card #2 should have Rating (card's description: The Oppo A57 is a mid-range smartphone known for its sleek design and capable features. It offers a balance of performance and affordability, making it a popular choice.)
2025-12-30 03:39:18 INFO  STEP PASS: Card #2 should have Price (card's price: 249.99)
2025-12-30 03:39:18 INFO  STEP PASS: Card #2 should have Rating (card's rating: 3.9)
2025-12-30 03:39:18 INFO  STEP PASS: Card #2 should have Additional Images Button
2025-12-30 03:39:18 INFO  STEP PASS: Card #2 should have all the components
2025-12-30 03:39:18 INFO  STEP PASS: Card #3 should have Tumbnail
2025-12-30 03:39:19 INFO  STEP PASS: Card #3 should have Title (card's title: iPhone 6)
2025-12-30 03:39:19 INFO  STEP PASS: Card #3 should have Rating (card's description: The iPhone 6 is a stylish and capable smartphone with a larger display and improved performance. It introduced new features and design elements, making it a popular choice in its time.)
2025-12-30 03:39:19 INFO  STEP PASS: Card #3 should have Price (card's price: 299.99)
2025-12-30 03:39:19 INFO  STEP PASS: Card #3 should have Rating (card's rating: 3.4)
2025-12-30 03:39:19 INFO  STEP PASS: Card #3 should have Additional Images Button
2025-12-30 03:39:19 INFO  STEP PASS: Card #3 should have all the components
2025-12-30 03:39:19 INFO  STEP PASS: Card #4 should have Tumbnail
2025-12-30 03:39:19 INFO  STEP PASS: Card #4 should have Title (card's title: iPhone X)
2025-12-30 03:39:19 INFO  STEP PASS: Card #4 should have Rating (card's description: The iPhone X is a flagship smartphone featuring a bezel-less OLED display, facial recognition technology (Face ID), and impressive performance. It represents a milestone in iPhone design and innovation.)
2025-12-30 03:39:19 INFO  STEP PASS: Card #4 should have Price (card's price: 899.99)
2025-12-30 03:39:19 INFO  STEP PASS: Card #4 should have Rating (card's rating: 2.5)
2025-12-30 03:39:19 INFO  STEP PASS: Card #4 should have Additional Images Button
2025-12-30 03:39:19 INFO  STEP PASS: Card #4 should have all the components
2025-12-30 03:39:19 INFO  STEP PASS: Card #5 should have Tumbnail
2025-12-30 03:39:19 INFO  STEP PASS: Card #5 should have Title (card's title: iPhone 13 Pro)
2025-12-30 03:39:19 INFO  STEP PASS: Card #5 should have Rating (card's description: The iPhone 13 Pro is a cutting-edge smartphone with a powerful camera system, high-performance chip, and stunning display. It offers advanced features for users who demand top-notch technology.)
2025-12-30 03:39:19 INFO  STEP PASS: Card #5 should have Price (card's price: 1099.99)
2025-12-30 03:39:19 INFO  STEP PASS: Card #5 should have Rating (card's rating: 4.1)
2025-12-30 03:39:19 INFO  STEP PASS: Card #5 should have Additional Images Button
2025-12-30 03:39:19 INFO  STEP PASS: Card #5 should have all the components
2025-12-30 03:39:19 INFO  === PASS  tests.productCardsTests.ProductCardElementsTests.cardValidation[Exp#8 [f1=1, f2=3, f3=2, f4=3, f5=2, f6=1, f7=3, f8=1]] ===
2025-12-30 03:39:19 INFO  === END   tests.productCardsTests.ProductCardElementsTests.cardValidation[Exp#8 [f1=1, f2=3, f3=2, f4=3, f5=2, f6=1, f7=3, f8=1]] ===
2025-12-30 03:39:20 INFO  === START tests.productCardsTests.ProductCardElementsTests.cardValidation[Exp#1 [f1=1, f2=1, f3=1, f4=1, f5=1, f6=1, f7=1, f8=1]] ===
2025-12-30 03:39:22 INFO  STEP: 📝 New input: Filling form fields.
2025-12-30 03:39:30 INFO  STEP PASS: Card #1 should have Tumbnail
2025-12-30 03:39:30 ERROR STEP FAIL: Card #1 should have Title (card's title: Green and Black Glasses)
2025-12-30 03:39:30 ERROR === FAIL  tests.productCardsTests.ProductCardElementsTests.cardValidation[Exp#1 [f1=1, f2=1, f3=1, f4=1, f5=1, f6=1, f7=1, f8=1]] ===
java.lang.AssertionError: Card #1 should have Title (card's title: Green and Black Glasses)
	at org.junit.Assert.fail(Assert.java:89) ~[junit-4.13.jar:4.13]
	at org.junit.Assert.assertTrue(Assert.java:42) ~[junit-4.13.jar:4.13]
	at tests.BaseTest.checkTrue(BaseTest.java:92) ~[test-classes/:?]
	at tests.productCardsTests.ProductCardElementsTests.isThereTitleInProductCard(ProductCardElementsTests.java:75) ~[test-classes/:?]
	at tests.productCardsTests.ProductCardElementsTests.cardValidation(ProductCardElementsTests.java:56) ~[test-classes/:?]
	at jdk.internal.reflect.DirectMethodHandleAccessor.invoke(DirectMethodHandleAccessor.java:103) ~[?:?]
	at java.lang.reflect.Method.invoke(Method.java:580) ~[?:?]
	at org.junit.runners.model.FrameworkMethod$1.runReflectiveCall(FrameworkMethod.java:59) ~[junit-4.13.jar:4.13]
	at org.junit.internal.runners.model.ReflectiveCallable.run(ReflectiveCallable.java:12) ~[junit-4.13.jar:4.13]
	at org.junit.runners.model.FrameworkMethod.invokeExplosively(FrameworkMethod.java:56) ~[junit-4.13.jar:4.13]
	at org.junit.internal.runners.statements.InvokeMethod.evaluate(InvokeMethod.java:17) ~[junit-4.13.jar:4.13]
	at org.junit.internal.runners.statements.RunBefores.evaluate(RunBefores.java:26) ~[junit-4.13.jar:4.13]
	at org.junit.internal.runners.statements.RunAfters.evaluate(RunAfters.java:27) ~[junit-4.13.jar:4.13]
	at org.junit.rules.TestWatcher$1.evaluate(TestWatcher.java:61) [junit-4.13.jar:4.13]
	at org.junit.runners.ParentRunner$3.evaluate(ParentRunner.java:306) [junit-4.13.jar:4.13]
	at org.junit.runners.BlockJUnit4ClassRunner$1.evaluate(BlockJUnit4ClassRunner.java:100) [junit-4.13.jar:4.13]
	at org.junit.runners.ParentRunner.runLeaf(ParentRunner.java:366) [junit-4.13.jar:4.13]
	at org.junit.runners.BlockJUnit4ClassRunner.runChild(BlockJUnit4ClassRunner.java:103) [junit-4.13.jar:4.13]
	at org.junit.runners.BlockJUnit4ClassRunner.runChild(BlockJUnit4ClassRunner.java:63) [junit-4.13.jar:4.13]
	at org.junit.runners.ParentRunner$4.run(ParentRunner.java:331) [junit-4.13.jar:4.13]
	at org.junit.runners.ParentRunner$1.schedule(ParentRunner.java:79) [junit-4.13.jar:4.13]
	at org.junit.runners.ParentRunner.runChildren(ParentRunner.java:329) [junit-4.13.jar:4.13]
	at org.junit.runners.ParentRunner.access$100(ParentRunner.java:66) [junit-4.13.jar:4.13]
	at org.junit.runners.ParentRunner$2.evaluate(ParentRunner.java:293) [junit-4.13.jar:4.13]
	at org.junit.runners.ParentRunner.run(ParentRunner.java:413) [junit-4.13.jar:4.13]
	at org.junit.runners.Suite.runChild(Suite.java:128) [junit-4.13.jar:4.13]
	at org.junit.runners.Suite.runChild(Suite.java:27) [junit-4.13.jar:4.13]
	at org.junit.runners.ParentRunner$4.run(ParentRunner.java:331) [junit-4.13.jar:4.13]
	at org.junit.runners.ParentRunner$1.schedule(ParentRunner.java:79) [junit-4.13.jar:4.13]
	at org.junit.runners.ParentRunner.runChildren(ParentRunner.java:329) [junit-4.13.jar:4.13]
	at org.junit.runners.ParentRunner.access$100(ParentRunner.java:66) [junit-4.13.jar:4.13]
	at org.junit.runners.ParentRunner$2.evaluate(ParentRunner.java:293) [junit-4.13.jar:4.13]
	at org.junit.internal.runners.statements.RunAfters.evaluate(RunAfters.java:27) [junit-4.13.jar:4.13]
	at org.junit.runners.ParentRunner$3.evaluate(ParentRunner.java:306) [junit-4.13.jar:4.13]
	at org.junit.runners.ParentRunner.run(ParentRunner.java:413) [junit-4.13.jar:4.13]
	at org.eclipse.jdt.internal.junit4.runner.JUnit4TestReference.run(JUnit4TestReference.java:93) [.cp/:?]
	at org.eclipse.jdt.internal.junit.runner.TestExecution.run(TestExecution.java:40) [.cp/:?]
	at org.eclipse.jdt.internal.junit.runner.RemoteTestRunner.runTests(RemoteTestRunner.java:530) [.cp/:?]
	at org.eclipse.jdt.internal.junit.runner.RemoteTestRunner.runTests(RemoteTestRunner.java:758) [.cp/:?]
	at org.eclipse.jdt.internal.junit.runner.RemoteTestRunner.run(RemoteTestRunner.java:453) [.cp/:?]
	at org.eclipse.jdt.internal.junit.runner.RemoteTestRunner.main(RemoteTestRunner.java:211) [.cp/:?]
2025-12-30 03:39:30 INFO  === END   tests.productCardsTests.ProductCardElementsTests.cardValidation[Exp#1 [f1=1, f2=1, f3=1, f4=1, f5=1, f6=1, f7=1, f8=1]] ===
2025-12-30 03:39:30 INFO  === START tests.productCardsTests.ProductCardElementsTests.cardValidation[Exp#2 [f1=1, f2=1, f3=2, f4=2, f5=2, f6=2, f7=2, f8=2]] ===
2025-12-30 03:39:30 INFO  STEP: 📝 New input: Filling form fields.
2025-12-30 03:39:34 INFO  STEP PASS: Card #1 should have Tumbnail
2025-12-30 03:39:34 ERROR STEP FAIL: Card #1 should have Title (card's title: Black Aluminium Cup)
2025-12-30 03:39:34 ERROR === FAIL  tests.productCardsTests.ProductCardElementsTests.cardValidation[Exp#2 [f1=1, f2=1, f3=2, f4=2, f5=2, f6=2, f7=2, f8=2]] ===
java.lang.AssertionError: Card #1 should have Title (card's title: Black Aluminium Cup)
	at org.junit.Assert.fail(Assert.java:89) ~[junit-4.13.jar:4.13]
	at org.junit.Assert.assertTrue(Assert.java:42) ~[junit-4.13.jar:4.13]
	at tests.BaseTest.checkTrue(BaseTest.java:92) ~[test-classes/:?]
	at tests.productCardsTests.ProductCardElementsTests.isThereTitleInProductCard(ProductCardElementsTests.java:75) ~[test-classes/:?]
	at tests.productCardsTests.ProductCardElementsTests.cardValidation(ProductCardElementsTests.java:56) ~[test-classes/:?]
	at jdk.internal.reflect.DirectMethodHandleAccessor.invoke(DirectMethodHandleAccessor.java:103) ~[?:?]
	at java.lang.reflect.Method.invoke(Method.java:580) ~[?:?]
	at org.junit.runners.model.FrameworkMethod$1.runReflectiveCall(FrameworkMethod.java:59) ~[junit-4.13.jar:4.13]
	at org.junit.internal.runners.model.ReflectiveCallable.run(ReflectiveCallable.java:12) ~[junit-4.13.jar:4.13]
	at org.junit.runners.model.FrameworkMethod.invokeExplosively(FrameworkMethod.java:56) ~[junit-4.13.jar:4.13]
	at org.junit.internal.runners.statements.InvokeMethod.evaluate(InvokeMethod.java:17) ~[junit-4.13.jar:4.13]
	at org.junit.internal.runners.statements.RunBefores.evaluate(RunBefores.java:26) ~[junit-4.13.jar:4.13]
	at org.junit.internal.runners.statements.RunAfters.evaluate(RunAfters.java:27) ~[junit-4.13.jar:4.13]
	at org.junit.rules.TestWatcher$1.evaluate(TestWatcher.java:61) [junit-4.13.jar:4.13]
	at org.junit.runners.ParentRunner$3.evaluate(ParentRunner.java:306) [junit-4.13.jar:4.13]
	at org.junit.runners.BlockJUnit4ClassRunner$1.evaluate(BlockJUnit4ClassRunner.java:100) [junit-4.13.jar:4.13]
	at org.junit.runners.ParentRunner.runLeaf(ParentRunner.java:366) [junit-4.13.jar:4.13]
	at org.junit.runners.BlockJUnit4ClassRunner.runChild(BlockJUnit4ClassRunner.java:103) [junit-4.13.jar:4.13]
	at org.junit.runners.BlockJUnit4ClassRunner.runChild(BlockJUnit4ClassRunner.java:63) [junit-4.13.jar:4.13]
	at org.junit.runners.ParentRunner$4.run(ParentRunner.java:331) [junit-4.13.jar:4.13]
	at org.junit.runners.ParentRunner$1.schedule(ParentRunner.java:79) [junit-4.13.jar:4.13]
	at org.junit.runners.ParentRunner.runChildren(ParentRunner.java:329) [junit-4.13.jar:4.13]
	at org.junit.runners.ParentRunner.access$100(ParentRunner.java:66) [junit-4.13.jar:4.13]
	at org.junit.runners.ParentRunner$2.evaluate(ParentRunner.java:293) [junit-4.13.jar:4.13]
	at org.junit.runners.ParentRunner.run(ParentRunner.java:413) [junit-4.13.jar:4.13]
	at org.junit.runners.Suite.runChild(Suite.java:128) [junit-4.13.jar:4.13]
	at org.junit.runners.Suite.runChild(Suite.java:27) [junit-4.13.jar:4.13]
	at org.junit.runners.ParentRunner$4.run(ParentRunner.java:331) [junit-4.13.jar:4.13]
	at org.junit.runners.ParentRunner$1.schedule(ParentRunner.java:79) [junit-4.13.jar:4.13]
	at org.junit.runners.ParentRunner.runChildren(ParentRunner.java:329) [junit-4.13.jar:4.13]
	at org.junit.runners.ParentRunner.access$100(ParentRunner.java:66) [junit-4.13.jar:4.13]
	at org.junit.runners.ParentRunner$2.evaluate(ParentRunner.java:293) [junit-4.13.jar:4.13]
	at org.junit.internal.runners.statements.RunAfters.evaluate(RunAfters.java:27) [junit-4.13.jar:4.13]
	at org.junit.runners.ParentRunner$3.evaluate(ParentRunner.java:306) [junit-4.13.jar:4.13]
	at org.junit.runners.ParentRunner.run(ParentRunner.java:413) [junit-4.13.jar:4.13]
	at org.eclipse.jdt.internal.junit4.runner.JUnit4TestReference.run(JUnit4TestReference.java:93) [.cp/:?]
	at org.eclipse.jdt.internal.junit.runner.TestExecution.run(TestExecution.java:40) [.cp/:?]
	at org.eclipse.jdt.internal.junit.runner.RemoteTestRunner.runTests(RemoteTestRunner.java:530) [.cp/:?]
	at org.eclipse.jdt.internal.junit.runner.RemoteTestRunner.runTests(RemoteTestRunner.java:758) [.cp/:?]
	at org.eclipse.jdt.internal.junit.runner.RemoteTestRunner.run(RemoteTestRunner.java:453) [.cp/:?]
	at org.eclipse.jdt.internal.junit.runner.RemoteTestRunner.main(RemoteTestRunner.java:211) [.cp/:?]
2025-12-30 03:39:34 INFO  === END   tests.productCardsTests.ProductCardElementsTests.cardValidation[Exp#2 [f1=1, f2=1, f3=2, f4=2, f5=2, f6=2, f7=2, f8=2]] ===
2025-12-30 03:39:34 INFO  === START tests.productCardsTests.ProductCardElementsTests.cardValidation[Exp#3 [f1=1, f2=1, f3=3, f4=3, f5=3, f6=3, f7=3, f8=3]] ===
2025-12-30 03:39:34 INFO  STEP: 📝 New input: Filling form fields.
2025-12-30 03:39:38 INFO  STEP PASS: Card #1 should have Tumbnail
2025-12-30 03:39:38 ERROR STEP FAIL: Card #1 should have Title (card's title: Samsung Galaxy Tab White)
2025-12-30 03:39:38 ERROR === FAIL  tests.productCardsTests.ProductCardElementsTests.cardValidation[Exp#3 [f1=1, f2=1, f3=3, f4=3, f5=3, f6=3, f7=3, f8=3]] ===
java.lang.AssertionError: Card #1 should have Title (card's title: Samsung Galaxy Tab White)
	at org.junit.Assert.fail(Assert.java:89) ~[junit-4.13.jar:4.13]
	at org.junit.Assert.assertTrue(Assert.java:42) ~[junit-4.13.jar:4.13]
	at tests.BaseTest.checkTrue(BaseTest.java:92) ~[test-classes/:?]
	at tests.productCardsTests.ProductCardElementsTests.isThereTitleInProductCard(ProductCardElementsTests.java:75) ~[test-classes/:?]
	at tests.productCardsTests.ProductCardElementsTests.cardValidation(ProductCardElementsTests.java:56) ~[test-classes/:?]
	at jdk.internal.reflect.DirectMethodHandleAccessor.invoke(DirectMethodHandleAccessor.java:103) ~[?:?]
	at java.lang.reflect.Method.invoke(Method.java:580) ~[?:?]
	at org.junit.runners.model.FrameworkMethod$1.runReflectiveCall(FrameworkMethod.java:59) ~[junit-4.13.jar:4.13]
	at org.junit.internal.runners.model.ReflectiveCallable.run(ReflectiveCallable.java:12) ~[junit-4.13.jar:4.13]
	at org.junit.runners.model.FrameworkMethod.invokeExplosively(FrameworkMethod.java:56) ~[junit-4.13.jar:4.13]
	at org.junit.internal.runners.statements.InvokeMethod.evaluate(InvokeMethod.java:17) ~[junit-4.13.jar:4.13]
	at org.junit.internal.runners.statements.RunBefores.evaluate(RunBefores.java:26) ~[junit-4.13.jar:4.13]
	at org.junit.internal.runners.statements.RunAfters.evaluate(RunAfters.java:27) ~[junit-4.13.jar:4.13]
	at org.junit.rules.TestWatcher$1.evaluate(TestWatcher.java:61) [junit-4.13.jar:4.13]
	at org.junit.runners.ParentRunner$3.evaluate(ParentRunner.java:306) [junit-4.13.jar:4.13]
	at org.junit.runners.BlockJUnit4ClassRunner$1.evaluate(BlockJUnit4ClassRunner.java:100) [junit-4.13.jar:4.13]
	at org.junit.runners.ParentRunner.runLeaf(ParentRunner.java:366) [junit-4.13.jar:4.13]
	at org.junit.runners.BlockJUnit4ClassRunner.runChild(BlockJUnit4ClassRunner.java:103) [junit-4.13.jar:4.13]
	at org.junit.runners.BlockJUnit4ClassRunner.runChild(BlockJUnit4ClassRunner.java:63) [junit-4.13.jar:4.13]
	at org.junit.runners.ParentRunner$4.run(ParentRunner.java:331) [junit-4.13.jar:4.13]
	at org.junit.runners.ParentRunner$1.schedule(ParentRunner.java:79) [junit-4.13.jar:4.13]
	at org.junit.runners.ParentRunner.runChildren(ParentRunner.java:329) [junit-4.13.jar:4.13]
	at org.junit.runners.ParentRunner.access$100(ParentRunner.java:66) [junit-4.13.jar:4.13]
	at org.junit.runners.ParentRunner$2.evaluate(ParentRunner.java:293) [junit-4.13.jar:4.13]
	at org.junit.runners.ParentRunner.run(ParentRunner.java:413) [junit-4.13.jar:4.13]
	at org.junit.runners.Suite.runChild(Suite.java:128) [junit-4.13.jar:4.13]
	at org.junit.runners.Suite.runChild(Suite.java:27) [junit-4.13.jar:4.13]
	at org.junit.runners.ParentRunner$4.run(ParentRunner.java:331) [junit-4.13.jar:4.13]
	at org.junit.runners.ParentRunner$1.schedule(ParentRunner.java:79) [junit-4.13.jar:4.13]
	at org.junit.runners.ParentRunner.runChildren(ParentRunner.java:329) [junit-4.13.jar:4.13]
	at org.junit.runners.ParentRunner.access$100(ParentRunner.java:66) [junit-4.13.jar:4.13]
	at org.junit.runners.ParentRunner$2.evaluate(ParentRunner.java:293) [junit-4.13.jar:4.13]
	at org.junit.internal.runners.statements.RunAfters.evaluate(RunAfters.java:27) [junit-4.13.jar:4.13]
	at org.junit.runners.ParentRunner$3.evaluate(ParentRunner.java:306) [junit-4.13.jar:4.13]
	at org.junit.runners.ParentRunner.run(ParentRunner.java:413) [junit-4.13.jar:4.13]
	at org.eclipse.jdt.internal.junit4.runner.JUnit4TestReference.run(JUnit4TestReference.java:93) [.cp/:?]
	at org.eclipse.jdt.internal.junit.runner.TestExecution.run(TestExecution.java:40) [.cp/:?]
	at org.eclipse.jdt.internal.junit.runner.RemoteTestRunner.runTests(RemoteTestRunner.java:530) [.cp/:?]
	at org.eclipse.jdt.internal.junit.runner.RemoteTestRunner.runTests(RemoteTestRunner.java:758) [.cp/:?]
	at org.eclipse.jdt.internal.junit.runner.RemoteTestRunner.run(RemoteTestRunner.java:453) [.cp/:?]
	at org.eclipse.jdt.internal.junit.runner.RemoteTestRunner.main(RemoteTestRunner.java:211) [.cp/:?]
2025-12-30 03:39:38 INFO  === END   tests.productCardsTests.ProductCardElementsTests.cardValidation[Exp#3 [f1=1, f2=1, f3=3, f4=3, f5=3, f6=3, f7=3, f8=3]] ===
2025-12-30 03:39:38 INFO  === START tests.productCardsTests.ProductCardElementsTests.cardValidation[Exp#4 [f1=1, f2=2, f3=1, f4=1, f5=2, f6=2, f7=3, f8=3]] ===
2025-12-30 03:39:38 INFO  STEP: 📝 New input: Filling form fields.
2025-12-30 03:39:42 INFO  STEP PASS: Card #1 should have Tumbnail
2025-12-30 03:39:42 ERROR STEP FAIL: Card #1 should have Title (card's title: Plant Pot)
2025-12-30 03:39:42 ERROR === FAIL  tests.productCardsTests.ProductCardElementsTests.cardValidation[Exp#4 [f1=1, f2=2, f3=1, f4=1, f5=2, f6=2, f7=3, f8=3]] ===
java.lang.AssertionError: Card #1 should have Title (card's title: Plant Pot)
	at org.junit.Assert.fail(Assert.java:89) ~[junit-4.13.jar:4.13]
	at org.junit.Assert.assertTrue(Assert.java:42) ~[junit-4.13.jar:4.13]
	at tests.BaseTest.checkTrue(BaseTest.java:92) ~[test-classes/:?]
	at tests.productCardsTests.ProductCardElementsTests.isThereTitleInProductCard(ProductCardElementsTests.java:75) ~[test-classes/:?]
	at tests.productCardsTests.ProductCardElementsTests.cardValidation(ProductCardElementsTests.java:56) ~[test-classes/:?]
	at jdk.internal.reflect.DirectMethodHandleAccessor.invoke(DirectMethodHandleAccessor.java:103) ~[?:?]
	at java.lang.reflect.Method.invoke(Method.java:580) ~[?:?]
	at org.junit.runners.model.FrameworkMethod$1.runReflectiveCall(FrameworkMethod.java:59) ~[junit-4.13.jar:4.13]
	at org.junit.internal.runners.model.ReflectiveCallable.run(ReflectiveCallable.java:12) ~[junit-4.13.jar:4.13]
	at org.junit.runners.model.FrameworkMethod.invokeExplosively(FrameworkMethod.java:56) ~[junit-4.13.jar:4.13]
	at org.junit.internal.runners.statements.InvokeMethod.evaluate(InvokeMethod.java:17) ~[junit-4.13.jar:4.13]
	at org.junit.internal.runners.statements.RunBefores.evaluate(RunBefores.java:26) ~[junit-4.13.jar:4.13]
	at org.junit.internal.runners.statements.RunAfters.evaluate(RunAfters.java:27) ~[junit-4.13.jar:4.13]
	at org.junit.rules.TestWatcher$1.evaluate(TestWatcher.java:61) [junit-4.13.jar:4.13]
	at org.junit.runners.ParentRunner$3.evaluate(ParentRunner.java:306) [junit-4.13.jar:4.13]
	at org.junit.runners.BlockJUnit4ClassRunner$1.evaluate(BlockJUnit4ClassRunner.java:100) [junit-4.13.jar:4.13]
	at org.junit.runners.ParentRunner.runLeaf(ParentRunner.java:366) [junit-4.13.jar:4.13]
	at org.junit.runners.BlockJUnit4ClassRunner.runChild(BlockJUnit4ClassRunner.java:103) [junit-4.13.jar:4.13]
	at org.junit.runners.BlockJUnit4ClassRunner.runChild(BlockJUnit4ClassRunner.java:63) [junit-4.13.jar:4.13]
	at org.junit.runners.ParentRunner$4.run(ParentRunner.java:331) [junit-4.13.jar:4.13]
	at org.junit.runners.ParentRunner$1.schedule(ParentRunner.java:79) [junit-4.13.jar:4.13]
	at org.junit.runners.ParentRunner.runChildren(ParentRunner.java:329) [junit-4.13.jar:4.13]
	at org.junit.runners.ParentRunner.access$100(ParentRunner.java:66) [junit-4.13.jar:4.13]
	at org.junit.runners.ParentRunner$2.evaluate(ParentRunner.java:293) [junit-4.13.jar:4.13]
	at org.junit.runners.ParentRunner.run(ParentRunner.java:413) [junit-4.13.jar:4.13]
	at org.junit.runners.Suite.runChild(Suite.java:128) [junit-4.13.jar:4.13]
	at org.junit.runners.Suite.runChild(Suite.java:27) [junit-4.13.jar:4.13]
	at org.junit.runners.ParentRunner$4.run(ParentRunner.java:331) [junit-4.13.jar:4.13]
	at org.junit.runners.ParentRunner$1.schedule(ParentRunner.java:79) [junit-4.13.jar:4.13]
	at org.junit.runners.ParentRunner.runChildren(ParentRunner.java:329) [junit-4.13.jar:4.13]
	at org.junit.runners.ParentRunner.access$100(ParentRunner.java:66) [junit-4.13.jar:4.13]
	at org.junit.runners.ParentRunner$2.evaluate(ParentRunner.java:293) [junit-4.13.jar:4.13]
	at org.junit.internal.runners.statements.RunAfters.evaluate(RunAfters.java:27) [junit-4.13.jar:4.13]
	at org.junit.runners.ParentRunner$3.evaluate(ParentRunner.java:306) [junit-4.13.jar:4.13]
	at org.junit.runners.ParentRunner.run(ParentRunner.java:413) [junit-4.13.jar:4.13]
	at org.eclipse.jdt.internal.junit4.runner.JUnit4TestReference.run(JUnit4TestReference.java:93) [.cp/:?]
	at org.eclipse.jdt.internal.junit.runner.TestExecution.run(TestExecution.java:40) [.cp/:?]
	at org.eclipse.jdt.internal.junit.runner.RemoteTestRunner.runTests(RemoteTestRunner.java:530) [.cp/:?]
	at org.eclipse.jdt.internal.junit.runner.RemoteTestRunner.runTests(RemoteTestRunner.java:758) [.cp/:?]
	at org.eclipse.jdt.internal.junit.runner.RemoteTestRunner.run(RemoteTestRunner.java:453) [.cp/:?]
	at org.eclipse.jdt.internal.junit.runner.RemoteTestRunner.main(RemoteTestRunner.java:211) [.cp/:?]
2025-12-30 03:39:42 INFO  === END   tests.productCardsTests.ProductCardElementsTests.cardValidation[Exp#4 [f1=1, f2=2, f3=1, f4=1, f5=2, f6=2, f7=3, f8=3]] ===
2025-12-30 03:39:42 INFO  === START tests.productCardsTests.ProductCardElementsTests.cardValidation[Exp#5 [f1=1, f2=2, f3=2, f4=2, f5=3, f6=3, f7=1, f8=1]] ===
2025-12-30 03:39:42 INFO  STEP: 📝 New input: Filling form fields.
2025-12-30 03:39:46 INFO  STEP PASS: Card #1 should have Tumbnail
2025-12-30 03:39:46 ERROR STEP FAIL: Card #1 should have Title (card's title: Black Aluminium Cup)
2025-12-30 03:39:46 ERROR === FAIL  tests.productCardsTests.ProductCardElementsTests.cardValidation[Exp#5 [f1=1, f2=2, f3=2, f4=2, f5=3, f6=3, f7=1, f8=1]] ===
java.lang.AssertionError: Card #1 should have Title (card's title: Black Aluminium Cup)
	at org.junit.Assert.fail(Assert.java:89) ~[junit-4.13.jar:4.13]
	at org.junit.Assert.assertTrue(Assert.java:42) ~[junit-4.13.jar:4.13]
	at tests.BaseTest.checkTrue(BaseTest.java:92) ~[test-classes/:?]
	at tests.productCardsTests.ProductCardElementsTests.isThereTitleInProductCard(ProductCardElementsTests.java:75) ~[test-classes/:?]
	at tests.productCardsTests.ProductCardElementsTests.cardValidation(ProductCardElementsTests.java:56) ~[test-classes/:?]
	at jdk.internal.reflect.DirectMethodHandleAccessor.invoke(DirectMethodHandleAccessor.java:103) ~[?:?]
	at java.lang.reflect.Method.invoke(Method.java:580) ~[?:?]
	at org.junit.runners.model.FrameworkMethod$1.runReflectiveCall(FrameworkMethod.java:59) ~[junit-4.13.jar:4.13]
	at org.junit.internal.runners.model.ReflectiveCallable.run(ReflectiveCallable.java:12) ~[junit-4.13.jar:4.13]
	at org.junit.runners.model.FrameworkMethod.invokeExplosively(FrameworkMethod.java:56) ~[junit-4.13.jar:4.13]
	at org.junit.internal.runners.statements.InvokeMethod.evaluate(InvokeMethod.java:17) ~[junit-4.13.jar:4.13]
	at org.junit.internal.runners.statements.RunBefores.evaluate(RunBefores.java:26) ~[junit-4.13.jar:4.13]
	at org.junit.internal.runners.statements.RunAfters.evaluate(RunAfters.java:27) ~[junit-4.13.jar:4.13]
	at org.junit.rules.TestWatcher$1.evaluate(TestWatcher.java:61) [junit-4.13.jar:4.13]
	at org.junit.runners.ParentRunner$3.evaluate(ParentRunner.java:306) [junit-4.13.jar:4.13]
	at org.junit.runners.BlockJUnit4ClassRunner$1.evaluate(BlockJUnit4ClassRunner.java:100) [junit-4.13.jar:4.13]
	at org.junit.runners.ParentRunner.runLeaf(ParentRunner.java:366) [junit-4.13.jar:4.13]
	at org.junit.runners.BlockJUnit4ClassRunner.runChild(BlockJUnit4ClassRunner.java:103) [junit-4.13.jar:4.13]
	at org.junit.runners.BlockJUnit4ClassRunner.runChild(BlockJUnit4ClassRunner.java:63) [junit-4.13.jar:4.13]
	at org.junit.runners.ParentRunner$4.run(ParentRunner.java:331) [junit-4.13.jar:4.13]
	at org.junit.runners.ParentRunner$1.schedule(ParentRunner.java:79) [junit-4.13.jar:4.13]
	at org.junit.runners.ParentRunner.runChildren(ParentRunner.java:329) [junit-4.13.jar:4.13]
	at org.junit.runners.ParentRunner.access$100(ParentRunner.java:66) [junit-4.13.jar:4.13]
	at org.junit.runners.ParentRunner$2.evaluate(ParentRunner.java:293) [junit-4.13.jar:4.13]
	at org.junit.runners.ParentRunner.run(ParentRunner.java:413) [junit-4.13.jar:4.13]
	at org.junit.runners.Suite.runChild(Suite.java:128) [junit-4.13.jar:4.13]
	at org.junit.runners.Suite.runChild(Suite.java:27) [junit-4.13.jar:4.13]
	at org.junit.runners.ParentRunner$4.run(ParentRunner.java:331) [junit-4.13.jar:4.13]
	at org.junit.runners.ParentRunner$1.schedule(ParentRunner.java:79) [junit-4.13.jar:4.13]
	at org.junit.runners.ParentRunner.runChildren(ParentRunner.java:329) [junit-4.13.jar:4.13]
	at org.junit.runners.ParentRunner.access$100(ParentRunner.java:66) [junit-4.13.jar:4.13]
	at org.junit.runners.ParentRunner$2.evaluate(ParentRunner.java:293) [junit-4.13.jar:4.13]
	at org.junit.internal.runners.statements.RunAfters.evaluate(RunAfters.java:27) [junit-4.13.jar:4.13]
	at org.junit.runners.ParentRunner$3.evaluate(ParentRunner.java:306) [junit-4.13.jar:4.13]
	at org.junit.runners.ParentRunner.run(ParentRunner.java:413) [junit-4.13.jar:4.13]
	at org.eclipse.jdt.internal.junit4.runner.JUnit4TestReference.run(JUnit4TestReference.java:93) [.cp/:?]
	at org.eclipse.jdt.internal.junit.runner.TestExecution.run(TestExecution.java:40) [.cp/:?]
	at org.eclipse.jdt.internal.junit.runner.RemoteTestRunner.runTests(RemoteTestRunner.java:530) [.cp/:?]
	at org.eclipse.jdt.internal.junit.runner.RemoteTestRunner.runTests(RemoteTestRunner.java:758) [.cp/:?]
	at org.eclipse.jdt.internal.junit.runner.RemoteTestRunner.run(RemoteTestRunner.java:453) [.cp/:?]
	at org.eclipse.jdt.internal.junit.runner.RemoteTestRunner.main(RemoteTestRunner.java:211) [.cp/:?]
2025-12-30 03:39:46 INFO  === END   tests.productCardsTests.ProductCardElementsTests.cardValidation[Exp#5 [f1=1, f2=2, f3=2, f4=2, f5=3, f6=3, f7=1, f8=1]] ===
2025-12-30 03:39:46 INFO  === START tests.productCardsTests.ProductCardElementsTests.cardValidation[Exp#6 [f1=1, f2=2, f3=3, f4=3, f5=1, f6=1, f7=2, f8=2]] ===
2025-12-30 03:39:46 INFO  STEP: 📝 New input: Filling form fields.
2025-12-30 03:39:49 INFO  STEP PASS: Card #1 should have Tumbnail
2025-12-30 03:39:50 ERROR STEP FAIL: Card #1 should have Title (card's title: Baseball Ball)
2025-12-30 03:39:50 ERROR === FAIL  tests.productCardsTests.ProductCardElementsTests.cardValidation[Exp#6 [f1=1, f2=2, f3=3, f4=3, f5=1, f6=1, f7=2, f8=2]] ===
java.lang.AssertionError: Card #1 should have Title (card's title: Baseball Ball)
	at org.junit.Assert.fail(Assert.java:89) ~[junit-4.13.jar:4.13]
	at org.junit.Assert.assertTrue(Assert.java:42) ~[junit-4.13.jar:4.13]
	at tests.BaseTest.checkTrue(BaseTest.java:92) ~[test-classes/:?]
	at tests.productCardsTests.ProductCardElementsTests.isThereTitleInProductCard(ProductCardElementsTests.java:75) ~[test-classes/:?]
	at tests.productCardsTests.ProductCardElementsTests.cardValidation(ProductCardElementsTests.java:56) ~[test-classes/:?]
	at jdk.internal.reflect.DirectMethodHandleAccessor.invoke(DirectMethodHandleAccessor.java:103) ~[?:?]
	at java.lang.reflect.Method.invoke(Method.java:580) ~[?:?]
	at org.junit.runners.model.FrameworkMethod$1.runReflectiveCall(FrameworkMethod.java:59) ~[junit-4.13.jar:4.13]
	at org.junit.internal.runners.model.ReflectiveCallable.run(ReflectiveCallable.java:12) ~[junit-4.13.jar:4.13]
	at org.junit.runners.model.FrameworkMethod.invokeExplosively(FrameworkMethod.java:56) ~[junit-4.13.jar:4.13]
	at org.junit.internal.runners.statements.InvokeMethod.evaluate(InvokeMethod.java:17) ~[junit-4.13.jar:4.13]
	at org.junit.internal.runners.statements.RunBefores.evaluate(RunBefores.java:26) ~[junit-4.13.jar:4.13]
	at org.junit.internal.runners.statements.RunAfters.evaluate(RunAfters.java:27) ~[junit-4.13.jar:4.13]
	at org.junit.rules.TestWatcher$1.evaluate(TestWatcher.java:61) [junit-4.13.jar:4.13]
	at org.junit.runners.ParentRunner$3.evaluate(ParentRunner.java:306) [junit-4.13.jar:4.13]
	at org.junit.runners.BlockJUnit4ClassRunner$1.evaluate(BlockJUnit4ClassRunner.java:100) [junit-4.13.jar:4.13]
	at org.junit.runners.ParentRunner.runLeaf(ParentRunner.java:366) [junit-4.13.jar:4.13]
	at org.junit.runners.BlockJUnit4ClassRunner.runChild(BlockJUnit4ClassRunner.java:103) [junit-4.13.jar:4.13]
	at org.junit.runners.BlockJUnit4ClassRunner.runChild(BlockJUnit4ClassRunner.java:63) [junit-4.13.jar:4.13]
	at org.junit.runners.ParentRunner$4.run(ParentRunner.java:331) [junit-4.13.jar:4.13]
	at org.junit.runners.ParentRunner$1.schedule(ParentRunner.java:79) [junit-4.13.jar:4.13]
	at org.junit.runners.ParentRunner.runChildren(ParentRunner.java:329) [junit-4.13.jar:4.13]
	at org.junit.runners.ParentRunner.access$100(ParentRunner.java:66) [junit-4.13.jar:4.13]
	at org.junit.runners.ParentRunner$2.evaluate(ParentRunner.java:293) [junit-4.13.jar:4.13]
	at org.junit.runners.ParentRunner.run(ParentRunner.java:413) [junit-4.13.jar:4.13]
	at org.junit.runners.Suite.runChild(Suite.java:128) [junit-4.13.jar:4.13]
	at org.junit.runners.Suite.runChild(Suite.java:27) [junit-4.13.jar:4.13]
	at org.junit.runners.ParentRunner$4.run(ParentRunner.java:331) [junit-4.13.jar:4.13]
	at org.junit.runners.ParentRunner$1.schedule(ParentRunner.java:79) [junit-4.13.jar:4.13]
	at org.junit.runners.ParentRunner.runChildren(ParentRunner.java:329) [junit-4.13.jar:4.13]
	at org.junit.runners.ParentRunner.access$100(ParentRunner.java:66) [junit-4.13.jar:4.13]
	at org.junit.runners.ParentRunner$2.evaluate(ParentRunner.java:293) [junit-4.13.jar:4.13]
	at org.junit.internal.runners.statements.RunAfters.evaluate(RunAfters.java:27) [junit-4.13.jar:4.13]
	at org.junit.runners.ParentRunner$3.evaluate(ParentRunner.java:306) [junit-4.13.jar:4.13]
	at org.junit.runners.ParentRunner.run(ParentRunner.java:413) [junit-4.13.jar:4.13]
	at org.eclipse.jdt.internal.junit4.runner.JUnit4TestReference.run(JUnit4TestReference.java:93) [.cp/:?]
	at org.eclipse.jdt.internal.junit.runner.TestExecution.run(TestExecution.java:40) [.cp/:?]
	at org.eclipse.jdt.internal.junit.runner.RemoteTestRunner.runTests(RemoteTestRunner.java:530) [.cp/:?]
	at org.eclipse.jdt.internal.junit.runner.RemoteTestRunner.runTests(RemoteTestRunner.java:758) [.cp/:?]
	at org.eclipse.jdt.internal.junit.runner.RemoteTestRunner.run(RemoteTestRunner.java:453) [.cp/:?]
	at org.eclipse.jdt.internal.junit.runner.RemoteTestRunner.main(RemoteTestRunner.java:211) [.cp/:?]
2025-12-30 03:39:50 INFO  === END   tests.productCardsTests.ProductCardElementsTests.cardValidation[Exp#6 [f1=1, f2=2, f3=3, f4=3, f5=1, f6=1, f7=2, f8=2]] ===
2025-12-30 03:39:50 INFO  === START tests.productCardsTests.ProductCardElementsTests.cardValidation[Exp#7 [f1=1, f2=3, f3=1, f4=2, f5=1, f6=3, f7=2, f8=3]] ===
2025-12-30 03:39:50 INFO  STEP: 📝 New input: Filling form fields.
2025-12-30 03:39:53 INFO  STEP PASS: Card #1 should have Tumbnail
2025-12-30 03:39:53 ERROR STEP FAIL: Card #1 should have Title (card's title: Baseball Ball)
2025-12-30 03:39:53 ERROR === FAIL  tests.productCardsTests.ProductCardElementsTests.cardValidation[Exp#7 [f1=1, f2=3, f3=1, f4=2, f5=1, f6=3, f7=2, f8=3]] ===
java.lang.AssertionError: Card #1 should have Title (card's title: Baseball Ball)
	at org.junit.Assert.fail(Assert.java:89) ~[junit-4.13.jar:4.13]
	at org.junit.Assert.assertTrue(Assert.java:42) ~[junit-4.13.jar:4.13]
	at tests.BaseTest.checkTrue(BaseTest.java:92) ~[test-classes/:?]
	at tests.productCardsTests.ProductCardElementsTests.isThereTitleInProductCard(ProductCardElementsTests.java:75) ~[test-classes/:?]
	at tests.productCardsTests.ProductCardElementsTests.cardValidation(ProductCardElementsTests.java:56) ~[test-classes/:?]
	at jdk.internal.reflect.DirectMethodHandleAccessor.invoke(DirectMethodHandleAccessor.java:103) ~[?:?]
	at java.lang.reflect.Method.invoke(Method.java:580) ~[?:?]
	at org.junit.runners.model.FrameworkMethod$1.runReflectiveCall(FrameworkMethod.java:59) ~[junit-4.13.jar:4.13]
	at org.junit.internal.runners.model.ReflectiveCallable.run(ReflectiveCallable.java:12) ~[junit-4.13.jar:4.13]
	at org.junit.runners.model.FrameworkMethod.invokeExplosively(FrameworkMethod.java:56) ~[junit-4.13.jar:4.13]
	at org.junit.internal.runners.statements.InvokeMethod.evaluate(InvokeMethod.java:17) ~[junit-4.13.jar:4.13]
	at org.junit.internal.runners.statements.RunBefores.evaluate(RunBefores.java:26) ~[junit-4.13.jar:4.13]
	at org.junit.internal.runners.statements.RunAfters.evaluate(RunAfters.java:27) ~[junit-4.13.jar:4.13]
	at org.junit.rules.TestWatcher$1.evaluate(TestWatcher.java:61) [junit-4.13.jar:4.13]
	at org.junit.runners.ParentRunner$3.evaluate(ParentRunner.java:306) [junit-4.13.jar:4.13]
	at org.junit.runners.BlockJUnit4ClassRunner$1.evaluate(BlockJUnit4ClassRunner.java:100) [junit-4.13.jar:4.13]
	at org.junit.runners.ParentRunner.runLeaf(ParentRunner.java:366) [junit-4.13.jar:4.13]
	at org.junit.runners.BlockJUnit4ClassRunner.runChild(BlockJUnit4ClassRunner.java:103) [junit-4.13.jar:4.13]
	at org.junit.runners.BlockJUnit4ClassRunner.runChild(BlockJUnit4ClassRunner.java:63) [junit-4.13.jar:4.13]
	at org.junit.runners.ParentRunner$4.run(ParentRunner.java:331) [junit-4.13.jar:4.13]
	at org.junit.runners.ParentRunner$1.schedule(ParentRunner.java:79) [junit-4.13.jar:4.13]
	at org.junit.runners.ParentRunner.runChildren(ParentRunner.java:329) [junit-4.13.jar:4.13]
	at org.junit.runners.ParentRunner.access$100(ParentRunner.java:66) [junit-4.13.jar:4.13]
	at org.junit.runners.ParentRunner$2.evaluate(ParentRunner.java:293) [junit-4.13.jar:4.13]
	at org.junit.runners.ParentRunner.run(ParentRunner.java:413) [junit-4.13.jar:4.13]
	at org.junit.runners.Suite.runChild(Suite.java:128) [junit-4.13.jar:4.13]
	at org.junit.runners.Suite.runChild(Suite.java:27) [junit-4.13.jar:4.13]
	at org.junit.runners.ParentRunner$4.run(ParentRunner.java:331) [junit-4.13.jar:4.13]
	at org.junit.runners.ParentRunner$1.schedule(ParentRunner.java:79) [junit-4.13.jar:4.13]
	at org.junit.runners.ParentRunner.runChildren(ParentRunner.java:329) [junit-4.13.jar:4.13]
	at org.junit.runners.ParentRunner.access$100(ParentRunner.java:66) [junit-4.13.jar:4.13]
	at org.junit.runners.ParentRunner$2.evaluate(ParentRunner.java:293) [junit-4.13.jar:4.13]
	at org.junit.internal.runners.statements.RunAfters.evaluate(RunAfters.java:27) [junit-4.13.jar:4.13]
	at org.junit.runners.ParentRunner$3.evaluate(ParentRunner.java:306) [junit-4.13.jar:4.13]
	at org.junit.runners.ParentRunner.run(ParentRunner.java:413) [junit-4.13.jar:4.13]
	at org.eclipse.jdt.internal.junit4.runner.JUnit4TestReference.run(JUnit4TestReference.java:93) [.cp/:?]
	at org.eclipse.jdt.internal.junit.runner.TestExecution.run(TestExecution.java:40) [.cp/:?]
	at org.eclipse.jdt.internal.junit.runner.RemoteTestRunner.runTests(RemoteTestRunner.java:530) [.cp/:?]
	at org.eclipse.jdt.internal.junit.runner.RemoteTestRunner.runTests(RemoteTestRunner.java:758) [.cp/:?]
	at org.eclipse.jdt.internal.junit.runner.RemoteTestRunner.run(RemoteTestRunner.java:453) [.cp/:?]
	at org.eclipse.jdt.internal.junit.runner.RemoteTestRunner.main(RemoteTestRunner.java:211) [.cp/:?]
2025-12-30 03:39:53 INFO  === END   tests.productCardsTests.ProductCardElementsTests.cardValidation[Exp#7 [f1=1, f2=3, f3=1, f4=2, f5=1, f6=3, f7=2, f8=3]] ===
2025-12-30 03:39:53 INFO  === START tests.productCardsTests.ProductCardElementsTests.cardValidation[Exp#8 [f1=1, f2=3, f3=2, f4=3, f5=2, f6=1, f7=3, f8=1]] ===
2025-12-30 03:39:53 INFO  STEP: 📝 New input: Filling form fields.
2025-12-30 03:43:15 INFO  === START tests.productCardsTests.ProductCardElementsTests.cardValidation[Exp#1 [f1=1, f2=1, f3=1, f4=1, f5=1, f6=1, f7=1, f8=1]] ===
2025-12-30 03:43:16 ERROR === FAIL  tests.productCardsTests.ProductCardElementsTests.cardValidation[Exp#1 [f1=1, f2=1, f3=1, f4=1, f5=1, f6=1, f7=1, f8=1]] ===
java.lang.Error: Unresolved compilation problem: 
	isThereReviewBtnInProductCard cannot be resolved to a variable

	at tests.productCardsTests.ProductCardElementsTests.cardValidation(ProductCardElementsTests.java:62) ~[test-classes/:?]
	at jdk.internal.reflect.DirectMethodHandleAccessor.invoke(DirectMethodHandleAccessor.java:103) ~[?:?]
	at java.lang.reflect.Method.invoke(Method.java:580) ~[?:?]
	at org.junit.runners.model.FrameworkMethod$1.runReflectiveCall(FrameworkMethod.java:59) ~[junit-4.13.jar:4.13]
	at org.junit.internal.runners.model.ReflectiveCallable.run(ReflectiveCallable.java:12) ~[junit-4.13.jar:4.13]
	at org.junit.runners.model.FrameworkMethod.invokeExplosively(FrameworkMethod.java:56) ~[junit-4.13.jar:4.13]
	at org.junit.internal.runners.statements.InvokeMethod.evaluate(InvokeMethod.java:17) ~[junit-4.13.jar:4.13]
	at org.junit.internal.runners.statements.RunBefores.evaluate(RunBefores.java:26) ~[junit-4.13.jar:4.13]
	at org.junit.internal.runners.statements.RunAfters.evaluate(RunAfters.java:27) ~[junit-4.13.jar:4.13]
	at org.junit.rules.TestWatcher$1.evaluate(TestWatcher.java:61) [junit-4.13.jar:4.13]
	at org.junit.runners.ParentRunner$3.evaluate(ParentRunner.java:306) [junit-4.13.jar:4.13]
	at org.junit.runners.BlockJUnit4ClassRunner$1.evaluate(BlockJUnit4ClassRunner.java:100) [junit-4.13.jar:4.13]
	at org.junit.runners.ParentRunner.runLeaf(ParentRunner.java:366) [junit-4.13.jar:4.13]
	at org.junit.runners.BlockJUnit4ClassRunner.runChild(BlockJUnit4ClassRunner.java:103) [junit-4.13.jar:4.13]
	at org.junit.runners.BlockJUnit4ClassRunner.runChild(BlockJUnit4ClassRunner.java:63) [junit-4.13.jar:4.13]
	at org.junit.runners.ParentRunner$4.run(ParentRunner.java:331) [junit-4.13.jar:4.13]
	at org.junit.runners.ParentRunner$1.schedule(ParentRunner.java:79) [junit-4.13.jar:4.13]
	at org.junit.runners.ParentRunner.runChildren(ParentRunner.java:329) [junit-4.13.jar:4.13]
	at org.junit.runners.ParentRunner.access$100(ParentRunner.java:66) [junit-4.13.jar:4.13]
	at org.junit.runners.ParentRunner$2.evaluate(ParentRunner.java:293) [junit-4.13.jar:4.13]
	at org.junit.runners.ParentRunner.run(ParentRunner.java:413) [junit-4.13.jar:4.13]
	at org.junit.runners.Suite.runChild(Suite.java:128) [junit-4.13.jar:4.13]
	at org.junit.runners.Suite.runChild(Suite.java:27) [junit-4.13.jar:4.13]
	at org.junit.runners.ParentRunner$4.run(ParentRunner.java:331) [junit-4.13.jar:4.13]
	at org.junit.runners.ParentRunner$1.schedule(ParentRunner.java:79) [junit-4.13.jar:4.13]
	at org.junit.runners.ParentRunner.runChildren(ParentRunner.java:329) [junit-4.13.jar:4.13]
	at org.junit.runners.ParentRunner.access$100(ParentRunner.java:66) [junit-4.13.jar:4.13]
	at org.junit.runners.ParentRunner$2.evaluate(ParentRunner.java:293) [junit-4.13.jar:4.13]
	at org.junit.internal.runners.statements.RunAfters.evaluate(RunAfters.java:27) [junit-4.13.jar:4.13]
	at org.junit.runners.ParentRunner$3.evaluate(ParentRunner.java:306) [junit-4.13.jar:4.13]
	at org.junit.runners.ParentRunner.run(ParentRunner.java:413) [junit-4.13.jar:4.13]
	at org.eclipse.jdt.internal.junit4.runner.JUnit4TestReference.run(JUnit4TestReference.java:93) [.cp/:?]
	at org.eclipse.jdt.internal.junit.runner.TestExecution.run(TestExecution.java:40) [.cp/:?]
	at org.eclipse.jdt.internal.junit.runner.RemoteTestRunner.runTests(RemoteTestRunner.java:530) [.cp/:?]
	at org.eclipse.jdt.internal.junit.runner.RemoteTestRunner.runTests(RemoteTestRunner.java:758) [.cp/:?]
	at org.eclipse.jdt.internal.junit.runner.RemoteTestRunner.run(RemoteTestRunner.java:453) [.cp/:?]
	at org.eclipse.jdt.internal.junit.runner.RemoteTestRunner.main(RemoteTestRunner.java:211) [.cp/:?]
2025-12-30 03:43:16 INFO  === END   tests.productCardsTests.ProductCardElementsTests.cardValidation[Exp#1 [f1=1, f2=1, f3=1, f4=1, f5=1, f6=1, f7=1, f8=1]] ===
2025-12-30 03:43:16 INFO  === START tests.productCardsTests.ProductCardElementsTests.cardValidation[Exp#2 [f1=1, f2=1, f3=2, f4=2, f5=2, f6=2, f7=2, f8=2]] ===
2025-12-30 03:43:16 ERROR === FAIL  tests.productCardsTests.ProductCardElementsTests.cardValidation[Exp#2 [f1=1, f2=1, f3=2, f4=2, f5=2, f6=2, f7=2, f8=2]] ===
java.lang.Error: Unresolved compilation problem: 
	isThereReviewBtnInProductCard cannot be resolved to a variable

	at tests.productCardsTests.ProductCardElementsTests.cardValidation(ProductCardElementsTests.java:62) ~[test-classes/:?]
	at jdk.internal.reflect.DirectMethodHandleAccessor.invoke(DirectMethodHandleAccessor.java:103) ~[?:?]
	at java.lang.reflect.Method.invoke(Method.java:580) ~[?:?]
	at org.junit.runners.model.FrameworkMethod$1.runReflectiveCall(FrameworkMethod.java:59) ~[junit-4.13.jar:4.13]
	at org.junit.internal.runners.model.ReflectiveCallable.run(ReflectiveCallable.java:12) ~[junit-4.13.jar:4.13]
	at org.junit.runners.model.FrameworkMethod.invokeExplosively(FrameworkMethod.java:56) ~[junit-4.13.jar:4.13]
	at org.junit.internal.runners.statements.InvokeMethod.evaluate(InvokeMethod.java:17) ~[junit-4.13.jar:4.13]
	at org.junit.internal.runners.statements.RunBefores.evaluate(RunBefores.java:26) ~[junit-4.13.jar:4.13]
	at org.junit.internal.runners.statements.RunAfters.evaluate(RunAfters.java:27) ~[junit-4.13.jar:4.13]
	at org.junit.rules.TestWatcher$1.evaluate(TestWatcher.java:61) [junit-4.13.jar:4.13]
	at org.junit.runners.ParentRunner$3.evaluate(ParentRunner.java:306) [junit-4.13.jar:4.13]
	at org.junit.runners.BlockJUnit4ClassRunner$1.evaluate(BlockJUnit4ClassRunner.java:100) [junit-4.13.jar:4.13]
	at org.junit.runners.ParentRunner.runLeaf(ParentRunner.java:366) [junit-4.13.jar:4.13]
	at org.junit.runners.BlockJUnit4ClassRunner.runChild(BlockJUnit4ClassRunner.java:103) [junit-4.13.jar:4.13]
	at org.junit.runners.BlockJUnit4ClassRunner.runChild(BlockJUnit4ClassRunner.java:63) [junit-4.13.jar:4.13]
	at org.junit.runners.ParentRunner$4.run(ParentRunner.java:331) [junit-4.13.jar:4.13]
	at org.junit.runners.ParentRunner$1.schedule(ParentRunner.java:79) [junit-4.13.jar:4.13]
	at org.junit.runners.ParentRunner.runChildren(ParentRunner.java:329) [junit-4.13.jar:4.13]
	at org.junit.runners.ParentRunner.access$100(ParentRunner.java:66) [junit-4.13.jar:4.13]
	at org.junit.runners.ParentRunner$2.evaluate(ParentRunner.java:293) [junit-4.13.jar:4.13]
	at org.junit.runners.ParentRunner.run(ParentRunner.java:413) [junit-4.13.jar:4.13]
	at org.junit.runners.Suite.runChild(Suite.java:128) [junit-4.13.jar:4.13]
	at org.junit.runners.Suite.runChild(Suite.java:27) [junit-4.13.jar:4.13]
	at org.junit.runners.ParentRunner$4.run(ParentRunner.java:331) [junit-4.13.jar:4.13]
	at org.junit.runners.ParentRunner$1.schedule(ParentRunner.java:79) [junit-4.13.jar:4.13]
	at org.junit.runners.ParentRunner.runChildren(ParentRunner.java:329) [junit-4.13.jar:4.13]
	at org.junit.runners.ParentRunner.access$100(ParentRunner.java:66) [junit-4.13.jar:4.13]
	at org.junit.runners.ParentRunner$2.evaluate(ParentRunner.java:293) [junit-4.13.jar:4.13]
	at org.junit.internal.runners.statements.RunAfters.evaluate(RunAfters.java:27) [junit-4.13.jar:4.13]
	at org.junit.runners.ParentRunner$3.evaluate(ParentRunner.java:306) [junit-4.13.jar:4.13]
	at org.junit.runners.ParentRunner.run(ParentRunner.java:413) [junit-4.13.jar:4.13]
	at org.eclipse.jdt.internal.junit4.runner.JUnit4TestReference.run(JUnit4TestReference.java:93) [.cp/:?]
	at org.eclipse.jdt.internal.junit.runner.TestExecution.run(TestExecution.java:40) [.cp/:?]
	at org.eclipse.jdt.internal.junit.runner.RemoteTestRunner.runTests(RemoteTestRunner.java:530) [.cp/:?]
	at org.eclipse.jdt.internal.junit.runner.RemoteTestRunner.runTests(RemoteTestRunner.java:758) [.cp/:?]
	at org.eclipse.jdt.internal.junit.runner.RemoteTestRunner.run(RemoteTestRunner.java:453) [.cp/:?]
	at org.eclipse.jdt.internal.junit.runner.RemoteTestRunner.main(RemoteTestRunner.java:211) [.cp/:?]
2025-12-30 03:43:16 INFO  === END   tests.productCardsTests.ProductCardElementsTests.cardValidation[Exp#2 [f1=1, f2=1, f3=2, f4=2, f5=2, f6=2, f7=2, f8=2]] ===
2025-12-30 03:43:16 INFO  === START tests.productCardsTests.ProductCardElementsTests.cardValidation[Exp#3 [f1=1, f2=1, f3=3, f4=3, f5=3, f6=3, f7=3, f8=3]] ===
2025-12-30 03:43:16 ERROR === FAIL  tests.productCardsTests.ProductCardElementsTests.cardValidation[Exp#3 [f1=1, f2=1, f3=3, f4=3, f5=3, f6=3, f7=3, f8=3]] ===
java.lang.Error: Unresolved compilation problem: 
	isThereReviewBtnInProductCard cannot be resolved to a variable

	at tests.productCardsTests.ProductCardElementsTests.cardValidation(ProductCardElementsTests.java:62) ~[test-classes/:?]
	at jdk.internal.reflect.DirectMethodHandleAccessor.invoke(DirectMethodHandleAccessor.java:103) ~[?:?]
	at java.lang.reflect.Method.invoke(Method.java:580) ~[?:?]
	at org.junit.runners.model.FrameworkMethod$1.runReflectiveCall(FrameworkMethod.java:59) ~[junit-4.13.jar:4.13]
	at org.junit.internal.runners.model.ReflectiveCallable.run(ReflectiveCallable.java:12) ~[junit-4.13.jar:4.13]
	at org.junit.runners.model.FrameworkMethod.invokeExplosively(FrameworkMethod.java:56) ~[junit-4.13.jar:4.13]
	at org.junit.internal.runners.statements.InvokeMethod.evaluate(InvokeMethod.java:17) ~[junit-4.13.jar:4.13]
	at org.junit.internal.runners.statements.RunBefores.evaluate(RunBefores.java:26) ~[junit-4.13.jar:4.13]
	at org.junit.internal.runners.statements.RunAfters.evaluate(RunAfters.java:27) ~[junit-4.13.jar:4.13]
	at org.junit.rules.TestWatcher$1.evaluate(TestWatcher.java:61) [junit-4.13.jar:4.13]
	at org.junit.runners.ParentRunner$3.evaluate(ParentRunner.java:306) [junit-4.13.jar:4.13]
	at org.junit.runners.BlockJUnit4ClassRunner$1.evaluate(BlockJUnit4ClassRunner.java:100) [junit-4.13.jar:4.13]
	at org.junit.runners.ParentRunner.runLeaf(ParentRunner.java:366) [junit-4.13.jar:4.13]
	at org.junit.runners.BlockJUnit4ClassRunner.runChild(BlockJUnit4ClassRunner.java:103) [junit-4.13.jar:4.13]
	at org.junit.runners.BlockJUnit4ClassRunner.runChild(BlockJUnit4ClassRunner.java:63) [junit-4.13.jar:4.13]
	at org.junit.runners.ParentRunner$4.run(ParentRunner.java:331) [junit-4.13.jar:4.13]
	at org.junit.runners.ParentRunner$1.schedule(ParentRunner.java:79) [junit-4.13.jar:4.13]
	at org.junit.runners.ParentRunner.runChildren(ParentRunner.java:329) [junit-4.13.jar:4.13]
	at org.junit.runners.ParentRunner.access$100(ParentRunner.java:66) [junit-4.13.jar:4.13]
	at org.junit.runners.ParentRunner$2.evaluate(ParentRunner.java:293) [junit-4.13.jar:4.13]
	at org.junit.runners.ParentRunner.run(ParentRunner.java:413) [junit-4.13.jar:4.13]
	at org.junit.runners.Suite.runChild(Suite.java:128) [junit-4.13.jar:4.13]
	at org.junit.runners.Suite.runChild(Suite.java:27) [junit-4.13.jar:4.13]
	at org.junit.runners.ParentRunner$4.run(ParentRunner.java:331) [junit-4.13.jar:4.13]
	at org.junit.runners.ParentRunner$1.schedule(ParentRunner.java:79) [junit-4.13.jar:4.13]
	at org.junit.runners.ParentRunner.runChildren(ParentRunner.java:329) [junit-4.13.jar:4.13]
	at org.junit.runners.ParentRunner.access$100(ParentRunner.java:66) [junit-4.13.jar:4.13]
	at org.junit.runners.ParentRunner$2.evaluate(ParentRunner.java:293) [junit-4.13.jar:4.13]
	at org.junit.internal.runners.statements.RunAfters.evaluate(RunAfters.java:27) [junit-4.13.jar:4.13]
	at org.junit.runners.ParentRunner$3.evaluate(ParentRunner.java:306) [junit-4.13.jar:4.13]
	at org.junit.runners.ParentRunner.run(ParentRunner.java:413) [junit-4.13.jar:4.13]
	at org.eclipse.jdt.internal.junit4.runner.JUnit4TestReference.run(JUnit4TestReference.java:93) [.cp/:?]
	at org.eclipse.jdt.internal.junit.runner.TestExecution.run(TestExecution.java:40) [.cp/:?]
	at org.eclipse.jdt.internal.junit.runner.RemoteTestRunner.runTests(RemoteTestRunner.java:530) [.cp/:?]
	at org.eclipse.jdt.internal.junit.runner.RemoteTestRunner.runTests(RemoteTestRunner.java:758) [.cp/:?]
	at org.eclipse.jdt.internal.junit.runner.RemoteTestRunner.run(RemoteTestRunner.java:453) [.cp/:?]
	at org.eclipse.jdt.internal.junit.runner.RemoteTestRunner.main(RemoteTestRunner.java:211) [.cp/:?]
2025-12-30 03:43:16 INFO  === END   tests.productCardsTests.ProductCardElementsTests.cardValidation[Exp#3 [f1=1, f2=1, f3=3, f4=3, f5=3, f6=3, f7=3, f8=3]] ===
2025-12-30 03:43:16 INFO  === START tests.productCardsTests.ProductCardElementsTests.cardValidation[Exp#4 [f1=1, f2=2, f3=1, f4=1, f5=2, f6=2, f7=3, f8=3]] ===
2025-12-30 03:43:16 ERROR === FAIL  tests.productCardsTests.ProductCardElementsTests.cardValidation[Exp#4 [f1=1, f2=2, f3=1, f4=1, f5=2, f6=2, f7=3, f8=3]] ===
java.lang.Error: Unresolved compilation problem: 
	isThereReviewBtnInProductCard cannot be resolved to a variable

	at tests.productCardsTests.ProductCardElementsTests.cardValidation(ProductCardElementsTests.java:62) ~[test-classes/:?]
	at jdk.internal.reflect.DirectMethodHandleAccessor.invoke(DirectMethodHandleAccessor.java:103) ~[?:?]
	at java.lang.reflect.Method.invoke(Method.java:580) ~[?:?]
	at org.junit.runners.model.FrameworkMethod$1.runReflectiveCall(FrameworkMethod.java:59) ~[junit-4.13.jar:4.13]
	at org.junit.internal.runners.model.ReflectiveCallable.run(ReflectiveCallable.java:12) ~[junit-4.13.jar:4.13]
	at org.junit.runners.model.FrameworkMethod.invokeExplosively(FrameworkMethod.java:56) ~[junit-4.13.jar:4.13]
	at org.junit.internal.runners.statements.InvokeMethod.evaluate(InvokeMethod.java:17) ~[junit-4.13.jar:4.13]
	at org.junit.internal.runners.statements.RunBefores.evaluate(RunBefores.java:26) ~[junit-4.13.jar:4.13]
	at org.junit.internal.runners.statements.RunAfters.evaluate(RunAfters.java:27) ~[junit-4.13.jar:4.13]
	at org.junit.rules.TestWatcher$1.evaluate(TestWatcher.java:61) [junit-4.13.jar:4.13]
	at org.junit.runners.ParentRunner$3.evaluate(ParentRunner.java:306) [junit-4.13.jar:4.13]
	at org.junit.runners.BlockJUnit4ClassRunner$1.evaluate(BlockJUnit4ClassRunner.java:100) [junit-4.13.jar:4.13]
	at org.junit.runners.ParentRunner.runLeaf(ParentRunner.java:366) [junit-4.13.jar:4.13]
	at org.junit.runners.BlockJUnit4ClassRunner.runChild(BlockJUnit4ClassRunner.java:103) [junit-4.13.jar:4.13]
	at org.junit.runners.BlockJUnit4ClassRunner.runChild(BlockJUnit4ClassRunner.java:63) [junit-4.13.jar:4.13]
	at org.junit.runners.ParentRunner$4.run(ParentRunner.java:331) [junit-4.13.jar:4.13]
	at org.junit.runners.ParentRunner$1.schedule(ParentRunner.java:79) [junit-4.13.jar:4.13]
	at org.junit.runners.ParentRunner.runChildren(ParentRunner.java:329) [junit-4.13.jar:4.13]
	at org.junit.runners.ParentRunner.access$100(ParentRunner.java:66) [junit-4.13.jar:4.13]
	at org.junit.runners.ParentRunner$2.evaluate(ParentRunner.java:293) [junit-4.13.jar:4.13]
	at org.junit.runners.ParentRunner.run(ParentRunner.java:413) [junit-4.13.jar:4.13]
	at org.junit.runners.Suite.runChild(Suite.java:128) [junit-4.13.jar:4.13]
	at org.junit.runners.Suite.runChild(Suite.java:27) [junit-4.13.jar:4.13]
	at org.junit.runners.ParentRunner$4.run(ParentRunner.java:331) [junit-4.13.jar:4.13]
	at org.junit.runners.ParentRunner$1.schedule(ParentRunner.java:79) [junit-4.13.jar:4.13]
	at org.junit.runners.ParentRunner.runChildren(ParentRunner.java:329) [junit-4.13.jar:4.13]
	at org.junit.runners.ParentRunner.access$100(ParentRunner.java:66) [junit-4.13.jar:4.13]
	at org.junit.runners.ParentRunner$2.evaluate(ParentRunner.java:293) [junit-4.13.jar:4.13]
	at org.junit.internal.runners.statements.RunAfters.evaluate(RunAfters.java:27) [junit-4.13.jar:4.13]
	at org.junit.runners.ParentRunner$3.evaluate(ParentRunner.java:306) [junit-4.13.jar:4.13]
	at org.junit.runners.ParentRunner.run(ParentRunner.java:413) [junit-4.13.jar:4.13]
	at org.eclipse.jdt.internal.junit4.runner.JUnit4TestReference.run(JUnit4TestReference.java:93) [.cp/:?]
	at org.eclipse.jdt.internal.junit.runner.TestExecution.run(TestExecution.java:40) [.cp/:?]
	at org.eclipse.jdt.internal.junit.runner.RemoteTestRunner.runTests(RemoteTestRunner.java:530) [.cp/:?]
	at org.eclipse.jdt.internal.junit.runner.RemoteTestRunner.runTests(RemoteTestRunner.java:758) [.cp/:?]
	at org.eclipse.jdt.internal.junit.runner.RemoteTestRunner.run(RemoteTestRunner.java:453) [.cp/:?]
	at org.eclipse.jdt.internal.junit.runner.RemoteTestRunner.main(RemoteTestRunner.java:211) [.cp/:?]
2025-12-30 03:43:16 INFO  === END   tests.productCardsTests.ProductCardElementsTests.cardValidation[Exp#4 [f1=1, f2=2, f3=1, f4=1, f5=2, f6=2, f7=3, f8=3]] ===
2025-12-30 03:43:16 INFO  === START tests.productCardsTests.ProductCardElementsTests.cardValidation[Exp#5 [f1=1, f2=2, f3=2, f4=2, f5=3, f6=3, f7=1, f8=1]] ===
2025-12-30 03:43:16 ERROR === FAIL  tests.productCardsTests.ProductCardElementsTests.cardValidation[Exp#5 [f1=1, f2=2, f3=2, f4=2, f5=3, f6=3, f7=1, f8=1]] ===
java.lang.Error: Unresolved compilation problem: 
	isThereReviewBtnInProductCard cannot be resolved to a variable

	at tests.productCardsTests.ProductCardElementsTests.cardValidation(ProductCardElementsTests.java:62) ~[test-classes/:?]
	at jdk.internal.reflect.DirectMethodHandleAccessor.invoke(DirectMethodHandleAccessor.java:103) ~[?:?]
	at java.lang.reflect.Method.invoke(Method.java:580) ~[?:?]
	at org.junit.runners.model.FrameworkMethod$1.runReflectiveCall(FrameworkMethod.java:59) ~[junit-4.13.jar:4.13]
	at org.junit.internal.runners.model.ReflectiveCallable.run(ReflectiveCallable.java:12) ~[junit-4.13.jar:4.13]
	at org.junit.runners.model.FrameworkMethod.invokeExplosively(FrameworkMethod.java:56) ~[junit-4.13.jar:4.13]
	at org.junit.internal.runners.statements.InvokeMethod.evaluate(InvokeMethod.java:17) ~[junit-4.13.jar:4.13]
	at org.junit.internal.runners.statements.RunBefores.evaluate(RunBefores.java:26) ~[junit-4.13.jar:4.13]
	at org.junit.internal.runners.statements.RunAfters.evaluate(RunAfters.java:27) ~[junit-4.13.jar:4.13]
	at org.junit.rules.TestWatcher$1.evaluate(TestWatcher.java:61) [junit-4.13.jar:4.13]
	at org.junit.runners.ParentRunner$3.evaluate(ParentRunner.java:306) [junit-4.13.jar:4.13]
	at org.junit.runners.BlockJUnit4ClassRunner$1.evaluate(BlockJUnit4ClassRunner.java:100) [junit-4.13.jar:4.13]
	at org.junit.runners.ParentRunner.runLeaf(ParentRunner.java:366) [junit-4.13.jar:4.13]
	at org.junit.runners.BlockJUnit4ClassRunner.runChild(BlockJUnit4ClassRunner.java:103) [junit-4.13.jar:4.13]
	at org.junit.runners.BlockJUnit4ClassRunner.runChild(BlockJUnit4ClassRunner.java:63) [junit-4.13.jar:4.13]
	at org.junit.runners.ParentRunner$4.run(ParentRunner.java:331) [junit-4.13.jar:4.13]
	at org.junit.runners.ParentRunner$1.schedule(ParentRunner.java:79) [junit-4.13.jar:4.13]
	at org.junit.runners.ParentRunner.runChildren(ParentRunner.java:329) [junit-4.13.jar:4.13]
	at org.junit.runners.ParentRunner.access$100(ParentRunner.java:66) [junit-4.13.jar:4.13]
	at org.junit.runners.ParentRunner$2.evaluate(ParentRunner.java:293) [junit-4.13.jar:4.13]
	at org.junit.runners.ParentRunner.run(ParentRunner.java:413) [junit-4.13.jar:4.13]
	at org.junit.runners.Suite.runChild(Suite.java:128) [junit-4.13.jar:4.13]
	at org.junit.runners.Suite.runChild(Suite.java:27) [junit-4.13.jar:4.13]
	at org.junit.runners.ParentRunner$4.run(ParentRunner.java:331) [junit-4.13.jar:4.13]
	at org.junit.runners.ParentRunner$1.schedule(ParentRunner.java:79) [junit-4.13.jar:4.13]
	at org.junit.runners.ParentRunner.runChildren(ParentRunner.java:329) [junit-4.13.jar:4.13]
	at org.junit.runners.ParentRunner.access$100(ParentRunner.java:66) [junit-4.13.jar:4.13]
	at org.junit.runners.ParentRunner$2.evaluate(ParentRunner.java:293) [junit-4.13.jar:4.13]
	at org.junit.internal.runners.statements.RunAfters.evaluate(RunAfters.java:27) [junit-4.13.jar:4.13]
	at org.junit.runners.ParentRunner$3.evaluate(ParentRunner.java:306) [junit-4.13.jar:4.13]
	at org.junit.runners.ParentRunner.run(ParentRunner.java:413) [junit-4.13.jar:4.13]
	at org.eclipse.jdt.internal.junit4.runner.JUnit4TestReference.run(JUnit4TestReference.java:93) [.cp/:?]
	at org.eclipse.jdt.internal.junit.runner.TestExecution.run(TestExecution.java:40) [.cp/:?]
	at org.eclipse.jdt.internal.junit.runner.RemoteTestRunner.runTests(RemoteTestRunner.java:530) [.cp/:?]
	at org.eclipse.jdt.internal.junit.runner.RemoteTestRunner.runTests(RemoteTestRunner.java:758) [.cp/:?]
	at org.eclipse.jdt.internal.junit.runner.RemoteTestRunner.run(RemoteTestRunner.java:453) [.cp/:?]
	at org.eclipse.jdt.internal.junit.runner.RemoteTestRunner.main(RemoteTestRunner.java:211) [.cp/:?]
2025-12-30 03:43:16 INFO  === END   tests.productCardsTests.ProductCardElementsTests.cardValidation[Exp#5 [f1=1, f2=2, f3=2, f4=2, f5=3, f6=3, f7=1, f8=1]] ===
2025-12-30 03:43:16 INFO  === START tests.productCardsTests.ProductCardElementsTests.cardValidation[Exp#6 [f1=1, f2=2, f3=3, f4=3, f5=1, f6=1, f7=2, f8=2]] ===
2025-12-30 03:43:16 ERROR === FAIL  tests.productCardsTests.ProductCardElementsTests.cardValidation[Exp#6 [f1=1, f2=2, f3=3, f4=3, f5=1, f6=1, f7=2, f8=2]] ===
java.lang.Error: Unresolved compilation problem: 
	isThereReviewBtnInProductCard cannot be resolved to a variable

	at tests.productCardsTests.ProductCardElementsTests.cardValidation(ProductCardElementsTests.java:62) ~[test-classes/:?]
	at jdk.internal.reflect.DirectMethodHandleAccessor.invoke(DirectMethodHandleAccessor.java:103) ~[?:?]
	at java.lang.reflect.Method.invoke(Method.java:580) ~[?:?]
	at org.junit.runners.model.FrameworkMethod$1.runReflectiveCall(FrameworkMethod.java:59) ~[junit-4.13.jar:4.13]
	at org.junit.internal.runners.model.ReflectiveCallable.run(ReflectiveCallable.java:12) ~[junit-4.13.jar:4.13]
	at org.junit.runners.model.FrameworkMethod.invokeExplosively(FrameworkMethod.java:56) ~[junit-4.13.jar:4.13]
	at org.junit.internal.runners.statements.InvokeMethod.evaluate(InvokeMethod.java:17) ~[junit-4.13.jar:4.13]
	at org.junit.internal.runners.statements.RunBefores.evaluate(RunBefores.java:26) ~[junit-4.13.jar:4.13]
	at org.junit.internal.runners.statements.RunAfters.evaluate(RunAfters.java:27) ~[junit-4.13.jar:4.13]
	at org.junit.rules.TestWatcher$1.evaluate(TestWatcher.java:61) [junit-4.13.jar:4.13]
	at org.junit.runners.ParentRunner$3.evaluate(ParentRunner.java:306) [junit-4.13.jar:4.13]
	at org.junit.runners.BlockJUnit4ClassRunner$1.evaluate(BlockJUnit4ClassRunner.java:100) [junit-4.13.jar:4.13]
	at org.junit.runners.ParentRunner.runLeaf(ParentRunner.java:366) [junit-4.13.jar:4.13]
	at org.junit.runners.BlockJUnit4ClassRunner.runChild(BlockJUnit4ClassRunner.java:103) [junit-4.13.jar:4.13]
	at org.junit.runners.BlockJUnit4ClassRunner.runChild(BlockJUnit4ClassRunner.java:63) [junit-4.13.jar:4.13]
	at org.junit.runners.ParentRunner$4.run(ParentRunner.java:331) [junit-4.13.jar:4.13]
	at org.junit.runners.ParentRunner$1.schedule(ParentRunner.java:79) [junit-4.13.jar:4.13]
	at org.junit.runners.ParentRunner.runChildren(ParentRunner.java:329) [junit-4.13.jar:4.13]
	at org.junit.runners.ParentRunner.access$100(ParentRunner.java:66) [junit-4.13.jar:4.13]
	at org.junit.runners.ParentRunner$2.evaluate(ParentRunner.java:293) [junit-4.13.jar:4.13]
	at org.junit.runners.ParentRunner.run(ParentRunner.java:413) [junit-4.13.jar:4.13]
	at org.junit.runners.Suite.runChild(Suite.java:128) [junit-4.13.jar:4.13]
	at org.junit.runners.Suite.runChild(Suite.java:27) [junit-4.13.jar:4.13]
	at org.junit.runners.ParentRunner$4.run(ParentRunner.java:331) [junit-4.13.jar:4.13]
	at org.junit.runners.ParentRunner$1.schedule(ParentRunner.java:79) [junit-4.13.jar:4.13]
	at org.junit.runners.ParentRunner.runChildren(ParentRunner.java:329) [junit-4.13.jar:4.13]
	at org.junit.runners.ParentRunner.access$100(ParentRunner.java:66) [junit-4.13.jar:4.13]
	at org.junit.runners.ParentRunner$2.evaluate(ParentRunner.java:293) [junit-4.13.jar:4.13]
	at org.junit.internal.runners.statements.RunAfters.evaluate(RunAfters.java:27) [junit-4.13.jar:4.13]
	at org.junit.runners.ParentRunner$3.evaluate(ParentRunner.java:306) [junit-4.13.jar:4.13]
	at org.junit.runners.ParentRunner.run(ParentRunner.java:413) [junit-4.13.jar:4.13]
	at org.eclipse.jdt.internal.junit4.runner.JUnit4TestReference.run(JUnit4TestReference.java:93) [.cp/:?]
	at org.eclipse.jdt.internal.junit.runner.TestExecution.run(TestExecution.java:40) [.cp/:?]
	at org.eclipse.jdt.internal.junit.runner.RemoteTestRunner.runTests(RemoteTestRunner.java:530) [.cp/:?]
	at org.eclipse.jdt.internal.junit.runner.RemoteTestRunner.runTests(RemoteTestRunner.java:758) [.cp/:?]
	at org.eclipse.jdt.internal.junit.runner.RemoteTestRunner.run(RemoteTestRunner.java:453) [.cp/:?]
	at org.eclipse.jdt.internal.junit.runner.RemoteTestRunner.main(RemoteTestRunner.java:211) [.cp/:?]
2025-12-30 03:43:16 INFO  === END   tests.productCardsTests.ProductCardElementsTests.cardValidation[Exp#6 [f1=1, f2=2, f3=3, f4=3, f5=1, f6=1, f7=2, f8=2]] ===
2025-12-30 03:43:16 INFO  === START tests.productCardsTests.ProductCardElementsTests.cardValidation[Exp#7 [f1=1, f2=3, f3=1, f4=2, f5=1, f6=3, f7=2, f8=3]] ===
2025-12-30 03:43:16 ERROR === FAIL  tests.productCardsTests.ProductCardElementsTests.cardValidation[Exp#7 [f1=1, f2=3, f3=1, f4=2, f5=1, f6=3, f7=2, f8=3]] ===
java.lang.Error: Unresolved compilation problem: 
	isThereReviewBtnInProductCard cannot be resolved to a variable

	at tests.productCardsTests.ProductCardElementsTests.cardValidation(ProductCardElementsTests.java:62) ~[test-classes/:?]
	at jdk.internal.reflect.DirectMethodHandleAccessor.invoke(DirectMethodHandleAccessor.java:103) ~[?:?]
	at java.lang.reflect.Method.invoke(Method.java:580) ~[?:?]
	at org.junit.runners.model.FrameworkMethod$1.runReflectiveCall(FrameworkMethod.java:59) ~[junit-4.13.jar:4.13]
	at org.junit.internal.runners.model.ReflectiveCallable.run(ReflectiveCallable.java:12) ~[junit-4.13.jar:4.13]
	at org.junit.runners.model.FrameworkMethod.invokeExplosively(FrameworkMethod.java:56) ~[junit-4.13.jar:4.13]
	at org.junit.internal.runners.statements.InvokeMethod.evaluate(InvokeMethod.java:17) ~[junit-4.13.jar:4.13]
	at org.junit.internal.runners.statements.RunBefores.evaluate(RunBefores.java:26) ~[junit-4.13.jar:4.13]
	at org.junit.internal.runners.statements.RunAfters.evaluate(RunAfters.java:27) ~[junit-4.13.jar:4.13]
	at org.junit.rules.TestWatcher$1.evaluate(TestWatcher.java:61) [junit-4.13.jar:4.13]
	at org.junit.runners.ParentRunner$3.evaluate(ParentRunner.java:306) [junit-4.13.jar:4.13]
	at org.junit.runners.BlockJUnit4ClassRunner$1.evaluate(BlockJUnit4ClassRunner.java:100) [junit-4.13.jar:4.13]
	at org.junit.runners.ParentRunner.runLeaf(ParentRunner.java:366) [junit-4.13.jar:4.13]
	at org.junit.runners.BlockJUnit4ClassRunner.runChild(BlockJUnit4ClassRunner.java:103) [junit-4.13.jar:4.13]
	at org.junit.runners.BlockJUnit4ClassRunner.runChild(BlockJUnit4ClassRunner.java:63) [junit-4.13.jar:4.13]
	at org.junit.runners.ParentRunner$4.run(ParentRunner.java:331) [junit-4.13.jar:4.13]
	at org.junit.runners.ParentRunner$1.schedule(ParentRunner.java:79) [junit-4.13.jar:4.13]
	at org.junit.runners.ParentRunner.runChildren(ParentRunner.java:329) [junit-4.13.jar:4.13]
	at org.junit.runners.ParentRunner.access$100(ParentRunner.java:66) [junit-4.13.jar:4.13]
	at org.junit.runners.ParentRunner$2.evaluate(ParentRunner.java:293) [junit-4.13.jar:4.13]
	at org.junit.runners.ParentRunner.run(ParentRunner.java:413) [junit-4.13.jar:4.13]
	at org.junit.runners.Suite.runChild(Suite.java:128) [junit-4.13.jar:4.13]
	at org.junit.runners.Suite.runChild(Suite.java:27) [junit-4.13.jar:4.13]
	at org.junit.runners.ParentRunner$4.run(ParentRunner.java:331) [junit-4.13.jar:4.13]
	at org.junit.runners.ParentRunner$1.schedule(ParentRunner.java:79) [junit-4.13.jar:4.13]
	at org.junit.runners.ParentRunner.runChildren(ParentRunner.java:329) [junit-4.13.jar:4.13]
	at org.junit.runners.ParentRunner.access$100(ParentRunner.java:66) [junit-4.13.jar:4.13]
	at org.junit.runners.ParentRunner$2.evaluate(ParentRunner.java:293) [junit-4.13.jar:4.13]
	at org.junit.internal.runners.statements.RunAfters.evaluate(RunAfters.java:27) [junit-4.13.jar:4.13]
	at org.junit.runners.ParentRunner$3.evaluate(ParentRunner.java:306) [junit-4.13.jar:4.13]
	at org.junit.runners.ParentRunner.run(ParentRunner.java:413) [junit-4.13.jar:4.13]
	at org.eclipse.jdt.internal.junit4.runner.JUnit4TestReference.run(JUnit4TestReference.java:93) [.cp/:?]
	at org.eclipse.jdt.internal.junit.runner.TestExecution.run(TestExecution.java:40) [.cp/:?]
	at org.eclipse.jdt.internal.junit.runner.RemoteTestRunner.runTests(RemoteTestRunner.java:530) [.cp/:?]
	at org.eclipse.jdt.internal.junit.runner.RemoteTestRunner.runTests(RemoteTestRunner.java:758) [.cp/:?]
	at org.eclipse.jdt.internal.junit.runner.RemoteTestRunner.run(RemoteTestRunner.java:453) [.cp/:?]
	at org.eclipse.jdt.internal.junit.runner.RemoteTestRunner.main(RemoteTestRunner.java:211) [.cp/:?]
2025-12-30 03:43:16 INFO  === END   tests.productCardsTests.ProductCardElementsTests.cardValidation[Exp#7 [f1=1, f2=3, f3=1, f4=2, f5=1, f6=3, f7=2, f8=3]] ===
2025-12-30 03:43:16 INFO  === START tests.productCardsTests.ProductCardElementsTests.cardValidation[Exp#8 [f1=1, f2=3, f3=2, f4=3, f5=2, f6=1, f7=3, f8=1]] ===
2025-12-30 03:43:16 ERROR === FAIL  tests.productCardsTests.ProductCardElementsTests.cardValidation[Exp#8 [f1=1, f2=3, f3=2, f4=3, f5=2, f6=1, f7=3, f8=1]] ===
java.lang.Error: Unresolved compilation problem: 
	isThereReviewBtnInProductCard cannot be resolved to a variable

	at tests.productCardsTests.ProductCardElementsTests.cardValidation(ProductCardElementsTests.java:62) ~[test-classes/:?]
	at jdk.internal.reflect.DirectMethodHandleAccessor.invoke(DirectMethodHandleAccessor.java:103) ~[?:?]
	at java.lang.reflect.Method.invoke(Method.java:580) ~[?:?]
	at org.junit.runners.model.FrameworkMethod$1.runReflectiveCall(FrameworkMethod.java:59) ~[junit-4.13.jar:4.13]
	at org.junit.internal.runners.model.ReflectiveCallable.run(ReflectiveCallable.java:12) ~[junit-4.13.jar:4.13]
	at org.junit.runners.model.FrameworkMethod.invokeExplosively(FrameworkMethod.java:56) ~[junit-4.13.jar:4.13]
	at org.junit.internal.runners.statements.InvokeMethod.evaluate(InvokeMethod.java:17) ~[junit-4.13.jar:4.13]
	at org.junit.internal.runners.statements.RunBefores.evaluate(RunBefores.java:26) ~[junit-4.13.jar:4.13]
	at org.junit.internal.runners.statements.RunAfters.evaluate(RunAfters.java:27) ~[junit-4.13.jar:4.13]
	at org.junit.rules.TestWatcher$1.evaluate(TestWatcher.java:61) [junit-4.13.jar:4.13]
	at org.junit.runners.ParentRunner$3.evaluate(ParentRunner.java:306) [junit-4.13.jar:4.13]
	at org.junit.runners.BlockJUnit4ClassRunner$1.evaluate(BlockJUnit4ClassRunner.java:100) [junit-4.13.jar:4.13]
	at org.junit.runners.ParentRunner.runLeaf(ParentRunner.java:366) [junit-4.13.jar:4.13]
	at org.junit.runners.BlockJUnit4ClassRunner.runChild(BlockJUnit4ClassRunner.java:103) [junit-4.13.jar:4.13]
	at org.junit.runners.BlockJUnit4ClassRunner.runChild(BlockJUnit4ClassRunner.java:63) [junit-4.13.jar:4.13]
	at org.junit.runners.ParentRunner$4.run(ParentRunner.java:331) [junit-4.13.jar:4.13]
	at org.junit.runners.ParentRunner$1.schedule(ParentRunner.java:79) [junit-4.13.jar:4.13]
	at org.junit.runners.ParentRunner.runChildren(ParentRunner.java:329) [junit-4.13.jar:4.13]
	at org.junit.runners.ParentRunner.access$100(ParentRunner.java:66) [junit-4.13.jar:4.13]
	at org.junit.runners.ParentRunner$2.evaluate(ParentRunner.java:293) [junit-4.13.jar:4.13]
	at org.junit.runners.ParentRunner.run(ParentRunner.java:413) [junit-4.13.jar:4.13]
	at org.junit.runners.Suite.runChild(Suite.java:128) [junit-4.13.jar:4.13]
	at org.junit.runners.Suite.runChild(Suite.java:27) [junit-4.13.jar:4.13]
	at org.junit.runners.ParentRunner$4.run(ParentRunner.java:331) [junit-4.13.jar:4.13]
	at org.junit.runners.ParentRunner$1.schedule(ParentRunner.java:79) [junit-4.13.jar:4.13]
	at org.junit.runners.ParentRunner.runChildren(ParentRunner.java:329) [junit-4.13.jar:4.13]
	at org.junit.runners.ParentRunner.access$100(ParentRunner.java:66) [junit-4.13.jar:4.13]
	at org.junit.runners.ParentRunner$2.evaluate(ParentRunner.java:293) [junit-4.13.jar:4.13]
	at org.junit.internal.runners.statements.RunAfters.evaluate(RunAfters.java:27) [junit-4.13.jar:4.13]
	at org.junit.runners.ParentRunner$3.evaluate(ParentRunner.java:306) [junit-4.13.jar:4.13]
	at org.junit.runners.ParentRunner.run(ParentRunner.java:413) [junit-4.13.jar:4.13]
	at org.eclipse.jdt.internal.junit4.runner.JUnit4TestReference.run(JUnit4TestReference.java:93) [.cp/:?]
	at org.eclipse.jdt.internal.junit.runner.TestExecution.run(TestExecution.java:40) [.cp/:?]
	at org.eclipse.jdt.internal.junit.runner.RemoteTestRunner.runTests(RemoteTestRunner.java:530) [.cp/:?]
	at org.eclipse.jdt.internal.junit.runner.RemoteTestRunner.runTests(RemoteTestRunner.java:758) [.cp/:?]
	at org.eclipse.jdt.internal.junit.runner.RemoteTestRunner.run(RemoteTestRunner.java:453) [.cp/:?]
	at org.eclipse.jdt.internal.junit.runner.RemoteTestRunner.main(RemoteTestRunner.java:211) [.cp/:?]
2025-12-30 03:43:16 INFO  === END   tests.productCardsTests.ProductCardElementsTests.cardValidation[Exp#8 [f1=1, f2=3, f3=2, f4=3, f5=2, f6=1, f7=3, f8=1]] ===
2025-12-30 03:43:16 INFO  === START tests.productCardsTests.ProductCardElementsTests.cardValidation[Exp#9 [f1=1, f2=3, f3=3, f4=1, f5=3, f6=2, f7=1, f8=2]] ===
2025-12-30 03:43:16 ERROR === FAIL  tests.productCardsTests.ProductCardElementsTests.cardValidation[Exp#9 [f1=1, f2=3, f3=3, f4=1, f5=3, f6=2, f7=1, f8=2]] ===
java.lang.Error: Unresolved compilation problem: 
	isThereReviewBtnInProductCard cannot be resolved to a variable

	at tests.productCardsTests.ProductCardElementsTests.cardValidation(ProductCardElementsTests.java:62) ~[test-classes/:?]
	at jdk.internal.reflect.DirectMethodHandleAccessor.invoke(DirectMethodHandleAccessor.java:103) ~[?:?]
	at java.lang.reflect.Method.invoke(Method.java:580) ~[?:?]
	at org.junit.runners.model.FrameworkMethod$1.runReflectiveCall(FrameworkMethod.java:59) ~[junit-4.13.jar:4.13]
	at org.junit.internal.runners.model.ReflectiveCallable.run(ReflectiveCallable.java:12) ~[junit-4.13.jar:4.13]
	at org.junit.runners.model.FrameworkMethod.invokeExplosively(FrameworkMethod.java:56) ~[junit-4.13.jar:4.13]
	at org.junit.internal.runners.statements.InvokeMethod.evaluate(InvokeMethod.java:17) ~[junit-4.13.jar:4.13]
	at org.junit.internal.runners.statements.RunBefores.evaluate(RunBefores.java:26) ~[junit-4.13.jar:4.13]
	at org.junit.internal.runners.statements.RunAfters.evaluate(RunAfters.java:27) ~[junit-4.13.jar:4.13]
	at org.junit.rules.TestWatcher$1.evaluate(TestWatcher.java:61) [junit-4.13.jar:4.13]
	at org.junit.runners.ParentRunner$3.evaluate(ParentRunner.java:306) [junit-4.13.jar:4.13]
	at org.junit.runners.BlockJUnit4ClassRunner$1.evaluate(BlockJUnit4ClassRunner.java:100) [junit-4.13.jar:4.13]
	at org.junit.runners.ParentRunner.runLeaf(ParentRunner.java:366) [junit-4.13.jar:4.13]
	at org.junit.runners.BlockJUnit4ClassRunner.runChild(BlockJUnit4ClassRunner.java:103) [junit-4.13.jar:4.13]
	at org.junit.runners.BlockJUnit4ClassRunner.runChild(BlockJUnit4ClassRunner.java:63) [junit-4.13.jar:4.13]
	at org.junit.runners.ParentRunner$4.run(ParentRunner.java:331) [junit-4.13.jar:4.13]
	at org.junit.runners.ParentRunner$1.schedule(ParentRunner.java:79) [junit-4.13.jar:4.13]
	at org.junit.runners.ParentRunner.runChildren(ParentRunner.java:329) [junit-4.13.jar:4.13]
	at org.junit.runners.ParentRunner.access$100(ParentRunner.java:66) [junit-4.13.jar:4.13]
	at org.junit.runners.ParentRunner$2.evaluate(ParentRunner.java:293) [junit-4.13.jar:4.13]
	at org.junit.runners.ParentRunner.run(ParentRunner.java:413) [junit-4.13.jar:4.13]
	at org.junit.runners.Suite.runChild(Suite.java:128) [junit-4.13.jar:4.13]
	at org.junit.runners.Suite.runChild(Suite.java:27) [junit-4.13.jar:4.13]
	at org.junit.runners.ParentRunner$4.run(ParentRunner.java:331) [junit-4.13.jar:4.13]
	at org.junit.runners.ParentRunner$1.schedule(ParentRunner.java:79) [junit-4.13.jar:4.13]
	at org.junit.runners.ParentRunner.runChildren(ParentRunner.java:329) [junit-4.13.jar:4.13]
	at org.junit.runners.ParentRunner.access$100(ParentRunner.java:66) [junit-4.13.jar:4.13]
	at org.junit.runners.ParentRunner$2.evaluate(ParentRunner.java:293) [junit-4.13.jar:4.13]
	at org.junit.internal.runners.statements.RunAfters.evaluate(RunAfters.java:27) [junit-4.13.jar:4.13]
	at org.junit.runners.ParentRunner$3.evaluate(ParentRunner.java:306) [junit-4.13.jar:4.13]
	at org.junit.runners.ParentRunner.run(ParentRunner.java:413) [junit-4.13.jar:4.13]
	at org.eclipse.jdt.internal.junit4.runner.JUnit4TestReference.run(JUnit4TestReference.java:93) [.cp/:?]
	at org.eclipse.jdt.internal.junit.runner.TestExecution.run(TestExecution.java:40) [.cp/:?]
	at org.eclipse.jdt.internal.junit.runner.RemoteTestRunner.runTests(RemoteTestRunner.java:530) [.cp/:?]
	at org.eclipse.jdt.internal.junit.runner.RemoteTestRunner.runTests(RemoteTestRunner.java:758) [.cp/:?]
	at org.eclipse.jdt.internal.junit.runner.RemoteTestRunner.run(RemoteTestRunner.java:453) [.cp/:?]
	at org.eclipse.jdt.internal.junit.runner.RemoteTestRunner.main(RemoteTestRunner.java:211) [.cp/:?]
2025-12-30 03:43:16 INFO  === END   tests.productCardsTests.ProductCardElementsTests.cardValidation[Exp#9 [f1=1, f2=3, f3=3, f4=1, f5=3, f6=2, f7=1, f8=2]] ===
2025-12-30 03:43:16 INFO  === START tests.productCardsTests.ProductCardElementsTests.cardValidation[Exp#10 [f1=2, f2=1, f3=1, f4=3, f5=3, f6=2, f7=2, f8=1]] ===
2025-12-30 03:43:16 ERROR === FAIL  tests.productCardsTests.ProductCardElementsTests.cardValidation[Exp#10 [f1=2, f2=1, f3=1, f4=3, f5=3, f6=2, f7=2, f8=1]] ===
java.lang.Error: Unresolved compilation problem: 
	isThereReviewBtnInProductCard cannot be resolved to a variable

	at tests.productCardsTests.ProductCardElementsTests.cardValidation(ProductCardElementsTests.java:62) ~[test-classes/:?]
	at jdk.internal.reflect.DirectMethodHandleAccessor.invoke(DirectMethodHandleAccessor.java:103) ~[?:?]
	at java.lang.reflect.Method.invoke(Method.java:580) ~[?:?]
	at org.junit.runners.model.FrameworkMethod$1.runReflectiveCall(FrameworkMethod.java:59) ~[junit-4.13.jar:4.13]
	at org.junit.internal.runners.model.ReflectiveCallable.run(ReflectiveCallable.java:12) ~[junit-4.13.jar:4.13]
	at org.junit.runners.model.FrameworkMethod.invokeExplosively(FrameworkMethod.java:56) ~[junit-4.13.jar:4.13]
	at org.junit.internal.runners.statements.InvokeMethod.evaluate(InvokeMethod.java:17) ~[junit-4.13.jar:4.13]
	at org.junit.internal.runners.statements.RunBefores.evaluate(RunBefores.java:26) ~[junit-4.13.jar:4.13]
	at org.junit.internal.runners.statements.RunAfters.evaluate(RunAfters.java:27) ~[junit-4.13.jar:4.13]
	at org.junit.rules.TestWatcher$1.evaluate(TestWatcher.java:61) [junit-4.13.jar:4.13]
	at org.junit.runners.ParentRunner$3.evaluate(ParentRunner.java:306) [junit-4.13.jar:4.13]
	at org.junit.runners.BlockJUnit4ClassRunner$1.evaluate(BlockJUnit4ClassRunner.java:100) [junit-4.13.jar:4.13]
	at org.junit.runners.ParentRunner.runLeaf(ParentRunner.java:366) [junit-4.13.jar:4.13]
	at org.junit.runners.BlockJUnit4ClassRunner.runChild(BlockJUnit4ClassRunner.java:103) [junit-4.13.jar:4.13]
	at org.junit.runners.BlockJUnit4ClassRunner.runChild(BlockJUnit4ClassRunner.java:63) [junit-4.13.jar:4.13]
	at org.junit.runners.ParentRunner$4.run(ParentRunner.java:331) [junit-4.13.jar:4.13]
	at org.junit.runners.ParentRunner$1.schedule(ParentRunner.java:79) [junit-4.13.jar:4.13]
	at org.junit.runners.ParentRunner.runChildren(ParentRunner.java:329) [junit-4.13.jar:4.13]
	at org.junit.runners.ParentRunner.access$100(ParentRunner.java:66) [junit-4.13.jar:4.13]
	at org.junit.runners.ParentRunner$2.evaluate(ParentRunner.java:293) [junit-4.13.jar:4.13]
	at org.junit.runners.ParentRunner.run(ParentRunner.java:413) [junit-4.13.jar:4.13]
	at org.junit.runners.Suite.runChild(Suite.java:128) [junit-4.13.jar:4.13]
	at org.junit.runners.Suite.runChild(Suite.java:27) [junit-4.13.jar:4.13]
	at org.junit.runners.ParentRunner$4.run(ParentRunner.java:331) [junit-4.13.jar:4.13]
	at org.junit.runners.ParentRunner$1.schedule(ParentRunner.java:79) [junit-4.13.jar:4.13]
	at org.junit.runners.ParentRunner.runChildren(ParentRunner.java:329) [junit-4.13.jar:4.13]
	at org.junit.runners.ParentRunner.access$100(ParentRunner.java:66) [junit-4.13.jar:4.13]
	at org.junit.runners.ParentRunner$2.evaluate(ParentRunner.java:293) [junit-4.13.jar:4.13]
	at org.junit.internal.runners.statements.RunAfters.evaluate(RunAfters.java:27) [junit-4.13.jar:4.13]
	at org.junit.runners.ParentRunner$3.evaluate(ParentRunner.java:306) [junit-4.13.jar:4.13]
	at org.junit.runners.ParentRunner.run(ParentRunner.java:413) [junit-4.13.jar:4.13]
	at org.eclipse.jdt.internal.junit4.runner.JUnit4TestReference.run(JUnit4TestReference.java:93) [.cp/:?]
	at org.eclipse.jdt.internal.junit.runner.TestExecution.run(TestExecution.java:40) [.cp/:?]
	at org.eclipse.jdt.internal.junit.runner.RemoteTestRunner.runTests(RemoteTestRunner.java:530) [.cp/:?]
	at org.eclipse.jdt.internal.junit.runner.RemoteTestRunner.runTests(RemoteTestRunner.java:758) [.cp/:?]
	at org.eclipse.jdt.internal.junit.runner.RemoteTestRunner.run(RemoteTestRunner.java:453) [.cp/:?]
	at org.eclipse.jdt.internal.junit.runner.RemoteTestRunner.main(RemoteTestRunner.java:211) [.cp/:?]
2025-12-30 03:43:16 INFO  === END   tests.productCardsTests.ProductCardElementsTests.cardValidation[Exp#10 [f1=2, f2=1, f3=1, f4=3, f5=3, f6=2, f7=2, f8=1]] ===
2025-12-30 03:43:16 INFO  === START tests.productCardsTests.ProductCardElementsTests.cardValidation[Exp#11 [f1=2, f2=1, f3=2, f4=1, f5=1, f6=3, f7=3, f8=2]] ===
2025-12-30 03:43:16 ERROR === FAIL  tests.productCardsTests.ProductCardElementsTests.cardValidation[Exp#11 [f1=2, f2=1, f3=2, f4=1, f5=1, f6=3, f7=3, f8=2]] ===
java.lang.Error: Unresolved compilation problem: 
	isThereReviewBtnInProductCard cannot be resolved to a variable

	at tests.productCardsTests.ProductCardElementsTests.cardValidation(ProductCardElementsTests.java:62) ~[test-classes/:?]
	at jdk.internal.reflect.DirectMethodHandleAccessor.invoke(DirectMethodHandleAccessor.java:103) ~[?:?]
	at java.lang.reflect.Method.invoke(Method.java:580) ~[?:?]
	at org.junit.runners.model.FrameworkMethod$1.runReflectiveCall(FrameworkMethod.java:59) ~[junit-4.13.jar:4.13]
	at org.junit.internal.runners.model.ReflectiveCallable.run(ReflectiveCallable.java:12) ~[junit-4.13.jar:4.13]
	at org.junit.runners.model.FrameworkMethod.invokeExplosively(FrameworkMethod.java:56) ~[junit-4.13.jar:4.13]
	at org.junit.internal.runners.statements.InvokeMethod.evaluate(InvokeMethod.java:17) ~[junit-4.13.jar:4.13]
	at org.junit.internal.runners.statements.RunBefores.evaluate(RunBefores.java:26) ~[junit-4.13.jar:4.13]
	at org.junit.internal.runners.statements.RunAfters.evaluate(RunAfters.java:27) ~[junit-4.13.jar:4.13]
	at org.junit.rules.TestWatcher$1.evaluate(TestWatcher.java:61) [junit-4.13.jar:4.13]
	at org.junit.runners.ParentRunner$3.evaluate(ParentRunner.java:306) [junit-4.13.jar:4.13]
	at org.junit.runners.BlockJUnit4ClassRunner$1.evaluate(BlockJUnit4ClassRunner.java:100) [junit-4.13.jar:4.13]
	at org.junit.runners.ParentRunner.runLeaf(ParentRunner.java:366) [junit-4.13.jar:4.13]
	at org.junit.runners.BlockJUnit4ClassRunner.runChild(BlockJUnit4ClassRunner.java:103) [junit-4.13.jar:4.13]
	at org.junit.runners.BlockJUnit4ClassRunner.runChild(BlockJUnit4ClassRunner.java:63) [junit-4.13.jar:4.13]
	at org.junit.runners.ParentRunner$4.run(ParentRunner.java:331) [junit-4.13.jar:4.13]
	at org.junit.runners.ParentRunner$1.schedule(ParentRunner.java:79) [junit-4.13.jar:4.13]
	at org.junit.runners.ParentRunner.runChildren(ParentRunner.java:329) [junit-4.13.jar:4.13]
	at org.junit.runners.ParentRunner.access$100(ParentRunner.java:66) [junit-4.13.jar:4.13]
	at org.junit.runners.ParentRunner$2.evaluate(ParentRunner.java:293) [junit-4.13.jar:4.13]
	at org.junit.runners.ParentRunner.run(ParentRunner.java:413) [junit-4.13.jar:4.13]
	at org.junit.runners.Suite.runChild(Suite.java:128) [junit-4.13.jar:4.13]
	at org.junit.runners.Suite.runChild(Suite.java:27) [junit-4.13.jar:4.13]
	at org.junit.runners.ParentRunner$4.run(ParentRunner.java:331) [junit-4.13.jar:4.13]
	at org.junit.runners.ParentRunner$1.schedule(ParentRunner.java:79) [junit-4.13.jar:4.13]
	at org.junit.runners.ParentRunner.runChildren(ParentRunner.java:329) [junit-4.13.jar:4.13]
	at org.junit.runners.ParentRunner.access$100(ParentRunner.java:66) [junit-4.13.jar:4.13]
	at org.junit.runners.ParentRunner$2.evaluate(ParentRunner.java:293) [junit-4.13.jar:4.13]
	at org.junit.internal.runners.statements.RunAfters.evaluate(RunAfters.java:27) [junit-4.13.jar:4.13]
	at org.junit.runners.ParentRunner$3.evaluate(ParentRunner.java:306) [junit-4.13.jar:4.13]
	at org.junit.runners.ParentRunner.run(ParentRunner.java:413) [junit-4.13.jar:4.13]
	at org.eclipse.jdt.internal.junit4.runner.JUnit4TestReference.run(JUnit4TestReference.java:93) [.cp/:?]
	at org.eclipse.jdt.internal.junit.runner.TestExecution.run(TestExecution.java:40) [.cp/:?]
	at org.eclipse.jdt.internal.junit.runner.RemoteTestRunner.runTests(RemoteTestRunner.java:530) [.cp/:?]
	at org.eclipse.jdt.internal.junit.runner.RemoteTestRunner.runTests(RemoteTestRunner.java:758) [.cp/:?]
	at org.eclipse.jdt.internal.junit.runner.RemoteTestRunner.run(RemoteTestRunner.java:453) [.cp/:?]
	at org.eclipse.jdt.internal.junit.runner.RemoteTestRunner.main(RemoteTestRunner.java:211) [.cp/:?]
2025-12-30 03:43:16 INFO  === END   tests.productCardsTests.ProductCardElementsTests.cardValidation[Exp#11 [f1=2, f2=1, f3=2, f4=1, f5=1, f6=3, f7=3, f8=2]] ===
2025-12-30 03:43:16 INFO  === START tests.productCardsTests.ProductCardElementsTests.cardValidation[Exp#12 [f1=2, f2=1, f3=3, f4=2, f5=2, f6=1, f7=1, f8=3]] ===
2025-12-30 03:43:16 ERROR === FAIL  tests.productCardsTests.ProductCardElementsTests.cardValidation[Exp#12 [f1=2, f2=1, f3=3, f4=2, f5=2, f6=1, f7=1, f8=3]] ===
java.lang.Error: Unresolved compilation problem: 
	isThereReviewBtnInProductCard cannot be resolved to a variable

	at tests.productCardsTests.ProductCardElementsTests.cardValidation(ProductCardElementsTests.java:62) ~[test-classes/:?]
	at jdk.internal.reflect.DirectMethodHandleAccessor.invoke(DirectMethodHandleAccessor.java:103) ~[?:?]
	at java.lang.reflect.Method.invoke(Method.java:580) ~[?:?]
	at org.junit.runners.model.FrameworkMethod$1.runReflectiveCall(FrameworkMethod.java:59) ~[junit-4.13.jar:4.13]
	at org.junit.internal.runners.model.ReflectiveCallable.run(ReflectiveCallable.java:12) ~[junit-4.13.jar:4.13]
	at org.junit.runners.model.FrameworkMethod.invokeExplosively(FrameworkMethod.java:56) ~[junit-4.13.jar:4.13]
	at org.junit.internal.runners.statements.InvokeMethod.evaluate(InvokeMethod.java:17) ~[junit-4.13.jar:4.13]
	at org.junit.internal.runners.statements.RunBefores.evaluate(RunBefores.java:26) ~[junit-4.13.jar:4.13]
	at org.junit.internal.runners.statements.RunAfters.evaluate(RunAfters.java:27) ~[junit-4.13.jar:4.13]
	at org.junit.rules.TestWatcher$1.evaluate(TestWatcher.java:61) [junit-4.13.jar:4.13]
	at org.junit.runners.ParentRunner$3.evaluate(ParentRunner.java:306) [junit-4.13.jar:4.13]
	at org.junit.runners.BlockJUnit4ClassRunner$1.evaluate(BlockJUnit4ClassRunner.java:100) [junit-4.13.jar:4.13]
	at org.junit.runners.ParentRunner.runLeaf(ParentRunner.java:366) [junit-4.13.jar:4.13]
	at org.junit.runners.BlockJUnit4ClassRunner.runChild(BlockJUnit4ClassRunner.java:103) [junit-4.13.jar:4.13]
	at org.junit.runners.BlockJUnit4ClassRunner.runChild(BlockJUnit4ClassRunner.java:63) [junit-4.13.jar:4.13]
	at org.junit.runners.ParentRunner$4.run(ParentRunner.java:331) [junit-4.13.jar:4.13]
	at org.junit.runners.ParentRunner$1.schedule(ParentRunner.java:79) [junit-4.13.jar:4.13]
	at org.junit.runners.ParentRunner.runChildren(ParentRunner.java:329) [junit-4.13.jar:4.13]
	at org.junit.runners.ParentRunner.access$100(ParentRunner.java:66) [junit-4.13.jar:4.13]
	at org.junit.runners.ParentRunner$2.evaluate(ParentRunner.java:293) [junit-4.13.jar:4.13]
	at org.junit.runners.ParentRunner.run(ParentRunner.java:413) [junit-4.13.jar:4.13]
	at org.junit.runners.Suite.runChild(Suite.java:128) [junit-4.13.jar:4.13]
	at org.junit.runners.Suite.runChild(Suite.java:27) [junit-4.13.jar:4.13]
	at org.junit.runners.ParentRunner$4.run(ParentRunner.java:331) [junit-4.13.jar:4.13]
	at org.junit.runners.ParentRunner$1.schedule(ParentRunner.java:79) [junit-4.13.jar:4.13]
	at org.junit.runners.ParentRunner.runChildren(ParentRunner.java:329) [junit-4.13.jar:4.13]
	at org.junit.runners.ParentRunner.access$100(ParentRunner.java:66) [junit-4.13.jar:4.13]
	at org.junit.runners.ParentRunner$2.evaluate(ParentRunner.java:293) [junit-4.13.jar:4.13]
	at org.junit.internal.runners.statements.RunAfters.evaluate(RunAfters.java:27) [junit-4.13.jar:4.13]
	at org.junit.runners.ParentRunner$3.evaluate(ParentRunner.java:306) [junit-4.13.jar:4.13]
	at org.junit.runners.ParentRunner.run(ParentRunner.java:413) [junit-4.13.jar:4.13]
	at org.eclipse.jdt.internal.junit4.runner.JUnit4TestReference.run(JUnit4TestReference.java:93) [.cp/:?]
	at org.eclipse.jdt.internal.junit.runner.TestExecution.run(TestExecution.java:40) [.cp/:?]
	at org.eclipse.jdt.internal.junit.runner.RemoteTestRunner.runTests(RemoteTestRunner.java:530) [.cp/:?]
	at org.eclipse.jdt.internal.junit.runner.RemoteTestRunner.runTests(RemoteTestRunner.java:758) [.cp/:?]
	at org.eclipse.jdt.internal.junit.runner.RemoteTestRunner.run(RemoteTestRunner.java:453) [.cp/:?]
	at org.eclipse.jdt.internal.junit.runner.RemoteTestRunner.main(RemoteTestRunner.java:211) [.cp/:?]
2025-12-30 03:43:16 INFO  === END   tests.productCardsTests.ProductCardElementsTests.cardValidation[Exp#12 [f1=2, f2=1, f3=3, f4=2, f5=2, f6=1, f7=1, f8=3]] ===
2025-12-30 03:43:16 INFO  === START tests.productCardsTests.ProductCardElementsTests.cardValidation[Exp#13 [f1=2, f2=2, f3=1, f4=2, f5=3, f6=1, f7=3, f8=2]] ===
2025-12-30 03:43:16 ERROR === FAIL  tests.productCardsTests.ProductCardElementsTests.cardValidation[Exp#13 [f1=2, f2=2, f3=1, f4=2, f5=3, f6=1, f7=3, f8=2]] ===
java.lang.Error: Unresolved compilation problem: 
	isThereReviewBtnInProductCard cannot be resolved to a variable

	at tests.productCardsTests.ProductCardElementsTests.cardValidation(ProductCardElementsTests.java:62) ~[test-classes/:?]
	at jdk.internal.reflect.DirectMethodHandleAccessor.invoke(DirectMethodHandleAccessor.java:103) ~[?:?]
	at java.lang.reflect.Method.invoke(Method.java:580) ~[?:?]
	at org.junit.runners.model.FrameworkMethod$1.runReflectiveCall(FrameworkMethod.java:59) ~[junit-4.13.jar:4.13]
	at org.junit.internal.runners.model.ReflectiveCallable.run(ReflectiveCallable.java:12) ~[junit-4.13.jar:4.13]
	at org.junit.runners.model.FrameworkMethod.invokeExplosively(FrameworkMethod.java:56) ~[junit-4.13.jar:4.13]
	at org.junit.internal.runners.statements.InvokeMethod.evaluate(InvokeMethod.java:17) ~[junit-4.13.jar:4.13]
	at org.junit.internal.runners.statements.RunBefores.evaluate(RunBefores.java:26) ~[junit-4.13.jar:4.13]
	at org.junit.internal.runners.statements.RunAfters.evaluate(RunAfters.java:27) ~[junit-4.13.jar:4.13]
	at org.junit.rules.TestWatcher$1.evaluate(TestWatcher.java:61) [junit-4.13.jar:4.13]
	at org.junit.runners.ParentRunner$3.evaluate(ParentRunner.java:306) [junit-4.13.jar:4.13]
	at org.junit.runners.BlockJUnit4ClassRunner$1.evaluate(BlockJUnit4ClassRunner.java:100) [junit-4.13.jar:4.13]
	at org.junit.runners.ParentRunner.runLeaf(ParentRunner.java:366) [junit-4.13.jar:4.13]
	at org.junit.runners.BlockJUnit4ClassRunner.runChild(BlockJUnit4ClassRunner.java:103) [junit-4.13.jar:4.13]
	at org.junit.runners.BlockJUnit4ClassRunner.runChild(BlockJUnit4ClassRunner.java:63) [junit-4.13.jar:4.13]
	at org.junit.runners.ParentRunner$4.run(ParentRunner.java:331) [junit-4.13.jar:4.13]
	at org.junit.runners.ParentRunner$1.schedule(ParentRunner.java:79) [junit-4.13.jar:4.13]
	at org.junit.runners.ParentRunner.runChildren(ParentRunner.java:329) [junit-4.13.jar:4.13]
	at org.junit.runners.ParentRunner.access$100(ParentRunner.java:66) [junit-4.13.jar:4.13]
	at org.junit.runners.ParentRunner$2.evaluate(ParentRunner.java:293) [junit-4.13.jar:4.13]
	at org.junit.runners.ParentRunner.run(ParentRunner.java:413) [junit-4.13.jar:4.13]
	at org.junit.runners.Suite.runChild(Suite.java:128) [junit-4.13.jar:4.13]
	at org.junit.runners.Suite.runChild(Suite.java:27) [junit-4.13.jar:4.13]
	at org.junit.runners.ParentRunner$4.run(ParentRunner.java:331) [junit-4.13.jar:4.13]
	at org.junit.runners.ParentRunner$1.schedule(ParentRunner.java:79) [junit-4.13.jar:4.13]
	at org.junit.runners.ParentRunner.runChildren(ParentRunner.java:329) [junit-4.13.jar:4.13]
	at org.junit.runners.ParentRunner.access$100(ParentRunner.java:66) [junit-4.13.jar:4.13]
	at org.junit.runners.ParentRunner$2.evaluate(ParentRunner.java:293) [junit-4.13.jar:4.13]
	at org.junit.internal.runners.statements.RunAfters.evaluate(RunAfters.java:27) [junit-4.13.jar:4.13]
	at org.junit.runners.ParentRunner$3.evaluate(ParentRunner.java:306) [junit-4.13.jar:4.13]
	at org.junit.runners.ParentRunner.run(ParentRunner.java:413) [junit-4.13.jar:4.13]
	at org.eclipse.jdt.internal.junit4.runner.JUnit4TestReference.run(JUnit4TestReference.java:93) [.cp/:?]
	at org.eclipse.jdt.internal.junit.runner.TestExecution.run(TestExecution.java:40) [.cp/:?]
	at org.eclipse.jdt.internal.junit.runner.RemoteTestRunner.runTests(RemoteTestRunner.java:530) [.cp/:?]
	at org.eclipse.jdt.internal.junit.runner.RemoteTestRunner.runTests(RemoteTestRunner.java:758) [.cp/:?]
	at org.eclipse.jdt.internal.junit.runner.RemoteTestRunner.run(RemoteTestRunner.java:453) [.cp/:?]
	at org.eclipse.jdt.internal.junit.runner.RemoteTestRunner.main(RemoteTestRunner.java:211) [.cp/:?]
2025-12-30 03:43:16 INFO  === END   tests.productCardsTests.ProductCardElementsTests.cardValidation[Exp#13 [f1=2, f2=2, f3=1, f4=2, f5=3, f6=1, f7=3, f8=2]] ===
2025-12-30 03:43:16 INFO  === START tests.productCardsTests.ProductCardElementsTests.cardValidation[Exp#14 [f1=2, f2=2, f3=2, f4=3, f5=1, f6=2, f7=1, f8=3]] ===
2025-12-30 03:43:16 ERROR === FAIL  tests.productCardsTests.ProductCardElementsTests.cardValidation[Exp#14 [f1=2, f2=2, f3=2, f4=3, f5=1, f6=2, f7=1, f8=3]] ===
java.lang.Error: Unresolved compilation problem: 
	isThereReviewBtnInProductCard cannot be resolved to a variable

	at tests.productCardsTests.ProductCardElementsTests.cardValidation(ProductCardElementsTests.java:62) ~[test-classes/:?]
	at jdk.internal.reflect.DirectMethodHandleAccessor.invoke(DirectMethodHandleAccessor.java:103) ~[?:?]
	at java.lang.reflect.Method.invoke(Method.java:580) ~[?:?]
	at org.junit.runners.model.FrameworkMethod$1.runReflectiveCall(FrameworkMethod.java:59) ~[junit-4.13.jar:4.13]
	at org.junit.internal.runners.model.ReflectiveCallable.run(ReflectiveCallable.java:12) ~[junit-4.13.jar:4.13]
	at org.junit.runners.model.FrameworkMethod.invokeExplosively(FrameworkMethod.java:56) ~[junit-4.13.jar:4.13]
	at org.junit.internal.runners.statements.InvokeMethod.evaluate(InvokeMethod.java:17) ~[junit-4.13.jar:4.13]
	at org.junit.internal.runners.statements.RunBefores.evaluate(RunBefores.java:26) ~[junit-4.13.jar:4.13]
	at org.junit.internal.runners.statements.RunAfters.evaluate(RunAfters.java:27) ~[junit-4.13.jar:4.13]
	at org.junit.rules.TestWatcher$1.evaluate(TestWatcher.java:61) [junit-4.13.jar:4.13]
	at org.junit.runners.ParentRunner$3.evaluate(ParentRunner.java:306) [junit-4.13.jar:4.13]
	at org.junit.runners.BlockJUnit4ClassRunner$1.evaluate(BlockJUnit4ClassRunner.java:100) [junit-4.13.jar:4.13]
	at org.junit.runners.ParentRunner.runLeaf(ParentRunner.java:366) [junit-4.13.jar:4.13]
	at org.junit.runners.BlockJUnit4ClassRunner.runChild(BlockJUnit4ClassRunner.java:103) [junit-4.13.jar:4.13]
	at org.junit.runners.BlockJUnit4ClassRunner.runChild(BlockJUnit4ClassRunner.java:63) [junit-4.13.jar:4.13]
	at org.junit.runners.ParentRunner$4.run(ParentRunner.java:331) [junit-4.13.jar:4.13]
	at org.junit.runners.ParentRunner$1.schedule(ParentRunner.java:79) [junit-4.13.jar:4.13]
	at org.junit.runners.ParentRunner.runChildren(ParentRunner.java:329) [junit-4.13.jar:4.13]
	at org.junit.runners.ParentRunner.access$100(ParentRunner.java:66) [junit-4.13.jar:4.13]
	at org.junit.runners.ParentRunner$2.evaluate(ParentRunner.java:293) [junit-4.13.jar:4.13]
	at org.junit.runners.ParentRunner.run(ParentRunner.java:413) [junit-4.13.jar:4.13]
	at org.junit.runners.Suite.runChild(Suite.java:128) [junit-4.13.jar:4.13]
	at org.junit.runners.Suite.runChild(Suite.java:27) [junit-4.13.jar:4.13]
	at org.junit.runners.ParentRunner$4.run(ParentRunner.java:331) [junit-4.13.jar:4.13]
	at org.junit.runners.ParentRunner$1.schedule(ParentRunner.java:79) [junit-4.13.jar:4.13]
	at org.junit.runners.ParentRunner.runChildren(ParentRunner.java:329) [junit-4.13.jar:4.13]
	at org.junit.runners.ParentRunner.access$100(ParentRunner.java:66) [junit-4.13.jar:4.13]
	at org.junit.runners.ParentRunner$2.evaluate(ParentRunner.java:293) [junit-4.13.jar:4.13]
	at org.junit.internal.runners.statements.RunAfters.evaluate(RunAfters.java:27) [junit-4.13.jar:4.13]
	at org.junit.runners.ParentRunner$3.evaluate(ParentRunner.java:306) [junit-4.13.jar:4.13]
	at org.junit.runners.ParentRunner.run(ParentRunner.java:413) [junit-4.13.jar:4.13]
	at org.eclipse.jdt.internal.junit4.runner.JUnit4TestReference.run(JUnit4TestReference.java:93) [.cp/:?]
	at org.eclipse.jdt.internal.junit.runner.TestExecution.run(TestExecution.java:40) [.cp/:?]
	at org.eclipse.jdt.internal.junit.runner.RemoteTestRunner.runTests(RemoteTestRunner.java:530) [.cp/:?]
	at org.eclipse.jdt.internal.junit.runner.RemoteTestRunner.runTests(RemoteTestRunner.java:758) [.cp/:?]
	at org.eclipse.jdt.internal.junit.runner.RemoteTestRunner.run(RemoteTestRunner.java:453) [.cp/:?]
	at org.eclipse.jdt.internal.junit.runner.RemoteTestRunner.main(RemoteTestRunner.java:211) [.cp/:?]
2025-12-30 03:43:16 INFO  === END   tests.productCardsTests.ProductCardElementsTests.cardValidation[Exp#14 [f1=2, f2=2, f3=2, f4=3, f5=1, f6=2, f7=1, f8=3]] ===
2025-12-30 03:43:16 INFO  === START tests.productCardsTests.ProductCardElementsTests.cardValidation[Exp#15 [f1=2, f2=2, f3=3, f4=1, f5=2, f6=3, f7=2, f8=1]] ===
2025-12-30 03:43:16 ERROR === FAIL  tests.productCardsTests.ProductCardElementsTests.cardValidation[Exp#15 [f1=2, f2=2, f3=3, f4=1, f5=2, f6=3, f7=2, f8=1]] ===
java.lang.Error: Unresolved compilation problem: 
	isThereReviewBtnInProductCard cannot be resolved to a variable

	at tests.productCardsTests.ProductCardElementsTests.cardValidation(ProductCardElementsTests.java:62) ~[test-classes/:?]
	at jdk.internal.reflect.DirectMethodHandleAccessor.invoke(DirectMethodHandleAccessor.java:103) ~[?:?]
	at java.lang.reflect.Method.invoke(Method.java:580) ~[?:?]
	at org.junit.runners.model.FrameworkMethod$1.runReflectiveCall(FrameworkMethod.java:59) ~[junit-4.13.jar:4.13]
	at org.junit.internal.runners.model.ReflectiveCallable.run(ReflectiveCallable.java:12) ~[junit-4.13.jar:4.13]
	at org.junit.runners.model.FrameworkMethod.invokeExplosively(FrameworkMethod.java:56) ~[junit-4.13.jar:4.13]
	at org.junit.internal.runners.statements.InvokeMethod.evaluate(InvokeMethod.java:17) ~[junit-4.13.jar:4.13]
	at org.junit.internal.runners.statements.RunBefores.evaluate(RunBefores.java:26) ~[junit-4.13.jar:4.13]
	at org.junit.internal.runners.statements.RunAfters.evaluate(RunAfters.java:27) ~[junit-4.13.jar:4.13]
	at org.junit.rules.TestWatcher$1.evaluate(TestWatcher.java:61) [junit-4.13.jar:4.13]
	at org.junit.runners.ParentRunner$3.evaluate(ParentRunner.java:306) [junit-4.13.jar:4.13]
	at org.junit.runners.BlockJUnit4ClassRunner$1.evaluate(BlockJUnit4ClassRunner.java:100) [junit-4.13.jar:4.13]
	at org.junit.runners.ParentRunner.runLeaf(ParentRunner.java:366) [junit-4.13.jar:4.13]
	at org.junit.runners.BlockJUnit4ClassRunner.runChild(BlockJUnit4ClassRunner.java:103) [junit-4.13.jar:4.13]
	at org.junit.runners.BlockJUnit4ClassRunner.runChild(BlockJUnit4ClassRunner.java:63) [junit-4.13.jar:4.13]
	at org.junit.runners.ParentRunner$4.run(ParentRunner.java:331) [junit-4.13.jar:4.13]
	at org.junit.runners.ParentRunner$1.schedule(ParentRunner.java:79) [junit-4.13.jar:4.13]
	at org.junit.runners.ParentRunner.runChildren(ParentRunner.java:329) [junit-4.13.jar:4.13]
	at org.junit.runners.ParentRunner.access$100(ParentRunner.java:66) [junit-4.13.jar:4.13]
	at org.junit.runners.ParentRunner$2.evaluate(ParentRunner.java:293) [junit-4.13.jar:4.13]
	at org.junit.runners.ParentRunner.run(ParentRunner.java:413) [junit-4.13.jar:4.13]
	at org.junit.runners.Suite.runChild(Suite.java:128) [junit-4.13.jar:4.13]
	at org.junit.runners.Suite.runChild(Suite.java:27) [junit-4.13.jar:4.13]
	at org.junit.runners.ParentRunner$4.run(ParentRunner.java:331) [junit-4.13.jar:4.13]
	at org.junit.runners.ParentRunner$1.schedule(ParentRunner.java:79) [junit-4.13.jar:4.13]
	at org.junit.runners.ParentRunner.runChildren(ParentRunner.java:329) [junit-4.13.jar:4.13]
	at org.junit.runners.ParentRunner.access$100(ParentRunner.java:66) [junit-4.13.jar:4.13]
	at org.junit.runners.ParentRunner$2.evaluate(ParentRunner.java:293) [junit-4.13.jar:4.13]
	at org.junit.internal.runners.statements.RunAfters.evaluate(RunAfters.java:27) [junit-4.13.jar:4.13]
	at org.junit.runners.ParentRunner$3.evaluate(ParentRunner.java:306) [junit-4.13.jar:4.13]
	at org.junit.runners.ParentRunner.run(ParentRunner.java:413) [junit-4.13.jar:4.13]
	at org.eclipse.jdt.internal.junit4.runner.JUnit4TestReference.run(JUnit4TestReference.java:93) [.cp/:?]
	at org.eclipse.jdt.internal.junit.runner.TestExecution.run(TestExecution.java:40) [.cp/:?]
	at org.eclipse.jdt.internal.junit.runner.RemoteTestRunner.runTests(RemoteTestRunner.java:530) [.cp/:?]
	at org.eclipse.jdt.internal.junit.runner.RemoteTestRunner.runTests(RemoteTestRunner.java:758) [.cp/:?]
	at org.eclipse.jdt.internal.junit.runner.RemoteTestRunner.run(RemoteTestRunner.java:453) [.cp/:?]
	at org.eclipse.jdt.internal.junit.runner.RemoteTestRunner.main(RemoteTestRunner.java:211) [.cp/:?]
2025-12-30 03:43:16 INFO  === END   tests.productCardsTests.ProductCardElementsTests.cardValidation[Exp#15 [f1=2, f2=2, f3=3, f4=1, f5=2, f6=3, f7=2, f8=1]] ===
2025-12-30 03:43:16 INFO  === START tests.productCardsTests.ProductCardElementsTests.cardValidation[Exp#16 [f1=2, f2=3, f3=1, f4=3, f5=2, f6=3, f7=1, f8=2]] ===
2025-12-30 03:43:16 ERROR === FAIL  tests.productCardsTests.ProductCardElementsTests.cardValidation[Exp#16 [f1=2, f2=3, f3=1, f4=3, f5=2, f6=3, f7=1, f8=2]] ===
java.lang.Error: Unresolved compilation problem: 
	isThereReviewBtnInProductCard cannot be resolved to a variable

	at tests.productCardsTests.ProductCardElementsTests.cardValidation(ProductCardElementsTests.java:62) ~[test-classes/:?]
	at jdk.internal.reflect.DirectMethodHandleAccessor.invoke(DirectMethodHandleAccessor.java:103) ~[?:?]
	at java.lang.reflect.Method.invoke(Method.java:580) ~[?:?]
	at org.junit.runners.model.FrameworkMethod$1.runReflectiveCall(FrameworkMethod.java:59) ~[junit-4.13.jar:4.13]
	at org.junit.internal.runners.model.ReflectiveCallable.run(ReflectiveCallable.java:12) ~[junit-4.13.jar:4.13]
	at org.junit.runners.model.FrameworkMethod.invokeExplosively(FrameworkMethod.java:56) ~[junit-4.13.jar:4.13]
	at org.junit.internal.runners.statements.InvokeMethod.evaluate(InvokeMethod.java:17) ~[junit-4.13.jar:4.13]
	at org.junit.internal.runners.statements.RunBefores.evaluate(RunBefores.java:26) ~[junit-4.13.jar:4.13]
	at org.junit.internal.runners.statements.RunAfters.evaluate(RunAfters.java:27) ~[junit-4.13.jar:4.13]
	at org.junit.rules.TestWatcher$1.evaluate(TestWatcher.java:61) [junit-4.13.jar:4.13]
	at org.junit.runners.ParentRunner$3.evaluate(ParentRunner.java:306) [junit-4.13.jar:4.13]
	at org.junit.runners.BlockJUnit4ClassRunner$1.evaluate(BlockJUnit4ClassRunner.java:100) [junit-4.13.jar:4.13]
	at org.junit.runners.ParentRunner.runLeaf(ParentRunner.java:366) [junit-4.13.jar:4.13]
	at org.junit.runners.BlockJUnit4ClassRunner.runChild(BlockJUnit4ClassRunner.java:103) [junit-4.13.jar:4.13]
	at org.junit.runners.BlockJUnit4ClassRunner.runChild(BlockJUnit4ClassRunner.java:63) [junit-4.13.jar:4.13]
	at org.junit.runners.ParentRunner$4.run(ParentRunner.java:331) [junit-4.13.jar:4.13]
	at org.junit.runners.ParentRunner$1.schedule(ParentRunner.java:79) [junit-4.13.jar:4.13]
	at org.junit.runners.ParentRunner.runChildren(ParentRunner.java:329) [junit-4.13.jar:4.13]
	at org.junit.runners.ParentRunner.access$100(ParentRunner.java:66) [junit-4.13.jar:4.13]
	at org.junit.runners.ParentRunner$2.evaluate(ParentRunner.java:293) [junit-4.13.jar:4.13]
	at org.junit.runners.ParentRunner.run(ParentRunner.java:413) [junit-4.13.jar:4.13]
	at org.junit.runners.Suite.runChild(Suite.java:128) [junit-4.13.jar:4.13]
	at org.junit.runners.Suite.runChild(Suite.java:27) [junit-4.13.jar:4.13]
	at org.junit.runners.ParentRunner$4.run(ParentRunner.java:331) [junit-4.13.jar:4.13]
	at org.junit.runners.ParentRunner$1.schedule(ParentRunner.java:79) [junit-4.13.jar:4.13]
	at org.junit.runners.ParentRunner.runChildren(ParentRunner.java:329) [junit-4.13.jar:4.13]
	at org.junit.runners.ParentRunner.access$100(ParentRunner.java:66) [junit-4.13.jar:4.13]
	at org.junit.runners.ParentRunner$2.evaluate(ParentRunner.java:293) [junit-4.13.jar:4.13]
	at org.junit.internal.runners.statements.RunAfters.evaluate(RunAfters.java:27) [junit-4.13.jar:4.13]
	at org.junit.runners.ParentRunner$3.evaluate(ParentRunner.java:306) [junit-4.13.jar:4.13]
	at org.junit.runners.ParentRunner.run(ParentRunner.java:413) [junit-4.13.jar:4.13]
	at org.eclipse.jdt.internal.junit4.runner.JUnit4TestReference.run(JUnit4TestReference.java:93) [.cp/:?]
	at org.eclipse.jdt.internal.junit.runner.TestExecution.run(TestExecution.java:40) [.cp/:?]
	at org.eclipse.jdt.internal.junit.runner.RemoteTestRunner.runTests(RemoteTestRunner.java:530) [.cp/:?]
	at org.eclipse.jdt.internal.junit.runner.RemoteTestRunner.runTests(RemoteTestRunner.java:758) [.cp/:?]
	at org.eclipse.jdt.internal.junit.runner.RemoteTestRunner.run(RemoteTestRunner.java:453) [.cp/:?]
	at org.eclipse.jdt.internal.junit.runner.RemoteTestRunner.main(RemoteTestRunner.java:211) [.cp/:?]
2025-12-30 03:43:16 INFO  === END   tests.productCardsTests.ProductCardElementsTests.cardValidation[Exp#16 [f1=2, f2=3, f3=1, f4=3, f5=2, f6=3, f7=1, f8=2]] ===
2025-12-30 03:43:16 INFO  === START tests.productCardsTests.ProductCardElementsTests.cardValidation[Exp#17 [f1=2, f2=3, f3=2, f4=1, f5=3, f6=1, f7=2, f8=3]] ===
2025-12-30 03:43:16 ERROR === FAIL  tests.productCardsTests.ProductCardElementsTests.cardValidation[Exp#17 [f1=2, f2=3, f3=2, f4=1, f5=3, f6=1, f7=2, f8=3]] ===
java.lang.Error: Unresolved compilation problem: 
	isThereReviewBtnInProductCard cannot be resolved to a variable

	at tests.productCardsTests.ProductCardElementsTests.cardValidation(ProductCardElementsTests.java:62) ~[test-classes/:?]
	at jdk.internal.reflect.DirectMethodHandleAccessor.invoke(DirectMethodHandleAccessor.java:103) ~[?:?]
	at java.lang.reflect.Method.invoke(Method.java:580) ~[?:?]
	at org.junit.runners.model.FrameworkMethod$1.runReflectiveCall(FrameworkMethod.java:59) ~[junit-4.13.jar:4.13]
	at org.junit.internal.runners.model.ReflectiveCallable.run(ReflectiveCallable.java:12) ~[junit-4.13.jar:4.13]
	at org.junit.runners.model.FrameworkMethod.invokeExplosively(FrameworkMethod.java:56) ~[junit-4.13.jar:4.13]
	at org.junit.internal.runners.statements.InvokeMethod.evaluate(InvokeMethod.java:17) ~[junit-4.13.jar:4.13]
	at org.junit.internal.runners.statements.RunBefores.evaluate(RunBefores.java:26) ~[junit-4.13.jar:4.13]
	at org.junit.internal.runners.statements.RunAfters.evaluate(RunAfters.java:27) ~[junit-4.13.jar:4.13]
	at org.junit.rules.TestWatcher$1.evaluate(TestWatcher.java:61) [junit-4.13.jar:4.13]
	at org.junit.runners.ParentRunner$3.evaluate(ParentRunner.java:306) [junit-4.13.jar:4.13]
	at org.junit.runners.BlockJUnit4ClassRunner$1.evaluate(BlockJUnit4ClassRunner.java:100) [junit-4.13.jar:4.13]
	at org.junit.runners.ParentRunner.runLeaf(ParentRunner.java:366) [junit-4.13.jar:4.13]
	at org.junit.runners.BlockJUnit4ClassRunner.runChild(BlockJUnit4ClassRunner.java:103) [junit-4.13.jar:4.13]
	at org.junit.runners.BlockJUnit4ClassRunner.runChild(BlockJUnit4ClassRunner.java:63) [junit-4.13.jar:4.13]
	at org.junit.runners.ParentRunner$4.run(ParentRunner.java:331) [junit-4.13.jar:4.13]
	at org.junit.runners.ParentRunner$1.schedule(ParentRunner.java:79) [junit-4.13.jar:4.13]
	at org.junit.runners.ParentRunner.runChildren(ParentRunner.java:329) [junit-4.13.jar:4.13]
	at org.junit.runners.ParentRunner.access$100(ParentRunner.java:66) [junit-4.13.jar:4.13]
	at org.junit.runners.ParentRunner$2.evaluate(ParentRunner.java:293) [junit-4.13.jar:4.13]
	at org.junit.runners.ParentRunner.run(ParentRunner.java:413) [junit-4.13.jar:4.13]
	at org.junit.runners.Suite.runChild(Suite.java:128) [junit-4.13.jar:4.13]
	at org.junit.runners.Suite.runChild(Suite.java:27) [junit-4.13.jar:4.13]
	at org.junit.runners.ParentRunner$4.run(ParentRunner.java:331) [junit-4.13.jar:4.13]
	at org.junit.runners.ParentRunner$1.schedule(ParentRunner.java:79) [junit-4.13.jar:4.13]
	at org.junit.runners.ParentRunner.runChildren(ParentRunner.java:329) [junit-4.13.jar:4.13]
	at org.junit.runners.ParentRunner.access$100(ParentRunner.java:66) [junit-4.13.jar:4.13]
	at org.junit.runners.ParentRunner$2.evaluate(ParentRunner.java:293) [junit-4.13.jar:4.13]
	at org.junit.internal.runners.statements.RunAfters.evaluate(RunAfters.java:27) [junit-4.13.jar:4.13]
	at org.junit.runners.ParentRunner$3.evaluate(ParentRunner.java:306) [junit-4.13.jar:4.13]
	at org.junit.runners.ParentRunner.run(ParentRunner.java:413) [junit-4.13.jar:4.13]
	at org.eclipse.jdt.internal.junit4.runner.JUnit4TestReference.run(JUnit4TestReference.java:93) [.cp/:?]
	at org.eclipse.jdt.internal.junit.runner.TestExecution.run(TestExecution.java:40) [.cp/:?]
	at org.eclipse.jdt.internal.junit.runner.RemoteTestRunner.runTests(RemoteTestRunner.java:530) [.cp/:?]
	at org.eclipse.jdt.internal.junit.runner.RemoteTestRunner.runTests(RemoteTestRunner.java:758) [.cp/:?]
	at org.eclipse.jdt.internal.junit.runner.RemoteTestRunner.run(RemoteTestRunner.java:453) [.cp/:?]
	at org.eclipse.jdt.internal.junit.runner.RemoteTestRunner.main(RemoteTestRunner.java:211) [.cp/:?]
2025-12-30 03:43:16 INFO  === END   tests.productCardsTests.ProductCardElementsTests.cardValidation[Exp#17 [f1=2, f2=3, f3=2, f4=1, f5=3, f6=1, f7=2, f8=3]] ===
2025-12-30 03:43:16 INFO  === START tests.productCardsTests.ProductCardElementsTests.cardValidation[Exp#18 [f1=2, f2=3, f3=3, f4=2, f5=1, f6=2, f7=3, f8=1]] ===
2025-12-30 03:43:16 ERROR === FAIL  tests.productCardsTests.ProductCardElementsTests.cardValidation[Exp#18 [f1=2, f2=3, f3=3, f4=2, f5=1, f6=2, f7=3, f8=1]] ===
java.lang.Error: Unresolved compilation problem: 
	isThereReviewBtnInProductCard cannot be resolved to a variable

	at tests.productCardsTests.ProductCardElementsTests.cardValidation(ProductCardElementsTests.java:62) ~[test-classes/:?]
	at jdk.internal.reflect.DirectMethodHandleAccessor.invoke(DirectMethodHandleAccessor.java:103) ~[?:?]
	at java.lang.reflect.Method.invoke(Method.java:580) ~[?:?]
	at org.junit.runners.model.FrameworkMethod$1.runReflectiveCall(FrameworkMethod.java:59) ~[junit-4.13.jar:4.13]
	at org.junit.internal.runners.model.ReflectiveCallable.run(ReflectiveCallable.java:12) ~[junit-4.13.jar:4.13]
	at org.junit.runners.model.FrameworkMethod.invokeExplosively(FrameworkMethod.java:56) ~[junit-4.13.jar:4.13]
	at org.junit.internal.runners.statements.InvokeMethod.evaluate(InvokeMethod.java:17) ~[junit-4.13.jar:4.13]
	at org.junit.internal.runners.statements.RunBefores.evaluate(RunBefores.java:26) ~[junit-4.13.jar:4.13]
	at org.junit.internal.runners.statements.RunAfters.evaluate(RunAfters.java:27) ~[junit-4.13.jar:4.13]
	at org.junit.rules.TestWatcher$1.evaluate(TestWatcher.java:61) [junit-4.13.jar:4.13]
	at org.junit.runners.ParentRunner$3.evaluate(ParentRunner.java:306) [junit-4.13.jar:4.13]
	at org.junit.runners.BlockJUnit4ClassRunner$1.evaluate(BlockJUnit4ClassRunner.java:100) [junit-4.13.jar:4.13]
	at org.junit.runners.ParentRunner.runLeaf(ParentRunner.java:366) [junit-4.13.jar:4.13]
	at org.junit.runners.BlockJUnit4ClassRunner.runChild(BlockJUnit4ClassRunner.java:103) [junit-4.13.jar:4.13]
	at org.junit.runners.BlockJUnit4ClassRunner.runChild(BlockJUnit4ClassRunner.java:63) [junit-4.13.jar:4.13]
	at org.junit.runners.ParentRunner$4.run(ParentRunner.java:331) [junit-4.13.jar:4.13]
	at org.junit.runners.ParentRunner$1.schedule(ParentRunner.java:79) [junit-4.13.jar:4.13]
	at org.junit.runners.ParentRunner.runChildren(ParentRunner.java:329) [junit-4.13.jar:4.13]
	at org.junit.runners.ParentRunner.access$100(ParentRunner.java:66) [junit-4.13.jar:4.13]
	at org.junit.runners.ParentRunner$2.evaluate(ParentRunner.java:293) [junit-4.13.jar:4.13]
	at org.junit.runners.ParentRunner.run(ParentRunner.java:413) [junit-4.13.jar:4.13]
	at org.junit.runners.Suite.runChild(Suite.java:128) [junit-4.13.jar:4.13]
	at org.junit.runners.Suite.runChild(Suite.java:27) [junit-4.13.jar:4.13]
	at org.junit.runners.ParentRunner$4.run(ParentRunner.java:331) [junit-4.13.jar:4.13]
	at org.junit.runners.ParentRunner$1.schedule(ParentRunner.java:79) [junit-4.13.jar:4.13]
	at org.junit.runners.ParentRunner.runChildren(ParentRunner.java:329) [junit-4.13.jar:4.13]
	at org.junit.runners.ParentRunner.access$100(ParentRunner.java:66) [junit-4.13.jar:4.13]
	at org.junit.runners.ParentRunner$2.evaluate(ParentRunner.java:293) [junit-4.13.jar:4.13]
	at org.junit.internal.runners.statements.RunAfters.evaluate(RunAfters.java:27) [junit-4.13.jar:4.13]
	at org.junit.runners.ParentRunner$3.evaluate(ParentRunner.java:306) [junit-4.13.jar:4.13]
	at org.junit.runners.ParentRunner.run(ParentRunner.java:413) [junit-4.13.jar:4.13]
	at org.eclipse.jdt.internal.junit4.runner.JUnit4TestReference.run(JUnit4TestReference.java:93) [.cp/:?]
	at org.eclipse.jdt.internal.junit.runner.TestExecution.run(TestExecution.java:40) [.cp/:?]
	at org.eclipse.jdt.internal.junit.runner.RemoteTestRunner.runTests(RemoteTestRunner.java:530) [.cp/:?]
	at org.eclipse.jdt.internal.junit.runner.RemoteTestRunner.runTests(RemoteTestRunner.java:758) [.cp/:?]
	at org.eclipse.jdt.internal.junit.runner.RemoteTestRunner.run(RemoteTestRunner.java:453) [.cp/:?]
	at org.eclipse.jdt.internal.junit.runner.RemoteTestRunner.main(RemoteTestRunner.java:211) [.cp/:?]
2025-12-30 03:43:16 INFO  === END   tests.productCardsTests.ProductCardElementsTests.cardValidation[Exp#18 [f1=2, f2=3, f3=3, f4=2, f5=1, f6=2, f7=3, f8=1]] ===
2025-12-30 03:43:16 INFO  === START tests.productCardsTests.ProductCardElementsTests.cardValidation[Exp#19 [f1=2, f2=3, f3=3, f4=2, f5=1, f6=1, f7=1, f8=2]] ===
2025-12-30 03:43:16 ERROR === FAIL  tests.productCardsTests.ProductCardElementsTests.cardValidation[Exp#19 [f1=2, f2=3, f3=3, f4=2, f5=1, f6=1, f7=1, f8=2]] ===
java.lang.Error: Unresolved compilation problem: 
	isThereReviewBtnInProductCard cannot be resolved to a variable

	at tests.productCardsTests.ProductCardElementsTests.cardValidation(ProductCardElementsTests.java:62) ~[test-classes/:?]
	at jdk.internal.reflect.DirectMethodHandleAccessor.invoke(DirectMethodHandleAccessor.java:103) ~[?:?]
	at java.lang.reflect.Method.invoke(Method.java:580) ~[?:?]
	at org.junit.runners.model.FrameworkMethod$1.runReflectiveCall(FrameworkMethod.java:59) ~[junit-4.13.jar:4.13]
	at org.junit.internal.runners.model.ReflectiveCallable.run(ReflectiveCallable.java:12) ~[junit-4.13.jar:4.13]
	at org.junit.runners.model.FrameworkMethod.invokeExplosively(FrameworkMethod.java:56) ~[junit-4.13.jar:4.13]
	at org.junit.internal.runners.statements.InvokeMethod.evaluate(InvokeMethod.java:17) ~[junit-4.13.jar:4.13]
	at org.junit.internal.runners.statements.RunBefores.evaluate(RunBefores.java:26) ~[junit-4.13.jar:4.13]
	at org.junit.internal.runners.statements.RunAfters.evaluate(RunAfters.java:27) ~[junit-4.13.jar:4.13]
	at org.junit.rules.TestWatcher$1.evaluate(TestWatcher.java:61) [junit-4.13.jar:4.13]
	at org.junit.runners.ParentRunner$3.evaluate(ParentRunner.java:306) [junit-4.13.jar:4.13]
	at org.junit.runners.BlockJUnit4ClassRunner$1.evaluate(BlockJUnit4ClassRunner.java:100) [junit-4.13.jar:4.13]
	at org.junit.runners.ParentRunner.runLeaf(ParentRunner.java:366) [junit-4.13.jar:4.13]
	at org.junit.runners.BlockJUnit4ClassRunner.runChild(BlockJUnit4ClassRunner.java:103) [junit-4.13.jar:4.13]
	at org.junit.runners.BlockJUnit4ClassRunner.runChild(BlockJUnit4ClassRunner.java:63) [junit-4.13.jar:4.13]
	at org.junit.runners.ParentRunner$4.run(ParentRunner.java:331) [junit-4.13.jar:4.13]
	at org.junit.runners.ParentRunner$1.schedule(ParentRunner.java:79) [junit-4.13.jar:4.13]
	at org.junit.runners.ParentRunner.runChildren(ParentRunner.java:329) [junit-4.13.jar:4.13]
	at org.junit.runners.ParentRunner.access$100(ParentRunner.java:66) [junit-4.13.jar:4.13]
	at org.junit.runners.ParentRunner$2.evaluate(ParentRunner.java:293) [junit-4.13.jar:4.13]
	at org.junit.runners.ParentRunner.run(ParentRunner.java:413) [junit-4.13.jar:4.13]
	at org.junit.runners.Suite.runChild(Suite.java:128) [junit-4.13.jar:4.13]
	at org.junit.runners.Suite.runChild(Suite.java:27) [junit-4.13.jar:4.13]
	at org.junit.runners.ParentRunner$4.run(ParentRunner.java:331) [junit-4.13.jar:4.13]
	at org.junit.runners.ParentRunner$1.schedule(ParentRunner.java:79) [junit-4.13.jar:4.13]
	at org.junit.runners.ParentRunner.runChildren(ParentRunner.java:329) [junit-4.13.jar:4.13]
	at org.junit.runners.ParentRunner.access$100(ParentRunner.java:66) [junit-4.13.jar:4.13]
	at org.junit.runners.ParentRunner$2.evaluate(ParentRunner.java:293) [junit-4.13.jar:4.13]
	at org.junit.internal.runners.statements.RunAfters.evaluate(RunAfters.java:27) [junit-4.13.jar:4.13]
	at org.junit.runners.ParentRunner$3.evaluate(ParentRunner.java:306) [junit-4.13.jar:4.13]
	at org.junit.runners.ParentRunner.run(ParentRunner.java:413) [junit-4.13.jar:4.13]
	at org.eclipse.jdt.internal.junit4.runner.JUnit4TestReference.run(JUnit4TestReference.java:93) [.cp/:?]
	at org.eclipse.jdt.internal.junit.runner.TestExecution.run(TestExecution.java:40) [.cp/:?]
	at org.eclipse.jdt.internal.junit.runner.RemoteTestRunner.runTests(RemoteTestRunner.java:530) [.cp/:?]
	at org.eclipse.jdt.internal.junit.runner.RemoteTestRunner.runTests(RemoteTestRunner.java:758) [.cp/:?]
	at org.eclipse.jdt.internal.junit.runner.RemoteTestRunner.run(RemoteTestRunner.java:453) [.cp/:?]
	at org.eclipse.jdt.internal.junit.runner.RemoteTestRunner.main(RemoteTestRunner.java:211) [.cp/:?]
2025-12-30 03:43:16 INFO  === END   tests.productCardsTests.ProductCardElementsTests.cardValidation[Exp#19 [f1=2, f2=3, f3=3, f4=2, f5=1, f6=1, f7=1, f8=2]] ===
2025-12-30 03:43:16 INFO  === START tests.productCardsTests.ProductCardElementsTests.cardValidation[Exp#20 [f1=2, f2=3, f3=3, f4=3, f5=3, f6=3, f7=3, f8=3]] ===
2025-12-30 03:43:16 ERROR === FAIL  tests.productCardsTests.ProductCardElementsTests.cardValidation[Exp#20 [f1=2, f2=3, f3=3, f4=3, f5=3, f6=3, f7=3, f8=3]] ===
java.lang.Error: Unresolved compilation problem: 
	isThereReviewBtnInProductCard cannot be resolved to a variable

	at tests.productCardsTests.ProductCardElementsTests.cardValidation(ProductCardElementsTests.java:62) ~[test-classes/:?]
	at jdk.internal.reflect.DirectMethodHandleAccessor.invoke(DirectMethodHandleAccessor.java:103) ~[?:?]
	at java.lang.reflect.Method.invoke(Method.java:580) ~[?:?]
	at org.junit.runners.model.FrameworkMethod$1.runReflectiveCall(FrameworkMethod.java:59) ~[junit-4.13.jar:4.13]
	at org.junit.internal.runners.model.ReflectiveCallable.run(ReflectiveCallable.java:12) ~[junit-4.13.jar:4.13]
	at org.junit.runners.model.FrameworkMethod.invokeExplosively(FrameworkMethod.java:56) ~[junit-4.13.jar:4.13]
	at org.junit.internal.runners.statements.InvokeMethod.evaluate(InvokeMethod.java:17) ~[junit-4.13.jar:4.13]
	at org.junit.internal.runners.statements.RunBefores.evaluate(RunBefores.java:26) ~[junit-4.13.jar:4.13]
	at org.junit.internal.runners.statements.RunAfters.evaluate(RunAfters.java:27) ~[junit-4.13.jar:4.13]
	at org.junit.rules.TestWatcher$1.evaluate(TestWatcher.java:61) [junit-4.13.jar:4.13]
	at org.junit.runners.ParentRunner$3.evaluate(ParentRunner.java:306) [junit-4.13.jar:4.13]
	at org.junit.runners.BlockJUnit4ClassRunner$1.evaluate(BlockJUnit4ClassRunner.java:100) [junit-4.13.jar:4.13]
	at org.junit.runners.ParentRunner.runLeaf(ParentRunner.java:366) [junit-4.13.jar:4.13]
	at org.junit.runners.BlockJUnit4ClassRunner.runChild(BlockJUnit4ClassRunner.java:103) [junit-4.13.jar:4.13]
	at org.junit.runners.BlockJUnit4ClassRunner.runChild(BlockJUnit4ClassRunner.java:63) [junit-4.13.jar:4.13]
	at org.junit.runners.ParentRunner$4.run(ParentRunner.java:331) [junit-4.13.jar:4.13]
	at org.junit.runners.ParentRunner$1.schedule(ParentRunner.java:79) [junit-4.13.jar:4.13]
	at org.junit.runners.ParentRunner.runChildren(ParentRunner.java:329) [junit-4.13.jar:4.13]
	at org.junit.runners.ParentRunner.access$100(ParentRunner.java:66) [junit-4.13.jar:4.13]
	at org.junit.runners.ParentRunner$2.evaluate(ParentRunner.java:293) [junit-4.13.jar:4.13]
	at org.junit.runners.ParentRunner.run(ParentRunner.java:413) [junit-4.13.jar:4.13]
	at org.junit.runners.Suite.runChild(Suite.java:128) [junit-4.13.jar:4.13]
	at org.junit.runners.Suite.runChild(Suite.java:27) [junit-4.13.jar:4.13]
	at org.junit.runners.ParentRunner$4.run(ParentRunner.java:331) [junit-4.13.jar:4.13]
	at org.junit.runners.ParentRunner$1.schedule(ParentRunner.java:79) [junit-4.13.jar:4.13]
	at org.junit.runners.ParentRunner.runChildren(ParentRunner.java:329) [junit-4.13.jar:4.13]
	at org.junit.runners.ParentRunner.access$100(ParentRunner.java:66) [junit-4.13.jar:4.13]
	at org.junit.runners.ParentRunner$2.evaluate(ParentRunner.java:293) [junit-4.13.jar:4.13]
	at org.junit.internal.runners.statements.RunAfters.evaluate(RunAfters.java:27) [junit-4.13.jar:4.13]
	at org.junit.runners.ParentRunner$3.evaluate(ParentRunner.java:306) [junit-4.13.jar:4.13]
	at org.junit.runners.ParentRunner.run(ParentRunner.java:413) [junit-4.13.jar:4.13]
	at org.eclipse.jdt.internal.junit4.runner.JUnit4TestReference.run(JUnit4TestReference.java:93) [.cp/:?]
	at org.eclipse.jdt.internal.junit.runner.TestExecution.run(TestExecution.java:40) [.cp/:?]
	at org.eclipse.jdt.internal.junit.runner.RemoteTestRunner.runTests(RemoteTestRunner.java:530) [.cp/:?]
	at org.eclipse.jdt.internal.junit.runner.RemoteTestRunner.runTests(RemoteTestRunner.java:758) [.cp/:?]
	at org.eclipse.jdt.internal.junit.runner.RemoteTestRunner.run(RemoteTestRunner.java:453) [.cp/:?]
	at org.eclipse.jdt.internal.junit.runner.RemoteTestRunner.main(RemoteTestRunner.java:211) [.cp/:?]
2025-12-30 03:43:16 INFO  === END   tests.productCardsTests.ProductCardElementsTests.cardValidation[Exp#20 [f1=2, f2=3, f3=3, f4=3, f5=3, f6=3, f7=3, f8=3]] ===
2025-12-30 03:43:31 INFO  === START tests.productCardsTests.ProductCardElementsTests.cardValidation[Exp#1 [f1=1, f2=1, f3=1, f4=1, f5=1, f6=1, f7=1, f8=1]] ===
2025-12-30 03:43:32 INFO  STEP: 📝 New input: Filling form fields.
2025-12-30 03:43:41 INFO  STEP PASS: Card #1 should have Tumbnail
2025-12-30 03:43:41 INFO  STEP PASS: Card #1 should have Title (card's title: Green and Black Glasses)
2025-12-30 03:43:41 INFO  STEP PASS: Card #1 should have Rating (card's description: The Green and Black Glasses feature a bold combination of green and black colors, adding a touch of vibrancy to your eyewear collection. They are both stylish and eye-catching.)
2025-12-30 03:43:41 INFO  STEP PASS: Card #1 should have Price (card's price: 34.99)
2025-12-30 03:43:41 INFO  STEP PASS: Card #1 should have Rating (card's rating: 4.5)
2025-12-30 03:43:41 INFO  STEP PASS: Card #1 should have Additional Images Button
2025-12-30 03:43:41 INFO  STEP PASS: Card #1 should have Review Button
2025-12-30 03:43:41 INFO  STEP PASS: Card #1 should have all the components
2025-12-30 03:43:41 INFO  STEP PASS: Card #2 should have Tumbnail
2025-12-30 03:43:41 INFO  STEP PASS: Card #2 should have Title (card's title: Black Sun Glasses)
2025-12-30 03:43:41 INFO  STEP PASS: Card #2 should have Rating (card's description: The Black Sun Glasses are a classic and stylish choice, featuring a sleek black frame and tinted lenses. They provide both UV protection and a fashionable look.)
2025-12-30 03:43:42 INFO  STEP PASS: Card #2 should have Price (card's price: 29.99)
2025-12-30 03:43:42 INFO  STEP PASS: Card #2 should have Rating (card's rating: 4.4)
2025-12-30 03:43:42 INFO  STEP PASS: Card #2 should have Additional Images Button
2025-12-30 03:43:42 INFO  STEP PASS: Card #2 should have Review Button
2025-12-30 03:43:42 INFO  STEP PASS: Card #2 should have all the components
2025-12-30 03:43:42 INFO  STEP PASS: Card #3 should have Tumbnail
2025-12-30 03:43:42 INFO  STEP PASS: Card #3 should have Title (card's title: Classic Sun Glasses)
2025-12-30 03:43:42 INFO  STEP PASS: Card #3 should have Rating (card's description: The Classic Sun Glasses offer a timeless design with a neutral frame and UV-protected lenses. These sunglasses are versatile and suitable for various occasions.)
2025-12-30 03:43:42 INFO  STEP PASS: Card #3 should have Price (card's price: 24.99)
2025-12-30 03:43:42 INFO  STEP PASS: Card #3 should have Rating (card's rating: 3.9)
2025-12-30 03:43:42 INFO  STEP PASS: Card #3 should have Additional Images Button
2025-12-30 03:43:42 INFO  STEP PASS: Card #3 should have Review Button
2025-12-30 03:43:42 INFO  STEP PASS: Card #3 should have all the components
2025-12-30 03:43:42 INFO  STEP PASS: Card #4 should have Tumbnail
2025-12-30 03:43:42 INFO  STEP PASS: Card #4 should have Title (card's title: Sunglasses)
2025-12-30 03:43:42 INFO  STEP PASS: Card #4 should have Rating (card's description: The Sunglasses offer a classic and simple design with a focus on functionality. These sunglasses provide essential UV protection while maintaining a timeless look.)
2025-12-30 03:43:43 INFO  STEP PASS: Card #4 should have Price (card's price: 22.99)
2025-12-30 03:43:43 INFO  STEP PASS: Card #4 should have Rating (card's rating: 3.0)
2025-12-30 03:43:43 INFO  STEP PASS: Card #4 should have Additional Images Button
2025-12-30 03:43:43 INFO  STEP PASS: Card #4 should have Review Button
2025-12-30 03:43:43 INFO  STEP PASS: Card #4 should have all the components
2025-12-30 03:43:43 INFO  STEP PASS: Card #5 should have Tumbnail
2025-12-30 03:43:43 INFO  STEP PASS: Card #5 should have Title (card's title: Party Glasses)
2025-12-30 03:43:43 INFO  STEP PASS: Card #5 should have Rating (card's description: The Party Glasses are designed to add flair to your party outfit. With unique shapes or colorful frames, they're perfect for adding a playful touch to your look during celebrations.)
2025-12-30 03:43:43 INFO  STEP PASS: Card #5 should have Price (card's price: 19.99)
2025-12-30 03:43:43 INFO  STEP PASS: Card #5 should have Rating (card's rating: 2.8)
2025-12-30 03:43:43 INFO  STEP PASS: Card #5 should have Additional Images Button
2025-12-30 03:43:43 INFO  STEP PASS: Card #5 should have Review Button
2025-12-30 03:43:43 INFO  STEP PASS: Card #5 should have all the components
2025-12-30 03:43:43 INFO  === PASS  tests.productCardsTests.ProductCardElementsTests.cardValidation[Exp#1 [f1=1, f2=1, f3=1, f4=1, f5=1, f6=1, f7=1, f8=1]] ===
2025-12-30 03:43:43 INFO  === END   tests.productCardsTests.ProductCardElementsTests.cardValidation[Exp#1 [f1=1, f2=1, f3=1, f4=1, f5=1, f6=1, f7=1, f8=1]] ===
2025-12-30 03:43:43 INFO  === START tests.productCardsTests.ProductCardElementsTests.cardValidation[Exp#2 [f1=1, f2=1, f3=2, f4=2, f5=2, f6=2, f7=2, f8=2]] ===
2025-12-30 03:43:43 INFO  STEP: 📝 New input: Filling form fields.
2025-12-30 03:43:48 INFO  STEP PASS: Card #1 should have Tumbnail
2025-12-30 03:43:48 INFO  STEP PASS: Card #1 should have Title (card's title: Black Aluminium Cup)
2025-12-30 03:43:48 INFO  STEP PASS: Card #1 should have Rating (card's description: The Black Aluminium Cup is a stylish and durable cup suitable for both hot and cold beverages. Its sleek black design adds a modern touch to your drinkware collection.)
2025-12-30 03:43:48 INFO  STEP PASS: Card #1 should have Price (card's price: 5.99)
2025-12-30 03:43:48 INFO  STEP PASS: Card #1 should have Rating (card's rating: 4.5)
2025-12-30 03:43:48 INFO  STEP PASS: Card #1 should have Additional Images Button
2025-12-30 03:43:48 INFO  STEP PASS: Card #1 should have Review Button
2025-12-30 03:43:48 INFO  STEP PASS: Card #1 should have all the components
2025-12-30 03:43:48 INFO  STEP PASS: Card #2 should have Tumbnail
2025-12-30 03:43:48 INFO  STEP PASS: Card #2 should have Title (card's title: Bamboo Spatula)
2025-12-30 03:43:48 INFO  STEP PASS: Card #2 should have Rating (card's description: The Bamboo Spatula is a versatile kitchen tool made from eco-friendly bamboo. Ideal for flipping, stirring, and serving various dishes.)
2025-12-30 03:43:48 INFO  STEP PASS: Card #2 should have Price (card's price: 7.99)
2025-12-30 03:43:48 INFO  STEP PASS: Card #2 should have Rating (card's rating: 3.3)
2025-12-30 03:43:48 INFO  STEP PASS: Card #2 should have Additional Images Button
2025-12-30 03:43:49 INFO  STEP PASS: Card #2 should have Review Button
2025-12-30 03:43:49 INFO  STEP PASS: Card #2 should have all the components
2025-12-30 03:43:49 INFO  STEP PASS: Card #3 should have Tumbnail
2025-12-30 03:43:49 INFO  STEP PASS: Card #3 should have Title (card's title: Black Whisk)
2025-12-30 03:43:49 INFO  STEP PASS: Card #3 should have Rating (card's description: The Black Whisk is a kitchen essential for whisking and beating ingredients. Its ergonomic handle and sleek design make it a practical and stylish tool.)
2025-12-30 03:43:49 INFO  STEP PASS: Card #3 should have Price (card's price: 9.99)
2025-12-30 03:43:49 INFO  STEP PASS: Card #3 should have Rating (card's rating: 3.9)
2025-12-30 03:43:49 INFO  STEP PASS: Card #3 should have Additional Images Button
2025-12-30 03:43:49 INFO  STEP PASS: Card #3 should have Review Button
2025-12-30 03:43:49 INFO  STEP PASS: Card #3 should have all the components
2025-12-30 03:43:49 INFO  STEP PASS: Card #4 should have Tumbnail
2025-12-30 03:43:49 INFO  STEP PASS: Card #4 should have Title (card's title: Carbon Steel Wok)
2025-12-30 03:43:49 INFO  STEP PASS: Card #4 should have Rating (card's description: The Carbon Steel Wok is a versatile cooking pan suitable for stir-frying, sautéing, and deep frying. Its sturdy construction ensures even heat distribution for delicious meals.)
2025-12-30 03:43:49 INFO  STEP PASS: Card #4 should have Price (card's price: 29.99)
2025-12-30 03:43:49 INFO  STEP PASS: Card #4 should have Rating (card's rating: 4.0)
2025-12-30 03:43:49 INFO  STEP PASS: Card #4 should have Additional Images Button
2025-12-30 03:43:49 INFO  STEP PASS: Card #4 should have Review Button
2025-12-30 03:43:49 INFO  STEP PASS: Card #4 should have all the components
2025-12-30 03:43:49 INFO  STEP PASS: Card #5 should have Tumbnail
2025-12-30 03:43:49 INFO  STEP PASS: Card #5 should have Title (card's title: Boxed Blender)
2025-12-30 03:43:49 INFO  STEP PASS: Card #5 should have Rating (card's description: The Boxed Blender is a powerful and compact blender perfect for smoothies, shakes, and more. Its convenient design and multiple functions make it a versatile kitchen appliance.)
2025-12-30 03:43:49 INFO  STEP PASS: Card #5 should have Price (card's price: 39.99)
2025-12-30 03:43:50 INFO  STEP PASS: Card #5 should have Rating (card's rating: 4.6)
2025-12-30 03:43:50 INFO  STEP PASS: Card #5 should have Additional Images Button
2025-12-30 03:43:50 INFO  STEP PASS: Card #5 should have Review Button
2025-12-30 03:43:50 INFO  STEP PASS: Card #5 should have all the components
2025-12-30 03:43:50 INFO  === PASS  tests.productCardsTests.ProductCardElementsTests.cardValidation[Exp#2 [f1=1, f2=1, f3=2, f4=2, f5=2, f6=2, f7=2, f8=2]] ===
2025-12-30 03:43:50 INFO  === END   tests.productCardsTests.ProductCardElementsTests.cardValidation[Exp#2 [f1=1, f2=1, f3=2, f4=2, f5=2, f6=2, f7=2, f8=2]] ===
2025-12-30 03:43:50 INFO  === START tests.productCardsTests.ProductCardElementsTests.cardValidation[Exp#3 [f1=1, f2=1, f3=3, f4=3, f5=3, f6=3, f7=3, f8=3]] ===
2025-12-30 03:43:50 INFO  STEP: 📝 New input: Filling form fields.
2025-12-30 03:43:53 INFO  STEP PASS: Card #1 should have Tumbnail
2025-12-30 03:43:53 INFO  STEP PASS: Card #1 should have Title (card's title: Samsung Galaxy Tab White)
2025-12-30 03:43:53 INFO  STEP PASS: Card #1 should have Rating (card's description: The Samsung Galaxy Tab in White is a sleek and versatile Android tablet. With a vibrant display, long-lasting battery, and a range of features, it offers a great user experience for various tasks.)
2025-12-30 03:43:53 INFO  STEP PASS: Card #1 should have Price (card's price: 349.99)
2025-12-30 03:43:53 INFO  STEP PASS: Card #1 should have Rating (card's rating: 3.7)
2025-12-30 03:43:53 INFO  STEP PASS: Card #1 should have Additional Images Button
2025-12-30 03:43:53 INFO  STEP PASS: Card #1 should have Review Button
2025-12-30 03:43:53 INFO  STEP PASS: Card #1 should have all the components
2025-12-30 03:43:53 INFO  STEP PASS: Card #2 should have Tumbnail
2025-12-30 03:43:54 INFO  STEP PASS: Card #2 should have Title (card's title: Samsung Galaxy Tab White)
2025-12-30 03:43:54 INFO  STEP PASS: Card #2 should have Rating (card's description: The Samsung Galaxy Tab in White is a sleek and versatile Android tablet. With a vibrant display, long-lasting battery, and a range of features, it offers a great user experience for various tasks.)
2025-12-30 03:43:54 INFO  STEP PASS: Card #2 should have Price (card's price: 349.99)
2025-12-30 03:43:54 INFO  STEP PASS: Card #2 should have Rating (card's rating: 3.7)
2025-12-30 03:43:54 INFO  STEP PASS: Card #2 should have Additional Images Button
2025-12-30 03:43:54 INFO  STEP PASS: Card #2 should have Review Button
2025-12-30 03:43:54 INFO  STEP PASS: Card #2 should have all the components
2025-12-30 03:43:54 INFO  STEP PASS: Card #3 should have Tumbnail
2025-12-30 03:43:54 INFO  STEP PASS: Card #3 should have Title (card's title: iPad Mini 2021 Starlight)
2025-12-30 03:43:54 INFO  STEP PASS: Card #3 should have Rating (card's description: The iPad Mini 2021 in Starlight is a compact and powerful tablet from Apple. Featuring a stunning Retina display, powerful A-series chip, and a sleek design, it offers a premium tablet experience.)
2025-12-30 03:43:54 INFO  STEP PASS: Card #3 should have Price (card's price: 499.99)
2025-12-30 03:43:54 INFO  STEP PASS: Card #3 should have Rating (card's rating: 3.2)
2025-12-30 03:43:54 INFO  STEP PASS: Card #3 should have Additional Images Button
2025-12-30 03:43:54 INFO  STEP PASS: Card #3 should have Review Button
2025-12-30 03:43:54 INFO  STEP PASS: Card #3 should have all the components
2025-12-30 03:43:54 INFO  STEP PASS: Card #4 should have Tumbnail
2025-12-30 03:43:54 INFO  STEP PASS: Card #4 should have Title (card's title: Samsung Galaxy Tab S8 Plus Grey)
2025-12-30 03:43:55 INFO  STEP PASS: Card #4 should have Rating (card's description: The Samsung Galaxy Tab S8 Plus in Grey is a high-performance Android tablet by Samsung. With a large AMOLED display, powerful processor, and S Pen support, it's ideal for productivity and entertainment.)
2025-12-30 03:43:55 INFO  STEP PASS: Card #4 should have Price (card's price: 599.99)
2025-12-30 03:43:55 INFO  STEP PASS: Card #4 should have Rating (card's rating: 4.7)
2025-12-30 03:43:55 INFO  STEP PASS: Card #4 should have Additional Images Button
2025-12-30 03:43:55 INFO  STEP PASS: Card #4 should have Review Button
2025-12-30 03:43:55 INFO  STEP PASS: Card #4 should have all the components
2025-12-30 03:43:55 INFO  === PASS  tests.productCardsTests.ProductCardElementsTests.cardValidation[Exp#3 [f1=1, f2=1, f3=3, f4=3, f5=3, f6=3, f7=3, f8=3]] ===
2025-12-30 03:43:55 INFO  === END   tests.productCardsTests.ProductCardElementsTests.cardValidation[Exp#3 [f1=1, f2=1, f3=3, f4=3, f5=3, f6=3, f7=3, f8=3]] ===
2025-12-30 03:43:55 INFO  === START tests.productCardsTests.ProductCardElementsTests.cardValidation[Exp#4 [f1=1, f2=2, f3=1, f4=1, f5=2, f6=2, f7=3, f8=3]] ===
2025-12-30 03:43:55 INFO  STEP: 📝 New input: Filling form fields.
2025-12-30 03:43:58 INFO  STEP PASS: Card #1 should have Tumbnail
2025-12-30 03:43:59 INFO  STEP PASS: Card #1 should have Title (card's title: Plant Pot)
2025-12-30 03:43:59 INFO  STEP PASS: Card #1 should have Rating (card's description: The Plant Pot is a stylish container for your favorite plants. With a sleek design, it complements your indoor or outdoor garden, adding a modern touch to your plant display.)
2025-12-30 03:43:59 INFO  STEP PASS: Card #1 should have Price (card's price: 14.99)
2025-12-30 03:43:59 INFO  STEP PASS: Card #1 should have Rating (card's rating: 3.0)
2025-12-30 03:43:59 INFO  STEP PASS: Card #1 should have Additional Images Button
2025-12-30 03:43:59 INFO  STEP PASS: Card #1 should have Review Button
2025-12-30 03:43:59 INFO  STEP PASS: Card #1 should have all the components
2025-12-30 03:43:59 INFO  STEP PASS: Card #2 should have Tumbnail
2025-12-30 03:43:59 INFO  STEP PASS: Card #2 should have Title (card's title: Family Tree Photo Frame)
2025-12-30 03:43:59 INFO  STEP PASS: Card #2 should have Rating (card's description: The Family Tree Photo Frame is a sentimental and stylish way to display your cherished family memories. With multiple photo slots, it tells the story of your loved ones.)
2025-12-30 03:43:59 INFO  STEP PASS: Card #2 should have Price (card's price: 29.99)
2025-12-30 03:43:59 INFO  STEP PASS: Card #2 should have Rating (card's rating: 4.5)
2025-12-30 03:43:59 INFO  STEP PASS: Card #2 should have Additional Images Button
2025-12-30 03:43:59 INFO  STEP PASS: Card #2 should have Review Button
2025-12-30 03:43:59 INFO  STEP PASS: Card #2 should have all the components
2025-12-30 03:43:59 INFO  STEP PASS: Card #3 should have Tumbnail
2025-12-30 03:43:59 INFO  STEP PASS: Card #3 should have Title (card's title: House Showpiece Plant)
2025-12-30 03:44:00 INFO  STEP PASS: Card #3 should have Rating (card's description: The House Showpiece Plant is an artificial plant that brings a touch of nature to your home without the need for maintenance. It adds greenery and style to any space.)
2025-12-30 03:44:00 INFO  STEP PASS: Card #3 should have Price (card's price: 39.99)
2025-12-30 03:44:00 INFO  STEP PASS: Card #3 should have Rating (card's rating: 4.7)
2025-12-30 03:44:00 INFO  STEP PASS: Card #3 should have Additional Images Button
2025-12-30 03:44:00 INFO  STEP PASS: Card #3 should have Review Button
2025-12-30 03:44:00 INFO  STEP PASS: Card #3 should have all the components
2025-12-30 03:44:00 INFO  STEP PASS: Card #4 should have Tumbnail
2025-12-30 03:44:00 INFO  STEP PASS: Card #4 should have Title (card's title: Table Lamp)
2025-12-30 03:44:00 INFO  STEP PASS: Card #4 should have Rating (card's description: The Table Lamp is a functional and decorative lighting solution for your living space. With a modern design, it provides both ambient and task lighting, enhancing the atmosphere.)
2025-12-30 03:44:00 INFO  STEP PASS: Card #4 should have Price (card's price: 49.99)
2025-12-30 03:44:00 INFO  STEP PASS: Card #4 should have Rating (card's rating: 3.5)
2025-12-30 03:44:00 INFO  STEP PASS: Card #4 should have Additional Images Button
2025-12-30 03:44:00 INFO  STEP PASS: Card #4 should have Review Button
2025-12-30 03:44:00 INFO  STEP PASS: Card #4 should have all the components
2025-12-30 03:44:00 INFO  STEP PASS: Card #5 should have Tumbnail
2025-12-30 03:44:00 INFO  STEP PASS: Card #5 should have Title (card's title: Decoration Swing)
2025-12-30 03:44:00 INFO  STEP PASS: Card #5 should have Rating (card's description: The Decoration Swing is a charming addition to your home decor. Crafted with intricate details, it adds a touch of elegance and whimsy to any room.)
2025-12-30 03:44:00 INFO  STEP PASS: Card #5 should have Price (card's price: 59.99)
2025-12-30 03:44:00 INFO  STEP PASS: Card #5 should have Rating (card's rating: 3.2)
2025-12-30 03:44:00 INFO  STEP PASS: Card #5 should have Additional Images Button
2025-12-30 03:44:01 INFO  STEP PASS: Card #5 should have Review Button
2025-12-30 03:44:01 INFO  STEP PASS: Card #5 should have all the components
2025-12-30 03:44:01 INFO  === PASS  tests.productCardsTests.ProductCardElementsTests.cardValidation[Exp#4 [f1=1, f2=2, f3=1, f4=1, f5=2, f6=2, f7=3, f8=3]] ===
2025-12-30 03:44:01 INFO  === END   tests.productCardsTests.ProductCardElementsTests.cardValidation[Exp#4 [f1=1, f2=2, f3=1, f4=1, f5=2, f6=2, f7=3, f8=3]] ===
2025-12-30 03:44:01 INFO  === START tests.productCardsTests.ProductCardElementsTests.cardValidation[Exp#5 [f1=1, f2=2, f3=2, f4=2, f5=3, f6=3, f7=1, f8=1]] ===
2025-12-30 03:44:01 INFO  STEP: 📝 New input: Filling form fields.
2025-12-30 03:44:04 INFO  STEP PASS: Card #1 should have Tumbnail
2025-12-30 03:44:04 INFO  STEP PASS: Card #1 should have Title (card's title: Black Aluminium Cup)
2025-12-30 03:44:04 INFO  STEP PASS: Card #1 should have Rating (card's description: The Black Aluminium Cup is a stylish and durable cup suitable for both hot and cold beverages. Its sleek black design adds a modern touch to your drinkware collection.)
2025-12-30 03:44:04 INFO  STEP PASS: Card #1 should have Price (card's price: 5.99)
2025-12-30 03:44:04 INFO  STEP PASS: Card #1 should have Rating (card's rating: 4.5)
2025-12-30 03:44:04 INFO  STEP PASS: Card #1 should have Additional Images Button
2025-12-30 03:44:04 INFO  STEP PASS: Card #1 should have Review Button
2025-12-30 03:44:04 INFO  STEP PASS: Card #1 should have all the components
2025-12-30 03:44:04 INFO  STEP PASS: Card #2 should have Tumbnail
2025-12-30 03:44:04 INFO  STEP PASS: Card #2 should have Title (card's title: Bamboo Spatula)
2025-12-30 03:44:04 INFO  STEP PASS: Card #2 should have Rating (card's description: The Bamboo Spatula is a versatile kitchen tool made from eco-friendly bamboo. Ideal for flipping, stirring, and serving various dishes.)
2025-12-30 03:44:05 INFO  STEP PASS: Card #2 should have Price (card's price: 7.99)
2025-12-30 03:44:05 INFO  STEP PASS: Card #2 should have Rating (card's rating: 3.3)
2025-12-30 03:44:05 INFO  STEP PASS: Card #2 should have Additional Images Button
2025-12-30 03:44:05 INFO  STEP PASS: Card #2 should have Review Button
2025-12-30 03:44:05 INFO  STEP PASS: Card #2 should have all the components
2025-12-30 03:44:05 INFO  STEP PASS: Card #3 should have Tumbnail
2025-12-30 03:44:05 INFO  STEP PASS: Card #3 should have Title (card's title: Black Whisk)
2025-12-30 03:44:05 INFO  STEP PASS: Card #3 should have Rating (card's description: The Black Whisk is a kitchen essential for whisking and beating ingredients. Its ergonomic handle and sleek design make it a practical and stylish tool.)
2025-12-30 03:44:05 INFO  STEP PASS: Card #3 should have Price (card's price: 9.99)
2025-12-30 03:44:05 INFO  STEP PASS: Card #3 should have Rating (card's rating: 3.9)
2025-12-30 03:44:05 INFO  STEP PASS: Card #3 should have Additional Images Button
2025-12-30 03:44:05 INFO  STEP PASS: Card #3 should have Review Button
2025-12-30 03:44:05 INFO  STEP PASS: Card #3 should have all the components
2025-12-30 03:44:05 INFO  STEP PASS: Card #4 should have Tumbnail
2025-12-30 03:44:05 INFO  STEP PASS: Card #4 should have Title (card's title: Carbon Steel Wok)
2025-12-30 03:44:05 INFO  STEP PASS: Card #4 should have Rating (card's description: The Carbon Steel Wok is a versatile cooking pan suitable for stir-frying, sautéing, and deep frying. Its sturdy construction ensures even heat distribution for delicious meals.)
2025-12-30 03:44:05 INFO  STEP PASS: Card #4 should have Price (card's price: 29.99)
2025-12-30 03:44:05 INFO  STEP PASS: Card #4 should have Rating (card's rating: 4.0)
2025-12-30 03:44:05 INFO  STEP PASS: Card #4 should have Additional Images Button
2025-12-30 03:44:06 INFO  STEP PASS: Card #4 should have Review Button
2025-12-30 03:44:06 INFO  STEP PASS: Card #4 should have all the components
2025-12-30 03:44:06 INFO  STEP PASS: Card #5 should have Tumbnail
2025-12-30 03:44:06 INFO  STEP PASS: Card #5 should have Title (card's title: Boxed Blender)
2025-12-30 03:44:06 INFO  STEP PASS: Card #5 should have Rating (card's description: The Boxed Blender is a powerful and compact blender perfect for smoothies, shakes, and more. Its convenient design and multiple functions make it a versatile kitchen appliance.)
2025-12-30 03:44:06 INFO  STEP PASS: Card #5 should have Price (card's price: 39.99)
2025-12-30 03:44:06 INFO  STEP PASS: Card #5 should have Rating (card's rating: 4.6)
2025-12-30 03:44:06 INFO  STEP PASS: Card #5 should have Additional Images Button
2025-12-30 03:44:06 INFO  STEP PASS: Card #5 should have Review Button
2025-12-30 03:44:06 INFO  STEP PASS: Card #5 should have all the components
2025-12-30 03:44:06 INFO  === PASS  tests.productCardsTests.ProductCardElementsTests.cardValidation[Exp#5 [f1=1, f2=2, f3=2, f4=2, f5=3, f6=3, f7=1, f8=1]] ===
2025-12-30 03:44:06 INFO  === END   tests.productCardsTests.ProductCardElementsTests.cardValidation[Exp#5 [f1=1, f2=2, f3=2, f4=2, f5=3, f6=3, f7=1, f8=1]] ===
2025-12-30 03:44:06 INFO  === START tests.productCardsTests.ProductCardElementsTests.cardValidation[Exp#6 [f1=1, f2=2, f3=3, f4=3, f5=1, f6=1, f7=2, f8=2]] ===
2025-12-30 03:44:06 INFO  STEP: 📝 New input: Filling form fields.
2025-12-30 03:50:43 INFO  === START tests.productCardsTests.ProductCardElementsTests.isThereThumbnailInProductCard[Exp#1 [f1=1, f2=1, f3=1, f4=1, f5=1, f6=1, f7=1, f8=1]] ===
2025-12-30 03:50:45 INFO  STEP: 📝 New input: Filling form fields.
2025-12-30 03:50:52 INFO  STEP PASS: Card #1 should have Tumbnail
2025-12-30 03:50:52 INFO  STEP PASS: Card #2 should have Tumbnail
2025-12-30 03:50:52 INFO  STEP PASS: Card #3 should have Tumbnail
2025-12-30 03:50:52 INFO  STEP PASS: Card #4 should have Tumbnail
2025-12-30 03:50:52 INFO  STEP PASS: Card #5 should have Tumbnail
2025-12-30 03:50:52 INFO  STEP PASS: All cards should have Tumbnail
2025-12-30 03:50:52 INFO  === PASS  tests.productCardsTests.ProductCardElementsTests.isThereThumbnailInProductCard[Exp#1 [f1=1, f2=1, f3=1, f4=1, f5=1, f6=1, f7=1, f8=1]] ===
2025-12-30 03:50:52 INFO  === END   tests.productCardsTests.ProductCardElementsTests.isThereThumbnailInProductCard[Exp#1 [f1=1, f2=1, f3=1, f4=1, f5=1, f6=1, f7=1, f8=1]] ===
2025-12-30 03:50:52 INFO  === START tests.productCardsTests.ProductCardElementsTests.isThereThumbnailInProductCard[Exp#2 [f1=1, f2=1, f3=2, f4=2, f5=2, f6=2, f7=2, f8=2]] ===
2025-12-30 03:50:52 INFO  STEP: 📝 New input: Filling form fields.
2025-12-30 03:50:56 INFO  STEP PASS: Card #1 should have Tumbnail
2025-12-30 03:50:56 INFO  STEP PASS: Card #2 should have Tumbnail
2025-12-30 03:50:56 INFO  STEP PASS: Card #3 should have Tumbnail
2025-12-30 03:50:56 INFO  STEP PASS: Card #4 should have Tumbnail
2025-12-30 03:50:56 INFO  STEP PASS: Card #5 should have Tumbnail
2025-12-30 03:50:56 INFO  STEP PASS: All cards should have Tumbnail
2025-12-30 03:50:56 INFO  === PASS  tests.productCardsTests.ProductCardElementsTests.isThereThumbnailInProductCard[Exp#2 [f1=1, f2=1, f3=2, f4=2, f5=2, f6=2, f7=2, f8=2]] ===
2025-12-30 03:50:56 INFO  === END   tests.productCardsTests.ProductCardElementsTests.isThereThumbnailInProductCard[Exp#2 [f1=1, f2=1, f3=2, f4=2, f5=2, f6=2, f7=2, f8=2]] ===
2025-12-30 03:50:56 INFO  === START tests.productCardsTests.ProductCardElementsTests.isThereThumbnailInProductCard[Exp#3 [f1=1, f2=1, f3=3, f4=3, f5=3, f6=3, f7=3, f8=3]] ===
2025-12-30 03:50:56 INFO  STEP: 📝 New input: Filling form fields.
2025-12-30 03:50:59 INFO  STEP PASS: Card #1 should have Tumbnail
2025-12-30 03:50:59 INFO  STEP PASS: Card #2 should have Tumbnail
2025-12-30 03:51:00 INFO  STEP PASS: Card #3 should have Tumbnail
2025-12-30 03:51:00 INFO  STEP PASS: Card #4 should have Tumbnail
2025-12-30 03:51:00 INFO  STEP PASS: All cards should have Tumbnail
2025-12-30 03:51:00 INFO  === PASS  tests.productCardsTests.ProductCardElementsTests.isThereThumbnailInProductCard[Exp#3 [f1=1, f2=1, f3=3, f4=3, f5=3, f6=3, f7=3, f8=3]] ===
2025-12-30 03:51:00 INFO  === END   tests.productCardsTests.ProductCardElementsTests.isThereThumbnailInProductCard[Exp#3 [f1=1, f2=1, f3=3, f4=3, f5=3, f6=3, f7=3, f8=3]] ===
2025-12-30 03:51:00 INFO  === START tests.productCardsTests.ProductCardElementsTests.isThereThumbnailInProductCard[Exp#4 [f1=1, f2=2, f3=1, f4=1, f5=2, f6=2, f7=3, f8=3]] ===
2025-12-30 03:51:00 INFO  STEP: 📝 New input: Filling form fields.
2025-12-30 03:51:03 INFO  STEP PASS: Card #1 should have Tumbnail
2025-12-30 03:51:03 INFO  STEP PASS: Card #2 should have Tumbnail
2025-12-30 03:51:03 INFO  STEP PASS: Card #3 should have Tumbnail
2025-12-30 03:51:03 INFO  STEP PASS: Card #4 should have Tumbnail
2025-12-30 03:51:03 INFO  STEP PASS: Card #5 should have Tumbnail
2025-12-30 03:51:03 INFO  STEP PASS: All cards should have Tumbnail
2025-12-30 03:51:03 INFO  === PASS  tests.productCardsTests.ProductCardElementsTests.isThereThumbnailInProductCard[Exp#4 [f1=1, f2=2, f3=1, f4=1, f5=2, f6=2, f7=3, f8=3]] ===
2025-12-30 03:51:03 INFO  === END   tests.productCardsTests.ProductCardElementsTests.isThereThumbnailInProductCard[Exp#4 [f1=1, f2=2, f3=1, f4=1, f5=2, f6=2, f7=3, f8=3]] ===
2025-12-30 03:51:03 INFO  === START tests.productCardsTests.ProductCardElementsTests.isThereThumbnailInProductCard[Exp#5 [f1=1, f2=2, f3=2, f4=2, f5=3, f6=3, f7=1, f8=1]] ===
2025-12-30 03:51:03 INFO  STEP: 📝 New input: Filling form fields.
2025-12-30 03:51:07 INFO  STEP PASS: Card #1 should have Tumbnail
2025-12-30 03:51:07 INFO  STEP PASS: Card #2 should have Tumbnail
2025-12-30 03:51:07 INFO  STEP PASS: Card #3 should have Tumbnail
2025-12-30 03:51:07 INFO  STEP PASS: Card #4 should have Tumbnail
2025-12-30 03:51:07 INFO  STEP PASS: Card #5 should have Tumbnail
2025-12-30 03:51:07 INFO  STEP PASS: All cards should have Tumbnail
2025-12-30 03:51:07 INFO  === PASS  tests.productCardsTests.ProductCardElementsTests.isThereThumbnailInProductCard[Exp#5 [f1=1, f2=2, f3=2, f4=2, f5=3, f6=3, f7=1, f8=1]] ===
2025-12-30 03:51:07 INFO  === END   tests.productCardsTests.ProductCardElementsTests.isThereThumbnailInProductCard[Exp#5 [f1=1, f2=2, f3=2, f4=2, f5=3, f6=3, f7=1, f8=1]] ===
2025-12-30 03:51:07 INFO  === START tests.productCardsTests.ProductCardElementsTests.isThereThumbnailInProductCard[Exp#6 [f1=1, f2=2, f3=3, f4=3, f5=1, f6=1, f7=2, f8=2]] ===
2025-12-30 03:51:07 INFO  STEP: 📝 New input: Filling form fields.
2025-12-30 03:51:12 INFO  STEP PASS: Card #1 should have Tumbnail
2025-12-30 03:51:12 INFO  STEP PASS: Card #2 should have Tumbnail
2025-12-30 03:51:12 INFO  STEP PASS: Card #3 should have Tumbnail
2025-12-30 03:51:12 INFO  STEP PASS: Card #4 should have Tumbnail
2025-12-30 03:51:12 INFO  STEP PASS: Card #5 should have Tumbnail
2025-12-30 03:51:12 INFO  STEP PASS: All cards should have Tumbnail
2025-12-30 03:51:12 INFO  === PASS  tests.productCardsTests.ProductCardElementsTests.isThereThumbnailInProductCard[Exp#6 [f1=1, f2=2, f3=3, f4=3, f5=1, f6=1, f7=2, f8=2]] ===
2025-12-30 03:51:12 INFO  === END   tests.productCardsTests.ProductCardElementsTests.isThereThumbnailInProductCard[Exp#6 [f1=1, f2=2, f3=3, f4=3, f5=1, f6=1, f7=2, f8=2]] ===
2025-12-30 03:51:12 INFO  === START tests.productCardsTests.ProductCardElementsTests.isThereThumbnailInProductCard[Exp#7 [f1=1, f2=3, f3=1, f4=2, f5=1, f6=3, f7=2, f8=3]] ===
2025-12-30 03:51:12 INFO  STEP: 📝 New input: Filling form fields.
2025-12-30 03:51:15 INFO  STEP PASS: Card #1 should have Tumbnail
2025-12-30 03:51:15 INFO  STEP PASS: Card #2 should have Tumbnail
2025-12-30 03:51:15 INFO  STEP PASS: Card #3 should have Tumbnail
2025-12-30 03:51:15 INFO  STEP PASS: Card #4 should have Tumbnail
2025-12-30 03:51:15 INFO  STEP PASS: Card #5 should have Tumbnail
2025-12-30 03:51:15 INFO  STEP PASS: All cards should have Tumbnail
2025-12-30 03:51:15 INFO  === PASS  tests.productCardsTests.ProductCardElementsTests.isThereThumbnailInProductCard[Exp#7 [f1=1, f2=3, f3=1, f4=2, f5=1, f6=3, f7=2, f8=3]] ===
2025-12-30 03:51:15 INFO  === END   tests.productCardsTests.ProductCardElementsTests.isThereThumbnailInProductCard[Exp#7 [f1=1, f2=3, f3=1, f4=2, f5=1, f6=3, f7=2, f8=3]] ===
2025-12-30 03:51:15 INFO  === START tests.productCardsTests.ProductCardElementsTests.isThereThumbnailInProductCard[Exp#8 [f1=1, f2=3, f3=2, f4=3, f5=2, f6=1, f7=3, f8=1]] ===
2025-12-30 03:51:15 INFO  STEP: 📝 New input: Filling form fields.
2025-12-30 03:51:19 INFO  STEP PASS: Card #1 should have Tumbnail
2025-12-30 03:51:19 INFO  STEP PASS: Card #2 should have Tumbnail
2025-12-30 03:51:19 INFO  STEP PASS: Card #3 should have Tumbnail
2025-12-30 03:51:19 INFO  STEP PASS: Card #4 should have Tumbnail
2025-12-30 03:51:19 INFO  STEP PASS: Card #5 should have Tumbnail
2025-12-30 03:51:19 INFO  STEP PASS: All cards should have Tumbnail
2025-12-30 03:51:19 INFO  === PASS  tests.productCardsTests.ProductCardElementsTests.isThereThumbnailInProductCard[Exp#8 [f1=1, f2=3, f3=2, f4=3, f5=2, f6=1, f7=3, f8=1]] ===
2025-12-30 03:51:19 INFO  === END   tests.productCardsTests.ProductCardElementsTests.isThereThumbnailInProductCard[Exp#8 [f1=1, f2=3, f3=2, f4=3, f5=2, f6=1, f7=3, f8=1]] ===
2025-12-30 03:51:19 INFO  === START tests.productCardsTests.ProductCardElementsTests.isThereThumbnailInProductCard[Exp#9 [f1=1, f2=3, f3=3, f4=1, f5=3, f6=2, f7=1, f8=2]] ===
2025-12-30 03:51:19 INFO  STEP: 📝 New input: Filling form fields.
2025-12-30 03:51:23 INFO  STEP PASS: Card #1 should have Tumbnail
2025-12-30 03:51:23 INFO  STEP PASS: Card #2 should have Tumbnail
2025-12-30 03:51:23 INFO  STEP PASS: Card #3 should have Tumbnail
2025-12-30 03:51:23 INFO  STEP PASS: Card #4 should have Tumbnail
2025-12-30 03:51:23 INFO  STEP PASS: Card #5 should have Tumbnail
2025-12-30 03:51:23 INFO  STEP PASS: All cards should have Tumbnail
2025-12-30 03:51:23 INFO  === PASS  tests.productCardsTests.ProductCardElementsTests.isThereThumbnailInProductCard[Exp#9 [f1=1, f2=3, f3=3, f4=1, f5=3, f6=2, f7=1, f8=2]] ===
2025-12-30 03:51:23 INFO  === END   tests.productCardsTests.ProductCardElementsTests.isThereThumbnailInProductCard[Exp#9 [f1=1, f2=3, f3=3, f4=1, f5=3, f6=2, f7=1, f8=2]] ===
2025-12-30 03:51:23 INFO  === START tests.productCardsTests.ProductCardElementsTests.isThereThumbnailInProductCard[Exp#10 [f1=2, f2=1, f3=1, f4=3, f5=3, f6=2, f7=2, f8=1]] ===
2025-12-30 03:51:23 INFO  STEP: 📝 New input: Filling form fields.
2025-12-30 03:51:26 INFO  STEP PASS: Card #1 should have Tumbnail
2025-12-30 03:51:27 INFO  STEP PASS: Card #2 should have Tumbnail
2025-12-30 03:51:27 INFO  STEP PASS: Card #3 should have Tumbnail
2025-12-30 03:51:27 INFO  STEP PASS: Card #4 should have Tumbnail
2025-12-30 03:51:27 INFO  STEP PASS: Card #5 should have Tumbnail
2025-12-30 03:51:27 INFO  STEP PASS: All cards should have Tumbnail
2025-12-30 03:51:27 INFO  === PASS  tests.productCardsTests.ProductCardElementsTests.isThereThumbnailInProductCard[Exp#10 [f1=2, f2=1, f3=1, f4=3, f5=3, f6=2, f7=2, f8=1]] ===
2025-12-30 03:51:27 INFO  === END   tests.productCardsTests.ProductCardElementsTests.isThereThumbnailInProductCard[Exp#10 [f1=2, f2=1, f3=1, f4=3, f5=3, f6=2, f7=2, f8=1]] ===
2025-12-30 03:51:27 INFO  === START tests.productCardsTests.ProductCardElementsTests.isThereThumbnailInProductCard[Exp#11 [f1=2, f2=1, f3=2, f4=1, f5=1, f6=3, f7=3, f8=2]] ===
2025-12-30 03:51:27 INFO  STEP: 📝 New input: Filling form fields.
2025-12-30 03:51:30 INFO  STEP PASS: Card #1 should have Tumbnail
2025-12-30 03:51:30 INFO  STEP PASS: Card #2 should have Tumbnail
2025-12-30 03:51:30 INFO  STEP PASS: Card #3 should have Tumbnail
2025-12-30 03:51:30 INFO  STEP PASS: Card #4 should have Tumbnail
2025-12-30 03:51:30 INFO  STEP PASS: Card #5 should have Tumbnail
2025-12-30 03:51:30 INFO  STEP PASS: All cards should have Tumbnail
2025-12-30 03:51:30 INFO  === PASS  tests.productCardsTests.ProductCardElementsTests.isThereThumbnailInProductCard[Exp#11 [f1=2, f2=1, f3=2, f4=1, f5=1, f6=3, f7=3, f8=2]] ===
2025-12-30 03:51:30 INFO  === END   tests.productCardsTests.ProductCardElementsTests.isThereThumbnailInProductCard[Exp#11 [f1=2, f2=1, f3=2, f4=1, f5=1, f6=3, f7=3, f8=2]] ===
2025-12-30 03:51:30 INFO  === START tests.productCardsTests.ProductCardElementsTests.isThereThumbnailInProductCard[Exp#12 [f1=2, f2=1, f3=3, f4=2, f5=2, f6=1, f7=1, f8=3]] ===
2025-12-30 03:51:30 INFO  STEP: 📝 New input: Filling form fields.
2025-12-30 03:51:34 INFO  STEP PASS: Card #1 should have Tumbnail
2025-12-30 03:51:34 INFO  STEP PASS: Card #2 should have Tumbnail
2025-12-30 03:51:34 INFO  STEP PASS: Card #3 should have Tumbnail
2025-12-30 03:51:34 INFO  STEP PASS: Card #4 should have Tumbnail
2025-12-30 03:51:34 INFO  STEP PASS: Card #5 should have Tumbnail
2025-12-30 03:51:34 INFO  STEP PASS: All cards should have Tumbnail
2025-12-30 03:51:34 INFO  === PASS  tests.productCardsTests.ProductCardElementsTests.isThereThumbnailInProductCard[Exp#12 [f1=2, f2=1, f3=3, f4=2, f5=2, f6=1, f7=1, f8=3]] ===
2025-12-30 03:51:34 INFO  === END   tests.productCardsTests.ProductCardElementsTests.isThereThumbnailInProductCard[Exp#12 [f1=2, f2=1, f3=3, f4=2, f5=2, f6=1, f7=1, f8=3]] ===
2025-12-30 03:51:34 INFO  === START tests.productCardsTests.ProductCardElementsTests.isThereThumbnailInProductCard[Exp#13 [f1=2, f2=2, f3=1, f4=2, f5=3, f6=1, f7=3, f8=2]] ===
2025-12-30 03:51:34 INFO  STEP: 📝 New input: Filling form fields.
2025-12-30 03:51:38 INFO  STEP PASS: Card #1 should have Tumbnail
2025-12-30 03:51:38 INFO  STEP PASS: Card #2 should have Tumbnail
2025-12-30 03:51:38 INFO  STEP PASS: Card #3 should have Tumbnail
2025-12-30 03:51:38 INFO  STEP PASS: Card #4 should have Tumbnail
2025-12-30 03:51:38 INFO  STEP PASS: Card #5 should have Tumbnail
2025-12-30 03:51:38 INFO  STEP PASS: All cards should have Tumbnail
2025-12-30 03:51:38 INFO  === PASS  tests.productCardsTests.ProductCardElementsTests.isThereThumbnailInProductCard[Exp#13 [f1=2, f2=2, f3=1, f4=2, f5=3, f6=1, f7=3, f8=2]] ===
2025-12-30 03:51:38 INFO  === END   tests.productCardsTests.ProductCardElementsTests.isThereThumbnailInProductCard[Exp#13 [f1=2, f2=2, f3=1, f4=2, f5=3, f6=1, f7=3, f8=2]] ===
2025-12-30 03:51:38 INFO  === START tests.productCardsTests.ProductCardElementsTests.isThereThumbnailInProductCard[Exp#14 [f1=2, f2=2, f3=2, f4=3, f5=1, f6=2, f7=1, f8=3]] ===
2025-12-30 03:51:38 INFO  STEP: 📝 New input: Filling form fields.
2025-12-30 03:51:42 INFO  STEP PASS: Card #1 should have Tumbnail
2025-12-30 03:51:42 INFO  STEP PASS: Card #2 should have Tumbnail
2025-12-30 03:51:42 INFO  STEP PASS: Card #3 should have Tumbnail
2025-12-30 03:51:42 INFO  STEP PASS: Card #4 should have Tumbnail
2025-12-30 03:51:42 INFO  STEP PASS: Card #5 should have Tumbnail
2025-12-30 03:51:42 INFO  STEP PASS: All cards should have Tumbnail
2025-12-30 03:51:42 INFO  === PASS  tests.productCardsTests.ProductCardElementsTests.isThereThumbnailInProductCard[Exp#14 [f1=2, f2=2, f3=2, f4=3, f5=1, f6=2, f7=1, f8=3]] ===
2025-12-30 03:51:42 INFO  === END   tests.productCardsTests.ProductCardElementsTests.isThereThumbnailInProductCard[Exp#14 [f1=2, f2=2, f3=2, f4=3, f5=1, f6=2, f7=1, f8=3]] ===
2025-12-30 03:51:42 INFO  === START tests.productCardsTests.ProductCardElementsTests.isThereThumbnailInProductCard[Exp#15 [f1=2, f2=2, f3=3, f4=1, f5=2, f6=3, f7=2, f8=1]] ===
2025-12-30 03:51:42 INFO  STEP: 📝 New input: Filling form fields.
2025-12-30 03:51:45 INFO  STEP PASS: Card #1 should have Tumbnail
2025-12-30 03:51:45 INFO  STEP PASS: Card #2 should have Tumbnail
2025-12-30 03:51:45 INFO  STEP PASS: Card #3 should have Tumbnail
2025-12-30 03:51:45 INFO  STEP PASS: Card #4 should have Tumbnail
2025-12-30 03:51:45 INFO  STEP PASS: Card #5 should have Tumbnail
2025-12-30 03:51:45 INFO  STEP PASS: All cards should have Tumbnail
2025-12-30 03:51:45 INFO  === PASS  tests.productCardsTests.ProductCardElementsTests.isThereThumbnailInProductCard[Exp#15 [f1=2, f2=2, f3=3, f4=1, f5=2, f6=3, f7=2, f8=1]] ===
2025-12-30 03:51:45 INFO  === END   tests.productCardsTests.ProductCardElementsTests.isThereThumbnailInProductCard[Exp#15 [f1=2, f2=2, f3=3, f4=1, f5=2, f6=3, f7=2, f8=1]] ===
2025-12-30 03:51:45 INFO  === START tests.productCardsTests.ProductCardElementsTests.isThereThumbnailInProductCard[Exp#16 [f1=2, f2=3, f3=1, f4=3, f5=2, f6=3, f7=1, f8=2]] ===
2025-12-30 03:51:45 INFO  STEP: 📝 New input: Filling form fields.
2025-12-30 03:51:49 INFO  STEP PASS: Card #1 should have Tumbnail
2025-12-30 03:51:49 INFO  STEP PASS: Card #2 should have Tumbnail
2025-12-30 03:51:49 INFO  STEP PASS: Card #3 should have Tumbnail
2025-12-30 03:51:49 INFO  STEP PASS: Card #4 should have Tumbnail
2025-12-30 03:51:49 INFO  STEP PASS: Card #5 should have Tumbnail
2025-12-30 03:51:49 INFO  STEP PASS: All cards should have Tumbnail
2025-12-30 03:51:49 INFO  === PASS  tests.productCardsTests.ProductCardElementsTests.isThereThumbnailInProductCard[Exp#16 [f1=2, f2=3, f3=1, f4=3, f5=2, f6=3, f7=1, f8=2]] ===
2025-12-30 03:51:49 INFO  === END   tests.productCardsTests.ProductCardElementsTests.isThereThumbnailInProductCard[Exp#16 [f1=2, f2=3, f3=1, f4=3, f5=2, f6=3, f7=1, f8=2]] ===
2025-12-30 03:51:49 INFO  === START tests.productCardsTests.ProductCardElementsTests.isThereThumbnailInProductCard[Exp#17 [f1=2, f2=3, f3=2, f4=1, f5=3, f6=1, f7=2, f8=3]] ===
2025-12-30 03:51:49 INFO  STEP: 📝 New input: Filling form fields.
2025-12-30 03:51:52 INFO  STEP PASS: Card #1 should have Tumbnail
2025-12-30 03:51:53 INFO  STEP PASS: Card #2 should have Tumbnail
2025-12-30 03:51:53 INFO  STEP PASS: Card #3 should have Tumbnail
2025-12-30 03:51:53 INFO  STEP PASS: Card #4 should have Tumbnail
2025-12-30 03:51:53 INFO  STEP PASS: All cards should have Tumbnail
2025-12-30 03:51:53 INFO  === PASS  tests.productCardsTests.ProductCardElementsTests.isThereThumbnailInProductCard[Exp#17 [f1=2, f2=3, f3=2, f4=1, f5=3, f6=1, f7=2, f8=3]] ===
2025-12-30 03:51:53 INFO  === END   tests.productCardsTests.ProductCardElementsTests.isThereThumbnailInProductCard[Exp#17 [f1=2, f2=3, f3=2, f4=1, f5=3, f6=1, f7=2, f8=3]] ===
2025-12-30 03:51:53 INFO  === START tests.productCardsTests.ProductCardElementsTests.isThereThumbnailInProductCard[Exp#18 [f1=2, f2=3, f3=3, f4=2, f5=1, f6=2, f7=3, f8=1]] ===
2025-12-30 03:51:53 INFO  STEP: 📝 New input: Filling form fields.
2025-12-30 03:51:56 INFO  STEP PASS: Card #1 should have Tumbnail
2025-12-30 03:51:56 INFO  STEP PASS: Card #2 should have Tumbnail
2025-12-30 03:51:56 INFO  STEP PASS: Card #3 should have Tumbnail
2025-12-30 03:51:56 INFO  STEP PASS: Card #4 should have Tumbnail
2025-12-30 03:51:56 INFO  STEP PASS: Card #5 should have Tumbnail
2025-12-30 03:51:56 INFO  STEP PASS: All cards should have Tumbnail
2025-12-30 03:51:56 INFO  === PASS  tests.productCardsTests.ProductCardElementsTests.isThereThumbnailInProductCard[Exp#18 [f1=2, f2=3, f3=3, f4=2, f5=1, f6=2, f7=3, f8=1]] ===
2025-12-30 03:51:56 INFO  === END   tests.productCardsTests.ProductCardElementsTests.isThereThumbnailInProductCard[Exp#18 [f1=2, f2=3, f3=3, f4=2, f5=1, f6=2, f7=3, f8=1]] ===
2025-12-30 03:51:56 INFO  === START tests.productCardsTests.ProductCardElementsTests.isThereThumbnailInProductCard[Exp#19 [f1=2, f2=3, f3=3, f4=2, f5=1, f6=1, f7=1, f8=2]] ===
2025-12-30 03:51:56 INFO  STEP: 📝 New input: Filling form fields.
2025-12-30 03:52:00 INFO  STEP PASS: Card #1 should have Tumbnail
2025-12-30 03:52:00 INFO  STEP PASS: Card #2 should have Tumbnail
2025-12-30 03:52:00 INFO  STEP PASS: Card #3 should have Tumbnail
2025-12-30 03:52:00 INFO  STEP PASS: Card #4 should have Tumbnail
2025-12-30 03:52:00 INFO  STEP PASS: Card #5 should have Tumbnail
2025-12-30 03:52:00 INFO  STEP PASS: All cards should have Tumbnail
2025-12-30 03:52:00 INFO  === PASS  tests.productCardsTests.ProductCardElementsTests.isThereThumbnailInProductCard[Exp#19 [f1=2, f2=3, f3=3, f4=2, f5=1, f6=1, f7=1, f8=2]] ===
2025-12-30 03:52:00 INFO  === END   tests.productCardsTests.ProductCardElementsTests.isThereThumbnailInProductCard[Exp#19 [f1=2, f2=3, f3=3, f4=2, f5=1, f6=1, f7=1, f8=2]] ===
2025-12-30 03:52:00 INFO  === START tests.productCardsTests.ProductCardElementsTests.isThereThumbnailInProductCard[Exp#20 [f1=2, f2=3, f3=3, f4=3, f5=3, f6=3, f7=3, f8=3]] ===
2025-12-30 03:52:00 INFO  STEP: 📝 New input: Filling form fields.
2025-12-30 03:52:04 INFO  STEP PASS: Card #1 should have Tumbnail
2025-12-30 03:52:04 INFO  STEP PASS: Card #2 should have Tumbnail
2025-12-30 03:52:04 INFO  STEP PASS: Card #3 should have Tumbnail
2025-12-30 03:52:04 INFO  STEP PASS: Card #4 should have Tumbnail
2025-12-30 03:52:04 INFO  STEP PASS: All cards should have Tumbnail
2025-12-30 03:52:04 INFO  === PASS  tests.productCardsTests.ProductCardElementsTests.isThereThumbnailInProductCard[Exp#20 [f1=2, f2=3, f3=3, f4=3, f5=3, f6=3, f7=3, f8=3]] ===
2025-12-30 03:52:04 INFO  === END   tests.productCardsTests.ProductCardElementsTests.isThereThumbnailInProductCard[Exp#20 [f1=2, f2=3, f3=3, f4=3, f5=3, f6=3, f7=3, f8=3]] ===
2025-12-30 04:03:54 INFO  === START tests.productCardsTests.ProductCardElementsTests.isThereAdditionalImagesBtnInProductCard[Exp#1 [f1=1, f2=1, f3=1, f4=1, f5=1, f6=1, f7=1, f8=1]] ===
2025-12-30 04:03:56 INFO  STEP: 📝 New input: Filling form fields.
2025-12-30 04:04:03 ERROR STEP FAIL: Card #1 should have Additional Images Button
2025-12-30 04:04:03 ERROR === FAIL  tests.productCardsTests.ProductCardElementsTests.isThereAdditionalImagesBtnInProductCard[Exp#1 [f1=1, f2=1, f3=1, f4=1, f5=1, f6=1, f7=1, f8=1]] ===
java.lang.AssertionError: Card #1 should have Additional Images Button
	at org.junit.Assert.fail(Assert.java:89) ~[junit-4.13.jar:4.13]
	at org.junit.Assert.assertTrue(Assert.java:42) ~[junit-4.13.jar:4.13]
	at org.junit.Assert.assertFalse(Assert.java:65) ~[junit-4.13.jar:4.13]
	at tests.BaseTest.checkFalse(BaseTest.java:101) ~[test-classes/:?]
	at tests.productCardsTests.ProductCardElementsTests.isThereAdditionalImagesBtnInProductCard(ProductCardElementsTests.java:64) ~[test-classes/:?]
	at jdk.internal.reflect.DirectMethodHandleAccessor.invoke(DirectMethodHandleAccessor.java:103) ~[?:?]
	at java.lang.reflect.Method.invoke(Method.java:580) ~[?:?]
	at org.junit.runners.model.FrameworkMethod$1.runReflectiveCall(FrameworkMethod.java:59) ~[junit-4.13.jar:4.13]
	at org.junit.internal.runners.model.ReflectiveCallable.run(ReflectiveCallable.java:12) ~[junit-4.13.jar:4.13]
	at org.junit.runners.model.FrameworkMethod.invokeExplosively(FrameworkMethod.java:56) ~[junit-4.13.jar:4.13]
	at org.junit.internal.runners.statements.InvokeMethod.evaluate(InvokeMethod.java:17) ~[junit-4.13.jar:4.13]
	at org.junit.internal.runners.statements.RunBefores.evaluate(RunBefores.java:26) ~[junit-4.13.jar:4.13]
	at org.junit.internal.runners.statements.RunAfters.evaluate(RunAfters.java:27) ~[junit-4.13.jar:4.13]
	at org.junit.rules.TestWatcher$1.evaluate(TestWatcher.java:61) [junit-4.13.jar:4.13]
	at org.junit.runners.ParentRunner$3.evaluate(ParentRunner.java:306) [junit-4.13.jar:4.13]
	at org.junit.runners.BlockJUnit4ClassRunner$1.evaluate(BlockJUnit4ClassRunner.java:100) [junit-4.13.jar:4.13]
	at org.junit.runners.ParentRunner.runLeaf(ParentRunner.java:366) [junit-4.13.jar:4.13]
	at org.junit.runners.BlockJUnit4ClassRunner.runChild(BlockJUnit4ClassRunner.java:103) [junit-4.13.jar:4.13]
	at org.junit.runners.BlockJUnit4ClassRunner.runChild(BlockJUnit4ClassRunner.java:63) [junit-4.13.jar:4.13]
	at org.junit.runners.ParentRunner$4.run(ParentRunner.java:331) [junit-4.13.jar:4.13]
	at org.junit.runners.ParentRunner$1.schedule(ParentRunner.java:79) [junit-4.13.jar:4.13]
	at org.junit.runners.ParentRunner.runChildren(ParentRunner.java:329) [junit-4.13.jar:4.13]
	at org.junit.runners.ParentRunner.access$100(ParentRunner.java:66) [junit-4.13.jar:4.13]
	at org.junit.runners.ParentRunner$2.evaluate(ParentRunner.java:293) [junit-4.13.jar:4.13]
	at org.junit.runners.ParentRunner.run(ParentRunner.java:413) [junit-4.13.jar:4.13]
	at org.junit.runners.Suite.runChild(Suite.java:128) [junit-4.13.jar:4.13]
	at org.junit.runners.Suite.runChild(Suite.java:27) [junit-4.13.jar:4.13]
	at org.junit.runners.ParentRunner$4.run(ParentRunner.java:331) [junit-4.13.jar:4.13]
	at org.junit.runners.ParentRunner$1.schedule(ParentRunner.java:79) [junit-4.13.jar:4.13]
	at org.junit.runners.ParentRunner.runChildren(ParentRunner.java:329) [junit-4.13.jar:4.13]
	at org.junit.runners.ParentRunner.access$100(ParentRunner.java:66) [junit-4.13.jar:4.13]
	at org.junit.runners.ParentRunner$2.evaluate(ParentRunner.java:293) [junit-4.13.jar:4.13]
	at org.junit.internal.runners.statements.RunAfters.evaluate(RunAfters.java:27) [junit-4.13.jar:4.13]
	at org.junit.runners.ParentRunner$3.evaluate(ParentRunner.java:306) [junit-4.13.jar:4.13]
	at org.junit.runners.ParentRunner.run(ParentRunner.java:413) [junit-4.13.jar:4.13]
	at org.eclipse.jdt.internal.junit4.runner.JUnit4TestReference.run(JUnit4TestReference.java:93) [.cp/:?]
	at org.eclipse.jdt.internal.junit.runner.TestExecution.run(TestExecution.java:40) [.cp/:?]
	at org.eclipse.jdt.internal.junit.runner.RemoteTestRunner.runTests(RemoteTestRunner.java:530) [.cp/:?]
	at org.eclipse.jdt.internal.junit.runner.RemoteTestRunner.runTests(RemoteTestRunner.java:758) [.cp/:?]
	at org.eclipse.jdt.internal.junit.runner.RemoteTestRunner.run(RemoteTestRunner.java:453) [.cp/:?]
	at org.eclipse.jdt.internal.junit.runner.RemoteTestRunner.main(RemoteTestRunner.java:211) [.cp/:?]
2025-12-30 04:04:03 INFO  === END   tests.productCardsTests.ProductCardElementsTests.isThereAdditionalImagesBtnInProductCard[Exp#1 [f1=1, f2=1, f3=1, f4=1, f5=1, f6=1, f7=1, f8=1]] ===
2025-12-30 04:04:03 INFO  === START tests.productCardsTests.ProductCardElementsTests.isTherePriceInProductCard[Exp#1 [f1=1, f2=1, f3=1, f4=1, f5=1, f6=1, f7=1, f8=1]] ===
2025-12-30 04:04:03 INFO  STEP: ♻️ Using existing results for same input.
2025-12-30 04:04:03 INFO  STEP PASS: Card #1 should have Price (card's price: 34.99)
2025-12-30 04:04:03 INFO  STEP PASS: Card #2 should have Price (card's price: 29.99)
2025-12-30 04:04:03 INFO  STEP PASS: Card #3 should have Price (card's price: 24.99)
2025-12-30 04:04:04 INFO  STEP PASS: Card #4 should have Price (card's price: 22.99)
2025-12-30 04:04:04 INFO  STEP PASS: Card #5 should have Price (card's price: 19.99)
2025-12-30 04:04:04 INFO  STEP PASS: All cards should have Price
2025-12-30 04:04:04 INFO  === PASS  tests.productCardsTests.ProductCardElementsTests.isTherePriceInProductCard[Exp#1 [f1=1, f2=1, f3=1, f4=1, f5=1, f6=1, f7=1, f8=1]] ===
2025-12-30 04:04:04 INFO  === END   tests.productCardsTests.ProductCardElementsTests.isTherePriceInProductCard[Exp#1 [f1=1, f2=1, f3=1, f4=1, f5=1, f6=1, f7=1, f8=1]] ===
2025-12-30 04:04:04 INFO  === START tests.productCardsTests.ProductCardElementsTests.isThereReviewsBtnInProductCard[Exp#1 [f1=1, f2=1, f3=1, f4=1, f5=1, f6=1, f7=1, f8=1]] ===
2025-12-30 04:04:04 INFO  STEP: ♻️ Using existing results for same input.
2025-12-30 04:04:04 ERROR STEP FAIL: Card #1 should have Review Button
2025-12-30 04:04:04 ERROR === FAIL  tests.productCardsTests.ProductCardElementsTests.isThereReviewsBtnInProductCard[Exp#1 [f1=1, f2=1, f3=1, f4=1, f5=1, f6=1, f7=1, f8=1]] ===
java.lang.AssertionError: Card #1 should have Review Button
	at org.junit.Assert.fail(Assert.java:89) ~[junit-4.13.jar:4.13]
	at org.junit.Assert.assertTrue(Assert.java:42) ~[junit-4.13.jar:4.13]
	at org.junit.Assert.assertFalse(Assert.java:65) ~[junit-4.13.jar:4.13]
	at tests.BaseTest.checkFalse(BaseTest.java:101) ~[test-classes/:?]
	at tests.productCardsTests.ProductCardElementsTests.isThereReviewsBtnInProductCard(ProductCardElementsTests.java:80) ~[test-classes/:?]
	at jdk.internal.reflect.DirectMethodHandleAccessor.invoke(DirectMethodHandleAccessor.java:103) ~[?:?]
	at java.lang.reflect.Method.invoke(Method.java:580) ~[?:?]
	at org.junit.runners.model.FrameworkMethod$1.runReflectiveCall(FrameworkMethod.java:59) ~[junit-4.13.jar:4.13]
	at org.junit.internal.runners.model.ReflectiveCallable.run(ReflectiveCallable.java:12) ~[junit-4.13.jar:4.13]
	at org.junit.runners.model.FrameworkMethod.invokeExplosively(FrameworkMethod.java:56) ~[junit-4.13.jar:4.13]
	at org.junit.internal.runners.statements.InvokeMethod.evaluate(InvokeMethod.java:17) ~[junit-4.13.jar:4.13]
	at org.junit.internal.runners.statements.RunBefores.evaluate(RunBefores.java:26) ~[junit-4.13.jar:4.13]
	at org.junit.internal.runners.statements.RunAfters.evaluate(RunAfters.java:27) ~[junit-4.13.jar:4.13]
	at org.junit.rules.TestWatcher$1.evaluate(TestWatcher.java:61) [junit-4.13.jar:4.13]
	at org.junit.runners.ParentRunner$3.evaluate(ParentRunner.java:306) [junit-4.13.jar:4.13]
	at org.junit.runners.BlockJUnit4ClassRunner$1.evaluate(BlockJUnit4ClassRunner.java:100) [junit-4.13.jar:4.13]
	at org.junit.runners.ParentRunner.runLeaf(ParentRunner.java:366) [junit-4.13.jar:4.13]
	at org.junit.runners.BlockJUnit4ClassRunner.runChild(BlockJUnit4ClassRunner.java:103) [junit-4.13.jar:4.13]
	at org.junit.runners.BlockJUnit4ClassRunner.runChild(BlockJUnit4ClassRunner.java:63) [junit-4.13.jar:4.13]
	at org.junit.runners.ParentRunner$4.run(ParentRunner.java:331) [junit-4.13.jar:4.13]
	at org.junit.runners.ParentRunner$1.schedule(ParentRunner.java:79) [junit-4.13.jar:4.13]
	at org.junit.runners.ParentRunner.runChildren(ParentRunner.java:329) [junit-4.13.jar:4.13]
	at org.junit.runners.ParentRunner.access$100(ParentRunner.java:66) [junit-4.13.jar:4.13]
	at org.junit.runners.ParentRunner$2.evaluate(ParentRunner.java:293) [junit-4.13.jar:4.13]
	at org.junit.runners.ParentRunner.run(ParentRunner.java:413) [junit-4.13.jar:4.13]
	at org.junit.runners.Suite.runChild(Suite.java:128) [junit-4.13.jar:4.13]
	at org.junit.runners.Suite.runChild(Suite.java:27) [junit-4.13.jar:4.13]
	at org.junit.runners.ParentRunner$4.run(ParentRunner.java:331) [junit-4.13.jar:4.13]
	at org.junit.runners.ParentRunner$1.schedule(ParentRunner.java:79) [junit-4.13.jar:4.13]
	at org.junit.runners.ParentRunner.runChildren(ParentRunner.java:329) [junit-4.13.jar:4.13]
	at org.junit.runners.ParentRunner.access$100(ParentRunner.java:66) [junit-4.13.jar:4.13]
	at org.junit.runners.ParentRunner$2.evaluate(ParentRunner.java:293) [junit-4.13.jar:4.13]
	at org.junit.internal.runners.statements.RunAfters.evaluate(RunAfters.java:27) [junit-4.13.jar:4.13]
	at org.junit.runners.ParentRunner$3.evaluate(ParentRunner.java:306) [junit-4.13.jar:4.13]
	at org.junit.runners.ParentRunner.run(ParentRunner.java:413) [junit-4.13.jar:4.13]
	at org.eclipse.jdt.internal.junit4.runner.JUnit4TestReference.run(JUnit4TestReference.java:93) [.cp/:?]
	at org.eclipse.jdt.internal.junit.runner.TestExecution.run(TestExecution.java:40) [.cp/:?]
	at org.eclipse.jdt.internal.junit.runner.RemoteTestRunner.runTests(RemoteTestRunner.java:530) [.cp/:?]
	at org.eclipse.jdt.internal.junit.runner.RemoteTestRunner.runTests(RemoteTestRunner.java:758) [.cp/:?]
	at org.eclipse.jdt.internal.junit.runner.RemoteTestRunner.run(RemoteTestRunner.java:453) [.cp/:?]
	at org.eclipse.jdt.internal.junit.runner.RemoteTestRunner.main(RemoteTestRunner.java:211) [.cp/:?]
2025-12-30 04:04:04 INFO  === END   tests.productCardsTests.ProductCardElementsTests.isThereReviewsBtnInProductCard[Exp#1 [f1=1, f2=1, f3=1, f4=1, f5=1, f6=1, f7=1, f8=1]] ===
2025-12-30 04:04:04 INFO  === START tests.productCardsTests.ProductCardElementsTests.isThereTitleInProductCard[Exp#1 [f1=1, f2=1, f3=1, f4=1, f5=1, f6=1, f7=1, f8=1]] ===
2025-12-30 04:04:04 INFO  STEP: ♻️ Using existing results for same input.
2025-12-30 04:04:04 INFO  STEP PASS: Card #1 should have Title (card's title: Green and Black Glasses)
2025-12-30 04:04:04 INFO  STEP PASS: Card #2 should have Title (card's title: Black Sun Glasses)
2025-12-30 04:04:04 INFO  STEP PASS: Card #3 should have Title (card's title: Classic Sun Glasses)
2025-12-30 04:04:04 INFO  STEP PASS: Card #4 should have Title (card's title: Sunglasses)
2025-12-30 04:04:04 INFO  STEP PASS: Card #5 should have Title (card's title: Party Glasses)
2025-12-30 04:04:04 INFO  STEP PASS: All cards should have Title
2025-12-30 04:04:04 INFO  === PASS  tests.productCardsTests.ProductCardElementsTests.isThereTitleInProductCard[Exp#1 [f1=1, f2=1, f3=1, f4=1, f5=1, f6=1, f7=1, f8=1]] ===
2025-12-30 04:04:04 INFO  === END   tests.productCardsTests.ProductCardElementsTests.isThereTitleInProductCard[Exp#1 [f1=1, f2=1, f3=1, f4=1, f5=1, f6=1, f7=1, f8=1]] ===
2025-12-30 04:04:04 INFO  === START tests.productCardsTests.ProductCardElementsTests.isThereThumbnailInProductCard[Exp#1 [f1=1, f2=1, f3=1, f4=1, f5=1, f6=1, f7=1, f8=1]] ===
2025-12-30 04:04:04 INFO  STEP: ♻️ Using existing results for same input.
2025-12-30 04:04:04 INFO  STEP PASS: Card #1 should have Tumbnail
2025-12-30 04:04:05 INFO  STEP PASS: Card #2 should have Tumbnail
2025-12-30 04:04:05 INFO  STEP PASS: Card #3 should have Tumbnail
2025-12-30 04:04:05 INFO  STEP PASS: Card #4 should have Tumbnail
2025-12-30 04:04:05 INFO  STEP PASS: Card #5 should have Tumbnail
2025-12-30 04:04:05 INFO  STEP PASS: All cards should have Tumbnail
2025-12-30 04:04:05 INFO  === PASS  tests.productCardsTests.ProductCardElementsTests.isThereThumbnailInProductCard[Exp#1 [f1=1, f2=1, f3=1, f4=1, f5=1, f6=1, f7=1, f8=1]] ===
2025-12-30 04:04:05 INFO  === END   tests.productCardsTests.ProductCardElementsTests.isThereThumbnailInProductCard[Exp#1 [f1=1, f2=1, f3=1, f4=1, f5=1, f6=1, f7=1, f8=1]] ===
2025-12-30 04:04:05 INFO  === START tests.productCardsTests.ProductCardElementsTests.isThereDescriptionInProductCard[Exp#1 [f1=1, f2=1, f3=1, f4=1, f5=1, f6=1, f7=1, f8=1]] ===
2025-12-30 04:04:05 INFO  STEP: ♻️ Using existing results for same input.
2025-12-30 04:04:05 INFO  STEP PASS: Card #1 should have Description (card's description: The Green and Black Glasses feature a bold combination of green and black colors, adding a touch of vibrancy to your eyewear collection. They are both stylish and eye-catching.)
2025-12-30 04:04:05 INFO  STEP PASS: Card #2 should have Description (card's description: The Black Sun Glasses are a classic and stylish choice, featuring a sleek black frame and tinted lenses. They provide both UV protection and a fashionable look.)
2025-12-30 04:04:05 INFO  STEP PASS: Card #3 should have Description (card's description: The Classic Sun Glasses offer a timeless design with a neutral frame and UV-protected lenses. These sunglasses are versatile and suitable for various occasions.)
2025-12-30 04:04:05 INFO  STEP PASS: Card #4 should have Description (card's description: The Sunglasses offer a classic and simple design with a focus on functionality. These sunglasses provide essential UV protection while maintaining a timeless look.)
2025-12-30 04:04:05 INFO  STEP PASS: Card #5 should have Description (card's description: The Party Glasses are designed to add flair to your party outfit. With unique shapes or colorful frames, they're perfect for adding a playful touch to your look during celebrations.)
2025-12-30 04:04:05 INFO  STEP PASS: All cards should have Description
2025-12-30 04:04:05 INFO  === PASS  tests.productCardsTests.ProductCardElementsTests.isThereDescriptionInProductCard[Exp#1 [f1=1, f2=1, f3=1, f4=1, f5=1, f6=1, f7=1, f8=1]] ===
2025-12-30 04:04:05 INFO  === END   tests.productCardsTests.ProductCardElementsTests.isThereDescriptionInProductCard[Exp#1 [f1=1, f2=1, f3=1, f4=1, f5=1, f6=1, f7=1, f8=1]] ===
2025-12-30 04:04:05 INFO  === START tests.productCardsTests.ProductCardElementsTests.isThereRatingInProductCard[Exp#1 [f1=1, f2=1, f3=1, f4=1, f5=1, f6=1, f7=1, f8=1]] ===
2025-12-30 04:04:05 INFO  STEP: ♻️ Using existing results for same input.
2025-12-30 04:04:05 INFO  STEP PASS: Card #1 should have Rating (card's rating: 34.99)
2025-12-30 04:04:05 INFO  STEP PASS: Card #2 should have Rating (card's rating: 29.99)
2025-12-30 04:04:05 INFO  STEP PASS: Card #3 should have Rating (card's rating: 24.99)
2025-12-30 04:04:06 INFO  STEP PASS: Card #4 should have Rating (card's rating: 22.99)
2025-12-30 04:04:06 INFO  STEP PASS: Card #5 should have Rating (card's rating: 19.99)
2025-12-30 04:04:06 INFO  STEP PASS: All cards should have Rating
2025-12-30 04:04:06 INFO  === PASS  tests.productCardsTests.ProductCardElementsTests.isThereRatingInProductCard[Exp#1 [f1=1, f2=1, f3=1, f4=1, f5=1, f6=1, f7=1, f8=1]] ===
2025-12-30 04:04:06 INFO  === END   tests.productCardsTests.ProductCardElementsTests.isThereRatingInProductCard[Exp#1 [f1=1, f2=1, f3=1, f4=1, f5=1, f6=1, f7=1, f8=1]] ===
2025-12-30 04:04:06 INFO  === START tests.productCardsTests.ProductCardElementsTests.isThereAdditionalImagesBtnInProductCard[Exp#2 [f1=1, f2=1, f3=2, f4=2, f5=2, f6=2, f7=2, f8=2]] ===
2025-12-30 04:04:06 INFO  STEP: 📝 New input: Filling form fields.
2025-12-30 04:04:10 ERROR STEP FAIL: Card #1 should have Additional Images Button
2025-12-30 04:04:10 ERROR === FAIL  tests.productCardsTests.ProductCardElementsTests.isThereAdditionalImagesBtnInProductCard[Exp#2 [f1=1, f2=1, f3=2, f4=2, f5=2, f6=2, f7=2, f8=2]] ===
java.lang.AssertionError: Card #1 should have Additional Images Button
	at org.junit.Assert.fail(Assert.java:89) ~[junit-4.13.jar:4.13]
	at org.junit.Assert.assertTrue(Assert.java:42) ~[junit-4.13.jar:4.13]
	at org.junit.Assert.assertFalse(Assert.java:65) ~[junit-4.13.jar:4.13]
	at tests.BaseTest.checkFalse(BaseTest.java:101) ~[test-classes/:?]
	at tests.productCardsTests.ProductCardElementsTests.isThereAdditionalImagesBtnInProductCard(ProductCardElementsTests.java:64) ~[test-classes/:?]
	at jdk.internal.reflect.DirectMethodHandleAccessor.invoke(DirectMethodHandleAccessor.java:103) ~[?:?]
	at java.lang.reflect.Method.invoke(Method.java:580) ~[?:?]
	at org.junit.runners.model.FrameworkMethod$1.runReflectiveCall(FrameworkMethod.java:59) ~[junit-4.13.jar:4.13]
	at org.junit.internal.runners.model.ReflectiveCallable.run(ReflectiveCallable.java:12) ~[junit-4.13.jar:4.13]
	at org.junit.runners.model.FrameworkMethod.invokeExplosively(FrameworkMethod.java:56) ~[junit-4.13.jar:4.13]
	at org.junit.internal.runners.statements.InvokeMethod.evaluate(InvokeMethod.java:17) ~[junit-4.13.jar:4.13]
	at org.junit.internal.runners.statements.RunBefores.evaluate(RunBefores.java:26) ~[junit-4.13.jar:4.13]
	at org.junit.internal.runners.statements.RunAfters.evaluate(RunAfters.java:27) ~[junit-4.13.jar:4.13]
	at org.junit.rules.TestWatcher$1.evaluate(TestWatcher.java:61) [junit-4.13.jar:4.13]
	at org.junit.runners.ParentRunner$3.evaluate(ParentRunner.java:306) [junit-4.13.jar:4.13]
	at org.junit.runners.BlockJUnit4ClassRunner$1.evaluate(BlockJUnit4ClassRunner.java:100) [junit-4.13.jar:4.13]
	at org.junit.runners.ParentRunner.runLeaf(ParentRunner.java:366) [junit-4.13.jar:4.13]
	at org.junit.runners.BlockJUnit4ClassRunner.runChild(BlockJUnit4ClassRunner.java:103) [junit-4.13.jar:4.13]
	at org.junit.runners.BlockJUnit4ClassRunner.runChild(BlockJUnit4ClassRunner.java:63) [junit-4.13.jar:4.13]
	at org.junit.runners.ParentRunner$4.run(ParentRunner.java:331) [junit-4.13.jar:4.13]
	at org.junit.runners.ParentRunner$1.schedule(ParentRunner.java:79) [junit-4.13.jar:4.13]
	at org.junit.runners.ParentRunner.runChildren(ParentRunner.java:329) [junit-4.13.jar:4.13]
	at org.junit.runners.ParentRunner.access$100(ParentRunner.java:66) [junit-4.13.jar:4.13]
	at org.junit.runners.ParentRunner$2.evaluate(ParentRunner.java:293) [junit-4.13.jar:4.13]
	at org.junit.runners.ParentRunner.run(ParentRunner.java:413) [junit-4.13.jar:4.13]
	at org.junit.runners.Suite.runChild(Suite.java:128) [junit-4.13.jar:4.13]
	at org.junit.runners.Suite.runChild(Suite.java:27) [junit-4.13.jar:4.13]
	at org.junit.runners.ParentRunner$4.run(ParentRunner.java:331) [junit-4.13.jar:4.13]
	at org.junit.runners.ParentRunner$1.schedule(ParentRunner.java:79) [junit-4.13.jar:4.13]
	at org.junit.runners.ParentRunner.runChildren(ParentRunner.java:329) [junit-4.13.jar:4.13]
	at org.junit.runners.ParentRunner.access$100(ParentRunner.java:66) [junit-4.13.jar:4.13]
	at org.junit.runners.ParentRunner$2.evaluate(ParentRunner.java:293) [junit-4.13.jar:4.13]
	at org.junit.internal.runners.statements.RunAfters.evaluate(RunAfters.java:27) [junit-4.13.jar:4.13]
	at org.junit.runners.ParentRunner$3.evaluate(ParentRunner.java:306) [junit-4.13.jar:4.13]
	at org.junit.runners.ParentRunner.run(ParentRunner.java:413) [junit-4.13.jar:4.13]
	at org.eclipse.jdt.internal.junit4.runner.JUnit4TestReference.run(JUnit4TestReference.java:93) [.cp/:?]
	at org.eclipse.jdt.internal.junit.runner.TestExecution.run(TestExecution.java:40) [.cp/:?]
	at org.eclipse.jdt.internal.junit.runner.RemoteTestRunner.runTests(RemoteTestRunner.java:530) [.cp/:?]
	at org.eclipse.jdt.internal.junit.runner.RemoteTestRunner.runTests(RemoteTestRunner.java:758) [.cp/:?]
	at org.eclipse.jdt.internal.junit.runner.RemoteTestRunner.run(RemoteTestRunner.java:453) [.cp/:?]
	at org.eclipse.jdt.internal.junit.runner.RemoteTestRunner.main(RemoteTestRunner.java:211) [.cp/:?]
2025-12-30 04:04:10 INFO  === END   tests.productCardsTests.ProductCardElementsTests.isThereAdditionalImagesBtnInProductCard[Exp#2 [f1=1, f2=1, f3=2, f4=2, f5=2, f6=2, f7=2, f8=2]] ===
2025-12-30 04:04:10 INFO  === START tests.productCardsTests.ProductCardElementsTests.isTherePriceInProductCard[Exp#2 [f1=1, f2=1, f3=2, f4=2, f5=2, f6=2, f7=2, f8=2]] ===
2025-12-30 04:04:10 INFO  STEP: ♻️ Using existing results for same input.
2025-12-30 04:04:10 INFO  STEP PASS: Card #1 should have Price (card's price: 5.99)
2025-12-30 04:04:10 INFO  STEP PASS: Card #2 should have Price (card's price: 7.99)
2025-12-30 04:04:10 INFO  STEP PASS: Card #3 should have Price (card's price: 9.99)
2025-12-30 04:04:10 INFO  STEP PASS: Card #4 should have Price (card's price: 29.99)
2025-12-30 04:04:10 INFO  STEP PASS: Card #5 should have Price (card's price: 39.99)
2025-12-30 04:04:10 INFO  STEP PASS: All cards should have Price
2025-12-30 04:04:10 INFO  === PASS  tests.productCardsTests.ProductCardElementsTests.isTherePriceInProductCard[Exp#2 [f1=1, f2=1, f3=2, f4=2, f5=2, f6=2, f7=2, f8=2]] ===
2025-12-30 04:04:10 INFO  === END   tests.productCardsTests.ProductCardElementsTests.isTherePriceInProductCard[Exp#2 [f1=1, f2=1, f3=2, f4=2, f5=2, f6=2, f7=2, f8=2]] ===
2025-12-30 04:04:10 INFO  === START tests.productCardsTests.ProductCardElementsTests.isThereReviewsBtnInProductCard[Exp#2 [f1=1, f2=1, f3=2, f4=2, f5=2, f6=2, f7=2, f8=2]] ===
2025-12-30 04:04:10 INFO  STEP: ♻️ Using existing results for same input.
2025-12-30 04:04:10 ERROR STEP FAIL: Card #1 should have Review Button
2025-12-30 04:04:10 ERROR === FAIL  tests.productCardsTests.ProductCardElementsTests.isThereReviewsBtnInProductCard[Exp#2 [f1=1, f2=1, f3=2, f4=2, f5=2, f6=2, f7=2, f8=2]] ===
java.lang.AssertionError: Card #1 should have Review Button
	at org.junit.Assert.fail(Assert.java:89) ~[junit-4.13.jar:4.13]
	at org.junit.Assert.assertTrue(Assert.java:42) ~[junit-4.13.jar:4.13]
	at org.junit.Assert.assertFalse(Assert.java:65) ~[junit-4.13.jar:4.13]
	at tests.BaseTest.checkFalse(BaseTest.java:101) ~[test-classes/:?]
	at tests.productCardsTests.ProductCardElementsTests.isThereReviewsBtnInProductCard(ProductCardElementsTests.java:80) ~[test-classes/:?]
	at jdk.internal.reflect.DirectMethodHandleAccessor.invoke(DirectMethodHandleAccessor.java:103) ~[?:?]
	at java.lang.reflect.Method.invoke(Method.java:580) ~[?:?]
	at org.junit.runners.model.FrameworkMethod$1.runReflectiveCall(FrameworkMethod.java:59) ~[junit-4.13.jar:4.13]
	at org.junit.internal.runners.model.ReflectiveCallable.run(ReflectiveCallable.java:12) ~[junit-4.13.jar:4.13]
	at org.junit.runners.model.FrameworkMethod.invokeExplosively(FrameworkMethod.java:56) ~[junit-4.13.jar:4.13]
	at org.junit.internal.runners.statements.InvokeMethod.evaluate(InvokeMethod.java:17) ~[junit-4.13.jar:4.13]
	at org.junit.internal.runners.statements.RunBefores.evaluate(RunBefores.java:26) ~[junit-4.13.jar:4.13]
	at org.junit.internal.runners.statements.RunAfters.evaluate(RunAfters.java:27) ~[junit-4.13.jar:4.13]
	at org.junit.rules.TestWatcher$1.evaluate(TestWatcher.java:61) [junit-4.13.jar:4.13]
	at org.junit.runners.ParentRunner$3.evaluate(ParentRunner.java:306) [junit-4.13.jar:4.13]
	at org.junit.runners.BlockJUnit4ClassRunner$1.evaluate(BlockJUnit4ClassRunner.java:100) [junit-4.13.jar:4.13]
	at org.junit.runners.ParentRunner.runLeaf(ParentRunner.java:366) [junit-4.13.jar:4.13]
	at org.junit.runners.BlockJUnit4ClassRunner.runChild(BlockJUnit4ClassRunner.java:103) [junit-4.13.jar:4.13]
	at org.junit.runners.BlockJUnit4ClassRunner.runChild(BlockJUnit4ClassRunner.java:63) [junit-4.13.jar:4.13]
	at org.junit.runners.ParentRunner$4.run(ParentRunner.java:331) [junit-4.13.jar:4.13]
	at org.junit.runners.ParentRunner$1.schedule(ParentRunner.java:79) [junit-4.13.jar:4.13]
	at org.junit.runners.ParentRunner.runChildren(ParentRunner.java:329) [junit-4.13.jar:4.13]
	at org.junit.runners.ParentRunner.access$100(ParentRunner.java:66) [junit-4.13.jar:4.13]
	at org.junit.runners.ParentRunner$2.evaluate(ParentRunner.java:293) [junit-4.13.jar:4.13]
	at org.junit.runners.ParentRunner.run(ParentRunner.java:413) [junit-4.13.jar:4.13]
	at org.junit.runners.Suite.runChild(Suite.java:128) [junit-4.13.jar:4.13]
	at org.junit.runners.Suite.runChild(Suite.java:27) [junit-4.13.jar:4.13]
	at org.junit.runners.ParentRunner$4.run(ParentRunner.java:331) [junit-4.13.jar:4.13]
	at org.junit.runners.ParentRunner$1.schedule(ParentRunner.java:79) [junit-4.13.jar:4.13]
	at org.junit.runners.ParentRunner.runChildren(ParentRunner.java:329) [junit-4.13.jar:4.13]
	at org.junit.runners.ParentRunner.access$100(ParentRunner.java:66) [junit-4.13.jar:4.13]
	at org.junit.runners.ParentRunner$2.evaluate(ParentRunner.java:293) [junit-4.13.jar:4.13]
	at org.junit.internal.runners.statements.RunAfters.evaluate(RunAfters.java:27) [junit-4.13.jar:4.13]
	at org.junit.runners.ParentRunner$3.evaluate(ParentRunner.java:306) [junit-4.13.jar:4.13]
	at org.junit.runners.ParentRunner.run(ParentRunner.java:413) [junit-4.13.jar:4.13]
	at org.eclipse.jdt.internal.junit4.runner.JUnit4TestReference.run(JUnit4TestReference.java:93) [.cp/:?]
	at org.eclipse.jdt.internal.junit.runner.TestExecution.run(TestExecution.java:40) [.cp/:?]
	at org.eclipse.jdt.internal.junit.runner.RemoteTestRunner.runTests(RemoteTestRunner.java:530) [.cp/:?]
	at org.eclipse.jdt.internal.junit.runner.RemoteTestRunner.runTests(RemoteTestRunner.java:758) [.cp/:?]
	at org.eclipse.jdt.internal.junit.runner.RemoteTestRunner.run(RemoteTestRunner.java:453) [.cp/:?]
	at org.eclipse.jdt.internal.junit.runner.RemoteTestRunner.main(RemoteTestRunner.java:211) [.cp/:?]
2025-12-30 04:04:10 INFO  === END   tests.productCardsTests.ProductCardElementsTests.isThereReviewsBtnInProductCard[Exp#2 [f1=1, f2=1, f3=2, f4=2, f5=2, f6=2, f7=2, f8=2]] ===
2025-12-30 04:04:10 INFO  === START tests.productCardsTests.ProductCardElementsTests.isThereTitleInProductCard[Exp#2 [f1=1, f2=1, f3=2, f4=2, f5=2, f6=2, f7=2, f8=2]] ===
2025-12-30 04:04:10 INFO  STEP: ♻️ Using existing results for same input.
2025-12-30 04:04:10 INFO  STEP PASS: Card #1 should have Title (card's title: Black Aluminium Cup)
2025-12-30 04:04:10 INFO  STEP PASS: Card #2 should have Title (card's title: Bamboo Spatula)
2025-12-30 04:04:10 INFO  STEP PASS: Card #3 should have Title (card's title: Black Whisk)
2025-12-30 04:04:10 INFO  STEP PASS: Card #4 should have Title (card's title: Carbon Steel Wok)
2025-12-30 04:04:10 INFO  STEP PASS: Card #5 should have Title (card's title: Boxed Blender)
2025-12-30 04:04:10 INFO  STEP PASS: All cards should have Title
2025-12-30 04:04:10 INFO  === PASS  tests.productCardsTests.ProductCardElementsTests.isThereTitleInProductCard[Exp#2 [f1=1, f2=1, f3=2, f4=2, f5=2, f6=2, f7=2, f8=2]] ===
2025-12-30 04:04:10 INFO  === END   tests.productCardsTests.ProductCardElementsTests.isThereTitleInProductCard[Exp#2 [f1=1, f2=1, f3=2, f4=2, f5=2, f6=2, f7=2, f8=2]] ===
2025-12-30 04:04:10 INFO  === START tests.productCardsTests.ProductCardElementsTests.isThereThumbnailInProductCard[Exp#2 [f1=1, f2=1, f3=2, f4=2, f5=2, f6=2, f7=2, f8=2]] ===
2025-12-30 04:04:10 INFO  STEP: ♻️ Using existing results for same input.
2025-12-30 04:04:10 INFO  STEP PASS: Card #1 should have Tumbnail
2025-12-30 04:04:11 INFO  STEP PASS: Card #2 should have Tumbnail
2025-12-30 04:04:11 INFO  STEP PASS: Card #3 should have Tumbnail
2025-12-30 04:04:11 INFO  STEP PASS: Card #4 should have Tumbnail
2025-12-30 04:04:11 INFO  STEP PASS: Card #5 should have Tumbnail
2025-12-30 04:04:11 INFO  STEP PASS: All cards should have Tumbnail
2025-12-30 04:04:11 INFO  === PASS  tests.productCardsTests.ProductCardElementsTests.isThereThumbnailInProductCard[Exp#2 [f1=1, f2=1, f3=2, f4=2, f5=2, f6=2, f7=2, f8=2]] ===
2025-12-30 04:04:11 INFO  === END   tests.productCardsTests.ProductCardElementsTests.isThereThumbnailInProductCard[Exp#2 [f1=1, f2=1, f3=2, f4=2, f5=2, f6=2, f7=2, f8=2]] ===
2025-12-30 04:04:11 INFO  === START tests.productCardsTests.ProductCardElementsTests.isThereDescriptionInProductCard[Exp#2 [f1=1, f2=1, f3=2, f4=2, f5=2, f6=2, f7=2, f8=2]] ===
2025-12-30 04:04:11 INFO  STEP: ♻️ Using existing results for same input.
2025-12-30 04:04:11 INFO  STEP PASS: Card #1 should have Description (card's description: The Black Aluminium Cup is a stylish and durable cup suitable for both hot and cold beverages. Its sleek black design adds a modern touch to your drinkware collection.)
2025-12-30 04:04:11 INFO  STEP PASS: Card #2 should have Description (card's description: The Bamboo Spatula is a versatile kitchen tool made from eco-friendly bamboo. Ideal for flipping, stirring, and serving various dishes.)
2025-12-30 04:04:11 INFO  STEP PASS: Card #3 should have Description (card's description: The Black Whisk is a kitchen essential for whisking and beating ingredients. Its ergonomic handle and sleek design make it a practical and stylish tool.)
2025-12-30 04:04:11 INFO  STEP PASS: Card #4 should have Description (card's description: The Carbon Steel Wok is a versatile cooking pan suitable for stir-frying, sautéing, and deep frying. Its sturdy construction ensures even heat distribution for delicious meals.)
2025-12-30 04:04:11 INFO  STEP PASS: Card #5 should have Description (card's description: The Boxed Blender is a powerful and compact blender perfect for smoothies, shakes, and more. Its convenient design and multiple functions make it a versatile kitchen appliance.)
2025-12-30 04:04:11 INFO  STEP PASS: All cards should have Description
2025-12-30 04:04:11 INFO  === PASS  tests.productCardsTests.ProductCardElementsTests.isThereDescriptionInProductCard[Exp#2 [f1=1, f2=1, f3=2, f4=2, f5=2, f6=2, f7=2, f8=2]] ===
2025-12-30 04:04:11 INFO  === END   tests.productCardsTests.ProductCardElementsTests.isThereDescriptionInProductCard[Exp#2 [f1=1, f2=1, f3=2, f4=2, f5=2, f6=2, f7=2, f8=2]] ===
2025-12-30 04:04:11 INFO  === START tests.productCardsTests.ProductCardElementsTests.isThereRatingInProductCard[Exp#2 [f1=1, f2=1, f3=2, f4=2, f5=2, f6=2, f7=2, f8=2]] ===
2025-12-30 04:04:11 INFO  STEP: ♻️ Using existing results for same input.
2025-12-30 04:04:11 INFO  STEP PASS: Card #1 should have Rating (card's rating: 5.99)
2025-12-30 04:04:11 INFO  STEP PASS: Card #2 should have Rating (card's rating: 7.99)
2025-12-30 04:04:11 INFO  STEP PASS: Card #3 should have Rating (card's rating: 9.99)
2025-12-30 04:04:12 INFO  STEP PASS: Card #4 should have Rating (card's rating: 29.99)
2025-12-30 04:04:12 INFO  STEP PASS: Card #5 should have Rating (card's rating: 39.99)
2025-12-30 04:04:12 INFO  STEP PASS: All cards should have Rating
2025-12-30 04:04:12 INFO  === PASS  tests.productCardsTests.ProductCardElementsTests.isThereRatingInProductCard[Exp#2 [f1=1, f2=1, f3=2, f4=2, f5=2, f6=2, f7=2, f8=2]] ===
2025-12-30 04:04:12 INFO  === END   tests.productCardsTests.ProductCardElementsTests.isThereRatingInProductCard[Exp#2 [f1=1, f2=1, f3=2, f4=2, f5=2, f6=2, f7=2, f8=2]] ===
2025-12-30 04:04:12 INFO  === START tests.productCardsTests.ProductCardElementsTests.isThereAdditionalImagesBtnInProductCard[Exp#3 [f1=1, f2=1, f3=3, f4=3, f5=3, f6=3, f7=3, f8=3]] ===
2025-12-30 04:04:12 INFO  STEP: 📝 New input: Filling form fields.
2025-12-30 04:04:15 ERROR STEP FAIL: Card #1 should have Additional Images Button
2025-12-30 04:04:15 ERROR === FAIL  tests.productCardsTests.ProductCardElementsTests.isThereAdditionalImagesBtnInProductCard[Exp#3 [f1=1, f2=1, f3=3, f4=3, f5=3, f6=3, f7=3, f8=3]] ===
java.lang.AssertionError: Card #1 should have Additional Images Button
	at org.junit.Assert.fail(Assert.java:89) ~[junit-4.13.jar:4.13]
	at org.junit.Assert.assertTrue(Assert.java:42) ~[junit-4.13.jar:4.13]
	at org.junit.Assert.assertFalse(Assert.java:65) ~[junit-4.13.jar:4.13]
	at tests.BaseTest.checkFalse(BaseTest.java:101) ~[test-classes/:?]
	at tests.productCardsTests.ProductCardElementsTests.isThereAdditionalImagesBtnInProductCard(ProductCardElementsTests.java:64) ~[test-classes/:?]
	at jdk.internal.reflect.DirectMethodHandleAccessor.invoke(DirectMethodHandleAccessor.java:103) ~[?:?]
	at java.lang.reflect.Method.invoke(Method.java:580) ~[?:?]
	at org.junit.runners.model.FrameworkMethod$1.runReflectiveCall(FrameworkMethod.java:59) ~[junit-4.13.jar:4.13]
	at org.junit.internal.runners.model.ReflectiveCallable.run(ReflectiveCallable.java:12) ~[junit-4.13.jar:4.13]
	at org.junit.runners.model.FrameworkMethod.invokeExplosively(FrameworkMethod.java:56) ~[junit-4.13.jar:4.13]
	at org.junit.internal.runners.statements.InvokeMethod.evaluate(InvokeMethod.java:17) ~[junit-4.13.jar:4.13]
	at org.junit.internal.runners.statements.RunBefores.evaluate(RunBefores.java:26) ~[junit-4.13.jar:4.13]
	at org.junit.internal.runners.statements.RunAfters.evaluate(RunAfters.java:27) ~[junit-4.13.jar:4.13]
	at org.junit.rules.TestWatcher$1.evaluate(TestWatcher.java:61) [junit-4.13.jar:4.13]
	at org.junit.runners.ParentRunner$3.evaluate(ParentRunner.java:306) [junit-4.13.jar:4.13]
	at org.junit.runners.BlockJUnit4ClassRunner$1.evaluate(BlockJUnit4ClassRunner.java:100) [junit-4.13.jar:4.13]
	at org.junit.runners.ParentRunner.runLeaf(ParentRunner.java:366) [junit-4.13.jar:4.13]
	at org.junit.runners.BlockJUnit4ClassRunner.runChild(BlockJUnit4ClassRunner.java:103) [junit-4.13.jar:4.13]
	at org.junit.runners.BlockJUnit4ClassRunner.runChild(BlockJUnit4ClassRunner.java:63) [junit-4.13.jar:4.13]
	at org.junit.runners.ParentRunner$4.run(ParentRunner.java:331) [junit-4.13.jar:4.13]
	at org.junit.runners.ParentRunner$1.schedule(ParentRunner.java:79) [junit-4.13.jar:4.13]
	at org.junit.runners.ParentRunner.runChildren(ParentRunner.java:329) [junit-4.13.jar:4.13]
	at org.junit.runners.ParentRunner.access$100(ParentRunner.java:66) [junit-4.13.jar:4.13]
	at org.junit.runners.ParentRunner$2.evaluate(ParentRunner.java:293) [junit-4.13.jar:4.13]
	at org.junit.runners.ParentRunner.run(ParentRunner.java:413) [junit-4.13.jar:4.13]
	at org.junit.runners.Suite.runChild(Suite.java:128) [junit-4.13.jar:4.13]
	at org.junit.runners.Suite.runChild(Suite.java:27) [junit-4.13.jar:4.13]
	at org.junit.runners.ParentRunner$4.run(ParentRunner.java:331) [junit-4.13.jar:4.13]
	at org.junit.runners.ParentRunner$1.schedule(ParentRunner.java:79) [junit-4.13.jar:4.13]
	at org.junit.runners.ParentRunner.runChildren(ParentRunner.java:329) [junit-4.13.jar:4.13]
	at org.junit.runners.ParentRunner.access$100(ParentRunner.java:66) [junit-4.13.jar:4.13]
	at org.junit.runners.ParentRunner$2.evaluate(ParentRunner.java:293) [junit-4.13.jar:4.13]
	at org.junit.internal.runners.statements.RunAfters.evaluate(RunAfters.java:27) [junit-4.13.jar:4.13]
	at org.junit.runners.ParentRunner$3.evaluate(ParentRunner.java:306) [junit-4.13.jar:4.13]
	at org.junit.runners.ParentRunner.run(ParentRunner.java:413) [junit-4.13.jar:4.13]
	at org.eclipse.jdt.internal.junit4.runner.JUnit4TestReference.run(JUnit4TestReference.java:93) [.cp/:?]
	at org.eclipse.jdt.internal.junit.runner.TestExecution.run(TestExecution.java:40) [.cp/:?]
	at org.eclipse.jdt.internal.junit.runner.RemoteTestRunner.runTests(RemoteTestRunner.java:530) [.cp/:?]
	at org.eclipse.jdt.internal.junit.runner.RemoteTestRunner.runTests(RemoteTestRunner.java:758) [.cp/:?]
	at org.eclipse.jdt.internal.junit.runner.RemoteTestRunner.run(RemoteTestRunner.java:453) [.cp/:?]
	at org.eclipse.jdt.internal.junit.runner.RemoteTestRunner.main(RemoteTestRunner.java:211) [.cp/:?]
2025-12-30 04:04:15 INFO  === END   tests.productCardsTests.ProductCardElementsTests.isThereAdditionalImagesBtnInProductCard[Exp#3 [f1=1, f2=1, f3=3, f4=3, f5=3, f6=3, f7=3, f8=3]] ===
2025-12-30 04:04:15 INFO  === START tests.productCardsTests.ProductCardElementsTests.isTherePriceInProductCard[Exp#3 [f1=1, f2=1, f3=3, f4=3, f5=3, f6=3, f7=3, f8=3]] ===
2025-12-30 04:04:15 INFO  STEP: ♻️ Using existing results for same input.
2025-12-30 04:04:15 INFO  STEP PASS: Card #1 should have Price (card's price: 349.99)
2025-12-30 04:04:15 INFO  STEP PASS: Card #2 should have Price (card's price: 349.99)
2025-12-30 04:04:15 INFO  STEP PASS: Card #3 should have Price (card's price: 499.99)
2025-12-30 04:04:15 INFO  STEP PASS: Card #4 should have Price (card's price: 599.99)
2025-12-30 04:04:15 INFO  STEP PASS: All cards should have Price
2025-12-30 04:04:15 INFO  === PASS  tests.productCardsTests.ProductCardElementsTests.isTherePriceInProductCard[Exp#3 [f1=1, f2=1, f3=3, f4=3, f5=3, f6=3, f7=3, f8=3]] ===
2025-12-30 04:04:15 INFO  === END   tests.productCardsTests.ProductCardElementsTests.isTherePriceInProductCard[Exp#3 [f1=1, f2=1, f3=3, f4=3, f5=3, f6=3, f7=3, f8=3]] ===
2025-12-30 04:04:15 INFO  === START tests.productCardsTests.ProductCardElementsTests.isThereReviewsBtnInProductCard[Exp#3 [f1=1, f2=1, f3=3, f4=3, f5=3, f6=3, f7=3, f8=3]] ===
2025-12-30 04:04:15 INFO  STEP: ♻️ Using existing results for same input.
2025-12-30 04:04:16 ERROR STEP FAIL: Card #1 should have Review Button
2025-12-30 04:04:16 ERROR === FAIL  tests.productCardsTests.ProductCardElementsTests.isThereReviewsBtnInProductCard[Exp#3 [f1=1, f2=1, f3=3, f4=3, f5=3, f6=3, f7=3, f8=3]] ===
java.lang.AssertionError: Card #1 should have Review Button
	at org.junit.Assert.fail(Assert.java:89) ~[junit-4.13.jar:4.13]
	at org.junit.Assert.assertTrue(Assert.java:42) ~[junit-4.13.jar:4.13]
	at org.junit.Assert.assertFalse(Assert.java:65) ~[junit-4.13.jar:4.13]
	at tests.BaseTest.checkFalse(BaseTest.java:101) ~[test-classes/:?]
	at tests.productCardsTests.ProductCardElementsTests.isThereReviewsBtnInProductCard(ProductCardElementsTests.java:80) ~[test-classes/:?]
	at jdk.internal.reflect.DirectMethodHandleAccessor.invoke(DirectMethodHandleAccessor.java:103) ~[?:?]
	at java.lang.reflect.Method.invoke(Method.java:580) ~[?:?]
	at org.junit.runners.model.FrameworkMethod$1.runReflectiveCall(FrameworkMethod.java:59) ~[junit-4.13.jar:4.13]
	at org.junit.internal.runners.model.ReflectiveCallable.run(ReflectiveCallable.java:12) ~[junit-4.13.jar:4.13]
	at org.junit.runners.model.FrameworkMethod.invokeExplosively(FrameworkMethod.java:56) ~[junit-4.13.jar:4.13]
	at org.junit.internal.runners.statements.InvokeMethod.evaluate(InvokeMethod.java:17) ~[junit-4.13.jar:4.13]
	at org.junit.internal.runners.statements.RunBefores.evaluate(RunBefores.java:26) ~[junit-4.13.jar:4.13]
	at org.junit.internal.runners.statements.RunAfters.evaluate(RunAfters.java:27) ~[junit-4.13.jar:4.13]
	at org.junit.rules.TestWatcher$1.evaluate(TestWatcher.java:61) [junit-4.13.jar:4.13]
	at org.junit.runners.ParentRunner$3.evaluate(ParentRunner.java:306) [junit-4.13.jar:4.13]
	at org.junit.runners.BlockJUnit4ClassRunner$1.evaluate(BlockJUnit4ClassRunner.java:100) [junit-4.13.jar:4.13]
	at org.junit.runners.ParentRunner.runLeaf(ParentRunner.java:366) [junit-4.13.jar:4.13]
	at org.junit.runners.BlockJUnit4ClassRunner.runChild(BlockJUnit4ClassRunner.java:103) [junit-4.13.jar:4.13]
	at org.junit.runners.BlockJUnit4ClassRunner.runChild(BlockJUnit4ClassRunner.java:63) [junit-4.13.jar:4.13]
	at org.junit.runners.ParentRunner$4.run(ParentRunner.java:331) [junit-4.13.jar:4.13]
	at org.junit.runners.ParentRunner$1.schedule(ParentRunner.java:79) [junit-4.13.jar:4.13]
	at org.junit.runners.ParentRunner.runChildren(ParentRunner.java:329) [junit-4.13.jar:4.13]
	at org.junit.runners.ParentRunner.access$100(ParentRunner.java:66) [junit-4.13.jar:4.13]
	at org.junit.runners.ParentRunner$2.evaluate(ParentRunner.java:293) [junit-4.13.jar:4.13]
	at org.junit.runners.ParentRunner.run(ParentRunner.java:413) [junit-4.13.jar:4.13]
	at org.junit.runners.Suite.runChild(Suite.java:128) [junit-4.13.jar:4.13]
	at org.junit.runners.Suite.runChild(Suite.java:27) [junit-4.13.jar:4.13]
	at org.junit.runners.ParentRunner$4.run(ParentRunner.java:331) [junit-4.13.jar:4.13]
	at org.junit.runners.ParentRunner$1.schedule(ParentRunner.java:79) [junit-4.13.jar:4.13]
	at org.junit.runners.ParentRunner.runChildren(ParentRunner.java:329) [junit-4.13.jar:4.13]
	at org.junit.runners.ParentRunner.access$100(ParentRunner.java:66) [junit-4.13.jar:4.13]
	at org.junit.runners.ParentRunner$2.evaluate(ParentRunner.java:293) [junit-4.13.jar:4.13]
	at org.junit.internal.runners.statements.RunAfters.evaluate(RunAfters.java:27) [junit-4.13.jar:4.13]
	at org.junit.runners.ParentRunner$3.evaluate(ParentRunner.java:306) [junit-4.13.jar:4.13]
	at org.junit.runners.ParentRunner.run(ParentRunner.java:413) [junit-4.13.jar:4.13]
	at org.eclipse.jdt.internal.junit4.runner.JUnit4TestReference.run(JUnit4TestReference.java:93) [.cp/:?]
	at org.eclipse.jdt.internal.junit.runner.TestExecution.run(TestExecution.java:40) [.cp/:?]
	at org.eclipse.jdt.internal.junit.runner.RemoteTestRunner.runTests(RemoteTestRunner.java:530) [.cp/:?]
	at org.eclipse.jdt.internal.junit.runner.RemoteTestRunner.runTests(RemoteTestRunner.java:758) [.cp/:?]
	at org.eclipse.jdt.internal.junit.runner.RemoteTestRunner.run(RemoteTestRunner.java:453) [.cp/:?]
	at org.eclipse.jdt.internal.junit.runner.RemoteTestRunner.main(RemoteTestRunner.java:211) [.cp/:?]
2025-12-30 04:04:16 INFO  === END   tests.productCardsTests.ProductCardElementsTests.isThereReviewsBtnInProductCard[Exp#3 [f1=1, f2=1, f3=3, f4=3, f5=3, f6=3, f7=3, f8=3]] ===
2025-12-30 04:04:16 INFO  === START tests.productCardsTests.ProductCardElementsTests.isThereTitleInProductCard[Exp#3 [f1=1, f2=1, f3=3, f4=3, f5=3, f6=3, f7=3, f8=3]] ===
2025-12-30 04:04:16 INFO  STEP: ♻️ Using existing results for same input.
2025-12-30 04:04:16 INFO  STEP PASS: Card #1 should have Title (card's title: Samsung Galaxy Tab White)
2025-12-30 04:04:16 INFO  STEP PASS: Card #2 should have Title (card's title: Samsung Galaxy Tab White)
2025-12-30 04:04:16 INFO  STEP PASS: Card #3 should have Title (card's title: iPad Mini 2021 Starlight)
2025-12-30 04:04:16 INFO  STEP PASS: Card #4 should have Title (card's title: Samsung Galaxy Tab S8 Plus Grey)
2025-12-30 04:04:16 INFO  STEP PASS: All cards should have Title
2025-12-30 04:04:16 INFO  === PASS  tests.productCardsTests.ProductCardElementsTests.isThereTitleInProductCard[Exp#3 [f1=1, f2=1, f3=3, f4=3, f5=3, f6=3, f7=3, f8=3]] ===
2025-12-30 04:04:16 INFO  === END   tests.productCardsTests.ProductCardElementsTests.isThereTitleInProductCard[Exp#3 [f1=1, f2=1, f3=3, f4=3, f5=3, f6=3, f7=3, f8=3]] ===
2025-12-30 04:04:16 INFO  === START tests.productCardsTests.ProductCardElementsTests.isThereThumbnailInProductCard[Exp#3 [f1=1, f2=1, f3=3, f4=3, f5=3, f6=3, f7=3, f8=3]] ===
2025-12-30 04:04:16 INFO  STEP: ♻️ Using existing results for same input.
2025-12-30 04:04:16 INFO  STEP PASS: Card #1 should have Tumbnail
2025-12-30 04:04:16 INFO  STEP PASS: Card #2 should have Tumbnail
2025-12-30 04:04:16 INFO  STEP PASS: Card #3 should have Tumbnail
2025-12-30 04:04:16 INFO  STEP PASS: Card #4 should have Tumbnail
2025-12-30 04:04:16 INFO  STEP PASS: All cards should have Tumbnail
2025-12-30 04:04:16 INFO  === PASS  tests.productCardsTests.ProductCardElementsTests.isThereThumbnailInProductCard[Exp#3 [f1=1, f2=1, f3=3, f4=3, f5=3, f6=3, f7=3, f8=3]] ===
2025-12-30 04:04:16 INFO  === END   tests.productCardsTests.ProductCardElementsTests.isThereThumbnailInProductCard[Exp#3 [f1=1, f2=1, f3=3, f4=3, f5=3, f6=3, f7=3, f8=3]] ===
2025-12-30 04:04:16 INFO  === START tests.productCardsTests.ProductCardElementsTests.isThereDescriptionInProductCard[Exp#3 [f1=1, f2=1, f3=3, f4=3, f5=3, f6=3, f7=3, f8=3]] ===
2025-12-30 04:04:16 INFO  STEP: ♻️ Using existing results for same input.
2025-12-30 04:04:16 INFO  STEP PASS: Card #1 should have Description (card's description: The Samsung Galaxy Tab in White is a sleek and versatile Android tablet. With a vibrant display, long-lasting battery, and a range of features, it offers a great user experience for various tasks.)
2025-12-30 04:04:16 INFO  STEP PASS: Card #2 should have Description (card's description: The Samsung Galaxy Tab in White is a sleek and versatile Android tablet. With a vibrant display, long-lasting battery, and a range of features, it offers a great user experience for various tasks.)
2025-12-30 04:04:16 INFO  STEP PASS: Card #3 should have Description (card's description: The iPad Mini 2021 in Starlight is a compact and powerful tablet from Apple. Featuring a stunning Retina display, powerful A-series chip, and a sleek design, it offers a premium tablet experience.)
2025-12-30 04:04:16 INFO  STEP PASS: Card #4 should have Description (card's description: The Samsung Galaxy Tab S8 Plus in Grey is a high-performance Android tablet by Samsung. With a large AMOLED display, powerful processor, and S Pen support, it's ideal for productivity and entertainment.)
2025-12-30 04:04:16 INFO  STEP PASS: All cards should have Description
2025-12-30 04:04:16 INFO  === PASS  tests.productCardsTests.ProductCardElementsTests.isThereDescriptionInProductCard[Exp#3 [f1=1, f2=1, f3=3, f4=3, f5=3, f6=3, f7=3, f8=3]] ===
2025-12-30 04:04:16 INFO  === END   tests.productCardsTests.ProductCardElementsTests.isThereDescriptionInProductCard[Exp#3 [f1=1, f2=1, f3=3, f4=3, f5=3, f6=3, f7=3, f8=3]] ===
2025-12-30 04:04:16 INFO  === START tests.productCardsTests.ProductCardElementsTests.isThereRatingInProductCard[Exp#3 [f1=1, f2=1, f3=3, f4=3, f5=3, f6=3, f7=3, f8=3]] ===
2025-12-30 04:04:16 INFO  STEP: ♻️ Using existing results for same input.
2025-12-30 04:04:16 INFO  STEP PASS: Card #1 should have Rating (card's rating: 349.99)
2025-12-30 04:04:17 INFO  STEP PASS: Card #2 should have Rating (card's rating: 349.99)
2025-12-30 04:04:17 INFO  STEP PASS: Card #3 should have Rating (card's rating: 499.99)
2025-12-30 04:04:17 INFO  STEP PASS: Card #4 should have Rating (card's rating: 599.99)
2025-12-30 04:04:17 INFO  STEP PASS: All cards should have Rating
2025-12-30 04:04:17 INFO  === PASS  tests.productCardsTests.ProductCardElementsTests.isThereRatingInProductCard[Exp#3 [f1=1, f2=1, f3=3, f4=3, f5=3, f6=3, f7=3, f8=3]] ===
2025-12-30 04:04:17 INFO  === END   tests.productCardsTests.ProductCardElementsTests.isThereRatingInProductCard[Exp#3 [f1=1, f2=1, f3=3, f4=3, f5=3, f6=3, f7=3, f8=3]] ===
2025-12-30 04:04:17 INFO  === START tests.productCardsTests.ProductCardElementsTests.isThereAdditionalImagesBtnInProductCard[Exp#4 [f1=1, f2=2, f3=1, f4=1, f5=2, f6=2, f7=3, f8=3]] ===
2025-12-30 04:04:17 INFO  STEP: 📝 New input: Filling form fields.
2025-12-30 04:04:20 ERROR STEP FAIL: Card #1 should have Additional Images Button
2025-12-30 04:04:20 ERROR === FAIL  tests.productCardsTests.ProductCardElementsTests.isThereAdditionalImagesBtnInProductCard[Exp#4 [f1=1, f2=2, f3=1, f4=1, f5=2, f6=2, f7=3, f8=3]] ===
java.lang.AssertionError: Card #1 should have Additional Images Button
	at org.junit.Assert.fail(Assert.java:89) ~[junit-4.13.jar:4.13]
	at org.junit.Assert.assertTrue(Assert.java:42) ~[junit-4.13.jar:4.13]
	at org.junit.Assert.assertFalse(Assert.java:65) ~[junit-4.13.jar:4.13]
	at tests.BaseTest.checkFalse(BaseTest.java:101) ~[test-classes/:?]
	at tests.productCardsTests.ProductCardElementsTests.isThereAdditionalImagesBtnInProductCard(ProductCardElementsTests.java:64) ~[test-classes/:?]
	at jdk.internal.reflect.DirectMethodHandleAccessor.invoke(DirectMethodHandleAccessor.java:103) ~[?:?]
	at java.lang.reflect.Method.invoke(Method.java:580) ~[?:?]
	at org.junit.runners.model.FrameworkMethod$1.runReflectiveCall(FrameworkMethod.java:59) ~[junit-4.13.jar:4.13]
	at org.junit.internal.runners.model.ReflectiveCallable.run(ReflectiveCallable.java:12) ~[junit-4.13.jar:4.13]
	at org.junit.runners.model.FrameworkMethod.invokeExplosively(FrameworkMethod.java:56) ~[junit-4.13.jar:4.13]
	at org.junit.internal.runners.statements.InvokeMethod.evaluate(InvokeMethod.java:17) ~[junit-4.13.jar:4.13]
	at org.junit.internal.runners.statements.RunBefores.evaluate(RunBefores.java:26) ~[junit-4.13.jar:4.13]
	at org.junit.internal.runners.statements.RunAfters.evaluate(RunAfters.java:27) ~[junit-4.13.jar:4.13]
	at org.junit.rules.TestWatcher$1.evaluate(TestWatcher.java:61) [junit-4.13.jar:4.13]
	at org.junit.runners.ParentRunner$3.evaluate(ParentRunner.java:306) [junit-4.13.jar:4.13]
	at org.junit.runners.BlockJUnit4ClassRunner$1.evaluate(BlockJUnit4ClassRunner.java:100) [junit-4.13.jar:4.13]
	at org.junit.runners.ParentRunner.runLeaf(ParentRunner.java:366) [junit-4.13.jar:4.13]
	at org.junit.runners.BlockJUnit4ClassRunner.runChild(BlockJUnit4ClassRunner.java:103) [junit-4.13.jar:4.13]
	at org.junit.runners.BlockJUnit4ClassRunner.runChild(BlockJUnit4ClassRunner.java:63) [junit-4.13.jar:4.13]
	at org.junit.runners.ParentRunner$4.run(ParentRunner.java:331) [junit-4.13.jar:4.13]
	at org.junit.runners.ParentRunner$1.schedule(ParentRunner.java:79) [junit-4.13.jar:4.13]
	at org.junit.runners.ParentRunner.runChildren(ParentRunner.java:329) [junit-4.13.jar:4.13]
	at org.junit.runners.ParentRunner.access$100(ParentRunner.java:66) [junit-4.13.jar:4.13]
	at org.junit.runners.ParentRunner$2.evaluate(ParentRunner.java:293) [junit-4.13.jar:4.13]
	at org.junit.runners.ParentRunner.run(ParentRunner.java:413) [junit-4.13.jar:4.13]
	at org.junit.runners.Suite.runChild(Suite.java:128) [junit-4.13.jar:4.13]
	at org.junit.runners.Suite.runChild(Suite.java:27) [junit-4.13.jar:4.13]
	at org.junit.runners.ParentRunner$4.run(ParentRunner.java:331) [junit-4.13.jar:4.13]
	at org.junit.runners.ParentRunner$1.schedule(ParentRunner.java:79) [junit-4.13.jar:4.13]
	at org.junit.runners.ParentRunner.runChildren(ParentRunner.java:329) [junit-4.13.jar:4.13]
	at org.junit.runners.ParentRunner.access$100(ParentRunner.java:66) [junit-4.13.jar:4.13]
	at org.junit.runners.ParentRunner$2.evaluate(ParentRunner.java:293) [junit-4.13.jar:4.13]
	at org.junit.internal.runners.statements.RunAfters.evaluate(RunAfters.java:27) [junit-4.13.jar:4.13]
	at org.junit.runners.ParentRunner$3.evaluate(ParentRunner.java:306) [junit-4.13.jar:4.13]
	at org.junit.runners.ParentRunner.run(ParentRunner.java:413) [junit-4.13.jar:4.13]
	at org.eclipse.jdt.internal.junit4.runner.JUnit4TestReference.run(JUnit4TestReference.java:93) [.cp/:?]
	at org.eclipse.jdt.internal.junit.runner.TestExecution.run(TestExecution.java:40) [.cp/:?]
	at org.eclipse.jdt.internal.junit.runner.RemoteTestRunner.runTests(RemoteTestRunner.java:530) [.cp/:?]
	at org.eclipse.jdt.internal.junit.runner.RemoteTestRunner.runTests(RemoteTestRunner.java:758) [.cp/:?]
	at org.eclipse.jdt.internal.junit.runner.RemoteTestRunner.run(RemoteTestRunner.java:453) [.cp/:?]
	at org.eclipse.jdt.internal.junit.runner.RemoteTestRunner.main(RemoteTestRunner.java:211) [.cp/:?]
2025-12-30 04:04:20 INFO  === END   tests.productCardsTests.ProductCardElementsTests.isThereAdditionalImagesBtnInProductCard[Exp#4 [f1=1, f2=2, f3=1, f4=1, f5=2, f6=2, f7=3, f8=3]] ===
2025-12-30 04:04:20 INFO  === START tests.productCardsTests.ProductCardElementsTests.isTherePriceInProductCard[Exp#4 [f1=1, f2=2, f3=1, f4=1, f5=2, f6=2, f7=3, f8=3]] ===
2025-12-30 04:04:20 INFO  STEP: ♻️ Using existing results for same input.
2025-12-30 04:04:20 INFO  STEP PASS: Card #1 should have Price (card's price: 14.99)
2025-12-30 04:04:20 INFO  STEP PASS: Card #2 should have Price (card's price: 29.99)
2025-12-30 04:04:21 INFO  STEP PASS: Card #3 should have Price (card's price: 39.99)
2025-12-30 04:04:21 INFO  STEP PASS: Card #4 should have Price (card's price: 49.99)
2025-12-30 04:04:21 INFO  STEP PASS: Card #5 should have Price (card's price: 59.99)
2025-12-30 04:04:21 INFO  STEP PASS: All cards should have Price
2025-12-30 04:04:21 INFO  === PASS  tests.productCardsTests.ProductCardElementsTests.isTherePriceInProductCard[Exp#4 [f1=1, f2=2, f3=1, f4=1, f5=2, f6=2, f7=3, f8=3]] ===
2025-12-30 04:04:21 INFO  === END   tests.productCardsTests.ProductCardElementsTests.isTherePriceInProductCard[Exp#4 [f1=1, f2=2, f3=1, f4=1, f5=2, f6=2, f7=3, f8=3]] ===
2025-12-30 04:04:21 INFO  === START tests.productCardsTests.ProductCardElementsTests.isThereReviewsBtnInProductCard[Exp#4 [f1=1, f2=2, f3=1, f4=1, f5=2, f6=2, f7=3, f8=3]] ===
2025-12-30 04:04:21 INFO  STEP: ♻️ Using existing results for same input.
2025-12-30 04:04:21 ERROR STEP FAIL: Card #1 should have Review Button
2025-12-30 04:04:21 ERROR === FAIL  tests.productCardsTests.ProductCardElementsTests.isThereReviewsBtnInProductCard[Exp#4 [f1=1, f2=2, f3=1, f4=1, f5=2, f6=2, f7=3, f8=3]] ===
java.lang.AssertionError: Card #1 should have Review Button
	at org.junit.Assert.fail(Assert.java:89) ~[junit-4.13.jar:4.13]
	at org.junit.Assert.assertTrue(Assert.java:42) ~[junit-4.13.jar:4.13]
	at org.junit.Assert.assertFalse(Assert.java:65) ~[junit-4.13.jar:4.13]
	at tests.BaseTest.checkFalse(BaseTest.java:101) ~[test-classes/:?]
	at tests.productCardsTests.ProductCardElementsTests.isThereReviewsBtnInProductCard(ProductCardElementsTests.java:80) ~[test-classes/:?]
	at jdk.internal.reflect.DirectMethodHandleAccessor.invoke(DirectMethodHandleAccessor.java:103) ~[?:?]
	at java.lang.reflect.Method.invoke(Method.java:580) ~[?:?]
	at org.junit.runners.model.FrameworkMethod$1.runReflectiveCall(FrameworkMethod.java:59) ~[junit-4.13.jar:4.13]
	at org.junit.internal.runners.model.ReflectiveCallable.run(ReflectiveCallable.java:12) ~[junit-4.13.jar:4.13]
	at org.junit.runners.model.FrameworkMethod.invokeExplosively(FrameworkMethod.java:56) ~[junit-4.13.jar:4.13]
	at org.junit.internal.runners.statements.InvokeMethod.evaluate(InvokeMethod.java:17) ~[junit-4.13.jar:4.13]
	at org.junit.internal.runners.statements.RunBefores.evaluate(RunBefores.java:26) ~[junit-4.13.jar:4.13]
	at org.junit.internal.runners.statements.RunAfters.evaluate(RunAfters.java:27) ~[junit-4.13.jar:4.13]
	at org.junit.rules.TestWatcher$1.evaluate(TestWatcher.java:61) [junit-4.13.jar:4.13]
	at org.junit.runners.ParentRunner$3.evaluate(ParentRunner.java:306) [junit-4.13.jar:4.13]
	at org.junit.runners.BlockJUnit4ClassRunner$1.evaluate(BlockJUnit4ClassRunner.java:100) [junit-4.13.jar:4.13]
	at org.junit.runners.ParentRunner.runLeaf(ParentRunner.java:366) [junit-4.13.jar:4.13]
	at org.junit.runners.BlockJUnit4ClassRunner.runChild(BlockJUnit4ClassRunner.java:103) [junit-4.13.jar:4.13]
	at org.junit.runners.BlockJUnit4ClassRunner.runChild(BlockJUnit4ClassRunner.java:63) [junit-4.13.jar:4.13]
	at org.junit.runners.ParentRunner$4.run(ParentRunner.java:331) [junit-4.13.jar:4.13]
	at org.junit.runners.ParentRunner$1.schedule(ParentRunner.java:79) [junit-4.13.jar:4.13]
	at org.junit.runners.ParentRunner.runChildren(ParentRunner.java:329) [junit-4.13.jar:4.13]
	at org.junit.runners.ParentRunner.access$100(ParentRunner.java:66) [junit-4.13.jar:4.13]
	at org.junit.runners.ParentRunner$2.evaluate(ParentRunner.java:293) [junit-4.13.jar:4.13]
	at org.junit.runners.ParentRunner.run(ParentRunner.java:413) [junit-4.13.jar:4.13]
	at org.junit.runners.Suite.runChild(Suite.java:128) [junit-4.13.jar:4.13]
	at org.junit.runners.Suite.runChild(Suite.java:27) [junit-4.13.jar:4.13]
	at org.junit.runners.ParentRunner$4.run(ParentRunner.java:331) [junit-4.13.jar:4.13]
	at org.junit.runners.ParentRunner$1.schedule(ParentRunner.java:79) [junit-4.13.jar:4.13]
	at org.junit.runners.ParentRunner.runChildren(ParentRunner.java:329) [junit-4.13.jar:4.13]
	at org.junit.runners.ParentRunner.access$100(ParentRunner.java:66) [junit-4.13.jar:4.13]
	at org.junit.runners.ParentRunner$2.evaluate(ParentRunner.java:293) [junit-4.13.jar:4.13]
	at org.junit.internal.runners.statements.RunAfters.evaluate(RunAfters.java:27) [junit-4.13.jar:4.13]
	at org.junit.runners.ParentRunner$3.evaluate(ParentRunner.java:306) [junit-4.13.jar:4.13]
	at org.junit.runners.ParentRunner.run(ParentRunner.java:413) [junit-4.13.jar:4.13]
	at org.eclipse.jdt.internal.junit4.runner.JUnit4TestReference.run(JUnit4TestReference.java:93) [.cp/:?]
	at org.eclipse.jdt.internal.junit.runner.TestExecution.run(TestExecution.java:40) [.cp/:?]
	at org.eclipse.jdt.internal.junit.runner.RemoteTestRunner.runTests(RemoteTestRunner.java:530) [.cp/:?]
	at org.eclipse.jdt.internal.junit.runner.RemoteTestRunner.runTests(RemoteTestRunner.java:758) [.cp/:?]
	at org.eclipse.jdt.internal.junit.runner.RemoteTestRunner.run(RemoteTestRunner.java:453) [.cp/:?]
	at org.eclipse.jdt.internal.junit.runner.RemoteTestRunner.main(RemoteTestRunner.java:211) [.cp/:?]
2025-12-30 04:04:21 INFO  === END   tests.productCardsTests.ProductCardElementsTests.isThereReviewsBtnInProductCard[Exp#4 [f1=1, f2=2, f3=1, f4=1, f5=2, f6=2, f7=3, f8=3]] ===
2025-12-30 04:04:21 INFO  === START tests.productCardsTests.ProductCardElementsTests.isThereTitleInProductCard[Exp#4 [f1=1, f2=2, f3=1, f4=1, f5=2, f6=2, f7=3, f8=3]] ===
2025-12-30 04:04:21 INFO  STEP: ♻️ Using existing results for same input.
2025-12-30 04:04:21 INFO  STEP PASS: Card #1 should have Title (card's title: Plant Pot)
2025-12-30 04:04:21 INFO  STEP PASS: Card #2 should have Title (card's title: Family Tree Photo Frame)
2025-12-30 04:04:21 INFO  STEP PASS: Card #3 should have Title (card's title: House Showpiece Plant)
2025-12-30 04:04:21 INFO  STEP PASS: Card #4 should have Title (card's title: Table Lamp)
2025-12-30 04:04:21 INFO  STEP PASS: Card #5 should have Title (card's title: Decoration Swing)
2025-12-30 04:04:21 INFO  STEP PASS: All cards should have Title
2025-12-30 04:04:21 INFO  === PASS  tests.productCardsTests.ProductCardElementsTests.isThereTitleInProductCard[Exp#4 [f1=1, f2=2, f3=1, f4=1, f5=2, f6=2, f7=3, f8=3]] ===
2025-12-30 04:04:21 INFO  === END   tests.productCardsTests.ProductCardElementsTests.isThereTitleInProductCard[Exp#4 [f1=1, f2=2, f3=1, f4=1, f5=2, f6=2, f7=3, f8=3]] ===
2025-12-30 04:04:21 INFO  === START tests.productCardsTests.ProductCardElementsTests.isThereThumbnailInProductCard[Exp#4 [f1=1, f2=2, f3=1, f4=1, f5=2, f6=2, f7=3, f8=3]] ===
2025-12-30 04:04:21 INFO  STEP: ♻️ Using existing results for same input.
2025-12-30 04:04:21 INFO  STEP PASS: Card #1 should have Tumbnail
2025-12-30 04:04:21 INFO  STEP PASS: Card #2 should have Tumbnail
2025-12-30 04:04:22 INFO  STEP PASS: Card #3 should have Tumbnail
2025-12-30 04:04:22 INFO  STEP PASS: Card #4 should have Tumbnail
2025-12-30 04:04:22 INFO  STEP PASS: Card #5 should have Tumbnail
2025-12-30 04:04:22 INFO  STEP PASS: All cards should have Tumbnail
2025-12-30 04:04:22 INFO  === PASS  tests.productCardsTests.ProductCardElementsTests.isThereThumbnailInProductCard[Exp#4 [f1=1, f2=2, f3=1, f4=1, f5=2, f6=2, f7=3, f8=3]] ===
2025-12-30 04:04:22 INFO  === END   tests.productCardsTests.ProductCardElementsTests.isThereThumbnailInProductCard[Exp#4 [f1=1, f2=2, f3=1, f4=1, f5=2, f6=2, f7=3, f8=3]] ===
2025-12-30 04:04:22 INFO  === START tests.productCardsTests.ProductCardElementsTests.isThereDescriptionInProductCard[Exp#4 [f1=1, f2=2, f3=1, f4=1, f5=2, f6=2, f7=3, f8=3]] ===
2025-12-30 04:04:22 INFO  STEP: ♻️ Using existing results for same input.
2025-12-30 04:04:22 INFO  STEP PASS: Card #1 should have Description (card's description: The Plant Pot is a stylish container for your favorite plants. With a sleek design, it complements your indoor or outdoor garden, adding a modern touch to your plant display.)
2025-12-30 04:04:22 INFO  STEP PASS: Card #2 should have Description (card's description: The Family Tree Photo Frame is a sentimental and stylish way to display your cherished family memories. With multiple photo slots, it tells the story of your loved ones.)
2025-12-30 04:04:22 INFO  STEP PASS: Card #3 should have Description (card's description: The House Showpiece Plant is an artificial plant that brings a touch of nature to your home without the need for maintenance. It adds greenery and style to any space.)
2025-12-30 04:04:22 INFO  STEP PASS: Card #4 should have Description (card's description: The Table Lamp is a functional and decorative lighting solution for your living space. With a modern design, it provides both ambient and task lighting, enhancing the atmosphere.)
2025-12-30 04:04:22 INFO  STEP PASS: Card #5 should have Description (card's description: The Decoration Swing is a charming addition to your home decor. Crafted with intricate details, it adds a touch of elegance and whimsy to any room.)
2025-12-30 04:04:22 INFO  STEP PASS: All cards should have Description
2025-12-30 04:04:22 INFO  === PASS  tests.productCardsTests.ProductCardElementsTests.isThereDescriptionInProductCard[Exp#4 [f1=1, f2=2, f3=1, f4=1, f5=2, f6=2, f7=3, f8=3]] ===
2025-12-30 04:04:22 INFO  === END   tests.productCardsTests.ProductCardElementsTests.isThereDescriptionInProductCard[Exp#4 [f1=1, f2=2, f3=1, f4=1, f5=2, f6=2, f7=3, f8=3]] ===
2025-12-30 04:04:22 INFO  === START tests.productCardsTests.ProductCardElementsTests.isThereRatingInProductCard[Exp#4 [f1=1, f2=2, f3=1, f4=1, f5=2, f6=2, f7=3, f8=3]] ===
2025-12-30 04:04:22 INFO  STEP: ♻️ Using existing results for same input.
2025-12-30 04:04:22 INFO  STEP PASS: Card #1 should have Rating (card's rating: 14.99)
2025-12-30 04:04:22 INFO  STEP PASS: Card #2 should have Rating (card's rating: 29.99)
2025-12-30 04:04:22 INFO  STEP PASS: Card #3 should have Rating (card's rating: 39.99)
2025-12-30 04:04:22 INFO  STEP PASS: Card #4 should have Rating (card's rating: 49.99)
2025-12-30 04:04:22 INFO  STEP PASS: Card #5 should have Rating (card's rating: 59.99)
2025-12-30 04:04:22 INFO  STEP PASS: All cards should have Rating
2025-12-30 04:04:22 INFO  === PASS  tests.productCardsTests.ProductCardElementsTests.isThereRatingInProductCard[Exp#4 [f1=1, f2=2, f3=1, f4=1, f5=2, f6=2, f7=3, f8=3]] ===
2025-12-30 04:04:22 INFO  === END   tests.productCardsTests.ProductCardElementsTests.isThereRatingInProductCard[Exp#4 [f1=1, f2=2, f3=1, f4=1, f5=2, f6=2, f7=3, f8=3]] ===
2025-12-30 04:04:22 INFO  === START tests.productCardsTests.ProductCardElementsTests.isThereAdditionalImagesBtnInProductCard[Exp#5 [f1=1, f2=2, f3=2, f4=2, f5=3, f6=3, f7=1, f8=1]] ===
2025-12-30 04:04:22 INFO  STEP: 📝 New input: Filling form fields.
2025-12-30 04:04:26 ERROR STEP FAIL: Card #1 should have Additional Images Button
2025-12-30 04:04:26 ERROR === FAIL  tests.productCardsTests.ProductCardElementsTests.isThereAdditionalImagesBtnInProductCard[Exp#5 [f1=1, f2=2, f3=2, f4=2, f5=3, f6=3, f7=1, f8=1]] ===
java.lang.AssertionError: Card #1 should have Additional Images Button
	at org.junit.Assert.fail(Assert.java:89) ~[junit-4.13.jar:4.13]
	at org.junit.Assert.assertTrue(Assert.java:42) ~[junit-4.13.jar:4.13]
	at org.junit.Assert.assertFalse(Assert.java:65) ~[junit-4.13.jar:4.13]
	at tests.BaseTest.checkFalse(BaseTest.java:101) ~[test-classes/:?]
	at tests.productCardsTests.ProductCardElementsTests.isThereAdditionalImagesBtnInProductCard(ProductCardElementsTests.java:64) ~[test-classes/:?]
	at jdk.internal.reflect.DirectMethodHandleAccessor.invoke(DirectMethodHandleAccessor.java:103) ~[?:?]
	at java.lang.reflect.Method.invoke(Method.java:580) ~[?:?]
	at org.junit.runners.model.FrameworkMethod$1.runReflectiveCall(FrameworkMethod.java:59) ~[junit-4.13.jar:4.13]
	at org.junit.internal.runners.model.ReflectiveCallable.run(ReflectiveCallable.java:12) ~[junit-4.13.jar:4.13]
	at org.junit.runners.model.FrameworkMethod.invokeExplosively(FrameworkMethod.java:56) ~[junit-4.13.jar:4.13]
	at org.junit.internal.runners.statements.InvokeMethod.evaluate(InvokeMethod.java:17) ~[junit-4.13.jar:4.13]
	at org.junit.internal.runners.statements.RunBefores.evaluate(RunBefores.java:26) ~[junit-4.13.jar:4.13]
	at org.junit.internal.runners.statements.RunAfters.evaluate(RunAfters.java:27) ~[junit-4.13.jar:4.13]
	at org.junit.rules.TestWatcher$1.evaluate(TestWatcher.java:61) [junit-4.13.jar:4.13]
	at org.junit.runners.ParentRunner$3.evaluate(ParentRunner.java:306) [junit-4.13.jar:4.13]
	at org.junit.runners.BlockJUnit4ClassRunner$1.evaluate(BlockJUnit4ClassRunner.java:100) [junit-4.13.jar:4.13]
	at org.junit.runners.ParentRunner.runLeaf(ParentRunner.java:366) [junit-4.13.jar:4.13]
	at org.junit.runners.BlockJUnit4ClassRunner.runChild(BlockJUnit4ClassRunner.java:103) [junit-4.13.jar:4.13]
	at org.junit.runners.BlockJUnit4ClassRunner.runChild(BlockJUnit4ClassRunner.java:63) [junit-4.13.jar:4.13]
	at org.junit.runners.ParentRunner$4.run(ParentRunner.java:331) [junit-4.13.jar:4.13]
	at org.junit.runners.ParentRunner$1.schedule(ParentRunner.java:79) [junit-4.13.jar:4.13]
	at org.junit.runners.ParentRunner.runChildren(ParentRunner.java:329) [junit-4.13.jar:4.13]
	at org.junit.runners.ParentRunner.access$100(ParentRunner.java:66) [junit-4.13.jar:4.13]
	at org.junit.runners.ParentRunner$2.evaluate(ParentRunner.java:293) [junit-4.13.jar:4.13]
	at org.junit.runners.ParentRunner.run(ParentRunner.java:413) [junit-4.13.jar:4.13]
	at org.junit.runners.Suite.runChild(Suite.java:128) [junit-4.13.jar:4.13]
	at org.junit.runners.Suite.runChild(Suite.java:27) [junit-4.13.jar:4.13]
	at org.junit.runners.ParentRunner$4.run(ParentRunner.java:331) [junit-4.13.jar:4.13]
	at org.junit.runners.ParentRunner$1.schedule(ParentRunner.java:79) [junit-4.13.jar:4.13]
	at org.junit.runners.ParentRunner.runChildren(ParentRunner.java:329) [junit-4.13.jar:4.13]
	at org.junit.runners.ParentRunner.access$100(ParentRunner.java:66) [junit-4.13.jar:4.13]
	at org.junit.runners.ParentRunner$2.evaluate(ParentRunner.java:293) [junit-4.13.jar:4.13]
	at org.junit.internal.runners.statements.RunAfters.evaluate(RunAfters.java:27) [junit-4.13.jar:4.13]
	at org.junit.runners.ParentRunner$3.evaluate(ParentRunner.java:306) [junit-4.13.jar:4.13]
	at org.junit.runners.ParentRunner.run(ParentRunner.java:413) [junit-4.13.jar:4.13]
	at org.eclipse.jdt.internal.junit4.runner.JUnit4TestReference.run(JUnit4TestReference.java:93) [.cp/:?]
	at org.eclipse.jdt.internal.junit.runner.TestExecution.run(TestExecution.java:40) [.cp/:?]
	at org.eclipse.jdt.internal.junit.runner.RemoteTestRunner.runTests(RemoteTestRunner.java:530) [.cp/:?]
	at org.eclipse.jdt.internal.junit.runner.RemoteTestRunner.runTests(RemoteTestRunner.java:758) [.cp/:?]
	at org.eclipse.jdt.internal.junit.runner.RemoteTestRunner.run(RemoteTestRunner.java:453) [.cp/:?]
	at org.eclipse.jdt.internal.junit.runner.RemoteTestRunner.main(RemoteTestRunner.java:211) [.cp/:?]
2025-12-30 04:04:26 INFO  === END   tests.productCardsTests.ProductCardElementsTests.isThereAdditionalImagesBtnInProductCard[Exp#5 [f1=1, f2=2, f3=2, f4=2, f5=3, f6=3, f7=1, f8=1]] ===
2025-12-30 04:04:26 INFO  === START tests.productCardsTests.ProductCardElementsTests.isTherePriceInProductCard[Exp#5 [f1=1, f2=2, f3=2, f4=2, f5=3, f6=3, f7=1, f8=1]] ===
2025-12-30 04:04:26 INFO  STEP: ♻️ Using existing results for same input.
2025-12-30 04:04:27 INFO  STEP PASS: Card #1 should have Price (card's price: 5.99)
2025-12-30 04:04:27 INFO  STEP PASS: Card #2 should have Price (card's price: 7.99)
2025-12-30 04:04:27 INFO  STEP PASS: Card #3 should have Price (card's price: 9.99)
2025-12-30 04:04:27 INFO  STEP PASS: Card #4 should have Price (card's price: 29.99)
2025-12-30 04:04:27 INFO  STEP PASS: Card #5 should have Price (card's price: 39.99)
2025-12-30 04:04:27 INFO  STEP PASS: All cards should have Price
2025-12-30 04:04:27 INFO  === PASS  tests.productCardsTests.ProductCardElementsTests.isTherePriceInProductCard[Exp#5 [f1=1, f2=2, f3=2, f4=2, f5=3, f6=3, f7=1, f8=1]] ===
2025-12-30 04:04:27 INFO  === END   tests.productCardsTests.ProductCardElementsTests.isTherePriceInProductCard[Exp#5 [f1=1, f2=2, f3=2, f4=2, f5=3, f6=3, f7=1, f8=1]] ===
2025-12-30 04:04:27 INFO  === START tests.productCardsTests.ProductCardElementsTests.isThereReviewsBtnInProductCard[Exp#5 [f1=1, f2=2, f3=2, f4=2, f5=3, f6=3, f7=1, f8=1]] ===
2025-12-30 04:04:27 INFO  STEP: ♻️ Using existing results for same input.
2025-12-30 04:04:27 ERROR STEP FAIL: Card #1 should have Review Button
2025-12-30 04:04:27 ERROR === FAIL  tests.productCardsTests.ProductCardElementsTests.isThereReviewsBtnInProductCard[Exp#5 [f1=1, f2=2, f3=2, f4=2, f5=3, f6=3, f7=1, f8=1]] ===
java.lang.AssertionError: Card #1 should have Review Button
	at org.junit.Assert.fail(Assert.java:89) ~[junit-4.13.jar:4.13]
	at org.junit.Assert.assertTrue(Assert.java:42) ~[junit-4.13.jar:4.13]
	at org.junit.Assert.assertFalse(Assert.java:65) ~[junit-4.13.jar:4.13]
	at tests.BaseTest.checkFalse(BaseTest.java:101) ~[test-classes/:?]
	at tests.productCardsTests.ProductCardElementsTests.isThereReviewsBtnInProductCard(ProductCardElementsTests.java:80) ~[test-classes/:?]
	at jdk.internal.reflect.DirectMethodHandleAccessor.invoke(DirectMethodHandleAccessor.java:103) ~[?:?]
	at java.lang.reflect.Method.invoke(Method.java:580) ~[?:?]
	at org.junit.runners.model.FrameworkMethod$1.runReflectiveCall(FrameworkMethod.java:59) ~[junit-4.13.jar:4.13]
	at org.junit.internal.runners.model.ReflectiveCallable.run(ReflectiveCallable.java:12) ~[junit-4.13.jar:4.13]
	at org.junit.runners.model.FrameworkMethod.invokeExplosively(FrameworkMethod.java:56) ~[junit-4.13.jar:4.13]
	at org.junit.internal.runners.statements.InvokeMethod.evaluate(InvokeMethod.java:17) ~[junit-4.13.jar:4.13]
	at org.junit.internal.runners.statements.RunBefores.evaluate(RunBefores.java:26) ~[junit-4.13.jar:4.13]
	at org.junit.internal.runners.statements.RunAfters.evaluate(RunAfters.java:27) ~[junit-4.13.jar:4.13]
	at org.junit.rules.TestWatcher$1.evaluate(TestWatcher.java:61) [junit-4.13.jar:4.13]
	at org.junit.runners.ParentRunner$3.evaluate(ParentRunner.java:306) [junit-4.13.jar:4.13]
	at org.junit.runners.BlockJUnit4ClassRunner$1.evaluate(BlockJUnit4ClassRunner.java:100) [junit-4.13.jar:4.13]
	at org.junit.runners.ParentRunner.runLeaf(ParentRunner.java:366) [junit-4.13.jar:4.13]
	at org.junit.runners.BlockJUnit4ClassRunner.runChild(BlockJUnit4ClassRunner.java:103) [junit-4.13.jar:4.13]
	at org.junit.runners.BlockJUnit4ClassRunner.runChild(BlockJUnit4ClassRunner.java:63) [junit-4.13.jar:4.13]
	at org.junit.runners.ParentRunner$4.run(ParentRunner.java:331) [junit-4.13.jar:4.13]
	at org.junit.runners.ParentRunner$1.schedule(ParentRunner.java:79) [junit-4.13.jar:4.13]
	at org.junit.runners.ParentRunner.runChildren(ParentRunner.java:329) [junit-4.13.jar:4.13]
	at org.junit.runners.ParentRunner.access$100(ParentRunner.java:66) [junit-4.13.jar:4.13]
	at org.junit.runners.ParentRunner$2.evaluate(ParentRunner.java:293) [junit-4.13.jar:4.13]
	at org.junit.runners.ParentRunner.run(ParentRunner.java:413) [junit-4.13.jar:4.13]
	at org.junit.runners.Suite.runChild(Suite.java:128) [junit-4.13.jar:4.13]
	at org.junit.runners.Suite.runChild(Suite.java:27) [junit-4.13.jar:4.13]
	at org.junit.runners.ParentRunner$4.run(ParentRunner.java:331) [junit-4.13.jar:4.13]
	at org.junit.runners.ParentRunner$1.schedule(ParentRunner.java:79) [junit-4.13.jar:4.13]
	at org.junit.runners.ParentRunner.runChildren(ParentRunner.java:329) [junit-4.13.jar:4.13]
	at org.junit.runners.ParentRunner.access$100(ParentRunner.java:66) [junit-4.13.jar:4.13]
	at org.junit.runners.ParentRunner$2.evaluate(ParentRunner.java:293) [junit-4.13.jar:4.13]
	at org.junit.internal.runners.statements.RunAfters.evaluate(RunAfters.java:27) [junit-4.13.jar:4.13]
	at org.junit.runners.ParentRunner$3.evaluate(ParentRunner.java:306) [junit-4.13.jar:4.13]
	at org.junit.runners.ParentRunner.run(ParentRunner.java:413) [junit-4.13.jar:4.13]
	at org.eclipse.jdt.internal.junit4.runner.JUnit4TestReference.run(JUnit4TestReference.java:93) [.cp/:?]
	at org.eclipse.jdt.internal.junit.runner.TestExecution.run(TestExecution.java:40) [.cp/:?]
	at org.eclipse.jdt.internal.junit.runner.RemoteTestRunner.runTests(RemoteTestRunner.java:530) [.cp/:?]
	at org.eclipse.jdt.internal.junit.runner.RemoteTestRunner.runTests(RemoteTestRunner.java:758) [.cp/:?]
	at org.eclipse.jdt.internal.junit.runner.RemoteTestRunner.run(RemoteTestRunner.java:453) [.cp/:?]
	at org.eclipse.jdt.internal.junit.runner.RemoteTestRunner.main(RemoteTestRunner.java:211) [.cp/:?]
2025-12-30 04:04:27 INFO  === END   tests.productCardsTests.ProductCardElementsTests.isThereReviewsBtnInProductCard[Exp#5 [f1=1, f2=2, f3=2, f4=2, f5=3, f6=3, f7=1, f8=1]] ===
2025-12-30 04:04:27 INFO  === START tests.productCardsTests.ProductCardElementsTests.isThereTitleInProductCard[Exp#5 [f1=1, f2=2, f3=2, f4=2, f5=3, f6=3, f7=1, f8=1]] ===
2025-12-30 04:04:27 INFO  STEP: ♻️ Using existing results for same input.
2025-12-30 04:04:27 INFO  STEP PASS: Card #1 should have Title (card's title: Black Aluminium Cup)
2025-12-30 04:04:27 INFO  STEP PASS: Card #2 should have Title (card's title: Bamboo Spatula)
2025-12-30 04:04:27 INFO  STEP PASS: Card #3 should have Title (card's title: Black Whisk)
2025-12-30 04:04:27 INFO  STEP PASS: Card #4 should have Title (card's title: Carbon Steel Wok)
2025-12-30 04:04:28 INFO  STEP PASS: Card #5 should have Title (card's title: Boxed Blender)
2025-12-30 04:04:28 INFO  STEP PASS: All cards should have Title
2025-12-30 04:04:28 INFO  === PASS  tests.productCardsTests.ProductCardElementsTests.isThereTitleInProductCard[Exp#5 [f1=1, f2=2, f3=2, f4=2, f5=3, f6=3, f7=1, f8=1]] ===
2025-12-30 04:04:28 INFO  === END   tests.productCardsTests.ProductCardElementsTests.isThereTitleInProductCard[Exp#5 [f1=1, f2=2, f3=2, f4=2, f5=3, f6=3, f7=1, f8=1]] ===
2025-12-30 04:04:28 INFO  === START tests.productCardsTests.ProductCardElementsTests.isThereThumbnailInProductCard[Exp#5 [f1=1, f2=2, f3=2, f4=2, f5=3, f6=3, f7=1, f8=1]] ===
2025-12-30 04:04:28 INFO  STEP: ♻️ Using existing results for same input.
2025-12-30 04:04:28 INFO  STEP PASS: Card #1 should have Tumbnail
2025-12-30 04:04:28 INFO  STEP PASS: Card #2 should have Tumbnail
2025-12-30 04:04:28 INFO  STEP PASS: Card #3 should have Tumbnail
2025-12-30 04:04:28 INFO  STEP PASS: Card #4 should have Tumbnail
2025-12-30 04:04:28 INFO  STEP PASS: Card #5 should have Tumbnail
2025-12-30 04:04:28 INFO  STEP PASS: All cards should have Tumbnail
2025-12-30 04:04:28 INFO  === PASS  tests.productCardsTests.ProductCardElementsTests.isThereThumbnailInProductCard[Exp#5 [f1=1, f2=2, f3=2, f4=2, f5=3, f6=3, f7=1, f8=1]] ===
2025-12-30 04:04:28 INFO  === END   tests.productCardsTests.ProductCardElementsTests.isThereThumbnailInProductCard[Exp#5 [f1=1, f2=2, f3=2, f4=2, f5=3, f6=3, f7=1, f8=1]] ===
2025-12-30 04:04:28 INFO  === START tests.productCardsTests.ProductCardElementsTests.isThereDescriptionInProductCard[Exp#5 [f1=1, f2=2, f3=2, f4=2, f5=3, f6=3, f7=1, f8=1]] ===
2025-12-30 04:04:28 INFO  STEP: ♻️ Using existing results for same input.
2025-12-30 04:04:28 INFO  STEP PASS: Card #1 should have Description (card's description: The Black Aluminium Cup is a stylish and durable cup suitable for both hot and cold beverages. Its sleek black design adds a modern touch to your drinkware collection.)
2025-12-30 04:04:28 INFO  STEP PASS: Card #2 should have Description (card's description: The Bamboo Spatula is a versatile kitchen tool made from eco-friendly bamboo. Ideal for flipping, stirring, and serving various dishes.)
2025-12-30 04:04:28 INFO  STEP PASS: Card #3 should have Description (card's description: The Black Whisk is a kitchen essential for whisking and beating ingredients. Its ergonomic handle and sleek design make it a practical and stylish tool.)
2025-12-30 04:04:28 INFO  STEP PASS: Card #4 should have Description (card's description: The Carbon Steel Wok is a versatile cooking pan suitable for stir-frying, sautéing, and deep frying. Its sturdy construction ensures even heat distribution for delicious meals.)
2025-12-30 04:04:28 INFO  STEP PASS: Card #5 should have Description (card's description: The Boxed Blender is a powerful and compact blender perfect for smoothies, shakes, and more. Its convenient design and multiple functions make it a versatile kitchen appliance.)
2025-12-30 04:04:28 INFO  STEP PASS: All cards should have Description
2025-12-30 04:04:28 INFO  === PASS  tests.productCardsTests.ProductCardElementsTests.isThereDescriptionInProductCard[Exp#5 [f1=1, f2=2, f3=2, f4=2, f5=3, f6=3, f7=1, f8=1]] ===
2025-12-30 04:04:28 INFO  === END   tests.productCardsTests.ProductCardElementsTests.isThereDescriptionInProductCard[Exp#5 [f1=1, f2=2, f3=2, f4=2, f5=3, f6=3, f7=1, f8=1]] ===
2025-12-30 04:04:28 INFO  === START tests.productCardsTests.ProductCardElementsTests.isThereRatingInProductCard[Exp#5 [f1=1, f2=2, f3=2, f4=2, f5=3, f6=3, f7=1, f8=1]] ===
2025-12-30 04:04:28 INFO  STEP: ♻️ Using existing results for same input.
2025-12-30 04:04:28 INFO  STEP PASS: Card #1 should have Rating (card's rating: 5.99)
2025-12-30 04:04:28 INFO  STEP PASS: Card #2 should have Rating (card's rating: 7.99)
2025-12-30 04:04:28 INFO  STEP PASS: Card #3 should have Rating (card's rating: 9.99)
2025-12-30 04:04:29 INFO  STEP PASS: Card #4 should have Rating (card's rating: 29.99)
2025-12-30 04:04:29 INFO  STEP PASS: Card #5 should have Rating (card's rating: 39.99)
2025-12-30 04:04:29 INFO  STEP PASS: All cards should have Rating
2025-12-30 04:04:29 INFO  === PASS  tests.productCardsTests.ProductCardElementsTests.isThereRatingInProductCard[Exp#5 [f1=1, f2=2, f3=2, f4=2, f5=3, f6=3, f7=1, f8=1]] ===
2025-12-30 04:04:29 INFO  === END   tests.productCardsTests.ProductCardElementsTests.isThereRatingInProductCard[Exp#5 [f1=1, f2=2, f3=2, f4=2, f5=3, f6=3, f7=1, f8=1]] ===
2025-12-30 04:04:29 INFO  === START tests.productCardsTests.ProductCardElementsTests.isThereAdditionalImagesBtnInProductCard[Exp#6 [f1=1, f2=2, f3=3, f4=3, f5=1, f6=1, f7=2, f8=2]] ===
2025-12-30 04:04:29 INFO  STEP: 📝 New input: Filling form fields.
2025-12-30 04:04:32 ERROR STEP FAIL: Card #1 should have Additional Images Button
2025-12-30 04:04:32 ERROR === FAIL  tests.productCardsTests.ProductCardElementsTests.isThereAdditionalImagesBtnInProductCard[Exp#6 [f1=1, f2=2, f3=3, f4=3, f5=1, f6=1, f7=2, f8=2]] ===
java.lang.AssertionError: Card #1 should have Additional Images Button
	at org.junit.Assert.fail(Assert.java:89) ~[junit-4.13.jar:4.13]
	at org.junit.Assert.assertTrue(Assert.java:42) ~[junit-4.13.jar:4.13]
	at org.junit.Assert.assertFalse(Assert.java:65) ~[junit-4.13.jar:4.13]
	at tests.BaseTest.checkFalse(BaseTest.java:101) ~[test-classes/:?]
	at tests.productCardsTests.ProductCardElementsTests.isThereAdditionalImagesBtnInProductCard(ProductCardElementsTests.java:64) ~[test-classes/:?]
	at jdk.internal.reflect.DirectMethodHandleAccessor.invoke(DirectMethodHandleAccessor.java:103) ~[?:?]
	at java.lang.reflect.Method.invoke(Method.java:580) ~[?:?]
	at org.junit.runners.model.FrameworkMethod$1.runReflectiveCall(FrameworkMethod.java:59) ~[junit-4.13.jar:4.13]
	at org.junit.internal.runners.model.ReflectiveCallable.run(ReflectiveCallable.java:12) ~[junit-4.13.jar:4.13]
	at org.junit.runners.model.FrameworkMethod.invokeExplosively(FrameworkMethod.java:56) ~[junit-4.13.jar:4.13]
	at org.junit.internal.runners.statements.InvokeMethod.evaluate(InvokeMethod.java:17) ~[junit-4.13.jar:4.13]
	at org.junit.internal.runners.statements.RunBefores.evaluate(RunBefores.java:26) ~[junit-4.13.jar:4.13]
	at org.junit.internal.runners.statements.RunAfters.evaluate(RunAfters.java:27) ~[junit-4.13.jar:4.13]
	at org.junit.rules.TestWatcher$1.evaluate(TestWatcher.java:61) [junit-4.13.jar:4.13]
	at org.junit.runners.ParentRunner$3.evaluate(ParentRunner.java:306) [junit-4.13.jar:4.13]
	at org.junit.runners.BlockJUnit4ClassRunner$1.evaluate(BlockJUnit4ClassRunner.java:100) [junit-4.13.jar:4.13]
	at org.junit.runners.ParentRunner.runLeaf(ParentRunner.java:366) [junit-4.13.jar:4.13]
	at org.junit.runners.BlockJUnit4ClassRunner.runChild(BlockJUnit4ClassRunner.java:103) [junit-4.13.jar:4.13]
	at org.junit.runners.BlockJUnit4ClassRunner.runChild(BlockJUnit4ClassRunner.java:63) [junit-4.13.jar:4.13]
	at org.junit.runners.ParentRunner$4.run(ParentRunner.java:331) [junit-4.13.jar:4.13]
	at org.junit.runners.ParentRunner$1.schedule(ParentRunner.java:79) [junit-4.13.jar:4.13]
	at org.junit.runners.ParentRunner.runChildren(ParentRunner.java:329) [junit-4.13.jar:4.13]
	at org.junit.runners.ParentRunner.access$100(ParentRunner.java:66) [junit-4.13.jar:4.13]
	at org.junit.runners.ParentRunner$2.evaluate(ParentRunner.java:293) [junit-4.13.jar:4.13]
	at org.junit.runners.ParentRunner.run(ParentRunner.java:413) [junit-4.13.jar:4.13]
	at org.junit.runners.Suite.runChild(Suite.java:128) [junit-4.13.jar:4.13]
	at org.junit.runners.Suite.runChild(Suite.java:27) [junit-4.13.jar:4.13]
	at org.junit.runners.ParentRunner$4.run(ParentRunner.java:331) [junit-4.13.jar:4.13]
	at org.junit.runners.ParentRunner$1.schedule(ParentRunner.java:79) [junit-4.13.jar:4.13]
	at org.junit.runners.ParentRunner.runChildren(ParentRunner.java:329) [junit-4.13.jar:4.13]
	at org.junit.runners.ParentRunner.access$100(ParentRunner.java:66) [junit-4.13.jar:4.13]
	at org.junit.runners.ParentRunner$2.evaluate(ParentRunner.java:293) [junit-4.13.jar:4.13]
	at org.junit.internal.runners.statements.RunAfters.evaluate(RunAfters.java:27) [junit-4.13.jar:4.13]
	at org.junit.runners.ParentRunner$3.evaluate(ParentRunner.java:306) [junit-4.13.jar:4.13]
	at org.junit.runners.ParentRunner.run(ParentRunner.java:413) [junit-4.13.jar:4.13]
	at org.eclipse.jdt.internal.junit4.runner.JUnit4TestReference.run(JUnit4TestReference.java:93) [.cp/:?]
	at org.eclipse.jdt.internal.junit.runner.TestExecution.run(TestExecution.java:40) [.cp/:?]
	at org.eclipse.jdt.internal.junit.runner.RemoteTestRunner.runTests(RemoteTestRunner.java:530) [.cp/:?]
	at org.eclipse.jdt.internal.junit.runner.RemoteTestRunner.runTests(RemoteTestRunner.java:758) [.cp/:?]
	at org.eclipse.jdt.internal.junit.runner.RemoteTestRunner.run(RemoteTestRunner.java:453) [.cp/:?]
	at org.eclipse.jdt.internal.junit.runner.RemoteTestRunner.main(RemoteTestRunner.java:211) [.cp/:?]
2025-12-30 04:04:32 INFO  === END   tests.productCardsTests.ProductCardElementsTests.isThereAdditionalImagesBtnInProductCard[Exp#6 [f1=1, f2=2, f3=3, f4=3, f5=1, f6=1, f7=2, f8=2]] ===
2025-12-30 04:04:32 INFO  === START tests.productCardsTests.ProductCardElementsTests.isTherePriceInProductCard[Exp#6 [f1=1, f2=2, f3=3, f4=3, f5=1, f6=1, f7=2, f8=2]] ===
2025-12-30 04:04:32 INFO  STEP: ♻️ Using existing results for same input.
2025-12-30 04:04:32 INFO  STEP PASS: Card #1 should have Price (card's price: 8.99)
2025-12-30 04:04:32 INFO  STEP PASS: Card #2 should have Price (card's price: 14.99)
2025-12-30 04:04:33 INFO  STEP PASS: Card #3 should have Price (card's price: 19.99)
2025-12-30 04:04:33 INFO  STEP PASS: Card #4 should have Price (card's price: 24.99)
2025-12-30 04:04:33 INFO  STEP PASS: Card #5 should have Price (card's price: 39.99)
2025-12-30 04:04:33 INFO  STEP PASS: All cards should have Price
2025-12-30 04:04:33 INFO  === PASS  tests.productCardsTests.ProductCardElementsTests.isTherePriceInProductCard[Exp#6 [f1=1, f2=2, f3=3, f4=3, f5=1, f6=1, f7=2, f8=2]] ===
2025-12-30 04:04:33 INFO  === END   tests.productCardsTests.ProductCardElementsTests.isTherePriceInProductCard[Exp#6 [f1=1, f2=2, f3=3, f4=3, f5=1, f6=1, f7=2, f8=2]] ===
2025-12-30 04:04:33 INFO  === START tests.productCardsTests.ProductCardElementsTests.isThereReviewsBtnInProductCard[Exp#6 [f1=1, f2=2, f3=3, f4=3, f5=1, f6=1, f7=2, f8=2]] ===
2025-12-30 04:04:33 INFO  STEP: ♻️ Using existing results for same input.
2025-12-30 04:04:33 ERROR STEP FAIL: Card #1 should have Review Button
2025-12-30 04:04:33 ERROR === FAIL  tests.productCardsTests.ProductCardElementsTests.isThereReviewsBtnInProductCard[Exp#6 [f1=1, f2=2, f3=3, f4=3, f5=1, f6=1, f7=2, f8=2]] ===
java.lang.AssertionError: Card #1 should have Review Button
	at org.junit.Assert.fail(Assert.java:89) ~[junit-4.13.jar:4.13]
	at org.junit.Assert.assertTrue(Assert.java:42) ~[junit-4.13.jar:4.13]
	at org.junit.Assert.assertFalse(Assert.java:65) ~[junit-4.13.jar:4.13]
	at tests.BaseTest.checkFalse(BaseTest.java:101) ~[test-classes/:?]
	at tests.productCardsTests.ProductCardElementsTests.isThereReviewsBtnInProductCard(ProductCardElementsTests.java:80) ~[test-classes/:?]
	at jdk.internal.reflect.DirectMethodHandleAccessor.invoke(DirectMethodHandleAccessor.java:103) ~[?:?]
	at java.lang.reflect.Method.invoke(Method.java:580) ~[?:?]
	at org.junit.runners.model.FrameworkMethod$1.runReflectiveCall(FrameworkMethod.java:59) ~[junit-4.13.jar:4.13]
	at org.junit.internal.runners.model.ReflectiveCallable.run(ReflectiveCallable.java:12) ~[junit-4.13.jar:4.13]
	at org.junit.runners.model.FrameworkMethod.invokeExplosively(FrameworkMethod.java:56) ~[junit-4.13.jar:4.13]
	at org.junit.internal.runners.statements.InvokeMethod.evaluate(InvokeMethod.java:17) ~[junit-4.13.jar:4.13]
	at org.junit.internal.runners.statements.RunBefores.evaluate(RunBefores.java:26) ~[junit-4.13.jar:4.13]
	at org.junit.internal.runners.statements.RunAfters.evaluate(RunAfters.java:27) ~[junit-4.13.jar:4.13]
	at org.junit.rules.TestWatcher$1.evaluate(TestWatcher.java:61) [junit-4.13.jar:4.13]
	at org.junit.runners.ParentRunner$3.evaluate(ParentRunner.java:306) [junit-4.13.jar:4.13]
	at org.junit.runners.BlockJUnit4ClassRunner$1.evaluate(BlockJUnit4ClassRunner.java:100) [junit-4.13.jar:4.13]
	at org.junit.runners.ParentRunner.runLeaf(ParentRunner.java:366) [junit-4.13.jar:4.13]
	at org.junit.runners.BlockJUnit4ClassRunner.runChild(BlockJUnit4ClassRunner.java:103) [junit-4.13.jar:4.13]
	at org.junit.runners.BlockJUnit4ClassRunner.runChild(BlockJUnit4ClassRunner.java:63) [junit-4.13.jar:4.13]
	at org.junit.runners.ParentRunner$4.run(ParentRunner.java:331) [junit-4.13.jar:4.13]
	at org.junit.runners.ParentRunner$1.schedule(ParentRunner.java:79) [junit-4.13.jar:4.13]
	at org.junit.runners.ParentRunner.runChildren(ParentRunner.java:329) [junit-4.13.jar:4.13]
	at org.junit.runners.ParentRunner.access$100(ParentRunner.java:66) [junit-4.13.jar:4.13]
	at org.junit.runners.ParentRunner$2.evaluate(ParentRunner.java:293) [junit-4.13.jar:4.13]
	at org.junit.runners.ParentRunner.run(ParentRunner.java:413) [junit-4.13.jar:4.13]
	at org.junit.runners.Suite.runChild(Suite.java:128) [junit-4.13.jar:4.13]
	at org.junit.runners.Suite.runChild(Suite.java:27) [junit-4.13.jar:4.13]
	at org.junit.runners.ParentRunner$4.run(ParentRunner.java:331) [junit-4.13.jar:4.13]
	at org.junit.runners.ParentRunner$1.schedule(ParentRunner.java:79) [junit-4.13.jar:4.13]
	at org.junit.runners.ParentRunner.runChildren(ParentRunner.java:329) [junit-4.13.jar:4.13]
	at org.junit.runners.ParentRunner.access$100(ParentRunner.java:66) [junit-4.13.jar:4.13]
	at org.junit.runners.ParentRunner$2.evaluate(ParentRunner.java:293) [junit-4.13.jar:4.13]
	at org.junit.internal.runners.statements.RunAfters.evaluate(RunAfters.java:27) [junit-4.13.jar:4.13]
	at org.junit.runners.ParentRunner$3.evaluate(ParentRunner.java:306) [junit-4.13.jar:4.13]
	at org.junit.runners.ParentRunner.run(ParentRunner.java:413) [junit-4.13.jar:4.13]
	at org.eclipse.jdt.internal.junit4.runner.JUnit4TestReference.run(JUnit4TestReference.java:93) [.cp/:?]
	at org.eclipse.jdt.internal.junit.runner.TestExecution.run(TestExecution.java:40) [.cp/:?]
	at org.eclipse.jdt.internal.junit.runner.RemoteTestRunner.runTests(RemoteTestRunner.java:530) [.cp/:?]
	at org.eclipse.jdt.internal.junit.runner.RemoteTestRunner.runTests(RemoteTestRunner.java:758) [.cp/:?]
	at org.eclipse.jdt.internal.junit.runner.RemoteTestRunner.run(RemoteTestRunner.java:453) [.cp/:?]
	at org.eclipse.jdt.internal.junit.runner.RemoteTestRunner.main(RemoteTestRunner.java:211) [.cp/:?]
2025-12-30 04:04:33 INFO  === END   tests.productCardsTests.ProductCardElementsTests.isThereReviewsBtnInProductCard[Exp#6 [f1=1, f2=2, f3=3, f4=3, f5=1, f6=1, f7=2, f8=2]] ===
2025-12-30 04:04:33 INFO  === START tests.productCardsTests.ProductCardElementsTests.isThereTitleInProductCard[Exp#6 [f1=1, f2=2, f3=3, f4=3, f5=1, f6=1, f7=2, f8=2]] ===
2025-12-30 04:04:33 INFO  STEP: ♻️ Using existing results for same input.
2025-12-30 04:04:33 INFO  STEP PASS: Card #1 should have Title (card's title: Baseball Ball)
2025-12-30 04:04:33 INFO  STEP PASS: Card #2 should have Title (card's title: Basketball)
2025-12-30 04:04:33 INFO  STEP PASS: Card #3 should have Title (card's title: American Football)
2025-12-30 04:04:33 INFO  STEP PASS: Card #4 should have Title (card's title: Baseball Glove)
2025-12-30 04:04:33 INFO  STEP PASS: Card #5 should have Title (card's title: Basketball Rim)
2025-12-30 04:04:33 INFO  STEP PASS: All cards should have Title
2025-12-30 04:04:33 INFO  === PASS  tests.productCardsTests.ProductCardElementsTests.isThereTitleInProductCard[Exp#6 [f1=1, f2=2, f3=3, f4=3, f5=1, f6=1, f7=2, f8=2]] ===
2025-12-30 04:04:33 INFO  === END   tests.productCardsTests.ProductCardElementsTests.isThereTitleInProductCard[Exp#6 [f1=1, f2=2, f3=3, f4=3, f5=1, f6=1, f7=2, f8=2]] ===
2025-12-30 04:04:33 INFO  === START tests.productCardsTests.ProductCardElementsTests.isThereThumbnailInProductCard[Exp#6 [f1=1, f2=2, f3=3, f4=3, f5=1, f6=1, f7=2, f8=2]] ===
2025-12-30 04:04:33 INFO  STEP: ♻️ Using existing results for same input.
2025-12-30 04:04:33 INFO  STEP PASS: Card #1 should have Tumbnail
2025-12-30 04:04:33 INFO  STEP PASS: Card #2 should have Tumbnail
2025-12-30 04:04:33 INFO  STEP PASS: Card #3 should have Tumbnail
2025-12-30 04:04:33 INFO  STEP PASS: Card #4 should have Tumbnail
2025-12-30 04:04:33 INFO  STEP PASS: Card #5 should have Tumbnail
2025-12-30 04:04:33 INFO  STEP PASS: All cards should have Tumbnail
2025-12-30 04:04:33 INFO  === PASS  tests.productCardsTests.ProductCardElementsTests.isThereThumbnailInProductCard[Exp#6 [f1=1, f2=2, f3=3, f4=3, f5=1, f6=1, f7=2, f8=2]] ===
2025-12-30 04:04:33 INFO  === END   tests.productCardsTests.ProductCardElementsTests.isThereThumbnailInProductCard[Exp#6 [f1=1, f2=2, f3=3, f4=3, f5=1, f6=1, f7=2, f8=2]] ===
2025-12-30 04:04:33 INFO  === START tests.productCardsTests.ProductCardElementsTests.isThereDescriptionInProductCard[Exp#6 [f1=1, f2=2, f3=3, f4=3, f5=1, f6=1, f7=2, f8=2]] ===
2025-12-30 04:04:33 INFO  STEP: ♻️ Using existing results for same input.
2025-12-30 04:04:33 INFO  STEP PASS: Card #1 should have Description (card's description: The Baseball Ball is a standard baseball used in baseball games. It features a durable leather cover and is designed for pitching, hitting, and fielding in the game of baseball.)
2025-12-30 04:04:33 INFO  STEP PASS: Card #2 should have Description (card's description: The Basketball is a standard ball used in basketball games. It is designed for dribbling, shooting, and passing in the game of basketball, suitable for both indoor and outdoor play.)
2025-12-30 04:04:33 INFO  STEP PASS: Card #3 should have Description (card's description: The American Football is a classic ball used in American football games. It is designed for throwing and catching, making it an essential piece of equipment for the sport.)
2025-12-30 04:04:34 INFO  STEP PASS: Card #4 should have Description (card's description: The Baseball Glove is a protective glove worn by baseball players. It is designed to catch and field the baseball, providing players with comfort and control during the game.)
2025-12-30 04:04:34 INFO  STEP PASS: Card #5 should have Description (card's description: The Basketball Rim is a sturdy hoop and net assembly mounted on a basketball backboard. It provides a target for shooting and scoring in the game of basketball.)
2025-12-30 04:04:34 INFO  STEP PASS: All cards should have Description
2025-12-30 04:04:34 INFO  === PASS  tests.productCardsTests.ProductCardElementsTests.isThereDescriptionInProductCard[Exp#6 [f1=1, f2=2, f3=3, f4=3, f5=1, f6=1, f7=2, f8=2]] ===
2025-12-30 04:04:34 INFO  === END   tests.productCardsTests.ProductCardElementsTests.isThereDescriptionInProductCard[Exp#6 [f1=1, f2=2, f3=3, f4=3, f5=1, f6=1, f7=2, f8=2]] ===
2025-12-30 04:04:34 INFO  === START tests.productCardsTests.ProductCardElementsTests.isThereRatingInProductCard[Exp#6 [f1=1, f2=2, f3=3, f4=3, f5=1, f6=1, f7=2, f8=2]] ===
2025-12-30 04:04:34 INFO  STEP: ♻️ Using existing results for same input.
2025-12-30 04:04:34 INFO  STEP PASS: Card #1 should have Rating (card's rating: 8.99)
2025-12-30 04:04:34 INFO  STEP PASS: Card #2 should have Rating (card's rating: 14.99)
2025-12-30 04:04:34 INFO  STEP PASS: Card #3 should have Rating (card's rating: 19.99)
2025-12-30 04:04:34 INFO  STEP PASS: Card #4 should have Rating (card's rating: 24.99)
2025-12-30 04:04:34 INFO  STEP PASS: Card #5 should have Rating (card's rating: 39.99)
2025-12-30 04:04:34 INFO  STEP PASS: All cards should have Rating
2025-12-30 04:04:34 INFO  === PASS  tests.productCardsTests.ProductCardElementsTests.isThereRatingInProductCard[Exp#6 [f1=1, f2=2, f3=3, f4=3, f5=1, f6=1, f7=2, f8=2]] ===
2025-12-30 04:04:34 INFO  === END   tests.productCardsTests.ProductCardElementsTests.isThereRatingInProductCard[Exp#6 [f1=1, f2=2, f3=3, f4=3, f5=1, f6=1, f7=2, f8=2]] ===
2025-12-30 04:04:34 INFO  === START tests.productCardsTests.ProductCardElementsTests.isThereAdditionalImagesBtnInProductCard[Exp#7 [f1=1, f2=3, f3=1, f4=2, f5=1, f6=3, f7=2, f8=3]] ===
2025-12-30 04:04:34 INFO  STEP: 📝 New input: Filling form fields.
2025-12-30 04:04:38 ERROR STEP FAIL: Card #1 should have Additional Images Button
2025-12-30 04:04:38 ERROR === FAIL  tests.productCardsTests.ProductCardElementsTests.isThereAdditionalImagesBtnInProductCard[Exp#7 [f1=1, f2=3, f3=1, f4=2, f5=1, f6=3, f7=2, f8=3]] ===
java.lang.AssertionError: Card #1 should have Additional Images Button
	at org.junit.Assert.fail(Assert.java:89) ~[junit-4.13.jar:4.13]
	at org.junit.Assert.assertTrue(Assert.java:42) ~[junit-4.13.jar:4.13]
	at org.junit.Assert.assertFalse(Assert.java:65) ~[junit-4.13.jar:4.13]
	at tests.BaseTest.checkFalse(BaseTest.java:101) ~[test-classes/:?]
	at tests.productCardsTests.ProductCardElementsTests.isThereAdditionalImagesBtnInProductCard(ProductCardElementsTests.java:64) ~[test-classes/:?]
	at jdk.internal.reflect.DirectMethodHandleAccessor.invoke(DirectMethodHandleAccessor.java:103) ~[?:?]
	at java.lang.reflect.Method.invoke(Method.java:580) ~[?:?]
	at org.junit.runners.model.FrameworkMethod$1.runReflectiveCall(FrameworkMethod.java:59) ~[junit-4.13.jar:4.13]
	at org.junit.internal.runners.model.ReflectiveCallable.run(ReflectiveCallable.java:12) ~[junit-4.13.jar:4.13]
	at org.junit.runners.model.FrameworkMethod.invokeExplosively(FrameworkMethod.java:56) ~[junit-4.13.jar:4.13]
	at org.junit.internal.runners.statements.InvokeMethod.evaluate(InvokeMethod.java:17) ~[junit-4.13.jar:4.13]
	at org.junit.internal.runners.statements.RunBefores.evaluate(RunBefores.java:26) ~[junit-4.13.jar:4.13]
	at org.junit.internal.runners.statements.RunAfters.evaluate(RunAfters.java:27) ~[junit-4.13.jar:4.13]
	at org.junit.rules.TestWatcher$1.evaluate(TestWatcher.java:61) [junit-4.13.jar:4.13]
	at org.junit.runners.ParentRunner$3.evaluate(ParentRunner.java:306) [junit-4.13.jar:4.13]
	at org.junit.runners.BlockJUnit4ClassRunner$1.evaluate(BlockJUnit4ClassRunner.java:100) [junit-4.13.jar:4.13]
	at org.junit.runners.ParentRunner.runLeaf(ParentRunner.java:366) [junit-4.13.jar:4.13]
	at org.junit.runners.BlockJUnit4ClassRunner.runChild(BlockJUnit4ClassRunner.java:103) [junit-4.13.jar:4.13]
	at org.junit.runners.BlockJUnit4ClassRunner.runChild(BlockJUnit4ClassRunner.java:63) [junit-4.13.jar:4.13]
	at org.junit.runners.ParentRunner$4.run(ParentRunner.java:331) [junit-4.13.jar:4.13]
	at org.junit.runners.ParentRunner$1.schedule(ParentRunner.java:79) [junit-4.13.jar:4.13]
	at org.junit.runners.ParentRunner.runChildren(ParentRunner.java:329) [junit-4.13.jar:4.13]
	at org.junit.runners.ParentRunner.access$100(ParentRunner.java:66) [junit-4.13.jar:4.13]
	at org.junit.runners.ParentRunner$2.evaluate(ParentRunner.java:293) [junit-4.13.jar:4.13]
	at org.junit.runners.ParentRunner.run(ParentRunner.java:413) [junit-4.13.jar:4.13]
	at org.junit.runners.Suite.runChild(Suite.java:128) [junit-4.13.jar:4.13]
	at org.junit.runners.Suite.runChild(Suite.java:27) [junit-4.13.jar:4.13]
	at org.junit.runners.ParentRunner$4.run(ParentRunner.java:331) [junit-4.13.jar:4.13]
	at org.junit.runners.ParentRunner$1.schedule(ParentRunner.java:79) [junit-4.13.jar:4.13]
	at org.junit.runners.ParentRunner.runChildren(ParentRunner.java:329) [junit-4.13.jar:4.13]
	at org.junit.runners.ParentRunner.access$100(ParentRunner.java:66) [junit-4.13.jar:4.13]
	at org.junit.runners.ParentRunner$2.evaluate(ParentRunner.java:293) [junit-4.13.jar:4.13]
	at org.junit.internal.runners.statements.RunAfters.evaluate(RunAfters.java:27) [junit-4.13.jar:4.13]
	at org.junit.runners.ParentRunner$3.evaluate(ParentRunner.java:306) [junit-4.13.jar:4.13]
	at org.junit.runners.ParentRunner.run(ParentRunner.java:413) [junit-4.13.jar:4.13]
	at org.eclipse.jdt.internal.junit4.runner.JUnit4TestReference.run(JUnit4TestReference.java:93) [.cp/:?]
	at org.eclipse.jdt.internal.junit.runner.TestExecution.run(TestExecution.java:40) [.cp/:?]
	at org.eclipse.jdt.internal.junit.runner.RemoteTestRunner.runTests(RemoteTestRunner.java:530) [.cp/:?]
	at org.eclipse.jdt.internal.junit.runner.RemoteTestRunner.runTests(RemoteTestRunner.java:758) [.cp/:?]
	at org.eclipse.jdt.internal.junit.runner.RemoteTestRunner.run(RemoteTestRunner.java:453) [.cp/:?]
	at org.eclipse.jdt.internal.junit.runner.RemoteTestRunner.main(RemoteTestRunner.java:211) [.cp/:?]
2025-12-30 04:04:38 INFO  === END   tests.productCardsTests.ProductCardElementsTests.isThereAdditionalImagesBtnInProductCard[Exp#7 [f1=1, f2=3, f3=1, f4=2, f5=1, f6=3, f7=2, f8=3]] ===
2025-12-30 04:04:38 INFO  === START tests.productCardsTests.ProductCardElementsTests.isTherePriceInProductCard[Exp#7 [f1=1, f2=3, f3=1, f4=2, f5=1, f6=3, f7=2, f8=3]] ===
2025-12-30 04:04:38 INFO  STEP: ♻️ Using existing results for same input.
2025-12-30 04:04:38 INFO  STEP PASS: Card #1 should have Price (card's price: 8.99)
2025-12-30 04:04:38 INFO  STEP PASS: Card #2 should have Price (card's price: 14.99)
2025-12-30 04:04:38 INFO  STEP PASS: Card #3 should have Price (card's price: 19.99)
2025-12-30 04:04:38 INFO  STEP PASS: Card #4 should have Price (card's price: 24.99)
2025-12-30 04:04:38 INFO  STEP PASS: Card #5 should have Price (card's price: 39.99)
2025-12-30 04:04:38 INFO  STEP PASS: All cards should have Price
2025-12-30 04:04:38 INFO  === PASS  tests.productCardsTests.ProductCardElementsTests.isTherePriceInProductCard[Exp#7 [f1=1, f2=3, f3=1, f4=2, f5=1, f6=3, f7=2, f8=3]] ===
2025-12-30 04:04:38 INFO  === END   tests.productCardsTests.ProductCardElementsTests.isTherePriceInProductCard[Exp#7 [f1=1, f2=3, f3=1, f4=2, f5=1, f6=3, f7=2, f8=3]] ===
2025-12-30 04:04:38 INFO  === START tests.productCardsTests.ProductCardElementsTests.isThereReviewsBtnInProductCard[Exp#7 [f1=1, f2=3, f3=1, f4=2, f5=1, f6=3, f7=2, f8=3]] ===
2025-12-30 04:04:38 INFO  STEP: ♻️ Using existing results for same input.
2025-12-30 04:04:38 ERROR STEP FAIL: Card #1 should have Review Button
2025-12-30 04:04:38 ERROR === FAIL  tests.productCardsTests.ProductCardElementsTests.isThereReviewsBtnInProductCard[Exp#7 [f1=1, f2=3, f3=1, f4=2, f5=1, f6=3, f7=2, f8=3]] ===
java.lang.AssertionError: Card #1 should have Review Button
	at org.junit.Assert.fail(Assert.java:89) ~[junit-4.13.jar:4.13]
	at org.junit.Assert.assertTrue(Assert.java:42) ~[junit-4.13.jar:4.13]
	at org.junit.Assert.assertFalse(Assert.java:65) ~[junit-4.13.jar:4.13]
	at tests.BaseTest.checkFalse(BaseTest.java:101) ~[test-classes/:?]
	at tests.productCardsTests.ProductCardElementsTests.isThereReviewsBtnInProductCard(ProductCardElementsTests.java:80) ~[test-classes/:?]
	at jdk.internal.reflect.DirectMethodHandleAccessor.invoke(DirectMethodHandleAccessor.java:103) ~[?:?]
	at java.lang.reflect.Method.invoke(Method.java:580) ~[?:?]
	at org.junit.runners.model.FrameworkMethod$1.runReflectiveCall(FrameworkMethod.java:59) ~[junit-4.13.jar:4.13]
	at org.junit.internal.runners.model.ReflectiveCallable.run(ReflectiveCallable.java:12) ~[junit-4.13.jar:4.13]
	at org.junit.runners.model.FrameworkMethod.invokeExplosively(FrameworkMethod.java:56) ~[junit-4.13.jar:4.13]
	at org.junit.internal.runners.statements.InvokeMethod.evaluate(InvokeMethod.java:17) ~[junit-4.13.jar:4.13]
	at org.junit.internal.runners.statements.RunBefores.evaluate(RunBefores.java:26) ~[junit-4.13.jar:4.13]
	at org.junit.internal.runners.statements.RunAfters.evaluate(RunAfters.java:27) ~[junit-4.13.jar:4.13]
	at org.junit.rules.TestWatcher$1.evaluate(TestWatcher.java:61) [junit-4.13.jar:4.13]
	at org.junit.runners.ParentRunner$3.evaluate(ParentRunner.java:306) [junit-4.13.jar:4.13]
	at org.junit.runners.BlockJUnit4ClassRunner$1.evaluate(BlockJUnit4ClassRunner.java:100) [junit-4.13.jar:4.13]
	at org.junit.runners.ParentRunner.runLeaf(ParentRunner.java:366) [junit-4.13.jar:4.13]
	at org.junit.runners.BlockJUnit4ClassRunner.runChild(BlockJUnit4ClassRunner.java:103) [junit-4.13.jar:4.13]
	at org.junit.runners.BlockJUnit4ClassRunner.runChild(BlockJUnit4ClassRunner.java:63) [junit-4.13.jar:4.13]
	at org.junit.runners.ParentRunner$4.run(ParentRunner.java:331) [junit-4.13.jar:4.13]
	at org.junit.runners.ParentRunner$1.schedule(ParentRunner.java:79) [junit-4.13.jar:4.13]
	at org.junit.runners.ParentRunner.runChildren(ParentRunner.java:329) [junit-4.13.jar:4.13]
	at org.junit.runners.ParentRunner.access$100(ParentRunner.java:66) [junit-4.13.jar:4.13]
	at org.junit.runners.ParentRunner$2.evaluate(ParentRunner.java:293) [junit-4.13.jar:4.13]
	at org.junit.runners.ParentRunner.run(ParentRunner.java:413) [junit-4.13.jar:4.13]
	at org.junit.runners.Suite.runChild(Suite.java:128) [junit-4.13.jar:4.13]
	at org.junit.runners.Suite.runChild(Suite.java:27) [junit-4.13.jar:4.13]
	at org.junit.runners.ParentRunner$4.run(ParentRunner.java:331) [junit-4.13.jar:4.13]
	at org.junit.runners.ParentRunner$1.schedule(ParentRunner.java:79) [junit-4.13.jar:4.13]
	at org.junit.runners.ParentRunner.runChildren(ParentRunner.java:329) [junit-4.13.jar:4.13]
	at org.junit.runners.ParentRunner.access$100(ParentRunner.java:66) [junit-4.13.jar:4.13]
	at org.junit.runners.ParentRunner$2.evaluate(ParentRunner.java:293) [junit-4.13.jar:4.13]
	at org.junit.internal.runners.statements.RunAfters.evaluate(RunAfters.java:27) [junit-4.13.jar:4.13]
	at org.junit.runners.ParentRunner$3.evaluate(ParentRunner.java:306) [junit-4.13.jar:4.13]
	at org.junit.runners.ParentRunner.run(ParentRunner.java:413) [junit-4.13.jar:4.13]
	at org.eclipse.jdt.internal.junit4.runner.JUnit4TestReference.run(JUnit4TestReference.java:93) [.cp/:?]
	at org.eclipse.jdt.internal.junit.runner.TestExecution.run(TestExecution.java:40) [.cp/:?]
	at org.eclipse.jdt.internal.junit.runner.RemoteTestRunner.runTests(RemoteTestRunner.java:530) [.cp/:?]
	at org.eclipse.jdt.internal.junit.runner.RemoteTestRunner.runTests(RemoteTestRunner.java:758) [.cp/:?]
	at org.eclipse.jdt.internal.junit.runner.RemoteTestRunner.run(RemoteTestRunner.java:453) [.cp/:?]
	at org.eclipse.jdt.internal.junit.runner.RemoteTestRunner.main(RemoteTestRunner.java:211) [.cp/:?]
2025-12-30 04:04:38 INFO  === END   tests.productCardsTests.ProductCardElementsTests.isThereReviewsBtnInProductCard[Exp#7 [f1=1, f2=3, f3=1, f4=2, f5=1, f6=3, f7=2, f8=3]] ===
2025-12-30 04:04:38 INFO  === START tests.productCardsTests.ProductCardElementsTests.isThereTitleInProductCard[Exp#7 [f1=1, f2=3, f3=1, f4=2, f5=1, f6=3, f7=2, f8=3]] ===
2025-12-30 04:04:38 INFO  STEP: ♻️ Using existing results for same input.
2025-12-30 04:04:39 INFO  STEP PASS: Card #1 should have Title (card's title: Baseball Ball)
2025-12-30 04:04:39 INFO  STEP PASS: Card #2 should have Title (card's title: Basketball)
2025-12-30 04:04:39 INFO  STEP PASS: Card #3 should have Title (card's title: American Football)
2025-12-30 04:04:39 INFO  STEP PASS: Card #4 should have Title (card's title: Baseball Glove)
2025-12-30 04:04:39 INFO  STEP PASS: Card #5 should have Title (card's title: Basketball Rim)
2025-12-30 04:04:39 INFO  STEP PASS: All cards should have Title
2025-12-30 04:04:39 INFO  === PASS  tests.productCardsTests.ProductCardElementsTests.isThereTitleInProductCard[Exp#7 [f1=1, f2=3, f3=1, f4=2, f5=1, f6=3, f7=2, f8=3]] ===
2025-12-30 04:04:39 INFO  === END   tests.productCardsTests.ProductCardElementsTests.isThereTitleInProductCard[Exp#7 [f1=1, f2=3, f3=1, f4=2, f5=1, f6=3, f7=2, f8=3]] ===
2025-12-30 04:04:39 INFO  === START tests.productCardsTests.ProductCardElementsTests.isThereThumbnailInProductCard[Exp#7 [f1=1, f2=3, f3=1, f4=2, f5=1, f6=3, f7=2, f8=3]] ===
2025-12-30 04:04:39 INFO  STEP: ♻️ Using existing results for same input.
2025-12-30 04:04:39 INFO  STEP PASS: Card #1 should have Tumbnail
2025-12-30 04:04:39 INFO  STEP PASS: Card #2 should have Tumbnail
2025-12-30 04:04:39 INFO  STEP PASS: Card #3 should have Tumbnail
2025-12-30 04:04:39 INFO  STEP PASS: Card #4 should have Tumbnail
2025-12-30 04:04:39 INFO  STEP PASS: Card #5 should have Tumbnail
2025-12-30 04:04:39 INFO  STEP PASS: All cards should have Tumbnail
2025-12-30 04:04:39 INFO  === PASS  tests.productCardsTests.ProductCardElementsTests.isThereThumbnailInProductCard[Exp#7 [f1=1, f2=3, f3=1, f4=2, f5=1, f6=3, f7=2, f8=3]] ===
2025-12-30 04:04:39 INFO  === END   tests.productCardsTests.ProductCardElementsTests.isThereThumbnailInProductCard[Exp#7 [f1=1, f2=3, f3=1, f4=2, f5=1, f6=3, f7=2, f8=3]] ===
2025-12-30 04:04:39 INFO  === START tests.productCardsTests.ProductCardElementsTests.isThereDescriptionInProductCard[Exp#7 [f1=1, f2=3, f3=1, f4=2, f5=1, f6=3, f7=2, f8=3]] ===
2025-12-30 04:04:39 INFO  STEP: ♻️ Using existing results for same input.
2025-12-30 04:04:39 INFO  STEP PASS: Card #1 should have Description (card's description: The Baseball Ball is a standard baseball used in baseball games. It features a durable leather cover and is designed for pitching, hitting, and fielding in the game of baseball.)
2025-12-30 04:04:39 INFO  STEP PASS: Card #2 should have Description (card's description: The Basketball is a standard ball used in basketball games. It is designed for dribbling, shooting, and passing in the game of basketball, suitable for both indoor and outdoor play.)
2025-12-30 04:04:39 INFO  STEP PASS: Card #3 should have Description (card's description: The American Football is a classic ball used in American football games. It is designed for throwing and catching, making it an essential piece of equipment for the sport.)
2025-12-30 04:04:39 INFO  STEP PASS: Card #4 should have Description (card's description: The Baseball Glove is a protective glove worn by baseball players. It is designed to catch and field the baseball, providing players with comfort and control during the game.)
2025-12-30 04:04:39 INFO  STEP PASS: Card #5 should have Description (card's description: The Basketball Rim is a sturdy hoop and net assembly mounted on a basketball backboard. It provides a target for shooting and scoring in the game of basketball.)
2025-12-30 04:04:39 INFO  STEP PASS: All cards should have Description
2025-12-30 04:04:39 INFO  === PASS  tests.productCardsTests.ProductCardElementsTests.isThereDescriptionInProductCard[Exp#7 [f1=1, f2=3, f3=1, f4=2, f5=1, f6=3, f7=2, f8=3]] ===
2025-12-30 04:04:39 INFO  === END   tests.productCardsTests.ProductCardElementsTests.isThereDescriptionInProductCard[Exp#7 [f1=1, f2=3, f3=1, f4=2, f5=1, f6=3, f7=2, f8=3]] ===
2025-12-30 04:04:39 INFO  === START tests.productCardsTests.ProductCardElementsTests.isThereRatingInProductCard[Exp#7 [f1=1, f2=3, f3=1, f4=2, f5=1, f6=3, f7=2, f8=3]] ===
2025-12-30 04:04:39 INFO  STEP: ♻️ Using existing results for same input.
2025-12-30 04:04:39 INFO  STEP PASS: Card #1 should have Rating (card's rating: 8.99)
2025-12-30 04:04:40 INFO  STEP PASS: Card #2 should have Rating (card's rating: 14.99)
2025-12-30 04:04:40 INFO  STEP PASS: Card #3 should have Rating (card's rating: 19.99)
2025-12-30 04:04:40 INFO  STEP PASS: Card #4 should have Rating (card's rating: 24.99)
2025-12-30 04:04:40 INFO  STEP PASS: Card #5 should have Rating (card's rating: 39.99)
2025-12-30 04:04:40 INFO  STEP PASS: All cards should have Rating
2025-12-30 04:04:40 INFO  === PASS  tests.productCardsTests.ProductCardElementsTests.isThereRatingInProductCard[Exp#7 [f1=1, f2=3, f3=1, f4=2, f5=1, f6=3, f7=2, f8=3]] ===
2025-12-30 04:04:40 INFO  === END   tests.productCardsTests.ProductCardElementsTests.isThereRatingInProductCard[Exp#7 [f1=1, f2=3, f3=1, f4=2, f5=1, f6=3, f7=2, f8=3]] ===
2025-12-30 04:04:40 INFO  === START tests.productCardsTests.ProductCardElementsTests.isThereAdditionalImagesBtnInProductCard[Exp#8 [f1=1, f2=3, f3=2, f4=3, f5=2, f6=1, f7=3, f8=1]] ===
2025-12-30 04:04:40 INFO  STEP: 📝 New input: Filling form fields.
2025-12-30 04:05:27 INFO  === START tests.productCardsTests.ProductCardElementsTests.isThereAdditionalImagesBtnInProductCard[Exp#1 [f1=1, f2=1, f3=1, f4=1, f5=1, f6=1, f7=1, f8=1]] ===
2025-12-30 04:05:29 INFO  STEP: 📝 New input: Filling form fields.
2025-12-30 04:05:37 INFO  STEP PASS: Card #1 should have Additional Images Button
2025-12-30 04:05:37 INFO  STEP PASS: Card #2 should have Additional Images Button
2025-12-30 04:05:37 INFO  STEP PASS: Card #3 should have Additional Images Button
2025-12-30 04:05:37 INFO  STEP PASS: Card #4 should have Additional Images Button
2025-12-30 04:05:37 INFO  STEP PASS: Card #5 should have Additional Images Button
2025-12-30 04:05:37 INFO  STEP PASS: All cards should have Additional Images Button
2025-12-30 04:05:37 INFO  === PASS  tests.productCardsTests.ProductCardElementsTests.isThereAdditionalImagesBtnInProductCard[Exp#1 [f1=1, f2=1, f3=1, f4=1, f5=1, f6=1, f7=1, f8=1]] ===
2025-12-30 04:05:37 INFO  === END   tests.productCardsTests.ProductCardElementsTests.isThereAdditionalImagesBtnInProductCard[Exp#1 [f1=1, f2=1, f3=1, f4=1, f5=1, f6=1, f7=1, f8=1]] ===
2025-12-30 04:05:37 INFO  === START tests.productCardsTests.ProductCardElementsTests.isTherePriceInProductCard[Exp#1 [f1=1, f2=1, f3=1, f4=1, f5=1, f6=1, f7=1, f8=1]] ===
2025-12-30 04:05:37 INFO  STEP: ♻️ Using existing results for same input.
2025-12-30 04:05:37 INFO  STEP PASS: Card #1 should have Price (card's price: 34.99)
2025-12-30 04:05:37 INFO  STEP PASS: Card #2 should have Price (card's price: 29.99)
2025-12-30 04:05:37 INFO  STEP PASS: Card #3 should have Price (card's price: 24.99)
2025-12-30 04:05:37 INFO  STEP PASS: Card #4 should have Price (card's price: 22.99)
2025-12-30 04:05:38 INFO  STEP PASS: Card #5 should have Price (card's price: 19.99)
2025-12-30 04:05:38 INFO  STEP PASS: All cards should have Price
2025-12-30 04:05:38 INFO  === PASS  tests.productCardsTests.ProductCardElementsTests.isTherePriceInProductCard[Exp#1 [f1=1, f2=1, f3=1, f4=1, f5=1, f6=1, f7=1, f8=1]] ===
2025-12-30 04:05:38 INFO  === END   tests.productCardsTests.ProductCardElementsTests.isTherePriceInProductCard[Exp#1 [f1=1, f2=1, f3=1, f4=1, f5=1, f6=1, f7=1, f8=1]] ===
2025-12-30 04:05:38 INFO  === START tests.productCardsTests.ProductCardElementsTests.isThereReviewsBtnInProductCard[Exp#1 [f1=1, f2=1, f3=1, f4=1, f5=1, f6=1, f7=1, f8=1]] ===
2025-12-30 04:05:38 INFO  STEP: ♻️ Using existing results for same input.
2025-12-30 04:05:38 INFO  STEP PASS: Card #1 should have Review Button
2025-12-30 04:05:38 INFO  STEP PASS: Card #2 should have Review Button
2025-12-30 04:05:38 INFO  STEP PASS: Card #3 should have Review Button
2025-12-30 04:05:38 INFO  STEP PASS: Card #4 should have Review Button
2025-12-30 04:05:38 INFO  STEP PASS: Card #5 should have Review Button
2025-12-30 04:05:38 INFO  STEP PASS: All cards should have Review Button
2025-12-30 04:05:38 INFO  === PASS  tests.productCardsTests.ProductCardElementsTests.isThereReviewsBtnInProductCard[Exp#1 [f1=1, f2=1, f3=1, f4=1, f5=1, f6=1, f7=1, f8=1]] ===
2025-12-30 04:05:38 INFO  === END   tests.productCardsTests.ProductCardElementsTests.isThereReviewsBtnInProductCard[Exp#1 [f1=1, f2=1, f3=1, f4=1, f5=1, f6=1, f7=1, f8=1]] ===
2025-12-30 04:05:38 INFO  === START tests.productCardsTests.ProductCardElementsTests.isThereTitleInProductCard[Exp#1 [f1=1, f2=1, f3=1, f4=1, f5=1, f6=1, f7=1, f8=1]] ===
2025-12-30 04:05:38 INFO  STEP: ♻️ Using existing results for same input.
2025-12-30 04:05:38 INFO  STEP PASS: Card #1 should have Title (card's title: Green and Black Glasses)
2025-12-30 04:05:38 INFO  STEP PASS: Card #2 should have Title (card's title: Black Sun Glasses)
2025-12-30 04:05:38 INFO  STEP PASS: Card #3 should have Title (card's title: Classic Sun Glasses)
2025-12-30 04:05:38 INFO  STEP PASS: Card #4 should have Title (card's title: Sunglasses)
2025-12-30 04:05:38 INFO  STEP PASS: Card #5 should have Title (card's title: Party Glasses)
2025-12-30 04:05:38 INFO  STEP PASS: All cards should have Title
2025-12-30 04:05:38 INFO  === PASS  tests.productCardsTests.ProductCardElementsTests.isThereTitleInProductCard[Exp#1 [f1=1, f2=1, f3=1, f4=1, f5=1, f6=1, f7=1, f8=1]] ===
2025-12-30 04:05:38 INFO  === END   tests.productCardsTests.ProductCardElementsTests.isThereTitleInProductCard[Exp#1 [f1=1, f2=1, f3=1, f4=1, f5=1, f6=1, f7=1, f8=1]] ===
2025-12-30 04:05:38 INFO  === START tests.productCardsTests.ProductCardElementsTests.isThereThumbnailInProductCard[Exp#1 [f1=1, f2=1, f3=1, f4=1, f5=1, f6=1, f7=1, f8=1]] ===
2025-12-30 04:05:38 INFO  STEP: ♻️ Using existing results for same input.
2025-12-30 04:05:39 INFO  STEP PASS: Card #1 should have Tumbnail
2025-12-30 04:05:39 INFO  STEP PASS: Card #2 should have Tumbnail
2025-12-30 04:05:39 INFO  STEP PASS: Card #3 should have Tumbnail
2025-12-30 04:05:39 INFO  STEP PASS: Card #4 should have Tumbnail
2025-12-30 04:05:39 INFO  STEP PASS: Card #5 should have Tumbnail
2025-12-30 04:05:39 INFO  STEP PASS: All cards should have Tumbnail
2025-12-30 04:05:39 INFO  === PASS  tests.productCardsTests.ProductCardElementsTests.isThereThumbnailInProductCard[Exp#1 [f1=1, f2=1, f3=1, f4=1, f5=1, f6=1, f7=1, f8=1]] ===
2025-12-30 04:05:39 INFO  === END   tests.productCardsTests.ProductCardElementsTests.isThereThumbnailInProductCard[Exp#1 [f1=1, f2=1, f3=1, f4=1, f5=1, f6=1, f7=1, f8=1]] ===
2025-12-30 04:05:39 INFO  === START tests.productCardsTests.ProductCardElementsTests.isThereDescriptionInProductCard[Exp#1 [f1=1, f2=1, f3=1, f4=1, f5=1, f6=1, f7=1, f8=1]] ===
2025-12-30 04:05:39 INFO  STEP: ♻️ Using existing results for same input.
2025-12-30 04:05:39 INFO  STEP PASS: Card #1 should have Description (card's description: The Green and Black Glasses feature a bold combination of green and black colors, adding a touch of vibrancy to your eyewear collection. They are both stylish and eye-catching.)
2025-12-30 04:05:39 INFO  STEP PASS: Card #2 should have Description (card's description: The Black Sun Glasses are a classic and stylish choice, featuring a sleek black frame and tinted lenses. They provide both UV protection and a fashionable look.)
2025-12-30 04:05:39 INFO  STEP PASS: Card #3 should have Description (card's description: The Classic Sun Glasses offer a timeless design with a neutral frame and UV-protected lenses. These sunglasses are versatile and suitable for various occasions.)
2025-12-30 04:05:39 INFO  STEP PASS: Card #4 should have Description (card's description: The Sunglasses offer a classic and simple design with a focus on functionality. These sunglasses provide essential UV protection while maintaining a timeless look.)
2025-12-30 04:05:39 INFO  STEP PASS: Card #5 should have Description (card's description: The Party Glasses are designed to add flair to your party outfit. With unique shapes or colorful frames, they're perfect for adding a playful touch to your look during celebrations.)
2025-12-30 04:05:39 INFO  STEP PASS: All cards should have Description
2025-12-30 04:05:39 INFO  === PASS  tests.productCardsTests.ProductCardElementsTests.isThereDescriptionInProductCard[Exp#1 [f1=1, f2=1, f3=1, f4=1, f5=1, f6=1, f7=1, f8=1]] ===
2025-12-30 04:05:39 INFO  === END   tests.productCardsTests.ProductCardElementsTests.isThereDescriptionInProductCard[Exp#1 [f1=1, f2=1, f3=1, f4=1, f5=1, f6=1, f7=1, f8=1]] ===
2025-12-30 04:05:39 INFO  === START tests.productCardsTests.ProductCardElementsTests.isThereRatingInProductCard[Exp#1 [f1=1, f2=1, f3=1, f4=1, f5=1, f6=1, f7=1, f8=1]] ===
2025-12-30 04:05:39 INFO  STEP: ♻️ Using existing results for same input.
2025-12-30 04:05:40 INFO  STEP PASS: Card #1 should have Rating (card's rating: 34.99)
2025-12-30 04:05:40 INFO  STEP PASS: Card #2 should have Rating (card's rating: 29.99)
2025-12-30 04:05:40 INFO  STEP PASS: Card #3 should have Rating (card's rating: 24.99)
2025-12-30 04:05:40 INFO  STEP PASS: Card #4 should have Rating (card's rating: 22.99)
2025-12-30 04:05:40 INFO  STEP PASS: Card #5 should have Rating (card's rating: 19.99)
2025-12-30 04:05:40 INFO  STEP PASS: All cards should have Rating
2025-12-30 04:05:40 INFO  === PASS  tests.productCardsTests.ProductCardElementsTests.isThereRatingInProductCard[Exp#1 [f1=1, f2=1, f3=1, f4=1, f5=1, f6=1, f7=1, f8=1]] ===
2025-12-30 04:05:40 INFO  === END   tests.productCardsTests.ProductCardElementsTests.isThereRatingInProductCard[Exp#1 [f1=1, f2=1, f3=1, f4=1, f5=1, f6=1, f7=1, f8=1]] ===
2025-12-30 04:05:40 INFO  === START tests.productCardsTests.ProductCardElementsTests.isThereAdditionalImagesBtnInProductCard[Exp#2 [f1=1, f2=1, f3=2, f4=2, f5=2, f6=2, f7=2, f8=2]] ===
2025-12-30 04:05:40 INFO  STEP: 📝 New input: Filling form fields.
2025-12-30 04:05:44 INFO  STEP PASS: Card #1 should have Additional Images Button
2025-12-30 04:05:44 INFO  STEP PASS: Card #2 should have Additional Images Button
2025-12-30 04:05:44 INFO  STEP PASS: Card #3 should have Additional Images Button
2025-12-30 04:05:44 INFO  STEP PASS: Card #4 should have Additional Images Button
2025-12-30 04:05:44 INFO  STEP PASS: Card #5 should have Additional Images Button
2025-12-30 04:05:44 INFO  STEP PASS: All cards should have Additional Images Button
2025-12-30 04:05:44 INFO  === PASS  tests.productCardsTests.ProductCardElementsTests.isThereAdditionalImagesBtnInProductCard[Exp#2 [f1=1, f2=1, f3=2, f4=2, f5=2, f6=2, f7=2, f8=2]] ===
2025-12-30 04:05:44 INFO  === END   tests.productCardsTests.ProductCardElementsTests.isThereAdditionalImagesBtnInProductCard[Exp#2 [f1=1, f2=1, f3=2, f4=2, f5=2, f6=2, f7=2, f8=2]] ===
2025-12-30 04:05:44 INFO  === START tests.productCardsTests.ProductCardElementsTests.isTherePriceInProductCard[Exp#2 [f1=1, f2=1, f3=2, f4=2, f5=2, f6=2, f7=2, f8=2]] ===
2025-12-30 04:05:44 INFO  STEP: ♻️ Using existing results for same input.
2025-12-30 04:05:44 INFO  STEP PASS: Card #1 should have Price (card's price: 5.99)
2025-12-30 04:05:44 INFO  STEP PASS: Card #2 should have Price (card's price: 7.99)
2025-12-30 04:05:45 INFO  STEP PASS: Card #3 should have Price (card's price: 9.99)
2025-12-30 04:05:45 INFO  STEP PASS: Card #4 should have Price (card's price: 29.99)
2025-12-30 04:05:45 INFO  STEP PASS: Card #5 should have Price (card's price: 39.99)
2025-12-30 04:05:45 INFO  STEP PASS: All cards should have Price
2025-12-30 04:05:45 INFO  === PASS  tests.productCardsTests.ProductCardElementsTests.isTherePriceInProductCard[Exp#2 [f1=1, f2=1, f3=2, f4=2, f5=2, f6=2, f7=2, f8=2]] ===
2025-12-30 04:05:45 INFO  === END   tests.productCardsTests.ProductCardElementsTests.isTherePriceInProductCard[Exp#2 [f1=1, f2=1, f3=2, f4=2, f5=2, f6=2, f7=2, f8=2]] ===
2025-12-30 04:05:45 INFO  === START tests.productCardsTests.ProductCardElementsTests.isThereReviewsBtnInProductCard[Exp#2 [f1=1, f2=1, f3=2, f4=2, f5=2, f6=2, f7=2, f8=2]] ===
2025-12-30 04:05:45 INFO  STEP: ♻️ Using existing results for same input.
2025-12-30 04:05:45 INFO  STEP PASS: Card #1 should have Review Button
2025-12-30 04:05:45 INFO  STEP PASS: Card #2 should have Review Button
2025-12-30 04:05:45 INFO  STEP PASS: Card #3 should have Review Button
2025-12-30 04:05:45 INFO  STEP PASS: Card #4 should have Review Button
2025-12-30 04:05:45 INFO  STEP PASS: Card #5 should have Review Button
2025-12-30 04:05:45 INFO  STEP PASS: All cards should have Review Button
2025-12-30 04:05:45 INFO  === PASS  tests.productCardsTests.ProductCardElementsTests.isThereReviewsBtnInProductCard[Exp#2 [f1=1, f2=1, f3=2, f4=2, f5=2, f6=2, f7=2, f8=2]] ===
2025-12-30 04:05:45 INFO  === END   tests.productCardsTests.ProductCardElementsTests.isThereReviewsBtnInProductCard[Exp#2 [f1=1, f2=1, f3=2, f4=2, f5=2, f6=2, f7=2, f8=2]] ===
2025-12-30 04:05:45 INFO  === START tests.productCardsTests.ProductCardElementsTests.isThereTitleInProductCard[Exp#2 [f1=1, f2=1, f3=2, f4=2, f5=2, f6=2, f7=2, f8=2]] ===
2025-12-30 04:05:45 INFO  STEP: ♻️ Using existing results for same input.
2025-12-30 04:05:45 INFO  STEP PASS: Card #1 should have Title (card's title: Black Aluminium Cup)
2025-12-30 04:05:45 INFO  STEP PASS: Card #2 should have Title (card's title: Bamboo Spatula)
2025-12-30 04:05:45 INFO  STEP PASS: Card #3 should have Title (card's title: Black Whisk)
2025-12-30 04:05:45 INFO  STEP PASS: Card #4 should have Title (card's title: Carbon Steel Wok)
2025-12-30 04:05:45 INFO  STEP PASS: Card #5 should have Title (card's title: Boxed Blender)
2025-12-30 04:05:45 INFO  STEP PASS: All cards should have Title
2025-12-30 04:05:45 INFO  === PASS  tests.productCardsTests.ProductCardElementsTests.isThereTitleInProductCard[Exp#2 [f1=1, f2=1, f3=2, f4=2, f5=2, f6=2, f7=2, f8=2]] ===
2025-12-30 04:05:45 INFO  === END   tests.productCardsTests.ProductCardElementsTests.isThereTitleInProductCard[Exp#2 [f1=1, f2=1, f3=2, f4=2, f5=2, f6=2, f7=2, f8=2]] ===
2025-12-30 04:05:45 INFO  === START tests.productCardsTests.ProductCardElementsTests.isThereThumbnailInProductCard[Exp#2 [f1=1, f2=1, f3=2, f4=2, f5=2, f6=2, f7=2, f8=2]] ===
2025-12-30 04:05:45 INFO  STEP: ♻️ Using existing results for same input.
2025-12-30 04:05:45 INFO  STEP PASS: Card #1 should have Tumbnail
2025-12-30 04:05:45 INFO  STEP PASS: Card #2 should have Tumbnail
2025-12-30 04:05:45 INFO  STEP PASS: Card #3 should have Tumbnail
2025-12-30 04:05:45 INFO  STEP PASS: Card #4 should have Tumbnail
2025-12-30 04:05:46 INFO  STEP PASS: Card #5 should have Tumbnail
2025-12-30 04:05:46 INFO  STEP PASS: All cards should have Tumbnail
2025-12-30 04:05:46 INFO  === PASS  tests.productCardsTests.ProductCardElementsTests.isThereThumbnailInProductCard[Exp#2 [f1=1, f2=1, f3=2, f4=2, f5=2, f6=2, f7=2, f8=2]] ===
2025-12-30 04:05:46 INFO  === END   tests.productCardsTests.ProductCardElementsTests.isThereThumbnailInProductCard[Exp#2 [f1=1, f2=1, f3=2, f4=2, f5=2, f6=2, f7=2, f8=2]] ===
2025-12-30 04:05:46 INFO  === START tests.productCardsTests.ProductCardElementsTests.isThereDescriptionInProductCard[Exp#2 [f1=1, f2=1, f3=2, f4=2, f5=2, f6=2, f7=2, f8=2]] ===
2025-12-30 04:05:46 INFO  STEP: ♻️ Using existing results for same input.
2025-12-30 04:05:46 INFO  STEP PASS: Card #1 should have Description (card's description: The Black Aluminium Cup is a stylish and durable cup suitable for both hot and cold beverages. Its sleek black design adds a modern touch to your drinkware collection.)
2025-12-30 04:05:46 INFO  STEP PASS: Card #2 should have Description (card's description: The Bamboo Spatula is a versatile kitchen tool made from eco-friendly bamboo. Ideal for flipping, stirring, and serving various dishes.)
2025-12-30 04:05:46 INFO  STEP PASS: Card #3 should have Description (card's description: The Black Whisk is a kitchen essential for whisking and beating ingredients. Its ergonomic handle and sleek design make it a practical and stylish tool.)
2025-12-30 04:05:46 INFO  STEP PASS: Card #4 should have Description (card's description: The Carbon Steel Wok is a versatile cooking pan suitable for stir-frying, sautéing, and deep frying. Its sturdy construction ensures even heat distribution for delicious meals.)
2025-12-30 04:05:46 INFO  STEP PASS: Card #5 should have Description (card's description: The Boxed Blender is a powerful and compact blender perfect for smoothies, shakes, and more. Its convenient design and multiple functions make it a versatile kitchen appliance.)
2025-12-30 04:05:46 INFO  STEP PASS: All cards should have Description
2025-12-30 04:05:46 INFO  === PASS  tests.productCardsTests.ProductCardElementsTests.isThereDescriptionInProductCard[Exp#2 [f1=1, f2=1, f3=2, f4=2, f5=2, f6=2, f7=2, f8=2]] ===
2025-12-30 04:05:46 INFO  === END   tests.productCardsTests.ProductCardElementsTests.isThereDescriptionInProductCard[Exp#2 [f1=1, f2=1, f3=2, f4=2, f5=2, f6=2, f7=2, f8=2]] ===
2025-12-30 04:05:46 INFO  === START tests.productCardsTests.ProductCardElementsTests.isThereRatingInProductCard[Exp#2 [f1=1, f2=1, f3=2, f4=2, f5=2, f6=2, f7=2, f8=2]] ===
2025-12-30 04:05:46 INFO  STEP: ♻️ Using existing results for same input.
2025-12-30 04:05:46 INFO  STEP PASS: Card #1 should have Rating (card's rating: 5.99)
2025-12-30 04:05:46 INFO  STEP PASS: Card #2 should have Rating (card's rating: 7.99)
2025-12-30 04:05:46 INFO  STEP PASS: Card #3 should have Rating (card's rating: 9.99)
2025-12-30 04:05:46 INFO  STEP PASS: Card #4 should have Rating (card's rating: 29.99)
2025-12-30 04:05:46 INFO  STEP PASS: Card #5 should have Rating (card's rating: 39.99)
2025-12-30 04:05:46 INFO  STEP PASS: All cards should have Rating
2025-12-30 04:05:46 INFO  === PASS  tests.productCardsTests.ProductCardElementsTests.isThereRatingInProductCard[Exp#2 [f1=1, f2=1, f3=2, f4=2, f5=2, f6=2, f7=2, f8=2]] ===
2025-12-30 04:05:46 INFO  === END   tests.productCardsTests.ProductCardElementsTests.isThereRatingInProductCard[Exp#2 [f1=1, f2=1, f3=2, f4=2, f5=2, f6=2, f7=2, f8=2]] ===
2025-12-30 04:05:46 INFO  === START tests.productCardsTests.ProductCardElementsTests.isThereAdditionalImagesBtnInProductCard[Exp#3 [f1=1, f2=1, f3=3, f4=3, f5=3, f6=3, f7=3, f8=3]] ===
2025-12-30 04:05:46 INFO  STEP: 📝 New input: Filling form fields.
2025-12-30 04:05:50 INFO  STEP PASS: Card #1 should have Additional Images Button
2025-12-30 04:05:50 INFO  STEP PASS: Card #2 should have Additional Images Button
2025-12-30 04:05:50 INFO  STEP PASS: Card #3 should have Additional Images Button
2025-12-30 04:05:50 INFO  STEP PASS: Card #4 should have Additional Images Button
2025-12-30 04:05:50 INFO  STEP PASS: All cards should have Additional Images Button
2025-12-30 04:05:50 INFO  === PASS  tests.productCardsTests.ProductCardElementsTests.isThereAdditionalImagesBtnInProductCard[Exp#3 [f1=1, f2=1, f3=3, f4=3, f5=3, f6=3, f7=3, f8=3]] ===
2025-12-30 04:05:50 INFO  === END   tests.productCardsTests.ProductCardElementsTests.isThereAdditionalImagesBtnInProductCard[Exp#3 [f1=1, f2=1, f3=3, f4=3, f5=3, f6=3, f7=3, f8=3]] ===
2025-12-30 04:05:50 INFO  === START tests.productCardsTests.ProductCardElementsTests.isTherePriceInProductCard[Exp#3 [f1=1, f2=1, f3=3, f4=3, f5=3, f6=3, f7=3, f8=3]] ===
2025-12-30 04:05:50 INFO  STEP: ♻️ Using existing results for same input.
2025-12-30 04:05:50 INFO  STEP PASS: Card #1 should have Price (card's price: 349.99)
2025-12-30 04:05:50 INFO  STEP PASS: Card #2 should have Price (card's price: 349.99)
2025-12-30 04:05:50 INFO  STEP PASS: Card #3 should have Price (card's price: 499.99)
2025-12-30 04:05:50 INFO  STEP PASS: Card #4 should have Price (card's price: 599.99)
2025-12-30 04:05:50 INFO  STEP PASS: All cards should have Price
2025-12-30 04:05:50 INFO  === PASS  tests.productCardsTests.ProductCardElementsTests.isTherePriceInProductCard[Exp#3 [f1=1, f2=1, f3=3, f4=3, f5=3, f6=3, f7=3, f8=3]] ===
2025-12-30 04:05:50 INFO  === END   tests.productCardsTests.ProductCardElementsTests.isTherePriceInProductCard[Exp#3 [f1=1, f2=1, f3=3, f4=3, f5=3, f6=3, f7=3, f8=3]] ===
2025-12-30 04:05:50 INFO  === START tests.productCardsTests.ProductCardElementsTests.isThereReviewsBtnInProductCard[Exp#3 [f1=1, f2=1, f3=3, f4=3, f5=3, f6=3, f7=3, f8=3]] ===
2025-12-30 04:05:50 INFO  STEP: ♻️ Using existing results for same input.
2025-12-30 04:05:50 INFO  STEP PASS: Card #1 should have Review Button
2025-12-30 04:05:50 INFO  STEP PASS: Card #2 should have Review Button
2025-12-30 04:05:51 INFO  STEP PASS: Card #3 should have Review Button
2025-12-30 04:05:51 INFO  STEP PASS: Card #4 should have Review Button
2025-12-30 04:05:51 INFO  STEP PASS: All cards should have Review Button
2025-12-30 04:05:51 INFO  === PASS  tests.productCardsTests.ProductCardElementsTests.isThereReviewsBtnInProductCard[Exp#3 [f1=1, f2=1, f3=3, f4=3, f5=3, f6=3, f7=3, f8=3]] ===
2025-12-30 04:05:51 INFO  === END   tests.productCardsTests.ProductCardElementsTests.isThereReviewsBtnInProductCard[Exp#3 [f1=1, f2=1, f3=3, f4=3, f5=3, f6=3, f7=3, f8=3]] ===
2025-12-30 04:05:51 INFO  === START tests.productCardsTests.ProductCardElementsTests.isThereTitleInProductCard[Exp#3 [f1=1, f2=1, f3=3, f4=3, f5=3, f6=3, f7=3, f8=3]] ===
2025-12-30 04:05:51 INFO  STEP: ♻️ Using existing results for same input.
2025-12-30 04:05:51 INFO  STEP PASS: Card #1 should have Title (card's title: Samsung Galaxy Tab White)
2025-12-30 04:05:51 INFO  STEP PASS: Card #2 should have Title (card's title: Samsung Galaxy Tab White)
2025-12-30 04:05:51 INFO  STEP PASS: Card #3 should have Title (card's title: iPad Mini 2021 Starlight)
2025-12-30 04:05:51 INFO  STEP PASS: Card #4 should have Title (card's title: Samsung Galaxy Tab S8 Plus Grey)
2025-12-30 04:05:51 INFO  STEP PASS: All cards should have Title
2025-12-30 04:05:51 INFO  === PASS  tests.productCardsTests.ProductCardElementsTests.isThereTitleInProductCard[Exp#3 [f1=1, f2=1, f3=3, f4=3, f5=3, f6=3, f7=3, f8=3]] ===
2025-12-30 04:05:51 INFO  === END   tests.productCardsTests.ProductCardElementsTests.isThereTitleInProductCard[Exp#3 [f1=1, f2=1, f3=3, f4=3, f5=3, f6=3, f7=3, f8=3]] ===
2025-12-30 04:05:51 INFO  === START tests.productCardsTests.ProductCardElementsTests.isThereThumbnailInProductCard[Exp#3 [f1=1, f2=1, f3=3, f4=3, f5=3, f6=3, f7=3, f8=3]] ===
2025-12-30 04:05:51 INFO  STEP: ♻️ Using existing results for same input.
2025-12-30 04:05:51 INFO  STEP PASS: Card #1 should have Tumbnail
2025-12-30 04:05:51 INFO  STEP PASS: Card #2 should have Tumbnail
2025-12-30 04:05:51 INFO  STEP PASS: Card #3 should have Tumbnail
2025-12-30 04:05:51 INFO  STEP PASS: Card #4 should have Tumbnail
2025-12-30 04:05:51 INFO  STEP PASS: All cards should have Tumbnail
2025-12-30 04:05:51 INFO  === PASS  tests.productCardsTests.ProductCardElementsTests.isThereThumbnailInProductCard[Exp#3 [f1=1, f2=1, f3=3, f4=3, f5=3, f6=3, f7=3, f8=3]] ===
2025-12-30 04:05:51 INFO  === END   tests.productCardsTests.ProductCardElementsTests.isThereThumbnailInProductCard[Exp#3 [f1=1, f2=1, f3=3, f4=3, f5=3, f6=3, f7=3, f8=3]] ===
2025-12-30 04:05:51 INFO  === START tests.productCardsTests.ProductCardElementsTests.isThereDescriptionInProductCard[Exp#3 [f1=1, f2=1, f3=3, f4=3, f5=3, f6=3, f7=3, f8=3]] ===
2025-12-30 04:05:51 INFO  STEP: ♻️ Using existing results for same input.
2025-12-30 04:05:51 INFO  STEP PASS: Card #1 should have Description (card's description: The Samsung Galaxy Tab in White is a sleek and versatile Android tablet. With a vibrant display, long-lasting battery, and a range of features, it offers a great user experience for various tasks.)
2025-12-30 04:05:51 INFO  STEP PASS: Card #2 should have Description (card's description: The Samsung Galaxy Tab in White is a sleek and versatile Android tablet. With a vibrant display, long-lasting battery, and a range of features, it offers a great user experience for various tasks.)
2025-12-30 04:05:51 INFO  STEP PASS: Card #3 should have Description (card's description: The iPad Mini 2021 in Starlight is a compact and powerful tablet from Apple. Featuring a stunning Retina display, powerful A-series chip, and a sleek design, it offers a premium tablet experience.)
2025-12-30 04:05:51 INFO  STEP PASS: Card #4 should have Description (card's description: The Samsung Galaxy Tab S8 Plus in Grey is a high-performance Android tablet by Samsung. With a large AMOLED display, powerful processor, and S Pen support, it's ideal for productivity and entertainment.)
2025-12-30 04:05:51 INFO  STEP PASS: All cards should have Description
2025-12-30 04:05:51 INFO  === PASS  tests.productCardsTests.ProductCardElementsTests.isThereDescriptionInProductCard[Exp#3 [f1=1, f2=1, f3=3, f4=3, f5=3, f6=3, f7=3, f8=3]] ===
2025-12-30 04:05:51 INFO  === END   tests.productCardsTests.ProductCardElementsTests.isThereDescriptionInProductCard[Exp#3 [f1=1, f2=1, f3=3, f4=3, f5=3, f6=3, f7=3, f8=3]] ===
2025-12-30 04:05:51 INFO  === START tests.productCardsTests.ProductCardElementsTests.isThereRatingInProductCard[Exp#3 [f1=1, f2=1, f3=3, f4=3, f5=3, f6=3, f7=3, f8=3]] ===
2025-12-30 04:05:51 INFO  STEP: ♻️ Using existing results for same input.
2025-12-30 04:05:52 INFO  STEP PASS: Card #1 should have Rating (card's rating: 349.99)
2025-12-30 04:05:52 INFO  STEP PASS: Card #2 should have Rating (card's rating: 349.99)
2025-12-30 04:05:52 INFO  STEP PASS: Card #3 should have Rating (card's rating: 499.99)
2025-12-30 04:05:52 INFO  STEP PASS: Card #4 should have Rating (card's rating: 599.99)
2025-12-30 04:05:52 INFO  STEP PASS: All cards should have Rating
2025-12-30 04:05:52 INFO  === PASS  tests.productCardsTests.ProductCardElementsTests.isThereRatingInProductCard[Exp#3 [f1=1, f2=1, f3=3, f4=3, f5=3, f6=3, f7=3, f8=3]] ===
2025-12-30 04:05:52 INFO  === END   tests.productCardsTests.ProductCardElementsTests.isThereRatingInProductCard[Exp#3 [f1=1, f2=1, f3=3, f4=3, f5=3, f6=3, f7=3, f8=3]] ===
2025-12-30 04:05:52 INFO  === START tests.productCardsTests.ProductCardElementsTests.isThereAdditionalImagesBtnInProductCard[Exp#4 [f1=1, f2=2, f3=1, f4=1, f5=2, f6=2, f7=3, f8=3]] ===
2025-12-30 04:05:52 INFO  STEP: 📝 New input: Filling form fields.
2025-12-30 04:05:55 INFO  STEP PASS: Card #1 should have Additional Images Button
2025-12-30 04:05:55 INFO  STEP PASS: Card #2 should have Additional Images Button
2025-12-30 04:05:55 INFO  STEP PASS: Card #3 should have Additional Images Button
2025-12-30 04:05:55 INFO  STEP PASS: Card #4 should have Additional Images Button
2025-12-30 04:05:55 INFO  STEP PASS: Card #5 should have Additional Images Button
2025-12-30 04:05:55 INFO  STEP PASS: All cards should have Additional Images Button
2025-12-30 04:05:55 INFO  === PASS  tests.productCardsTests.ProductCardElementsTests.isThereAdditionalImagesBtnInProductCard[Exp#4 [f1=1, f2=2, f3=1, f4=1, f5=2, f6=2, f7=3, f8=3]] ===
2025-12-30 04:05:55 INFO  === END   tests.productCardsTests.ProductCardElementsTests.isThereAdditionalImagesBtnInProductCard[Exp#4 [f1=1, f2=2, f3=1, f4=1, f5=2, f6=2, f7=3, f8=3]] ===
2025-12-30 04:05:55 INFO  === START tests.productCardsTests.ProductCardElementsTests.isTherePriceInProductCard[Exp#4 [f1=1, f2=2, f3=1, f4=1, f5=2, f6=2, f7=3, f8=3]] ===
2025-12-30 04:05:55 INFO  STEP: ♻️ Using existing results for same input.
2025-12-30 04:05:55 INFO  STEP PASS: Card #1 should have Price (card's price: 14.99)
2025-12-30 04:05:55 INFO  STEP PASS: Card #2 should have Price (card's price: 29.99)
2025-12-30 04:05:55 INFO  STEP PASS: Card #3 should have Price (card's price: 39.99)
2025-12-30 04:05:56 INFO  STEP PASS: Card #4 should have Price (card's price: 49.99)
2025-12-30 04:05:56 INFO  STEP PASS: Card #5 should have Price (card's price: 59.99)
2025-12-30 04:05:56 INFO  STEP PASS: All cards should have Price
2025-12-30 04:05:56 INFO  === PASS  tests.productCardsTests.ProductCardElementsTests.isTherePriceInProductCard[Exp#4 [f1=1, f2=2, f3=1, f4=1, f5=2, f6=2, f7=3, f8=3]] ===
2025-12-30 04:05:56 INFO  === END   tests.productCardsTests.ProductCardElementsTests.isTherePriceInProductCard[Exp#4 [f1=1, f2=2, f3=1, f4=1, f5=2, f6=2, f7=3, f8=3]] ===
2025-12-30 04:05:56 INFO  === START tests.productCardsTests.ProductCardElementsTests.isThereReviewsBtnInProductCard[Exp#4 [f1=1, f2=2, f3=1, f4=1, f5=2, f6=2, f7=3, f8=3]] ===
2025-12-30 04:05:56 INFO  STEP: ♻️ Using existing results for same input.
2025-12-30 04:05:56 INFO  STEP PASS: Card #1 should have Review Button
2025-12-30 04:05:56 INFO  STEP PASS: Card #2 should have Review Button
2025-12-30 04:05:56 INFO  STEP PASS: Card #3 should have Review Button
2025-12-30 04:05:56 INFO  STEP PASS: Card #4 should have Review Button
2025-12-30 04:05:56 INFO  STEP PASS: Card #5 should have Review Button
2025-12-30 04:05:56 INFO  STEP PASS: All cards should have Review Button
2025-12-30 04:05:56 INFO  === PASS  tests.productCardsTests.ProductCardElementsTests.isThereReviewsBtnInProductCard[Exp#4 [f1=1, f2=2, f3=1, f4=1, f5=2, f6=2, f7=3, f8=3]] ===
2025-12-30 04:05:56 INFO  === END   tests.productCardsTests.ProductCardElementsTests.isThereReviewsBtnInProductCard[Exp#4 [f1=1, f2=2, f3=1, f4=1, f5=2, f6=2, f7=3, f8=3]] ===
2025-12-30 04:05:56 INFO  === START tests.productCardsTests.ProductCardElementsTests.isThereTitleInProductCard[Exp#4 [f1=1, f2=2, f3=1, f4=1, f5=2, f6=2, f7=3, f8=3]] ===
2025-12-30 04:05:56 INFO  STEP: ♻️ Using existing results for same input.
2025-12-30 04:05:56 INFO  STEP PASS: Card #1 should have Title (card's title: Plant Pot)
2025-12-30 04:05:56 INFO  STEP PASS: Card #2 should have Title (card's title: Family Tree Photo Frame)
2025-12-30 04:05:56 INFO  STEP PASS: Card #3 should have Title (card's title: House Showpiece Plant)
2025-12-30 04:05:56 INFO  STEP PASS: Card #4 should have Title (card's title: Table Lamp)
2025-12-30 04:05:56 INFO  STEP PASS: Card #5 should have Title (card's title: Decoration Swing)
2025-12-30 04:05:56 INFO  STEP PASS: All cards should have Title
2025-12-30 04:05:56 INFO  === PASS  tests.productCardsTests.ProductCardElementsTests.isThereTitleInProductCard[Exp#4 [f1=1, f2=2, f3=1, f4=1, f5=2, f6=2, f7=3, f8=3]] ===
2025-12-30 04:05:56 INFO  === END   tests.productCardsTests.ProductCardElementsTests.isThereTitleInProductCard[Exp#4 [f1=1, f2=2, f3=1, f4=1, f5=2, f6=2, f7=3, f8=3]] ===
2025-12-30 04:05:56 INFO  === START tests.productCardsTests.ProductCardElementsTests.isThereThumbnailInProductCard[Exp#4 [f1=1, f2=2, f3=1, f4=1, f5=2, f6=2, f7=3, f8=3]] ===
2025-12-30 04:05:56 INFO  STEP: ♻️ Using existing results for same input.
2025-12-30 04:05:56 INFO  STEP PASS: Card #1 should have Tumbnail
2025-12-30 04:05:56 INFO  STEP PASS: Card #2 should have Tumbnail
2025-12-30 04:05:56 INFO  STEP PASS: Card #3 should have Tumbnail
2025-12-30 04:05:56 INFO  STEP PASS: Card #4 should have Tumbnail
2025-12-30 04:05:56 INFO  STEP PASS: Card #5 should have Tumbnail
2025-12-30 04:05:56 INFO  STEP PASS: All cards should have Tumbnail
2025-12-30 04:05:56 INFO  === PASS  tests.productCardsTests.ProductCardElementsTests.isThereThumbnailInProductCard[Exp#4 [f1=1, f2=2, f3=1, f4=1, f5=2, f6=2, f7=3, f8=3]] ===
2025-12-30 04:05:56 INFO  === END   tests.productCardsTests.ProductCardElementsTests.isThereThumbnailInProductCard[Exp#4 [f1=1, f2=2, f3=1, f4=1, f5=2, f6=2, f7=3, f8=3]] ===
2025-12-30 04:05:56 INFO  === START tests.productCardsTests.ProductCardElementsTests.isThereDescriptionInProductCard[Exp#4 [f1=1, f2=2, f3=1, f4=1, f5=2, f6=2, f7=3, f8=3]] ===
2025-12-30 04:05:56 INFO  STEP: ♻️ Using existing results for same input.
2025-12-30 04:05:57 INFO  STEP PASS: Card #1 should have Description (card's description: The Plant Pot is a stylish container for your favorite plants. With a sleek design, it complements your indoor or outdoor garden, adding a modern touch to your plant display.)
2025-12-30 04:05:57 INFO  STEP PASS: Card #2 should have Description (card's description: The Family Tree Photo Frame is a sentimental and stylish way to display your cherished family memories. With multiple photo slots, it tells the story of your loved ones.)
2025-12-30 04:05:57 INFO  STEP PASS: Card #3 should have Description (card's description: The House Showpiece Plant is an artificial plant that brings a touch of nature to your home without the need for maintenance. It adds greenery and style to any space.)
2025-12-30 04:05:57 INFO  STEP PASS: Card #4 should have Description (card's description: The Table Lamp is a functional and decorative lighting solution for your living space. With a modern design, it provides both ambient and task lighting, enhancing the atmosphere.)
2025-12-30 04:05:57 INFO  STEP PASS: Card #5 should have Description (card's description: The Decoration Swing is a charming addition to your home decor. Crafted with intricate details, it adds a touch of elegance and whimsy to any room.)
2025-12-30 04:05:57 INFO  STEP PASS: All cards should have Description
2025-12-30 04:05:57 INFO  === PASS  tests.productCardsTests.ProductCardElementsTests.isThereDescriptionInProductCard[Exp#4 [f1=1, f2=2, f3=1, f4=1, f5=2, f6=2, f7=3, f8=3]] ===
2025-12-30 04:05:57 INFO  === END   tests.productCardsTests.ProductCardElementsTests.isThereDescriptionInProductCard[Exp#4 [f1=1, f2=2, f3=1, f4=1, f5=2, f6=2, f7=3, f8=3]] ===
2025-12-30 04:05:57 INFO  === START tests.productCardsTests.ProductCardElementsTests.isThereRatingInProductCard[Exp#4 [f1=1, f2=2, f3=1, f4=1, f5=2, f6=2, f7=3, f8=3]] ===
2025-12-30 04:05:57 INFO  STEP: ♻️ Using existing results for same input.
2025-12-30 04:05:57 INFO  STEP PASS: Card #1 should have Rating (card's rating: 14.99)
2025-12-30 04:05:57 INFO  STEP PASS: Card #2 should have Rating (card's rating: 29.99)
2025-12-30 04:05:57 INFO  STEP PASS: Card #3 should have Rating (card's rating: 39.99)
2025-12-30 04:05:57 INFO  STEP PASS: Card #4 should have Rating (card's rating: 49.99)
2025-12-30 04:05:57 INFO  STEP PASS: Card #5 should have Rating (card's rating: 59.99)
2025-12-30 04:05:57 INFO  STEP PASS: All cards should have Rating
2025-12-30 04:05:57 INFO  === PASS  tests.productCardsTests.ProductCardElementsTests.isThereRatingInProductCard[Exp#4 [f1=1, f2=2, f3=1, f4=1, f5=2, f6=2, f7=3, f8=3]] ===
2025-12-30 04:05:57 INFO  === END   tests.productCardsTests.ProductCardElementsTests.isThereRatingInProductCard[Exp#4 [f1=1, f2=2, f3=1, f4=1, f5=2, f6=2, f7=3, f8=3]] ===
2025-12-30 04:05:57 INFO  === START tests.productCardsTests.ProductCardElementsTests.isThereAdditionalImagesBtnInProductCard[Exp#5 [f1=1, f2=2, f3=2, f4=2, f5=3, f6=3, f7=1, f8=1]] ===
2025-12-30 04:05:57 INFO  STEP: 📝 New input: Filling form fields.
2025-12-30 04:06:01 INFO  STEP PASS: Card #1 should have Additional Images Button
2025-12-30 04:06:01 INFO  STEP PASS: Card #2 should have Additional Images Button
2025-12-30 04:06:01 INFO  STEP PASS: Card #3 should have Additional Images Button
2025-12-30 04:06:01 INFO  STEP PASS: Card #4 should have Additional Images Button
2025-12-30 04:06:01 INFO  STEP PASS: Card #5 should have Additional Images Button
2025-12-30 04:06:01 INFO  STEP PASS: All cards should have Additional Images Button
2025-12-30 04:06:01 INFO  === PASS  tests.productCardsTests.ProductCardElementsTests.isThereAdditionalImagesBtnInProductCard[Exp#5 [f1=1, f2=2, f3=2, f4=2, f5=3, f6=3, f7=1, f8=1]] ===
2025-12-30 04:06:01 INFO  === END   tests.productCardsTests.ProductCardElementsTests.isThereAdditionalImagesBtnInProductCard[Exp#5 [f1=1, f2=2, f3=2, f4=2, f5=3, f6=3, f7=1, f8=1]] ===
2025-12-30 04:06:01 INFO  === START tests.productCardsTests.ProductCardElementsTests.isTherePriceInProductCard[Exp#5 [f1=1, f2=2, f3=2, f4=2, f5=3, f6=3, f7=1, f8=1]] ===
2025-12-30 04:06:01 INFO  STEP: ♻️ Using existing results for same input.
2025-12-30 04:06:01 INFO  STEP PASS: Card #1 should have Price (card's price: 5.99)
2025-12-30 04:06:01 INFO  STEP PASS: Card #2 should have Price (card's price: 7.99)
2025-12-30 04:06:01 INFO  STEP PASS: Card #3 should have Price (card's price: 9.99)
2025-12-30 04:06:01 INFO  STEP PASS: Card #4 should have Price (card's price: 29.99)
2025-12-30 04:06:01 INFO  STEP PASS: Card #5 should have Price (card's price: 39.99)
2025-12-30 04:06:01 INFO  STEP PASS: All cards should have Price
2025-12-30 04:06:01 INFO  === PASS  tests.productCardsTests.ProductCardElementsTests.isTherePriceInProductCard[Exp#5 [f1=1, f2=2, f3=2, f4=2, f5=3, f6=3, f7=1, f8=1]] ===
2025-12-30 04:06:01 INFO  === END   tests.productCardsTests.ProductCardElementsTests.isTherePriceInProductCard[Exp#5 [f1=1, f2=2, f3=2, f4=2, f5=3, f6=3, f7=1, f8=1]] ===
2025-12-30 04:06:01 INFO  === START tests.productCardsTests.ProductCardElementsTests.isThereReviewsBtnInProductCard[Exp#5 [f1=1, f2=2, f3=2, f4=2, f5=3, f6=3, f7=1, f8=1]] ===
2025-12-30 04:06:01 INFO  STEP: ♻️ Using existing results for same input.
2025-12-30 04:06:01 INFO  STEP PASS: Card #1 should have Review Button
2025-12-30 04:06:01 INFO  STEP PASS: Card #2 should have Review Button
2025-12-30 04:06:01 INFO  STEP PASS: Card #3 should have Review Button
2025-12-30 04:06:01 INFO  STEP PASS: Card #4 should have Review Button
2025-12-30 04:06:01 INFO  STEP PASS: Card #5 should have Review Button
2025-12-30 04:06:01 INFO  STEP PASS: All cards should have Review Button
2025-12-30 04:06:01 INFO  === PASS  tests.productCardsTests.ProductCardElementsTests.isThereReviewsBtnInProductCard[Exp#5 [f1=1, f2=2, f3=2, f4=2, f5=3, f6=3, f7=1, f8=1]] ===
2025-12-30 04:06:01 INFO  === END   tests.productCardsTests.ProductCardElementsTests.isThereReviewsBtnInProductCard[Exp#5 [f1=1, f2=2, f3=2, f4=2, f5=3, f6=3, f7=1, f8=1]] ===
2025-12-30 04:06:01 INFO  === START tests.productCardsTests.ProductCardElementsTests.isThereTitleInProductCard[Exp#5 [f1=1, f2=2, f3=2, f4=2, f5=3, f6=3, f7=1, f8=1]] ===
2025-12-30 04:06:01 INFO  STEP: ♻️ Using existing results for same input.
2025-12-30 04:06:01 INFO  STEP PASS: Card #1 should have Title (card's title: Black Aluminium Cup)
2025-12-30 04:06:01 INFO  STEP PASS: Card #2 should have Title (card's title: Bamboo Spatula)
2025-12-30 04:06:02 INFO  STEP PASS: Card #3 should have Title (card's title: Black Whisk)
2025-12-30 04:06:02 INFO  STEP PASS: Card #4 should have Title (card's title: Carbon Steel Wok)
2025-12-30 04:06:02 INFO  STEP PASS: Card #5 should have Title (card's title: Boxed Blender)
2025-12-30 04:06:02 INFO  STEP PASS: All cards should have Title
2025-12-30 04:06:02 INFO  === PASS  tests.productCardsTests.ProductCardElementsTests.isThereTitleInProductCard[Exp#5 [f1=1, f2=2, f3=2, f4=2, f5=3, f6=3, f7=1, f8=1]] ===
2025-12-30 04:06:02 INFO  === END   tests.productCardsTests.ProductCardElementsTests.isThereTitleInProductCard[Exp#5 [f1=1, f2=2, f3=2, f4=2, f5=3, f6=3, f7=1, f8=1]] ===
2025-12-30 04:06:02 INFO  === START tests.productCardsTests.ProductCardElementsTests.isThereThumbnailInProductCard[Exp#5 [f1=1, f2=2, f3=2, f4=2, f5=3, f6=3, f7=1, f8=1]] ===
2025-12-30 04:06:02 INFO  STEP: ♻️ Using existing results for same input.
2025-12-30 04:06:02 INFO  STEP PASS: Card #1 should have Tumbnail
2025-12-30 04:06:02 INFO  STEP PASS: Card #2 should have Tumbnail
2025-12-30 04:06:02 INFO  STEP PASS: Card #3 should have Tumbnail
2025-12-30 04:06:02 INFO  STEP PASS: Card #4 should have Tumbnail
2025-12-30 04:06:02 INFO  STEP PASS: Card #5 should have Tumbnail
2025-12-30 04:06:02 INFO  STEP PASS: All cards should have Tumbnail
2025-12-30 04:06:02 INFO  === PASS  tests.productCardsTests.ProductCardElementsTests.isThereThumbnailInProductCard[Exp#5 [f1=1, f2=2, f3=2, f4=2, f5=3, f6=3, f7=1, f8=1]] ===
2025-12-30 04:06:02 INFO  === END   tests.productCardsTests.ProductCardElementsTests.isThereThumbnailInProductCard[Exp#5 [f1=1, f2=2, f3=2, f4=2, f5=3, f6=3, f7=1, f8=1]] ===
2025-12-30 04:06:02 INFO  === START tests.productCardsTests.ProductCardElementsTests.isThereDescriptionInProductCard[Exp#5 [f1=1, f2=2, f3=2, f4=2, f5=3, f6=3, f7=1, f8=1]] ===
2025-12-30 04:06:02 INFO  STEP: ♻️ Using existing results for same input.
2025-12-30 04:06:02 INFO  STEP PASS: Card #1 should have Description (card's description: The Black Aluminium Cup is a stylish and durable cup suitable for both hot and cold beverages. Its sleek black design adds a modern touch to your drinkware collection.)
2025-12-30 04:06:02 INFO  STEP PASS: Card #2 should have Description (card's description: The Bamboo Spatula is a versatile kitchen tool made from eco-friendly bamboo. Ideal for flipping, stirring, and serving various dishes.)
2025-12-30 04:06:02 INFO  STEP PASS: Card #3 should have Description (card's description: The Black Whisk is a kitchen essential for whisking and beating ingredients. Its ergonomic handle and sleek design make it a practical and stylish tool.)
2025-12-30 04:06:02 INFO  STEP PASS: Card #4 should have Description (card's description: The Carbon Steel Wok is a versatile cooking pan suitable for stir-frying, sautéing, and deep frying. Its sturdy construction ensures even heat distribution for delicious meals.)
2025-12-30 04:06:02 INFO  STEP PASS: Card #5 should have Description (card's description: The Boxed Blender is a powerful and compact blender perfect for smoothies, shakes, and more. Its convenient design and multiple functions make it a versatile kitchen appliance.)
2025-12-30 04:06:02 INFO  STEP PASS: All cards should have Description
2025-12-30 04:06:02 INFO  === PASS  tests.productCardsTests.ProductCardElementsTests.isThereDescriptionInProductCard[Exp#5 [f1=1, f2=2, f3=2, f4=2, f5=3, f6=3, f7=1, f8=1]] ===
2025-12-30 04:06:02 INFO  === END   tests.productCardsTests.ProductCardElementsTests.isThereDescriptionInProductCard[Exp#5 [f1=1, f2=2, f3=2, f4=2, f5=3, f6=3, f7=1, f8=1]] ===
2025-12-30 04:06:02 INFO  === START tests.productCardsTests.ProductCardElementsTests.isThereRatingInProductCard[Exp#5 [f1=1, f2=2, f3=2, f4=2, f5=3, f6=3, f7=1, f8=1]] ===
2025-12-30 04:06:02 INFO  STEP: ♻️ Using existing results for same input.
2025-12-30 04:06:02 INFO  STEP PASS: Card #1 should have Rating (card's rating: 5.99)
2025-12-30 04:06:02 INFO  STEP PASS: Card #2 should have Rating (card's rating: 7.99)
2025-12-30 04:06:03 INFO  STEP PASS: Card #3 should have Rating (card's rating: 9.99)
2025-12-30 04:06:03 INFO  STEP PASS: Card #4 should have Rating (card's rating: 29.99)
2025-12-30 04:06:03 INFO  STEP PASS: Card #5 should have Rating (card's rating: 39.99)
2025-12-30 04:06:03 INFO  STEP PASS: All cards should have Rating
2025-12-30 04:06:03 INFO  === PASS  tests.productCardsTests.ProductCardElementsTests.isThereRatingInProductCard[Exp#5 [f1=1, f2=2, f3=2, f4=2, f5=3, f6=3, f7=1, f8=1]] ===
2025-12-30 04:06:03 INFO  === END   tests.productCardsTests.ProductCardElementsTests.isThereRatingInProductCard[Exp#5 [f1=1, f2=2, f3=2, f4=2, f5=3, f6=3, f7=1, f8=1]] ===
2025-12-30 04:06:03 INFO  === START tests.productCardsTests.ProductCardElementsTests.isThereAdditionalImagesBtnInProductCard[Exp#6 [f1=1, f2=2, f3=3, f4=3, f5=1, f6=1, f7=2, f8=2]] ===
2025-12-30 04:06:03 INFO  STEP: 📝 New input: Filling form fields.
2025-12-30 04:06:06 INFO  STEP PASS: Card #1 should have Additional Images Button
2025-12-30 04:06:06 INFO  STEP PASS: Card #2 should have Additional Images Button
2025-12-30 04:06:06 INFO  STEP PASS: Card #3 should have Additional Images Button
2025-12-30 04:06:06 INFO  STEP PASS: Card #4 should have Additional Images Button
2025-12-30 04:06:06 INFO  STEP PASS: Card #5 should have Additional Images Button
2025-12-30 04:06:06 INFO  STEP PASS: All cards should have Additional Images Button
2025-12-30 04:06:06 INFO  === PASS  tests.productCardsTests.ProductCardElementsTests.isThereAdditionalImagesBtnInProductCard[Exp#6 [f1=1, f2=2, f3=3, f4=3, f5=1, f6=1, f7=2, f8=2]] ===
2025-12-30 04:06:06 INFO  === END   tests.productCardsTests.ProductCardElementsTests.isThereAdditionalImagesBtnInProductCard[Exp#6 [f1=1, f2=2, f3=3, f4=3, f5=1, f6=1, f7=2, f8=2]] ===
2025-12-30 04:06:06 INFO  === START tests.productCardsTests.ProductCardElementsTests.isTherePriceInProductCard[Exp#6 [f1=1, f2=2, f3=3, f4=3, f5=1, f6=1, f7=2, f8=2]] ===
2025-12-30 04:06:06 INFO  STEP: ♻️ Using existing results for same input.
2025-12-30 04:06:06 INFO  STEP PASS: Card #1 should have Price (card's price: 8.99)
2025-12-30 04:06:06 INFO  STEP PASS: Card #2 should have Price (card's price: 14.99)
2025-12-30 04:06:06 INFO  STEP PASS: Card #3 should have Price (card's price: 19.99)
2025-12-30 04:06:06 INFO  STEP PASS: Card #4 should have Price (card's price: 24.99)
2025-12-30 04:06:07 INFO  STEP PASS: Card #5 should have Price (card's price: 39.99)
2025-12-30 04:06:07 INFO  STEP PASS: All cards should have Price
2025-12-30 04:06:07 INFO  === PASS  tests.productCardsTests.ProductCardElementsTests.isTherePriceInProductCard[Exp#6 [f1=1, f2=2, f3=3, f4=3, f5=1, f6=1, f7=2, f8=2]] ===
2025-12-30 04:06:07 INFO  === END   tests.productCardsTests.ProductCardElementsTests.isTherePriceInProductCard[Exp#6 [f1=1, f2=2, f3=3, f4=3, f5=1, f6=1, f7=2, f8=2]] ===
2025-12-30 04:06:07 INFO  === START tests.productCardsTests.ProductCardElementsTests.isThereReviewsBtnInProductCard[Exp#6 [f1=1, f2=2, f3=3, f4=3, f5=1, f6=1, f7=2, f8=2]] ===
2025-12-30 04:06:07 INFO  STEP: ♻️ Using existing results for same input.
2025-12-30 04:06:07 INFO  STEP PASS: Card #1 should have Review Button
2025-12-30 04:06:07 INFO  STEP PASS: Card #2 should have Review Button
2025-12-30 04:06:07 INFO  STEP PASS: Card #3 should have Review Button
2025-12-30 04:06:07 INFO  STEP PASS: Card #4 should have Review Button
2025-12-30 04:06:07 INFO  STEP PASS: Card #5 should have Review Button
2025-12-30 04:06:07 INFO  STEP PASS: All cards should have Review Button
2025-12-30 04:06:07 INFO  === PASS  tests.productCardsTests.ProductCardElementsTests.isThereReviewsBtnInProductCard[Exp#6 [f1=1, f2=2, f3=3, f4=3, f5=1, f6=1, f7=2, f8=2]] ===
2025-12-30 04:06:07 INFO  === END   tests.productCardsTests.ProductCardElementsTests.isThereReviewsBtnInProductCard[Exp#6 [f1=1, f2=2, f3=3, f4=3, f5=1, f6=1, f7=2, f8=2]] ===
2025-12-30 04:06:07 INFO  === START tests.productCardsTests.ProductCardElementsTests.isThereTitleInProductCard[Exp#6 [f1=1, f2=2, f3=3, f4=3, f5=1, f6=1, f7=2, f8=2]] ===
2025-12-30 04:06:07 INFO  STEP: ♻️ Using existing results for same input.
2025-12-30 04:06:07 INFO  STEP PASS: Card #1 should have Title (card's title: Baseball Ball)
2025-12-30 04:06:07 INFO  STEP PASS: Card #2 should have Title (card's title: Basketball)
2025-12-30 04:06:07 INFO  STEP PASS: Card #3 should have Title (card's title: American Football)
2025-12-30 04:06:07 INFO  STEP PASS: Card #4 should have Title (card's title: Baseball Glove)
2025-12-30 04:06:07 INFO  STEP PASS: Card #5 should have Title (card's title: Basketball Rim)
2025-12-30 04:06:07 INFO  STEP PASS: All cards should have Title
2025-12-30 04:06:07 INFO  === PASS  tests.productCardsTests.ProductCardElementsTests.isThereTitleInProductCard[Exp#6 [f1=1, f2=2, f3=3, f4=3, f5=1, f6=1, f7=2, f8=2]] ===
2025-12-30 04:06:07 INFO  === END   tests.productCardsTests.ProductCardElementsTests.isThereTitleInProductCard[Exp#6 [f1=1, f2=2, f3=3, f4=3, f5=1, f6=1, f7=2, f8=2]] ===
2025-12-30 04:06:07 INFO  === START tests.productCardsTests.ProductCardElementsTests.isThereThumbnailInProductCard[Exp#6 [f1=1, f2=2, f3=3, f4=3, f5=1, f6=1, f7=2, f8=2]] ===
2025-12-30 04:06:07 INFO  STEP: ♻️ Using existing results for same input.
2025-12-30 04:06:07 INFO  STEP PASS: Card #1 should have Tumbnail
2025-12-30 04:06:07 INFO  STEP PASS: Card #2 should have Tumbnail
2025-12-30 04:06:07 INFO  STEP PASS: Card #3 should have Tumbnail
2025-12-30 04:06:07 INFO  STEP PASS: Card #4 should have Tumbnail
2025-12-30 04:06:07 INFO  STEP PASS: Card #5 should have Tumbnail
2025-12-30 04:06:07 INFO  STEP PASS: All cards should have Tumbnail
2025-12-30 04:06:07 INFO  === PASS  tests.productCardsTests.ProductCardElementsTests.isThereThumbnailInProductCard[Exp#6 [f1=1, f2=2, f3=3, f4=3, f5=1, f6=1, f7=2, f8=2]] ===
2025-12-30 04:06:07 INFO  === END   tests.productCardsTests.ProductCardElementsTests.isThereThumbnailInProductCard[Exp#6 [f1=1, f2=2, f3=3, f4=3, f5=1, f6=1, f7=2, f8=2]] ===
2025-12-30 04:06:07 INFO  === START tests.productCardsTests.ProductCardElementsTests.isThereDescriptionInProductCard[Exp#6 [f1=1, f2=2, f3=3, f4=3, f5=1, f6=1, f7=2, f8=2]] ===
2025-12-30 04:06:07 INFO  STEP: ♻️ Using existing results for same input.
2025-12-30 04:06:07 INFO  STEP PASS: Card #1 should have Description (card's description: The Baseball Ball is a standard baseball used in baseball games. It features a durable leather cover and is designed for pitching, hitting, and fielding in the game of baseball.)
2025-12-30 04:06:07 INFO  STEP PASS: Card #2 should have Description (card's description: The Basketball is a standard ball used in basketball games. It is designed for dribbling, shooting, and passing in the game of basketball, suitable for both indoor and outdoor play.)
2025-12-30 04:06:08 INFO  STEP PASS: Card #3 should have Description (card's description: The American Football is a classic ball used in American football games. It is designed for throwing and catching, making it an essential piece of equipment for the sport.)
2025-12-30 04:06:08 INFO  STEP PASS: Card #4 should have Description (card's description: The Baseball Glove is a protective glove worn by baseball players. It is designed to catch and field the baseball, providing players with comfort and control during the game.)
2025-12-30 04:06:08 INFO  STEP PASS: Card #5 should have Description (card's description: The Basketball Rim is a sturdy hoop and net assembly mounted on a basketball backboard. It provides a target for shooting and scoring in the game of basketball.)
2025-12-30 04:06:08 INFO  STEP PASS: All cards should have Description
2025-12-30 04:06:08 INFO  === PASS  tests.productCardsTests.ProductCardElementsTests.isThereDescriptionInProductCard[Exp#6 [f1=1, f2=2, f3=3, f4=3, f5=1, f6=1, f7=2, f8=2]] ===
2025-12-30 04:06:08 INFO  === END   tests.productCardsTests.ProductCardElementsTests.isThereDescriptionInProductCard[Exp#6 [f1=1, f2=2, f3=3, f4=3, f5=1, f6=1, f7=2, f8=2]] ===
2025-12-30 04:06:08 INFO  === START tests.productCardsTests.ProductCardElementsTests.isThereRatingInProductCard[Exp#6 [f1=1, f2=2, f3=3, f4=3, f5=1, f6=1, f7=2, f8=2]] ===
2025-12-30 04:06:08 INFO  STEP: ♻️ Using existing results for same input.
2025-12-30 04:06:08 INFO  STEP PASS: Card #1 should have Rating (card's rating: 8.99)
2025-12-30 04:06:08 INFO  STEP PASS: Card #2 should have Rating (card's rating: 14.99)
2025-12-30 04:06:08 INFO  STEP PASS: Card #3 should have Rating (card's rating: 19.99)
2025-12-30 04:06:08 INFO  STEP PASS: Card #4 should have Rating (card's rating: 24.99)
2025-12-30 04:06:08 INFO  STEP PASS: Card #5 should have Rating (card's rating: 39.99)
2025-12-30 04:06:08 INFO  STEP PASS: All cards should have Rating
2025-12-30 04:06:08 INFO  === PASS  tests.productCardsTests.ProductCardElementsTests.isThereRatingInProductCard[Exp#6 [f1=1, f2=2, f3=3, f4=3, f5=1, f6=1, f7=2, f8=2]] ===
2025-12-30 04:06:08 INFO  === END   tests.productCardsTests.ProductCardElementsTests.isThereRatingInProductCard[Exp#6 [f1=1, f2=2, f3=3, f4=3, f5=1, f6=1, f7=2, f8=2]] ===
2025-12-30 04:06:08 INFO  === START tests.productCardsTests.ProductCardElementsTests.isThereAdditionalImagesBtnInProductCard[Exp#7 [f1=1, f2=3, f3=1, f4=2, f5=1, f6=3, f7=2, f8=3]] ===
2025-12-30 04:06:08 INFO  STEP: 📝 New input: Filling form fields.
2025-12-30 04:06:12 INFO  STEP PASS: Card #1 should have Additional Images Button
2025-12-30 04:06:12 INFO  STEP PASS: Card #2 should have Additional Images Button
2025-12-30 04:06:12 INFO  STEP PASS: Card #3 should have Additional Images Button
2025-12-30 04:06:12 INFO  STEP PASS: Card #4 should have Additional Images Button
2025-12-30 04:06:12 INFO  STEP PASS: Card #5 should have Additional Images Button
2025-12-30 04:06:12 INFO  STEP PASS: All cards should have Additional Images Button
2025-12-30 04:06:12 INFO  === PASS  tests.productCardsTests.ProductCardElementsTests.isThereAdditionalImagesBtnInProductCard[Exp#7 [f1=1, f2=3, f3=1, f4=2, f5=1, f6=3, f7=2, f8=3]] ===
2025-12-30 04:06:12 INFO  === END   tests.productCardsTests.ProductCardElementsTests.isThereAdditionalImagesBtnInProductCard[Exp#7 [f1=1, f2=3, f3=1, f4=2, f5=1, f6=3, f7=2, f8=3]] ===
2025-12-30 04:06:12 INFO  === START tests.productCardsTests.ProductCardElementsTests.isTherePriceInProductCard[Exp#7 [f1=1, f2=3, f3=1, f4=2, f5=1, f6=3, f7=2, f8=3]] ===
2025-12-30 04:06:12 INFO  STEP: ♻️ Using existing results for same input.
2025-12-30 04:06:12 INFO  STEP PASS: Card #1 should have Price (card's price: 8.99)
2025-12-30 04:06:12 INFO  STEP PASS: Card #2 should have Price (card's price: 14.99)
2025-12-30 04:06:12 INFO  STEP PASS: Card #3 should have Price (card's price: 19.99)
2025-12-30 04:06:12 INFO  STEP PASS: Card #4 should have Price (card's price: 24.99)
2025-12-30 04:06:12 INFO  STEP PASS: Card #5 should have Price (card's price: 39.99)
2025-12-30 04:06:12 INFO  STEP PASS: All cards should have Price
2025-12-30 04:06:12 INFO  === PASS  tests.productCardsTests.ProductCardElementsTests.isTherePriceInProductCard[Exp#7 [f1=1, f2=3, f3=1, f4=2, f5=1, f6=3, f7=2, f8=3]] ===
2025-12-30 04:06:12 INFO  === END   tests.productCardsTests.ProductCardElementsTests.isTherePriceInProductCard[Exp#7 [f1=1, f2=3, f3=1, f4=2, f5=1, f6=3, f7=2, f8=3]] ===
2025-12-30 04:06:12 INFO  === START tests.productCardsTests.ProductCardElementsTests.isThereReviewsBtnInProductCard[Exp#7 [f1=1, f2=3, f3=1, f4=2, f5=1, f6=3, f7=2, f8=3]] ===
2025-12-30 04:06:12 INFO  STEP: ♻️ Using existing results for same input.
2025-12-30 04:06:12 INFO  STEP PASS: Card #1 should have Review Button
2025-12-30 04:06:12 INFO  STEP PASS: Card #2 should have Review Button
2025-12-30 04:06:12 INFO  STEP PASS: Card #3 should have Review Button
2025-12-30 04:06:12 INFO  STEP PASS: Card #4 should have Review Button
2025-12-30 04:06:12 INFO  STEP PASS: Card #5 should have Review Button
2025-12-30 04:06:12 INFO  STEP PASS: All cards should have Review Button
2025-12-30 04:06:12 INFO  === PASS  tests.productCardsTests.ProductCardElementsTests.isThereReviewsBtnInProductCard[Exp#7 [f1=1, f2=3, f3=1, f4=2, f5=1, f6=3, f7=2, f8=3]] ===
2025-12-30 04:06:12 INFO  === END   tests.productCardsTests.ProductCardElementsTests.isThereReviewsBtnInProductCard[Exp#7 [f1=1, f2=3, f3=1, f4=2, f5=1, f6=3, f7=2, f8=3]] ===
2025-12-30 04:06:12 INFO  === START tests.productCardsTests.ProductCardElementsTests.isThereTitleInProductCard[Exp#7 [f1=1, f2=3, f3=1, f4=2, f5=1, f6=3, f7=2, f8=3]] ===
2025-12-30 04:06:12 INFO  STEP: ♻️ Using existing results for same input.
2025-12-30 04:06:12 INFO  STEP PASS: Card #1 should have Title (card's title: Baseball Ball)
2025-12-30 04:06:13 INFO  STEP PASS: Card #2 should have Title (card's title: Basketball)
2025-12-30 04:06:13 INFO  STEP PASS: Card #3 should have Title (card's title: American Football)
2025-12-30 04:06:13 INFO  STEP PASS: Card #4 should have Title (card's title: Baseball Glove)
2025-12-30 04:06:13 INFO  STEP PASS: Card #5 should have Title (card's title: Basketball Rim)
2025-12-30 04:06:13 INFO  STEP PASS: All cards should have Title
2025-12-30 04:06:13 INFO  === PASS  tests.productCardsTests.ProductCardElementsTests.isThereTitleInProductCard[Exp#7 [f1=1, f2=3, f3=1, f4=2, f5=1, f6=3, f7=2, f8=3]] ===
2025-12-30 04:06:13 INFO  === END   tests.productCardsTests.ProductCardElementsTests.isThereTitleInProductCard[Exp#7 [f1=1, f2=3, f3=1, f4=2, f5=1, f6=3, f7=2, f8=3]] ===
2025-12-30 04:06:13 INFO  === START tests.productCardsTests.ProductCardElementsTests.isThereThumbnailInProductCard[Exp#7 [f1=1, f2=3, f3=1, f4=2, f5=1, f6=3, f7=2, f8=3]] ===
2025-12-30 04:06:13 INFO  STEP: ♻️ Using existing results for same input.
2025-12-30 04:06:13 INFO  STEP PASS: Card #1 should have Tumbnail
2025-12-30 04:06:13 INFO  STEP PASS: Card #2 should have Tumbnail
2025-12-30 04:06:13 INFO  STEP PASS: Card #3 should have Tumbnail
2025-12-30 04:06:13 INFO  STEP PASS: Card #4 should have Tumbnail
2025-12-30 04:06:13 INFO  STEP PASS: Card #5 should have Tumbnail
2025-12-30 04:06:13 INFO  STEP PASS: All cards should have Tumbnail
2025-12-30 04:06:13 INFO  === PASS  tests.productCardsTests.ProductCardElementsTests.isThereThumbnailInProductCard[Exp#7 [f1=1, f2=3, f3=1, f4=2, f5=1, f6=3, f7=2, f8=3]] ===
2025-12-30 04:06:13 INFO  === END   tests.productCardsTests.ProductCardElementsTests.isThereThumbnailInProductCard[Exp#7 [f1=1, f2=3, f3=1, f4=2, f5=1, f6=3, f7=2, f8=3]] ===
2025-12-30 04:06:13 INFO  === START tests.productCardsTests.ProductCardElementsTests.isThereDescriptionInProductCard[Exp#7 [f1=1, f2=3, f3=1, f4=2, f5=1, f6=3, f7=2, f8=3]] ===
2025-12-30 04:06:13 INFO  STEP: ♻️ Using existing results for same input.
2025-12-30 04:06:13 INFO  STEP PASS: Card #1 should have Description (card's description: The Baseball Ball is a standard baseball used in baseball games. It features a durable leather cover and is designed for pitching, hitting, and fielding in the game of baseball.)
2025-12-30 04:06:13 INFO  STEP PASS: Card #2 should have Description (card's description: The Basketball is a standard ball used in basketball games. It is designed for dribbling, shooting, and passing in the game of basketball, suitable for both indoor and outdoor play.)
2025-12-30 04:06:13 INFO  STEP PASS: Card #3 should have Description (card's description: The American Football is a classic ball used in American football games. It is designed for throwing and catching, making it an essential piece of equipment for the sport.)
2025-12-30 04:06:13 INFO  STEP PASS: Card #4 should have Description (card's description: The Baseball Glove is a protective glove worn by baseball players. It is designed to catch and field the baseball, providing players with comfort and control during the game.)
2025-12-30 04:06:13 INFO  STEP PASS: Card #5 should have Description (card's description: The Basketball Rim is a sturdy hoop and net assembly mounted on a basketball backboard. It provides a target for shooting and scoring in the game of basketball.)
2025-12-30 04:06:13 INFO  STEP PASS: All cards should have Description
2025-12-30 04:06:13 INFO  === PASS  tests.productCardsTests.ProductCardElementsTests.isThereDescriptionInProductCard[Exp#7 [f1=1, f2=3, f3=1, f4=2, f5=1, f6=3, f7=2, f8=3]] ===
2025-12-30 04:06:13 INFO  === END   tests.productCardsTests.ProductCardElementsTests.isThereDescriptionInProductCard[Exp#7 [f1=1, f2=3, f3=1, f4=2, f5=1, f6=3, f7=2, f8=3]] ===
2025-12-30 04:06:13 INFO  === START tests.productCardsTests.ProductCardElementsTests.isThereRatingInProductCard[Exp#7 [f1=1, f2=3, f3=1, f4=2, f5=1, f6=3, f7=2, f8=3]] ===
2025-12-30 04:06:13 INFO  STEP: ♻️ Using existing results for same input.
2025-12-30 04:06:13 INFO  STEP PASS: Card #1 should have Rating (card's rating: 8.99)
2025-12-30 04:06:14 INFO  STEP PASS: Card #2 should have Rating (card's rating: 14.99)
2025-12-30 04:06:14 INFO  STEP PASS: Card #3 should have Rating (card's rating: 19.99)
2025-12-30 04:06:14 INFO  STEP PASS: Card #4 should have Rating (card's rating: 24.99)
2025-12-30 04:06:14 INFO  STEP PASS: Card #5 should have Rating (card's rating: 39.99)
2025-12-30 04:06:14 INFO  STEP PASS: All cards should have Rating
2025-12-30 04:06:14 INFO  === PASS  tests.productCardsTests.ProductCardElementsTests.isThereRatingInProductCard[Exp#7 [f1=1, f2=3, f3=1, f4=2, f5=1, f6=3, f7=2, f8=3]] ===
2025-12-30 04:06:14 INFO  === END   tests.productCardsTests.ProductCardElementsTests.isThereRatingInProductCard[Exp#7 [f1=1, f2=3, f3=1, f4=2, f5=1, f6=3, f7=2, f8=3]] ===
2025-12-30 04:06:14 INFO  === START tests.productCardsTests.ProductCardElementsTests.isThereAdditionalImagesBtnInProductCard[Exp#8 [f1=1, f2=3, f3=2, f4=3, f5=2, f6=1, f7=3, f8=1]] ===
2025-12-30 04:06:14 INFO  STEP: 📝 New input: Filling form fields.
2025-12-30 04:06:17 INFO  STEP PASS: Card #1 should have Additional Images Button
2025-12-30 04:06:17 INFO  STEP PASS: Card #2 should have Additional Images Button
2025-12-30 04:06:17 INFO  STEP PASS: Card #3 should have Additional Images Button
2025-12-30 04:06:17 INFO  STEP PASS: Card #4 should have Additional Images Button
2025-12-30 04:06:17 INFO  STEP PASS: Card #5 should have Additional Images Button
2025-12-30 04:06:17 INFO  STEP PASS: All cards should have Additional Images Button
2025-12-30 04:06:17 INFO  === PASS  tests.productCardsTests.ProductCardElementsTests.isThereAdditionalImagesBtnInProductCard[Exp#8 [f1=1, f2=3, f3=2, f4=3, f5=2, f6=1, f7=3, f8=1]] ===
2025-12-30 04:06:17 INFO  === END   tests.productCardsTests.ProductCardElementsTests.isThereAdditionalImagesBtnInProductCard[Exp#8 [f1=1, f2=3, f3=2, f4=3, f5=2, f6=1, f7=3, f8=1]] ===
2025-12-30 04:06:17 INFO  === START tests.productCardsTests.ProductCardElementsTests.isTherePriceInProductCard[Exp#8 [f1=1, f2=3, f3=2, f4=3, f5=2, f6=1, f7=3, f8=1]] ===
2025-12-30 04:06:17 INFO  STEP: ♻️ Using existing results for same input.
2025-12-30 04:06:17 INFO  STEP PASS: Card #1 should have Price (card's price: 199.99)
2025-12-30 04:06:17 INFO  STEP PASS: Card #2 should have Price (card's price: 249.99)
2025-12-30 04:06:17 INFO  STEP PASS: Card #3 should have Price (card's price: 299.99)
2025-12-30 04:06:17 INFO  STEP PASS: Card #4 should have Price (card's price: 899.99)
2025-12-30 04:06:17 INFO  STEP PASS: Card #5 should have Price (card's price: 1099.99)
2025-12-30 04:06:17 INFO  STEP PASS: All cards should have Price
2025-12-30 04:06:17 INFO  === PASS  tests.productCardsTests.ProductCardElementsTests.isTherePriceInProductCard[Exp#8 [f1=1, f2=3, f3=2, f4=3, f5=2, f6=1, f7=3, f8=1]] ===
2025-12-30 04:06:17 INFO  === END   tests.productCardsTests.ProductCardElementsTests.isTherePriceInProductCard[Exp#8 [f1=1, f2=3, f3=2, f4=3, f5=2, f6=1, f7=3, f8=1]] ===
2025-12-30 04:06:17 INFO  === START tests.productCardsTests.ProductCardElementsTests.isThereReviewsBtnInProductCard[Exp#8 [f1=1, f2=3, f3=2, f4=3, f5=2, f6=1, f7=3, f8=1]] ===
2025-12-30 04:06:17 INFO  STEP: ♻️ Using existing results for same input.
2025-12-30 04:06:17 INFO  STEP PASS: Card #1 should have Review Button
2025-12-30 04:06:17 INFO  STEP PASS: Card #2 should have Review Button
2025-12-30 04:06:17 INFO  STEP PASS: Card #3 should have Review Button
2025-12-30 04:06:17 INFO  STEP PASS: Card #4 should have Review Button
2025-12-30 04:06:18 INFO  STEP PASS: Card #5 should have Review Button
2025-12-30 04:06:18 INFO  STEP PASS: All cards should have Review Button
2025-12-30 04:06:18 INFO  === PASS  tests.productCardsTests.ProductCardElementsTests.isThereReviewsBtnInProductCard[Exp#8 [f1=1, f2=3, f3=2, f4=3, f5=2, f6=1, f7=3, f8=1]] ===
2025-12-30 04:06:18 INFO  === END   tests.productCardsTests.ProductCardElementsTests.isThereReviewsBtnInProductCard[Exp#8 [f1=1, f2=3, f3=2, f4=3, f5=2, f6=1, f7=3, f8=1]] ===
2025-12-30 04:06:18 INFO  === START tests.productCardsTests.ProductCardElementsTests.isThereTitleInProductCard[Exp#8 [f1=1, f2=3, f3=2, f4=3, f5=2, f6=1, f7=3, f8=1]] ===
2025-12-30 04:06:18 INFO  STEP: ♻️ Using existing results for same input.
2025-12-30 04:06:18 INFO  STEP PASS: Card #1 should have Title (card's title: iPhone 5s)
2025-12-30 04:06:18 INFO  STEP PASS: Card #2 should have Title (card's title: Oppo A57)
2025-12-30 04:06:18 INFO  STEP PASS: Card #3 should have Title (card's title: iPhone 6)
2025-12-30 04:06:18 INFO  STEP PASS: Card #4 should have Title (card's title: iPhone X)
2025-12-30 04:06:18 INFO  STEP PASS: Card #5 should have Title (card's title: iPhone 13 Pro)
2025-12-30 04:06:18 INFO  STEP PASS: All cards should have Title
2025-12-30 04:06:18 INFO  === PASS  tests.productCardsTests.ProductCardElementsTests.isThereTitleInProductCard[Exp#8 [f1=1, f2=3, f3=2, f4=3, f5=2, f6=1, f7=3, f8=1]] ===
2025-12-30 04:06:18 INFO  === END   tests.productCardsTests.ProductCardElementsTests.isThereTitleInProductCard[Exp#8 [f1=1, f2=3, f3=2, f4=3, f5=2, f6=1, f7=3, f8=1]] ===
2025-12-30 04:06:18 INFO  === START tests.productCardsTests.ProductCardElementsTests.isThereThumbnailInProductCard[Exp#8 [f1=1, f2=3, f3=2, f4=3, f5=2, f6=1, f7=3, f8=1]] ===
2025-12-30 04:06:18 INFO  STEP: ♻️ Using existing results for same input.
2025-12-30 04:06:18 INFO  STEP PASS: Card #1 should have Tumbnail
2025-12-30 04:06:18 INFO  STEP PASS: Card #2 should have Tumbnail
2025-12-30 04:06:18 INFO  STEP PASS: Card #3 should have Tumbnail
2025-12-30 04:06:18 INFO  STEP PASS: Card #4 should have Tumbnail
2025-12-30 04:06:18 INFO  STEP PASS: Card #5 should have Tumbnail
2025-12-30 04:06:18 INFO  STEP PASS: All cards should have Tumbnail
2025-12-30 04:06:18 INFO  === PASS  tests.productCardsTests.ProductCardElementsTests.isThereThumbnailInProductCard[Exp#8 [f1=1, f2=3, f3=2, f4=3, f5=2, f6=1, f7=3, f8=1]] ===
2025-12-30 04:06:18 INFO  === END   tests.productCardsTests.ProductCardElementsTests.isThereThumbnailInProductCard[Exp#8 [f1=1, f2=3, f3=2, f4=3, f5=2, f6=1, f7=3, f8=1]] ===
2025-12-30 04:06:18 INFO  === START tests.productCardsTests.ProductCardElementsTests.isThereDescriptionInProductCard[Exp#8 [f1=1, f2=3, f3=2, f4=3, f5=2, f6=1, f7=3, f8=1]] ===
2025-12-30 04:06:18 INFO  STEP: ♻️ Using existing results for same input.
2025-12-30 04:06:18 INFO  STEP PASS: Card #1 should have Description (card's description: The iPhone 5s is a classic smartphone known for its compact design and advanced features during its release. While it's an older model, it still provides a reliable user experience.)
2025-12-30 04:06:18 INFO  STEP PASS: Card #2 should have Description (card's description: The Oppo A57 is a mid-range smartphone known for its sleek design and capable features. It offers a balance of performance and affordability, making it a popular choice.)
2025-12-30 04:06:18 INFO  STEP PASS: Card #3 should have Description (card's description: The iPhone 6 is a stylish and capable smartphone with a larger display and improved performance. It introduced new features and design elements, making it a popular choice in its time.)
2025-12-30 04:06:18 INFO  STEP PASS: Card #4 should have Description (card's description: The iPhone X is a flagship smartphone featuring a bezel-less OLED display, facial recognition technology (Face ID), and impressive performance. It represents a milestone in iPhone design and innovation.)
2025-12-30 04:06:19 INFO  STEP PASS: Card #5 should have Description (card's description: The iPhone 13 Pro is a cutting-edge smartphone with a powerful camera system, high-performance chip, and stunning display. It offers advanced features for users who demand top-notch technology.)
2025-12-30 04:06:19 INFO  STEP PASS: All cards should have Description
2025-12-30 04:06:19 INFO  === PASS  tests.productCardsTests.ProductCardElementsTests.isThereDescriptionInProductCard[Exp#8 [f1=1, f2=3, f3=2, f4=3, f5=2, f6=1, f7=3, f8=1]] ===
2025-12-30 04:06:19 INFO  === END   tests.productCardsTests.ProductCardElementsTests.isThereDescriptionInProductCard[Exp#8 [f1=1, f2=3, f3=2, f4=3, f5=2, f6=1, f7=3, f8=1]] ===
2025-12-30 04:06:19 INFO  === START tests.productCardsTests.ProductCardElementsTests.isThereRatingInProductCard[Exp#8 [f1=1, f2=3, f3=2, f4=3, f5=2, f6=1, f7=3, f8=1]] ===
2025-12-30 04:06:19 INFO  STEP: ♻️ Using existing results for same input.
2025-12-30 04:06:19 INFO  STEP PASS: Card #1 should have Rating (card's rating: 199.99)
2025-12-30 04:06:19 INFO  STEP PASS: Card #2 should have Rating (card's rating: 249.99)
2025-12-30 04:06:19 INFO  STEP PASS: Card #3 should have Rating (card's rating: 299.99)
2025-12-30 04:06:19 INFO  STEP PASS: Card #4 should have Rating (card's rating: 899.99)
2025-12-30 04:06:19 INFO  STEP PASS: Card #5 should have Rating (card's rating: 1099.99)
2025-12-30 04:06:19 INFO  STEP PASS: All cards should have Rating
2025-12-30 04:06:19 INFO  === PASS  tests.productCardsTests.ProductCardElementsTests.isThereRatingInProductCard[Exp#8 [f1=1, f2=3, f3=2, f4=3, f5=2, f6=1, f7=3, f8=1]] ===
2025-12-30 04:06:19 INFO  === END   tests.productCardsTests.ProductCardElementsTests.isThereRatingInProductCard[Exp#8 [f1=1, f2=3, f3=2, f4=3, f5=2, f6=1, f7=3, f8=1]] ===
2025-12-30 04:06:19 INFO  === START tests.productCardsTests.ProductCardElementsTests.isThereAdditionalImagesBtnInProductCard[Exp#9 [f1=1, f2=3, f3=3, f4=1, f5=3, f6=2, f7=1, f8=2]] ===
2025-12-30 04:06:19 INFO  STEP: 📝 New input: Filling form fields.
2025-12-30 04:06:22 INFO  STEP PASS: Card #1 should have Additional Images Button
2025-12-30 04:06:22 INFO  STEP PASS: Card #2 should have Additional Images Button
2025-12-30 04:06:22 INFO  STEP PASS: Card #3 should have Additional Images Button
2025-12-30 04:06:23 INFO  STEP PASS: Card #4 should have Additional Images Button
2025-12-30 04:06:23 INFO  STEP PASS: Card #5 should have Additional Images Button
2025-12-30 04:06:23 INFO  STEP PASS: All cards should have Additional Images Button
2025-12-30 04:06:23 INFO  === PASS  tests.productCardsTests.ProductCardElementsTests.isThereAdditionalImagesBtnInProductCard[Exp#9 [f1=1, f2=3, f3=3, f4=1, f5=3, f6=2, f7=1, f8=2]] ===
2025-12-30 04:06:23 INFO  === END   tests.productCardsTests.ProductCardElementsTests.isThereAdditionalImagesBtnInProductCard[Exp#9 [f1=1, f2=3, f3=3, f4=1, f5=3, f6=2, f7=1, f8=2]] ===
2025-12-30 04:06:23 INFO  === START tests.productCardsTests.ProductCardElementsTests.isTherePriceInProductCard[Exp#9 [f1=1, f2=3, f3=3, f4=1, f5=3, f6=2, f7=1, f8=2]] ===
2025-12-30 04:06:23 INFO  STEP: ♻️ Using existing results for same input.
2025-12-30 04:06:23 INFO  STEP PASS: Card #1 should have Price (card's price: 8.99)
2025-12-30 04:06:23 INFO  STEP PASS: Card #2 should have Price (card's price: 14.99)
2025-12-30 04:06:23 INFO  STEP PASS: Card #3 should have Price (card's price: 19.99)
2025-12-30 04:06:23 INFO  STEP PASS: Card #4 should have Price (card's price: 24.99)
2025-12-30 04:06:23 INFO  STEP PASS: Card #5 should have Price (card's price: 39.99)
2025-12-30 04:06:23 INFO  STEP PASS: All cards should have Price
2025-12-30 04:06:23 INFO  === PASS  tests.productCardsTests.ProductCardElementsTests.isTherePriceInProductCard[Exp#9 [f1=1, f2=3, f3=3, f4=1, f5=3, f6=2, f7=1, f8=2]] ===
2025-12-30 04:06:23 INFO  === END   tests.productCardsTests.ProductCardElementsTests.isTherePriceInProductCard[Exp#9 [f1=1, f2=3, f3=3, f4=1, f5=3, f6=2, f7=1, f8=2]] ===
2025-12-30 04:06:23 INFO  === START tests.productCardsTests.ProductCardElementsTests.isThereReviewsBtnInProductCard[Exp#9 [f1=1, f2=3, f3=3, f4=1, f5=3, f6=2, f7=1, f8=2]] ===
2025-12-30 04:06:23 INFO  STEP: ♻️ Using existing results for same input.
2025-12-30 04:06:23 INFO  STEP PASS: Card #1 should have Review Button
2025-12-30 04:06:23 INFO  STEP PASS: Card #2 should have Review Button
2025-12-30 04:06:23 INFO  STEP PASS: Card #3 should have Review Button
2025-12-30 04:06:23 INFO  STEP PASS: Card #4 should have Review Button
2025-12-30 04:06:23 INFO  STEP PASS: Card #5 should have Review Button
2025-12-30 04:06:23 INFO  STEP PASS: All cards should have Review Button
2025-12-30 04:06:23 INFO  === PASS  tests.productCardsTests.ProductCardElementsTests.isThereReviewsBtnInProductCard[Exp#9 [f1=1, f2=3, f3=3, f4=1, f5=3, f6=2, f7=1, f8=2]] ===
2025-12-30 04:06:23 INFO  === END   tests.productCardsTests.ProductCardElementsTests.isThereReviewsBtnInProductCard[Exp#9 [f1=1, f2=3, f3=3, f4=1, f5=3, f6=2, f7=1, f8=2]] ===
2025-12-30 04:06:23 INFO  === START tests.productCardsTests.ProductCardElementsTests.isThereTitleInProductCard[Exp#9 [f1=1, f2=3, f3=3, f4=1, f5=3, f6=2, f7=1, f8=2]] ===
2025-12-30 04:06:23 INFO  STEP: ♻️ Using existing results for same input.
2025-12-30 04:06:23 INFO  STEP PASS: Card #1 should have Title (card's title: Baseball Ball)
2025-12-30 04:06:23 INFO  STEP PASS: Card #2 should have Title (card's title: Basketball)
2025-12-30 04:06:23 INFO  STEP PASS: Card #3 should have Title (card's title: American Football)
2025-12-30 04:06:23 INFO  STEP PASS: Card #4 should have Title (card's title: Baseball Glove)
2025-12-30 04:06:23 INFO  STEP PASS: Card #5 should have Title (card's title: Basketball Rim)
2025-12-30 04:06:23 INFO  STEP PASS: All cards should have Title
2025-12-30 04:06:23 INFO  === PASS  tests.productCardsTests.ProductCardElementsTests.isThereTitleInProductCard[Exp#9 [f1=1, f2=3, f3=3, f4=1, f5=3, f6=2, f7=1, f8=2]] ===
2025-12-30 04:06:23 INFO  === END   tests.productCardsTests.ProductCardElementsTests.isThereTitleInProductCard[Exp#9 [f1=1, f2=3, f3=3, f4=1, f5=3, f6=2, f7=1, f8=2]] ===
2025-12-30 04:06:23 INFO  === START tests.productCardsTests.ProductCardElementsTests.isThereThumbnailInProductCard[Exp#9 [f1=1, f2=3, f3=3, f4=1, f5=3, f6=2, f7=1, f8=2]] ===
2025-12-30 04:06:23 INFO  STEP: ♻️ Using existing results for same input.
2025-12-30 04:06:24 INFO  STEP PASS: Card #1 should have Tumbnail
2025-12-30 04:06:24 INFO  STEP PASS: Card #2 should have Tumbnail
2025-12-30 04:06:24 INFO  STEP PASS: Card #3 should have Tumbnail
2025-12-30 04:06:24 INFO  STEP PASS: Card #4 should have Tumbnail
2025-12-30 04:06:24 INFO  STEP PASS: Card #5 should have Tumbnail
2025-12-30 04:06:24 INFO  STEP PASS: All cards should have Tumbnail
2025-12-30 04:06:24 INFO  === PASS  tests.productCardsTests.ProductCardElementsTests.isThereThumbnailInProductCard[Exp#9 [f1=1, f2=3, f3=3, f4=1, f5=3, f6=2, f7=1, f8=2]] ===
2025-12-30 04:06:24 INFO  === END   tests.productCardsTests.ProductCardElementsTests.isThereThumbnailInProductCard[Exp#9 [f1=1, f2=3, f3=3, f4=1, f5=3, f6=2, f7=1, f8=2]] ===
2025-12-30 04:06:24 INFO  === START tests.productCardsTests.ProductCardElementsTests.isThereDescriptionInProductCard[Exp#9 [f1=1, f2=3, f3=3, f4=1, f5=3, f6=2, f7=1, f8=2]] ===
2025-12-30 04:06:24 INFO  STEP: ♻️ Using existing results for same input.
2025-12-30 04:06:24 INFO  STEP PASS: Card #1 should have Description (card's description: The Baseball Ball is a standard baseball used in baseball games. It features a durable leather cover and is designed for pitching, hitting, and fielding in the game of baseball.)
2025-12-30 04:06:24 INFO  STEP PASS: Card #2 should have Description (card's description: The Basketball is a standard ball used in basketball games. It is designed for dribbling, shooting, and passing in the game of basketball, suitable for both indoor and outdoor play.)
2025-12-30 04:06:24 INFO  STEP PASS: Card #3 should have Description (card's description: The American Football is a classic ball used in American football games. It is designed for throwing and catching, making it an essential piece of equipment for the sport.)
2025-12-30 04:06:24 INFO  STEP PASS: Card #4 should have Description (card's description: The Baseball Glove is a protective glove worn by baseball players. It is designed to catch and field the baseball, providing players with comfort and control during the game.)
2025-12-30 04:06:24 INFO  STEP PASS: Card #5 should have Description (card's description: The Basketball Rim is a sturdy hoop and net assembly mounted on a basketball backboard. It provides a target for shooting and scoring in the game of basketball.)
2025-12-30 04:06:24 INFO  STEP PASS: All cards should have Description
2025-12-30 04:06:24 INFO  === PASS  tests.productCardsTests.ProductCardElementsTests.isThereDescriptionInProductCard[Exp#9 [f1=1, f2=3, f3=3, f4=1, f5=3, f6=2, f7=1, f8=2]] ===
2025-12-30 04:06:24 INFO  === END   tests.productCardsTests.ProductCardElementsTests.isThereDescriptionInProductCard[Exp#9 [f1=1, f2=3, f3=3, f4=1, f5=3, f6=2, f7=1, f8=2]] ===
2025-12-30 04:06:24 INFO  === START tests.productCardsTests.ProductCardElementsTests.isThereRatingInProductCard[Exp#9 [f1=1, f2=3, f3=3, f4=1, f5=3, f6=2, f7=1, f8=2]] ===
2025-12-30 04:06:24 INFO  STEP: ♻️ Using existing results for same input.
2025-12-30 04:06:24 INFO  STEP PASS: Card #1 should have Rating (card's rating: 8.99)
2025-12-30 04:06:24 INFO  STEP PASS: Card #2 should have Rating (card's rating: 14.99)
2025-12-30 04:06:24 INFO  STEP PASS: Card #3 should have Rating (card's rating: 19.99)
2025-12-30 04:06:24 INFO  STEP PASS: Card #4 should have Rating (card's rating: 24.99)
2025-12-30 04:06:24 INFO  STEP PASS: Card #5 should have Rating (card's rating: 39.99)
2025-12-30 04:06:24 INFO  STEP PASS: All cards should have Rating
2025-12-30 04:06:24 INFO  === PASS  tests.productCardsTests.ProductCardElementsTests.isThereRatingInProductCard[Exp#9 [f1=1, f2=3, f3=3, f4=1, f5=3, f6=2, f7=1, f8=2]] ===
2025-12-30 04:06:24 INFO  === END   tests.productCardsTests.ProductCardElementsTests.isThereRatingInProductCard[Exp#9 [f1=1, f2=3, f3=3, f4=1, f5=3, f6=2, f7=1, f8=2]] ===
2025-12-30 04:06:24 INFO  === START tests.productCardsTests.ProductCardElementsTests.isThereAdditionalImagesBtnInProductCard[Exp#10 [f1=2, f2=1, f3=1, f4=3, f5=3, f6=2, f7=2, f8=1]] ===
2025-12-30 04:06:24 INFO  STEP: 📝 New input: Filling form fields.
2025-12-30 04:06:28 INFO  STEP PASS: Card #1 should have Additional Images Button
2025-12-30 04:06:28 INFO  STEP PASS: Card #2 should have Additional Images Button
2025-12-30 04:06:28 INFO  STEP PASS: Card #3 should have Additional Images Button
2025-12-30 04:06:28 INFO  STEP PASS: Card #4 should have Additional Images Button
2025-12-30 04:06:28 INFO  STEP PASS: Card #5 should have Additional Images Button
2025-12-30 04:06:28 INFO  STEP PASS: All cards should have Additional Images Button
2025-12-30 04:06:28 INFO  === PASS  tests.productCardsTests.ProductCardElementsTests.isThereAdditionalImagesBtnInProductCard[Exp#10 [f1=2, f2=1, f3=1, f4=3, f5=3, f6=2, f7=2, f8=1]] ===
2025-12-30 04:06:28 INFO  === END   tests.productCardsTests.ProductCardElementsTests.isThereAdditionalImagesBtnInProductCard[Exp#10 [f1=2, f2=1, f3=1, f4=3, f5=3, f6=2, f7=2, f8=1]] ===
2025-12-30 04:06:28 INFO  === START tests.productCardsTests.ProductCardElementsTests.isTherePriceInProductCard[Exp#10 [f1=2, f2=1, f3=1, f4=3, f5=3, f6=2, f7=2, f8=1]] ===
2025-12-30 04:06:28 INFO  STEP: ♻️ Using existing results for same input.
2025-12-30 04:06:28 INFO  STEP PASS: Card #1 should have Price (card's price: 5.99)
2025-12-30 04:06:28 INFO  STEP PASS: Card #2 should have Price (card's price: 7.99)
2025-12-30 04:06:28 INFO  STEP PASS: Card #3 should have Price (card's price: 9.99)
2025-12-30 04:06:28 INFO  STEP PASS: Card #4 should have Price (card's price: 29.99)
2025-12-30 04:06:28 INFO  STEP PASS: Card #5 should have Price (card's price: 39.99)
2025-12-30 04:06:28 INFO  STEP PASS: All cards should have Price
2025-12-30 04:06:28 INFO  === PASS  tests.productCardsTests.ProductCardElementsTests.isTherePriceInProductCard[Exp#10 [f1=2, f2=1, f3=1, f4=3, f5=3, f6=2, f7=2, f8=1]] ===
2025-12-30 04:06:28 INFO  === END   tests.productCardsTests.ProductCardElementsTests.isTherePriceInProductCard[Exp#10 [f1=2, f2=1, f3=1, f4=3, f5=3, f6=2, f7=2, f8=1]] ===
2025-12-30 04:06:28 INFO  === START tests.productCardsTests.ProductCardElementsTests.isThereReviewsBtnInProductCard[Exp#10 [f1=2, f2=1, f3=1, f4=3, f5=3, f6=2, f7=2, f8=1]] ===
2025-12-30 04:06:28 INFO  STEP: ♻️ Using existing results for same input.
2025-12-30 04:06:28 INFO  STEP PASS: Card #1 should have Review Button
2025-12-30 04:06:28 INFO  STEP PASS: Card #2 should have Review Button
2025-12-30 04:06:29 INFO  STEP PASS: Card #3 should have Review Button
2025-12-30 04:06:29 INFO  STEP PASS: Card #4 should have Review Button
2025-12-30 04:06:29 INFO  STEP PASS: Card #5 should have Review Button
2025-12-30 04:06:29 INFO  STEP PASS: All cards should have Review Button
2025-12-30 04:06:29 INFO  === PASS  tests.productCardsTests.ProductCardElementsTests.isThereReviewsBtnInProductCard[Exp#10 [f1=2, f2=1, f3=1, f4=3, f5=3, f6=2, f7=2, f8=1]] ===
2025-12-30 04:06:29 INFO  === END   tests.productCardsTests.ProductCardElementsTests.isThereReviewsBtnInProductCard[Exp#10 [f1=2, f2=1, f3=1, f4=3, f5=3, f6=2, f7=2, f8=1]] ===
2025-12-30 04:06:29 INFO  === START tests.productCardsTests.ProductCardElementsTests.isThereTitleInProductCard[Exp#10 [f1=2, f2=1, f3=1, f4=3, f5=3, f6=2, f7=2, f8=1]] ===
2025-12-30 04:06:29 INFO  STEP: ♻️ Using existing results for same input.
2025-12-30 04:06:29 INFO  STEP PASS: Card #1 should have Title (card's title: Black Aluminium Cup)
2025-12-30 04:06:29 INFO  STEP PASS: Card #2 should have Title (card's title: Bamboo Spatula)
2025-12-30 04:06:29 INFO  STEP PASS: Card #3 should have Title (card's title: Black Whisk)
2025-12-30 04:06:29 INFO  STEP PASS: Card #4 should have Title (card's title: Carbon Steel Wok)
2025-12-30 04:06:29 INFO  STEP PASS: Card #5 should have Title (card's title: Boxed Blender)
2025-12-30 04:06:29 INFO  STEP PASS: All cards should have Title
2025-12-30 04:06:29 INFO  === PASS  tests.productCardsTests.ProductCardElementsTests.isThereTitleInProductCard[Exp#10 [f1=2, f2=1, f3=1, f4=3, f5=3, f6=2, f7=2, f8=1]] ===
2025-12-30 04:06:29 INFO  === END   tests.productCardsTests.ProductCardElementsTests.isThereTitleInProductCard[Exp#10 [f1=2, f2=1, f3=1, f4=3, f5=3, f6=2, f7=2, f8=1]] ===
2025-12-30 04:06:29 INFO  === START tests.productCardsTests.ProductCardElementsTests.isThereThumbnailInProductCard[Exp#10 [f1=2, f2=1, f3=1, f4=3, f5=3, f6=2, f7=2, f8=1]] ===
2025-12-30 04:06:29 INFO  STEP: ♻️ Using existing results for same input.
2025-12-30 04:06:29 INFO  STEP PASS: Card #1 should have Tumbnail
2025-12-30 04:06:29 INFO  STEP PASS: Card #2 should have Tumbnail
2025-12-30 04:06:29 INFO  STEP PASS: Card #3 should have Tumbnail
2025-12-30 04:06:29 INFO  STEP PASS: Card #4 should have Tumbnail
2025-12-30 04:06:29 INFO  STEP PASS: Card #5 should have Tumbnail
2025-12-30 04:06:29 INFO  STEP PASS: All cards should have Tumbnail
2025-12-30 04:06:29 INFO  === PASS  tests.productCardsTests.ProductCardElementsTests.isThereThumbnailInProductCard[Exp#10 [f1=2, f2=1, f3=1, f4=3, f5=3, f6=2, f7=2, f8=1]] ===
2025-12-30 04:06:29 INFO  === END   tests.productCardsTests.ProductCardElementsTests.isThereThumbnailInProductCard[Exp#10 [f1=2, f2=1, f3=1, f4=3, f5=3, f6=2, f7=2, f8=1]] ===
2025-12-30 04:06:29 INFO  === START tests.productCardsTests.ProductCardElementsTests.isThereDescriptionInProductCard[Exp#10 [f1=2, f2=1, f3=1, f4=3, f5=3, f6=2, f7=2, f8=1]] ===
2025-12-30 04:06:29 INFO  STEP: ♻️ Using existing results for same input.
2025-12-30 04:06:29 INFO  STEP PASS: Card #1 should have Description (card's description: The Black Aluminium Cup is a stylish and durable cup suitable for both hot and cold beverages. Its sleek black design adds a modern touch to your drinkware collection.)
2025-12-30 04:06:29 INFO  STEP PASS: Card #2 should have Description (card's description: The Bamboo Spatula is a versatile kitchen tool made from eco-friendly bamboo. Ideal for flipping, stirring, and serving various dishes.)
2025-12-30 04:06:29 INFO  STEP PASS: Card #3 should have Description (card's description: The Black Whisk is a kitchen essential for whisking and beating ingredients. Its ergonomic handle and sleek design make it a practical and stylish tool.)
2025-12-30 04:06:29 INFO  STEP PASS: Card #4 should have Description (card's description: The Carbon Steel Wok is a versatile cooking pan suitable for stir-frying, sautéing, and deep frying. Its sturdy construction ensures even heat distribution for delicious meals.)
2025-12-30 04:06:30 INFO  STEP PASS: Card #5 should have Description (card's description: The Boxed Blender is a powerful and compact blender perfect for smoothies, shakes, and more. Its convenient design and multiple functions make it a versatile kitchen appliance.)
2025-12-30 04:06:30 INFO  STEP PASS: All cards should have Description
2025-12-30 04:06:30 INFO  === PASS  tests.productCardsTests.ProductCardElementsTests.isThereDescriptionInProductCard[Exp#10 [f1=2, f2=1, f3=1, f4=3, f5=3, f6=2, f7=2, f8=1]] ===
2025-12-30 04:06:30 INFO  === END   tests.productCardsTests.ProductCardElementsTests.isThereDescriptionInProductCard[Exp#10 [f1=2, f2=1, f3=1, f4=3, f5=3, f6=2, f7=2, f8=1]] ===
2025-12-30 04:06:30 INFO  === START tests.productCardsTests.ProductCardElementsTests.isThereRatingInProductCard[Exp#10 [f1=2, f2=1, f3=1, f4=3, f5=3, f6=2, f7=2, f8=1]] ===
2025-12-30 04:06:30 INFO  STEP: ♻️ Using existing results for same input.
2025-12-30 04:06:30 INFO  STEP PASS: Card #1 should have Rating (card's rating: 5.99)
2025-12-30 04:06:30 INFO  STEP PASS: Card #2 should have Rating (card's rating: 7.99)
2025-12-30 04:06:30 INFO  STEP PASS: Card #3 should have Rating (card's rating: 9.99)
2025-12-30 04:06:30 INFO  STEP PASS: Card #4 should have Rating (card's rating: 29.99)
2025-12-30 04:06:30 INFO  STEP PASS: Card #5 should have Rating (card's rating: 39.99)
2025-12-30 04:06:30 INFO  STEP PASS: All cards should have Rating
2025-12-30 04:06:30 INFO  === PASS  tests.productCardsTests.ProductCardElementsTests.isThereRatingInProductCard[Exp#10 [f1=2, f2=1, f3=1, f4=3, f5=3, f6=2, f7=2, f8=1]] ===
2025-12-30 04:06:30 INFO  === END   tests.productCardsTests.ProductCardElementsTests.isThereRatingInProductCard[Exp#10 [f1=2, f2=1, f3=1, f4=3, f5=3, f6=2, f7=2, f8=1]] ===
2025-12-30 04:06:30 INFO  === START tests.productCardsTests.ProductCardElementsTests.isThereAdditionalImagesBtnInProductCard[Exp#11 [f1=2, f2=1, f3=2, f4=1, f5=1, f6=3, f7=3, f8=2]] ===
2025-12-30 04:06:30 INFO  STEP: 📝 New input: Filling form fields.
2025-12-30 04:06:33 INFO  STEP PASS: Card #1 should have Additional Images Button
2025-12-30 04:06:33 INFO  STEP PASS: Card #2 should have Additional Images Button
2025-12-30 04:06:33 INFO  STEP PASS: Card #3 should have Additional Images Button
2025-12-30 04:06:33 INFO  STEP PASS: Card #4 should have Additional Images Button
2025-12-30 04:06:33 INFO  STEP PASS: Card #5 should have Additional Images Button
2025-12-30 04:06:33 INFO  STEP PASS: All cards should have Additional Images Button
2025-12-30 04:06:33 INFO  === PASS  tests.productCardsTests.ProductCardElementsTests.isThereAdditionalImagesBtnInProductCard[Exp#11 [f1=2, f2=1, f3=2, f4=1, f5=1, f6=3, f7=3, f8=2]] ===
2025-12-30 04:06:33 INFO  === END   tests.productCardsTests.ProductCardElementsTests.isThereAdditionalImagesBtnInProductCard[Exp#11 [f1=2, f2=1, f3=2, f4=1, f5=1, f6=3, f7=3, f8=2]] ===
2025-12-30 04:06:33 INFO  === START tests.productCardsTests.ProductCardElementsTests.isTherePriceInProductCard[Exp#11 [f1=2, f2=1, f3=2, f4=1, f5=1, f6=3, f7=3, f8=2]] ===
2025-12-30 04:06:33 INFO  STEP: ♻️ Using existing results for same input.
2025-12-30 04:06:34 INFO  STEP PASS: Card #1 should have Price (card's price: 5.99)
2025-12-30 04:06:34 INFO  STEP PASS: Card #2 should have Price (card's price: 7.99)
2025-12-30 04:06:34 INFO  STEP PASS: Card #3 should have Price (card's price: 9.99)
2025-12-30 04:06:34 INFO  STEP PASS: Card #4 should have Price (card's price: 29.99)
2025-12-30 04:06:34 INFO  STEP PASS: Card #5 should have Price (card's price: 39.99)
2025-12-30 04:06:34 INFO  STEP PASS: All cards should have Price
2025-12-30 04:06:34 INFO  === PASS  tests.productCardsTests.ProductCardElementsTests.isTherePriceInProductCard[Exp#11 [f1=2, f2=1, f3=2, f4=1, f5=1, f6=3, f7=3, f8=2]] ===
2025-12-30 04:06:34 INFO  === END   tests.productCardsTests.ProductCardElementsTests.isTherePriceInProductCard[Exp#11 [f1=2, f2=1, f3=2, f4=1, f5=1, f6=3, f7=3, f8=2]] ===
2025-12-30 04:06:34 INFO  === START tests.productCardsTests.ProductCardElementsTests.isThereReviewsBtnInProductCard[Exp#11 [f1=2, f2=1, f3=2, f4=1, f5=1, f6=3, f7=3, f8=2]] ===
2025-12-30 04:06:34 INFO  STEP: ♻️ Using existing results for same input.
2025-12-30 04:06:34 INFO  STEP PASS: Card #1 should have Review Button
2025-12-30 04:06:34 INFO  STEP PASS: Card #2 should have Review Button
2025-12-30 04:06:34 INFO  STEP PASS: Card #3 should have Review Button
2025-12-30 04:06:34 INFO  STEP PASS: Card #4 should have Review Button
2025-12-30 04:06:34 INFO  STEP PASS: Card #5 should have Review Button
2025-12-30 04:06:34 INFO  STEP PASS: All cards should have Review Button
2025-12-30 04:06:34 INFO  === PASS  tests.productCardsTests.ProductCardElementsTests.isThereReviewsBtnInProductCard[Exp#11 [f1=2, f2=1, f3=2, f4=1, f5=1, f6=3, f7=3, f8=2]] ===
2025-12-30 04:06:34 INFO  === END   tests.productCardsTests.ProductCardElementsTests.isThereReviewsBtnInProductCard[Exp#11 [f1=2, f2=1, f3=2, f4=1, f5=1, f6=3, f7=3, f8=2]] ===
2025-12-30 04:06:34 INFO  === START tests.productCardsTests.ProductCardElementsTests.isThereTitleInProductCard[Exp#11 [f1=2, f2=1, f3=2, f4=1, f5=1, f6=3, f7=3, f8=2]] ===
2025-12-30 04:06:34 INFO  STEP: ♻️ Using existing results for same input.
2025-12-30 04:06:34 INFO  STEP PASS: Card #1 should have Title (card's title: Black Aluminium Cup)
2025-12-30 04:06:34 INFO  STEP PASS: Card #2 should have Title (card's title: Bamboo Spatula)
2025-12-30 04:06:34 INFO  STEP PASS: Card #3 should have Title (card's title: Black Whisk)
2025-12-30 04:06:34 INFO  STEP PASS: Card #4 should have Title (card's title: Carbon Steel Wok)
2025-12-30 04:06:34 INFO  STEP PASS: Card #5 should have Title (card's title: Boxed Blender)
2025-12-30 04:06:34 INFO  STEP PASS: All cards should have Title
2025-12-30 04:06:34 INFO  === PASS  tests.productCardsTests.ProductCardElementsTests.isThereTitleInProductCard[Exp#11 [f1=2, f2=1, f3=2, f4=1, f5=1, f6=3, f7=3, f8=2]] ===
2025-12-30 04:06:34 INFO  === END   tests.productCardsTests.ProductCardElementsTests.isThereTitleInProductCard[Exp#11 [f1=2, f2=1, f3=2, f4=1, f5=1, f6=3, f7=3, f8=2]] ===
2025-12-30 04:06:34 INFO  === START tests.productCardsTests.ProductCardElementsTests.isThereThumbnailInProductCard[Exp#11 [f1=2, f2=1, f3=2, f4=1, f5=1, f6=3, f7=3, f8=2]] ===
2025-12-30 04:06:34 INFO  STEP: ♻️ Using existing results for same input.
2025-12-30 04:06:34 INFO  STEP PASS: Card #1 should have Tumbnail
2025-12-30 04:06:34 INFO  STEP PASS: Card #2 should have Tumbnail
2025-12-30 04:06:34 INFO  STEP PASS: Card #3 should have Tumbnail
2025-12-30 04:06:34 INFO  STEP PASS: Card #4 should have Tumbnail
2025-12-30 04:06:34 INFO  STEP PASS: Card #5 should have Tumbnail
2025-12-30 04:06:34 INFO  STEP PASS: All cards should have Tumbnail
2025-12-30 04:06:34 INFO  === PASS  tests.productCardsTests.ProductCardElementsTests.isThereThumbnailInProductCard[Exp#11 [f1=2, f2=1, f3=2, f4=1, f5=1, f6=3, f7=3, f8=2]] ===
2025-12-30 04:06:34 INFO  === END   tests.productCardsTests.ProductCardElementsTests.isThereThumbnailInProductCard[Exp#11 [f1=2, f2=1, f3=2, f4=1, f5=1, f6=3, f7=3, f8=2]] ===
2025-12-30 04:06:34 INFO  === START tests.productCardsTests.ProductCardElementsTests.isThereDescriptionInProductCard[Exp#11 [f1=2, f2=1, f3=2, f4=1, f5=1, f6=3, f7=3, f8=2]] ===
2025-12-30 04:06:34 INFO  STEP: ♻️ Using existing results for same input.
2025-12-30 04:06:35 INFO  STEP PASS: Card #1 should have Description (card's description: The Black Aluminium Cup is a stylish and durable cup suitable for both hot and cold beverages. Its sleek black design adds a modern touch to your drinkware collection.)
2025-12-30 04:06:35 INFO  STEP PASS: Card #2 should have Description (card's description: The Bamboo Spatula is a versatile kitchen tool made from eco-friendly bamboo. Ideal for flipping, stirring, and serving various dishes.)
2025-12-30 04:06:35 INFO  STEP PASS: Card #3 should have Description (card's description: The Black Whisk is a kitchen essential for whisking and beating ingredients. Its ergonomic handle and sleek design make it a practical and stylish tool.)
2025-12-30 04:06:35 INFO  STEP PASS: Card #4 should have Description (card's description: The Carbon Steel Wok is a versatile cooking pan suitable for stir-frying, sautéing, and deep frying. Its sturdy construction ensures even heat distribution for delicious meals.)
2025-12-30 04:06:35 INFO  STEP PASS: Card #5 should have Description (card's description: The Boxed Blender is a powerful and compact blender perfect for smoothies, shakes, and more. Its convenient design and multiple functions make it a versatile kitchen appliance.)
2025-12-30 04:06:35 INFO  STEP PASS: All cards should have Description
2025-12-30 04:06:35 INFO  === PASS  tests.productCardsTests.ProductCardElementsTests.isThereDescriptionInProductCard[Exp#11 [f1=2, f2=1, f3=2, f4=1, f5=1, f6=3, f7=3, f8=2]] ===
2025-12-30 04:06:35 INFO  === END   tests.productCardsTests.ProductCardElementsTests.isThereDescriptionInProductCard[Exp#11 [f1=2, f2=1, f3=2, f4=1, f5=1, f6=3, f7=3, f8=2]] ===
2025-12-30 04:06:35 INFO  === START tests.productCardsTests.ProductCardElementsTests.isThereRatingInProductCard[Exp#11 [f1=2, f2=1, f3=2, f4=1, f5=1, f6=3, f7=3, f8=2]] ===
2025-12-30 04:06:35 INFO  STEP: ♻️ Using existing results for same input.
2025-12-30 04:06:35 INFO  STEP PASS: Card #1 should have Rating (card's rating: 5.99)
2025-12-30 04:06:35 INFO  STEP PASS: Card #2 should have Rating (card's rating: 7.99)
2025-12-30 04:06:35 INFO  STEP PASS: Card #3 should have Rating (card's rating: 9.99)
2025-12-30 04:06:35 INFO  STEP PASS: Card #4 should have Rating (card's rating: 29.99)
2025-12-30 04:06:35 INFO  STEP PASS: Card #5 should have Rating (card's rating: 39.99)
2025-12-30 04:06:35 INFO  STEP PASS: All cards should have Rating
2025-12-30 04:06:35 INFO  === PASS  tests.productCardsTests.ProductCardElementsTests.isThereRatingInProductCard[Exp#11 [f1=2, f2=1, f3=2, f4=1, f5=1, f6=3, f7=3, f8=2]] ===
2025-12-30 04:06:35 INFO  === END   tests.productCardsTests.ProductCardElementsTests.isThereRatingInProductCard[Exp#11 [f1=2, f2=1, f3=2, f4=1, f5=1, f6=3, f7=3, f8=2]] ===
2025-12-30 04:06:35 INFO  === START tests.productCardsTests.ProductCardElementsTests.isThereAdditionalImagesBtnInProductCard[Exp#12 [f1=2, f2=1, f3=3, f4=2, f5=2, f6=1, f7=1, f8=3]] ===
2025-12-30 04:06:35 INFO  STEP: 📝 New input: Filling form fields.
2025-12-30 04:06:38 INFO  STEP PASS: Card #1 should have Additional Images Button
2025-12-30 04:06:39 INFO  STEP PASS: Card #2 should have Additional Images Button
2025-12-30 04:06:39 INFO  STEP PASS: Card #3 should have Additional Images Button
2025-12-30 04:06:39 INFO  STEP PASS: Card #4 should have Additional Images Button
2025-12-30 04:06:39 INFO  STEP PASS: Card #5 should have Additional Images Button
2025-12-30 04:06:39 INFO  STEP PASS: All cards should have Additional Images Button
2025-12-30 04:06:39 INFO  === PASS  tests.productCardsTests.ProductCardElementsTests.isThereAdditionalImagesBtnInProductCard[Exp#12 [f1=2, f2=1, f3=3, f4=2, f5=2, f6=1, f7=1, f8=3]] ===
2025-12-30 04:06:39 INFO  === END   tests.productCardsTests.ProductCardElementsTests.isThereAdditionalImagesBtnInProductCard[Exp#12 [f1=2, f2=1, f3=3, f4=2, f5=2, f6=1, f7=1, f8=3]] ===
2025-12-30 04:06:39 INFO  === START tests.productCardsTests.ProductCardElementsTests.isTherePriceInProductCard[Exp#12 [f1=2, f2=1, f3=3, f4=2, f5=2, f6=1, f7=1, f8=3]] ===
2025-12-30 04:06:39 INFO  STEP: ♻️ Using existing results for same input.
2025-12-30 04:06:39 INFO  STEP PASS: Card #1 should have Price (card's price: 8.99)
2025-12-30 04:06:39 INFO  STEP PASS: Card #2 should have Price (card's price: 14.99)
2025-12-30 04:06:39 INFO  STEP PASS: Card #3 should have Price (card's price: 19.99)
2025-12-30 04:06:39 INFO  STEP PASS: Card #4 should have Price (card's price: 24.99)
2025-12-30 04:06:39 INFO  STEP PASS: Card #5 should have Price (card's price: 39.99)
2025-12-30 04:06:39 INFO  STEP PASS: All cards should have Price
2025-12-30 04:06:39 INFO  === PASS  tests.productCardsTests.ProductCardElementsTests.isTherePriceInProductCard[Exp#12 [f1=2, f2=1, f3=3, f4=2, f5=2, f6=1, f7=1, f8=3]] ===
2025-12-30 04:06:39 INFO  === END   tests.productCardsTests.ProductCardElementsTests.isTherePriceInProductCard[Exp#12 [f1=2, f2=1, f3=3, f4=2, f5=2, f6=1, f7=1, f8=3]] ===
2025-12-30 04:06:39 INFO  === START tests.productCardsTests.ProductCardElementsTests.isThereReviewsBtnInProductCard[Exp#12 [f1=2, f2=1, f3=3, f4=2, f5=2, f6=1, f7=1, f8=3]] ===
2025-12-30 04:06:39 INFO  STEP: ♻️ Using existing results for same input.
2025-12-30 04:06:39 INFO  STEP PASS: Card #1 should have Review Button
2025-12-30 04:06:39 INFO  STEP PASS: Card #2 should have Review Button
2025-12-30 04:06:39 INFO  STEP PASS: Card #3 should have Review Button
2025-12-30 04:06:39 INFO  STEP PASS: Card #4 should have Review Button
2025-12-30 04:06:39 INFO  STEP PASS: Card #5 should have Review Button
2025-12-30 04:06:39 INFO  STEP PASS: All cards should have Review Button
2025-12-30 04:06:39 INFO  === PASS  tests.productCardsTests.ProductCardElementsTests.isThereReviewsBtnInProductCard[Exp#12 [f1=2, f2=1, f3=3, f4=2, f5=2, f6=1, f7=1, f8=3]] ===
2025-12-30 04:06:39 INFO  === END   tests.productCardsTests.ProductCardElementsTests.isThereReviewsBtnInProductCard[Exp#12 [f1=2, f2=1, f3=3, f4=2, f5=2, f6=1, f7=1, f8=3]] ===
2025-12-30 04:06:39 INFO  === START tests.productCardsTests.ProductCardElementsTests.isThereTitleInProductCard[Exp#12 [f1=2, f2=1, f3=3, f4=2, f5=2, f6=1, f7=1, f8=3]] ===
2025-12-30 04:06:39 INFO  STEP: ♻️ Using existing results for same input.
2025-12-30 04:06:39 INFO  STEP PASS: Card #1 should have Title (card's title: Baseball Ball)
2025-12-30 04:06:39 INFO  STEP PASS: Card #2 should have Title (card's title: Basketball)
2025-12-30 04:06:39 INFO  STEP PASS: Card #3 should have Title (card's title: American Football)
2025-12-30 04:06:40 INFO  STEP PASS: Card #4 should have Title (card's title: Baseball Glove)
2025-12-30 04:06:40 INFO  STEP PASS: Card #5 should have Title (card's title: Basketball Rim)
2025-12-30 04:06:40 INFO  STEP PASS: All cards should have Title
2025-12-30 04:06:40 INFO  === PASS  tests.productCardsTests.ProductCardElementsTests.isThereTitleInProductCard[Exp#12 [f1=2, f2=1, f3=3, f4=2, f5=2, f6=1, f7=1, f8=3]] ===
2025-12-30 04:06:40 INFO  === END   tests.productCardsTests.ProductCardElementsTests.isThereTitleInProductCard[Exp#12 [f1=2, f2=1, f3=3, f4=2, f5=2, f6=1, f7=1, f8=3]] ===
2025-12-30 04:06:40 INFO  === START tests.productCardsTests.ProductCardElementsTests.isThereThumbnailInProductCard[Exp#12 [f1=2, f2=1, f3=3, f4=2, f5=2, f6=1, f7=1, f8=3]] ===
2025-12-30 04:06:40 INFO  STEP: ♻️ Using existing results for same input.
2025-12-30 04:06:40 INFO  STEP PASS: Card #1 should have Tumbnail
2025-12-30 04:06:40 INFO  STEP PASS: Card #2 should have Tumbnail
2025-12-30 04:06:40 INFO  STEP PASS: Card #3 should have Tumbnail
2025-12-30 04:06:40 INFO  STEP PASS: Card #4 should have Tumbnail
2025-12-30 04:06:40 INFO  STEP PASS: Card #5 should have Tumbnail
2025-12-30 04:06:40 INFO  STEP PASS: All cards should have Tumbnail
2025-12-30 04:06:40 INFO  === PASS  tests.productCardsTests.ProductCardElementsTests.isThereThumbnailInProductCard[Exp#12 [f1=2, f2=1, f3=3, f4=2, f5=2, f6=1, f7=1, f8=3]] ===
2025-12-30 04:06:40 INFO  === END   tests.productCardsTests.ProductCardElementsTests.isThereThumbnailInProductCard[Exp#12 [f1=2, f2=1, f3=3, f4=2, f5=2, f6=1, f7=1, f8=3]] ===
2025-12-30 04:06:40 INFO  === START tests.productCardsTests.ProductCardElementsTests.isThereDescriptionInProductCard[Exp#12 [f1=2, f2=1, f3=3, f4=2, f5=2, f6=1, f7=1, f8=3]] ===
2025-12-30 04:06:40 INFO  STEP: ♻️ Using existing results for same input.
2025-12-30 04:06:40 INFO  STEP PASS: Card #1 should have Description (card's description: The Baseball Ball is a standard baseball used in baseball games. It features a durable leather cover and is designed for pitching, hitting, and fielding in the game of baseball.)
2025-12-30 04:06:40 INFO  STEP PASS: Card #2 should have Description (card's description: The Basketball is a standard ball used in basketball games. It is designed for dribbling, shooting, and passing in the game of basketball, suitable for both indoor and outdoor play.)
2025-12-30 04:06:40 INFO  STEP PASS: Card #3 should have Description (card's description: The American Football is a classic ball used in American football games. It is designed for throwing and catching, making it an essential piece of equipment for the sport.)
2025-12-30 04:06:40 INFO  STEP PASS: Card #4 should have Description (card's description: The Baseball Glove is a protective glove worn by baseball players. It is designed to catch and field the baseball, providing players with comfort and control during the game.)
2025-12-30 04:06:40 INFO  STEP PASS: Card #5 should have Description (card's description: The Basketball Rim is a sturdy hoop and net assembly mounted on a basketball backboard. It provides a target for shooting and scoring in the game of basketball.)
2025-12-30 04:06:40 INFO  STEP PASS: All cards should have Description
2025-12-30 04:06:40 INFO  === PASS  tests.productCardsTests.ProductCardElementsTests.isThereDescriptionInProductCard[Exp#12 [f1=2, f2=1, f3=3, f4=2, f5=2, f6=1, f7=1, f8=3]] ===
2025-12-30 04:06:40 INFO  === END   tests.productCardsTests.ProductCardElementsTests.isThereDescriptionInProductCard[Exp#12 [f1=2, f2=1, f3=3, f4=2, f5=2, f6=1, f7=1, f8=3]] ===
2025-12-30 04:06:40 INFO  === START tests.productCardsTests.ProductCardElementsTests.isThereRatingInProductCard[Exp#12 [f1=2, f2=1, f3=3, f4=2, f5=2, f6=1, f7=1, f8=3]] ===
2025-12-30 04:06:40 INFO  STEP: ♻️ Using existing results for same input.
2025-12-30 04:06:40 INFO  STEP PASS: Card #1 should have Rating (card's rating: 8.99)
2025-12-30 04:06:40 INFO  STEP PASS: Card #2 should have Rating (card's rating: 14.99)
2025-12-30 04:06:40 INFO  STEP PASS: Card #3 should have Rating (card's rating: 19.99)
2025-12-30 04:06:40 INFO  STEP PASS: Card #4 should have Rating (card's rating: 24.99)
2025-12-30 04:06:40 INFO  STEP PASS: Card #5 should have Rating (card's rating: 39.99)
2025-12-30 04:06:40 INFO  STEP PASS: All cards should have Rating
2025-12-30 04:06:40 INFO  === PASS  tests.productCardsTests.ProductCardElementsTests.isThereRatingInProductCard[Exp#12 [f1=2, f2=1, f3=3, f4=2, f5=2, f6=1, f7=1, f8=3]] ===
2025-12-30 04:06:40 INFO  === END   tests.productCardsTests.ProductCardElementsTests.isThereRatingInProductCard[Exp#12 [f1=2, f2=1, f3=3, f4=2, f5=2, f6=1, f7=1, f8=3]] ===
2025-12-30 04:06:40 INFO  === START tests.productCardsTests.ProductCardElementsTests.isThereAdditionalImagesBtnInProductCard[Exp#13 [f1=2, f2=2, f3=1, f4=2, f5=3, f6=1, f7=3, f8=2]] ===
2025-12-30 04:06:40 INFO  STEP: 📝 New input: Filling form fields.
2025-12-30 04:06:44 INFO  STEP PASS: Card #1 should have Additional Images Button
2025-12-30 04:06:44 INFO  STEP PASS: Card #2 should have Additional Images Button
2025-12-30 04:06:44 INFO  STEP PASS: Card #3 should have Additional Images Button
2025-12-30 04:06:44 INFO  STEP PASS: Card #4 should have Additional Images Button
2025-12-30 04:06:44 INFO  STEP PASS: Card #5 should have Additional Images Button
2025-12-30 04:06:44 INFO  STEP PASS: All cards should have Additional Images Button
2025-12-30 04:06:44 INFO  === PASS  tests.productCardsTests.ProductCardElementsTests.isThereAdditionalImagesBtnInProductCard[Exp#13 [f1=2, f2=2, f3=1, f4=2, f5=3, f6=1, f7=3, f8=2]] ===
2025-12-30 04:06:44 INFO  === END   tests.productCardsTests.ProductCardElementsTests.isThereAdditionalImagesBtnInProductCard[Exp#13 [f1=2, f2=2, f3=1, f4=2, f5=3, f6=1, f7=3, f8=2]] ===
2025-12-30 04:06:44 INFO  === START tests.productCardsTests.ProductCardElementsTests.isTherePriceInProductCard[Exp#13 [f1=2, f2=2, f3=1, f4=2, f5=3, f6=1, f7=3, f8=2]] ===
2025-12-30 04:06:44 INFO  STEP: ♻️ Using existing results for same input.
2025-12-30 04:06:44 INFO  STEP PASS: Card #1 should have Price (card's price: 8.99)
2025-12-30 04:06:44 INFO  STEP PASS: Card #2 should have Price (card's price: 14.99)
2025-12-30 04:06:44 INFO  STEP PASS: Card #3 should have Price (card's price: 19.99)
2025-12-30 04:06:44 INFO  STEP PASS: Card #4 should have Price (card's price: 24.99)
2025-12-30 04:06:44 INFO  STEP PASS: Card #5 should have Price (card's price: 39.99)
2025-12-30 04:06:44 INFO  STEP PASS: All cards should have Price
2025-12-30 04:06:44 INFO  === PASS  tests.productCardsTests.ProductCardElementsTests.isTherePriceInProductCard[Exp#13 [f1=2, f2=2, f3=1, f4=2, f5=3, f6=1, f7=3, f8=2]] ===
2025-12-30 04:06:44 INFO  === END   tests.productCardsTests.ProductCardElementsTests.isTherePriceInProductCard[Exp#13 [f1=2, f2=2, f3=1, f4=2, f5=3, f6=1, f7=3, f8=2]] ===
2025-12-30 04:06:44 INFO  === START tests.productCardsTests.ProductCardElementsTests.isThereReviewsBtnInProductCard[Exp#13 [f1=2, f2=2, f3=1, f4=2, f5=3, f6=1, f7=3, f8=2]] ===
2025-12-30 04:06:44 INFO  STEP: ♻️ Using existing results for same input.
2025-12-30 04:06:44 INFO  STEP PASS: Card #1 should have Review Button
2025-12-30 04:06:44 INFO  STEP PASS: Card #2 should have Review Button
2025-12-30 04:06:44 INFO  STEP PASS: Card #3 should have Review Button
2025-12-30 04:06:44 INFO  STEP PASS: Card #4 should have Review Button
2025-12-30 04:06:44 INFO  STEP PASS: Card #5 should have Review Button
2025-12-30 04:06:44 INFO  STEP PASS: All cards should have Review Button
2025-12-30 04:06:44 INFO  === PASS  tests.productCardsTests.ProductCardElementsTests.isThereReviewsBtnInProductCard[Exp#13 [f1=2, f2=2, f3=1, f4=2, f5=3, f6=1, f7=3, f8=2]] ===
2025-12-30 04:06:44 INFO  === END   tests.productCardsTests.ProductCardElementsTests.isThereReviewsBtnInProductCard[Exp#13 [f1=2, f2=2, f3=1, f4=2, f5=3, f6=1, f7=3, f8=2]] ===
2025-12-30 04:06:44 INFO  === START tests.productCardsTests.ProductCardElementsTests.isThereTitleInProductCard[Exp#13 [f1=2, f2=2, f3=1, f4=2, f5=3, f6=1, f7=3, f8=2]] ===
2025-12-30 04:06:44 INFO  STEP: ♻️ Using existing results for same input.
2025-12-30 04:06:44 INFO  STEP PASS: Card #1 should have Title (card's title: Baseball Ball)
2025-12-30 04:06:44 INFO  STEP PASS: Card #2 should have Title (card's title: Basketball)
2025-12-30 04:06:45 INFO  STEP PASS: Card #3 should have Title (card's title: American Football)
2025-12-30 04:06:45 INFO  STEP PASS: Card #4 should have Title (card's title: Baseball Glove)
2025-12-30 04:06:45 INFO  STEP PASS: Card #5 should have Title (card's title: Basketball Rim)
2025-12-30 04:06:45 INFO  STEP PASS: All cards should have Title
2025-12-30 04:06:45 INFO  === PASS  tests.productCardsTests.ProductCardElementsTests.isThereTitleInProductCard[Exp#13 [f1=2, f2=2, f3=1, f4=2, f5=3, f6=1, f7=3, f8=2]] ===
2025-12-30 04:06:45 INFO  === END   tests.productCardsTests.ProductCardElementsTests.isThereTitleInProductCard[Exp#13 [f1=2, f2=2, f3=1, f4=2, f5=3, f6=1, f7=3, f8=2]] ===
2025-12-30 04:06:45 INFO  === START tests.productCardsTests.ProductCardElementsTests.isThereThumbnailInProductCard[Exp#13 [f1=2, f2=2, f3=1, f4=2, f5=3, f6=1, f7=3, f8=2]] ===
2025-12-30 04:06:45 INFO  STEP: ♻️ Using existing results for same input.
2025-12-30 04:06:45 INFO  STEP PASS: Card #1 should have Tumbnail
2025-12-30 04:06:45 INFO  STEP PASS: Card #2 should have Tumbnail
2025-12-30 04:06:45 INFO  STEP PASS: Card #3 should have Tumbnail
2025-12-30 04:06:45 INFO  STEP PASS: Card #4 should have Tumbnail
2025-12-30 04:06:45 INFO  STEP PASS: Card #5 should have Tumbnail
2025-12-30 04:06:45 INFO  STEP PASS: All cards should have Tumbnail
2025-12-30 04:06:45 INFO  === PASS  tests.productCardsTests.ProductCardElementsTests.isThereThumbnailInProductCard[Exp#13 [f1=2, f2=2, f3=1, f4=2, f5=3, f6=1, f7=3, f8=2]] ===
2025-12-30 04:06:45 INFO  === END   tests.productCardsTests.ProductCardElementsTests.isThereThumbnailInProductCard[Exp#13 [f1=2, f2=2, f3=1, f4=2, f5=3, f6=1, f7=3, f8=2]] ===
2025-12-30 04:06:45 INFO  === START tests.productCardsTests.ProductCardElementsTests.isThereDescriptionInProductCard[Exp#13 [f1=2, f2=2, f3=1, f4=2, f5=3, f6=1, f7=3, f8=2]] ===
2025-12-30 04:06:45 INFO  STEP: ♻️ Using existing results for same input.
2025-12-30 04:06:45 INFO  STEP PASS: Card #1 should have Description (card's description: The Baseball Ball is a standard baseball used in baseball games. It features a durable leather cover and is designed for pitching, hitting, and fielding in the game of baseball.)
2025-12-30 04:06:45 INFO  STEP PASS: Card #2 should have Description (card's description: The Basketball is a standard ball used in basketball games. It is designed for dribbling, shooting, and passing in the game of basketball, suitable for both indoor and outdoor play.)
2025-12-30 04:06:45 INFO  STEP PASS: Card #3 should have Description (card's description: The American Football is a classic ball used in American football games. It is designed for throwing and catching, making it an essential piece of equipment for the sport.)
2025-12-30 04:06:45 INFO  STEP PASS: Card #4 should have Description (card's description: The Baseball Glove is a protective glove worn by baseball players. It is designed to catch and field the baseball, providing players with comfort and control during the game.)
2025-12-30 04:06:45 INFO  STEP PASS: Card #5 should have Description (card's description: The Basketball Rim is a sturdy hoop and net assembly mounted on a basketball backboard. It provides a target for shooting and scoring in the game of basketball.)
2025-12-30 04:06:45 INFO  STEP PASS: All cards should have Description
2025-12-30 04:06:45 INFO  === PASS  tests.productCardsTests.ProductCardElementsTests.isThereDescriptionInProductCard[Exp#13 [f1=2, f2=2, f3=1, f4=2, f5=3, f6=1, f7=3, f8=2]] ===
2025-12-30 04:06:45 INFO  === END   tests.productCardsTests.ProductCardElementsTests.isThereDescriptionInProductCard[Exp#13 [f1=2, f2=2, f3=1, f4=2, f5=3, f6=1, f7=3, f8=2]] ===
2025-12-30 04:06:45 INFO  === START tests.productCardsTests.ProductCardElementsTests.isThereRatingInProductCard[Exp#13 [f1=2, f2=2, f3=1, f4=2, f5=3, f6=1, f7=3, f8=2]] ===
2025-12-30 04:06:45 INFO  STEP: ♻️ Using existing results for same input.
2025-12-30 04:06:45 INFO  STEP PASS: Card #1 should have Rating (card's rating: 8.99)
2025-12-30 04:06:45 INFO  STEP PASS: Card #2 should have Rating (card's rating: 14.99)
2025-12-30 04:06:45 INFO  STEP PASS: Card #3 should have Rating (card's rating: 19.99)
2025-12-30 04:06:45 INFO  STEP PASS: Card #4 should have Rating (card's rating: 24.99)
2025-12-30 04:06:46 INFO  STEP PASS: Card #5 should have Rating (card's rating: 39.99)
2025-12-30 04:06:46 INFO  STEP PASS: All cards should have Rating
2025-12-30 04:06:46 INFO  === PASS  tests.productCardsTests.ProductCardElementsTests.isThereRatingInProductCard[Exp#13 [f1=2, f2=2, f3=1, f4=2, f5=3, f6=1, f7=3, f8=2]] ===
2025-12-30 04:06:46 INFO  === END   tests.productCardsTests.ProductCardElementsTests.isThereRatingInProductCard[Exp#13 [f1=2, f2=2, f3=1, f4=2, f5=3, f6=1, f7=3, f8=2]] ===
2025-12-30 04:06:46 INFO  === START tests.productCardsTests.ProductCardElementsTests.isThereAdditionalImagesBtnInProductCard[Exp#14 [f1=2, f2=2, f3=2, f4=3, f5=1, f6=2, f7=1, f8=3]] ===
2025-12-30 04:06:46 INFO  STEP: 📝 New input: Filling form fields.
2025-12-30 04:06:49 INFO  STEP PASS: Card #1 should have Additional Images Button
2025-12-30 04:06:49 INFO  STEP PASS: Card #2 should have Additional Images Button
2025-12-30 04:06:49 INFO  STEP PASS: Card #3 should have Additional Images Button
2025-12-30 04:06:49 INFO  STEP PASS: Card #4 should have Additional Images Button
2025-12-30 04:06:49 INFO  STEP PASS: Card #5 should have Additional Images Button
2025-12-30 04:06:49 INFO  STEP PASS: All cards should have Additional Images Button
2025-12-30 04:06:49 INFO  === PASS  tests.productCardsTests.ProductCardElementsTests.isThereAdditionalImagesBtnInProductCard[Exp#14 [f1=2, f2=2, f3=2, f4=3, f5=1, f6=2, f7=1, f8=3]] ===
2025-12-30 04:06:49 INFO  === END   tests.productCardsTests.ProductCardElementsTests.isThereAdditionalImagesBtnInProductCard[Exp#14 [f1=2, f2=2, f3=2, f4=3, f5=1, f6=2, f7=1, f8=3]] ===
2025-12-30 04:06:49 INFO  === START tests.productCardsTests.ProductCardElementsTests.isTherePriceInProductCard[Exp#14 [f1=2, f2=2, f3=2, f4=3, f5=1, f6=2, f7=1, f8=3]] ===
2025-12-30 04:06:49 INFO  STEP: ♻️ Using existing results for same input.
2025-12-30 04:06:49 INFO  STEP PASS: Card #1 should have Price (card's price: 249.99)
2025-12-30 04:06:49 INFO  STEP PASS: Card #2 should have Price (card's price: 299.99)
2025-12-30 04:06:49 INFO  STEP PASS: Card #3 should have Price (card's price: 299.99)
2025-12-30 04:06:49 INFO  STEP PASS: Card #4 should have Price (card's price: 499.99)
2025-12-30 04:06:49 INFO  STEP PASS: Card #5 should have Price (card's price: 699.99)
2025-12-30 04:06:49 INFO  STEP PASS: All cards should have Price
2025-12-30 04:06:49 INFO  === PASS  tests.productCardsTests.ProductCardElementsTests.isTherePriceInProductCard[Exp#14 [f1=2, f2=2, f3=2, f4=3, f5=1, f6=2, f7=1, f8=3]] ===
2025-12-30 04:06:49 INFO  === END   tests.productCardsTests.ProductCardElementsTests.isTherePriceInProductCard[Exp#14 [f1=2, f2=2, f3=2, f4=3, f5=1, f6=2, f7=1, f8=3]] ===
2025-12-30 04:06:49 INFO  === START tests.productCardsTests.ProductCardElementsTests.isThereReviewsBtnInProductCard[Exp#14 [f1=2, f2=2, f3=2, f4=3, f5=1, f6=2, f7=1, f8=3]] ===
2025-12-30 04:06:49 INFO  STEP: ♻️ Using existing results for same input.
2025-12-30 04:06:49 INFO  STEP PASS: Card #1 should have Review Button
2025-12-30 04:06:49 INFO  STEP PASS: Card #2 should have Review Button
2025-12-30 04:06:49 INFO  STEP PASS: Card #3 should have Review Button
2025-12-30 04:06:49 INFO  STEP PASS: Card #4 should have Review Button
2025-12-30 04:06:49 INFO  STEP PASS: Card #5 should have Review Button
2025-12-30 04:06:49 INFO  STEP PASS: All cards should have Review Button
2025-12-30 04:06:49 INFO  === PASS  tests.productCardsTests.ProductCardElementsTests.isThereReviewsBtnInProductCard[Exp#14 [f1=2, f2=2, f3=2, f4=3, f5=1, f6=2, f7=1, f8=3]] ===
2025-12-30 04:06:49 INFO  === END   tests.productCardsTests.ProductCardElementsTests.isThereReviewsBtnInProductCard[Exp#14 [f1=2, f2=2, f3=2, f4=3, f5=1, f6=2, f7=1, f8=3]] ===
2025-12-30 04:06:49 INFO  === START tests.productCardsTests.ProductCardElementsTests.isThereTitleInProductCard[Exp#14 [f1=2, f2=2, f3=2, f4=3, f5=1, f6=2, f7=1, f8=3]] ===
2025-12-30 04:06:49 INFO  STEP: ♻️ Using existing results for same input.
2025-12-30 04:06:50 INFO  STEP PASS: Card #1 should have Title (card's title: Vivo S1)
2025-12-30 04:06:50 INFO  STEP PASS: Card #2 should have Title (card's title: Samsung Galaxy S7)
2025-12-30 04:06:50 INFO  STEP PASS: Card #3 should have Title (card's title: Vivo V9)
2025-12-30 04:06:50 INFO  STEP PASS: Card #4 should have Title (card's title: Samsung Galaxy S8)
2025-12-30 04:06:50 INFO  STEP PASS: Card #5 should have Title (card's title: Samsung Galaxy S10)
2025-12-30 04:06:50 INFO  STEP PASS: All cards should have Title
2025-12-30 04:06:50 INFO  === PASS  tests.productCardsTests.ProductCardElementsTests.isThereTitleInProductCard[Exp#14 [f1=2, f2=2, f3=2, f4=3, f5=1, f6=2, f7=1, f8=3]] ===
2025-12-30 04:06:50 INFO  === END   tests.productCardsTests.ProductCardElementsTests.isThereTitleInProductCard[Exp#14 [f1=2, f2=2, f3=2, f4=3, f5=1, f6=2, f7=1, f8=3]] ===
2025-12-30 04:06:50 INFO  === START tests.productCardsTests.ProductCardElementsTests.isThereThumbnailInProductCard[Exp#14 [f1=2, f2=2, f3=2, f4=3, f5=1, f6=2, f7=1, f8=3]] ===
2025-12-30 04:06:50 INFO  STEP: ♻️ Using existing results for same input.
2025-12-30 04:06:50 INFO  STEP PASS: Card #1 should have Tumbnail
2025-12-30 04:06:50 INFO  STEP PASS: Card #2 should have Tumbnail
2025-12-30 04:06:50 INFO  STEP PASS: Card #3 should have Tumbnail
2025-12-30 04:06:50 INFO  STEP PASS: Card #4 should have Tumbnail
2025-12-30 04:06:50 INFO  STEP PASS: Card #5 should have Tumbnail
2025-12-30 04:06:50 INFO  STEP PASS: All cards should have Tumbnail
2025-12-30 04:06:50 INFO  === PASS  tests.productCardsTests.ProductCardElementsTests.isThereThumbnailInProductCard[Exp#14 [f1=2, f2=2, f3=2, f4=3, f5=1, f6=2, f7=1, f8=3]] ===
2025-12-30 04:06:50 INFO  === END   tests.productCardsTests.ProductCardElementsTests.isThereThumbnailInProductCard[Exp#14 [f1=2, f2=2, f3=2, f4=3, f5=1, f6=2, f7=1, f8=3]] ===
2025-12-30 04:06:50 INFO  === START tests.productCardsTests.ProductCardElementsTests.isThereDescriptionInProductCard[Exp#14 [f1=2, f2=2, f3=2, f4=3, f5=1, f6=2, f7=1, f8=3]] ===
2025-12-30 04:06:50 INFO  STEP: ♻️ Using existing results for same input.
2025-12-30 04:06:50 INFO  STEP PASS: Card #1 should have Description (card's description: The Vivo S1 is a stylish and mid-range smartphone offering a blend of design and performance. It features a vibrant display, capable camera system, and reliable functionality.)
2025-12-30 04:06:50 INFO  STEP PASS: Card #2 should have Description (card's description: The Samsung Galaxy S7 is a flagship smartphone known for its sleek design and advanced features. It features a high-resolution display, powerful camera, and robust performance.)
2025-12-30 04:06:50 INFO  STEP PASS: Card #3 should have Description (card's description: The Vivo V9 is a smartphone known for its sleek design and emphasis on capturing high-quality selfies. It features a notch display, dual-camera setup, and a modern design.)
2025-12-30 04:06:50 INFO  STEP PASS: Card #4 should have Description (card's description: The Samsung Galaxy S8 is a premium smartphone with an Infinity Display, offering a stunning visual experience. It boasts advanced camera capabilities and cutting-edge technology.)
2025-12-30 04:06:50 INFO  STEP PASS: Card #5 should have Description (card's description: The Samsung Galaxy S10 is a flagship device featuring a dynamic AMOLED display, versatile camera system, and powerful performance. It represents innovation and excellence in smartphone technology.)
2025-12-30 04:06:50 INFO  STEP PASS: All cards should have Description
2025-12-30 04:06:50 INFO  === PASS  tests.productCardsTests.ProductCardElementsTests.isThereDescriptionInProductCard[Exp#14 [f1=2, f2=2, f3=2, f4=3, f5=1, f6=2, f7=1, f8=3]] ===
2025-12-30 04:06:50 INFO  === END   tests.productCardsTests.ProductCardElementsTests.isThereDescriptionInProductCard[Exp#14 [f1=2, f2=2, f3=2, f4=3, f5=1, f6=2, f7=1, f8=3]] ===
2025-12-30 04:06:50 INFO  === START tests.productCardsTests.ProductCardElementsTests.isThereRatingInProductCard[Exp#14 [f1=2, f2=2, f3=2, f4=3, f5=1, f6=2, f7=1, f8=3]] ===
2025-12-30 04:06:50 INFO  STEP: ♻️ Using existing results for same input.
2025-12-30 04:06:50 INFO  STEP PASS: Card #1 should have Rating (card's rating: 249.99)
2025-12-30 04:06:50 INFO  STEP PASS: Card #2 should have Rating (card's rating: 299.99)
2025-12-30 04:06:51 INFO  STEP PASS: Card #3 should have Rating (card's rating: 299.99)
2025-12-30 04:06:51 INFO  STEP PASS: Card #4 should have Rating (card's rating: 499.99)
2025-12-30 04:06:51 INFO  STEP PASS: Card #5 should have Rating (card's rating: 699.99)
2025-12-30 04:06:51 INFO  STEP PASS: All cards should have Rating
2025-12-30 04:06:51 INFO  === PASS  tests.productCardsTests.ProductCardElementsTests.isThereRatingInProductCard[Exp#14 [f1=2, f2=2, f3=2, f4=3, f5=1, f6=2, f7=1, f8=3]] ===
2025-12-30 04:06:51 INFO  === END   tests.productCardsTests.ProductCardElementsTests.isThereRatingInProductCard[Exp#14 [f1=2, f2=2, f3=2, f4=3, f5=1, f6=2, f7=1, f8=3]] ===
2025-12-30 04:06:51 INFO  === START tests.productCardsTests.ProductCardElementsTests.isThereAdditionalImagesBtnInProductCard[Exp#15 [f1=2, f2=2, f3=3, f4=1, f5=2, f6=3, f7=2, f8=1]] ===
2025-12-30 04:06:51 INFO  STEP: 📝 New input: Filling form fields.
2025-12-30 04:06:54 INFO  STEP PASS: Card #1 should have Additional Images Button
2025-12-30 04:06:54 INFO  STEP PASS: Card #2 should have Additional Images Button
2025-12-30 04:06:54 INFO  STEP PASS: Card #3 should have Additional Images Button
2025-12-30 04:06:54 INFO  STEP PASS: Card #4 should have Additional Images Button
2025-12-30 04:06:54 INFO  STEP PASS: Card #5 should have Additional Images Button
2025-12-30 04:06:54 INFO  STEP PASS: All cards should have Additional Images Button
2025-12-30 04:06:54 INFO  === PASS  tests.productCardsTests.ProductCardElementsTests.isThereAdditionalImagesBtnInProductCard[Exp#15 [f1=2, f2=2, f3=3, f4=1, f5=2, f6=3, f7=2, f8=1]] ===
2025-12-30 04:06:54 INFO  === END   tests.productCardsTests.ProductCardElementsTests.isThereAdditionalImagesBtnInProductCard[Exp#15 [f1=2, f2=2, f3=3, f4=1, f5=2, f6=3, f7=2, f8=1]] ===
2025-12-30 04:06:54 INFO  === START tests.productCardsTests.ProductCardElementsTests.isTherePriceInProductCard[Exp#15 [f1=2, f2=2, f3=3, f4=1, f5=2, f6=3, f7=2, f8=1]] ===
2025-12-30 04:06:54 INFO  STEP: ♻️ Using existing results for same input.
2025-12-30 04:06:54 INFO  STEP PASS: Card #1 should have Price (card's price: 2999.99)
2025-12-30 04:06:55 INFO  STEP PASS: Card #2 should have Price (card's price: 3999.99)
2025-12-30 04:06:55 INFO  STEP PASS: Card #3 should have Price (card's price: 7499.99)
2025-12-30 04:06:55 INFO  STEP PASS: Card #4 should have Price (card's price: 8999.99)
2025-12-30 04:06:55 INFO  STEP PASS: Card #5 should have Price (card's price: 14999.99)
2025-12-30 04:06:55 INFO  STEP PASS: All cards should have Price
2025-12-30 04:06:55 INFO  === PASS  tests.productCardsTests.ProductCardElementsTests.isTherePriceInProductCard[Exp#15 [f1=2, f2=2, f3=3, f4=1, f5=2, f6=3, f7=2, f8=1]] ===
2025-12-30 04:06:55 INFO  === END   tests.productCardsTests.ProductCardElementsTests.isTherePriceInProductCard[Exp#15 [f1=2, f2=2, f3=3, f4=1, f5=2, f6=3, f7=2, f8=1]] ===
2025-12-30 04:06:55 INFO  === START tests.productCardsTests.ProductCardElementsTests.isThereReviewsBtnInProductCard[Exp#15 [f1=2, f2=2, f3=3, f4=1, f5=2, f6=3, f7=2, f8=1]] ===
2025-12-30 04:06:55 INFO  STEP: ♻️ Using existing results for same input.
2025-12-30 04:06:55 INFO  STEP PASS: Card #1 should have Review Button
2025-12-30 04:06:55 INFO  STEP PASS: Card #2 should have Review Button
2025-12-30 04:06:55 INFO  STEP PASS: Card #3 should have Review Button
2025-12-30 04:06:55 INFO  STEP PASS: Card #4 should have Review Button
2025-12-30 04:06:55 INFO  STEP PASS: Card #5 should have Review Button
2025-12-30 04:06:55 INFO  STEP PASS: All cards should have Review Button
2025-12-30 04:06:55 INFO  === PASS  tests.productCardsTests.ProductCardElementsTests.isThereReviewsBtnInProductCard[Exp#15 [f1=2, f2=2, f3=3, f4=1, f5=2, f6=3, f7=2, f8=1]] ===
2025-12-30 04:06:55 INFO  === END   tests.productCardsTests.ProductCardElementsTests.isThereReviewsBtnInProductCard[Exp#15 [f1=2, f2=2, f3=3, f4=1, f5=2, f6=3, f7=2, f8=1]] ===
2025-12-30 04:06:55 INFO  === START tests.productCardsTests.ProductCardElementsTests.isThereTitleInProductCard[Exp#15 [f1=2, f2=2, f3=3, f4=1, f5=2, f6=3, f7=2, f8=1]] ===
2025-12-30 04:06:55 INFO  STEP: ♻️ Using existing results for same input.
2025-12-30 04:06:55 INFO  STEP PASS: Card #1 should have Title (card's title: Scooter Motorcycle)
2025-12-30 04:06:55 INFO  STEP PASS: Card #2 should have Title (card's title: Generic Motorcycle)
2025-12-30 04:06:55 INFO  STEP PASS: Card #3 should have Title (card's title: Sportbike Motorcycle)
2025-12-30 04:06:55 INFO  STEP PASS: Card #4 should have Title (card's title: Kawasaki Z800)
2025-12-30 04:06:55 INFO  STEP PASS: Card #5 should have Title (card's title: MotoGP CI.H1)
2025-12-30 04:06:55 INFO  STEP PASS: All cards should have Title
2025-12-30 04:06:55 INFO  === PASS  tests.productCardsTests.ProductCardElementsTests.isThereTitleInProductCard[Exp#15 [f1=2, f2=2, f3=3, f4=1, f5=2, f6=3, f7=2, f8=1]] ===
2025-12-30 04:06:55 INFO  === END   tests.productCardsTests.ProductCardElementsTests.isThereTitleInProductCard[Exp#15 [f1=2, f2=2, f3=3, f4=1, f5=2, f6=3, f7=2, f8=1]] ===
2025-12-30 04:06:55 INFO  === START tests.productCardsTests.ProductCardElementsTests.isThereThumbnailInProductCard[Exp#15 [f1=2, f2=2, f3=3, f4=1, f5=2, f6=3, f7=2, f8=1]] ===
2025-12-30 04:06:55 INFO  STEP: ♻️ Using existing results for same input.
2025-12-30 04:06:55 INFO  STEP PASS: Card #1 should have Tumbnail
2025-12-30 04:06:55 INFO  STEP PASS: Card #2 should have Tumbnail
2025-12-30 04:06:55 INFO  STEP PASS: Card #3 should have Tumbnail
2025-12-30 04:06:55 INFO  STEP PASS: Card #4 should have Tumbnail
2025-12-30 04:06:55 INFO  STEP PASS: Card #5 should have Tumbnail
2025-12-30 04:06:55 INFO  STEP PASS: All cards should have Tumbnail
2025-12-30 04:06:55 INFO  === PASS  tests.productCardsTests.ProductCardElementsTests.isThereThumbnailInProductCard[Exp#15 [f1=2, f2=2, f3=3, f4=1, f5=2, f6=3, f7=2, f8=1]] ===
2025-12-30 04:06:55 INFO  === END   tests.productCardsTests.ProductCardElementsTests.isThereThumbnailInProductCard[Exp#15 [f1=2, f2=2, f3=3, f4=1, f5=2, f6=3, f7=2, f8=1]] ===
2025-12-30 04:06:55 INFO  === START tests.productCardsTests.ProductCardElementsTests.isThereDescriptionInProductCard[Exp#15 [f1=2, f2=2, f3=3, f4=1, f5=2, f6=3, f7=2, f8=1]] ===
2025-12-30 04:06:55 INFO  STEP: ♻️ Using existing results for same input.
2025-12-30 04:06:56 INFO  STEP PASS: Card #1 should have Description (card's description: The Scooter Motorcycle is a practical and fuel-efficient bike ideal for urban commuting. It features a step-through design and user-friendly controls for easy maneuverability.)
2025-12-30 04:06:56 INFO  STEP PASS: Card #2 should have Description (card's description: The Generic Motorcycle is a versatile and reliable bike suitable for various riding preferences. With a balanced design, it provides a comfortable and efficient riding experience.)
2025-12-30 04:06:56 INFO  STEP PASS: Card #3 should have Description (card's description: The Sportbike Motorcycle is designed for speed and agility, with a sleek and aerodynamic profile. It's suitable for riders looking for a dynamic and thrilling riding experience.)
2025-12-30 04:06:56 INFO  STEP PASS: Card #4 should have Description (card's description: The Kawasaki Z800 is a powerful and agile sportbike known for its striking design and performance. It's equipped with advanced features, making it a favorite among motorcycle enthusiasts.)
2025-12-30 04:06:56 INFO  STEP PASS: Card #5 should have Description (card's description: The MotoGP CI.H1 is a high-performance motorcycle inspired by MotoGP racing technology. It offers cutting-edge features and precision engineering for an exhilarating riding experience.)
2025-12-30 04:06:56 INFO  STEP PASS: All cards should have Description
2025-12-30 04:06:56 INFO  === PASS  tests.productCardsTests.ProductCardElementsTests.isThereDescriptionInProductCard[Exp#15 [f1=2, f2=2, f3=3, f4=1, f5=2, f6=3, f7=2, f8=1]] ===
2025-12-30 04:06:56 INFO  === END   tests.productCardsTests.ProductCardElementsTests.isThereDescriptionInProductCard[Exp#15 [f1=2, f2=2, f3=3, f4=1, f5=2, f6=3, f7=2, f8=1]] ===
2025-12-30 04:06:56 INFO  === START tests.productCardsTests.ProductCardElementsTests.isThereRatingInProductCard[Exp#15 [f1=2, f2=2, f3=3, f4=1, f5=2, f6=3, f7=2, f8=1]] ===
2025-12-30 04:06:56 INFO  STEP: ♻️ Using existing results for same input.
2025-12-30 04:06:56 INFO  STEP PASS: Card #1 should have Rating (card's rating: 2999.99)
2025-12-30 04:06:56 INFO  STEP PASS: Card #2 should have Rating (card's rating: 3999.99)
2025-12-30 04:06:56 INFO  STEP PASS: Card #3 should have Rating (card's rating: 7499.99)
2025-12-30 04:06:56 INFO  STEP PASS: Card #4 should have Rating (card's rating: 8999.99)
2025-12-30 04:06:56 INFO  STEP PASS: Card #5 should have Rating (card's rating: 14999.99)
2025-12-30 04:06:56 INFO  STEP PASS: All cards should have Rating
2025-12-30 04:06:56 INFO  === PASS  tests.productCardsTests.ProductCardElementsTests.isThereRatingInProductCard[Exp#15 [f1=2, f2=2, f3=3, f4=1, f5=2, f6=3, f7=2, f8=1]] ===
2025-12-30 04:06:56 INFO  === END   tests.productCardsTests.ProductCardElementsTests.isThereRatingInProductCard[Exp#15 [f1=2, f2=2, f3=3, f4=1, f5=2, f6=3, f7=2, f8=1]] ===
2025-12-30 04:06:56 INFO  === START tests.productCardsTests.ProductCardElementsTests.isThereAdditionalImagesBtnInProductCard[Exp#16 [f1=2, f2=3, f3=1, f4=3, f5=2, f6=3, f7=1, f8=2]] ===
2025-12-30 04:06:56 INFO  STEP: 📝 New input: Filling form fields.
2025-12-30 04:07:00 INFO  STEP PASS: Card #1 should have Additional Images Button
2025-12-30 04:07:00 INFO  STEP PASS: Card #2 should have Additional Images Button
2025-12-30 04:07:00 INFO  STEP PASS: Card #3 should have Additional Images Button
2025-12-30 04:07:00 INFO  STEP PASS: Card #4 should have Additional Images Button
2025-12-30 04:07:00 INFO  STEP PASS: Card #5 should have Additional Images Button
2025-12-30 04:07:00 INFO  STEP PASS: All cards should have Additional Images Button
2025-12-30 04:07:00 INFO  === PASS  tests.productCardsTests.ProductCardElementsTests.isThereAdditionalImagesBtnInProductCard[Exp#16 [f1=2, f2=3, f3=1, f4=3, f5=2, f6=3, f7=1, f8=2]] ===
2025-12-30 04:07:00 INFO  === END   tests.productCardsTests.ProductCardElementsTests.isThereAdditionalImagesBtnInProductCard[Exp#16 [f1=2, f2=3, f3=1, f4=3, f5=2, f6=3, f7=1, f8=2]] ===
2025-12-30 04:07:00 INFO  === START tests.productCardsTests.ProductCardElementsTests.isTherePriceInProductCard[Exp#16 [f1=2, f2=3, f3=1, f4=3, f5=2, f6=3, f7=1, f8=2]] ===
2025-12-30 04:07:00 INFO  STEP: ♻️ Using existing results for same input.
2025-12-30 04:07:00 INFO  STEP PASS: Card #1 should have Price (card's price: 199.99)
2025-12-30 04:07:00 INFO  STEP PASS: Card #2 should have Price (card's price: 249.99)
2025-12-30 04:07:00 INFO  STEP PASS: Card #3 should have Price (card's price: 299.99)
2025-12-30 04:07:00 INFO  STEP PASS: Card #4 should have Price (card's price: 899.99)
2025-12-30 04:07:00 INFO  STEP PASS: Card #5 should have Price (card's price: 1099.99)
2025-12-30 04:07:00 INFO  STEP PASS: All cards should have Price
2025-12-30 04:07:00 INFO  === PASS  tests.productCardsTests.ProductCardElementsTests.isTherePriceInProductCard[Exp#16 [f1=2, f2=3, f3=1, f4=3, f5=2, f6=3, f7=1, f8=2]] ===
2025-12-30 04:07:00 INFO  === END   tests.productCardsTests.ProductCardElementsTests.isTherePriceInProductCard[Exp#16 [f1=2, f2=3, f3=1, f4=3, f5=2, f6=3, f7=1, f8=2]] ===
2025-12-30 04:07:00 INFO  === START tests.productCardsTests.ProductCardElementsTests.isThereReviewsBtnInProductCard[Exp#16 [f1=2, f2=3, f3=1, f4=3, f5=2, f6=3, f7=1, f8=2]] ===
2025-12-30 04:07:00 INFO  STEP: ♻️ Using existing results for same input.
2025-12-30 04:07:00 INFO  STEP PASS: Card #1 should have Review Button
2025-12-30 04:07:00 INFO  STEP PASS: Card #2 should have Review Button
2025-12-30 04:07:00 INFO  STEP PASS: Card #3 should have Review Button
2025-12-30 04:07:00 INFO  STEP PASS: Card #4 should have Review Button
2025-12-30 04:07:00 INFO  STEP PASS: Card #5 should have Review Button
2025-12-30 04:07:00 INFO  STEP PASS: All cards should have Review Button
2025-12-30 04:07:00 INFO  === PASS  tests.productCardsTests.ProductCardElementsTests.isThereReviewsBtnInProductCard[Exp#16 [f1=2, f2=3, f3=1, f4=3, f5=2, f6=3, f7=1, f8=2]] ===
2025-12-30 04:07:00 INFO  === END   tests.productCardsTests.ProductCardElementsTests.isThereReviewsBtnInProductCard[Exp#16 [f1=2, f2=3, f3=1, f4=3, f5=2, f6=3, f7=1, f8=2]] ===
2025-12-30 04:07:00 INFO  === START tests.productCardsTests.ProductCardElementsTests.isThereTitleInProductCard[Exp#16 [f1=2, f2=3, f3=1, f4=3, f5=2, f6=3, f7=1, f8=2]] ===
2025-12-30 04:07:00 INFO  STEP: ♻️ Using existing results for same input.
2025-12-30 04:07:01 INFO  STEP PASS: Card #1 should have Title (card's title: iPhone 5s)
2025-12-30 04:07:01 INFO  STEP PASS: Card #2 should have Title (card's title: Oppo A57)
2025-12-30 04:07:01 INFO  STEP PASS: Card #3 should have Title (card's title: iPhone 6)
2025-12-30 04:07:01 INFO  STEP PASS: Card #4 should have Title (card's title: iPhone X)
2025-12-30 04:07:01 INFO  STEP PASS: Card #5 should have Title (card's title: iPhone 13 Pro)
2025-12-30 04:07:01 INFO  STEP PASS: All cards should have Title
2025-12-30 04:07:01 INFO  === PASS  tests.productCardsTests.ProductCardElementsTests.isThereTitleInProductCard[Exp#16 [f1=2, f2=3, f3=1, f4=3, f5=2, f6=3, f7=1, f8=2]] ===
2025-12-30 04:07:01 INFO  === END   tests.productCardsTests.ProductCardElementsTests.isThereTitleInProductCard[Exp#16 [f1=2, f2=3, f3=1, f4=3, f5=2, f6=3, f7=1, f8=2]] ===
2025-12-30 04:07:01 INFO  === START tests.productCardsTests.ProductCardElementsTests.isThereThumbnailInProductCard[Exp#16 [f1=2, f2=3, f3=1, f4=3, f5=2, f6=3, f7=1, f8=2]] ===
2025-12-30 04:07:01 INFO  STEP: ♻️ Using existing results for same input.
2025-12-30 04:07:01 INFO  STEP PASS: Card #1 should have Tumbnail
2025-12-30 04:07:01 INFO  STEP PASS: Card #2 should have Tumbnail
2025-12-30 04:07:01 INFO  STEP PASS: Card #3 should have Tumbnail
2025-12-30 04:07:01 INFO  STEP PASS: Card #4 should have Tumbnail
2025-12-30 04:07:01 INFO  STEP PASS: Card #5 should have Tumbnail
2025-12-30 04:07:01 INFO  STEP PASS: All cards should have Tumbnail
2025-12-30 04:07:01 INFO  === PASS  tests.productCardsTests.ProductCardElementsTests.isThereThumbnailInProductCard[Exp#16 [f1=2, f2=3, f3=1, f4=3, f5=2, f6=3, f7=1, f8=2]] ===
2025-12-30 04:07:01 INFO  === END   tests.productCardsTests.ProductCardElementsTests.isThereThumbnailInProductCard[Exp#16 [f1=2, f2=3, f3=1, f4=3, f5=2, f6=3, f7=1, f8=2]] ===
2025-12-30 04:07:01 INFO  === START tests.productCardsTests.ProductCardElementsTests.isThereDescriptionInProductCard[Exp#16 [f1=2, f2=3, f3=1, f4=3, f5=2, f6=3, f7=1, f8=2]] ===
2025-12-30 04:07:01 INFO  STEP: ♻️ Using existing results for same input.
2025-12-30 04:07:01 INFO  STEP PASS: Card #1 should have Description (card's description: The iPhone 5s is a classic smartphone known for its compact design and advanced features during its release. While it's an older model, it still provides a reliable user experience.)
2025-12-30 04:07:01 INFO  STEP PASS: Card #2 should have Description (card's description: The Oppo A57 is a mid-range smartphone known for its sleek design and capable features. It offers a balance of performance and affordability, making it a popular choice.)
2025-12-30 04:07:01 INFO  STEP PASS: Card #3 should have Description (card's description: The iPhone 6 is a stylish and capable smartphone with a larger display and improved performance. It introduced new features and design elements, making it a popular choice in its time.)
2025-12-30 04:07:01 INFO  STEP PASS: Card #4 should have Description (card's description: The iPhone X is a flagship smartphone featuring a bezel-less OLED display, facial recognition technology (Face ID), and impressive performance. It represents a milestone in iPhone design and innovation.)
2025-12-30 04:07:01 INFO  STEP PASS: Card #5 should have Description (card's description: The iPhone 13 Pro is a cutting-edge smartphone with a powerful camera system, high-performance chip, and stunning display. It offers advanced features for users who demand top-notch technology.)
2025-12-30 04:07:01 INFO  STEP PASS: All cards should have Description
2025-12-30 04:07:01 INFO  === PASS  tests.productCardsTests.ProductCardElementsTests.isThereDescriptionInProductCard[Exp#16 [f1=2, f2=3, f3=1, f4=3, f5=2, f6=3, f7=1, f8=2]] ===
2025-12-30 04:07:01 INFO  === END   tests.productCardsTests.ProductCardElementsTests.isThereDescriptionInProductCard[Exp#16 [f1=2, f2=3, f3=1, f4=3, f5=2, f6=3, f7=1, f8=2]] ===
2025-12-30 04:07:01 INFO  === START tests.productCardsTests.ProductCardElementsTests.isThereRatingInProductCard[Exp#16 [f1=2, f2=3, f3=1, f4=3, f5=2, f6=3, f7=1, f8=2]] ===
2025-12-30 04:07:01 INFO  STEP: ♻️ Using existing results for same input.
2025-12-30 04:07:02 INFO  STEP PASS: Card #1 should have Rating (card's rating: 199.99)
2025-12-30 04:07:02 INFO  STEP PASS: Card #2 should have Rating (card's rating: 249.99)
2025-12-30 04:07:02 INFO  STEP PASS: Card #3 should have Rating (card's rating: 299.99)
2025-12-30 04:07:02 INFO  STEP PASS: Card #4 should have Rating (card's rating: 899.99)
2025-12-30 04:07:02 INFO  STEP PASS: Card #5 should have Rating (card's rating: 1099.99)
2025-12-30 04:07:02 INFO  STEP PASS: All cards should have Rating
2025-12-30 04:07:02 INFO  === PASS  tests.productCardsTests.ProductCardElementsTests.isThereRatingInProductCard[Exp#16 [f1=2, f2=3, f3=1, f4=3, f5=2, f6=3, f7=1, f8=2]] ===
2025-12-30 04:07:02 INFO  === END   tests.productCardsTests.ProductCardElementsTests.isThereRatingInProductCard[Exp#16 [f1=2, f2=3, f3=1, f4=3, f5=2, f6=3, f7=1, f8=2]] ===
2025-12-30 04:07:02 INFO  === START tests.productCardsTests.ProductCardElementsTests.isThereAdditionalImagesBtnInProductCard[Exp#17 [f1=2, f2=3, f3=2, f4=1, f5=3, f6=1, f7=2, f8=3]] ===
2025-12-30 04:07:02 INFO  STEP: 📝 New input: Filling form fields.
2025-12-30 04:07:05 INFO  STEP PASS: Card #1 should have Additional Images Button
2025-12-30 04:07:05 INFO  STEP PASS: Card #2 should have Additional Images Button
2025-12-30 04:07:05 INFO  STEP PASS: Card #3 should have Additional Images Button
2025-12-30 04:07:05 INFO  STEP PASS: Card #4 should have Additional Images Button
2025-12-30 04:07:05 INFO  STEP PASS: All cards should have Additional Images Button
2025-12-30 04:07:05 INFO  === PASS  tests.productCardsTests.ProductCardElementsTests.isThereAdditionalImagesBtnInProductCard[Exp#17 [f1=2, f2=3, f3=2, f4=1, f5=3, f6=1, f7=2, f8=3]] ===
2025-12-30 04:07:05 INFO  === END   tests.productCardsTests.ProductCardElementsTests.isThereAdditionalImagesBtnInProductCard[Exp#17 [f1=2, f2=3, f3=2, f4=1, f5=3, f6=1, f7=2, f8=3]] ===
2025-12-30 04:07:05 INFO  === START tests.productCardsTests.ProductCardElementsTests.isTherePriceInProductCard[Exp#17 [f1=2, f2=3, f3=2, f4=1, f5=3, f6=1, f7=2, f8=3]] ===
2025-12-30 04:07:05 INFO  STEP: ♻️ Using existing results for same input.
2025-12-30 04:07:05 INFO  STEP PASS: Card #1 should have Price (card's price: 349.99)
2025-12-30 04:07:05 INFO  STEP PASS: Card #2 should have Price (card's price: 349.99)
2025-12-30 04:07:05 INFO  STEP PASS: Card #3 should have Price (card's price: 499.99)
2025-12-30 04:07:05 INFO  STEP PASS: Card #4 should have Price (card's price: 599.99)
2025-12-30 04:07:05 INFO  STEP PASS: All cards should have Price
2025-12-30 04:07:05 INFO  === PASS  tests.productCardsTests.ProductCardElementsTests.isTherePriceInProductCard[Exp#17 [f1=2, f2=3, f3=2, f4=1, f5=3, f6=1, f7=2, f8=3]] ===
2025-12-30 04:07:05 INFO  === END   tests.productCardsTests.ProductCardElementsTests.isTherePriceInProductCard[Exp#17 [f1=2, f2=3, f3=2, f4=1, f5=3, f6=1, f7=2, f8=3]] ===
2025-12-30 04:07:05 INFO  === START tests.productCardsTests.ProductCardElementsTests.isThereReviewsBtnInProductCard[Exp#17 [f1=2, f2=3, f3=2, f4=1, f5=3, f6=1, f7=2, f8=3]] ===
2025-12-30 04:07:05 INFO  STEP: ♻️ Using existing results for same input.
2025-12-30 04:07:06 INFO  STEP PASS: Card #1 should have Review Button
2025-12-30 04:07:06 INFO  STEP PASS: Card #2 should have Review Button
2025-12-30 04:07:06 INFO  STEP PASS: Card #3 should have Review Button
2025-12-30 04:07:06 INFO  STEP PASS: Card #4 should have Review Button
2025-12-30 04:07:06 INFO  STEP PASS: All cards should have Review Button
2025-12-30 04:07:06 INFO  === PASS  tests.productCardsTests.ProductCardElementsTests.isThereReviewsBtnInProductCard[Exp#17 [f1=2, f2=3, f3=2, f4=1, f5=3, f6=1, f7=2, f8=3]] ===
2025-12-30 04:07:06 INFO  === END   tests.productCardsTests.ProductCardElementsTests.isThereReviewsBtnInProductCard[Exp#17 [f1=2, f2=3, f3=2, f4=1, f5=3, f6=1, f7=2, f8=3]] ===
2025-12-30 04:07:06 INFO  === START tests.productCardsTests.ProductCardElementsTests.isThereTitleInProductCard[Exp#17 [f1=2, f2=3, f3=2, f4=1, f5=3, f6=1, f7=2, f8=3]] ===
2025-12-30 04:07:06 INFO  STEP: ♻️ Using existing results for same input.
2025-12-30 04:07:06 INFO  STEP PASS: Card #1 should have Title (card's title: Samsung Galaxy Tab White)
2025-12-30 04:07:06 INFO  STEP PASS: Card #2 should have Title (card's title: Samsung Galaxy Tab White)
2025-12-30 04:07:06 INFO  STEP PASS: Card #3 should have Title (card's title: iPad Mini 2021 Starlight)
2025-12-30 04:07:06 INFO  STEP PASS: Card #4 should have Title (card's title: Samsung Galaxy Tab S8 Plus Grey)
2025-12-30 04:07:06 INFO  STEP PASS: All cards should have Title
2025-12-30 04:07:06 INFO  === PASS  tests.productCardsTests.ProductCardElementsTests.isThereTitleInProductCard[Exp#17 [f1=2, f2=3, f3=2, f4=1, f5=3, f6=1, f7=2, f8=3]] ===
2025-12-30 04:07:06 INFO  === END   tests.productCardsTests.ProductCardElementsTests.isThereTitleInProductCard[Exp#17 [f1=2, f2=3, f3=2, f4=1, f5=3, f6=1, f7=2, f8=3]] ===
2025-12-30 04:07:06 INFO  === START tests.productCardsTests.ProductCardElementsTests.isThereThumbnailInProductCard[Exp#17 [f1=2, f2=3, f3=2, f4=1, f5=3, f6=1, f7=2, f8=3]] ===
2025-12-30 04:07:06 INFO  STEP: ♻️ Using existing results for same input.
2025-12-30 04:07:06 INFO  STEP PASS: Card #1 should have Tumbnail
2025-12-30 04:07:06 INFO  STEP PASS: Card #2 should have Tumbnail
2025-12-30 04:07:06 INFO  STEP PASS: Card #3 should have Tumbnail
2025-12-30 04:07:06 INFO  STEP PASS: Card #4 should have Tumbnail
2025-12-30 04:07:06 INFO  STEP PASS: All cards should have Tumbnail
2025-12-30 04:07:06 INFO  === PASS  tests.productCardsTests.ProductCardElementsTests.isThereThumbnailInProductCard[Exp#17 [f1=2, f2=3, f3=2, f4=1, f5=3, f6=1, f7=2, f8=3]] ===
2025-12-30 04:07:06 INFO  === END   tests.productCardsTests.ProductCardElementsTests.isThereThumbnailInProductCard[Exp#17 [f1=2, f2=3, f3=2, f4=1, f5=3, f6=1, f7=2, f8=3]] ===
2025-12-30 04:07:06 INFO  === START tests.productCardsTests.ProductCardElementsTests.isThereDescriptionInProductCard[Exp#17 [f1=2, f2=3, f3=2, f4=1, f5=3, f6=1, f7=2, f8=3]] ===
2025-12-30 04:07:06 INFO  STEP: ♻️ Using existing results for same input.
2025-12-30 04:07:06 INFO  STEP PASS: Card #1 should have Description (card's description: The Samsung Galaxy Tab in White is a sleek and versatile Android tablet. With a vibrant display, long-lasting battery, and a range of features, it offers a great user experience for various tasks.)
2025-12-30 04:07:06 INFO  STEP PASS: Card #2 should have Description (card's description: The Samsung Galaxy Tab in White is a sleek and versatile Android tablet. With a vibrant display, long-lasting battery, and a range of features, it offers a great user experience for various tasks.)
2025-12-30 04:07:06 INFO  STEP PASS: Card #3 should have Description (card's description: The iPad Mini 2021 in Starlight is a compact and powerful tablet from Apple. Featuring a stunning Retina display, powerful A-series chip, and a sleek design, it offers a premium tablet experience.)
2025-12-30 04:07:06 INFO  STEP PASS: Card #4 should have Description (card's description: The Samsung Galaxy Tab S8 Plus in Grey is a high-performance Android tablet by Samsung. With a large AMOLED display, powerful processor, and S Pen support, it's ideal for productivity and entertainment.)
2025-12-30 04:07:06 INFO  STEP PASS: All cards should have Description
2025-12-30 04:07:06 INFO  === PASS  tests.productCardsTests.ProductCardElementsTests.isThereDescriptionInProductCard[Exp#17 [f1=2, f2=3, f3=2, f4=1, f5=3, f6=1, f7=2, f8=3]] ===
2025-12-30 04:07:06 INFO  === END   tests.productCardsTests.ProductCardElementsTests.isThereDescriptionInProductCard[Exp#17 [f1=2, f2=3, f3=2, f4=1, f5=3, f6=1, f7=2, f8=3]] ===
2025-12-30 04:07:06 INFO  === START tests.productCardsTests.ProductCardElementsTests.isThereRatingInProductCard[Exp#17 [f1=2, f2=3, f3=2, f4=1, f5=3, f6=1, f7=2, f8=3]] ===
2025-12-30 04:07:06 INFO  STEP: ♻️ Using existing results for same input.
2025-12-30 04:07:06 INFO  STEP PASS: Card #1 should have Rating (card's rating: 349.99)
2025-12-30 04:07:07 INFO  STEP PASS: Card #2 should have Rating (card's rating: 349.99)
2025-12-30 04:07:07 INFO  STEP PASS: Card #3 should have Rating (card's rating: 499.99)
2025-12-30 04:07:07 INFO  STEP PASS: Card #4 should have Rating (card's rating: 599.99)
2025-12-30 04:07:07 INFO  STEP PASS: All cards should have Rating
2025-12-30 04:07:07 INFO  === PASS  tests.productCardsTests.ProductCardElementsTests.isThereRatingInProductCard[Exp#17 [f1=2, f2=3, f3=2, f4=1, f5=3, f6=1, f7=2, f8=3]] ===
2025-12-30 04:07:07 INFO  === END   tests.productCardsTests.ProductCardElementsTests.isThereRatingInProductCard[Exp#17 [f1=2, f2=3, f3=2, f4=1, f5=3, f6=1, f7=2, f8=3]] ===
2025-12-30 04:07:07 INFO  === START tests.productCardsTests.ProductCardElementsTests.isThereAdditionalImagesBtnInProductCard[Exp#18 [f1=2, f2=3, f3=3, f4=2, f5=1, f6=2, f7=3, f8=1]] ===
2025-12-30 04:07:07 INFO  STEP: 📝 New input: Filling form fields.
2025-12-30 04:07:10 INFO  STEP PASS: Card #1 should have Additional Images Button
2025-12-30 04:07:10 INFO  STEP PASS: Card #2 should have Additional Images Button
2025-12-30 04:07:10 INFO  STEP PASS: Card #3 should have Additional Images Button
2025-12-30 04:07:10 INFO  STEP PASS: Card #4 should have Additional Images Button
2025-12-30 04:07:10 INFO  STEP PASS: Card #5 should have Additional Images Button
2025-12-30 04:07:10 INFO  STEP PASS: All cards should have Additional Images Button
2025-12-30 04:07:10 INFO  === PASS  tests.productCardsTests.ProductCardElementsTests.isThereAdditionalImagesBtnInProductCard[Exp#18 [f1=2, f2=3, f3=3, f4=2, f5=1, f6=2, f7=3, f8=1]] ===
2025-12-30 04:07:10 INFO  === END   tests.productCardsTests.ProductCardElementsTests.isThereAdditionalImagesBtnInProductCard[Exp#18 [f1=2, f2=3, f3=3, f4=2, f5=1, f6=2, f7=3, f8=1]] ===
2025-12-30 04:15:18 INFO  === START tests.productCardsTests.ProductCardElementsTests.productCards_shouldContainAllRequiredElements[Exp#1 [f1=1, f2=1, f3=1, f4=1, f5=1, f6=1, f7=1, f8=1]] ===
2025-12-30 04:15:29 INFO  STEP PASS: Expected 5 cards
2025-12-30 04:15:29 INFO  STEP PASS: Card #1 thumbnail not empty
2025-12-30 04:15:29 INFO  STEP PASS: Card #1 images button displayed
2025-12-30 04:15:29 INFO  STEP PASS: Card #1 reviews button displayed
2025-12-30 04:15:29 INFO  STEP PASS: Card #1 title not empty
2025-12-30 04:15:29 INFO  STEP PASS: Card #1 description not empty
2025-12-30 04:15:29 INFO  STEP PASS: Card #1 price not empty
2025-12-30 04:15:29 INFO  STEP PASS: Card #1 rating not empty
2025-12-30 04:15:29 INFO  STEP PASS: Card #2 thumbnail not empty
2025-12-30 04:15:29 INFO  STEP PASS: Card #2 images button displayed
2025-12-30 04:15:29 INFO  STEP PASS: Card #2 reviews button displayed
2025-12-30 04:15:29 INFO  STEP PASS: Card #2 title not empty
2025-12-30 04:15:29 INFO  STEP PASS: Card #2 description not empty
2025-12-30 04:15:29 INFO  STEP PASS: Card #2 price not empty
2025-12-30 04:15:29 INFO  STEP PASS: Card #2 rating not empty
2025-12-30 04:15:29 INFO  STEP PASS: Card #3 thumbnail not empty
2025-12-30 04:15:29 INFO  STEP PASS: Card #3 images button displayed
2025-12-30 04:15:29 INFO  STEP PASS: Card #3 reviews button displayed
2025-12-30 04:15:29 INFO  STEP PASS: Card #3 title not empty
2025-12-30 04:15:29 INFO  STEP PASS: Card #3 description not empty
2025-12-30 04:15:29 INFO  STEP PASS: Card #3 price not empty
2025-12-30 04:15:29 INFO  STEP PASS: Card #3 rating not empty
2025-12-30 04:15:29 INFO  STEP PASS: Card #4 thumbnail not empty
2025-12-30 04:15:30 INFO  STEP PASS: Card #4 images button displayed
2025-12-30 04:15:30 INFO  STEP PASS: Card #4 reviews button displayed
2025-12-30 04:15:30 INFO  STEP PASS: Card #4 title not empty
2025-12-30 04:15:30 INFO  STEP PASS: Card #4 description not empty
2025-12-30 04:15:30 INFO  STEP PASS: Card #4 price not empty
2025-12-30 04:15:30 INFO  STEP PASS: Card #4 rating not empty
2025-12-30 04:15:30 INFO  STEP PASS: Card #5 thumbnail not empty
2025-12-30 04:15:30 INFO  STEP PASS: Card #5 images button displayed
2025-12-30 04:15:30 INFO  STEP PASS: Card #5 reviews button displayed
2025-12-30 04:15:30 INFO  STEP PASS: Card #5 title not empty
2025-12-30 04:15:30 INFO  STEP PASS: Card #5 description not empty
2025-12-30 04:15:30 INFO  STEP PASS: Card #5 price not empty
2025-12-30 04:15:30 INFO  STEP PASS: Card #5 rating not empty
2025-12-30 04:15:30 INFO  === PASS  tests.productCardsTests.ProductCardElementsTests.productCards_shouldContainAllRequiredElements[Exp#1 [f1=1, f2=1, f3=1, f4=1, f5=1, f6=1, f7=1, f8=1]] ===
2025-12-30 04:15:30 INFO  === END   tests.productCardsTests.ProductCardElementsTests.productCards_shouldContainAllRequiredElements[Exp#1 [f1=1, f2=1, f3=1, f4=1, f5=1, f6=1, f7=1, f8=1]] ===
2025-12-30 04:15:30 INFO  === START tests.productCardsTests.ProductCardElementsTests.productCards_shouldContainAllRequiredElements[Exp#2 [f1=1, f2=1, f3=2, f4=2, f5=2, f6=2, f7=2, f8=2]] ===
2025-12-30 04:15:37 INFO  STEP PASS: Expected 5 cards
2025-12-30 04:15:37 INFO  STEP PASS: Card #1 thumbnail not empty
2025-12-30 04:15:37 INFO  STEP PASS: Card #1 images button displayed
2025-12-30 04:15:37 INFO  STEP PASS: Card #1 reviews button displayed
2025-12-30 04:15:37 INFO  STEP PASS: Card #1 title not empty
2025-12-30 04:15:37 INFO  STEP PASS: Card #1 description not empty
2025-12-30 04:15:37 INFO  STEP PASS: Card #1 price not empty
2025-12-30 04:15:37 INFO  STEP PASS: Card #1 rating not empty
2025-12-30 04:15:37 INFO  STEP PASS: Card #2 thumbnail not empty
2025-12-30 04:15:38 INFO  STEP PASS: Card #2 images button displayed
2025-12-30 04:15:38 INFO  STEP PASS: Card #2 reviews button displayed
2025-12-30 04:15:38 INFO  STEP PASS: Card #2 title not empty
2025-12-30 04:15:38 INFO  STEP PASS: Card #2 description not empty
2025-12-30 04:15:38 INFO  STEP PASS: Card #2 price not empty
2025-12-30 04:15:38 INFO  STEP PASS: Card #2 rating not empty
2025-12-30 04:15:38 INFO  STEP PASS: Card #3 thumbnail not empty
2025-12-30 04:15:38 INFO  STEP PASS: Card #3 images button displayed
2025-12-30 04:15:38 INFO  STEP PASS: Card #3 reviews button displayed
2025-12-30 04:15:38 INFO  STEP PASS: Card #3 title not empty
2025-12-30 04:15:38 INFO  STEP PASS: Card #3 description not empty
2025-12-30 04:15:38 INFO  STEP PASS: Card #3 price not empty
2025-12-30 04:15:38 INFO  STEP PASS: Card #3 rating not empty
2025-12-30 04:15:38 INFO  STEP PASS: Card #4 thumbnail not empty
2025-12-30 04:15:38 INFO  STEP PASS: Card #4 images button displayed
2025-12-30 04:15:38 INFO  STEP PASS: Card #4 reviews button displayed
2025-12-30 04:15:38 INFO  STEP PASS: Card #4 title not empty
2025-12-30 04:15:38 INFO  STEP PASS: Card #4 description not empty
2025-12-30 04:15:38 INFO  STEP PASS: Card #4 price not empty
2025-12-30 04:15:38 INFO  STEP PASS: Card #4 rating not empty
2025-12-30 04:15:38 INFO  STEP PASS: Card #5 thumbnail not empty
2025-12-30 04:15:38 INFO  STEP PASS: Card #5 images button displayed
2025-12-30 04:15:38 INFO  STEP PASS: Card #5 reviews button displayed
2025-12-30 04:15:38 INFO  STEP PASS: Card #5 title not empty
2025-12-30 04:15:38 INFO  STEP PASS: Card #5 description not empty
2025-12-30 04:15:38 INFO  STEP PASS: Card #5 price not empty
2025-12-30 04:15:38 INFO  STEP PASS: Card #5 rating not empty
2025-12-30 04:15:39 INFO  === PASS  tests.productCardsTests.ProductCardElementsTests.productCards_shouldContainAllRequiredElements[Exp#2 [f1=1, f2=1, f3=2, f4=2, f5=2, f6=2, f7=2, f8=2]] ===
2025-12-30 04:15:39 INFO  === END   tests.productCardsTests.ProductCardElementsTests.productCards_shouldContainAllRequiredElements[Exp#2 [f1=1, f2=1, f3=2, f4=2, f5=2, f6=2, f7=2, f8=2]] ===
2025-12-30 04:15:39 INFO  === START tests.productCardsTests.ProductCardElementsTests.productCards_shouldContainAllRequiredElements[Exp#3 [f1=1, f2=1, f3=3, f4=3, f5=3, f6=3, f7=3, f8=3]] ===
2025-12-30 04:15:47 ERROR STEP FAIL: Expected 5 cards
2025-12-30 04:15:47 ERROR === FAIL  tests.productCardsTests.ProductCardElementsTests.productCards_shouldContainAllRequiredElements[Exp#3 [f1=1, f2=1, f3=3, f4=3, f5=3, f6=3, f7=3, f8=3]] ===
java.lang.AssertionError: Expected 5 cards
	at org.junit.Assert.fail(Assert.java:89) ~[junit-4.13.jar:4.13]
	at org.junit.Assert.assertTrue(Assert.java:42) ~[junit-4.13.jar:4.13]
	at tests.BaseTest.checkTrue(BaseTest.java:90) ~[test-classes/:?]
	at tests.productCardsTests.ProductCardElementsTests.productCards_shouldContainAllRequiredElements(ProductCardElementsTests.java:46) ~[test-classes/:?]
	at jdk.internal.reflect.DirectMethodHandleAccessor.invoke(DirectMethodHandleAccessor.java:103) ~[?:?]
	at java.lang.reflect.Method.invoke(Method.java:580) ~[?:?]
	at org.junit.runners.model.FrameworkMethod$1.runReflectiveCall(FrameworkMethod.java:59) ~[junit-4.13.jar:4.13]
	at org.junit.internal.runners.model.ReflectiveCallable.run(ReflectiveCallable.java:12) ~[junit-4.13.jar:4.13]
	at org.junit.runners.model.FrameworkMethod.invokeExplosively(FrameworkMethod.java:56) ~[junit-4.13.jar:4.13]
	at org.junit.internal.runners.statements.InvokeMethod.evaluate(InvokeMethod.java:17) ~[junit-4.13.jar:4.13]
	at org.junit.internal.runners.statements.RunBefores.evaluate(RunBefores.java:26) ~[junit-4.13.jar:4.13]
	at org.junit.internal.runners.statements.RunAfters.evaluate(RunAfters.java:27) ~[junit-4.13.jar:4.13]
	at org.junit.rules.TestWatcher$1.evaluate(TestWatcher.java:61) [junit-4.13.jar:4.13]
	at org.junit.runners.ParentRunner$3.evaluate(ParentRunner.java:306) [junit-4.13.jar:4.13]
	at org.junit.runners.BlockJUnit4ClassRunner$1.evaluate(BlockJUnit4ClassRunner.java:100) [junit-4.13.jar:4.13]
	at org.junit.runners.ParentRunner.runLeaf(ParentRunner.java:366) [junit-4.13.jar:4.13]
	at org.junit.runners.BlockJUnit4ClassRunner.runChild(BlockJUnit4ClassRunner.java:103) [junit-4.13.jar:4.13]
	at org.junit.runners.BlockJUnit4ClassRunner.runChild(BlockJUnit4ClassRunner.java:63) [junit-4.13.jar:4.13]
	at org.junit.runners.ParentRunner$4.run(ParentRunner.java:331) [junit-4.13.jar:4.13]
	at org.junit.runners.ParentRunner$1.schedule(ParentRunner.java:79) [junit-4.13.jar:4.13]
	at org.junit.runners.ParentRunner.runChildren(ParentRunner.java:329) [junit-4.13.jar:4.13]
	at org.junit.runners.ParentRunner.access$100(ParentRunner.java:66) [junit-4.13.jar:4.13]
	at org.junit.runners.ParentRunner$2.evaluate(ParentRunner.java:293) [junit-4.13.jar:4.13]
	at org.junit.runners.ParentRunner.run(ParentRunner.java:413) [junit-4.13.jar:4.13]
	at org.junit.runners.Suite.runChild(Suite.java:128) [junit-4.13.jar:4.13]
	at org.junit.runners.Suite.runChild(Suite.java:27) [junit-4.13.jar:4.13]
	at org.junit.runners.ParentRunner$4.run(ParentRunner.java:331) [junit-4.13.jar:4.13]
	at org.junit.runners.ParentRunner$1.schedule(ParentRunner.java:79) [junit-4.13.jar:4.13]
	at org.junit.runners.ParentRunner.runChildren(ParentRunner.java:329) [junit-4.13.jar:4.13]
	at org.junit.runners.ParentRunner.access$100(ParentRunner.java:66) [junit-4.13.jar:4.13]
	at org.junit.runners.ParentRunner$2.evaluate(ParentRunner.java:293) [junit-4.13.jar:4.13]
	at org.junit.runners.ParentRunner$3.evaluate(ParentRunner.java:306) [junit-4.13.jar:4.13]
	at org.junit.runners.ParentRunner.run(ParentRunner.java:413) [junit-4.13.jar:4.13]
	at org.eclipse.jdt.internal.junit4.runner.JUnit4TestReference.run(JUnit4TestReference.java:93) [.cp/:?]
	at org.eclipse.jdt.internal.junit.runner.TestExecution.run(TestExecution.java:40) [.cp/:?]
	at org.eclipse.jdt.internal.junit.runner.RemoteTestRunner.runTests(RemoteTestRunner.java:530) [.cp/:?]
	at org.eclipse.jdt.internal.junit.runner.RemoteTestRunner.runTests(RemoteTestRunner.java:758) [.cp/:?]
	at org.eclipse.jdt.internal.junit.runner.RemoteTestRunner.run(RemoteTestRunner.java:453) [.cp/:?]
	at org.eclipse.jdt.internal.junit.runner.RemoteTestRunner.main(RemoteTestRunner.java:211) [.cp/:?]
2025-12-30 04:15:47 INFO  === END   tests.productCardsTests.ProductCardElementsTests.productCards_shouldContainAllRequiredElements[Exp#3 [f1=1, f2=1, f3=3, f4=3, f5=3, f6=3, f7=3, f8=3]] ===
2025-12-30 04:15:47 INFO  === START tests.productCardsTests.ProductCardElementsTests.productCards_shouldContainAllRequiredElements[Exp#4 [f1=1, f2=2, f3=1, f4=1, f5=2, f6=2, f7=3, f8=3]] ===
2025-12-30 04:15:55 INFO  STEP PASS: Expected 5 cards
2025-12-30 04:15:55 INFO  STEP PASS: Card #1 thumbnail not empty
2025-12-30 04:15:55 INFO  STEP PASS: Card #1 images button displayed
2025-12-30 04:15:55 INFO  STEP PASS: Card #1 reviews button displayed
2025-12-30 04:15:55 INFO  STEP PASS: Card #1 title not empty
2025-12-30 04:15:55 INFO  STEP PASS: Card #1 description not empty
2025-12-30 04:15:55 INFO  STEP PASS: Card #1 price not empty
2025-12-30 04:15:56 INFO  STEP PASS: Card #1 rating not empty
2025-12-30 04:15:56 INFO  STEP PASS: Card #2 thumbnail not empty
2025-12-30 04:15:56 INFO  STEP PASS: Card #2 images button displayed
2025-12-30 04:15:56 INFO  STEP PASS: Card #2 reviews button displayed
2025-12-30 04:15:56 INFO  STEP PASS: Card #2 title not empty
2025-12-30 04:15:56 INFO  STEP PASS: Card #2 description not empty
2025-12-30 04:15:56 INFO  STEP PASS: Card #2 price not empty
2025-12-30 04:15:56 INFO  STEP PASS: Card #2 rating not empty
2025-12-30 04:15:56 INFO  STEP PASS: Card #3 thumbnail not empty
2025-12-30 04:15:56 INFO  STEP PASS: Card #3 images button displayed
2025-12-30 04:15:56 INFO  STEP PASS: Card #3 reviews button displayed
2025-12-30 04:15:56 INFO  STEP PASS: Card #3 title not empty
2025-12-30 04:15:56 INFO  STEP PASS: Card #3 description not empty
2025-12-30 04:15:56 INFO  STEP PASS: Card #3 price not empty
2025-12-30 04:15:56 INFO  STEP PASS: Card #3 rating not empty
2025-12-30 04:15:56 INFO  STEP PASS: Card #4 thumbnail not empty
2025-12-30 04:15:56 INFO  STEP PASS: Card #4 images button displayed
2025-12-30 04:15:56 INFO  STEP PASS: Card #4 reviews button displayed
2025-12-30 04:15:56 INFO  STEP PASS: Card #4 title not empty
2025-12-30 04:15:56 INFO  STEP PASS: Card #4 description not empty
2025-12-30 04:15:56 INFO  STEP PASS: Card #4 price not empty
2025-12-30 04:15:56 INFO  STEP PASS: Card #4 rating not empty
2025-12-30 04:15:56 INFO  STEP PASS: Card #5 thumbnail not empty
2025-12-30 04:15:56 INFO  STEP PASS: Card #5 images button displayed
2025-12-30 04:15:56 INFO  STEP PASS: Card #5 reviews button displayed
2025-12-30 04:15:56 INFO  STEP PASS: Card #5 title not empty
2025-12-30 04:15:56 INFO  STEP PASS: Card #5 description not empty
2025-12-30 04:15:56 INFO  STEP PASS: Card #5 price not empty
2025-12-30 04:15:56 INFO  STEP PASS: Card #5 rating not empty
2025-12-30 04:15:57 INFO  === PASS  tests.productCardsTests.ProductCardElementsTests.productCards_shouldContainAllRequiredElements[Exp#4 [f1=1, f2=2, f3=1, f4=1, f5=2, f6=2, f7=3, f8=3]] ===
2025-12-30 04:15:57 INFO  === END   tests.productCardsTests.ProductCardElementsTests.productCards_shouldContainAllRequiredElements[Exp#4 [f1=1, f2=2, f3=1, f4=1, f5=2, f6=2, f7=3, f8=3]] ===
2025-12-30 04:15:57 INFO  === START tests.productCardsTests.ProductCardElementsTests.productCards_shouldContainAllRequiredElements[Exp#5 [f1=1, f2=2, f3=2, f4=2, f5=3, f6=3, f7=1, f8=1]] ===
2025-12-30 04:16:03 INFO  STEP PASS: Expected 5 cards
2025-12-30 04:16:03 INFO  STEP PASS: Card #1 thumbnail not empty
2025-12-30 04:16:03 INFO  STEP PASS: Card #1 images button displayed
2025-12-30 04:16:03 INFO  STEP PASS: Card #1 reviews button displayed
2025-12-30 04:16:03 INFO  STEP PASS: Card #1 title not empty
2025-12-30 04:16:03 INFO  STEP PASS: Card #1 description not empty
2025-12-30 04:16:03 INFO  STEP PASS: Card #1 price not empty
2025-12-30 04:16:03 INFO  STEP PASS: Card #1 rating not empty
2025-12-30 04:16:03 INFO  STEP PASS: Card #2 thumbnail not empty
2025-12-30 04:16:03 INFO  STEP PASS: Card #2 images button displayed
2025-12-30 04:16:03 INFO  STEP PASS: Card #2 reviews button displayed
2025-12-30 04:16:03 INFO  STEP PASS: Card #2 title not empty
2025-12-30 04:16:03 INFO  STEP PASS: Card #2 description not empty
2025-12-30 04:16:03 INFO  STEP PASS: Card #2 price not empty
2025-12-30 04:16:03 INFO  STEP PASS: Card #2 rating not empty
2025-12-30 04:16:03 INFO  STEP PASS: Card #3 thumbnail not empty
2025-12-30 04:16:03 INFO  STEP PASS: Card #3 images button displayed
2025-12-30 04:16:03 INFO  STEP PASS: Card #3 reviews button displayed
2025-12-30 04:16:04 INFO  STEP PASS: Card #3 title not empty
2025-12-30 04:16:04 INFO  STEP PASS: Card #3 description not empty
2025-12-30 04:16:04 INFO  STEP PASS: Card #3 price not empty
2025-12-30 04:16:04 INFO  STEP PASS: Card #3 rating not empty
2025-12-30 04:16:04 INFO  STEP PASS: Card #4 thumbnail not empty
2025-12-30 04:16:04 INFO  STEP PASS: Card #4 images button displayed
2025-12-30 04:16:04 INFO  STEP PASS: Card #4 reviews button displayed
2025-12-30 04:16:04 INFO  STEP PASS: Card #4 title not empty
2025-12-30 04:16:04 INFO  STEP PASS: Card #4 description not empty
2025-12-30 04:16:04 INFO  STEP PASS: Card #4 price not empty
2025-12-30 04:16:04 INFO  STEP PASS: Card #4 rating not empty
2025-12-30 04:16:04 INFO  STEP PASS: Card #5 thumbnail not empty
2025-12-30 04:16:04 INFO  STEP PASS: Card #5 images button displayed
2025-12-30 04:16:04 INFO  STEP PASS: Card #5 reviews button displayed
2025-12-30 04:16:04 INFO  STEP PASS: Card #5 title not empty
2025-12-30 04:16:04 INFO  STEP PASS: Card #5 description not empty
2025-12-30 04:16:04 INFO  STEP PASS: Card #5 price not empty
2025-12-30 04:16:04 INFO  STEP PASS: Card #5 rating not empty
2025-12-30 04:16:04 INFO  === PASS  tests.productCardsTests.ProductCardElementsTests.productCards_shouldContainAllRequiredElements[Exp#5 [f1=1, f2=2, f3=2, f4=2, f5=3, f6=3, f7=1, f8=1]] ===
2025-12-30 04:16:04 INFO  === END   tests.productCardsTests.ProductCardElementsTests.productCards_shouldContainAllRequiredElements[Exp#5 [f1=1, f2=2, f3=2, f4=2, f5=3, f6=3, f7=1, f8=1]] ===
2025-12-30 04:16:04 INFO  === START tests.productCardsTests.ProductCardElementsTests.productCards_shouldContainAllRequiredElements[Exp#6 [f1=1, f2=2, f3=3, f4=3, f5=1, f6=1, f7=2, f8=2]] ===
2025-12-30 04:16:11 INFO  STEP PASS: Expected 5 cards
2025-12-30 04:16:11 INFO  STEP PASS: Card #1 thumbnail not empty
2025-12-30 04:16:11 INFO  STEP PASS: Card #1 images button displayed
2025-12-30 04:16:11 INFO  STEP PASS: Card #1 reviews button displayed
2025-12-30 04:16:11 INFO  STEP PASS: Card #1 title not empty
2025-12-30 04:16:11 INFO  STEP PASS: Card #1 description not empty
2025-12-30 04:16:11 INFO  STEP PASS: Card #1 price not empty
2025-12-30 04:16:11 INFO  STEP PASS: Card #1 rating not empty
2025-12-30 04:16:11 INFO  STEP PASS: Card #2 thumbnail not empty
2025-12-30 04:16:11 INFO  STEP PASS: Card #2 images button displayed
2025-12-30 04:16:11 INFO  STEP PASS: Card #2 reviews button displayed
2025-12-30 04:16:11 INFO  STEP PASS: Card #2 title not empty
2025-12-30 04:16:11 INFO  STEP PASS: Card #2 description not empty
2025-12-30 04:16:11 INFO  STEP PASS: Card #2 price not empty
2025-12-30 04:16:11 INFO  STEP PASS: Card #2 rating not empty
2025-12-30 04:16:12 INFO  STEP PASS: Card #3 thumbnail not empty
2025-12-30 04:16:12 INFO  STEP PASS: Card #3 images button displayed
2025-12-30 04:16:12 INFO  STEP PASS: Card #3 reviews button displayed
2025-12-30 04:16:12 INFO  STEP PASS: Card #3 title not empty
2025-12-30 04:16:12 INFO  STEP PASS: Card #3 description not empty
2025-12-30 04:16:12 INFO  STEP PASS: Card #3 price not empty
2025-12-30 04:16:12 INFO  STEP PASS: Card #3 rating not empty
2025-12-30 04:16:12 INFO  STEP PASS: Card #4 thumbnail not empty
2025-12-30 04:16:12 INFO  STEP PASS: Card #4 images button displayed
2025-12-30 04:16:12 INFO  STEP PASS: Card #4 reviews button displayed
2025-12-30 04:16:12 INFO  STEP PASS: Card #4 title not empty
2025-12-30 04:16:12 INFO  STEP PASS: Card #4 description not empty
2025-12-30 04:16:12 INFO  STEP PASS: Card #4 price not empty
2025-12-30 04:16:12 INFO  STEP PASS: Card #4 rating not empty
2025-12-30 04:16:12 INFO  STEP PASS: Card #5 thumbnail not empty
2025-12-30 04:16:12 INFO  STEP PASS: Card #5 images button displayed
2025-12-30 04:16:12 INFO  STEP PASS: Card #5 reviews button displayed
2025-12-30 04:16:12 INFO  STEP PASS: Card #5 title not empty
2025-12-30 04:16:12 INFO  STEP PASS: Card #5 description not empty
2025-12-30 04:16:12 INFO  STEP PASS: Card #5 price not empty
2025-12-30 04:16:12 INFO  STEP PASS: Card #5 rating not empty
2025-12-30 04:16:12 INFO  === PASS  tests.productCardsTests.ProductCardElementsTests.productCards_shouldContainAllRequiredElements[Exp#6 [f1=1, f2=2, f3=3, f4=3, f5=1, f6=1, f7=2, f8=2]] ===
2025-12-30 04:16:12 INFO  === END   tests.productCardsTests.ProductCardElementsTests.productCards_shouldContainAllRequiredElements[Exp#6 [f1=1, f2=2, f3=3, f4=3, f5=1, f6=1, f7=2, f8=2]] ===
2025-12-30 04:16:12 INFO  === START tests.productCardsTests.ProductCardElementsTests.productCards_shouldContainAllRequiredElements[Exp#7 [f1=1, f2=3, f3=1, f4=2, f5=1, f6=3, f7=2, f8=3]] ===
2025-12-30 04:16:19 INFO  STEP PASS: Expected 5 cards
2025-12-30 04:16:19 INFO  STEP PASS: Card #1 thumbnail not empty
2025-12-30 04:16:19 INFO  STEP PASS: Card #1 images button displayed
2025-12-30 04:16:19 INFO  STEP PASS: Card #1 reviews button displayed
2025-12-30 04:16:19 INFO  STEP PASS: Card #1 title not empty
2025-12-30 04:16:19 INFO  STEP PASS: Card #1 description not empty
2025-12-30 04:16:19 INFO  STEP PASS: Card #1 price not empty
2025-12-30 04:16:19 INFO  STEP PASS: Card #1 rating not empty
2025-12-30 04:16:19 INFO  STEP PASS: Card #2 thumbnail not empty
2025-12-30 04:16:19 INFO  STEP PASS: Card #2 images button displayed
2025-12-30 04:16:19 INFO  STEP PASS: Card #2 reviews button displayed
2025-12-30 04:16:19 INFO  STEP PASS: Card #2 title not empty
2025-12-30 04:16:19 INFO  STEP PASS: Card #2 description not empty
2025-12-30 04:16:19 INFO  STEP PASS: Card #2 price not empty
2025-12-30 04:16:19 INFO  STEP PASS: Card #2 rating not empty
2025-12-30 04:16:19 INFO  STEP PASS: Card #3 thumbnail not empty
2025-12-30 04:16:19 INFO  STEP PASS: Card #3 images button displayed
2025-12-30 04:16:19 INFO  STEP PASS: Card #3 reviews button displayed
2025-12-30 04:16:19 INFO  STEP PASS: Card #3 title not empty
2025-12-30 04:16:20 INFO  STEP PASS: Card #3 description not empty
2025-12-30 04:16:20 INFO  STEP PASS: Card #3 price not empty
2025-12-30 04:16:20 INFO  STEP PASS: Card #3 rating not empty
2025-12-30 04:16:20 INFO  STEP PASS: Card #4 thumbnail not empty
2025-12-30 04:16:20 INFO  STEP PASS: Card #4 images button displayed
2025-12-30 04:16:20 INFO  STEP PASS: Card #4 reviews button displayed
2025-12-30 04:16:20 INFO  STEP PASS: Card #4 title not empty
2025-12-30 04:16:20 INFO  STEP PASS: Card #4 description not empty
2025-12-30 04:16:20 INFO  STEP PASS: Card #4 price not empty
2025-12-30 04:16:20 INFO  STEP PASS: Card #4 rating not empty
2025-12-30 04:16:20 INFO  STEP PASS: Card #5 thumbnail not empty
2025-12-30 04:16:20 INFO  STEP PASS: Card #5 images button displayed
2025-12-30 04:16:20 INFO  STEP PASS: Card #5 reviews button displayed
2025-12-30 04:16:20 INFO  STEP PASS: Card #5 title not empty
2025-12-30 04:16:20 INFO  STEP PASS: Card #5 description not empty
2025-12-30 04:16:20 INFO  STEP PASS: Card #5 price not empty
2025-12-30 04:16:20 INFO  STEP PASS: Card #5 rating not empty
2025-12-30 04:16:20 INFO  === PASS  tests.productCardsTests.ProductCardElementsTests.productCards_shouldContainAllRequiredElements[Exp#7 [f1=1, f2=3, f3=1, f4=2, f5=1, f6=3, f7=2, f8=3]] ===
2025-12-30 04:16:20 INFO  === END   tests.productCardsTests.ProductCardElementsTests.productCards_shouldContainAllRequiredElements[Exp#7 [f1=1, f2=3, f3=1, f4=2, f5=1, f6=3, f7=2, f8=3]] ===
2025-12-30 04:16:20 INFO  === START tests.productCardsTests.ProductCardElementsTests.productCards_shouldContainAllRequiredElements[Exp#8 [f1=1, f2=3, f3=2, f4=3, f5=2, f6=1, f7=3, f8=1]] ===
2025-12-30 04:16:42 INFO  === START tests.productCardsTests.ProductCardElementsTests.productCards_shouldContainAllRequiredElements[Exp#1 [f1=1, f2=1, f3=1, f4=1, f5=1, f6=1, f7=1, f8=1]] ===
2025-12-30 04:16:51 INFO  STEP PASS: Card #1 thumbnail not empty
2025-12-30 04:16:51 INFO  STEP PASS: Card #1 images button displayed
2025-12-30 04:16:51 INFO  STEP PASS: Card #1 reviews button displayed
2025-12-30 04:16:51 INFO  STEP PASS: Card #1 title not empty
2025-12-30 04:16:51 INFO  STEP PASS: Card #1 description not empty
2025-12-30 04:16:51 INFO  STEP PASS: Card #1 price not empty
2025-12-30 04:16:51 INFO  STEP PASS: Card #1 rating not empty
2025-12-30 04:16:51 INFO  STEP PASS: Card #2 thumbnail not empty
2025-12-30 04:16:51 INFO  STEP PASS: Card #2 images button displayed
2025-12-30 04:16:51 INFO  STEP PASS: Card #2 reviews button displayed
2025-12-30 04:16:51 INFO  STEP PASS: Card #2 title not empty
2025-12-30 04:16:51 INFO  STEP PASS: Card #2 description not empty
2025-12-30 04:16:51 INFO  STEP PASS: Card #2 price not empty
2025-12-30 04:16:51 INFO  STEP PASS: Card #2 rating not empty
2025-12-30 04:16:51 INFO  STEP PASS: Card #3 thumbnail not empty
2025-12-30 04:16:51 INFO  STEP PASS: Card #3 images button displayed
2025-12-30 04:16:51 INFO  STEP PASS: Card #3 reviews button displayed
2025-12-30 04:16:51 INFO  STEP PASS: Card #3 title not empty
2025-12-30 04:16:51 INFO  STEP PASS: Card #3 description not empty
2025-12-30 04:16:51 INFO  STEP PASS: Card #3 price not empty
2025-12-30 04:16:51 INFO  STEP PASS: Card #3 rating not empty
2025-12-30 04:16:51 INFO  STEP PASS: Card #4 thumbnail not empty
2025-12-30 04:16:51 INFO  STEP PASS: Card #4 images button displayed
2025-12-30 04:16:52 INFO  STEP PASS: Card #4 reviews button displayed
2025-12-30 04:16:52 INFO  STEP PASS: Card #4 title not empty
2025-12-30 04:16:52 INFO  STEP PASS: Card #4 description not empty
2025-12-30 04:16:52 INFO  STEP PASS: Card #4 price not empty
2025-12-30 04:16:52 INFO  STEP PASS: Card #4 rating not empty
2025-12-30 04:16:52 INFO  STEP PASS: Card #5 thumbnail not empty
2025-12-30 04:16:52 INFO  STEP PASS: Card #5 images button displayed
2025-12-30 04:16:52 INFO  STEP PASS: Card #5 reviews button displayed
2025-12-30 04:16:52 INFO  STEP PASS: Card #5 title not empty
2025-12-30 04:16:52 INFO  STEP PASS: Card #5 description not empty
2025-12-30 04:16:52 INFO  STEP PASS: Card #5 price not empty
2025-12-30 04:16:52 INFO  STEP PASS: Card #5 rating not empty
2025-12-30 04:16:52 INFO  === PASS  tests.productCardsTests.ProductCardElementsTests.productCards_shouldContainAllRequiredElements[Exp#1 [f1=1, f2=1, f3=1, f4=1, f5=1, f6=1, f7=1, f8=1]] ===
2025-12-30 04:16:52 INFO  === END   tests.productCardsTests.ProductCardElementsTests.productCards_shouldContainAllRequiredElements[Exp#1 [f1=1, f2=1, f3=1, f4=1, f5=1, f6=1, f7=1, f8=1]] ===
2025-12-30 04:16:52 INFO  === START tests.productCardsTests.ProductCardElementsTests.productCards_shouldContainAllRequiredElements[Exp#2 [f1=1, f2=1, f3=2, f4=2, f5=2, f6=2, f7=2, f8=2]] ===
2025-12-30 04:17:00 INFO  STEP PASS: Card #1 thumbnail not empty
2025-12-30 04:17:00 INFO  STEP PASS: Card #1 images button displayed
2025-12-30 04:17:00 INFO  STEP PASS: Card #1 reviews button displayed
2025-12-30 04:17:00 INFO  STEP PASS: Card #1 title not empty
2025-12-30 04:17:00 INFO  STEP PASS: Card #1 description not empty
2025-12-30 04:17:00 INFO  STEP PASS: Card #1 price not empty
2025-12-30 04:17:00 INFO  STEP PASS: Card #1 rating not empty
2025-12-30 04:17:00 INFO  STEP PASS: Card #2 thumbnail not empty
2025-12-30 04:17:00 INFO  STEP PASS: Card #2 images button displayed
2025-12-30 04:17:00 INFO  STEP PASS: Card #2 reviews button displayed
2025-12-30 04:17:00 INFO  STEP PASS: Card #2 title not empty
2025-12-30 04:17:00 INFO  STEP PASS: Card #2 description not empty
2025-12-30 04:17:00 INFO  STEP PASS: Card #2 price not empty
2025-12-30 04:17:00 INFO  STEP PASS: Card #2 rating not empty
2025-12-30 04:17:01 INFO  STEP PASS: Card #3 thumbnail not empty
2025-12-30 04:17:01 INFO  STEP PASS: Card #3 images button displayed
2025-12-30 04:17:01 INFO  STEP PASS: Card #3 reviews button displayed
2025-12-30 04:17:01 INFO  STEP PASS: Card #3 title not empty
2025-12-30 04:17:01 INFO  STEP PASS: Card #3 description not empty
2025-12-30 04:17:01 INFO  STEP PASS: Card #3 price not empty
2025-12-30 04:17:01 INFO  STEP PASS: Card #3 rating not empty
2025-12-30 04:17:01 INFO  STEP PASS: Card #4 thumbnail not empty
2025-12-30 04:17:01 INFO  STEP PASS: Card #4 images button displayed
2025-12-30 04:17:01 INFO  STEP PASS: Card #4 reviews button displayed
2025-12-30 04:17:01 INFO  STEP PASS: Card #4 title not empty
2025-12-30 04:17:01 INFO  STEP PASS: Card #4 description not empty
2025-12-30 04:17:01 INFO  STEP PASS: Card #4 price not empty
2025-12-30 04:17:01 INFO  STEP PASS: Card #4 rating not empty
2025-12-30 04:17:01 INFO  STEP PASS: Card #5 thumbnail not empty
2025-12-30 04:17:01 INFO  STEP PASS: Card #5 images button displayed
2025-12-30 04:17:01 INFO  STEP PASS: Card #5 reviews button displayed
2025-12-30 04:17:01 INFO  STEP PASS: Card #5 title not empty
2025-12-30 04:17:01 INFO  STEP PASS: Card #5 description not empty
2025-12-30 04:17:01 INFO  STEP PASS: Card #5 price not empty
2025-12-30 04:17:01 INFO  STEP PASS: Card #5 rating not empty
2025-12-30 04:17:01 INFO  === PASS  tests.productCardsTests.ProductCardElementsTests.productCards_shouldContainAllRequiredElements[Exp#2 [f1=1, f2=1, f3=2, f4=2, f5=2, f6=2, f7=2, f8=2]] ===
2025-12-30 04:17:01 INFO  === END   tests.productCardsTests.ProductCardElementsTests.productCards_shouldContainAllRequiredElements[Exp#2 [f1=1, f2=1, f3=2, f4=2, f5=2, f6=2, f7=2, f8=2]] ===
2025-12-30 04:17:01 INFO  === START tests.productCardsTests.ProductCardElementsTests.productCards_shouldContainAllRequiredElements[Exp#3 [f1=1, f2=1, f3=3, f4=3, f5=3, f6=3, f7=3, f8=3]] ===
2025-12-30 04:17:11 INFO  STEP PASS: Card #1 thumbnail not empty
2025-12-30 04:17:11 INFO  STEP PASS: Card #1 images button displayed
2025-12-30 04:17:11 INFO  STEP PASS: Card #1 reviews button displayed
2025-12-30 04:17:11 INFO  STEP PASS: Card #1 title not empty
2025-12-30 04:17:11 INFO  STEP PASS: Card #1 description not empty
2025-12-30 04:17:11 INFO  STEP PASS: Card #1 price not empty
2025-12-30 04:17:11 INFO  STEP PASS: Card #1 rating not empty
2025-12-30 04:17:11 INFO  STEP PASS: Card #2 thumbnail not empty
2025-12-30 04:17:11 INFO  STEP PASS: Card #2 images button displayed
2025-12-30 04:17:11 INFO  STEP PASS: Card #2 reviews button displayed
2025-12-30 04:17:11 INFO  STEP PASS: Card #2 title not empty
2025-12-30 04:17:11 INFO  STEP PASS: Card #2 description not empty
2025-12-30 04:17:11 INFO  STEP PASS: Card #2 price not empty
2025-12-30 04:17:11 INFO  STEP PASS: Card #2 rating not empty
2025-12-30 04:17:11 INFO  STEP PASS: Card #3 thumbnail not empty
2025-12-30 04:17:11 INFO  STEP PASS: Card #3 images button displayed
2025-12-30 04:17:11 INFO  STEP PASS: Card #3 reviews button displayed
2025-12-30 04:17:11 INFO  STEP PASS: Card #3 title not empty
2025-12-30 04:17:11 INFO  STEP PASS: Card #3 description not empty
2025-12-30 04:17:11 INFO  STEP PASS: Card #3 price not empty
2025-12-30 04:17:11 INFO  STEP PASS: Card #3 rating not empty
2025-12-30 04:17:11 INFO  STEP PASS: Card #4 thumbnail not empty
2025-12-30 04:17:11 INFO  STEP PASS: Card #4 images button displayed
2025-12-30 04:17:11 INFO  STEP PASS: Card #4 reviews button displayed
2025-12-30 04:17:11 INFO  STEP PASS: Card #4 title not empty
2025-12-30 04:17:11 INFO  STEP PASS: Card #4 description not empty
2025-12-30 04:17:11 INFO  STEP PASS: Card #4 price not empty
2025-12-30 04:17:11 INFO  STEP PASS: Card #4 rating not empty
2025-12-30 04:17:12 INFO  === PASS  tests.productCardsTests.ProductCardElementsTests.productCards_shouldContainAllRequiredElements[Exp#3 [f1=1, f2=1, f3=3, f4=3, f5=3, f6=3, f7=3, f8=3]] ===
2025-12-30 04:17:12 INFO  === END   tests.productCardsTests.ProductCardElementsTests.productCards_shouldContainAllRequiredElements[Exp#3 [f1=1, f2=1, f3=3, f4=3, f5=3, f6=3, f7=3, f8=3]] ===
2025-12-30 04:17:12 INFO  === START tests.productCardsTests.ProductCardElementsTests.productCards_shouldContainAllRequiredElements[Exp#4 [f1=1, f2=2, f3=1, f4=1, f5=2, f6=2, f7=3, f8=3]] ===
2025-12-30 04:17:20 INFO  STEP PASS: Card #1 thumbnail not empty
2025-12-30 04:17:20 INFO  STEP PASS: Card #1 images button displayed
2025-12-30 04:17:20 INFO  STEP PASS: Card #1 reviews button displayed
2025-12-30 04:17:20 INFO  STEP PASS: Card #1 title not empty
2025-12-30 04:17:20 INFO  STEP PASS: Card #1 description not empty
2025-12-30 04:17:20 INFO  STEP PASS: Card #1 price not empty
2025-12-30 04:17:20 INFO  STEP PASS: Card #1 rating not empty
2025-12-30 04:17:20 INFO  STEP PASS: Card #2 thumbnail not empty
2025-12-30 04:17:20 INFO  STEP PASS: Card #2 images button displayed
2025-12-30 04:17:20 INFO  STEP PASS: Card #2 reviews button displayed
2025-12-30 04:17:20 INFO  STEP PASS: Card #2 title not empty
2025-12-30 04:17:20 INFO  STEP PASS: Card #2 description not empty
2025-12-30 04:17:20 INFO  STEP PASS: Card #2 price not empty
2025-12-30 04:17:20 INFO  STEP PASS: Card #2 rating not empty
2025-12-30 04:17:20 INFO  STEP PASS: Card #3 thumbnail not empty
2025-12-30 04:17:20 INFO  STEP PASS: Card #3 images button displayed
2025-12-30 04:17:20 INFO  STEP PASS: Card #3 reviews button displayed
2025-12-30 04:17:21 INFO  STEP PASS: Card #3 title not empty
2025-12-30 04:17:21 INFO  STEP PASS: Card #3 description not empty
2025-12-30 04:17:21 INFO  STEP PASS: Card #3 price not empty
2025-12-30 04:17:21 INFO  STEP PASS: Card #3 rating not empty
2025-12-30 04:17:21 INFO  STEP PASS: Card #4 thumbnail not empty
2025-12-30 04:17:21 INFO  STEP PASS: Card #4 images button displayed
2025-12-30 04:17:21 INFO  STEP PASS: Card #4 reviews button displayed
2025-12-30 04:17:21 INFO  STEP PASS: Card #4 title not empty
2025-12-30 04:17:21 INFO  STEP PASS: Card #4 description not empty
2025-12-30 04:17:21 INFO  STEP PASS: Card #4 price not empty
2025-12-30 04:17:21 INFO  STEP PASS: Card #4 rating not empty
2025-12-30 04:17:21 INFO  STEP PASS: Card #5 thumbnail not empty
2025-12-30 04:17:21 INFO  STEP PASS: Card #5 images button displayed
2025-12-30 04:17:21 INFO  STEP PASS: Card #5 reviews button displayed
2025-12-30 04:17:21 INFO  STEP PASS: Card #5 title not empty
2025-12-30 04:17:21 INFO  STEP PASS: Card #5 description not empty
2025-12-30 04:17:21 INFO  STEP PASS: Card #5 price not empty
2025-12-30 04:17:21 INFO  STEP PASS: Card #5 rating not empty
2025-12-30 04:17:21 INFO  === PASS  tests.productCardsTests.ProductCardElementsTests.productCards_shouldContainAllRequiredElements[Exp#4 [f1=1, f2=2, f3=1, f4=1, f5=2, f6=2, f7=3, f8=3]] ===
2025-12-30 04:17:21 INFO  === END   tests.productCardsTests.ProductCardElementsTests.productCards_shouldContainAllRequiredElements[Exp#4 [f1=1, f2=2, f3=1, f4=1, f5=2, f6=2, f7=3, f8=3]] ===
2025-12-30 04:17:21 INFO  === START tests.productCardsTests.ProductCardElementsTests.productCards_shouldContainAllRequiredElements[Exp#5 [f1=1, f2=2, f3=2, f4=2, f5=3, f6=3, f7=1, f8=1]] ===
2025-12-30 04:17:31 INFO  STEP PASS: Card #1 thumbnail not empty
2025-12-30 04:17:31 INFO  STEP PASS: Card #1 images button displayed
2025-12-30 04:17:31 INFO  STEP PASS: Card #1 reviews button displayed
2025-12-30 04:17:31 INFO  STEP PASS: Card #1 title not empty
2025-12-30 04:17:31 INFO  STEP PASS: Card #1 description not empty
2025-12-30 04:17:31 INFO  STEP PASS: Card #1 price not empty
2025-12-30 04:17:31 INFO  STEP PASS: Card #1 rating not empty
2025-12-30 04:17:31 INFO  STEP PASS: Card #2 thumbnail not empty
2025-12-30 04:17:31 INFO  STEP PASS: Card #2 images button displayed
2025-12-30 04:17:31 INFO  STEP PASS: Card #2 reviews button displayed
2025-12-30 04:17:31 INFO  STEP PASS: Card #2 title not empty
2025-12-30 04:17:31 INFO  STEP PASS: Card #2 description not empty
2025-12-30 04:17:31 INFO  STEP PASS: Card #2 price not empty
2025-12-30 04:17:31 INFO  STEP PASS: Card #2 rating not empty
2025-12-30 04:17:31 INFO  STEP PASS: Card #3 thumbnail not empty
2025-12-30 04:17:31 INFO  STEP PASS: Card #3 images button displayed
2025-12-30 04:17:31 INFO  STEP PASS: Card #3 reviews button displayed
2025-12-30 04:17:31 INFO  STEP PASS: Card #3 title not empty
2025-12-30 04:17:31 INFO  STEP PASS: Card #3 description not empty
2025-12-30 04:17:31 INFO  STEP PASS: Card #3 price not empty
2025-12-30 04:17:31 INFO  STEP PASS: Card #3 rating not empty
2025-12-30 04:17:31 INFO  STEP PASS: Card #4 thumbnail not empty
2025-12-30 04:17:31 INFO  STEP PASS: Card #4 images button displayed
2025-12-30 04:17:31 INFO  STEP PASS: Card #4 reviews button displayed
2025-12-30 04:17:31 INFO  STEP PASS: Card #4 title not empty
2025-12-30 04:17:31 INFO  STEP PASS: Card #4 description not empty
2025-12-30 04:17:31 INFO  STEP PASS: Card #4 price not empty
2025-12-30 04:17:31 INFO  STEP PASS: Card #4 rating not empty
2025-12-30 04:17:32 INFO  STEP PASS: Card #5 thumbnail not empty
2025-12-30 04:17:32 INFO  STEP PASS: Card #5 images button displayed
2025-12-30 04:17:32 INFO  STEP PASS: Card #5 reviews button displayed
2025-12-30 04:17:32 INFO  STEP PASS: Card #5 title not empty
2025-12-30 04:17:32 INFO  STEP PASS: Card #5 description not empty
2025-12-30 04:17:32 INFO  STEP PASS: Card #5 price not empty
2025-12-30 04:17:32 INFO  STEP PASS: Card #5 rating not empty
2025-12-30 04:17:32 INFO  === PASS  tests.productCardsTests.ProductCardElementsTests.productCards_shouldContainAllRequiredElements[Exp#5 [f1=1, f2=2, f3=2, f4=2, f5=3, f6=3, f7=1, f8=1]] ===
2025-12-30 04:17:32 INFO  === END   tests.productCardsTests.ProductCardElementsTests.productCards_shouldContainAllRequiredElements[Exp#5 [f1=1, f2=2, f3=2, f4=2, f5=3, f6=3, f7=1, f8=1]] ===
2025-12-30 04:17:32 INFO  === START tests.productCardsTests.ProductCardElementsTests.productCards_shouldContainAllRequiredElements[Exp#6 [f1=1, f2=2, f3=3, f4=3, f5=1, f6=1, f7=2, f8=2]] ===
2025-12-30 04:17:39 INFO  STEP PASS: Card #1 thumbnail not empty
2025-12-30 04:17:39 INFO  STEP PASS: Card #1 images button displayed
2025-12-30 04:17:39 INFO  STEP PASS: Card #1 reviews button displayed
2025-12-30 04:17:40 INFO  STEP PASS: Card #1 title not empty
2025-12-30 04:17:40 INFO  STEP PASS: Card #1 description not empty
2025-12-30 04:17:40 INFO  STEP PASS: Card #1 price not empty
2025-12-30 04:17:40 INFO  STEP PASS: Card #1 rating not empty
2025-12-30 04:17:40 INFO  STEP PASS: Card #2 thumbnail not empty
2025-12-30 04:17:40 INFO  STEP PASS: Card #2 images button displayed
2025-12-30 04:17:40 INFO  STEP PASS: Card #2 reviews button displayed
2025-12-30 04:17:40 INFO  STEP PASS: Card #2 title not empty
2025-12-30 04:17:40 INFO  STEP PASS: Card #2 description not empty
2025-12-30 04:17:40 INFO  STEP PASS: Card #2 price not empty
2025-12-30 04:17:40 INFO  STEP PASS: Card #2 rating not empty
2025-12-30 04:17:40 INFO  STEP PASS: Card #3 thumbnail not empty
2025-12-30 04:17:40 INFO  STEP PASS: Card #3 images button displayed
2025-12-30 04:17:40 INFO  STEP PASS: Card #3 reviews button displayed
2025-12-30 04:17:40 INFO  STEP PASS: Card #3 title not empty
2025-12-30 04:17:40 INFO  STEP PASS: Card #3 description not empty
2025-12-30 04:17:40 INFO  STEP PASS: Card #3 price not empty
2025-12-30 04:17:40 INFO  STEP PASS: Card #3 rating not empty
2025-12-30 04:17:40 INFO  STEP PASS: Card #4 thumbnail not empty
2025-12-30 04:17:40 INFO  STEP PASS: Card #4 images button displayed
2025-12-30 04:17:40 INFO  STEP PASS: Card #4 reviews button displayed
2025-12-30 04:17:40 INFO  STEP PASS: Card #4 title not empty
2025-12-30 04:17:40 INFO  STEP PASS: Card #4 description not empty
2025-12-30 04:17:40 INFO  STEP PASS: Card #4 price not empty
2025-12-30 04:17:40 INFO  STEP PASS: Card #4 rating not empty
2025-12-30 04:17:40 INFO  STEP PASS: Card #5 thumbnail not empty
2025-12-30 04:17:40 INFO  STEP PASS: Card #5 images button displayed
2025-12-30 04:17:41 INFO  STEP PASS: Card #5 reviews button displayed
2025-12-30 04:17:41 INFO  STEP PASS: Card #5 title not empty
2025-12-30 04:17:41 INFO  STEP PASS: Card #5 description not empty
2025-12-30 04:17:41 INFO  STEP PASS: Card #5 price not empty
2025-12-30 04:17:41 INFO  STEP PASS: Card #5 rating not empty
2025-12-30 04:17:41 INFO  === PASS  tests.productCardsTests.ProductCardElementsTests.productCards_shouldContainAllRequiredElements[Exp#6 [f1=1, f2=2, f3=3, f4=3, f5=1, f6=1, f7=2, f8=2]] ===
2025-12-30 04:17:41 INFO  === END   tests.productCardsTests.ProductCardElementsTests.productCards_shouldContainAllRequiredElements[Exp#6 [f1=1, f2=2, f3=3, f4=3, f5=1, f6=1, f7=2, f8=2]] ===
2025-12-30 04:17:41 INFO  === START tests.productCardsTests.ProductCardElementsTests.productCards_shouldContainAllRequiredElements[Exp#7 [f1=1, f2=3, f3=1, f4=2, f5=1, f6=3, f7=2, f8=3]] ===
2025-12-30 04:17:49 INFO  STEP PASS: Card #1 thumbnail not empty
2025-12-30 04:17:49 INFO  STEP PASS: Card #1 images button displayed
2025-12-30 04:17:49 INFO  STEP PASS: Card #1 reviews button displayed
2025-12-30 04:17:49 INFO  STEP PASS: Card #1 title not empty
2025-12-30 04:17:49 INFO  STEP PASS: Card #1 description not empty
2025-12-30 04:17:49 INFO  STEP PASS: Card #1 price not empty
2025-12-30 04:17:49 INFO  STEP PASS: Card #1 rating not empty
2025-12-30 04:17:49 INFO  STEP PASS: Card #2 thumbnail not empty
2025-12-30 04:17:49 INFO  STEP PASS: Card #2 images button displayed
2025-12-30 04:17:49 INFO  STEP PASS: Card #2 reviews button displayed
2025-12-30 04:17:49 INFO  STEP PASS: Card #2 title not empty
2025-12-30 04:17:49 INFO  STEP PASS: Card #2 description not empty
2025-12-30 04:17:50 INFO  STEP PASS: Card #2 price not empty
2025-12-30 04:17:50 INFO  STEP PASS: Card #2 rating not empty
2025-12-30 04:17:50 INFO  STEP PASS: Card #3 thumbnail not empty
2025-12-30 04:17:50 INFO  STEP PASS: Card #3 images button displayed
2025-12-30 04:17:50 INFO  STEP PASS: Card #3 reviews button displayed
2025-12-30 04:17:50 INFO  STEP PASS: Card #3 title not empty
2025-12-30 04:17:50 INFO  STEP PASS: Card #3 description not empty
2025-12-30 04:17:50 INFO  STEP PASS: Card #3 price not empty
2025-12-30 04:17:50 INFO  STEP PASS: Card #3 rating not empty
2025-12-30 04:17:50 INFO  STEP PASS: Card #4 thumbnail not empty
2025-12-30 04:17:50 INFO  STEP PASS: Card #4 images button displayed
2025-12-30 04:17:50 INFO  STEP PASS: Card #4 reviews button displayed
2025-12-30 04:17:50 INFO  STEP PASS: Card #4 title not empty
2025-12-30 04:17:50 INFO  STEP PASS: Card #4 description not empty
2025-12-30 04:17:50 INFO  STEP PASS: Card #4 price not empty
2025-12-30 04:17:50 INFO  STEP PASS: Card #4 rating not empty
2025-12-30 04:17:50 INFO  STEP PASS: Card #5 thumbnail not empty
2025-12-30 04:17:50 INFO  STEP PASS: Card #5 images button displayed
2025-12-30 04:17:50 INFO  STEP PASS: Card #5 reviews button displayed
2025-12-30 04:17:50 INFO  STEP PASS: Card #5 title not empty
2025-12-30 04:17:50 INFO  STEP PASS: Card #5 description not empty
2025-12-30 04:17:50 INFO  STEP PASS: Card #5 price not empty
2025-12-30 04:17:50 INFO  STEP PASS: Card #5 rating not empty
2025-12-30 04:17:50 INFO  === PASS  tests.productCardsTests.ProductCardElementsTests.productCards_shouldContainAllRequiredElements[Exp#7 [f1=1, f2=3, f3=1, f4=2, f5=1, f6=3, f7=2, f8=3]] ===
2025-12-30 04:17:50 INFO  === END   tests.productCardsTests.ProductCardElementsTests.productCards_shouldContainAllRequiredElements[Exp#7 [f1=1, f2=3, f3=1, f4=2, f5=1, f6=3, f7=2, f8=3]] ===
2025-12-30 04:17:50 INFO  === START tests.productCardsTests.ProductCardElementsTests.productCards_shouldContainAllRequiredElements[Exp#8 [f1=1, f2=3, f3=2, f4=3, f5=2, f6=1, f7=3, f8=1]] ===
2025-12-30 04:17:57 INFO  STEP PASS: Card #1 thumbnail not empty
2025-12-30 04:17:57 INFO  STEP PASS: Card #1 images button displayed
2025-12-30 04:17:57 INFO  STEP PASS: Card #1 reviews button displayed
2025-12-30 04:17:57 INFO  STEP PASS: Card #1 title not empty
2025-12-30 04:17:57 INFO  STEP PASS: Card #1 description not empty
2025-12-30 04:17:57 INFO  STEP PASS: Card #1 price not empty
2025-12-30 04:17:57 INFO  STEP PASS: Card #1 rating not empty
2025-12-30 04:17:57 INFO  STEP PASS: Card #2 thumbnail not empty
2025-12-30 04:17:57 INFO  STEP PASS: Card #2 images button displayed
2025-12-30 04:17:57 INFO  STEP PASS: Card #2 reviews button displayed
2025-12-30 04:17:57 INFO  STEP PASS: Card #2 title not empty
2025-12-30 04:17:57 INFO  STEP PASS: Card #2 description not empty
2025-12-30 04:17:57 INFO  STEP PASS: Card #2 price not empty
2025-12-30 04:17:57 INFO  STEP PASS: Card #2 rating not empty
2025-12-30 04:17:57 INFO  STEP PASS: Card #3 thumbnail not empty
2025-12-30 04:17:57 INFO  STEP PASS: Card #3 images button displayed
2025-12-30 04:17:57 INFO  STEP PASS: Card #3 reviews button displayed
2025-12-30 04:17:57 INFO  STEP PASS: Card #3 title not empty
2025-12-30 04:17:57 INFO  STEP PASS: Card #3 description not empty
2025-12-30 04:17:57 INFO  STEP PASS: Card #3 price not empty
2025-12-30 04:17:57 INFO  STEP PASS: Card #3 rating not empty
2025-12-30 04:17:57 INFO  STEP PASS: Card #4 thumbnail not empty
2025-12-30 04:17:57 INFO  STEP PASS: Card #4 images button displayed
2025-12-30 04:17:57 INFO  STEP PASS: Card #4 reviews button displayed
2025-12-30 04:17:57 INFO  STEP PASS: Card #4 title not empty
2025-12-30 04:17:57 INFO  STEP PASS: Card #4 description not empty
2025-12-30 04:17:57 INFO  STEP PASS: Card #4 price not empty
2025-12-30 04:17:57 INFO  STEP PASS: Card #4 rating not empty
2025-12-30 04:17:58 INFO  STEP PASS: Card #5 thumbnail not empty
2025-12-30 04:17:58 INFO  STEP PASS: Card #5 images button displayed
2025-12-30 04:17:58 INFO  STEP PASS: Card #5 reviews button displayed
2025-12-30 04:17:58 INFO  STEP PASS: Card #5 title not empty
2025-12-30 04:17:58 INFO  STEP PASS: Card #5 description not empty
2025-12-30 04:17:58 INFO  STEP PASS: Card #5 price not empty
2025-12-30 04:17:58 INFO  STEP PASS: Card #5 rating not empty
2025-12-30 04:17:58 INFO  === PASS  tests.productCardsTests.ProductCardElementsTests.productCards_shouldContainAllRequiredElements[Exp#8 [f1=1, f2=3, f3=2, f4=3, f5=2, f6=1, f7=3, f8=1]] ===
2025-12-30 04:17:58 INFO  === END   tests.productCardsTests.ProductCardElementsTests.productCards_shouldContainAllRequiredElements[Exp#8 [f1=1, f2=3, f3=2, f4=3, f5=2, f6=1, f7=3, f8=1]] ===
2025-12-30 04:17:58 INFO  === START tests.productCardsTests.ProductCardElementsTests.productCards_shouldContainAllRequiredElements[Exp#9 [f1=1, f2=3, f3=3, f4=1, f5=3, f6=2, f7=1, f8=2]] ===
2025-12-30 04:18:04 INFO  STEP PASS: Card #1 thumbnail not empty
2025-12-30 04:18:04 INFO  STEP PASS: Card #1 images button displayed
2025-12-30 04:18:04 INFO  STEP PASS: Card #1 reviews button displayed
2025-12-30 04:18:04 INFO  STEP PASS: Card #1 title not empty
2025-12-30 04:18:04 INFO  STEP PASS: Card #1 description not empty
2025-12-30 04:18:04 INFO  STEP PASS: Card #1 price not empty
2025-12-30 04:18:04 INFO  STEP PASS: Card #1 rating not empty
2025-12-30 04:18:04 INFO  STEP PASS: Card #2 thumbnail not empty
2025-12-30 04:18:04 INFO  STEP PASS: Card #2 images button displayed
2025-12-30 04:18:04 INFO  STEP PASS: Card #2 reviews button displayed
2025-12-30 04:18:04 INFO  STEP PASS: Card #2 title not empty
2025-12-30 04:18:05 INFO  STEP PASS: Card #2 description not empty
2025-12-30 04:18:05 INFO  STEP PASS: Card #2 price not empty
2025-12-30 04:18:05 INFO  STEP PASS: Card #2 rating not empty
2025-12-30 04:18:05 INFO  STEP PASS: Card #3 thumbnail not empty
2025-12-30 04:18:05 INFO  STEP PASS: Card #3 images button displayed
2025-12-30 04:18:05 INFO  STEP PASS: Card #3 reviews button displayed
2025-12-30 04:18:05 INFO  STEP PASS: Card #3 title not empty
2025-12-30 04:18:05 INFO  STEP PASS: Card #3 description not empty
2025-12-30 04:18:05 INFO  STEP PASS: Card #3 price not empty
2025-12-30 04:18:05 INFO  STEP PASS: Card #3 rating not empty
2025-12-30 04:18:05 INFO  STEP PASS: Card #4 thumbnail not empty
2025-12-30 04:18:05 INFO  STEP PASS: Card #4 images button displayed
2025-12-30 04:18:05 INFO  STEP PASS: Card #4 reviews button displayed
2025-12-30 04:18:05 INFO  STEP PASS: Card #4 title not empty
2025-12-30 04:18:05 INFO  STEP PASS: Card #4 description not empty
2025-12-30 04:18:05 INFO  STEP PASS: Card #4 price not empty
2025-12-30 04:18:05 INFO  STEP PASS: Card #4 rating not empty
2025-12-30 04:18:05 INFO  STEP PASS: Card #5 thumbnail not empty
2025-12-30 04:18:05 INFO  STEP PASS: Card #5 images button displayed
2025-12-30 04:18:05 INFO  STEP PASS: Card #5 reviews button displayed
2025-12-30 04:18:05 INFO  STEP PASS: Card #5 title not empty
2025-12-30 04:18:05 INFO  STEP PASS: Card #5 description not empty
2025-12-30 04:18:05 INFO  STEP PASS: Card #5 price not empty
2025-12-30 04:18:05 INFO  STEP PASS: Card #5 rating not empty
2025-12-30 04:18:05 INFO  === PASS  tests.productCardsTests.ProductCardElementsTests.productCards_shouldContainAllRequiredElements[Exp#9 [f1=1, f2=3, f3=3, f4=1, f5=3, f6=2, f7=1, f8=2]] ===
2025-12-30 04:18:05 INFO  === END   tests.productCardsTests.ProductCardElementsTests.productCards_shouldContainAllRequiredElements[Exp#9 [f1=1, f2=3, f3=3, f4=1, f5=3, f6=2, f7=1, f8=2]] ===
2025-12-30 04:18:05 INFO  === START tests.productCardsTests.ProductCardElementsTests.productCards_shouldContainAllRequiredElements[Exp#10 [f1=2, f2=1, f3=1, f4=3, f5=3, f6=2, f7=2, f8=1]] ===
2025-12-30 04:18:11 INFO  STEP PASS: Card #1 thumbnail not empty
2025-12-30 04:18:12 INFO  STEP PASS: Card #1 images button displayed
2025-12-30 04:18:12 INFO  STEP PASS: Card #1 reviews button displayed
2025-12-30 04:18:12 INFO  STEP PASS: Card #1 title not empty
2025-12-30 04:18:12 INFO  STEP PASS: Card #1 description not empty
2025-12-30 04:18:12 INFO  STEP PASS: Card #1 price not empty
2025-12-30 04:18:12 INFO  STEP PASS: Card #1 rating not empty
2025-12-30 04:18:12 INFO  STEP PASS: Card #2 thumbnail not empty
2025-12-30 04:18:12 INFO  STEP PASS: Card #2 images button displayed
2025-12-30 04:18:12 INFO  STEP PASS: Card #2 reviews button displayed
2025-12-30 04:18:12 INFO  STEP PASS: Card #2 title not empty
2025-12-30 04:18:12 INFO  STEP PASS: Card #2 description not empty
2025-12-30 04:18:12 INFO  STEP PASS: Card #2 price not empty
2025-12-30 04:18:12 INFO  STEP PASS: Card #2 rating not empty
2025-12-30 04:18:12 INFO  STEP PASS: Card #3 thumbnail not empty
2025-12-30 04:18:12 INFO  STEP PASS: Card #3 images button displayed
2025-12-30 04:18:12 INFO  STEP PASS: Card #3 reviews button displayed
2025-12-30 04:18:12 INFO  STEP PASS: Card #3 title not empty
2025-12-30 04:18:12 INFO  STEP PASS: Card #3 description not empty
2025-12-30 04:18:12 INFO  STEP PASS: Card #3 price not empty
2025-12-30 04:18:12 INFO  STEP PASS: Card #3 rating not empty
2025-12-30 04:18:12 INFO  STEP PASS: Card #4 thumbnail not empty
2025-12-30 04:18:12 INFO  STEP PASS: Card #4 images button displayed
2025-12-30 04:18:12 INFO  STEP PASS: Card #4 reviews button displayed
2025-12-30 04:18:12 INFO  STEP PASS: Card #4 title not empty
2025-12-30 04:18:12 INFO  STEP PASS: Card #4 description not empty
2025-12-30 04:18:12 INFO  STEP PASS: Card #4 price not empty
2025-12-30 04:18:12 INFO  STEP PASS: Card #4 rating not empty
2025-12-30 04:18:12 INFO  STEP PASS: Card #5 thumbnail not empty
2025-12-30 04:18:12 INFO  STEP PASS: Card #5 images button displayed
2025-12-30 04:18:12 INFO  STEP PASS: Card #5 reviews button displayed
2025-12-30 04:18:12 INFO  STEP PASS: Card #5 title not empty
2025-12-30 04:18:12 INFO  STEP PASS: Card #5 description not empty
2025-12-30 04:18:12 INFO  STEP PASS: Card #5 price not empty
2025-12-30 04:18:12 INFO  STEP PASS: Card #5 rating not empty
2025-12-30 04:18:13 INFO  === PASS  tests.productCardsTests.ProductCardElementsTests.productCards_shouldContainAllRequiredElements[Exp#10 [f1=2, f2=1, f3=1, f4=3, f5=3, f6=2, f7=2, f8=1]] ===
2025-12-30 04:18:13 INFO  === END   tests.productCardsTests.ProductCardElementsTests.productCards_shouldContainAllRequiredElements[Exp#10 [f1=2, f2=1, f3=1, f4=3, f5=3, f6=2, f7=2, f8=1]] ===
2025-12-30 04:18:13 INFO  === START tests.productCardsTests.ProductCardElementsTests.productCards_shouldContainAllRequiredElements[Exp#11 [f1=2, f2=1, f3=2, f4=1, f5=1, f6=3, f7=3, f8=2]] ===
2025-12-30 04:18:19 INFO  STEP PASS: Card #1 thumbnail not empty
2025-12-30 04:18:19 INFO  STEP PASS: Card #1 images button displayed
2025-12-30 04:18:19 INFO  STEP PASS: Card #1 reviews button displayed
2025-12-30 04:18:19 INFO  STEP PASS: Card #1 title not empty
2025-12-30 04:18:19 INFO  STEP PASS: Card #1 description not empty
2025-12-30 04:18:19 INFO  STEP PASS: Card #1 price not empty
2025-12-30 04:18:19 INFO  STEP PASS: Card #1 rating not empty
2025-12-30 04:18:19 INFO  STEP PASS: Card #2 thumbnail not empty
2025-12-30 04:18:19 INFO  STEP PASS: Card #2 images button displayed
2025-12-30 04:18:19 INFO  STEP PASS: Card #2 reviews button displayed
2025-12-30 04:18:19 INFO  STEP PASS: Card #2 title not empty
2025-12-30 04:18:19 INFO  STEP PASS: Card #2 description not empty
2025-12-30 04:18:19 INFO  STEP PASS: Card #2 price not empty
2025-12-30 04:18:19 INFO  STEP PASS: Card #2 rating not empty
2025-12-30 04:18:19 INFO  STEP PASS: Card #3 thumbnail not empty
2025-12-30 04:18:19 INFO  STEP PASS: Card #3 images button displayed
2025-12-30 04:18:19 INFO  STEP PASS: Card #3 reviews button displayed
2025-12-30 04:18:19 INFO  STEP PASS: Card #3 title not empty
2025-12-30 04:18:19 INFO  STEP PASS: Card #3 description not empty
2025-12-30 04:18:19 INFO  STEP PASS: Card #3 price not empty
2025-12-30 04:18:19 INFO  STEP PASS: Card #3 rating not empty
2025-12-30 04:18:20 INFO  STEP PASS: Card #4 thumbnail not empty
2025-12-30 04:18:20 INFO  STEP PASS: Card #4 images button displayed
2025-12-30 04:18:20 INFO  STEP PASS: Card #4 reviews button displayed
2025-12-30 04:18:20 INFO  STEP PASS: Card #4 title not empty
2025-12-30 04:18:20 INFO  STEP PASS: Card #4 description not empty
2025-12-30 04:18:20 INFO  STEP PASS: Card #4 price not empty
2025-12-30 04:18:20 INFO  STEP PASS: Card #4 rating not empty
2025-12-30 04:18:20 INFO  STEP PASS: Card #5 thumbnail not empty
2025-12-30 04:18:20 INFO  STEP PASS: Card #5 images button displayed
2025-12-30 04:18:20 INFO  STEP PASS: Card #5 reviews button displayed
2025-12-30 04:18:20 INFO  STEP PASS: Card #5 title not empty
2025-12-30 04:18:20 INFO  STEP PASS: Card #5 description not empty
2025-12-30 04:18:20 INFO  STEP PASS: Card #5 price not empty
2025-12-30 04:18:20 INFO  STEP PASS: Card #5 rating not empty
2025-12-30 04:18:20 INFO  === PASS  tests.productCardsTests.ProductCardElementsTests.productCards_shouldContainAllRequiredElements[Exp#11 [f1=2, f2=1, f3=2, f4=1, f5=1, f6=3, f7=3, f8=2]] ===
2025-12-30 04:18:20 INFO  === END   tests.productCardsTests.ProductCardElementsTests.productCards_shouldContainAllRequiredElements[Exp#11 [f1=2, f2=1, f3=2, f4=1, f5=1, f6=3, f7=3, f8=2]] ===
2025-12-30 04:18:20 INFO  === START tests.productCardsTests.ProductCardElementsTests.productCards_shouldContainAllRequiredElements[Exp#12 [f1=2, f2=1, f3=3, f4=2, f5=2, f6=1, f7=1, f8=3]] ===
2025-12-30 04:18:26 INFO  STEP PASS: Card #1 thumbnail not empty
2025-12-30 04:18:26 INFO  STEP PASS: Card #1 images button displayed
2025-12-30 04:18:26 INFO  STEP PASS: Card #1 reviews button displayed
2025-12-30 04:18:26 INFO  STEP PASS: Card #1 title not empty
2025-12-30 04:18:26 INFO  STEP PASS: Card #1 description not empty
2025-12-30 04:18:26 INFO  STEP PASS: Card #1 price not empty
2025-12-30 04:18:26 INFO  STEP PASS: Card #1 rating not empty
2025-12-30 04:18:26 INFO  STEP PASS: Card #2 thumbnail not empty
2025-12-30 04:18:26 INFO  STEP PASS: Card #2 images button displayed
2025-12-30 04:18:26 INFO  STEP PASS: Card #2 reviews button displayed
2025-12-30 04:18:27 INFO  STEP PASS: Card #2 title not empty
2025-12-30 04:18:27 INFO  STEP PASS: Card #2 description not empty
2025-12-30 04:18:27 INFO  STEP PASS: Card #2 price not empty
2025-12-30 04:18:27 INFO  STEP PASS: Card #2 rating not empty
2025-12-30 04:18:27 INFO  STEP PASS: Card #3 thumbnail not empty
2025-12-30 04:18:27 INFO  STEP PASS: Card #3 images button displayed
2025-12-30 04:18:27 INFO  STEP PASS: Card #3 reviews button displayed
2025-12-30 04:18:27 INFO  STEP PASS: Card #3 title not empty
2025-12-30 04:18:27 INFO  STEP PASS: Card #3 description not empty
2025-12-30 04:18:27 INFO  STEP PASS: Card #3 price not empty
2025-12-30 04:18:27 INFO  STEP PASS: Card #3 rating not empty
2025-12-30 04:18:27 INFO  STEP PASS: Card #4 thumbnail not empty
2025-12-30 04:18:27 INFO  STEP PASS: Card #4 images button displayed
2025-12-30 04:18:27 INFO  STEP PASS: Card #4 reviews button displayed
2025-12-30 04:18:27 INFO  STEP PASS: Card #4 title not empty
2025-12-30 04:18:27 INFO  STEP PASS: Card #4 description not empty
2025-12-30 04:18:27 INFO  STEP PASS: Card #4 price not empty
2025-12-30 04:18:27 INFO  STEP PASS: Card #4 rating not empty
2025-12-30 04:18:27 INFO  STEP PASS: Card #5 thumbnail not empty
2025-12-30 04:18:27 INFO  STEP PASS: Card #5 images button displayed
2025-12-30 04:18:27 INFO  STEP PASS: Card #5 reviews button displayed
2025-12-30 04:18:27 INFO  STEP PASS: Card #5 title not empty
2025-12-30 04:18:27 INFO  STEP PASS: Card #5 description not empty
2025-12-30 04:18:27 INFO  STEP PASS: Card #5 price not empty
2025-12-30 04:18:27 INFO  STEP PASS: Card #5 rating not empty
2025-12-30 04:18:27 INFO  === PASS  tests.productCardsTests.ProductCardElementsTests.productCards_shouldContainAllRequiredElements[Exp#12 [f1=2, f2=1, f3=3, f4=2, f5=2, f6=1, f7=1, f8=3]] ===
2025-12-30 04:18:27 INFO  === END   tests.productCardsTests.ProductCardElementsTests.productCards_shouldContainAllRequiredElements[Exp#12 [f1=2, f2=1, f3=3, f4=2, f5=2, f6=1, f7=1, f8=3]] ===
2025-12-30 04:18:27 INFO  === START tests.productCardsTests.ProductCardElementsTests.productCards_shouldContainAllRequiredElements[Exp#13 [f1=2, f2=2, f3=1, f4=2, f5=3, f6=1, f7=3, f8=2]] ===
2025-12-30 04:18:33 INFO  STEP PASS: Card #1 thumbnail not empty
2025-12-30 04:18:33 INFO  STEP PASS: Card #1 images button displayed
2025-12-30 04:18:33 INFO  STEP PASS: Card #1 reviews button displayed
2025-12-30 04:18:34 INFO  STEP PASS: Card #1 title not empty
2025-12-30 04:18:34 INFO  STEP PASS: Card #1 description not empty
2025-12-30 04:18:34 INFO  STEP PASS: Card #1 price not empty
2025-12-30 04:18:34 INFO  STEP PASS: Card #1 rating not empty
2025-12-30 04:18:34 INFO  STEP PASS: Card #2 thumbnail not empty
2025-12-30 04:18:34 INFO  STEP PASS: Card #2 images button displayed
2025-12-30 04:18:34 INFO  STEP PASS: Card #2 reviews button displayed
2025-12-30 04:18:34 INFO  STEP PASS: Card #2 title not empty
2025-12-30 04:18:34 INFO  STEP PASS: Card #2 description not empty
2025-12-30 04:18:34 INFO  STEP PASS: Card #2 price not empty
2025-12-30 04:18:34 INFO  STEP PASS: Card #2 rating not empty
2025-12-30 04:18:34 INFO  STEP PASS: Card #3 thumbnail not empty
2025-12-30 04:18:34 INFO  STEP PASS: Card #3 images button displayed
2025-12-30 04:18:34 INFO  STEP PASS: Card #3 reviews button displayed
2025-12-30 04:18:34 INFO  STEP PASS: Card #3 title not empty
2025-12-30 04:18:34 INFO  STEP PASS: Card #3 description not empty
2025-12-30 04:18:34 INFO  STEP PASS: Card #3 price not empty
2025-12-30 04:18:34 INFO  STEP PASS: Card #3 rating not empty
2025-12-30 04:18:34 INFO  STEP PASS: Card #4 thumbnail not empty
2025-12-30 04:18:34 INFO  STEP PASS: Card #4 images button displayed
2025-12-30 04:18:34 INFO  STEP PASS: Card #4 reviews button displayed
2025-12-30 04:18:34 INFO  STEP PASS: Card #4 title not empty
2025-12-30 04:18:34 INFO  STEP PASS: Card #4 description not empty
2025-12-30 04:18:34 INFO  STEP PASS: Card #4 price not empty
2025-12-30 04:18:34 INFO  STEP PASS: Card #4 rating not empty
2025-12-30 04:18:34 INFO  STEP PASS: Card #5 thumbnail not empty
2025-12-30 04:18:35 INFO  STEP PASS: Card #5 images button displayed
2025-12-30 04:18:35 INFO  STEP PASS: Card #5 reviews button displayed
2025-12-30 04:18:35 INFO  STEP PASS: Card #5 title not empty
2025-12-30 04:18:35 INFO  STEP PASS: Card #5 description not empty
2025-12-30 04:18:35 INFO  STEP PASS: Card #5 price not empty
2025-12-30 04:18:35 INFO  STEP PASS: Card #5 rating not empty
2025-12-30 04:18:35 INFO  === PASS  tests.productCardsTests.ProductCardElementsTests.productCards_shouldContainAllRequiredElements[Exp#13 [f1=2, f2=2, f3=1, f4=2, f5=3, f6=1, f7=3, f8=2]] ===
2025-12-30 04:18:35 INFO  === END   tests.productCardsTests.ProductCardElementsTests.productCards_shouldContainAllRequiredElements[Exp#13 [f1=2, f2=2, f3=1, f4=2, f5=3, f6=1, f7=3, f8=2]] ===
2025-12-30 04:18:35 INFO  === START tests.productCardsTests.ProductCardElementsTests.productCards_shouldContainAllRequiredElements[Exp#14 [f1=2, f2=2, f3=2, f4=3, f5=1, f6=2, f7=1, f8=3]] ===
2025-12-30 04:18:41 INFO  STEP PASS: Card #1 thumbnail not empty
2025-12-30 04:18:41 INFO  STEP PASS: Card #1 images button displayed
2025-12-30 04:18:41 INFO  STEP PASS: Card #1 reviews button displayed
2025-12-30 04:18:41 INFO  STEP PASS: Card #1 title not empty
2025-12-30 04:18:41 INFO  STEP PASS: Card #1 description not empty
2025-12-30 04:18:41 INFO  STEP PASS: Card #1 price not empty
2025-12-30 04:18:41 INFO  STEP PASS: Card #1 rating not empty
2025-12-30 04:18:41 INFO  STEP PASS: Card #2 thumbnail not empty
2025-12-30 04:18:41 INFO  STEP PASS: Card #2 images button displayed
2025-12-30 04:18:41 INFO  STEP PASS: Card #2 reviews button displayed
2025-12-30 04:18:41 INFO  STEP PASS: Card #2 title not empty
2025-12-30 04:18:41 INFO  STEP PASS: Card #2 description not empty
2025-12-30 04:18:41 INFO  STEP PASS: Card #2 price not empty
2025-12-30 04:18:41 INFO  STEP PASS: Card #2 rating not empty
2025-12-30 04:18:42 INFO  STEP PASS: Card #3 thumbnail not empty
2025-12-30 04:18:42 INFO  STEP PASS: Card #3 images button displayed
2025-12-30 04:18:42 INFO  STEP PASS: Card #3 reviews button displayed
2025-12-30 04:18:42 INFO  STEP PASS: Card #3 title not empty
2025-12-30 04:18:42 INFO  STEP PASS: Card #3 description not empty
2025-12-30 04:18:42 INFO  STEP PASS: Card #3 price not empty
2025-12-30 04:18:42 INFO  STEP PASS: Card #3 rating not empty
2025-12-30 04:18:42 INFO  STEP PASS: Card #4 thumbnail not empty
2025-12-30 04:18:42 INFO  STEP PASS: Card #4 images button displayed
2025-12-30 04:18:42 INFO  STEP PASS: Card #4 reviews button displayed
2025-12-30 04:18:42 INFO  STEP PASS: Card #4 title not empty
2025-12-30 04:18:42 INFO  STEP PASS: Card #4 description not empty
2025-12-30 04:18:42 INFO  STEP PASS: Card #4 price not empty
2025-12-30 04:18:42 INFO  STEP PASS: Card #4 rating not empty
2025-12-30 04:18:42 INFO  STEP PASS: Card #5 thumbnail not empty
2025-12-30 04:18:42 INFO  STEP PASS: Card #5 images button displayed
2025-12-30 04:18:42 INFO  STEP PASS: Card #5 reviews button displayed
2025-12-30 04:18:42 INFO  STEP PASS: Card #5 title not empty
2025-12-30 04:18:42 INFO  STEP PASS: Card #5 description not empty
2025-12-30 04:18:42 INFO  STEP PASS: Card #5 price not empty
2025-12-30 04:18:42 INFO  STEP PASS: Card #5 rating not empty
2025-12-30 04:18:42 INFO  === PASS  tests.productCardsTests.ProductCardElementsTests.productCards_shouldContainAllRequiredElements[Exp#14 [f1=2, f2=2, f3=2, f4=3, f5=1, f6=2, f7=1, f8=3]] ===
2025-12-30 04:18:42 INFO  === END   tests.productCardsTests.ProductCardElementsTests.productCards_shouldContainAllRequiredElements[Exp#14 [f1=2, f2=2, f3=2, f4=3, f5=1, f6=2, f7=1, f8=3]] ===
2025-12-30 04:18:42 INFO  === START tests.productCardsTests.ProductCardElementsTests.productCards_shouldContainAllRequiredElements[Exp#15 [f1=2, f2=2, f3=3, f4=1, f5=2, f6=3, f7=2, f8=1]] ===
2025-12-30 04:18:49 INFO  STEP PASS: Card #1 thumbnail not empty
2025-12-30 04:18:49 INFO  STEP PASS: Card #1 images button displayed
2025-12-30 04:18:49 INFO  STEP PASS: Card #1 reviews button displayed
2025-12-30 04:18:49 INFO  STEP PASS: Card #1 title not empty
2025-12-30 04:18:49 INFO  STEP PASS: Card #1 description not empty
2025-12-30 04:18:49 INFO  STEP PASS: Card #1 price not empty
2025-12-30 04:18:49 INFO  STEP PASS: Card #1 rating not empty
2025-12-30 04:18:49 INFO  STEP PASS: Card #2 thumbnail not empty
2025-12-30 04:18:49 INFO  STEP PASS: Card #2 images button displayed
2025-12-30 04:18:49 INFO  STEP PASS: Card #2 reviews button displayed
2025-12-30 04:18:49 INFO  STEP PASS: Card #2 title not empty
2025-12-30 04:18:49 INFO  STEP PASS: Card #2 description not empty
2025-12-30 04:18:49 INFO  STEP PASS: Card #2 price not empty
2025-12-30 04:18:49 INFO  STEP PASS: Card #2 rating not empty
2025-12-30 04:18:50 INFO  STEP PASS: Card #3 thumbnail not empty
2025-12-30 04:18:50 INFO  STEP PASS: Card #3 images button displayed
2025-12-30 04:18:50 INFO  STEP PASS: Card #3 reviews button displayed
2025-12-30 04:18:50 INFO  STEP PASS: Card #3 title not empty
2025-12-30 04:18:50 INFO  STEP PASS: Card #3 description not empty
2025-12-30 04:18:50 INFO  STEP PASS: Card #3 price not empty
2025-12-30 04:18:50 INFO  STEP PASS: Card #3 rating not empty
2025-12-30 04:18:50 INFO  STEP PASS: Card #4 thumbnail not empty
2025-12-30 04:18:50 INFO  STEP PASS: Card #4 images button displayed
2025-12-30 04:18:50 INFO  STEP PASS: Card #4 reviews button displayed
2025-12-30 04:18:50 INFO  STEP PASS: Card #4 title not empty
2025-12-30 04:18:50 INFO  STEP PASS: Card #4 description not empty
2025-12-30 04:18:50 INFO  STEP PASS: Card #4 price not empty
2025-12-30 04:18:50 INFO  STEP PASS: Card #4 rating not empty
2025-12-30 04:18:50 INFO  STEP PASS: Card #5 thumbnail not empty
2025-12-30 04:18:50 INFO  STEP PASS: Card #5 images button displayed
2025-12-30 04:18:50 INFO  STEP PASS: Card #5 reviews button displayed
2025-12-30 04:18:50 INFO  STEP PASS: Card #5 title not empty
2025-12-30 04:18:50 INFO  STEP PASS: Card #5 description not empty
2025-12-30 04:18:50 INFO  STEP PASS: Card #5 price not empty
2025-12-30 04:18:50 INFO  STEP PASS: Card #5 rating not empty
2025-12-30 04:18:50 INFO  === PASS  tests.productCardsTests.ProductCardElementsTests.productCards_shouldContainAllRequiredElements[Exp#15 [f1=2, f2=2, f3=3, f4=1, f5=2, f6=3, f7=2, f8=1]] ===
2025-12-30 04:18:50 INFO  === END   tests.productCardsTests.ProductCardElementsTests.productCards_shouldContainAllRequiredElements[Exp#15 [f1=2, f2=2, f3=3, f4=1, f5=2, f6=3, f7=2, f8=1]] ===
2025-12-30 04:18:50 INFO  === START tests.productCardsTests.ProductCardElementsTests.productCards_shouldContainAllRequiredElements[Exp#16 [f1=2, f2=3, f3=1, f4=3, f5=2, f6=3, f7=1, f8=2]] ===
2025-12-30 04:18:57 INFO  STEP PASS: Card #1 thumbnail not empty
2025-12-30 04:18:57 INFO  STEP PASS: Card #1 images button displayed
2025-12-30 04:18:57 INFO  STEP PASS: Card #1 reviews button displayed
2025-12-30 04:18:57 INFO  STEP PASS: Card #1 title not empty
2025-12-30 04:18:57 INFO  STEP PASS: Card #1 description not empty
2025-12-30 04:18:57 INFO  STEP PASS: Card #1 price not empty
2025-12-30 04:18:57 INFO  STEP PASS: Card #1 rating not empty
2025-12-30 04:18:57 INFO  STEP PASS: Card #2 thumbnail not empty
2025-12-30 04:18:57 INFO  STEP PASS: Card #2 images button displayed
2025-12-30 04:18:57 INFO  STEP PASS: Card #2 reviews button displayed
2025-12-30 04:18:57 INFO  STEP PASS: Card #2 title not empty
2025-12-30 04:18:57 INFO  STEP PASS: Card #2 description not empty
2025-12-30 04:18:57 INFO  STEP PASS: Card #2 price not empty
2025-12-30 04:18:57 INFO  STEP PASS: Card #2 rating not empty
2025-12-30 04:18:57 INFO  STEP PASS: Card #3 thumbnail not empty
2025-12-30 04:18:57 INFO  STEP PASS: Card #3 images button displayed
2025-12-30 04:18:57 INFO  STEP PASS: Card #3 reviews button displayed
2025-12-30 04:18:57 INFO  STEP PASS: Card #3 title not empty
2025-12-30 04:18:57 INFO  STEP PASS: Card #3 description not empty
2025-12-30 04:18:57 INFO  STEP PASS: Card #3 price not empty
2025-12-30 04:18:57 INFO  STEP PASS: Card #3 rating not empty
2025-12-30 04:18:57 INFO  STEP PASS: Card #4 thumbnail not empty
2025-12-30 04:18:57 INFO  STEP PASS: Card #4 images button displayed
2025-12-30 04:18:57 INFO  STEP PASS: Card #4 reviews button displayed
2025-12-30 04:18:57 INFO  STEP PASS: Card #4 title not empty
2025-12-30 04:18:57 INFO  STEP PASS: Card #4 description not empty
2025-12-30 04:18:57 INFO  STEP PASS: Card #4 price not empty
2025-12-30 04:18:57 INFO  STEP PASS: Card #4 rating not empty
2025-12-30 04:18:57 INFO  STEP PASS: Card #5 thumbnail not empty
2025-12-30 04:18:57 INFO  STEP PASS: Card #5 images button displayed
2025-12-30 04:18:57 INFO  STEP PASS: Card #5 reviews button displayed
2025-12-30 04:18:57 INFO  STEP PASS: Card #5 title not empty
2025-12-30 04:18:57 INFO  STEP PASS: Card #5 description not empty
2025-12-30 04:18:57 INFO  STEP PASS: Card #5 price not empty
2025-12-30 04:18:58 INFO  STEP PASS: Card #5 rating not empty
2025-12-30 04:18:58 INFO  === PASS  tests.productCardsTests.ProductCardElementsTests.productCards_shouldContainAllRequiredElements[Exp#16 [f1=2, f2=3, f3=1, f4=3, f5=2, f6=3, f7=1, f8=2]] ===
2025-12-30 04:18:58 INFO  === END   tests.productCardsTests.ProductCardElementsTests.productCards_shouldContainAllRequiredElements[Exp#16 [f1=2, f2=3, f3=1, f4=3, f5=2, f6=3, f7=1, f8=2]] ===
2025-12-30 04:18:58 INFO  === START tests.productCardsTests.ProductCardElementsTests.productCards_shouldContainAllRequiredElements[Exp#17 [f1=2, f2=3, f3=2, f4=1, f5=3, f6=1, f7=2, f8=3]] ===
2025-12-30 04:19:04 INFO  STEP PASS: Card #1 thumbnail not empty
2025-12-30 04:19:04 INFO  STEP PASS: Card #1 images button displayed
2025-12-30 04:19:04 INFO  STEP PASS: Card #1 reviews button displayed
2025-12-30 04:19:04 INFO  STEP PASS: Card #1 title not empty
2025-12-30 04:19:04 INFO  STEP PASS: Card #1 description not empty
2025-12-30 04:19:04 INFO  STEP PASS: Card #1 price not empty
2025-12-30 04:19:04 INFO  STEP PASS: Card #1 rating not empty
2025-12-30 04:19:04 INFO  STEP PASS: Card #2 thumbnail not empty
2025-12-30 04:19:04 INFO  STEP PASS: Card #2 images button displayed
2025-12-30 04:19:04 INFO  STEP PASS: Card #2 reviews button displayed
2025-12-30 04:19:04 INFO  STEP PASS: Card #2 title not empty
2025-12-30 04:19:04 INFO  STEP PASS: Card #2 description not empty
2025-12-30 04:19:04 INFO  STEP PASS: Card #2 price not empty
2025-12-30 04:19:05 INFO  STEP PASS: Card #2 rating not empty
2025-12-30 04:19:05 INFO  STEP PASS: Card #3 thumbnail not empty
2025-12-30 04:19:05 INFO  STEP PASS: Card #3 images button displayed
2025-12-30 04:19:05 INFO  STEP PASS: Card #3 reviews button displayed
2025-12-30 04:19:05 INFO  STEP PASS: Card #3 title not empty
2025-12-30 04:19:05 INFO  STEP PASS: Card #3 description not empty
2025-12-30 04:19:05 INFO  STEP PASS: Card #3 price not empty
2025-12-30 04:19:05 INFO  STEP PASS: Card #3 rating not empty
2025-12-30 04:19:05 INFO  STEP PASS: Card #4 thumbnail not empty
2025-12-30 04:19:05 INFO  STEP PASS: Card #4 images button displayed
2025-12-30 04:19:05 INFO  STEP PASS: Card #4 reviews button displayed
2025-12-30 04:19:05 INFO  STEP PASS: Card #4 title not empty
2025-12-30 04:19:05 INFO  STEP PASS: Card #4 description not empty
2025-12-30 04:19:05 INFO  STEP PASS: Card #4 price not empty
2025-12-30 04:19:05 INFO  STEP PASS: Card #4 rating not empty
2025-12-30 04:19:05 INFO  === PASS  tests.productCardsTests.ProductCardElementsTests.productCards_shouldContainAllRequiredElements[Exp#17 [f1=2, f2=3, f3=2, f4=1, f5=3, f6=1, f7=2, f8=3]] ===
2025-12-30 04:19:05 INFO  === END   tests.productCardsTests.ProductCardElementsTests.productCards_shouldContainAllRequiredElements[Exp#17 [f1=2, f2=3, f3=2, f4=1, f5=3, f6=1, f7=2, f8=3]] ===
2025-12-30 04:19:05 INFO  === START tests.productCardsTests.ProductCardElementsTests.productCards_shouldContainAllRequiredElements[Exp#18 [f1=2, f2=3, f3=3, f4=2, f5=1, f6=2, f7=3, f8=1]] ===
2025-12-30 04:19:11 INFO  STEP PASS: Card #1 thumbnail not empty
2025-12-30 04:19:11 INFO  STEP PASS: Card #1 images button displayed
2025-12-30 04:19:11 INFO  STEP PASS: Card #1 reviews button displayed
2025-12-30 04:19:11 INFO  STEP PASS: Card #1 title not empty
2025-12-30 04:19:11 INFO  STEP PASS: Card #1 description not empty
2025-12-30 04:19:11 INFO  STEP PASS: Card #1 price not empty
2025-12-30 04:19:11 INFO  STEP PASS: Card #1 rating not empty
2025-12-30 04:19:12 INFO  STEP PASS: Card #2 thumbnail not empty
2025-12-30 04:19:12 INFO  STEP PASS: Card #2 images button displayed
2025-12-30 04:19:12 INFO  STEP PASS: Card #2 reviews button displayed
2025-12-30 04:19:12 INFO  STEP PASS: Card #2 title not empty
2025-12-30 04:19:12 INFO  STEP PASS: Card #2 description not empty
2025-12-30 04:19:12 INFO  STEP PASS: Card #2 price not empty
2025-12-30 04:19:12 INFO  STEP PASS: Card #2 rating not empty
2025-12-30 04:19:12 INFO  STEP PASS: Card #3 thumbnail not empty
2025-12-30 04:19:12 INFO  STEP PASS: Card #3 images button displayed
2025-12-30 04:19:12 INFO  STEP PASS: Card #3 reviews button displayed
2025-12-30 04:21:37 INFO  === START tests.productCardsTests.ProductCardElementsTests.productCards_shouldContainAllRequiredElements[Exp#1 [f1=1, f2=1, f3=1, f4=1, f5=1, f6=1, f7=1, f8=1]] ===
2025-12-30 04:21:49 INFO  STEP PASS: Card #1 thumbnail not empty
2025-12-30 04:21:49 INFO  STEP PASS: Card #1 images button displayed
2025-12-30 04:21:49 ERROR STEP FAIL: Card #1 reviews button displayed
2025-12-30 04:21:50 ERROR === FAIL  tests.productCardsTests.ProductCardElementsTests.productCards_shouldContainAllRequiredElements[Exp#1 [f1=1, f2=1, f3=1, f4=1, f5=1, f6=1, f7=1, f8=1]] ===
java.lang.AssertionError: Card #1 reviews button displayed
	at org.junit.Assert.fail(Assert.java:89) ~[junit-4.13.jar:4.13]
	at org.junit.Assert.assertTrue(Assert.java:42) ~[junit-4.13.jar:4.13]
	at org.junit.Assert.assertFalse(Assert.java:65) ~[junit-4.13.jar:4.13]
	at tests.BaseTest.checkFalse(BaseTest.java:99) ~[test-classes/:?]
	at tests.productCardsTests.ProductCardElementsTests.productCards_shouldContainAllRequiredElements(ProductCardElementsTests.java:53) ~[test-classes/:?]
	at jdk.internal.reflect.DirectMethodHandleAccessor.invoke(DirectMethodHandleAccessor.java:103) ~[?:?]
	at java.lang.reflect.Method.invoke(Method.java:580) ~[?:?]
	at org.junit.runners.model.FrameworkMethod$1.runReflectiveCall(FrameworkMethod.java:59) ~[junit-4.13.jar:4.13]
	at org.junit.internal.runners.model.ReflectiveCallable.run(ReflectiveCallable.java:12) ~[junit-4.13.jar:4.13]
	at org.junit.runners.model.FrameworkMethod.invokeExplosively(FrameworkMethod.java:56) ~[junit-4.13.jar:4.13]
	at org.junit.internal.runners.statements.InvokeMethod.evaluate(InvokeMethod.java:17) ~[junit-4.13.jar:4.13]
	at org.junit.internal.runners.statements.RunBefores.evaluate(RunBefores.java:26) ~[junit-4.13.jar:4.13]
	at org.junit.internal.runners.statements.RunAfters.evaluate(RunAfters.java:27) ~[junit-4.13.jar:4.13]
	at org.junit.rules.TestWatcher$1.evaluate(TestWatcher.java:61) [junit-4.13.jar:4.13]
	at org.junit.runners.ParentRunner$3.evaluate(ParentRunner.java:306) [junit-4.13.jar:4.13]
	at org.junit.runners.BlockJUnit4ClassRunner$1.evaluate(BlockJUnit4ClassRunner.java:100) [junit-4.13.jar:4.13]
	at org.junit.runners.ParentRunner.runLeaf(ParentRunner.java:366) [junit-4.13.jar:4.13]
	at org.junit.runners.BlockJUnit4ClassRunner.runChild(BlockJUnit4ClassRunner.java:103) [junit-4.13.jar:4.13]
	at org.junit.runners.BlockJUnit4ClassRunner.runChild(BlockJUnit4ClassRunner.java:63) [junit-4.13.jar:4.13]
	at org.junit.runners.ParentRunner$4.run(ParentRunner.java:331) [junit-4.13.jar:4.13]
	at org.junit.runners.ParentRunner$1.schedule(ParentRunner.java:79) [junit-4.13.jar:4.13]
	at org.junit.runners.ParentRunner.runChildren(ParentRunner.java:329) [junit-4.13.jar:4.13]
	at org.junit.runners.ParentRunner.access$100(ParentRunner.java:66) [junit-4.13.jar:4.13]
	at org.junit.runners.ParentRunner$2.evaluate(ParentRunner.java:293) [junit-4.13.jar:4.13]
	at org.junit.runners.ParentRunner.run(ParentRunner.java:413) [junit-4.13.jar:4.13]
	at org.junit.runners.Suite.runChild(Suite.java:128) [junit-4.13.jar:4.13]
	at org.junit.runners.Suite.runChild(Suite.java:27) [junit-4.13.jar:4.13]
	at org.junit.runners.ParentRunner$4.run(ParentRunner.java:331) [junit-4.13.jar:4.13]
	at org.junit.runners.ParentRunner$1.schedule(ParentRunner.java:79) [junit-4.13.jar:4.13]
	at org.junit.runners.ParentRunner.runChildren(ParentRunner.java:329) [junit-4.13.jar:4.13]
	at org.junit.runners.ParentRunner.access$100(ParentRunner.java:66) [junit-4.13.jar:4.13]
	at org.junit.runners.ParentRunner$2.evaluate(ParentRunner.java:293) [junit-4.13.jar:4.13]
	at org.junit.runners.ParentRunner$3.evaluate(ParentRunner.java:306) [junit-4.13.jar:4.13]
	at org.junit.runners.ParentRunner.run(ParentRunner.java:413) [junit-4.13.jar:4.13]
	at org.eclipse.jdt.internal.junit4.runner.JUnit4TestReference.run(JUnit4TestReference.java:93) [.cp/:?]
	at org.eclipse.jdt.internal.junit.runner.TestExecution.run(TestExecution.java:40) [.cp/:?]
	at org.eclipse.jdt.internal.junit.runner.RemoteTestRunner.runTests(RemoteTestRunner.java:530) [.cp/:?]
	at org.eclipse.jdt.internal.junit.runner.RemoteTestRunner.runTests(RemoteTestRunner.java:758) [.cp/:?]
	at org.eclipse.jdt.internal.junit.runner.RemoteTestRunner.run(RemoteTestRunner.java:453) [.cp/:?]
	at org.eclipse.jdt.internal.junit.runner.RemoteTestRunner.main(RemoteTestRunner.java:211) [.cp/:?]
2025-12-30 04:21:50 INFO  === END   tests.productCardsTests.ProductCardElementsTests.productCards_shouldContainAllRequiredElements[Exp#1 [f1=1, f2=1, f3=1, f4=1, f5=1, f6=1, f7=1, f8=1]] ===
2025-12-30 04:21:50 INFO  === START tests.productCardsTests.ProductCardElementsTests.productCards_shouldContainAllRequiredElements[Exp#2 [f1=1, f2=1, f3=2, f4=2, f5=2, f6=2, f7=2, f8=2]] ===
2025-12-30 04:21:58 INFO  STEP PASS: Card #1 thumbnail not empty
2025-12-30 04:21:58 INFO  STEP PASS: Card #1 images button displayed
2025-12-30 04:21:58 ERROR STEP FAIL: Card #1 reviews button displayed
2025-12-30 04:21:58 ERROR === FAIL  tests.productCardsTests.ProductCardElementsTests.productCards_shouldContainAllRequiredElements[Exp#2 [f1=1, f2=1, f3=2, f4=2, f5=2, f6=2, f7=2, f8=2]] ===
java.lang.AssertionError: Card #1 reviews button displayed
	at org.junit.Assert.fail(Assert.java:89) ~[junit-4.13.jar:4.13]
	at org.junit.Assert.assertTrue(Assert.java:42) ~[junit-4.13.jar:4.13]
	at org.junit.Assert.assertFalse(Assert.java:65) ~[junit-4.13.jar:4.13]
	at tests.BaseTest.checkFalse(BaseTest.java:99) ~[test-classes/:?]
	at tests.productCardsTests.ProductCardElementsTests.productCards_shouldContainAllRequiredElements(ProductCardElementsTests.java:53) ~[test-classes/:?]
	at jdk.internal.reflect.DirectMethodHandleAccessor.invoke(DirectMethodHandleAccessor.java:103) ~[?:?]
	at java.lang.reflect.Method.invoke(Method.java:580) ~[?:?]
	at org.junit.runners.model.FrameworkMethod$1.runReflectiveCall(FrameworkMethod.java:59) ~[junit-4.13.jar:4.13]
	at org.junit.internal.runners.model.ReflectiveCallable.run(ReflectiveCallable.java:12) ~[junit-4.13.jar:4.13]
	at org.junit.runners.model.FrameworkMethod.invokeExplosively(FrameworkMethod.java:56) ~[junit-4.13.jar:4.13]
	at org.junit.internal.runners.statements.InvokeMethod.evaluate(InvokeMethod.java:17) ~[junit-4.13.jar:4.13]
	at org.junit.internal.runners.statements.RunBefores.evaluate(RunBefores.java:26) ~[junit-4.13.jar:4.13]
	at org.junit.internal.runners.statements.RunAfters.evaluate(RunAfters.java:27) ~[junit-4.13.jar:4.13]
	at org.junit.rules.TestWatcher$1.evaluate(TestWatcher.java:61) [junit-4.13.jar:4.13]
	at org.junit.runners.ParentRunner$3.evaluate(ParentRunner.java:306) [junit-4.13.jar:4.13]
	at org.junit.runners.BlockJUnit4ClassRunner$1.evaluate(BlockJUnit4ClassRunner.java:100) [junit-4.13.jar:4.13]
	at org.junit.runners.ParentRunner.runLeaf(ParentRunner.java:366) [junit-4.13.jar:4.13]
	at org.junit.runners.BlockJUnit4ClassRunner.runChild(BlockJUnit4ClassRunner.java:103) [junit-4.13.jar:4.13]
	at org.junit.runners.BlockJUnit4ClassRunner.runChild(BlockJUnit4ClassRunner.java:63) [junit-4.13.jar:4.13]
	at org.junit.runners.ParentRunner$4.run(ParentRunner.java:331) [junit-4.13.jar:4.13]
	at org.junit.runners.ParentRunner$1.schedule(ParentRunner.java:79) [junit-4.13.jar:4.13]
	at org.junit.runners.ParentRunner.runChildren(ParentRunner.java:329) [junit-4.13.jar:4.13]
	at org.junit.runners.ParentRunner.access$100(ParentRunner.java:66) [junit-4.13.jar:4.13]
	at org.junit.runners.ParentRunner$2.evaluate(ParentRunner.java:293) [junit-4.13.jar:4.13]
	at org.junit.runners.ParentRunner.run(ParentRunner.java:413) [junit-4.13.jar:4.13]
	at org.junit.runners.Suite.runChild(Suite.java:128) [junit-4.13.jar:4.13]
	at org.junit.runners.Suite.runChild(Suite.java:27) [junit-4.13.jar:4.13]
	at org.junit.runners.ParentRunner$4.run(ParentRunner.java:331) [junit-4.13.jar:4.13]
	at org.junit.runners.ParentRunner$1.schedule(ParentRunner.java:79) [junit-4.13.jar:4.13]
	at org.junit.runners.ParentRunner.runChildren(ParentRunner.java:329) [junit-4.13.jar:4.13]
	at org.junit.runners.ParentRunner.access$100(ParentRunner.java:66) [junit-4.13.jar:4.13]
	at org.junit.runners.ParentRunner$2.evaluate(ParentRunner.java:293) [junit-4.13.jar:4.13]
	at org.junit.runners.ParentRunner$3.evaluate(ParentRunner.java:306) [junit-4.13.jar:4.13]
	at org.junit.runners.ParentRunner.run(ParentRunner.java:413) [junit-4.13.jar:4.13]
	at org.eclipse.jdt.internal.junit4.runner.JUnit4TestReference.run(JUnit4TestReference.java:93) [.cp/:?]
	at org.eclipse.jdt.internal.junit.runner.TestExecution.run(TestExecution.java:40) [.cp/:?]
	at org.eclipse.jdt.internal.junit.runner.RemoteTestRunner.runTests(RemoteTestRunner.java:530) [.cp/:?]
	at org.eclipse.jdt.internal.junit.runner.RemoteTestRunner.runTests(RemoteTestRunner.java:758) [.cp/:?]
	at org.eclipse.jdt.internal.junit.runner.RemoteTestRunner.run(RemoteTestRunner.java:453) [.cp/:?]
	at org.eclipse.jdt.internal.junit.runner.RemoteTestRunner.main(RemoteTestRunner.java:211) [.cp/:?]
2025-12-30 04:21:58 INFO  === END   tests.productCardsTests.ProductCardElementsTests.productCards_shouldContainAllRequiredElements[Exp#2 [f1=1, f2=1, f3=2, f4=2, f5=2, f6=2, f7=2, f8=2]] ===
2025-12-30 04:21:58 INFO  === START tests.productCardsTests.ProductCardElementsTests.productCards_shouldContainAllRequiredElements[Exp#3 [f1=1, f2=1, f3=3, f4=3, f5=3, f6=3, f7=3, f8=3]] ===
2025-12-30 04:22:07 INFO  STEP PASS: Card #1 thumbnail not empty
2025-12-30 04:22:07 INFO  STEP PASS: Card #1 images button displayed
2025-12-30 04:22:07 ERROR STEP FAIL: Card #1 reviews button displayed
2025-12-30 04:22:07 ERROR === FAIL  tests.productCardsTests.ProductCardElementsTests.productCards_shouldContainAllRequiredElements[Exp#3 [f1=1, f2=1, f3=3, f4=3, f5=3, f6=3, f7=3, f8=3]] ===
java.lang.AssertionError: Card #1 reviews button displayed
	at org.junit.Assert.fail(Assert.java:89) ~[junit-4.13.jar:4.13]
	at org.junit.Assert.assertTrue(Assert.java:42) ~[junit-4.13.jar:4.13]
	at org.junit.Assert.assertFalse(Assert.java:65) ~[junit-4.13.jar:4.13]
	at tests.BaseTest.checkFalse(BaseTest.java:99) ~[test-classes/:?]
	at tests.productCardsTests.ProductCardElementsTests.productCards_shouldContainAllRequiredElements(ProductCardElementsTests.java:53) ~[test-classes/:?]
	at jdk.internal.reflect.DirectMethodHandleAccessor.invoke(DirectMethodHandleAccessor.java:103) ~[?:?]
	at java.lang.reflect.Method.invoke(Method.java:580) ~[?:?]
	at org.junit.runners.model.FrameworkMethod$1.runReflectiveCall(FrameworkMethod.java:59) ~[junit-4.13.jar:4.13]
	at org.junit.internal.runners.model.ReflectiveCallable.run(ReflectiveCallable.java:12) ~[junit-4.13.jar:4.13]
	at org.junit.runners.model.FrameworkMethod.invokeExplosively(FrameworkMethod.java:56) ~[junit-4.13.jar:4.13]
	at org.junit.internal.runners.statements.InvokeMethod.evaluate(InvokeMethod.java:17) ~[junit-4.13.jar:4.13]
	at org.junit.internal.runners.statements.RunBefores.evaluate(RunBefores.java:26) ~[junit-4.13.jar:4.13]
	at org.junit.internal.runners.statements.RunAfters.evaluate(RunAfters.java:27) ~[junit-4.13.jar:4.13]
	at org.junit.rules.TestWatcher$1.evaluate(TestWatcher.java:61) [junit-4.13.jar:4.13]
	at org.junit.runners.ParentRunner$3.evaluate(ParentRunner.java:306) [junit-4.13.jar:4.13]
	at org.junit.runners.BlockJUnit4ClassRunner$1.evaluate(BlockJUnit4ClassRunner.java:100) [junit-4.13.jar:4.13]
	at org.junit.runners.ParentRunner.runLeaf(ParentRunner.java:366) [junit-4.13.jar:4.13]
	at org.junit.runners.BlockJUnit4ClassRunner.runChild(BlockJUnit4ClassRunner.java:103) [junit-4.13.jar:4.13]
	at org.junit.runners.BlockJUnit4ClassRunner.runChild(BlockJUnit4ClassRunner.java:63) [junit-4.13.jar:4.13]
	at org.junit.runners.ParentRunner$4.run(ParentRunner.java:331) [junit-4.13.jar:4.13]
	at org.junit.runners.ParentRunner$1.schedule(ParentRunner.java:79) [junit-4.13.jar:4.13]
	at org.junit.runners.ParentRunner.runChildren(ParentRunner.java:329) [junit-4.13.jar:4.13]
	at org.junit.runners.ParentRunner.access$100(ParentRunner.java:66) [junit-4.13.jar:4.13]
	at org.junit.runners.ParentRunner$2.evaluate(ParentRunner.java:293) [junit-4.13.jar:4.13]
	at org.junit.runners.ParentRunner.run(ParentRunner.java:413) [junit-4.13.jar:4.13]
	at org.junit.runners.Suite.runChild(Suite.java:128) [junit-4.13.jar:4.13]
	at org.junit.runners.Suite.runChild(Suite.java:27) [junit-4.13.jar:4.13]
	at org.junit.runners.ParentRunner$4.run(ParentRunner.java:331) [junit-4.13.jar:4.13]
	at org.junit.runners.ParentRunner$1.schedule(ParentRunner.java:79) [junit-4.13.jar:4.13]
	at org.junit.runners.ParentRunner.runChildren(ParentRunner.java:329) [junit-4.13.jar:4.13]
	at org.junit.runners.ParentRunner.access$100(ParentRunner.java:66) [junit-4.13.jar:4.13]
	at org.junit.runners.ParentRunner$2.evaluate(ParentRunner.java:293) [junit-4.13.jar:4.13]
	at org.junit.runners.ParentRunner$3.evaluate(ParentRunner.java:306) [junit-4.13.jar:4.13]
	at org.junit.runners.ParentRunner.run(ParentRunner.java:413) [junit-4.13.jar:4.13]
	at org.eclipse.jdt.internal.junit4.runner.JUnit4TestReference.run(JUnit4TestReference.java:93) [.cp/:?]
	at org.eclipse.jdt.internal.junit.runner.TestExecution.run(TestExecution.java:40) [.cp/:?]
	at org.eclipse.jdt.internal.junit.runner.RemoteTestRunner.runTests(RemoteTestRunner.java:530) [.cp/:?]
	at org.eclipse.jdt.internal.junit.runner.RemoteTestRunner.runTests(RemoteTestRunner.java:758) [.cp/:?]
	at org.eclipse.jdt.internal.junit.runner.RemoteTestRunner.run(RemoteTestRunner.java:453) [.cp/:?]
	at org.eclipse.jdt.internal.junit.runner.RemoteTestRunner.main(RemoteTestRunner.java:211) [.cp/:?]
2025-12-30 04:22:07 INFO  === END   tests.productCardsTests.ProductCardElementsTests.productCards_shouldContainAllRequiredElements[Exp#3 [f1=1, f2=1, f3=3, f4=3, f5=3, f6=3, f7=3, f8=3]] ===
2025-12-30 04:22:07 INFO  === START tests.productCardsTests.ProductCardElementsTests.productCards_shouldContainAllRequiredElements[Exp#4 [f1=1, f2=2, f3=1, f4=1, f5=2, f6=2, f7=3, f8=3]] ===
2025-12-30 04:29:21 INFO  === START tests.productCardsTests.RatingMatchesReviewsTests.reviewsShouldMatchRating[Exp#1 [f1=1, f2=1, f3=1, f4=1, f5=1, f6=1, f7=1, f8=1]] ===
2025-12-30 04:29:23 INFO  STEP: 📝 New input: Filling form fields.
2025-12-30 04:29:31 INFO  STEP: === CARD 1 ===
2025-12-30 04:29:31 INFO  STEP: Toggle Reviews
2025-12-30 04:29:31 INFO  STEP: Is reviwes window open?: true
2025-12-30 04:29:32 INFO  STEP: Number of reviews: 4
2025-12-30 04:29:32 INFO  STEP: stars:5
2025-12-30 04:29:32 INFO  STEP: stars:3
2025-12-30 04:29:32 INFO  STEP: stars:3
2025-12-30 04:29:32 INFO  STEP: stars:5
2025-12-30 04:29:32 INFO  STEP: sum of stars:16
2025-12-30 04:29:32 INFO  STEP: #1 Product rating: 4.5 ||| Actual rating:4.0
2025-12-30 04:29:32 INFO  STEP: === CARD 2 ===
2025-12-30 04:29:32 INFO  STEP: Toggle Reviews
2025-12-30 04:29:32 INFO  STEP: Is reviwes window open?: true
2025-12-30 04:29:33 INFO  STEP: Number of reviews: 4
2025-12-30 04:29:33 INFO  STEP: stars:5
2025-12-30 04:29:33 INFO  STEP: stars:3
2025-12-30 04:29:33 INFO  STEP: stars:2
2025-12-30 04:29:33 INFO  STEP: stars:4
2025-12-30 04:29:33 INFO  STEP: sum of stars:14
2025-12-30 04:29:33 INFO  STEP: #2 Product rating: 4.4 ||| Actual rating:3.0
2025-12-30 04:29:33 INFO  STEP: === CARD 3 ===
2025-12-30 04:29:33 INFO  STEP: Toggle Reviews
2025-12-30 04:29:34 INFO  STEP: Is reviwes window open?: true
2025-12-30 04:29:34 INFO  STEP: Number of reviews: 4
2025-12-30 04:29:34 INFO  STEP: stars:5
2025-12-30 04:29:34 INFO  STEP: stars:5
2025-12-30 04:29:34 INFO  STEP: stars:3
2025-12-30 04:29:34 INFO  STEP: stars:4
2025-12-30 04:29:34 INFO  STEP: sum of stars:17
2025-12-30 04:29:34 INFO  STEP: #3 Product rating: 3.9 ||| Actual rating:4.0
2025-12-30 04:29:34 INFO  STEP: === CARD 4 ===
2025-12-30 04:29:34 INFO  STEP: Toggle Reviews
2025-12-30 04:29:35 INFO  STEP: Is reviwes window open?: true
2025-12-30 04:29:35 INFO  STEP: Number of reviews: 4
2025-12-30 04:29:35 INFO  STEP: stars:5
2025-12-30 04:29:35 INFO  STEP: stars:5
2025-12-30 04:29:35 INFO  STEP: stars:2
2025-12-30 04:29:35 INFO  STEP: stars:4
2025-12-30 04:29:35 INFO  STEP: sum of stars:16
2025-12-30 04:29:35 INFO  STEP: #4 Product rating: 3.0 ||| Actual rating:4.0
2025-12-30 04:29:35 INFO  STEP: === CARD 5 ===
2025-12-30 04:29:35 INFO  STEP: Toggle Reviews
2025-12-30 04:29:35 INFO  STEP: Is reviwes window open?: true
2025-12-30 04:29:36 INFO  STEP: Number of reviews: 4
2025-12-30 04:29:36 INFO  STEP: stars:5
2025-12-30 04:29:36 INFO  STEP: stars:5
2025-12-30 04:29:36 INFO  STEP: stars:5
2025-12-30 04:29:36 INFO  STEP: stars:4
2025-12-30 04:29:36 INFO  STEP: sum of stars:19
2025-12-30 04:29:36 INFO  STEP: #5 Product rating: 2.8 ||| Actual rating:4.0
2025-12-30 04:29:36 ERROR STEP FAIL: All reviews ratings should match the product rating
2025-12-30 04:29:37 ERROR === FAIL  tests.productCardsTests.RatingMatchesReviewsTests.reviewsShouldMatchRating[Exp#1 [f1=1, f2=1, f3=1, f4=1, f5=1, f6=1, f7=1, f8=1]] ===
java.lang.AssertionError: All reviews ratings should match the product rating
	at org.junit.Assert.fail(Assert.java:89) ~[junit-4.13.jar:4.13]
	at org.junit.Assert.assertTrue(Assert.java:42) ~[junit-4.13.jar:4.13]
	at tests.BaseTest.checkTrue(BaseTest.java:90) ~[test-classes/:?]
	at tests.productCardsTests.RatingMatchesReviewsTests.reviewsShouldMatchRating(RatingMatchesReviewsTests.java:80) ~[test-classes/:?]
	at jdk.internal.reflect.DirectMethodHandleAccessor.invoke(DirectMethodHandleAccessor.java:103) ~[?:?]
	at java.lang.reflect.Method.invoke(Method.java:580) ~[?:?]
	at org.junit.runners.model.FrameworkMethod$1.runReflectiveCall(FrameworkMethod.java:59) ~[junit-4.13.jar:4.13]
	at org.junit.internal.runners.model.ReflectiveCallable.run(ReflectiveCallable.java:12) ~[junit-4.13.jar:4.13]
	at org.junit.runners.model.FrameworkMethod.invokeExplosively(FrameworkMethod.java:56) ~[junit-4.13.jar:4.13]
	at org.junit.internal.runners.statements.InvokeMethod.evaluate(InvokeMethod.java:17) ~[junit-4.13.jar:4.13]
	at org.junit.internal.runners.statements.RunBefores.evaluate(RunBefores.java:26) ~[junit-4.13.jar:4.13]
	at org.junit.internal.runners.statements.RunAfters.evaluate(RunAfters.java:27) ~[junit-4.13.jar:4.13]
	at org.junit.rules.TestWatcher$1.evaluate(TestWatcher.java:61) [junit-4.13.jar:4.13]
	at org.junit.runners.ParentRunner$3.evaluate(ParentRunner.java:306) [junit-4.13.jar:4.13]
	at org.junit.runners.BlockJUnit4ClassRunner$1.evaluate(BlockJUnit4ClassRunner.java:100) [junit-4.13.jar:4.13]
	at org.junit.runners.ParentRunner.runLeaf(ParentRunner.java:366) [junit-4.13.jar:4.13]
	at org.junit.runners.BlockJUnit4ClassRunner.runChild(BlockJUnit4ClassRunner.java:103) [junit-4.13.jar:4.13]
	at org.junit.runners.BlockJUnit4ClassRunner.runChild(BlockJUnit4ClassRunner.java:63) [junit-4.13.jar:4.13]
	at org.junit.runners.ParentRunner$4.run(ParentRunner.java:331) [junit-4.13.jar:4.13]
	at org.junit.runners.ParentRunner$1.schedule(ParentRunner.java:79) [junit-4.13.jar:4.13]
	at org.junit.runners.ParentRunner.runChildren(ParentRunner.java:329) [junit-4.13.jar:4.13]
	at org.junit.runners.ParentRunner.access$100(ParentRunner.java:66) [junit-4.13.jar:4.13]
	at org.junit.runners.ParentRunner$2.evaluate(ParentRunner.java:293) [junit-4.13.jar:4.13]
	at org.junit.runners.ParentRunner.run(ParentRunner.java:413) [junit-4.13.jar:4.13]
	at org.junit.runners.Suite.runChild(Suite.java:128) [junit-4.13.jar:4.13]
	at org.junit.runners.Suite.runChild(Suite.java:27) [junit-4.13.jar:4.13]
	at org.junit.runners.ParentRunner$4.run(ParentRunner.java:331) [junit-4.13.jar:4.13]
	at org.junit.runners.ParentRunner$1.schedule(ParentRunner.java:79) [junit-4.13.jar:4.13]
	at org.junit.runners.ParentRunner.runChildren(ParentRunner.java:329) [junit-4.13.jar:4.13]
	at org.junit.runners.ParentRunner.access$100(ParentRunner.java:66) [junit-4.13.jar:4.13]
	at org.junit.runners.ParentRunner$2.evaluate(ParentRunner.java:293) [junit-4.13.jar:4.13]
	at org.junit.runners.ParentRunner$3.evaluate(ParentRunner.java:306) [junit-4.13.jar:4.13]
	at org.junit.runners.ParentRunner.run(ParentRunner.java:413) [junit-4.13.jar:4.13]
	at org.eclipse.jdt.internal.junit4.runner.JUnit4TestReference.run(JUnit4TestReference.java:93) [.cp/:?]
	at org.eclipse.jdt.internal.junit.runner.TestExecution.run(TestExecution.java:40) [.cp/:?]
	at org.eclipse.jdt.internal.junit.runner.RemoteTestRunner.runTests(RemoteTestRunner.java:530) [.cp/:?]
	at org.eclipse.jdt.internal.junit.runner.RemoteTestRunner.runTests(RemoteTestRunner.java:758) [.cp/:?]
	at org.eclipse.jdt.internal.junit.runner.RemoteTestRunner.run(RemoteTestRunner.java:453) [.cp/:?]
	at org.eclipse.jdt.internal.junit.runner.RemoteTestRunner.main(RemoteTestRunner.java:211) [.cp/:?]
2025-12-30 04:29:37 INFO  === END   tests.productCardsTests.RatingMatchesReviewsTests.reviewsShouldMatchRating[Exp#1 [f1=1, f2=1, f3=1, f4=1, f5=1, f6=1, f7=1, f8=1]] ===
2025-12-30 04:29:37 INFO  === START tests.productCardsTests.RatingMatchesReviewsTests.numberOfReviewsShouldMatch[Exp#1 [f1=1, f2=1, f3=1, f4=1, f5=1, f6=1, f7=1, f8=1]] ===
2025-12-30 04:29:38 INFO  STEP: ♻️ Using existing results for same input.
2025-12-30 04:29:38 ERROR === FAIL  tests.productCardsTests.RatingMatchesReviewsTests.numberOfReviewsShouldMatch[Exp#1 [f1=1, f2=1, f3=1, f4=1, f5=1, f6=1, f7=1, f8=1]] ===
org.openqa.selenium.NoSuchSessionException: Session ID is null. Using WebDriver after calling quit()?
Build info: version: '4.39.0', revision: '126f156aee'
System info: os.name: 'Windows 11', os.arch: 'amd64', os.version: '10.0', java.version: '23.0.1'
Driver info: org.openqa.selenium.chrome.ChromeDriver
Command: [null, findElement {using=css selector, value=[data-testid='product-grid']}]
Capabilities {acceptInsecureCerts: false, browserName: chrome, browserVersion: 143.0.7499.170, chrome: {chromedriverVersion: 143.0.7499.169 (164b20aab62..., userDataDir: C:\Users\igor1\AppData\Loca...}, fedcm:accounts: true, goog:chromeOptions: {debuggerAddress: localhost:53253}, goog:processID: 13268, networkConnectionEnabled: false, pageLoadStrategy: normal, platformName: windows, proxy: Proxy(), se:cdp: ws://localhost:53253/devtoo..., se:cdpVersion: 143.0.7499.170, setWindowRect: true, strictFileInteractability: false, timeouts: {implicit: 0, pageLoad: 300000, script: 30000}, unhandledPromptBehavior: dismiss and notify, webauthn:extension:credBlob: true, webauthn:extension:largeBlob: true, webauthn:extension:minPinLength: true, webauthn:extension:prf: true, webauthn:virtualAuthenticators: true}
	at org.openqa.selenium.remote.HttpCommandExecutor.execute(HttpCommandExecutor.java:176) ~[selenium-remote-driver-4.39.0.jar:?]
	at org.openqa.selenium.remote.service.DriverCommandExecutor.invokeExecute(DriverCommandExecutor.java:216) ~[selenium-remote-driver-4.39.0.jar:?]
	at org.openqa.selenium.remote.service.DriverCommandExecutor.execute(DriverCommandExecutor.java:174) ~[selenium-remote-driver-4.39.0.jar:?]
	at org.openqa.selenium.remote.RemoteWebDriver.execute(RemoteWebDriver.java:561) ~[selenium-remote-driver-4.39.0.jar:?]
	at org.openqa.selenium.remote.ElementLocation$ElementFinder$2.findElement(ElementLocation.java:166) ~[selenium-remote-driver-4.39.0.jar:?]
	at org.openqa.selenium.remote.ElementLocation.findElement(ElementLocation.java:60) ~[selenium-remote-driver-4.39.0.jar:?]
	at org.openqa.selenium.remote.RemoteWebDriver.findElement(RemoteWebDriver.java:384) ~[selenium-remote-driver-4.39.0.jar:?]
	at org.openqa.selenium.remote.RemoteWebDriver.findElement(RemoteWebDriver.java:378) ~[selenium-remote-driver-4.39.0.jar:?]
	at org.openqa.selenium.support.ui.ExpectedConditions$7.apply(ExpectedConditions.java:198) ~[selenium-support-4.39.0.jar:?]
	at org.openqa.selenium.support.ui.ExpectedConditions$7.apply(ExpectedConditions.java:194) ~[selenium-support-4.39.0.jar:?]
	at org.openqa.selenium.support.ui.FluentWait.until(FluentWait.java:203) ~[selenium-support-4.39.0.jar:?]
	at pages.ResultPage.getProductCards(ResultPage.java:77) ~[test-classes/:?]
	at pages.ResultPage.getCardsCount(ResultPage.java:84) ~[test-classes/:?]
	at tests.productCardsTests.RatingMatchesReviewsTests.numberOfReviewsShouldMatch(RatingMatchesReviewsTests.java:86) ~[test-classes/:?]
	at jdk.internal.reflect.DirectMethodHandleAccessor.invoke(DirectMethodHandleAccessor.java:103) ~[?:?]
	at java.lang.reflect.Method.invoke(Method.java:580) ~[?:?]
	at org.junit.runners.model.FrameworkMethod$1.runReflectiveCall(FrameworkMethod.java:59) ~[junit-4.13.jar:4.13]
	at org.junit.internal.runners.model.ReflectiveCallable.run(ReflectiveCallable.java:12) ~[junit-4.13.jar:4.13]
	at org.junit.runners.model.FrameworkMethod.invokeExplosively(FrameworkMethod.java:56) ~[junit-4.13.jar:4.13]
	at org.junit.internal.runners.statements.InvokeMethod.evaluate(InvokeMethod.java:17) ~[junit-4.13.jar:4.13]
	at org.junit.internal.runners.statements.RunBefores.evaluate(RunBefores.java:26) ~[junit-4.13.jar:4.13]
	at org.junit.internal.runners.statements.RunAfters.evaluate(RunAfters.java:27) ~[junit-4.13.jar:4.13]
	at org.junit.rules.TestWatcher$1.evaluate(TestWatcher.java:61) [junit-4.13.jar:4.13]
	at org.junit.runners.ParentRunner$3.evaluate(ParentRunner.java:306) [junit-4.13.jar:4.13]
	at org.junit.runners.BlockJUnit4ClassRunner$1.evaluate(BlockJUnit4ClassRunner.java:100) [junit-4.13.jar:4.13]
	at org.junit.runners.ParentRunner.runLeaf(ParentRunner.java:366) [junit-4.13.jar:4.13]
	at org.junit.runners.BlockJUnit4ClassRunner.runChild(BlockJUnit4ClassRunner.java:103) [junit-4.13.jar:4.13]
	at org.junit.runners.BlockJUnit4ClassRunner.runChild(BlockJUnit4ClassRunner.java:63) [junit-4.13.jar:4.13]
	at org.junit.runners.ParentRunner$4.run(ParentRunner.java:331) [junit-4.13.jar:4.13]
	at org.junit.runners.ParentRunner$1.schedule(ParentRunner.java:79) [junit-4.13.jar:4.13]
	at org.junit.runners.ParentRunner.runChildren(ParentRunner.java:329) [junit-4.13.jar:4.13]
	at org.junit.runners.ParentRunner.access$100(ParentRunner.java:66) [junit-4.13.jar:4.13]
	at org.junit.runners.ParentRunner$2.evaluate(ParentRunner.java:293) [junit-4.13.jar:4.13]
	at org.junit.runners.ParentRunner.run(ParentRunner.java:413) [junit-4.13.jar:4.13]
	at org.junit.runners.Suite.runChild(Suite.java:128) [junit-4.13.jar:4.13]
	at org.junit.runners.Suite.runChild(Suite.java:27) [junit-4.13.jar:4.13]
	at org.junit.runners.ParentRunner$4.run(ParentRunner.java:331) [junit-4.13.jar:4.13]
	at org.junit.runners.ParentRunner$1.schedule(ParentRunner.java:79) [junit-4.13.jar:4.13]
	at org.junit.runners.ParentRunner.runChildren(ParentRunner.java:329) [junit-4.13.jar:4.13]
	at org.junit.runners.ParentRunner.access$100(ParentRunner.java:66) [junit-4.13.jar:4.13]
	at org.junit.runners.ParentRunner$2.evaluate(ParentRunner.java:293) [junit-4.13.jar:4.13]
	at org.junit.runners.ParentRunner$3.evaluate(ParentRunner.java:306) [junit-4.13.jar:4.13]
	at org.junit.runners.ParentRunner.run(ParentRunner.java:413) [junit-4.13.jar:4.13]
	at org.eclipse.jdt.internal.junit4.runner.JUnit4TestReference.run(JUnit4TestReference.java:93) [.cp/:?]
	at org.eclipse.jdt.internal.junit.runner.TestExecution.run(TestExecution.java:40) [.cp/:?]
	at org.eclipse.jdt.internal.junit.runner.RemoteTestRunner.runTests(RemoteTestRunner.java:530) [.cp/:?]
	at org.eclipse.jdt.internal.junit.runner.RemoteTestRunner.runTests(RemoteTestRunner.java:758) [.cp/:?]
	at org.eclipse.jdt.internal.junit.runner.RemoteTestRunner.run(RemoteTestRunner.java:453) [.cp/:?]
	at org.eclipse.jdt.internal.junit.runner.RemoteTestRunner.main(RemoteTestRunner.java:211) [.cp/:?]
2025-12-30 04:29:38 INFO  === END   tests.productCardsTests.RatingMatchesReviewsTests.numberOfReviewsShouldMatch[Exp#1 [f1=1, f2=1, f3=1, f4=1, f5=1, f6=1, f7=1, f8=1]] ===
2025-12-30 04:29:38 INFO  === START tests.productCardsTests.RatingMatchesReviewsTests.reviewsShouldMatchRating[Exp#2 [f1=1, f2=1, f3=2, f4=2, f5=2, f6=2, f7=2, f8=2]] ===
2025-12-30 04:29:39 INFO  STEP: 📝 New input: Filling form fields.
2025-12-30 04:29:46 INFO  STEP: === CARD 1 ===
2025-12-30 04:29:46 INFO  STEP: Toggle Reviews
2025-12-30 04:29:47 INFO  STEP: Is reviwes window open?: true
2025-12-30 04:29:47 INFO  STEP: Number of reviews: 4
2025-12-30 04:29:47 INFO  STEP: stars:5
2025-12-30 04:29:47 INFO  STEP: stars:3
2025-12-30 04:29:47 INFO  STEP: stars:5
2025-12-30 04:29:47 INFO  STEP: stars:1
2025-12-30 04:29:47 INFO  STEP: sum of stars:14
2025-12-30 04:29:47 INFO  STEP: #1 Product rating: 4.5 ||| Actual rating:3.0
2025-12-30 04:29:47 INFO  STEP: === CARD 2 ===
2025-12-30 04:29:48 INFO  STEP: Toggle Reviews
2025-12-30 04:29:48 INFO  STEP: Is reviwes window open?: true
2025-12-30 04:29:48 INFO  STEP: Number of reviews: 4
2025-12-30 04:29:48 INFO  STEP: stars:5
2025-12-30 04:29:48 INFO  STEP: stars:5
2025-12-30 04:29:48 INFO  STEP: stars:5
2025-12-30 04:29:49 INFO  STEP: stars:4
2025-12-30 04:29:49 INFO  STEP: sum of stars:19
2025-12-30 04:29:49 INFO  STEP: #2 Product rating: 3.3 ||| Actual rating:4.0
2025-12-30 04:29:49 INFO  STEP: === CARD 3 ===
2025-12-30 04:29:49 INFO  STEP: Toggle Reviews
2025-12-30 04:29:49 INFO  STEP: Is reviwes window open?: true
2025-12-30 04:29:49 INFO  STEP: Number of reviews: 4
2025-12-30 04:29:49 INFO  STEP: stars:5
2025-12-30 04:29:49 INFO  STEP: stars:3
2025-12-30 04:29:49 INFO  STEP: stars:1
2025-12-30 04:29:50 INFO  STEP: stars:5
2025-12-30 04:29:50 INFO  STEP: sum of stars:14
2025-12-30 04:29:50 INFO  STEP: #3 Product rating: 3.9 ||| Actual rating:3.0
2025-12-30 04:29:50 INFO  STEP: === CARD 4 ===
2025-12-30 04:29:50 INFO  STEP: Toggle Reviews
2025-12-30 04:29:50 INFO  STEP: Is reviwes window open?: true
2025-12-30 04:29:50 INFO  STEP: Number of reviews: 4
2025-12-30 04:29:50 INFO  STEP: stars:5
2025-12-30 04:29:50 INFO  STEP: stars:4
2025-12-30 04:29:51 INFO  STEP: stars:4
2025-12-30 04:29:51 INFO  STEP: stars:5
2025-12-30 04:29:51 INFO  STEP: sum of stars:18
2025-12-30 04:29:51 INFO  STEP: #4 Product rating: 4.0 ||| Actual rating:4.0
2025-12-30 04:29:51 INFO  STEP: === CARD 5 ===
2025-12-30 04:29:51 INFO  STEP: Toggle Reviews
2025-12-30 04:29:51 INFO  STEP: Is reviwes window open?: true
2025-12-30 04:29:51 INFO  STEP: Number of reviews: 4
2025-12-30 04:29:51 INFO  STEP: stars:5
2025-12-30 04:29:51 INFO  STEP: stars:5
2025-12-30 04:29:52 INFO  STEP: stars:5
2025-12-30 04:29:52 INFO  STEP: stars:5
2025-12-30 04:29:52 INFO  STEP: sum of stars:20
2025-12-30 04:29:52 INFO  STEP: #5 Product rating: 4.6 ||| Actual rating:5.0
2025-12-30 04:29:52 ERROR STEP FAIL: All reviews ratings should match the product rating
2025-12-30 04:29:52 ERROR === FAIL  tests.productCardsTests.RatingMatchesReviewsTests.reviewsShouldMatchRating[Exp#2 [f1=1, f2=1, f3=2, f4=2, f5=2, f6=2, f7=2, f8=2]] ===
java.lang.AssertionError: All reviews ratings should match the product rating
	at org.junit.Assert.fail(Assert.java:89) ~[junit-4.13.jar:4.13]
	at org.junit.Assert.assertTrue(Assert.java:42) ~[junit-4.13.jar:4.13]
	at tests.BaseTest.checkTrue(BaseTest.java:90) ~[test-classes/:?]
	at tests.productCardsTests.RatingMatchesReviewsTests.reviewsShouldMatchRating(RatingMatchesReviewsTests.java:80) ~[test-classes/:?]
	at jdk.internal.reflect.DirectMethodHandleAccessor.invoke(DirectMethodHandleAccessor.java:103) ~[?:?]
	at java.lang.reflect.Method.invoke(Method.java:580) ~[?:?]
	at org.junit.runners.model.FrameworkMethod$1.runReflectiveCall(FrameworkMethod.java:59) ~[junit-4.13.jar:4.13]
	at org.junit.internal.runners.model.ReflectiveCallable.run(ReflectiveCallable.java:12) ~[junit-4.13.jar:4.13]
	at org.junit.runners.model.FrameworkMethod.invokeExplosively(FrameworkMethod.java:56) ~[junit-4.13.jar:4.13]
	at org.junit.internal.runners.statements.InvokeMethod.evaluate(InvokeMethod.java:17) ~[junit-4.13.jar:4.13]
	at org.junit.internal.runners.statements.RunBefores.evaluate(RunBefores.java:26) ~[junit-4.13.jar:4.13]
	at org.junit.internal.runners.statements.RunAfters.evaluate(RunAfters.java:27) ~[junit-4.13.jar:4.13]
	at org.junit.rules.TestWatcher$1.evaluate(TestWatcher.java:61) [junit-4.13.jar:4.13]
	at org.junit.runners.ParentRunner$3.evaluate(ParentRunner.java:306) [junit-4.13.jar:4.13]
	at org.junit.runners.BlockJUnit4ClassRunner$1.evaluate(BlockJUnit4ClassRunner.java:100) [junit-4.13.jar:4.13]
	at org.junit.runners.ParentRunner.runLeaf(ParentRunner.java:366) [junit-4.13.jar:4.13]
	at org.junit.runners.BlockJUnit4ClassRunner.runChild(BlockJUnit4ClassRunner.java:103) [junit-4.13.jar:4.13]
	at org.junit.runners.BlockJUnit4ClassRunner.runChild(BlockJUnit4ClassRunner.java:63) [junit-4.13.jar:4.13]
	at org.junit.runners.ParentRunner$4.run(ParentRunner.java:331) [junit-4.13.jar:4.13]
	at org.junit.runners.ParentRunner$1.schedule(ParentRunner.java:79) [junit-4.13.jar:4.13]
	at org.junit.runners.ParentRunner.runChildren(ParentRunner.java:329) [junit-4.13.jar:4.13]
	at org.junit.runners.ParentRunner.access$100(ParentRunner.java:66) [junit-4.13.jar:4.13]
	at org.junit.runners.ParentRunner$2.evaluate(ParentRunner.java:293) [junit-4.13.jar:4.13]
	at org.junit.runners.ParentRunner.run(ParentRunner.java:413) [junit-4.13.jar:4.13]
	at org.junit.runners.Suite.runChild(Suite.java:128) [junit-4.13.jar:4.13]
	at org.junit.runners.Suite.runChild(Suite.java:27) [junit-4.13.jar:4.13]
	at org.junit.runners.ParentRunner$4.run(ParentRunner.java:331) [junit-4.13.jar:4.13]
	at org.junit.runners.ParentRunner$1.schedule(ParentRunner.java:79) [junit-4.13.jar:4.13]
	at org.junit.runners.ParentRunner.runChildren(ParentRunner.java:329) [junit-4.13.jar:4.13]
	at org.junit.runners.ParentRunner.access$100(ParentRunner.java:66) [junit-4.13.jar:4.13]
	at org.junit.runners.ParentRunner$2.evaluate(ParentRunner.java:293) [junit-4.13.jar:4.13]
	at org.junit.runners.ParentRunner$3.evaluate(ParentRunner.java:306) [junit-4.13.jar:4.13]
	at org.junit.runners.ParentRunner.run(ParentRunner.java:413) [junit-4.13.jar:4.13]
	at org.eclipse.jdt.internal.junit4.runner.JUnit4TestReference.run(JUnit4TestReference.java:93) [.cp/:?]
	at org.eclipse.jdt.internal.junit.runner.TestExecution.run(TestExecution.java:40) [.cp/:?]
	at org.eclipse.jdt.internal.junit.runner.RemoteTestRunner.runTests(RemoteTestRunner.java:530) [.cp/:?]
	at org.eclipse.jdt.internal.junit.runner.RemoteTestRunner.runTests(RemoteTestRunner.java:758) [.cp/:?]
	at org.eclipse.jdt.internal.junit.runner.RemoteTestRunner.run(RemoteTestRunner.java:453) [.cp/:?]
	at org.eclipse.jdt.internal.junit.runner.RemoteTestRunner.main(RemoteTestRunner.java:211) [.cp/:?]
2025-12-30 04:29:52 INFO  === END   tests.productCardsTests.RatingMatchesReviewsTests.reviewsShouldMatchRating[Exp#2 [f1=1, f2=1, f3=2, f4=2, f5=2, f6=2, f7=2, f8=2]] ===
2025-12-30 04:29:52 INFO  === START tests.productCardsTests.RatingMatchesReviewsTests.numberOfReviewsShouldMatch[Exp#2 [f1=1, f2=1, f3=2, f4=2, f5=2, f6=2, f7=2, f8=2]] ===
2025-12-30 04:29:53 INFO  STEP: ♻️ Using existing results for same input.
2025-12-30 04:29:53 ERROR === FAIL  tests.productCardsTests.RatingMatchesReviewsTests.numberOfReviewsShouldMatch[Exp#2 [f1=1, f2=1, f3=2, f4=2, f5=2, f6=2, f7=2, f8=2]] ===
org.openqa.selenium.NoSuchSessionException: Session ID is null. Using WebDriver after calling quit()?
Build info: version: '4.39.0', revision: '126f156aee'
System info: os.name: 'Windows 11', os.arch: 'amd64', os.version: '10.0', java.version: '23.0.1'
Driver info: org.openqa.selenium.chrome.ChromeDriver
Command: [null, findElement {using=css selector, value=[data-testid='product-grid']}]
Capabilities {acceptInsecureCerts: false, browserName: chrome, browserVersion: 143.0.7499.170, chrome: {chromedriverVersion: 143.0.7499.169 (164b20aab62..., userDataDir: C:\Users\igor1\AppData\Loca...}, fedcm:accounts: true, goog:chromeOptions: {debuggerAddress: localhost:64980}, goog:processID: 10492, networkConnectionEnabled: false, pageLoadStrategy: normal, platformName: windows, proxy: Proxy(), se:cdp: ws://localhost:64980/devtoo..., se:cdpVersion: 143.0.7499.170, setWindowRect: true, strictFileInteractability: false, timeouts: {implicit: 0, pageLoad: 300000, script: 30000}, unhandledPromptBehavior: dismiss and notify, webauthn:extension:credBlob: true, webauthn:extension:largeBlob: true, webauthn:extension:minPinLength: true, webauthn:extension:prf: true, webauthn:virtualAuthenticators: true}
	at org.openqa.selenium.remote.HttpCommandExecutor.execute(HttpCommandExecutor.java:176) ~[selenium-remote-driver-4.39.0.jar:?]
	at org.openqa.selenium.remote.service.DriverCommandExecutor.invokeExecute(DriverCommandExecutor.java:216) ~[selenium-remote-driver-4.39.0.jar:?]
	at org.openqa.selenium.remote.service.DriverCommandExecutor.execute(DriverCommandExecutor.java:174) ~[selenium-remote-driver-4.39.0.jar:?]
	at org.openqa.selenium.remote.RemoteWebDriver.execute(RemoteWebDriver.java:561) ~[selenium-remote-driver-4.39.0.jar:?]
	at org.openqa.selenium.remote.ElementLocation$ElementFinder$2.findElement(ElementLocation.java:166) ~[selenium-remote-driver-4.39.0.jar:?]
	at org.openqa.selenium.remote.ElementLocation.findElement(ElementLocation.java:60) ~[selenium-remote-driver-4.39.0.jar:?]
	at org.openqa.selenium.remote.RemoteWebDriver.findElement(RemoteWebDriver.java:384) ~[selenium-remote-driver-4.39.0.jar:?]
	at org.openqa.selenium.remote.RemoteWebDriver.findElement(RemoteWebDriver.java:378) ~[selenium-remote-driver-4.39.0.jar:?]
	at org.openqa.selenium.support.ui.ExpectedConditions$7.apply(ExpectedConditions.java:198) ~[selenium-support-4.39.0.jar:?]
	at org.openqa.selenium.support.ui.ExpectedConditions$7.apply(ExpectedConditions.java:194) ~[selenium-support-4.39.0.jar:?]
	at org.openqa.selenium.support.ui.FluentWait.until(FluentWait.java:203) ~[selenium-support-4.39.0.jar:?]
	at pages.ResultPage.getProductCards(ResultPage.java:77) ~[test-classes/:?]
	at pages.ResultPage.getCardsCount(ResultPage.java:84) ~[test-classes/:?]
	at tests.productCardsTests.RatingMatchesReviewsTests.numberOfReviewsShouldMatch(RatingMatchesReviewsTests.java:86) ~[test-classes/:?]
	at jdk.internal.reflect.DirectMethodHandleAccessor.invoke(DirectMethodHandleAccessor.java:103) ~[?:?]
	at java.lang.reflect.Method.invoke(Method.java:580) ~[?:?]
	at org.junit.runners.model.FrameworkMethod$1.runReflectiveCall(FrameworkMethod.java:59) ~[junit-4.13.jar:4.13]
	at org.junit.internal.runners.model.ReflectiveCallable.run(ReflectiveCallable.java:12) ~[junit-4.13.jar:4.13]
	at org.junit.runners.model.FrameworkMethod.invokeExplosively(FrameworkMethod.java:56) ~[junit-4.13.jar:4.13]
	at org.junit.internal.runners.statements.InvokeMethod.evaluate(InvokeMethod.java:17) ~[junit-4.13.jar:4.13]
	at org.junit.internal.runners.statements.RunBefores.evaluate(RunBefores.java:26) ~[junit-4.13.jar:4.13]
	at org.junit.internal.runners.statements.RunAfters.evaluate(RunAfters.java:27) ~[junit-4.13.jar:4.13]
	at org.junit.rules.TestWatcher$1.evaluate(TestWatcher.java:61) [junit-4.13.jar:4.13]
	at org.junit.runners.ParentRunner$3.evaluate(ParentRunner.java:306) [junit-4.13.jar:4.13]
	at org.junit.runners.BlockJUnit4ClassRunner$1.evaluate(BlockJUnit4ClassRunner.java:100) [junit-4.13.jar:4.13]
	at org.junit.runners.ParentRunner.runLeaf(ParentRunner.java:366) [junit-4.13.jar:4.13]
	at org.junit.runners.BlockJUnit4ClassRunner.runChild(BlockJUnit4ClassRunner.java:103) [junit-4.13.jar:4.13]
	at org.junit.runners.BlockJUnit4ClassRunner.runChild(BlockJUnit4ClassRunner.java:63) [junit-4.13.jar:4.13]
	at org.junit.runners.ParentRunner$4.run(ParentRunner.java:331) [junit-4.13.jar:4.13]
	at org.junit.runners.ParentRunner$1.schedule(ParentRunner.java:79) [junit-4.13.jar:4.13]
	at org.junit.runners.ParentRunner.runChildren(ParentRunner.java:329) [junit-4.13.jar:4.13]
	at org.junit.runners.ParentRunner.access$100(ParentRunner.java:66) [junit-4.13.jar:4.13]
	at org.junit.runners.ParentRunner$2.evaluate(ParentRunner.java:293) [junit-4.13.jar:4.13]
	at org.junit.runners.ParentRunner.run(ParentRunner.java:413) [junit-4.13.jar:4.13]
	at org.junit.runners.Suite.runChild(Suite.java:128) [junit-4.13.jar:4.13]
	at org.junit.runners.Suite.runChild(Suite.java:27) [junit-4.13.jar:4.13]
	at org.junit.runners.ParentRunner$4.run(ParentRunner.java:331) [junit-4.13.jar:4.13]
	at org.junit.runners.ParentRunner$1.schedule(ParentRunner.java:79) [junit-4.13.jar:4.13]
	at org.junit.runners.ParentRunner.runChildren(ParentRunner.java:329) [junit-4.13.jar:4.13]
	at org.junit.runners.ParentRunner.access$100(ParentRunner.java:66) [junit-4.13.jar:4.13]
	at org.junit.runners.ParentRunner$2.evaluate(ParentRunner.java:293) [junit-4.13.jar:4.13]
	at org.junit.runners.ParentRunner$3.evaluate(ParentRunner.java:306) [junit-4.13.jar:4.13]
	at org.junit.runners.ParentRunner.run(ParentRunner.java:413) [junit-4.13.jar:4.13]
	at org.eclipse.jdt.internal.junit4.runner.JUnit4TestReference.run(JUnit4TestReference.java:93) [.cp/:?]
	at org.eclipse.jdt.internal.junit.runner.TestExecution.run(TestExecution.java:40) [.cp/:?]
	at org.eclipse.jdt.internal.junit.runner.RemoteTestRunner.runTests(RemoteTestRunner.java:530) [.cp/:?]
	at org.eclipse.jdt.internal.junit.runner.RemoteTestRunner.runTests(RemoteTestRunner.java:758) [.cp/:?]
	at org.eclipse.jdt.internal.junit.runner.RemoteTestRunner.run(RemoteTestRunner.java:453) [.cp/:?]
	at org.eclipse.jdt.internal.junit.runner.RemoteTestRunner.main(RemoteTestRunner.java:211) [.cp/:?]
2025-12-30 04:29:53 INFO  === END   tests.productCardsTests.RatingMatchesReviewsTests.numberOfReviewsShouldMatch[Exp#2 [f1=1, f2=1, f3=2, f4=2, f5=2, f6=2, f7=2, f8=2]] ===
2025-12-30 04:29:53 INFO  === START tests.productCardsTests.RatingMatchesReviewsTests.reviewsShouldMatchRating[Exp#3 [f1=1, f2=1, f3=3, f4=3, f5=3, f6=3, f7=3, f8=3]] ===
2025-12-30 04:29:54 INFO  STEP: 📝 New input: Filling form fields.
2025-12-30 06:54:26 INFO  === START tests.inputPageTests.DropdownFieldsTests.testDropdownOptionsAreTextual ===
2025-12-30 06:54:43 INFO  STEP PASS: Dropdown dropdown-f1 option should be textual. Actual='Under 30'
2025-12-30 06:54:43 INFO  STEP PASS: Dropdown dropdown-f1 option should be textual. Actual='30 and older'
2025-12-30 06:54:44 INFO  STEP PASS: Dropdown dropdown-f2 option should be textual. Actual='Workday'
2025-12-30 06:54:44 INFO  STEP PASS: Dropdown dropdown-f2 option should be textual. Actual='Weekend'
2025-12-30 06:54:44 INFO  STEP PASS: Dropdown dropdown-f2 option should be textual. Actual='Holiday'
2025-12-30 06:54:44 INFO  STEP PASS: Dropdown dropdown-f3 option should be textual. Actual='Up to 10'
2025-12-30 06:54:44 INFO  STEP PASS: Dropdown dropdown-f3 option should be textual. Actual='Up to 50'
2025-12-30 06:54:44 INFO  STEP PASS: Dropdown dropdown-f3 option should be textual. Actual='Over 100'
2025-12-30 06:54:44 INFO  STEP PASS: Dropdown dropdown-f4 option should be textual. Actual='Private home'
2025-12-30 06:54:44 INFO  STEP PASS: Dropdown dropdown-f4 option should be textual. Actual='Business site'
2025-12-30 06:54:44 INFO  STEP PASS: Dropdown dropdown-f4 option should be textual. Actual='Event venue'
2025-12-30 06:54:44 INFO  STEP PASS: Dropdown dropdown-f5 option should be textual. Actual='Morning'
2025-12-30 06:54:44 INFO  STEP PASS: Dropdown dropdown-f5 option should be textual. Actual='Afternoon'
2025-12-30 06:54:44 INFO  STEP PASS: Dropdown dropdown-f5 option should be textual. Actual='Evening'
2025-12-30 06:54:45 INFO  STEP PASS: Dropdown dropdown-f6 option should be textual. Actual='Party'
2025-12-30 06:54:45 INFO  STEP PASS: Dropdown dropdown-f6 option should be textual. Actual='Conference'
2025-12-30 06:54:45 INFO  STEP PASS: Dropdown dropdown-f6 option should be textual. Actual='Convention'
2025-12-30 06:54:45 INFO  STEP PASS: Dropdown dropdown-f7 option should be textual. Actual='Casual'
2025-12-30 06:54:45 INFO  STEP PASS: Dropdown dropdown-f7 option should be textual. Actual='Business'
2025-12-30 06:54:45 INFO  STEP PASS: Dropdown dropdown-f7 option should be textual. Actual='Formal'
2025-12-30 06:54:45 INFO  STEP PASS: Dropdown dropdown-f8 option should be textual. Actual='Private'
2025-12-30 06:54:45 INFO  STEP PASS: Dropdown dropdown-f8 option should be textual. Actual='Business'
2025-12-30 06:54:45 INFO  STEP PASS: Dropdown dropdown-f8 option should be textual. Actual='International'
2025-12-30 06:54:45 INFO  === PASS  tests.inputPageTests.DropdownFieldsTests.testDropdownOptionsAreTextual ===
2025-12-30 06:54:45 INFO  === END   tests.inputPageTests.DropdownFieldsTests.testDropdownOptionsAreTextual ===
2025-12-30 06:54:45 INFO  === START tests.inputPageTests.DropdownFieldsTests.fields_shouldBeSelectDropdowns ===
2025-12-30 06:54:52 INFO  STEP PASS: Field dropdown-f1 should be a SELECT dropdown
2025-12-30 06:54:52 INFO  STEP PASS: Field dropdown-f2 should be a SELECT dropdown
2025-12-30 06:54:52 INFO  STEP PASS: Field dropdown-f3 should be a SELECT dropdown
2025-12-30 06:54:52 INFO  STEP PASS: Field dropdown-f4 should be a SELECT dropdown
2025-12-30 06:54:52 INFO  STEP PASS: Field dropdown-f5 should be a SELECT dropdown
2025-12-30 06:54:52 INFO  STEP PASS: Field dropdown-f6 should be a SELECT dropdown
2025-12-30 06:54:52 INFO  STEP PASS: Field dropdown-f7 should be a SELECT dropdown
2025-12-30 06:54:52 INFO  STEP PASS: Field dropdown-f8 should be a SELECT dropdown
2025-12-30 06:54:52 INFO  === PASS  tests.inputPageTests.DropdownFieldsTests.fields_shouldBeSelectDropdowns ===
2025-12-30 06:54:52 INFO  === END   tests.inputPageTests.DropdownFieldsTests.fields_shouldBeSelectDropdowns ===
2025-12-30 07:17:53 INFO  === START tests.inputPageTests.Input_fields_are_select_dropdowns.fields_shouldBeSelectDropdowns ===
2025-12-30 07:18:02 INFO  STEP PASS: Field dropdown-f1 should be a SELECT dropdown
2025-12-30 07:18:02 INFO  STEP PASS: Field dropdown-f2 should be a SELECT dropdown
2025-12-30 07:18:02 INFO  STEP PASS: Field dropdown-f3 should be a SELECT dropdown
2025-12-30 07:18:02 INFO  STEP PASS: Field dropdown-f4 should be a SELECT dropdown
2025-12-30 07:18:02 INFO  STEP PASS: Field dropdown-f5 should be a SELECT dropdown
2025-12-30 07:18:02 INFO  STEP PASS: Field dropdown-f6 should be a SELECT dropdown
2025-12-30 07:18:02 INFO  STEP PASS: Field dropdown-f7 should be a SELECT dropdown
2025-12-30 07:18:02 INFO  STEP PASS: Field dropdown-f8 should be a SELECT dropdown
2025-12-30 07:18:02 INFO  === PASS  tests.inputPageTests.Input_fields_are_select_dropdowns.fields_shouldBeSelectDropdowns ===
2025-12-30 07:18:02 INFO  === END   tests.inputPageTests.Input_fields_are_select_dropdowns.fields_shouldBeSelectDropdowns ===
